2026-05-22 12:40:23.157957: I tensorflow/core/util/port.cc:113] oneDNN custom operations are on. You may see slightly different numerical results due to floating-point round-off errors from different computation orders. To turn them off, set the environment variable `TF_ENABLE_ONEDNN_OPTS=0`.
2026-05-22 12:40:23.196462: E external/local_xla/xla/stream_executor/cuda/cuda_dnn.cc:9261] Unable to register cuDNN factory: Attempting to register factory for plugin cuDNN when one has already been registered
2026-05-22 12:40:23.196505: E external/local_xla/xla/stream_executor/cuda/cuda_fft.cc:607] Unable to register cuFFT factory: Attempting to register factory for plugin cuFFT when one has already been registered
2026-05-22 12:40:23.197260: E external/local_xla/xla/stream_executor/cuda/cuda_blas.cc:1515] Unable to register cuBLAS factory: Attempting to register factory for plugin cuBLAS when one has already been registered
AttributeError: 'MessageFactory' object has no attribute 'GetPrototype'
AttributeError: 'MessageFactory' object has no attribute 'GetPrototype'
AttributeError: 'MessageFactory' object has no attribute 'GetPrototype'
AttributeError: 'MessageFactory' object has no attribute 'GetPrototype'
AttributeError: 'MessageFactory' object has no attribute 'GetPrototype'
2026-05-22 12:40:34.770707: I tensorflow/core/util/port.cc:113] oneDNN custom operations are on. You may see slightly different numerical results due to floating-point round-off errors from different computation orders. To turn them off, set the environment variable `TF_ENABLE_ONEDNN_OPTS=0`.
2026-05-22 12:40:34.809757: E external/local_xla/xla/stream_executor/cuda/cuda_dnn.cc:9261] Unable to register cuDNN factory: Attempting to register factory for plugin cuDNN when one has already been registered
2026-05-22 12:40:34.809812: E external/local_xla/xla/stream_executor/cuda/cuda_fft.cc:607] Unable to register cuFFT factory: Attempting to register factory for plugin cuFFT when one has already been registered
2026-05-22 12:40:34.810682: E external/local_xla/xla/stream_executor/cuda/cuda_blas.cc:1515] Unable to register cuBLAS factory: Attempting to register factory for plugin cuBLAS when one has already been registered
AttributeError: 'MessageFactory' object has no attribute 'GetPrototype'
AttributeError: 'MessageFactory' object has no attribute 'GetPrototype'
AttributeError: 'MessageFactory' object has no attribute 'GetPrototype'
AttributeError: 'MessageFactory' object has no attribute 'GetPrototype'
AttributeError: 'MessageFactory' object has no attribute 'GetPrototype'
2026-05-22 12:40:41.041597: I tensorflow/core/util/port.cc:113] oneDNN custom operations are on. You may see slightly different numerical results due to floating-point round-off errors from different computation orders. To turn them off, set the environment variable `TF_ENABLE_ONEDNN_OPTS=0`.
2026-05-22 12:40:41.079493: E external/local_xla/xla/stream_executor/cuda/cuda_dnn.cc:9261] Unable to register cuDNN factory: Attempting to register factory for plugin cuDNN when one has already been registered
2026-05-22 12:40:41.079543: E external/local_xla/xla/stream_executor/cuda/cuda_fft.cc:607] Unable to register cuFFT factory: Attempting to register factory for plugin cuFFT when one has already been registered
2026-05-22 12:40:41.080296: E external/local_xla/xla/stream_executor/cuda/cuda_blas.cc:1515] Unable to register cuBLAS factory: Attempting to register factory for plugin cuBLAS when one has already been registered
AttributeError: 'MessageFactory' object has no attribute 'GetPrototype'
AttributeError: 'MessageFactory' object has no attribute 'GetPrototype'
AttributeError: 'MessageFactory' object has no attribute 'GetPrototype'
AttributeError: 'MessageFactory' object has no attribute 'GetPrototype'
AttributeError: 'MessageFactory' object has no attribute 'GetPrototype'
2026-05-22 12:40:47.263149: I tensorflow/core/util/port.cc:113] oneDNN custom operations are on. You may see slightly different numerical results due to floating-point round-off errors from different computation orders. To turn them off, set the environment variable `TF_ENABLE_ONEDNN_OPTS=0`.
2026-05-22 12:40:47.300834: E external/local_xla/xla/stream_executor/cuda/cuda_dnn.cc:9261] Unable to register cuDNN factory: Attempting to register factory for plugin cuDNN when one has already been registered
2026-05-22 12:40:47.300879: E external/local_xla/xla/stream_executor/cuda/cuda_fft.cc:607] Unable to register cuFFT factory: Attempting to register factory for plugin cuFFT when one has already been registered
2026-05-22 12:40:47.301646: E external/local_xla/xla/stream_executor/cuda/cuda_blas.cc:1515] Unable to register cuBLAS factory: Attempting to register factory for plugin cuBLAS when one has already been registered
AttributeError: 'MessageFactory' object has no attribute 'GetPrototype'
AttributeError: 'MessageFactory' object has no attribute 'GetPrototype'
AttributeError: 'MessageFactory' object has no attribute 'GetPrototype'
AttributeError: 'MessageFactory' object has no attribute 'GetPrototype'
AttributeError: 'MessageFactory' object has no attribute 'GetPrototype'
2026-05-22 12:40:55.660824: I tensorflow/core/common_runtime/gpu/gpu_device.cc:1929] Created device /job:localhost/replica:0/task:0/device:GPU:0 with 13757 MB memory:  -> device: 0, name: Tesla T4, pci bus id: 0000:2f:00.0, compute capability: 7.5
wandb: [wandb.login()] Loaded credentials for https://api.wandb.ai from /cephyr/users/ziangg/Alvis/.netrc.
wandb: Currently logged in as: 3445339138 (3445339138-kth-royal-institute-of-technology) to https://api.wandb.ai. Use `wandb login --relogin` to force relogin
wandb: Tracking run with wandb version 0.26.1
wandb: Run data is saved locally in /cephyr/users/ziangg/Alvis/tf-dpfl/fedavg_v2/fedavg_v2/wandb/run-20260522_124105-ftp1b6zw
wandb: Run `wandb offline` to turn off syncing.
wandb: Syncing run fedavg-pathological-alpha0.3-epoch1-frac0.5
wandb: ⭐️ View project at https://wandb.ai/3445339138-kth-royal-institute-of-technology/fedavg-cifar10
wandb: 🚀 View run at https://wandb.ai/3445339138-kth-royal-institute-of-technology/fedavg-cifar10/runs/ftp1b6zw
2026-05-22 12:41:07.194703: I external/local_xla/xla/stream_executor/cuda/cuda_dnn.cc:454] Loaded cuDNN version 8902
2026-05-22 12:41:07.617138: I external/local_xla/xla/service/service.cc:168] XLA service 0x145ca42ac460 initialized for platform CUDA (this does not guarantee that XLA will be used). Devices:
2026-05-22 12:41:07.617191: I external/local_xla/xla/service/service.cc:176]   StreamExecutor device (0): Tesla T4, Compute Capability 7.5
WARNING: All log messages before absl::InitializeLog() is called are written to STDERR
I0000 00:00:1779446467.707235 3437861 device_compiler.h:186] Compiled cluster using XLA!  This line is logged at most once for the lifetime of the process.
wandb: updating run metadata
wandb: uploading output.log; uploading wandb-summary.json
wandb: uploading output.log
wandb: 
wandb: Run history:
wandb:    comm/cumulative_mb ▁▁▁▁▂▂▂▂▂▂▃▃▃▃▃▄▄▄▄▄▅▅▅▅▅▆▆▆▆▆▆▇▇▇▇▇▇███
wandb:    comm/this_round_mb ▁▁▁▁▁▁▁▁▁▁▁▁▁▁▁▁▁▁▁▁▁▁▁▁▁▁▁▁▁▁▁▁▁▁▁▁▁▁▁▁
wandb: federation/n_selected ▁▁▁▁▁▁▁▁▁▁▁▁▁▁▁▁▁▁▁▁▁▁▁▁▁▁▁▁▁▁▁▁▁▁▁▁▁▁▁▁
wandb:  perf/avg_client_loss █▆▆▆▇▆▅▄▄▄▄▅▃▅▆▃▅▃▄▂▃▂▃▃▄▃▂▄▂▃▃▂▂▂▁▄▃▂▂▂
wandb:       perf/global_acc ▁▂▁▂▃▂▄▅▄▄▄▄▄▄▄▅▅▅▅▆▅▆▇▆▆▄▇▆▇▆▇▆▇▇█▇▇▇▇▇
wandb:      perf/global_loss ▇▇▇█▆▆▅▅▅▄▅▄▄▆▅▃▄▄▆▂▄▃▂▂▄▂▄▂▃▁▂▂▂▁▁▂▃▂▂▂
wandb:           perf/pm_acc ▁▃▅▆▆▇▇▇▇▇▇▇▇▇▇▇▇▇▇▇████████████████████
wandb:          perf/pm_loss █▅▃▂▂▂▂▂▂▂▂▂▁▁▂▂▁▁▁▁▁▁▁▁▁▁▁▁▁▁▁▁▁▁▁▁▁▁▁▁
wandb:                 round ▁▁▁▁▂▂▂▂▂▂▃▃▃▃▃▄▄▄▄▄▅▅▅▅▅▆▆▆▆▆▆▇▇▇▇▇▇███
wandb:     time/client_avg_s █▃▃▂▁▁▁▁▁▁▁▁▁▁▁▁▁▁▁▁▂▁▁▁▁▁▂▁▁▁▂▂▁▁▁▁▁▁▂▁
wandb:                    +1 ...
wandb: 
wandb: Run summary:
wandb:    comm/cumulative_mb 3351.35651
wandb:    comm/this_round_mb 67.02713
wandb: federation/n_selected 10
wandb:  perf/avg_client_loss 0.3014
wandb:       perf/global_acc 0.3856
wandb:      perf/global_loss 1.78732
wandb:           perf/pm_acc 0.86428
wandb:          perf/pm_loss 0.29824
wandb:                 round 50
wandb:     time/client_avg_s 0.76651
wandb:                    +1 ...
wandb: 
wandb: 🚀 View run fedavg-pathological-alpha0.3-epoch1-frac0.5 at: https://wandb.ai/3445339138-kth-royal-institute-of-technology/fedavg-cifar10/runs/ftp1b6zw
wandb: ⭐️ View project at: https://wandb.ai/3445339138-kth-royal-institute-of-technology/fedavg-cifar10
wandb: Synced 5 W&B file(s), 0 media file(s), 0 artifact file(s) and 0 other file(s)
wandb: Find logs at: ./wandb/run-20260522_124105-ftp1b6zw/logs
