This job can be monitored from: https://job.c3se.chalmers.se/alvis/6668394
========================================
Job ID      : 6668394
Job Name    : fedavg_gtsrb
Node        : alvis2-10
Start Time  : Fri May 22 12:15:46 CEST 2026
Working Dir : /cephyr/users/ziangg/Alvis/tf-dpfl
========================================
[Setup] Python: /cephyr/users/ziangg/Alvis/tf-dpfl/bin/python
[Setup] TF version: 2.15.1
[Setup] GPU available: [PhysicalDevice(name='/physical_device:GPU:0', device_type='GPU')]
GPUs: [PhysicalDevice(name='/physical_device:GPU:0', device_type='GPU')]
[Config] Override: wandb.enabled = True
[Setup] Random seed: 42
[Setup] Loading CIFAR-10...
[Dataset] CIFAR-10 loaded | train=50000 | test=10000
[Setup] Building global model...
Model: "fedavg_cnn"
_________________________________________________________________
 Layer (type)                Output Shape              Param #   
=================================================================
 input_1 (InputLayer)        [(None, 32, 32, 3)]       0         
                                                                 
 conv2d (Conv2D)             (None, 28, 28, 32)        2432      
                                                                 
 max_pooling2d (MaxPooling2  (None, 14, 14, 32)        0         
 D)                                                              
                                                                 
 conv2d_1 (Conv2D)           (None, 10, 10, 64)        51264     
                                                                 
 max_pooling2d_1 (MaxPoolin  (None, 5, 5, 64)          0         
 g2D)                                                            
                                                                 
 flatten (Flatten)           (None, 1600)              0         
                                                                 
 dense (Dense)               (None, 512)               819712    
                                                                 
 dense_1 (Dense)             (None, 10)                5130      
                                                                 
=================================================================
Total params: 878538 (3.35 MB)
Trainable params: 878538 (3.35 MB)
Non-trainable params: 0 (0.00 Byte)
_________________________________________________________________
[Setup] Building clients...

[Pathological non-IID] 20 clients, 2 classes/client, 10 total classes
Client       Samples    Classes held (cls:count)
------------------------------------------------------------------------
client_0     2500       [cls3:1250, cls9:1250]
client_1     2500       [cls0:2500]
client_2     2500       [cls6:1250, cls8:1250]
client_3     2500       [cls7:2500]
client_4     2500       [cls2:1250, cls5:1250]
client_5     2500       [cls1:1250, cls9:1250]
client_6     2500       [cls5:1250, cls9:1250]
client_7     2500       [cls1:1250, cls8:1250]
client_8     2500       [cls3:1250, cls6:1250]
client_9     2500       [cls2:1250, cls5:1250]
client_10    2500       [cls0:1250, cls4:1250]
client_11    2500       [cls2:1250, cls6:1250]
client_12    2500       [cls0:1250, cls6:1250]
client_13    2500       [cls7:1250, cls9:1250]
client_14    2500       [cls2:1250, cls3:1250]
client_15    2500       [cls4:2500]
client_16    2500       [cls1:1250, cls4:1250]
client_17    2500       [cls1:1250, cls3:1250]
client_18    2500       [cls5:1250, cls7:1250]
client_19    2500       [cls8:2500]

[Setup] 20 clients built (pathological)
[Setup] Model size: 3.35 MB per transmission
[Setup] wandb enabled

====================================================
 Federated Training Start
====================================================

[Round   1] Selected 10/20 clients
  [Client  1] Received global weights.
  [Client  0] Received global weights.
  [Client 10] Received global weights.
  [Client 13] Received global weights.
  [Client 17] Received global weights.
  [Client  8] Received global weights.
  [Client  9] Received global weights.
  [Client 14] Received global weights.
  [Client  2] Received global weights.
  [Client 16] Received global weights.
  [Client  1] Starting Hier-pFedMe | λ2=35.0, η2=0.02, inner_steps=1, epochs=1, batches/epoch=157
  [Client  1] Round 1 | Hier-pFedMe(λ2=35.0, K=1) | loss=0.0368
  [Client  0] Starting Hier-pFedMe | λ2=35.0, η2=0.02, inner_steps=1, epochs=1, batches/epoch=157
  [Client  0] Round 1 | Hier-pFedMe(λ2=35.0, K=1) | loss=0.7454
  [Client 10] Starting Hier-pFedMe | λ2=35.0, η2=0.02, inner_steps=1, epochs=1, batches/epoch=157
  [Client 10] Round 1 | Hier-pFedMe(λ2=35.0, K=1) | loss=0.7684
  [Client 13] Starting Hier-pFedMe | λ2=35.0, η2=0.02, inner_steps=1, epochs=1, batches/epoch=157
  [Client 13] Round 1 | Hier-pFedMe(λ2=35.0, K=1) | loss=0.7286
  [Client 17] Starting Hier-pFedMe | λ2=35.0, η2=0.02, inner_steps=1, epochs=1, batches/epoch=157
  [Client 17] Round 1 | Hier-pFedMe(λ2=35.0, K=1) | loss=0.7362
  [Client  8] Starting Hier-pFedMe | λ2=35.0, η2=0.02, inner_steps=1, epochs=1, batches/epoch=157
  [Client  8] Round 1 | Hier-pFedMe(λ2=35.0, K=1) | loss=0.8342
  [Client  9] Starting Hier-pFedMe | λ2=35.0, η2=0.02, inner_steps=1, epochs=1, batches/epoch=157
  [Client  9] Round 1 | Hier-pFedMe(λ2=35.0, K=1) | loss=0.7976
  [Client 14] Starting Hier-pFedMe | λ2=35.0, η2=0.02, inner_steps=1, epochs=1, batches/epoch=157
  [Client 14] Round 1 | Hier-pFedMe(λ2=35.0, K=1) | loss=0.8078
  [Client  2] Starting Hier-pFedMe | λ2=35.0, η2=0.02, inner_steps=1, epochs=1, batches/epoch=157
  [Client  2] Round 1 | Hier-pFedMe(λ2=35.0, K=1) | loss=0.7228
  [Client 16] Starting Hier-pFedMe | λ2=35.0, η2=0.02, inner_steps=1, epochs=1, batches/epoch=157
  [Client 16] Round 1 | Hier-pFedMe(λ2=35.0, K=1) | loss=0.7382
[1;34mwandb[0m: 
[1;34mwandb[0m: 🚀 View run [33mfedavg-pathological-alpha0.3-epoch1-frac0.5[0m at: [34mhttps://wandb.ai/3445339138-kth-royal-institute-of-technology/fedavg-cifar10/runs/j7cd67kn[0m
[1;34mwandb[0m: Find logs at: [1;35mwandb/run-20260522_121635-j7cd67kn/logs[0m
