This job can be monitored from: https://job.c3se.chalmers.se/alvis/6668240
========================================
Job ID      : 6668240
Job Name    : fedavg_gtsrb
Node        : alvis2-11
Start Time  : Fri May 22 12:01:45 CEST 2026
Working Dir : /cephyr/users/ziangg/Alvis/tf-dpfl
========================================
[Setup] Python: /cephyr/users/ziangg/Alvis/tf-dpfl/bin/python
[Setup] TF version: 2.15.1
[Setup] GPU available: [PhysicalDevice(name='/physical_device:GPU:0', device_type='GPU')]
GPUs: [PhysicalDevice(name='/physical_device:GPU:0', device_type='GPU')]
[Config] Override: wandb.enabled = True
[Setup] Random seed: 42
[Setup] Loading CIFAR-10...
[Dataset] CIFAR-10 loaded | train=50000 | test=10000
[Setup] Building global model...
Model: "fedavg_cnn"
_________________________________________________________________
 Layer (type)                Output Shape              Param #   
=================================================================
 input_1 (InputLayer)        [(None, 32, 32, 3)]       0         
                                                                 
 conv2d (Conv2D)             (None, 28, 28, 32)        2432      
                                                                 
 max_pooling2d (MaxPooling2  (None, 14, 14, 32)        0         
 D)                                                              
                                                                 
 conv2d_1 (Conv2D)           (None, 10, 10, 64)        51264     
                                                                 
 max_pooling2d_1 (MaxPoolin  (None, 5, 5, 64)          0         
 g2D)                                                            
                                                                 
 flatten (Flatten)           (None, 1600)              0         
                                                                 
 dense (Dense)               (None, 512)               819712    
                                                                 
 dense_1 (Dense)             (None, 10)                5130      
                                                                 
=================================================================
Total params: 878538 (3.35 MB)
Trainable params: 878538 (3.35 MB)
Non-trainable params: 0 (0.00 Byte)
_________________________________________________________________
[Setup] Building clients...

[Pathological non-IID] 20 clients, 2 classes/client, 10 total classes
Client       Samples    Classes held (cls:count)
------------------------------------------------------------------------
client_0     2500       [cls3:1250, cls9:1250]
client_1     2500       [cls0:2500]
client_2     2500       [cls6:1250, cls8:1250]
client_3     2500       [cls7:2500]
client_4     2500       [cls2:1250, cls5:1250]
client_5     2500       [cls1:1250, cls9:1250]
client_6     2500       [cls5:1250, cls9:1250]
client_7     2500       [cls1:1250, cls8:1250]
client_8     2500       [cls3:1250, cls6:1250]
client_9     2500       [cls2:1250, cls5:1250]
client_10    2500       [cls0:1250, cls4:1250]
client_11    2500       [cls2:1250, cls6:1250]
client_12    2500       [cls0:1250, cls6:1250]
client_13    2500       [cls7:1250, cls9:1250]
client_14    2500       [cls2:1250, cls3:1250]
client_15    2500       [cls4:2500]
client_16    2500       [cls1:1250, cls4:1250]
client_17    2500       [cls1:1250, cls3:1250]
client_18    2500       [cls5:1250, cls7:1250]
client_19    2500       [cls8:2500]

