This job can be monitored from: https://job.c3se.chalmers.se/alvis/6625810
========================================
Job ID      : 6625810
Job Name    : HierFLcifar10
Node        : alvis5-10
Start Time  : Tue May 12 23:06:44 CEST 2026
Working Dir : /cephyr/users/ziangg/Alvis/tf-dpfl
========================================
[Setup] Python: /cephyr/users/ziangg/Alvis/tf-dpfl/bin/python
[Setup] TF version: 2.15.1
[Setup] GPU available: [PhysicalDevice(name='/physical_device:GPU:0', device_type='GPU')]
Train subset : (500, 32, 32, 3)  (classes [3, 5])
Test  subset : (2000, 32, 32, 3)
Rounds=50  batch_size=16  steps_per_round=5

 Round  train_loss  test_loss  test_acc
------------------------------------------
     1      3.4549     0.7609    50.00%
     2      0.9393     1.0794    50.00%
     3      0.4421     0.7151    50.00%
     4      0.9384     0.9012    50.00%
     5      0.6630     0.7900    50.00%
     6      0.6151     0.6987    50.50%
     7      0.4291     0.8730    50.40%
     8      0.8089     0.7853    50.85%
     9      0.5554     1.1451    50.95%
    10      0.4871     0.9761    51.50%
    11      0.4722     1.4613    50.20%
    12      0.7903     0.9464    51.85%
    13      0.8157     0.8558    53.70%
    14      0.5550     1.2833    55.75%
    15      0.6513     1.4544    56.85%
    16      0.3966     6.8562    50.00%
    17      0.5531     1.0667    53.30%
    18      0.7088     0.7574    52.35%
    19      0.5431     0.7230    51.40%
    20      0.5550     0.8874    51.20%
    21      0.4642     1.1489    51.30%
    22      0.7107     0.8982    51.85%
    23      0.5830     0.8350    51.20%
    24      0.6325     2.9695    50.00%
    25      0.6687     2.2179    49.70%
    26      0.6361     1.0167    50.60%
    27      0.7769     0.8270    54.45%
    28      0.5479     0.8426    52.40%
    29      0.7039     0.8229    50.60%
    30      0.8066     0.7223    50.10%
    31      0.6009     0.8216    50.00%
    32      0.5569     0.7553    49.90%
    33      0.6612     0.8240    50.00%
    34      0.7369     0.6918    51.15%
    35      0.5653     0.9637    50.00%
    36      0.6017     0.7264    52.05%
    37      0.5997     0.8337    50.00%
    38      0.5018     0.7164    55.65%
    39      0.4662     0.9672    55.75%
    40      0.5125     0.8651    54.80%
    41      0.5370     1.1250    50.80%
    42      0.5650     0.7642    50.30%
    43      0.6957     0.7403    51.10%
    44      0.4850     0.9140    49.95%
    45      0.6400     0.7227    49.60%
    46      0.5856     0.7656    49.15%
    47      0.4463     0.8835    49.50%
    48      0.5805     0.7988    51.65%
    49      0.4497     1.0008    50.95%
    50      0.5456     0.8776    50.70%

Best test acc: 56.85%  at round 15
Final (round 50): test_loss=0.8776  test_acc=50.70%
========================================
End Time : Tue May 12 23:07:36 CEST 2026
========================================
