This job can be monitored from: https://job.c3se.chalmers.se/alvis/6635446
========================================
Job ID      : 6635446
Job Name    : HierFLcifar10
Node        : alvis7-11
Start Time  : Fri May 15 10:13:02 CEST 2026
Working Dir : /cephyr/users/ziangg/Alvis/tf-dpfl
========================================
[Setup] Python: /cephyr/users/ziangg/Alvis/tf-dpfl/bin/python
[Setup] TF version: 2.15.1
[Setup] GPU available: [PhysicalDevice(name='/physical_device:GPU:0', device_type='GPU')]
[Config] Override: wandb.enabled = True
[Setup] Random seed: 42
[Setup] Loading dataset...
[Data] CIFAR-10 from Mimer: /mimer/NOBACKUP/Datasets/CIFAR
[Setup] Building global model...
Model: "cifar_cnn_3conv"
_________________________________________________________________
 Layer (type)                Output Shape              Param #   
=================================================================
 input_1 (InputLayer)        [(None, 32, 32, 3)]       0         
                                                                 
 conv2d (Conv2D)             (None, 32, 32, 32)        896       
                                                                 
 batch_normalization (Batch  (None, 32, 32, 32)        128       
 Normalization)                                                  
                                                                 
 re_lu (ReLU)                (None, 32, 32, 32)        0         
                                                                 
 conv2d_1 (Conv2D)           (None, 32, 32, 64)        18496     
                                                                 
 batch_normalization_1 (Bat  (None, 32, 32, 64)        256       
 chNormalization)                                                
                                                                 
 re_lu_1 (ReLU)              (None, 32, 32, 64)        0         
                                                                 
 max_pooling2d (MaxPooling2  (None, 16, 16, 64)        0         
 D)                                                              
                                                                 
 conv2d_2 (Conv2D)           (None, 16, 16, 128)       73856     
                                                                 
 batch_normalization_2 (Bat  (None, 16, 16, 128)       512       
 chNormalization)                                                
                                                                 
 re_lu_2 (ReLU)              (None, 16, 16, 128)       0         
                                                                 
 conv2d_3 (Conv2D)           (None, 16, 16, 128)       147584    
                                                                 
 batch_normalization_3 (Bat  (None, 16, 16, 128)       512       
 chNormalization)                                                
                                                                 
 re_lu_3 (ReLU)              (None, 16, 16, 128)       0         
                                                                 
 max_pooling2d_1 (MaxPoolin  (None, 8, 8, 128)         0         
 g2D)                                                            
                                                                 
 spatial_dropout2d (Spatial  (None, 8, 8, 128)         0         
 Dropout2D)                                                      
                                                                 
 conv2d_4 (Conv2D)           (None, 8, 8, 256)         295168    
                                                                 
 batch_normalization_4 (Bat  (None, 8, 8, 256)         1024      
 chNormalization)                                                
                                                                 
 re_lu_4 (ReLU)              (None, 8, 8, 256)         0         
                                                                 
 conv2d_5 (Conv2D)           (None, 8, 8, 256)         590080    
                                                                 
 batch_normalization_5 (Bat  (None, 8, 8, 256)         1024      
 chNormalization)                                                
                                                                 
 re_lu_5 (ReLU)              (None, 8, 8, 256)         0         
                                                                 
 max_pooling2d_2 (MaxPoolin  (None, 4, 4, 256)         0         
 g2D)                                                            
                                                                 
 flatten (Flatten)           (None, 4096)              0         
                                                                 
 dropout (Dropout)           (None, 4096)              0         
                                                                 
 dense (Dense)               (None, 1024)              4195328   
                                                                 
 dense_1 (Dense)             (None, 512)               524800    
                                                                 
 dropout_1 (Dropout)         (None, 512)               0         
                                                                 
 dense_2 (Dense)             (None, 10)                5130      
                                                                 
=================================================================
Total params: 5854794 (22.33 MB)
Trainable params: 5853066 (22.33 MB)
Non-trainable params: 1728 (6.75 KB)
_________________________________________________________________
[Setup] Building clients...

[Superclass-aware partition] 2 edges, 2 classes/client

  Edge 0 (class pool: [2, 3, 4, 5, 6, 7]):
  Client       Samples    Classes held                        Out-of-pool?
  ---------------------------------------------------------------------------
  client_0     4000       [3, 6]                              OK
  client_1     4000       [3, 6]                              OK
  client_2     4000       [2, 5]                              OK
  client_3     4000       [5, 7]                              OK
  client_4     4000       [2, 7]                              OK
  client_5     4000       [2, 4]                              OK
  client_6     4000       [6, 7]                              OK
  client_7     4000       [3, 5]                              OK
  client_8     2000       [4]                                 OK
  client_9     2000       [4]                                 OK

  Edge 1 (class pool: [0, 1, 8, 9]):
  Client       Samples    Classes held                        Out-of-pool?
  ---------------------------------------------------------------------------
  client_10    2400       [8, 9]                              OK
  client_11    2400       [0, 1]                              OK
  client_12    2400       [1, 8]                              OK
  client_13    2400       [0, 8]                              OK
  client_14    2400       [0, 9]                              OK
  client_15    2400       [0, 8]                              OK
  client_16    2400       [1, 8]                              OK
  client_17    2400       [1, 9]                              OK
  client_18    2400       [1, 9]                              OK
  client_19    2400       [0, 9]                              OK

[Train/Test split] 20 clients | avg train=2250, avg test=750 samples (ratio=0.25)
[Setup] 20 clients built (superclass_pathological) | per-client test sets injected
[Setup] Building edge servers...
[Assignment] Using pre-baked superclass assignments | 2 edges
[EdgeServer 0] 10 clients | 27000 samples
[EdgeServer 1] 10 clients | 18000 samples

[Setup] Built 2 edge servers (strategy=superclass_baked)
  Edge 0: 10 clients | 27000 samples
  Edge 1: 10 clients | 18000 samples
[Setup] Building per-edge test datasets (superclass-aware)...
[CloudServer] 2 edges | model: 22.33 MB

====================================================
 HierFAVG Training Start
====================================================

[Round   1] Broadcasting to 2 edges...
  [Edge 0] W_n reset to global weights for new round.
  [Edge 1] W_n reset to global weights for new round.
  [Edge 0] G1 | E1 | Hier-pFedMe | Selected 10/10
  [Client  3] Received edge weights.
  [Client  6] Received edge weights.
  [Client  9] Received edge weights.
  [Client  8] Received edge weights.
  [Client  7] Received edge weights.
  [Client  1] Received edge weights.
  [Client  4] Received edge weights.
  [Client  0] Received edge weights.
  [Client  5] Received edge weights.
  [Client  2] Received edge weights.
  [Client  9] Round 1 | Hier-pFedMe(λ2=35.0,K=3) | loss=0.0000
  [Client  8] Round 1 | Hier-pFedMe(λ2=35.0,K=3) | loss=0.0000
  [Client  3] Round 1 | Hier-pFedMe(λ2=35.0,K=3) | loss=27.4105
  [Client  6] Round 1 | Hier-pFedMe(λ2=35.0,K=3) | loss=22.3749
  [Client  1] Round 1 | Hier-pFedMe(λ2=35.0,K=3) | loss=3.1615
  [Client  7] Round 1 | Hier-pFedMe(λ2=35.0,K=3) | loss=20.1284
  [Client  4] Round 1 | Hier-pFedMe(λ2=35.0,K=3) | loss=3.8331
  [Client  0] Round 1 | Hier-pFedMe(λ2=35.0,K=3) | loss=20.8009
  [Client  5] Round 1 | Hier-pFedMe(λ2=35.0,K=3) | loss=7.7488
  [Client  2] Round 1 | Hier-pFedMe(λ2=35.0,K=3) | loss=7.2981
  [Edge 0] G1 | E1 | loss=12.5285
  [Edge 0] G1 | E2 | Hier-pFedMe | Selected 10/10
  [Client  3] Received edge weights.
  [Client  0] Received edge weights.
  [Client  7] Received edge weights.
  [Client  9] Received edge weights.
  [Client  6] Received edge weights.
  [Client  4] Received edge weights.
  [Client  2] Received edge weights.
  [Client  8] Received edge weights.
  [Client  5] Received edge weights.
  [Client  1] Received edge weights.
  [Client  3] Round 1 | Hier-pFedMe(λ2=35.0,K=3) | loss=1.8550
  [Client  9] Round 1 | Hier-pFedMe(λ2=35.0,K=3) | loss=2.5102
  [Client  0] Round 1 | Hier-pFedMe(λ2=35.0,K=3) | loss=1.0781
  [Client  7] Round 1 | Hier-pFedMe(λ2=35.0,K=3) | loss=1.8097
  [Client  6] Round 1 | Hier-pFedMe(λ2=35.0,K=3) | loss=1.8113
  [Client  4] Round 1 | Hier-pFedMe(λ2=35.0,K=3) | loss=2.3859
  [Client  8] Round 1 | Hier-pFedMe(λ2=35.0,K=3) | loss=3.0957
  [Client  2] Round 1 | Hier-pFedMe(λ2=35.0,K=3) | loss=1.1768
  [Client  5] Round 1 | Hier-pFedMe(λ2=35.0,K=3) | loss=1.1228
  [Client  1] Round 1 | Hier-pFedMe(λ2=35.0,K=3) | loss=2.5614
  [Edge 0] G1 | E2 | loss=1.8449
  [Edge 0] G1 | E3 | Hier-pFedMe | Selected 10/10
  [Client  9] Received edge weights.
  [Client  7] Received edge weights.
  [Client  8] Received edge weights.
  [Client  6] Received edge weights.
  [Client  4] Received edge weights.
  [Client  1] Received edge weights.
  [Client  0] Received edge weights.
  [Client  3] Received edge weights.
  [Client  5] Received edge weights.
  [Client  2] Received edge weights.
  [Client  6] Round 1 | Hier-pFedMe(λ2=35.0,K=3) | loss=5.5497
  [Client  8] Round 1 | Hier-pFedMe(λ2=35.0,K=3) | loss=0.0012
  [Client  7] Round 1 | Hier-pFedMe(λ2=35.0,K=3) | loss=24.9087
  [Client  9] Round 1 | Hier-pFedMe(λ2=35.0,K=3) | loss=0.0146
  [Client  1] Round 1 | Hier-pFedMe(λ2=35.0,K=3) | loss=8.3081
  [Client  4] Round 1 | Hier-pFedMe(λ2=35.0,K=3) | loss=6.4989
  [Client  0] Round 1 | Hier-pFedMe(λ2=35.0,K=3) | loss=5.2448
  [Client  3] Round 1 | Hier-pFedMe(λ2=35.0,K=3) | loss=37.1361
  [Client  5] Round 1 | Hier-pFedMe(λ2=35.0,K=3) | loss=3.0744
  [Client  2] Round 1 | Hier-pFedMe(λ2=35.0,K=3) | loss=2.9058
  [Edge 0] G1 | E3 | loss=10.4038
  [Edge 0] G1 | E4 | Hier-pFedMe | Selected 10/10
  [Client  8] Received edge weights.
  [Client  6] Received edge weights.
  [Client  0] Received edge weights.
  [Client  9] Received edge weights.
  [Client  7] Received edge weights.
  [Client  3] Received edge weights.
  [Client  5] Received edge weights.
  [Client  2] Received edge weights.
  [Client  1] Received edge weights.
  [Client  4] Received edge weights.
  [Client  0] Round 1 | Hier-pFedMe(λ2=35.0,K=3) | loss=1.0084
  [Client  6] Round 1 | Hier-pFedMe(λ2=35.0,K=3) | loss=1.2482
  [Client  8] Round 1 | Hier-pFedMe(λ2=35.0,K=3) | loss=0.0000
  [Client  9] Round 1 | Hier-pFedMe(λ2=35.0,K=3) | loss=0.4685
  [Client  7] Round 1 | Hier-pFedMe(λ2=35.0,K=3) | loss=1.7926
  [Client  3] Round 1 | Hier-pFedMe(λ2=35.0,K=3) | loss=0.9150
  [Client  5] Round 1 | Hier-pFedMe(λ2=35.0,K=3) | loss=1.3363
  [Client  2] Round 1 | Hier-pFedMe(λ2=35.0,K=3) | loss=1.6482
  [Client  1] Round 1 | Hier-pFedMe(λ2=35.0,K=3) | loss=1.8692
  [Client  4] Round 1 | Hier-pFedMe(λ2=35.0,K=3) | loss=1.0131
  [Edge 0] G1 | E4 | loss=1.2295
  [Edge 0] G1 | E5 | Hier-pFedMe | Selected 10/10
  [Client  8] Received edge weights.
  [Client  1] Received edge weights.
  [Client  7] Received edge weights.
  [Client  4] Received edge weights.
  [Client  5] Received edge weights.
  [Client  9] Received edge weights.
  [Client  3] Received edge weights.
  [Client  0] Received edge weights.
  [Client  6] Received edge weights.
  [Client  2] Received edge weights.
  [Client  4] Round 1 | Hier-pFedMe(λ2=35.0,K=3) | loss=1.4411
  [Client  1] Round 1 | Hier-pFedMe(λ2=35.0,K=3) | loss=0.6718
  [Client  8] Round 1 | Hier-pFedMe(λ2=35.0,K=3) | loss=1.2218
  [Client  7] Round 1 | Hier-pFedMe(λ2=35.0,K=3) | loss=4.6356
  [Client  5] Round 1 | Hier-pFedMe(λ2=35.0,K=3) | loss=5.4006
  [Client  9] Round 1 | Hier-pFedMe(λ2=35.0,K=3) | loss=0.0483
  [Client  3] Round 1 | Hier-pFedMe(λ2=35.0,K=3) | loss=53.5533
  [Client  0] Round 1 | Hier-pFedMe(λ2=35.0,K=3) | loss=2.3469
  [Client  6] Round 1 | Hier-pFedMe(λ2=35.0,K=3) | loss=3.5961
  [Client  2] Round 1 | Hier-pFedMe(λ2=35.0,K=3) | loss=2.8627
  [Edge 0] G1 | E5 | loss=8.3492
  [Edge 1] G1 | E1 | Hier-pFedMe | Selected 10/10
  [Client 10] Received edge weights.
  [Client 19] Received edge weights.
  [Client 13] Received edge weights.
  [Client 17] Received edge weights.
  [Client 12] Received edge weights.
  [Client 14] Received edge weights.
  [Client 15] Received edge weights.
  [Client 11] Received edge weights.
  [Client 16] Received edge weights.
  [Client 18] Received edge weights.
  [Client 19] Round 1 | Hier-pFedMe(λ2=35.0,K=3) | loss=12.8599
  [Client 13] Round 1 | Hier-pFedMe(λ2=35.0,K=3) | loss=15.7257
  [Client 10] Round 1 | Hier-pFedMe(λ2=35.0,K=3) | loss=0.4126
  [Client 17] Round 1 | Hier-pFedMe(λ2=35.0,K=3) | loss=26.7855
  [Client 12] Round 1 | Hier-pFedMe(λ2=35.0,K=3) | loss=22.7585
  [Client 14] Round 1 | Hier-pFedMe(λ2=35.0,K=3) | loss=22.3367
  [Client 15] Round 1 | Hier-pFedMe(λ2=35.0,K=3) | loss=18.3561
  [Client 11] Round 1 | Hier-pFedMe(λ2=35.0,K=3) | loss=0.1238
  [Client 16] Round 1 | Hier-pFedMe(λ2=35.0,K=3) | loss=22.5850
  [Client 18] Round 1 | Hier-pFedMe(λ2=35.0,K=3) | loss=26.2268
  [Edge 1] G1 | E1 | loss=16.8171
  [Edge 1] G1 | E2 | Hier-pFedMe | Selected 10/10
  [Client 11] Received edge weights.
  [Client 15] Received edge weights.
  [Client 19] Received edge weights.
  [Client 16] Received edge weights.
  [Client 18] Received edge weights.
  [Client 14] Received edge weights.
  [Client 17] Received edge weights.
  [Client 12] Received edge weights.
  [Client 13] Received edge weights.
  [Client 10] Received edge weights.
  [Client 11] Round 1 | Hier-pFedMe(λ2=35.0,K=3) | loss=4.2291
  [Client 19] Round 1 | Hier-pFedMe(λ2=35.0,K=3) | loss=1.0172
  [Client 15] Round 1 | Hier-pFedMe(λ2=35.0,K=3) | loss=0.4356
  [Client 16] Round 1 | Hier-pFedMe(λ2=35.0,K=3) | loss=2.3704
  [Client 14] Round 1 | Hier-pFedMe(λ2=35.0,K=3) | loss=0.5144
  [Client 18] Round 1 | Hier-pFedMe(λ2=35.0,K=3) | loss=0.9946
  [Client 17] Round 1 | Hier-pFedMe(λ2=35.0,K=3) | loss=1.5114
  [Client 12] Round 1 | Hier-pFedMe(λ2=35.0,K=3) | loss=0.9147
  [Client 13] Round 1 | Hier-pFedMe(λ2=35.0,K=3) | loss=1.7268
  [Client 10] Round 1 | Hier-pFedMe(λ2=35.0,K=3) | loss=4.8270
  [Edge 1] G1 | E2 | loss=1.8541
  [Edge 1] G1 | E3 | Hier-pFedMe | Selected 10/10
  [Client 10] Received edge weights.
  [Client 14] Received edge weights.
  [Client 15] Received edge weights.
  [Client 12] Received edge weights.
  [Client 18] Received edge weights.
  [Client 11] Received edge weights.
  [Client 16] Received edge weights.
  [Client 13] Received edge weights.
  [Client 17] Received edge weights.
  [Client 19] Received edge weights.
  [Client 10] Round 1 | Hier-pFedMe(λ2=35.0,K=3) | loss=12.8227
  [Client 15] Round 1 | Hier-pFedMe(λ2=35.0,K=3) | loss=0.9925  [Client 14] Round 1 | Hier-pFedMe(λ2=35.0,K=3) | loss=1.5050

  [Client 12] Round 1 | Hier-pFedMe(λ2=35.0,K=3) | loss=0.5186
  [Client 18] Round 1 | Hier-pFedMe(λ2=35.0,K=3) | loss=35.9769
  [Client 11] Round 1 | Hier-pFedMe(λ2=35.0,K=3) | loss=3.4234
  [Client 13] Round 1 | Hier-pFedMe(λ2=35.0,K=3) | loss=1.0765
  [Client 16] Round 1 | Hier-pFedMe(λ2=35.0,K=3) | loss=15.8069
  [Client 17] Round 1 | Hier-pFedMe(λ2=35.0,K=3) | loss=4.4935
  [Client 19] Round 1 | Hier-pFedMe(λ2=35.0,K=3) | loss=0.5223
  [Edge 1] G1 | E3 | loss=7.7138
  [Edge 1] G1 | E4 | Hier-pFedMe | Selected 10/10
  [Client 12] Received edge weights.
  [Client 18] Received edge weights.
  [Client 14] Received edge weights.
  [Client 15] Received edge weights.
  [Client 10] Received edge weights.
  [Client 13] Received edge weights.
  [Client 11] Received edge weights.
  [Client 16] Received edge weights.
  [Client 19] Received edge weights.
  [Client 17] Received edge weights.
  [Client 18] Round 1 | Hier-pFedMe(λ2=35.0,K=3) | loss=0.8528
  [Client 15] Round 1 | Hier-pFedMe(λ2=35.0,K=3) | loss=3.1527
  [Client 12] Round 1 | Hier-pFedMe(λ2=35.0,K=3) | loss=1.4596
  [Client 14] Round 1 | Hier-pFedMe(λ2=35.0,K=3) | loss=2.3325
  [Client 10] Round 1 | Hier-pFedMe(λ2=35.0,K=3) | loss=5.7664
  [Client 13] Round 1 | Hier-pFedMe(λ2=35.0,K=3) | loss=1.3159
  [Client 11] Round 1 | Hier-pFedMe(λ2=35.0,K=3) | loss=4.0619
  [Client 16] Round 1 | Hier-pFedMe(λ2=35.0,K=3) | loss=1.8167
  [Client 19] Round 1 | Hier-pFedMe(λ2=35.0,K=3) | loss=1.4947
  [Client 17] Round 1 | Hier-pFedMe(λ2=35.0,K=3) | loss=1.6813
  [Edge 1] G1 | E4 | loss=2.3935
  [Edge 1] G1 | E5 | Hier-pFedMe | Selected 10/10
  [Client 13] Received edge weights.
  [Client 16] Received edge weights.
  [Client 18] Received edge weights.
  [Client 19] Received edge weights.
  [Client 17] Received edge weights.
  [Client 15] Received edge weights.
  [Client 12] Received edge weights.
  [Client 14] Received edge weights.
  [Client 11] Received edge weights.
  [Client 10] Received edge weights.
  [Client 18] Round 1 | Hier-pFedMe(λ2=35.0,K=3) | loss=1.8915
  [Client 13] Round 1 | Hier-pFedMe(λ2=35.0,K=3) | loss=2.8109
  [Client 16] Round 1 | Hier-pFedMe(λ2=35.0,K=3) | loss=3.6650
  [Client 19] Round 1 | Hier-pFedMe(λ2=35.0,K=3) | loss=1.2021
  [Client 17] Round 1 | Hier-pFedMe(λ2=35.0,K=3) | loss=5.4339
  [Client 15] Round 1 | Hier-pFedMe(λ2=35.0,K=3) | loss=1.5958
  [Client 12] Round 1 | Hier-pFedMe(λ2=35.0,K=3) | loss=1.0224
  [Client 14] Round 1 | Hier-pFedMe(λ2=35.0,K=3) | loss=2.6434
  [Client 11] Round 1 | Hier-pFedMe(λ2=35.0,K=3) | loss=1.4706
  [Client 10] Round 1 | Hier-pFedMe(λ2=35.0,K=3) | loss=2.8635
  [Edge 1] G1 | E5 | loss=2.4599
[C0] eval model[0] mean=0.001096 | θ̃ mean=0.001096 | edge mean=0.002652
[C0] n=1000 | classes=[3, 6] | acc=0.4890 | per_class={3: '0.00', 6: '1.00'}
[C1] eval model[0] mean=0.004393 | θ̃ mean=0.004393 | edge mean=0.002652
[C1] n=1000 | classes=[3, 6] | acc=0.4850 | per_class={3: '0.00', 6: '1.00'}
[C2] eval model[0] mean=0.003426 | θ̃ mean=0.003426 | edge mean=0.002652
[C2] n=1000 | classes=[2, 5] | acc=0.0000 | per_class={2: '0.00', 5: '0.00'}
[C3] eval model[0] mean=0.008743 | θ̃ mean=0.008743 | edge mean=0.002652
[C3] n=1000 | classes=[5, 7] | acc=0.0000 | per_class={5: '0.00', 7: '0.00'}
[C4] eval model[0] mean=0.002493 | θ̃ mean=0.002493 | edge mean=0.002652
[C4] n=1000 | classes=[2, 7] | acc=0.4930 | per_class={2: '0.00', 7: '1.00'}
[C5] eval model[0] mean=0.003961 | θ̃ mean=0.003961 | edge mean=0.002652
[C5] n=1000 | classes=[2, 4] | acc=0.5070 | per_class={2: '0.99', 4: '0.00'}
[C6] eval model[0] mean=0.003574 | θ̃ mean=0.003574 | edge mean=0.002652
[C6] n=1000 | classes=[6, 7] | acc=0.5070 | per_class={6: '0.00', 7: '1.00'}
[C7] eval model[0] mean=0.003322 | θ̃ mean=0.003322 | edge mean=0.002652
[C7] n=1000 | classes=[3, 5] | acc=0.5150 | per_class={3: '0.00', 5: '1.00'}
[C8] eval model[0] mean=0.000405 | θ̃ mean=0.000405 | edge mean=0.002652
[C8] n=500 | classes=[4] | acc=0.0000 | per_class={4: '0.00'}
[C9] eval model[0] mean=0.002744 | θ̃ mean=0.002744 | edge mean=0.002652
[C9] n=500 | classes=[4] | acc=1.0000 | per_class={4: '1.00'}
[C10] eval model[0] mean=0.003223 | θ̃ mean=0.003223 | edge mean=0.003546
[C10] n=600 | classes=[8, 9] | acc=0.4867 | per_class={8: '1.00', 9: '0.00'}
[C11] eval model[0] mean=0.001721 | θ̃ mean=0.001721 | edge mean=0.003546
[C11] n=600 | classes=[0, 1] | acc=0.0000 | per_class={0: '0.00', 1: '0.00'}
[C12] eval model[0] mean=0.003304 | θ̃ mean=0.003304 | edge mean=0.003546
[C12] n=600 | classes=[1, 8] | acc=0.5433 | per_class={1: '0.60', 8: '0.48'}
[C13] eval model[0] mean=0.002056 | θ̃ mean=0.002056 | edge mean=0.003546
[C13] n=600 | classes=[0, 8] | acc=0.5183 | per_class={0: '1.00', 8: '0.00'}
[C14] eval model[0] mean=0.004420 | θ̃ mean=0.004420 | edge mean=0.003546
[C14] n=600 | classes=[0, 9] | acc=0.4833 | per_class={0: '0.00', 9: '0.99'}
[C15] eval model[0] mean=0.004810 | θ̃ mean=0.004810 | edge mean=0.003546
[C15] n=600 | classes=[0, 8] | acc=0.4917 | per_class={0: '0.00', 8: '1.00'}
[C16] eval model[0] mean=0.006444 | θ̃ mean=0.006444 | edge mean=0.003546
[C16] n=600 | classes=[1, 8] | acc=0.4850 | per_class={1: '1.00', 8: '0.00'}
[C17] eval model[0] mean=0.000871 | θ̃ mean=0.000871 | edge mean=0.003546
[C17] n=600 | classes=[1, 9] | acc=0.5183 | per_class={1: '0.00', 9: '1.00'}
[C18] eval model[0] mean=0.001375 | θ̃ mean=0.001375 | edge mean=0.003546
[C18] n=600 | classes=[1, 9] | acc=0.5233 | per_class={1: '1.00', 9: '0.00'}
[C19] eval model[0] mean=0.003889 | θ̃ mean=0.003889 | edge mean=0.003546
[C19] n=600 | classes=[0, 9] | acc=0.0000 | per_class={0: '0.00', 9: '0.00'}
  [Cloud] GM=0.1213 | EM=0.1978 PM=0.3951 | loss=2.3168 | time=78.7s | comm=4556.2MB (total=4556MB)

[Round   2] Broadcasting to 2 edges...
  [Edge 0] W_n reset to global weights for new round.
  [Edge 1] W_n reset to global weights for new round.
  [Edge 0] G2 | E1 | Hier-pFedMe | Selected 10/10
  [Client  9] Received edge weights.
  [Client  2] Received edge weights.
  [Client  6] Received edge weights.
  [Client  8] Received edge weights.
  [Client  5] Received edge weights.
  [Client  1] Received edge weights.
  [Client  4] Received edge weights.
  [Client  0] Received edge weights.
  [Client  7] Received edge weights.
  [Client  3] Received edge weights.
  [Client  9] Round 2 | Hier-pFedMe(λ2=35.0,K=3) | loss=0.0091
  [Client  6] Round 2 | Hier-pFedMe(λ2=35.0,K=3) | loss=1.4496
  [Client  2] Round 2 | Hier-pFedMe(λ2=35.0,K=3) | loss=1.1468
  [Client  8] Round 2 | Hier-pFedMe(λ2=35.0,K=3) | loss=0.0004
  [Client  1] Round 2 | Hier-pFedMe(λ2=35.0,K=3) | loss=1.3428
  [Client  5] Round 2 | Hier-pFedMe(λ2=35.0,K=3) | loss=0.7379
  [Client  0] Round 2 | Hier-pFedMe(λ2=35.0,K=3) | loss=1.2135
  [Client  4] Round 2 | Hier-pFedMe(λ2=35.0,K=3) | loss=0.6369
  [Client  7] Round 2 | Hier-pFedMe(λ2=35.0,K=3) | loss=2.3747
  [Client  3] Round 2 | Hier-pFedMe(λ2=35.0,K=3) | loss=0.9092
  [Edge 0] G2 | E1 | loss=1.0907
  [Edge 0] G2 | E2 | Hier-pFedMe | Selected 10/10
  [Client  1] Received edge weights.
  [Client  5] Received edge weights.
  [Client  6] Received edge weights.
  [Client  8] Received edge weights.
  [Client  4] Received edge weights.
  [Client  3] Received edge weights.
  [Client  0] Received edge weights.
  [Client  7] Received edge weights.
  [Client  9] Received edge weights.
  [Client  2] Received edge weights.
  [Client  8] Round 2 | Hier-pFedMe(λ2=35.0,K=3) | loss=341.8112
  [Client  1] Round 2 | Hier-pFedMe(λ2=35.0,K=3) | loss=2.6512
  [Client  6] Round 2 | Hier-pFedMe(λ2=35.0,K=3) | loss=5.8405
  [Client  5] Round 2 | Hier-pFedMe(λ2=35.0,K=3) | loss=5.7794
  [Client  4] Round 2 | Hier-pFedMe(λ2=35.0,K=3) | loss=2.7730
  [Client  3] Round 2 | Hier-pFedMe(λ2=35.0,K=3) | loss=240.9981
  [Client  0] Round 2 | Hier-pFedMe(λ2=35.0,K=3) | loss=7.2550
  [Client  7] Round 2 | Hier-pFedMe(λ2=35.0,K=3) | loss=31.5487
  [Client  9] Round 2 | Hier-pFedMe(λ2=35.0,K=3) | loss=0.4303
  [Client  2] Round 2 | Hier-pFedMe(λ2=35.0,K=3) | loss=1.2031
  [Edge 0] G2 | E2 | loss=52.1300
  [Edge 0] G2 | E3 | Hier-pFedMe | Selected 10/10
  [Client  6] Received edge weights.
  [Client  8] Received edge weights.
  [Client  3] Received edge weights.
  [Client  1] Received edge weights.
  [Client  9] Received edge weights.
  [Client  0] Received edge weights.
  [Client  5] Received edge weights.
  [Client  4] Received edge weights.
  [Client  7] Received edge weights.
  [Client  2] Received edge weights.
  [Client  3] Round 2 | Hier-pFedMe(λ2=35.0,K=3) | loss=2.2802
  [Client  6] Round 2 | Hier-pFedMe(λ2=35.0,K=3) | loss=1.7417
  [Client  1] Round 2 | Hier-pFedMe(λ2=35.0,K=3) | loss=2.5639
  [Client  8] Round 2 | Hier-pFedMe(λ2=35.0,K=3) | loss=0.1421
  [Client  0] Round 2 | Hier-pFedMe(λ2=35.0,K=3) | loss=1.4567
  [Client  9] Round 2 | Hier-pFedMe(λ2=35.0,K=3) | loss=0.3559
  [Client  5] Round 2 | Hier-pFedMe(λ2=35.0,K=3) | loss=1.5469
  [Client  4] Round 2 | Hier-pFedMe(λ2=35.0,K=3) | loss=1.3638
  [Client  7] Round 2 | Hier-pFedMe(λ2=35.0,K=3) | loss=2.3090
  [Client  2] Round 2 | Hier-pFedMe(λ2=35.0,K=3) | loss=1.9114
  [Edge 0] G2 | E3 | loss=1.7136
  [Edge 0] G2 | E4 | Hier-pFedMe | Selected 10/10
  [Client  5] Received edge weights.
  [Client  1] Received edge weights.
  [Client  6] Received edge weights.
  [Client  2] Received edge weights.
  [Client  8] Received edge weights.
  [Client  0] Received edge weights.
  [Client  7] Received edge weights.
  [Client  4] Received edge weights.
  [Client  3] Received edge weights.
  [Client  9] Received edge weights.
  [Client  6] Round 2 | Hier-pFedMe(λ2=35.0,K=3) | loss=1.2827
  [Client  1] Round 2 | Hier-pFedMe(λ2=35.0,K=3) | loss=3.1902
  [Client  2] Round 2 | Hier-pFedMe(λ2=35.0,K=3) | loss=1.9737
  [Client  5] Round 2 | Hier-pFedMe(λ2=35.0,K=3) | loss=1.9785
  [Client  8] Round 2 | Hier-pFedMe(λ2=35.0,K=3) | loss=0.0000
  [Client  0] Round 2 | Hier-pFedMe(λ2=35.0,K=3) | loss=3.4599
  [Client  7] Round 2 | Hier-pFedMe(λ2=35.0,K=3) | loss=114.8934
  [Client  4] Round 2 | Hier-pFedMe(λ2=35.0,K=3) | loss=1.2725
  [Client  3] Round 2 | Hier-pFedMe(λ2=35.0,K=3) | loss=17.6470
  [Client  9] Round 2 | Hier-pFedMe(λ2=35.0,K=3) | loss=1.1031
  [Edge 0] G2 | E4 | loss=16.2499
  [Edge 0] G2 | E5 | Hier-pFedMe | Selected 10/10
  [Client  6] Received edge weights.
  [Client  2] Received edge weights.
  [Client  5] Received edge weights.
  [Client  1] Received edge weights.
  [Client  8] Received edge weights.
  [Client  9] Received edge weights.
  [Client  3] Received edge weights.
  [Client  7] Received edge weights.
  [Client  4] Received edge weights.
  [Client  0] Received edge weights.
  [Client  6] Round 2 | Hier-pFedMe(λ2=35.0,K=3) | loss=1.4406
  [Client  2] Round 2 | Hier-pFedMe(λ2=35.0,K=3) | loss=2.7916
  [Client  1] Round 2 | Hier-pFedMe(λ2=35.0,K=3) | loss=0.9941
  [Client  5] Round 2 | Hier-pFedMe(λ2=35.0,K=3) | loss=2.7832
  [Client  8] Round 2 | Hier-pFedMe(λ2=35.0,K=3) | loss=0.0000
  [Client  9] Round 2 | Hier-pFedMe(λ2=35.0,K=3) | loss=0.0879
  [Client  3] Round 2 | Hier-pFedMe(λ2=35.0,K=3) | loss=2.7836
  [Client  7] Round 2 | Hier-pFedMe(λ2=35.0,K=3) | loss=3.9940
  [Client  4] Round 2 | Hier-pFedMe(λ2=35.0,K=3) | loss=2.6801
  [Client  0] Round 2 | Hier-pFedMe(λ2=35.0,K=3) | loss=1.5642
  [Edge 0] G2 | E5 | loss=2.1195
  [Edge 1] G2 | E1 | Hier-pFedMe | Selected 10/10
  [Client 14] Received edge weights.
  [Client 16] Received edge weights.
  [Client 17] Received edge weights.
  [Client 11] Received edge weights.
  [Client 13] Received edge weights.
  [Client 19] Received edge weights.
  [Client 12] Received edge weights.
  [Client 10] Received edge weights.
  [Client 15] Received edge weights.
  [Client 18] Received edge weights.
  [Client 17] Round 2 | Hier-pFedMe(λ2=35.0,K=3) | loss=1.0667
  [Client 11] Round 2 | Hier-pFedMe(λ2=35.0,K=3) | loss=3.9820
  [Client 14] Round 2 | Hier-pFedMe(λ2=35.0,K=3) | loss=0.8403
  [Client 16] Round 2 | Hier-pFedMe(λ2=35.0,K=3) | loss=3.3937
  [Client 13] Round 2 | Hier-pFedMe(λ2=35.0,K=3) | loss=1.6345
  [Client 19] Round 2 | Hier-pFedMe(λ2=35.0,K=3) | loss=3.9191
  [Client 12] Round 2 | Hier-pFedMe(λ2=35.0,K=3) | loss=1.8285
  [Client 10] Round 2 | Hier-pFedMe(λ2=35.0,K=3) | loss=3.7323
  [Client 15] Round 2 | Hier-pFedMe(λ2=35.0,K=3) | loss=0.7726
  [Client 18] Round 2 | Hier-pFedMe(λ2=35.0,K=3) | loss=3.0806
  [Edge 1] G2 | E1 | loss=2.4250
  [Edge 1] G2 | E2 | Hier-pFedMe | Selected 10/10
  [Client 12] Received edge weights.
  [Client 11] Received edge weights.
  [Client 10] Received edge weights.
  [Client 13] Received edge weights.
  [Client 17] Received edge weights.
  [Client 19] Received edge weights.
  [Client 16] Received edge weights.
  [Client 18] Received edge weights.
  [Client 15] Received edge weights.
  [Client 14] Received edge weights.
  [Client 10] Round 2 | Hier-pFedMe(λ2=35.0,K=3) | loss=49.6478
  [Client 12] Round 2 | Hier-pFedMe(λ2=35.0,K=3) | loss=1.7140
  [Client 13] Round 2 | Hier-pFedMe(λ2=35.0,K=3) | loss=2.5524
  [Client 11] Round 2 | Hier-pFedMe(λ2=35.0,K=3) | loss=21.7218
  [Client 17] Round 2 | Hier-pFedMe(λ2=35.0,K=3) | loss=5.9024
  [Client 19] Round 2 | Hier-pFedMe(λ2=35.0,K=3) | loss=1.9623
  [Client 16] Round 2 | Hier-pFedMe(λ2=35.0,K=3) | loss=8.6331
  [Client 18] Round 2 | Hier-pFedMe(λ2=35.0,K=3) | loss=46.2692
  [Client 15] Round 2 | Hier-pFedMe(λ2=35.0,K=3) | loss=2.1190
  [Client 14] Round 2 | Hier-pFedMe(λ2=35.0,K=3) | loss=2.5139
  [Edge 1] G2 | E2 | loss=14.3036
  [Edge 1] G2 | E3 | Hier-pFedMe | Selected 10/10
  [Client 13] Received edge weights.
  [Client 10] Received edge weights.
  [Client 14] Received edge weights.
  [Client 12] Received edge weights.
  [Client 17] Received edge weights.
  [Client 18] Received edge weights.
  [Client 16] Received edge weights.
  [Client 19] Received edge weights.
  [Client 15] Received edge weights.
  [Client 11] Received edge weights.
  [Client 12] Round 2 | Hier-pFedMe(λ2=35.0,K=3) | loss=0.6468
  [Client 14] Round 2 | Hier-pFedMe(λ2=35.0,K=3) | loss=1.3510
  [Client 13] Round 2 | Hier-pFedMe(λ2=35.0,K=3) | loss=1.2314
  [Client 10] Round 2 | Hier-pFedMe(λ2=35.0,K=3) | loss=2.9212
  [Client 17] Round 2 | Hier-pFedMe(λ2=35.0,K=3) | loss=1.3577
  [Client 18] Round 2 | Hier-pFedMe(λ2=35.0,K=3) | loss=2.4540
  [Client 16] Round 2 | Hier-pFedMe(λ2=35.0,K=3) | loss=2.6379
  [Client 19] Round 2 | Hier-pFedMe(λ2=35.0,K=3) | loss=1.2696
  [Client 15] Round 2 | Hier-pFedMe(λ2=35.0,K=3) | loss=1.2622
  [Client 11] Round 2 | Hier-pFedMe(λ2=35.0,K=3) | loss=5.1663
  [Edge 1] G2 | E3 | loss=2.0298
  [Edge 1] G2 | E4 | Hier-pFedMe | Selected 10/10
  [Client 11] Received edge weights.
  [Client 15] Received edge weights.
  [Client 14] Received edge weights.
  [Client 19] Received edge weights.
  [Client 12] Received edge weights.
  [Client 17] Received edge weights.
  [Client 10] Received edge weights.
  [Client 13] Received edge weights.
  [Client 16] Received edge weights.
  [Client 18] Received edge weights.
  [Client 14] Round 2 | Hier-pFedMe(λ2=35.0,K=3) | loss=1.2251
  [Client 11] Round 2 | Hier-pFedMe(λ2=35.0,K=3) | loss=2.2247
  [Client 19] Round 2 | Hier-pFedMe(λ2=35.0,K=3) | loss=2.2053
  [Client 15] Round 2 | Hier-pFedMe(λ2=35.0,K=3) | loss=1.5328
  [Client 12] Round 2 | Hier-pFedMe(λ2=35.0,K=3) | loss=0.7030
  [Client 17] Round 2 | Hier-pFedMe(λ2=35.0,K=3) | loss=10.3211
  [Client 10] Round 2 | Hier-pFedMe(λ2=35.0,K=3) | loss=5.3696
  [Client 13] Round 2 | Hier-pFedMe(λ2=35.0,K=3) | loss=2.5814
  [Client 16] Round 2 | Hier-pFedMe(λ2=35.0,K=3) | loss=0.9941
  [Client 18] Round 2 | Hier-pFedMe(λ2=35.0,K=3) | loss=19.4738
  [Edge 1] G2 | E4 | loss=4.6631
  [Edge 1] G2 | E5 | Hier-pFedMe | Selected 10/10
  [Client 14] Received edge weights.
  [Client 18] Received edge weights.
  [Client 11] Received edge weights.
  [Client 13] Received edge weights.
  [Client 17] Received edge weights.
  [Client 16] Received edge weights.
  [Client 10] Received edge weights.
  [Client 15] Received edge weights.
  [Client 19] Received edge weights.
  [Client 12] Received edge weights.
  [Client 11] Round 2 | Hier-pFedMe(λ2=35.0,K=3) | loss=7.0591
  [Client 13] Round 2 | Hier-pFedMe(λ2=35.0,K=3) | loss=1.9542
  [Client 18] Round 2 | Hier-pFedMe(λ2=35.0,K=3) | loss=1.9675
  [Client 14] Round 2 | Hier-pFedMe(λ2=35.0,K=3) | loss=0.8358
  [Client 17] Round 2 | Hier-pFedMe(λ2=35.0,K=3) | loss=1.3169
  [Client 16] Round 2 | Hier-pFedMe(λ2=35.0,K=3) | loss=2.5343
  [Client 10] Round 2 | Hier-pFedMe(λ2=35.0,K=3) | loss=1.9244
  [Client 15] Round 2 | Hier-pFedMe(λ2=35.0,K=3) | loss=1.6888
  [Client 19] Round 2 | Hier-pFedMe(λ2=35.0,K=3) | loss=0.8460
  [Client 12] Round 2 | Hier-pFedMe(λ2=35.0,K=3) | loss=1.0415
  [Edge 1] G2 | E5 | loss=2.1168
[C0] eval model[0] mean=0.008882 | θ̃ mean=0.008882 | edge mean=0.006640
[C0] n=1000 | classes=[3, 6] | acc=0.5110 | per_class={3: '1.00', 6: '0.00'}
[C1] eval model[0] mean=0.011321 | θ̃ mean=0.011321 | edge mean=0.006640
[C1] n=1000 | classes=[3, 6] | acc=0.4590 | per_class={3: '0.89', 6: '0.00'}
[C2] eval model[0] mean=0.009704 | θ̃ mean=0.009704 | edge mean=0.006640
[C2] n=1000 | classes=[2, 5] | acc=0.5000 | per_class={2: '0.78', 5: '0.21'}
[C3] eval model[0] mean=-0.005974 | θ̃ mean=-0.005974 | edge mean=0.006640
[C3] n=1000 | classes=[5, 7] | acc=0.0000 | per_class={5: '0.00', 7: '0.00'}
[C4] eval model[0] mean=0.010308 | θ̃ mean=0.010308 | edge mean=0.006640
[C4] n=1000 | classes=[2, 7] | acc=0.2120 | per_class={2: '0.24', 7: '0.18'}
[C5] eval model[0] mean=0.011456 | θ̃ mean=0.011456 | edge mean=0.006640
[C5] n=1000 | classes=[2, 4] | acc=0.2630 | per_class={2: '0.00', 4: '0.53'}
[C6] eval model[0] mean=0.010398 | θ̃ mean=0.010398 | edge mean=0.006640
[C6] n=1000 | classes=[6, 7] | acc=0.3150 | per_class={6: '0.02', 7: '0.60'}
[C7] eval model[0] mean=0.033866 | θ̃ mean=0.033866 | edge mean=0.006640
[C7] n=1000 | classes=[3, 5] | acc=0.2220 | per_class={3: '0.00', 5: '0.43'}
[C8] eval model[0] mean=-0.025163 | θ̃ mean=-0.025163 | edge mean=0.006640
[C8] n=500 | classes=[4] | acc=0.0000 | per_class={4: '0.00'}
[C9] eval model[0] mean=0.010625 | θ̃ mean=0.010625 | edge mean=0.006640
[C9] n=500 | classes=[4] | acc=1.0000 | per_class={4: '1.00'}
[C10] eval model[0] mean=0.009820 | θ̃ mean=0.009820 | edge mean=0.003936
[C10] n=600 | classes=[8, 9] | acc=0.4867 | per_class={8: '1.00', 9: '0.00'}
[C11] eval model[0] mean=0.003399 | θ̃ mean=0.003399 | edge mean=0.003936
[C11] n=600 | classes=[0, 1] | acc=0.5000 | per_class={0: '0.00', 1: '1.00'}
[C12] eval model[0] mean=0.003528 | θ̃ mean=0.003528 | edge mean=0.003936
[C12] n=600 | classes=[1, 8] | acc=0.6650 | per_class={1: '0.88', 8: '0.44'}
[C13] eval model[0] mean=0.003512 | θ̃ mean=0.003512 | edge mean=0.003936
[C13] n=600 | classes=[0, 8] | acc=0.5183 | per_class={0: '1.00', 8: '0.00'}
[C14] eval model[0] mean=0.003874 | θ̃ mean=0.003874 | edge mean=0.003936
[C14] n=600 | classes=[0, 9] | acc=0.5367 | per_class={0: '0.98', 9: '0.07'}
[C15] eval model[0] mean=0.004083 | θ̃ mean=0.004083 | edge mean=0.003936
[C15] n=600 | classes=[0, 8] | acc=0.4783 | per_class={0: '0.38', 8: '0.58'}
[C16] eval model[0] mean=0.005673 | θ̃ mean=0.005673 | edge mean=0.003936
[C16] n=600 | classes=[1, 8] | acc=0.5150 | per_class={1: '0.00', 8: '1.00'}
[C17] eval model[0] mean=0.002366 | θ̃ mean=0.002366 | edge mean=0.003936
[C17] n=600 | classes=[1, 9] | acc=0.4817 | per_class={1: '1.00', 9: '0.00'}
[C18] eval model[0] mean=0.005445 | θ̃ mean=0.005445 | edge mean=0.003936
[C18] n=600 | classes=[1, 9] | acc=0.4767 | per_class={1: '0.00', 9: '1.00'}
[C19] eval model[0] mean=0.002979 | θ̃ mean=0.002979 | edge mean=0.003936
[C19] n=600 | classes=[0, 9] | acc=0.4767 | per_class={0: '1.00', 9: '0.00'}
  [Cloud] GM=0.0993 | EM=0.2140 PM=0.4042 | loss=2.3099 | time=43.0s | comm=4556.2MB (total=9112MB)

[Round   3] Broadcasting to 2 edges...
  [Edge 0] W_n reset to global weights for new round.
  [Edge 1] W_n reset to global weights for new round.
  [Edge 0] G3 | E1 | Hier-pFedMe | Selected 10/10
  [Client  9] Received edge weights.
  [Client  4] Received edge weights.
  [Client  3] Received edge weights.
  [Client  6] Received edge weights.
  [Client  1] Received edge weights.
  [Client  5] Received edge weights.
  [Client  0] Received edge weights.
  [Client  7] Received edge weights.
  [Client  8] Received edge weights.
  [Client  2] Received edge weights.
  [Client  9] Round 3 | Hier-pFedMe(λ2=35.0,K=3) | loss=1.9324
  [Client  3] Round 3 | Hier-pFedMe(λ2=35.0,K=3) | loss=11.6223
  [Client  6] Round 3 | Hier-pFedMe(λ2=35.0,K=3) | loss=1.9625
  [Client  4] Round 3 | Hier-pFedMe(λ2=35.0,K=3) | loss=1.5340
  [Client  5] Round 3 | Hier-pFedMe(λ2=35.0,K=3) | loss=1.9239
  [Client  1] Round 3 | Hier-pFedMe(λ2=35.0,K=3) | loss=3.7668
  [Client  0] Round 3 | Hier-pFedMe(λ2=35.0,K=3) | loss=1.7653
  [Client  7] Round 3 | Hier-pFedMe(λ2=35.0,K=3) | loss=21.1164
  [Client  8] Round 3 | Hier-pFedMe(λ2=35.0,K=3) | loss=0.0000
  [Client  2] Round 3 | Hier-pFedMe(λ2=35.0,K=3) | loss=2.0458
  [Edge 0] G3 | E1 | loss=5.1892
  [Edge 0] G3 | E2 | Hier-pFedMe | Selected 10/10
  [Client  4] Received edge weights.
  [Client  9] Received edge weights.
  [Client  5] Received edge weights.
  [Client  6] Received edge weights.
  [Client  7] Received edge weights.
  [Client  1] Received edge weights.
  [Client  8] Received edge weights.
  [Client  0] Received edge weights.
  [Client  3] Received edge weights.
  [Client  2] Received edge weights.
  [Client  9] Round 3 | Hier-pFedMe(λ2=35.0,K=3) | loss=0.5937
  [Client  4] Round 3 | Hier-pFedMe(λ2=35.0,K=3) | loss=2.7625
  [Client  6] Round 3 | Hier-pFedMe(λ2=35.0,K=3) | loss=2.0077
  [Client  5] Round 3 | Hier-pFedMe(λ2=35.0,K=3) | loss=3.2337
  [Client  7] Round 3 | Hier-pFedMe(λ2=35.0,K=3) | loss=2.2293
  [Client  1] Round 3 | Hier-pFedMe(λ2=35.0,K=3) | loss=1.8013
  [Client  8] Round 3 | Hier-pFedMe(λ2=35.0,K=3) | loss=0.0000
  [Client  0] Round 3 | Hier-pFedMe(λ2=35.0,K=3) | loss=2.0853
  [Client  3] Round 3 | Hier-pFedMe(λ2=35.0,K=3) | loss=2.6671
  [Client  2] Round 3 | Hier-pFedMe(λ2=35.0,K=3) | loss=2.4138
  [Edge 0] G3 | E2 | loss=2.1664
  [Edge 0] G3 | E3 | Hier-pFedMe | Selected 10/10
  [Client  7] Received edge weights.
  [Client  6] Received edge weights.
  [Client  5] Received edge weights.
  [Client  9] Received edge weights.
  [Client  4] Received edge weights.
  [Client  1] Received edge weights.
  [Client  2] Received edge weights.
  [Client  0] Received edge weights.
  [Client  3] Received edge weights.
  [Client  8] Received edge weights.
  [Client  9] Round 3 | Hier-pFedMe(λ2=35.0,K=3) | loss=0.0000
  [Client  7] Round 3 | Hier-pFedMe(λ2=35.0,K=3) | loss=549235392512.0000
  [Client  6] Round 3 | Hier-pFedMe(λ2=35.0,K=3) | loss=205156384768.0000
  [Client  5] Round 3 | Hier-pFedMe(λ2=35.0,K=3) | loss=2785458782208.0000
  [Client  4] Round 3 | Hier-pFedMe(λ2=35.0,K=3) | loss=344110596096.0000
  [Client  1] Round 3 | Hier-pFedMe(λ2=35.0,K=3) | loss=332510199808.0000
  [Client  2] Round 3 | Hier-pFedMe(λ2=35.0,K=3) | loss=217830129664.0000
  [Client  0] Round 3 | Hier-pFedMe(λ2=35.0,K=3) | loss=418530131968.0000
  [Client  3] Round 3 | Hier-pFedMe(λ2=35.0,K=3) | loss=233606578176.0000
  [Client  8] Round 3 | Hier-pFedMe(λ2=35.0,K=3) | loss=173887420335390720.0000
  [Edge 0] G3 | E3 | loss=9660977400654506.0000
  [Edge 0] G3 | E4 | Hier-pFedMe | Selected 10/10
  [Client  7] Received edge weights.
  [Client  0] Received edge weights.
  [Client  8] Received edge weights.
  [Client  1] Received edge weights.
  [Client  2] Received edge weights.
  [Client  3] Received edge weights.
  [Client  9] Received edge weights.
  [Client  6] Received edge weights.
  [Client  5] Received edge weights.
  [Client  4] Received edge weights.
  [Client  7] Round 3 | Hier-pFedMe(λ2=35.0,K=3) | loss=nan
  [Client  8] Round 3 | Hier-pFedMe(λ2=35.0,K=3) | loss=0.0000
  [Client  1] Round 3 | Hier-pFedMe(λ2=35.0,K=3) | loss=nan
  [Client  0] Round 3 | Hier-pFedMe(λ2=35.0,K=3) | loss=nan
  [Client  2] Round 3 | Hier-pFedMe(λ2=35.0,K=3) | loss=nan
  [Client  3] Round 3 | Hier-pFedMe(λ2=35.0,K=3) | loss=nan
  [Client  9] Round 3 | Hier-pFedMe(λ2=35.0,K=3) | loss=0.0000
  [Client  6] Round 3 | Hier-pFedMe(λ2=35.0,K=3) | loss=nan
  [Client  5] Round 3 | Hier-pFedMe(λ2=35.0,K=3) | loss=nan
  [Client  4] Round 3 | Hier-pFedMe(λ2=35.0,K=3) | loss=nan
  [Edge 0] G3 | E4 | loss=nan
  [Edge 0] G3 | E5 | Hier-pFedMe | Selected 10/10
  [Client  4] Received edge weights.
  [Client  5] Received edge weights.
  [Client  9] Received edge weights.
  [Client  0] Received edge weights.
  [Client  3] Received edge weights.
  [Client  7] Received edge weights.
  [Client  2] Received edge weights.
  [Client  6] Received edge weights.
  [Client  1] Received edge weights.
  [Client  8] Received edge weights.
  [Client  5] Round 3 | Hier-pFedMe(λ2=35.0,K=3) | loss=nan
  [Client  4] Round 3 | Hier-pFedMe(λ2=35.0,K=3) | loss=nan
  [Client  9] Round 3 | Hier-pFedMe(λ2=35.0,K=3) | loss=nan
  [Client  0] Round 3 | Hier-pFedMe(λ2=35.0,K=3) | loss=nan
  [Client  3] Round 3 | Hier-pFedMe(λ2=35.0,K=3) | loss=nan
  [Client  7] Round 3 | Hier-pFedMe(λ2=35.0,K=3) | loss=nan
  [Client  6] Round 3 | Hier-pFedMe(λ2=35.0,K=3) | loss=nan
  [Client  2] Round 3 | Hier-pFedMe(λ2=35.0,K=3) | loss=nan
  [Client  1] Round 3 | Hier-pFedMe(λ2=35.0,K=3) | loss=nan
  [Client  8] Round 3 | Hier-pFedMe(λ2=35.0,K=3) | loss=nan
  [Edge 0] G3 | E5 | loss=nan
  [Edge 1] G3 | E1 | Hier-pFedMe | Selected 10/10
  [Client 18] Received edge weights.
  [Client 11] Received edge weights.
  [Client 12] Received edge weights.
  [Client 17] Received edge weights.
  [Client 10] Received edge weights.
  [Client 15] Received edge weights.
  [Client 19] Received edge weights.
  [Client 13] Received edge weights.
  [Client 14] Received edge weights.
  [Client 16] Received edge weights.
  [Client 11] Round 3 | Hier-pFedMe(λ2=35.0,K=3) | loss=2.8029
  [Client 18] Round 3 | Hier-pFedMe(λ2=35.0,K=3) | loss=21.0063
  [Client 17] Round 3 | Hier-pFedMe(λ2=35.0,K=3) | loss=7.5850
  [Client 12] Round 3 | Hier-pFedMe(λ2=35.0,K=3) | loss=1.0235
  [Client 10] Round 3 | Hier-pFedMe(λ2=35.0,K=3) | loss=64.4774
  [Client 15] Round 3 | Hier-pFedMe(λ2=35.0,K=3) | loss=0.9005
  [Client 19] Round 3 | Hier-pFedMe(λ2=35.0,K=3) | loss=2.4439
  [Client 13] Round 3 | Hier-pFedMe(λ2=35.0,K=3) | loss=1.3784
  [Client 14] Round 3 | Hier-pFedMe(λ2=35.0,K=3) | loss=1.3194
  [Client 16] Round 3 | Hier-pFedMe(λ2=35.0,K=3) | loss=15.9719
  [Edge 1] G3 | E1 | loss=11.8909
  [Edge 1] G3 | E2 | Hier-pFedMe | Selected 10/10
  [Client 15] Received edge weights.
  [Client 10] Received edge weights.
  [Client 13] Received edge weights.
  [Client 12] Received edge weights.
  [Client 17] Received edge weights.
  [Client 16] Received edge weights.
  [Client 19] Received edge weights.
  [Client 18] Received edge weights.
  [Client 14] Received edge weights.
  [Client 11] Received edge weights.
  [Client 12] Round 3 | Hier-pFedMe(λ2=35.0,K=3) | loss=1.4015
  [Client 15] Round 3 | Hier-pFedMe(λ2=35.0,K=3) | loss=1.6962
  [Client 10] Round 3 | Hier-pFedMe(λ2=35.0,K=3) | loss=2.0604
  [Client 13] Round 3 | Hier-pFedMe(λ2=35.0,K=3) | loss=1.5167
  [Client 16] Round 3 | Hier-pFedMe(λ2=35.0,K=3) | loss=1.8970
  [Client 17] Round 3 | Hier-pFedMe(λ2=35.0,K=3) | loss=2.0282
  [Client 19] Round 3 | Hier-pFedMe(λ2=35.0,K=3) | loss=1.7897
  [Client 18] Round 3 | Hier-pFedMe(λ2=35.0,K=3) | loss=2.5720
  [Client 14] Round 3 | Hier-pFedMe(λ2=35.0,K=3) | loss=1.3479
  [Client 11] Round 3 | Hier-pFedMe(λ2=35.0,K=3) | loss=1.6398
  [Edge 1] G3 | E2 | loss=1.7949
  [Edge 1] G3 | E3 | Hier-pFedMe | Selected 10/10
  [Client 15] Received edge weights.
  [Client 17] Received edge weights.
  [Client 16] Received edge weights.
  [Client 10] Received edge weights.
  [Client 12] Received edge weights.
  [Client 14] Received edge weights.
  [Client 18] Received edge weights.
  [Client 19] Received edge weights.
  [Client 13] Received edge weights.
  [Client 11] Received edge weights.
  [Client 17] Round 3 | Hier-pFedMe(λ2=35.0,K=3) | loss=2.5574
  [Client 15] Round 3 | Hier-pFedMe(λ2=35.0,K=3) | loss=1.0839
  [Client 10] Round 3 | Hier-pFedMe(λ2=35.0,K=3) | loss=27.7284
  [Client 16] Round 3 | Hier-pFedMe(λ2=35.0,K=3) | loss=6.2307
  [Client 14] Round 3 | Hier-pFedMe(λ2=35.0,K=3) | loss=1.5404
  [Client 12] Round 3 | Hier-pFedMe(λ2=35.0,K=3) | loss=1.1681
  [Client 18] Round 3 | Hier-pFedMe(λ2=35.0,K=3) | loss=13.5786
  [Client 19] Round 3 | Hier-pFedMe(λ2=35.0,K=3) | loss=2.4278
  [Client 13] Round 3 | Hier-pFedMe(λ2=35.0,K=3) | loss=1.1407
  [Client 11] Round 3 | Hier-pFedMe(λ2=35.0,K=3) | loss=2.2454
  [Edge 1] G3 | E3 | loss=5.9701
  [Edge 1] G3 | E4 | Hier-pFedMe | Selected 10/10
  [Client 10] Received edge weights.
  [Client 19] Received edge weights.
  [Client 13] Received edge weights.
  [Client 15] Received edge weights.
  [Client 17] Received edge weights.
  [Client 16] Received edge weights.
  [Client 12] Received edge weights.
  [Client 11] Received edge weights.
  [Client 14] Received edge weights.
  [Client 18] Received edge weights.
  [Client 13] Round 3 | Hier-pFedMe(λ2=35.0,K=3) | loss=1.0845
  [Client 15] Round 3 | Hier-pFedMe(λ2=35.0,K=3) | loss=1.1401
  [Client 10] Round 3 | Hier-pFedMe(λ2=35.0,K=3) | loss=2.2278
  [Client 19] Round 3 | Hier-pFedMe(λ2=35.0,K=3) | loss=2.0898
  [Client 17] Round 3 | Hier-pFedMe(λ2=35.0,K=3) | loss=1.8777
  [Client 16] Round 3 | Hier-pFedMe(λ2=35.0,K=3) | loss=1.7572
  [Client 12] Round 3 | Hier-pFedMe(λ2=35.0,K=3) | loss=1.1028
  [Client 11] Round 3 | Hier-pFedMe(λ2=35.0,K=3) | loss=1.1651
  [Client 14] Round 3 | Hier-pFedMe(λ2=35.0,K=3) | loss=1.3375
  [Client 18] Round 3 | Hier-pFedMe(λ2=35.0,K=3) | loss=1.7676
  [Edge 1] G3 | E4 | loss=1.5550
  [Edge 1] G3 | E5 | Hier-pFedMe | Selected 10/10
  [Client 12] Received edge weights.
  [Client 14] Received edge weights.
  [Client 13] Received edge weights.
  [Client 10] Received edge weights.
  [Client 19] Received edge weights.
  [Client 11] Received edge weights.
  [Client 17] Received edge weights.
  [Client 15] Received edge weights.
  [Client 18] Received edge weights.
  [Client 16] Received edge weights.
  [Client 10] Round 3 | Hier-pFedMe(λ2=35.0,K=3) | loss=12.7611
  [Client 12] Round 3 | Hier-pFedMe(λ2=35.0,K=3) | loss=1.1710
  [Client 14] Round 3 | Hier-pFedMe(λ2=35.0,K=3) | loss=1.1180
  [Client 13] Round 3 | Hier-pFedMe(λ2=35.0,K=3) | loss=1.3429
  [Client 11] Round 3 | Hier-pFedMe(λ2=35.0,K=3) | loss=1.9762
  [Client 19] Round 3 | Hier-pFedMe(λ2=35.0,K=3) | loss=1.4152
  [Client 17] Round 3 | Hier-pFedMe(λ2=35.0,K=3) | loss=1.7119
  [Client 15] Round 3 | Hier-pFedMe(λ2=35.0,K=3) | loss=1.3281
  [Client 18] Round 3 | Hier-pFedMe(λ2=35.0,K=3) | loss=5.2693
  [Client 16] Round 3 | Hier-pFedMe(λ2=35.0,K=3) | loss=2.2582
  [Edge 1] G3 | E5 | loss=3.0352
[C0] eval model[0] mean=nan | θ̃ mean=nan | edge mean=nan
[C0] n=1000 | classes=[3, 6] | acc=0.0000 | per_class={3: '0.00', 6: '0.00'}
[C1] eval model[0] mean=nan | θ̃ mean=nan | edge mean=nan
[C1] n=1000 | classes=[3, 6] | acc=0.0000 | per_class={3: '0.00', 6: '0.00'}
[C2] eval model[0] mean=nan | θ̃ mean=nan | edge mean=nan
[C2] n=1000 | classes=[2, 5] | acc=0.0000 | per_class={2: '0.00', 5: '0.00'}
[C3] eval model[0] mean=nan | θ̃ mean=nan | edge mean=nan
[C3] n=1000 | classes=[5, 7] | acc=0.0000 | per_class={5: '0.00', 7: '0.00'}
[C4] eval model[0] mean=nan | θ̃ mean=nan | edge mean=nan
[C4] n=1000 | classes=[2, 7] | acc=0.0000 | per_class={2: '0.00', 7: '0.00'}
[C5] eval model[0] mean=nan | θ̃ mean=nan | edge mean=nan
[C5] n=1000 | classes=[2, 4] | acc=0.0000 | per_class={2: '0.00', 4: '0.00'}
[C6] eval model[0] mean=nan | θ̃ mean=nan | edge mean=nan
[C6] n=1000 | classes=[6, 7] | acc=0.0000 | per_class={6: '0.00', 7: '0.00'}
[C7] eval model[0] mean=nan | θ̃ mean=nan | edge mean=nan
[C7] n=1000 | classes=[3, 5] | acc=0.0000 | per_class={3: '0.00', 5: '0.00'}
[C8] eval model[0] mean=nan | θ̃ mean=nan | edge mean=nan
[C8] n=500 | classes=[4] | acc=0.0000 | per_class={4: '0.00'}
[C9] eval model[0] mean=nan | θ̃ mean=nan | edge mean=nan
[C9] n=500 | classes=[4] | acc=0.0000 | per_class={4: '0.00'}
[C10] eval model[0] mean=0.012141 | θ̃ mean=0.012141 | edge mean=0.006213
[C10] n=600 | classes=[8, 9] | acc=0.0000 | per_class={8: '0.00', 9: '0.00'}
[C11] eval model[0] mean=0.008297 | θ̃ mean=0.008297 | edge mean=0.006213
[C11] n=600 | classes=[0, 1] | acc=0.4917 | per_class={0: '0.98', 1: '0.00'}
[C12] eval model[0] mean=0.005632 | θ̃ mean=0.005632 | edge mean=0.006213
[C12] n=600 | classes=[1, 8] | acc=0.4850 | per_class={1: '0.05', 8: '0.95'}
[C13] eval model[0] mean=0.004906 | θ̃ mean=0.004906 | edge mean=0.006213
[C13] n=600 | classes=[0, 8] | acc=0.5467 | per_class={0: '0.54', 8: '0.55'}
[C14] eval model[0] mean=0.005881 | θ̃ mean=0.005881 | edge mean=0.006213
[C14] n=600 | classes=[0, 9] | acc=0.5767 | per_class={0: '0.78', 9: '0.37'}
[C15] eval model[0] mean=0.005762 | θ̃ mean=0.005762 | edge mean=0.006213
[C15] n=600 | classes=[0, 8] | acc=0.4050 | per_class={0: '0.06', 8: '0.77'}
[C16] eval model[0] mean=0.006218 | θ̃ mean=0.006218 | edge mean=0.006213
[C16] n=600 | classes=[1, 8] | acc=0.0000 | per_class={1: '0.00', 8: '0.00'}
[C17] eval model[0] mean=0.004879 | θ̃ mean=0.004879 | edge mean=0.006213
[C17] n=600 | classes=[1, 9] | acc=0.5267 | per_class={1: '0.05', 9: '0.97'}
[C18] eval model[0] mean=0.005706 | θ̃ mean=0.005706 | edge mean=0.006213
[C18] n=600 | classes=[1, 9] | acc=0.4850 | per_class={1: '0.93', 9: '0.00'}
[C19] eval model[0] mean=0.005000 | θ̃ mean=0.005000 | edge mean=0.006213
[C19] n=600 | classes=[0, 9] | acc=0.4767 | per_class={0: '1.00', 9: '0.00'}
  [Cloud] GM=0.1006 | EM=0.1047 PM=0.1597 | loss=nan | time=43.6s | comm=4556.2MB (total=13669MB)

[Round   4] Broadcasting to 2 edges...
  [Edge 0] W_n reset to global weights for new round.
  [Edge 1] W_n reset to global weights for new round.
  [Edge 0] G4 | E1 | Hier-pFedMe | Selected 10/10
  [Client  5] Received edge weights.
  [Client  6] Received edge weights.
  [Client  2] Received edge weights.
  [Client  7] Received edge weights.
  [Client  1] Received edge weights.
  [Client  8] Received edge weights.
  [Client  0] Received edge weights.
  [Client  4] Received edge weights.
  [Client  9] Received edge weights.
  [Client  3] Received edge weights.
  [Client  5] Round 4 | Hier-pFedMe(λ2=35.0,K=3) | loss=nan
  [Client  6] Round 4 | Hier-pFedMe(λ2=35.0,K=3) | loss=nan
  [Client  2] Round 4 | Hier-pFedMe(λ2=35.0,K=3) | loss=nan
  [Client  7] Round 4 | Hier-pFedMe(λ2=35.0,K=3) | loss=nan
  [Client  1] Round 4 | Hier-pFedMe(λ2=35.0,K=3) | loss=nan
  [Client  8] Round 4 | Hier-pFedMe(λ2=35.0,K=3) | loss=nan
  [Client  0] Round 4 | Hier-pFedMe(λ2=35.0,K=3) | loss=nan
  [Client  4] Round 4 | Hier-pFedMe(λ2=35.0,K=3) | loss=nan
  [Client  9] Round 4 | Hier-pFedMe(λ2=35.0,K=3) | loss=nan
  [Client  3] Round 4 | Hier-pFedMe(λ2=35.0,K=3) | loss=nan
  [Edge 0] G4 | E1 | loss=nan
  [Edge 0] G4 | E2 | Hier-pFedMe | Selected 10/10
  [Client  1] Received edge weights.
  [Client  6] Received edge weights.
  [Client  2] Received edge weights.
  [Client  4] Received edge weights.
  [Client  3] Received edge weights.
  [Client  5] Received edge weights.
  [Client  9] Received edge weights.
  [Client  0] Received edge weights.
  [Client  8] Received edge weights.
  [Client  7] Received edge weights.
  [Client  6] Round 4 | Hier-pFedMe(λ2=35.0,K=3) | loss=nan
  [Client  2] Round 4 | Hier-pFedMe(λ2=35.0,K=3) | loss=nan
  [Client  4] Round 4 | Hier-pFedMe(λ2=35.0,K=3) | loss=nan
  [Client  1] Round 4 | Hier-pFedMe(λ2=35.0,K=3) | loss=nan
  [Client  3] Round 4 | Hier-pFedMe(λ2=35.0,K=3) | loss=nan  [Client  5] Round 4 | Hier-pFedMe(λ2=35.0,K=3) | loss=nan

  [Client  9] Round 4 | Hier-pFedMe(λ2=35.0,K=3) | loss=nan
  [Client  0] Round 4 | Hier-pFedMe(λ2=35.0,K=3) | loss=nan
  [Client  8] Round 4 | Hier-pFedMe(λ2=35.0,K=3) | loss=nan
  [Client  7] Round 4 | Hier-pFedMe(λ2=35.0,K=3) | loss=nan
  [Edge 0] G4 | E2 | loss=nan
  [Edge 0] G4 | E3 | Hier-pFedMe | Selected 10/10
  [Client  6] Received edge weights.
  [Client  3] Received edge weights.
  [Client  8] Received edge weights.
  [Client  2] Received edge weights.
  [Client  7] Received edge weights.
  [Client  1] Received edge weights.
  [Client  0] Received edge weights.
  [Client  9] Received edge weights.
  [Client  5] Received edge weights.
  [Client  4] Received edge weights.
  [Client  2] Round 4 | Hier-pFedMe(λ2=35.0,K=3) | loss=nan
  [Client  8] Round 4 | Hier-pFedMe(λ2=35.0,K=3) | loss=nan
  [Client  3] Round 4 | Hier-pFedMe(λ2=35.0,K=3) | loss=nan
  [Client  6] Round 4 | Hier-pFedMe(λ2=35.0,K=3) | loss=nan
  [Client  1] Round 4 | Hier-pFedMe(λ2=35.0,K=3) | loss=nan
  [Client  7] Round 4 | Hier-pFedMe(λ2=35.0,K=3) | loss=nan
  [Client  0] Round 4 | Hier-pFedMe(λ2=35.0,K=3) | loss=nan
  [Client  9] Round 4 | Hier-pFedMe(λ2=35.0,K=3) | loss=nan
  [Client  5] Round 4 | Hier-pFedMe(λ2=35.0,K=3) | loss=nan
  [Client  4] Round 4 | Hier-pFedMe(λ2=35.0,K=3) | loss=nan
  [Edge 0] G4 | E3 | loss=nan
  [Edge 0] G4 | E4 | Hier-pFedMe | Selected 10/10
  [Client  2] Received edge weights.
  [Client  9] Received edge weights.
  [Client  4] Received edge weights.
  [Client  7] Received edge weights.
  [Client  0] Received edge weights.
  [Client  6] Received edge weights.
  [Client  1] Received edge weights.
  [Client  3] Received edge weights.
  [Client  8] Received edge weights.
  [Client  5] Received edge weights.
  [Client  2] Round 4 | Hier-pFedMe(λ2=35.0,K=3) | loss=nan
  [Client  9] Round 4 | Hier-pFedMe(λ2=35.0,K=3) | loss=nan
  [Client  4] Round 4 | Hier-pFedMe(λ2=35.0,K=3) | loss=nan
  [Client  7] Round 4 | Hier-pFedMe(λ2=35.0,K=3) | loss=nan
  [Client  0] Round 4 | Hier-pFedMe(λ2=35.0,K=3) | loss=nan
  [Client  6] Round 4 | Hier-pFedMe(λ2=35.0,K=3) | loss=nan
  [Client  1] Round 4 | Hier-pFedMe(λ2=35.0,K=3) | loss=nan
  [Client  3] Round 4 | Hier-pFedMe(λ2=35.0,K=3) | loss=nan
  [Client  5] Round 4 | Hier-pFedMe(λ2=35.0,K=3) | loss=nan
  [Client  8] Round 4 | Hier-pFedMe(λ2=35.0,K=3) | loss=nan
  [Edge 0] G4 | E4 | loss=nan
  [Edge 0] G4 | E5 | Hier-pFedMe | Selected 10/10
  [Client  8] Received edge weights.
  [Client  1] Received edge weights.
  [Client  4] Received edge weights.
  [Client  2] Received edge weights.
  [Client  5] Received edge weights.
  [Client  9] Received edge weights.
  [Client  0] Received edge weights.
  [Client  3] Received edge weights.
  [Client  7] Received edge weights.
  [Client  6] Received edge weights.
  [Client  8] Round 4 | Hier-pFedMe(λ2=35.0,K=3) | loss=nan
  [Client  1] Round 4 | Hier-pFedMe(λ2=35.0,K=3) | loss=nan
  [Client  2] Round 4 | Hier-pFedMe(λ2=35.0,K=3) | loss=nan
  [Client  4] Round 4 | Hier-pFedMe(λ2=35.0,K=3) | loss=nan
  [Client  5] Round 4 | Hier-pFedMe(λ2=35.0,K=3) | loss=nan
  [Client  0] Round 4 | Hier-pFedMe(λ2=35.0,K=3) | loss=nan
  [Client  9] Round 4 | Hier-pFedMe(λ2=35.0,K=3) | loss=nan
  [Client  3] Round 4 | Hier-pFedMe(λ2=35.0,K=3) | loss=nan
  [Client  7] Round 4 | Hier-pFedMe(λ2=35.0,K=3) | loss=nan
  [Client  6] Round 4 | Hier-pFedMe(λ2=35.0,K=3) | loss=nan
  [Edge 0] G4 | E5 | loss=nan
  [Edge 1] G4 | E1 | Hier-pFedMe | Selected 10/10
  [Client 10] Received edge weights.
  [Client 17] Received edge weights.
  [Client 14] Received edge weights.
  [Client 13] Received edge weights.
  [Client 12] Received edge weights.
  [Client 11] Received edge weights.
  [Client 18] Received edge weights.
  [Client 19] Received edge weights.
  [Client 16] Received edge weights.
  [Client 15] Received edge weights.
  [Client 13] Round 4 | Hier-pFedMe(λ2=35.0,K=3) | loss=0.9259  [Client 17] Round 4 | Hier-pFedMe(λ2=35.0,K=3) | loss=1.5301

  [Client 14] Round 4 | Hier-pFedMe(λ2=35.0,K=3) | loss=1.2447
  [Client 10] Round 4 | Hier-pFedMe(λ2=35.0,K=3) | loss=2.8099
  [Client 11] Round 4 | Hier-pFedMe(λ2=35.0,K=3) | loss=2.1026
  [Client 12] Round 4 | Hier-pFedMe(λ2=35.0,K=3) | loss=1.0294
  [Client 19] Round 4 | Hier-pFedMe(λ2=35.0,K=3) | loss=1.5405
  [Client 18] Round 4 | Hier-pFedMe(λ2=35.0,K=3) | loss=2.0630
  [Client 16] Round 4 | Hier-pFedMe(λ2=35.0,K=3) | loss=1.0590
  [Client 15] Round 4 | Hier-pFedMe(λ2=35.0,K=3) | loss=0.8478
  [Edge 1] G4 | E1 | loss=1.5153
  [Edge 1] G4 | E2 | Hier-pFedMe | Selected 10/10
  [Client 16] Received edge weights.
  [Client 10] Received edge weights.
  [Client 17] Received edge weights.
  [Client 11] Received edge weights.
  [Client 19] Received edge weights.
  [Client 15] Received edge weights.
  [Client 12] Received edge weights.
  [Client 14] Received edge weights.
  [Client 13] Received edge weights.
  [Client 18] Received edge weights.
  [Client 16] Round 4 | Hier-pFedMe(λ2=35.0,K=3) | loss=nan
  [Client 17] Round 4 | Hier-pFedMe(λ2=35.0,K=3) | loss=nan
  [Client 10] Round 4 | Hier-pFedMe(λ2=35.0,K=3) | loss=nan
  [Client 11] Round 4 | Hier-pFedMe(λ2=35.0,K=3) | loss=nan
  [Client 19] Round 4 | Hier-pFedMe(λ2=35.0,K=3) | loss=nan
  [Client 15] Round 4 | Hier-pFedMe(λ2=35.0,K=3) | loss=nan
  [Client 12] Round 4 | Hier-pFedMe(λ2=35.0,K=3) | loss=nan
  [Client 14] Round 4 | Hier-pFedMe(λ2=35.0,K=3) | loss=nan
  [Client 13] Round 4 | Hier-pFedMe(λ2=35.0,K=3) | loss=nan
  [Client 18] Round 4 | Hier-pFedMe(λ2=35.0,K=3) | loss=nan
  [Edge 1] G4 | E2 | loss=nan
  [Edge 1] G4 | E3 | Hier-pFedMe | Selected 10/10
  [Client 14] Received edge weights.
  [Client 10] Received edge weights.
  [Client 12] Received edge weights.
  [Client 18] Received edge weights.
  [Client 16] Received edge weights.
  [Client 17] Received edge weights.
  [Client 19] Received edge weights.
  [Client 11] Received edge weights.
  [Client 15] Received edge weights.
  [Client 13] Received edge weights.
  [Client 10] Round 4 | Hier-pFedMe(λ2=35.0,K=3) | loss=nan
  [Client 12] Round 4 | Hier-pFedMe(λ2=35.0,K=3) | loss=nan
  [Client 18] Round 4 | Hier-pFedMe(λ2=35.0,K=3) | loss=nan
  [Client 14] Round 4 | Hier-pFedMe(λ2=35.0,K=3) | loss=nan
  [Client 17] Round 4 | Hier-pFedMe(λ2=35.0,K=3) | loss=nan
  [Client 16] Round 4 | Hier-pFedMe(λ2=35.0,K=3) | loss=nan
  [Client 19] Round 4 | Hier-pFedMe(λ2=35.0,K=3) | loss=nan
  [Client 11] Round 4 | Hier-pFedMe(λ2=35.0,K=3) | loss=nan
  [Client 15] Round 4 | Hier-pFedMe(λ2=35.0,K=3) | loss=nan
  [Client 13] Round 4 | Hier-pFedMe(λ2=35.0,K=3) | loss=nan
  [Edge 1] G4 | E3 | loss=nan
  [Edge 1] G4 | E4 | Hier-pFedMe | Selected 10/10
  [Client 19] Received edge weights.
  [Client 17] Received edge weights.
  [Client 10] Received edge weights.
  [Client 14] Received edge weights.
  [Client 16] Received edge weights.
  [Client 18] Received edge weights.
  [Client 13] Received edge weights.
  [Client 11] Received edge weights.
  [Client 15] Received edge weights.
  [Client 12] Received edge weights.
  [Client 17] Round 4 | Hier-pFedMe(λ2=35.0,K=3) | loss=nan
  [Client 10] Round 4 | Hier-pFedMe(λ2=35.0,K=3) | loss=nan
  [Client 19] Round 4 | Hier-pFedMe(λ2=35.0,K=3) | loss=nan
  [Client 14] Round 4 | Hier-pFedMe(λ2=35.0,K=3) | loss=nan
  [Client 16] Round 4 | Hier-pFedMe(λ2=35.0,K=3) | loss=nan
  [Client 18] Round 4 | Hier-pFedMe(λ2=35.0,K=3) | loss=nan
  [Client 11] Round 4 | Hier-pFedMe(λ2=35.0,K=3) | loss=nan
  [Client 13] Round 4 | Hier-pFedMe(λ2=35.0,K=3) | loss=nan
  [Client 15] Round 4 | Hier-pFedMe(λ2=35.0,K=3) | loss=nan
  [Client 12] Round 4 | Hier-pFedMe(λ2=35.0,K=3) | loss=nan
  [Edge 1] G4 | E4 | loss=nan
  [Edge 1] G4 | E5 | Hier-pFedMe | Selected 10/10
  [Client 11] Received edge weights.
  [Client 10] Received edge weights.
  [Client 14] Received edge weights.
  [Client 17] Received edge weights.
  [Client 13] Received edge weights.
  [Client 15] Received edge weights.
  [Client 18] Received edge weights.
  [Client 19] Received edge weights.
  [Client 16] Received edge weights.
  [Client 12] Received edge weights.
  [Client 10] Round 4 | Hier-pFedMe(λ2=35.0,K=3) | loss=nan
  [Client 17] Round 4 | Hier-pFedMe(λ2=35.0,K=3) | loss=nan
  [Client 11] Round 4 | Hier-pFedMe(λ2=35.0,K=3) | loss=nan
  [Client 14] Round 4 | Hier-pFedMe(λ2=35.0,K=3) | loss=nan
  [Client 13] Round 4 | Hier-pFedMe(λ2=35.0,K=3) | loss=nan
  [Client 15] Round 4 | Hier-pFedMe(λ2=35.0,K=3) | loss=nan
  [Client 18] Round 4 | Hier-pFedMe(λ2=35.0,K=3) | loss=nan
  [Client 19] Round 4 | Hier-pFedMe(λ2=35.0,K=3) | loss=nan
  [Client 16] Round 4 | Hier-pFedMe(λ2=35.0,K=3) | loss=nan
  [Client 12] Round 4 | Hier-pFedMe(λ2=35.0,K=3) | loss=nan
  [Edge 1] G4 | E5 | loss=nan
[C0] eval model[0] mean=nan | θ̃ mean=nan | edge mean=nan
[C0] n=1000 | classes=[3, 6] | acc=0.0000 | per_class={3: '0.00', 6: '0.00'}
[C1] eval model[0] mean=nan | θ̃ mean=nan | edge mean=nan
[C1] n=1000 | classes=[3, 6] | acc=0.0000 | per_class={3: '0.00', 6: '0.00'}
[C2] eval model[0] mean=nan | θ̃ mean=nan | edge mean=nan
[C2] n=1000 | classes=[2, 5] | acc=0.0000 | per_class={2: '0.00', 5: '0.00'}
[C3] eval model[0] mean=nan | θ̃ mean=nan | edge mean=nan
[C3] n=1000 | classes=[5, 7] | acc=0.0000 | per_class={5: '0.00', 7: '0.00'}
[C4] eval model[0] mean=nan | θ̃ mean=nan | edge mean=nan
[C4] n=1000 | classes=[2, 7] | acc=0.0000 | per_class={2: '0.00', 7: '0.00'}
[C5] eval model[0] mean=nan | θ̃ mean=nan | edge mean=nan
[C5] n=1000 | classes=[2, 4] | acc=0.0000 | per_class={2: '0.00', 4: '0.00'}
[C6] eval model[0] mean=nan | θ̃ mean=nan | edge mean=nan
[C6] n=1000 | classes=[6, 7] | acc=0.0000 | per_class={6: '0.00', 7: '0.00'}
[C7] eval model[0] mean=nan | θ̃ mean=nan | edge mean=nan
[C7] n=1000 | classes=[3, 5] | acc=0.0000 | per_class={3: '0.00', 5: '0.00'}
[C8] eval model[0] mean=nan | θ̃ mean=nan | edge mean=nan
[C8] n=500 | classes=[4] | acc=0.0000 | per_class={4: '0.00'}
[C9] eval model[0] mean=nan | θ̃ mean=nan | edge mean=nan
[C9] n=500 | classes=[4] | acc=0.0000 | per_class={4: '0.00'}
[C10] eval model[0] mean=nan | θ̃ mean=nan | edge mean=nan
[C10] n=600 | classes=[8, 9] | acc=0.0000 | per_class={8: '0.00', 9: '0.00'}
[C11] eval model[0] mean=nan | θ̃ mean=nan | edge mean=nan
[C11] n=600 | classes=[0, 1] | acc=0.5000 | per_class={0: '1.00', 1: '0.00'}
[C12] eval model[0] mean=nan | θ̃ mean=nan | edge mean=nan
[C12] n=600 | classes=[1, 8] | acc=0.0000 | per_class={1: '0.00', 8: '0.00'}
[C13] eval model[0] mean=nan | θ̃ mean=nan | edge mean=nan
[C13] n=600 | classes=[0, 8] | acc=0.5183 | per_class={0: '1.00', 8: '0.00'}
[C14] eval model[0] mean=nan | θ̃ mean=nan | edge mean=nan
[C14] n=600 | classes=[0, 9] | acc=0.5117 | per_class={0: '1.00', 9: '0.00'}
[C15] eval model[0] mean=nan | θ̃ mean=nan | edge mean=nan
[C15] n=600 | classes=[0, 8] | acc=0.5083 | per_class={0: '1.00', 8: '0.00'}
[C16] eval model[0] mean=nan | θ̃ mean=nan | edge mean=nan
