This job can be monitored from: https://job.c3se.chalmers.se/alvis/6635869
========================================
Job ID      : 6635869
Job Name    : HierFLcifar10
Node        : alvis9-05
Start Time  : Fri May 15 13:02:18 CEST 2026
Working Dir : /cephyr/users/ziangg/Alvis/tf-dpfl
========================================
[Setup] Python: /cephyr/users/ziangg/Alvis/tf-dpfl/bin/python
[Setup] TF version: 2.15.1
[Setup] GPU available: [PhysicalDevice(name='/physical_device:GPU:0', device_type='GPU')]
[Config] Override: wandb.enabled = True
[Setup] Random seed: 42
[Setup] Loading dataset...
[Data] CIFAR-10 from Mimer: /mimer/NOBACKUP/Datasets/CIFAR
[Setup] Building global model...
Model: "cifar_cnn_3conv"
_________________________________________________________________
 Layer (type)                Output Shape              Param #   
=================================================================
 input_1 (InputLayer)        [(None, 32, 32, 3)]       0         
                                                                 
 conv2d (Conv2D)             (None, 32, 32, 32)        896       
                                                                 
 batch_normalization (Batch  (None, 32, 32, 32)        128       
 Normalization)                                                  
                                                                 
 re_lu (ReLU)                (None, 32, 32, 32)        0         
                                                                 
 conv2d_1 (Conv2D)           (None, 32, 32, 64)        18496     
                                                                 
 batch_normalization_1 (Bat  (None, 32, 32, 64)        256       
 chNormalization)                                                
                                                                 
 re_lu_1 (ReLU)              (None, 32, 32, 64)        0         
                                                                 
 max_pooling2d (MaxPooling2  (None, 16, 16, 64)        0         
 D)                                                              
                                                                 
 conv2d_2 (Conv2D)           (None, 16, 16, 128)       73856     
                                                                 
 batch_normalization_2 (Bat  (None, 16, 16, 128)       512       
 chNormalization)                                                
                                                                 
 re_lu_2 (ReLU)              (None, 16, 16, 128)       0         
                                                                 
 conv2d_3 (Conv2D)           (None, 16, 16, 128)       147584    
                                                                 
 batch_normalization_3 (Bat  (None, 16, 16, 128)       512       
 chNormalization)                                                
                                                                 
 re_lu_3 (ReLU)              (None, 16, 16, 128)       0         
                                                                 
 max_pooling2d_1 (MaxPoolin  (None, 8, 8, 128)         0         
 g2D)                                                            
                                                                 
 spatial_dropout2d (Spatial  (None, 8, 8, 128)         0         
 Dropout2D)                                                      
                                                                 
 conv2d_4 (Conv2D)           (None, 8, 8, 256)         295168    
                                                                 
 batch_normalization_4 (Bat  (None, 8, 8, 256)         1024      
 chNormalization)                                                
                                                                 
 re_lu_4 (ReLU)              (None, 8, 8, 256)         0         
                                                                 
 conv2d_5 (Conv2D)           (None, 8, 8, 256)         590080    
                                                                 
 batch_normalization_5 (Bat  (None, 8, 8, 256)         1024      
 chNormalization)                                                
                                                                 
 re_lu_5 (ReLU)              (None, 8, 8, 256)         0         
                                                                 
 max_pooling2d_2 (MaxPoolin  (None, 4, 4, 256)         0         
 g2D)                                                            
                                                                 
 flatten (Flatten)           (None, 4096)              0         
                                                                 
 dropout (Dropout)           (None, 4096)              0         
                                                                 
 dense (Dense)               (None, 1024)              4195328   
                                                                 
 dense_1 (Dense)             (None, 512)               524800    
                                                                 
 dropout_1 (Dropout)         (None, 512)               0         
                                                                 
 dense_2 (Dense)             (None, 10)                5130      
                                                                 
=================================================================
Total params: 5854794 (22.33 MB)
Trainable params: 5853066 (22.33 MB)
Non-trainable params: 1728 (6.75 KB)
_________________________________________________________________
[Setup] Building clients...

[Superclass-aware partition] 2 edges, 2 classes/client

  Edge 0 (class pool: [2, 3, 4, 5, 6, 7]):
  Client       Samples    Classes held                        Out-of-pool?
  ---------------------------------------------------------------------------
  client_0     4000       [3, 6]                              OK
  client_1     4000       [3, 6]                              OK
  client_2     4000       [2, 5]                              OK
  client_3     4000       [5, 7]                              OK
  client_4     4000       [2, 7]                              OK
  client_5     4000       [2, 4]                              OK
  client_6     4000       [6, 7]                              OK
  client_7     4000       [3, 5]                              OK
  client_8     2000       [4]                                 OK
  client_9     2000       [4]                                 OK

  Edge 1 (class pool: [0, 1, 8, 9]):
  Client       Samples    Classes held                        Out-of-pool?
  ---------------------------------------------------------------------------
  client_10    2400       [8, 9]                              OK
  client_11    2400       [0, 1]                              OK
  client_12    2400       [1, 8]                              OK
  client_13    2400       [0, 8]                              OK
  client_14    2400       [0, 9]                              OK
  client_15    2400       [0, 8]                              OK
  client_16    2400       [1, 8]                              OK
  client_17    2400       [1, 9]                              OK
  client_18    2400       [1, 9]                              OK
  client_19    2400       [0, 9]                              OK

[Train/Test split] 20 clients | avg train=2250, avg test=750 samples (ratio=0.25)
[Setup] 20 clients built (superclass_pathological) | per-client test sets injected
[Setup] Building edge servers...
[Assignment] Using pre-baked superclass assignments | 2 edges
[EdgeServer 0] 10 clients | 27000 samples
[EdgeServer 1] 10 clients | 18000 samples

[Setup] Built 2 edge servers (strategy=superclass_baked)
  Edge 0: 10 clients | 27000 samples
  Edge 1: 10 clients | 18000 samples
[Setup] Building per-edge test datasets (superclass-aware)...
[CloudServer] 2 edges | model: 22.33 MB

====================================================
 HierFAVG Training Start
====================================================

[Round   1] Broadcasting to 2 edges...
  [Edge 0] W_n reset to global weights for new round.
  [Edge 1] W_n reset to global weights for new round.
  [Edge 0] G1 | E1 | Hier-pFedMe | Selected 10/10
  [Client  3] Received edge weights.
  [Client  6] Received edge weights.
  [Client  9] Received edge weights.
  [Client  8] Received edge weights.
  [Client  7] Received edge weights.
  [Client  1] Received edge weights.
  [Client  4] Received edge weights.
  [Client  0] Received edge weights.
  [Client  5] Received edge weights.
  [Client  2] Received edge weights.
  [Client  3] Starting Hier-pFedMe training with λ2=35.0, η2=0.02, inner_steps=3 for 1 epochs (188 batches per epoch).  [Client  9] Starting Hier-pFedMe training with λ2=35.0, η2=0.02, inner_steps=3 for 1 epochs (94 batches per epoch).  [Client  6] Starting Hier-pFedMe training with λ2=35.0, η2=0.02, inner_steps=3 for 1 epochs (188 batches per epoch).
  [Client  8] Starting Hier-pFedMe training with λ2=35.0, η2=0.02, inner_steps=3 for 1 epochs (94 batches per epoch).

    [ERROR] Client 3: 'FLClient' object has no attribute '_local_weights'
  [Client  7] Starting Hier-pFedMe training with λ2=35.0, η2=0.02, inner_steps=3 for 1 epochs (188 batches per epoch).
  [Client  1] Starting Hier-pFedMe training with λ2=35.0, η2=0.02, inner_steps=3 for 1 epochs (188 batches per epoch).  [Client  4] Starting Hier-pFedMe training with λ2=35.0, η2=0.02, inner_steps=3 for 1 epochs (188 batches per epoch).
    [ERROR] Client 9: 'FLClient' object has no attribute '_local_weights'  [Client  0] Starting Hier-pFedMe training with λ2=35.0, η2=0.02, inner_steps=3 for 1 epochs (188 batches per epoch).


  [Client  5] Starting Hier-pFedMe training with λ2=35.0, η2=0.02, inner_steps=3 for 1 epochs (188 batches per epoch).
  [Client  2] Starting Hier-pFedMe training with λ2=35.0, η2=0.02, inner_steps=3 for 1 epochs (188 batches per epoch).    [ERROR] Client 6: 'FLClient' object has no attribute '_local_weights'


    [ERROR] Client 8: 'FLClient' object has no attribute '_local_weights'
    [ERROR] Client 7: 'FLClient' object has no attribute '_local_weights'
    [ERROR] Client 1: 'FLClient' object has no attribute '_local_weights'
    [ERROR] Client 4: 'FLClient' object has no attribute '_local_weights'
    [ERROR] Client 0: 'FLClient' object has no attribute '_local_weights'
    [ERROR] Client 5: 'FLClient' object has no attribute '_local_weights'
    [ERROR] Client 2: 'FLClient' object has no attribute '_local_weights'
[1;34mwandb[0m: 
[1;34mwandb[0m: 🚀 View run [33mfinal0_hierpfedme_c20_localepoch_1_semantic_superclass_pathological_classesperclient_2[0m at: [34mhttps://wandb.ai/3445339138-kth-royal-institute-of-technology/HierFL-cifar10/runs/4ch5i6bd[0m
[1;34mwandb[0m: Find logs at: [1;35mwandb/run-20260515_130344-4ch5i6bd/logs[0m
