This job can be monitored from: https://job.c3se.chalmers.se/alvis/6635779
========================================
Job ID      : 6635779
Job Name    : HierFLcifar10
Node        : alvis9-15
Start Time  : Fri May 15 12:04:59 CEST 2026
Working Dir : /cephyr/users/ziangg/Alvis/tf-dpfl
========================================
[Setup] Python: /cephyr/users/ziangg/Alvis/tf-dpfl/bin/python
[Setup] TF version: 2.15.1
[Setup] GPU available: [PhysicalDevice(name='/physical_device:GPU:0', device_type='GPU')]
[Config] Override: wandb.enabled = True
[Setup] Random seed: 42
[Setup] Loading dataset...
[Data] CIFAR-10 from Mimer: /mimer/NOBACKUP/Datasets/CIFAR
[Setup] Building global model...
Model: "cifar_cnn_3conv"
_________________________________________________________________
 Layer (type)                Output Shape              Param #   
=================================================================
 input_1 (InputLayer)        [(None, 32, 32, 3)]       0         
                                                                 
 conv2d (Conv2D)             (None, 32, 32, 32)        896       
                                                                 
 batch_normalization (Batch  (None, 32, 32, 32)        128       
 Normalization)                                                  
                                                                 
 re_lu (ReLU)                (None, 32, 32, 32)        0         
                                                                 
 conv2d_1 (Conv2D)           (None, 32, 32, 64)        18496     
                                                                 
 batch_normalization_1 (Bat  (None, 32, 32, 64)        256       
 chNormalization)                                                
                                                                 
 re_lu_1 (ReLU)              (None, 32, 32, 64)        0         
                                                                 
 max_pooling2d (MaxPooling2  (None, 16, 16, 64)        0         
 D)                                                              
                                                                 
 conv2d_2 (Conv2D)           (None, 16, 16, 128)       73856     
                                                                 
 batch_normalization_2 (Bat  (None, 16, 16, 128)       512       
 chNormalization)                                                
                                                                 
 re_lu_2 (ReLU)              (None, 16, 16, 128)       0         
                                                                 
 conv2d_3 (Conv2D)           (None, 16, 16, 128)       147584    
                                                                 
 batch_normalization_3 (Bat  (None, 16, 16, 128)       512       
 chNormalization)                                                
                                                                 
 re_lu_3 (ReLU)              (None, 16, 16, 128)       0         
                                                                 
 max_pooling2d_1 (MaxPoolin  (None, 8, 8, 128)         0         
 g2D)                                                            
                                                                 
 spatial_dropout2d (Spatial  (None, 8, 8, 128)         0         
 Dropout2D)                                                      
                                                                 
 conv2d_4 (Conv2D)           (None, 8, 8, 256)         295168    
                                                                 
 batch_normalization_4 (Bat  (None, 8, 8, 256)         1024      
 chNormalization)                                                
                                                                 
 re_lu_4 (ReLU)              (None, 8, 8, 256)         0         
                                                                 
 conv2d_5 (Conv2D)           (None, 8, 8, 256)         590080    
                                                                 
 batch_normalization_5 (Bat  (None, 8, 8, 256)         1024      
 chNormalization)                                                
                                                                 
 re_lu_5 (ReLU)              (None, 8, 8, 256)         0         
                                                                 
 max_pooling2d_2 (MaxPoolin  (None, 4, 4, 256)         0         
 g2D)                                                            
                                                                 
 flatten (Flatten)           (None, 4096)              0         
                                                                 
 dropout (Dropout)           (None, 4096)              0         
                                                                 
 dense (Dense)               (None, 1024)              4195328   
                                                                 
 dense_1 (Dense)             (None, 512)               524800    
                                                                 
 dropout_1 (Dropout)         (None, 512)               0         
                                                                 
 dense_2 (Dense)             (None, 10)                5130      
                                                                 
=================================================================
Total params: 5854794 (22.33 MB)
Trainable params: 5853066 (22.33 MB)
Non-trainable params: 1728 (6.75 KB)
_________________________________________________________________
[Setup] Building clients...

[Superclass-aware partition] 2 edges, 2 classes/client

  Edge 0 (class pool: [2, 3, 4, 5, 6, 7]):
  Client       Samples    Classes held                        Out-of-pool?
  ---------------------------------------------------------------------------
  client_0     4000       [3, 6]                              OK
  client_1     4000       [3, 6]                              OK
  client_2     4000       [2, 5]                              OK
  client_3     4000       [5, 7]                              OK
  client_4     4000       [2, 7]                              OK
  client_5     4000       [2, 4]                              OK
  client_6     4000       [6, 7]                              OK
  client_7     4000       [3, 5]                              OK
  client_8     2000       [4]                                 OK
  client_9     2000       [4]                                 OK

  Edge 1 (class pool: [0, 1, 8, 9]):
  Client       Samples    Classes held                        Out-of-pool?
  ---------------------------------------------------------------------------
  client_10    2400       [8, 9]                              OK
  client_11    2400       [0, 1]                              OK
  client_12    2400       [1, 8]                              OK
  client_13    2400       [0, 8]                              OK
  client_14    2400       [0, 9]                              OK
  client_15    2400       [0, 8]                              OK
  client_16    2400       [1, 8]                              OK
  client_17    2400       [1, 9]                              OK
  client_18    2400       [1, 9]                              OK
  client_19    2400       [0, 9]                              OK

[Train/Test split] 20 clients | avg train=2250, avg test=750 samples (ratio=0.25)
[Setup] 20 clients built (superclass_pathological) | per-client test sets injected
[Setup] Building edge servers...
[Assignment] Using pre-baked superclass assignments | 2 edges
[EdgeServer 0] 10 clients | 27000 samples
[EdgeServer 1] 10 clients | 18000 samples

[Setup] Built 2 edge servers (strategy=superclass_baked)
  Edge 0: 10 clients | 27000 samples
  Edge 1: 10 clients | 18000 samples
[Setup] Building per-edge test datasets (superclass-aware)...
[CloudServer] 2 edges | model: 22.33 MB

====================================================
 HierFAVG Training Start
====================================================

[Round   1] Broadcasting to 2 edges...
  [Edge 0] W_n reset to global weights for new round.
  [Edge 1] W_n reset to global weights for new round.
  [Edge 0] G1 | E1 | Hier-pFedMe | Selected 10/10
  [Client  3] Received edge weights.
  [Client  6] Received edge weights.
  [Client  9] Received edge weights.
  [Client  8] Received edge weights.
  [Client  7] Received edge weights.
  [Client  1] Received edge weights.
  [Client  4] Received edge weights.
  [Client  0] Received edge weights.
  [Client  5] Received edge weights.
  [Client  2] Received edge weights.
  [Client  3] Round 1 | Hier-pFedMe(λ2=35.0,K=3) | loss=13.7585
  [Client  6] Round 1 | Hier-pFedMe(λ2=35.0,K=3) | loss=2.6429
  [Client  8] Round 1 | Hier-pFedMe(λ2=35.0,K=3) | loss=0.0000
  [Client  9] Round 1 | Hier-pFedMe(λ2=35.0,K=3) | loss=0.0000
  [Client  7] Round 1 | Hier-pFedMe(λ2=35.0,K=3) | loss=16.0064
  [Client  1] Round 1 | Hier-pFedMe(λ2=35.0,K=3) | loss=5.4057
  [Client  4] Round 1 | Hier-pFedMe(λ2=35.0,K=3) | loss=8.5345
  [Client  0] Round 1 | Hier-pFedMe(λ2=35.0,K=3) | loss=23.2801
  [Client  5] Round 1 | Hier-pFedMe(λ2=35.0,K=3) | loss=11.0826
  [Client  2] Round 1 | Hier-pFedMe(λ2=35.0,K=3) | loss=6.4662
  [Edge 0] G1 | E1 | loss=9.6863
  [Edge 0] G1 | E2 | Hier-pFedMe | Selected 10/10
  [Client  3] Received edge weights.
  [Client  0] Received edge weights.
  [Client  7] Received edge weights.
  [Client  9] Received edge weights.
  [Client  6] Received edge weights.
  [Client  4] Received edge weights.
  [Client  2] Received edge weights.
  [Client  8] Received edge weights.
  [Client  5] Received edge weights.
  [Client  1] Received edge weights.
  [Client  3] Round 1 | Hier-pFedMe(λ2=35.0,K=3) | loss=0.2827
  [Client  0] Round 1 | Hier-pFedMe(λ2=35.0,K=3) | loss=2.0174  [Client  9] Round 1 | Hier-pFedMe(λ2=35.0,K=3) | loss=0.0000

  [Client  7] Round 1 | Hier-pFedMe(λ2=35.0,K=3) | loss=0.6660
  [Client  6] Round 1 | Hier-pFedMe(λ2=35.0,K=3) | loss=7.5181
  [Client  4] Round 1 | Hier-pFedMe(λ2=35.0,K=3) | loss=2.8112
  [Client  2] Round 1 | Hier-pFedMe(λ2=35.0,K=3) | loss=4.3811
  [Client  8] Round 1 | Hier-pFedMe(λ2=35.0,K=3) | loss=0.0002
  [Client  5] Round 1 | Hier-pFedMe(λ2=35.0,K=3) | loss=5.2128
  [Client  1] Round 1 | Hier-pFedMe(λ2=35.0,K=3) | loss=0.8764
  [Edge 0] G1 | E2 | loss=2.6406
  [Edge 0] G1 | E3 | Hier-pFedMe | Selected 10/10
  [Client  9] Received edge weights.
  [Client  7] Received edge weights.
  [Client  8] Received edge weights.
  [Client  6] Received edge weights.
  [Client  4] Received edge weights.
  [Client  1] Received edge weights.
  [Client  0] Received edge weights.
  [Client  3] Received edge weights.
  [Client  5] Received edge weights.
  [Client  2] Received edge weights.
  [Client  6] Round 1 | Hier-pFedMe(λ2=35.0,K=3) | loss=5.8809
  [Client  8] Round 1 | Hier-pFedMe(λ2=35.0,K=3) | loss=0.0006
  [Client  7] Round 1 | Hier-pFedMe(λ2=35.0,K=3) | loss=3.7508
  [Client  9] Round 1 | Hier-pFedMe(λ2=35.0,K=3) | loss=0.0003
  [Client  4] Round 1 | Hier-pFedMe(λ2=35.0,K=3) | loss=0.9746
  [Client  1] Round 1 | Hier-pFedMe(λ2=35.0,K=3) | loss=1.3967
  [Client  0] Round 1 | Hier-pFedMe(λ2=35.0,K=3) | loss=4.6681
  [Client  3] Round 1 | Hier-pFedMe(λ2=35.0,K=3) | loss=10.1640
  [Client  5] Round 1 | Hier-pFedMe(λ2=35.0,K=3) | loss=1.3596
  [Client  2] Round 1 | Hier-pFedMe(λ2=35.0,K=3) | loss=0.6559
  [Edge 0] G1 | E3 | loss=3.2057
  [Edge 0] G1 | E4 | Hier-pFedMe | Selected 10/10
  [Client  8] Received edge weights.
  [Client  6] Received edge weights.
  [Client  0] Received edge weights.
  [Client  9] Received edge weights.
  [Client  7] Received edge weights.
  [Client  3] Received edge weights.
  [Client  5] Received edge weights.
  [Client  2] Received edge weights.
  [Client  1] Received edge weights.
  [Client  4] Received edge weights.
  [Client  8] Round 1 | Hier-pFedMe(λ2=35.0,K=3) | loss=0.0109
  [Client  6] Round 1 | Hier-pFedMe(λ2=35.0,K=3) | loss=2.2791
  [Client  9] Round 1 | Hier-pFedMe(λ2=35.0,K=3) | loss=0.0263
  [Client  0] Round 1 | Hier-pFedMe(λ2=35.0,K=3) | loss=0.4447
  [Client  7] Round 1 | Hier-pFedMe(λ2=35.0,K=3) | loss=0.3803
  [Client  3] Round 1 | Hier-pFedMe(λ2=35.0,K=3) | loss=0.8948
  [Client  5] Round 1 | Hier-pFedMe(λ2=35.0,K=3) | loss=0.7475
  [Client  2] Round 1 | Hier-pFedMe(λ2=35.0,K=3) | loss=2.0713
  [Client  1] Round 1 | Hier-pFedMe(λ2=35.0,K=3) | loss=0.5453
  [Client  4] Round 1 | Hier-pFedMe(λ2=35.0,K=3) | loss=1.2979
  [Edge 0] G1 | E4 | loss=0.9644
  [Edge 0] G1 | E5 | Hier-pFedMe | Selected 10/10
  [Client  8] Received edge weights.
  [Client  1] Received edge weights.
  [Client  7] Received edge weights.
  [Client  4] Received edge weights.
  [Client  5] Received edge weights.
  [Client  9] Received edge weights.
  [Client  3] Received edge weights.
  [Client  0] Received edge weights.
  [Client  6] Received edge weights.
  [Client  2] Received edge weights.
  [Client  8] Round 1 | Hier-pFedMe(λ2=35.0,K=3) | loss=0.0144
  [Client  1] Round 1 | Hier-pFedMe(λ2=35.0,K=3) | loss=0.2195
  [Client  7] Round 1 | Hier-pFedMe(λ2=35.0,K=3) | loss=3.1130
  [Client  4] Round 1 | Hier-pFedMe(λ2=35.0,K=3) | loss=2.6528
  [Client  9] Round 1 | Hier-pFedMe(λ2=35.0,K=3) | loss=0.0038
  [Client  5] Round 1 | Hier-pFedMe(λ2=35.0,K=3) | loss=0.6554
  [Client  0] Round 1 | Hier-pFedMe(λ2=35.0,K=3) | loss=4.2721
  [Client  3] Round 1 | Hier-pFedMe(λ2=35.0,K=3) | loss=5.2720
  [Client  6] Round 1 | Hier-pFedMe(λ2=35.0,K=3) | loss=1.6472
  [Client  2] Round 1 | Hier-pFedMe(λ2=35.0,K=3) | loss=0.4563
  [Edge 0] G1 | E5 | loss=2.0330
  [Edge 1] G1 | E1 | Hier-pFedMe | Selected 10/10
  [Client 10] Received edge weights.
  [Client 19] Received edge weights.
  [Client 13] Received edge weights.
  [Client 17] Received edge weights.
  [Client 12] Received edge weights.
  [Client 14] Received edge weights.
  [Client 15] Received edge weights.
  [Client 11] Received edge weights.
  [Client 16] Received edge weights.
  [Client 18] Received edge weights.
  [Client 17] Round 1 | Hier-pFedMe(λ2=35.0,K=3) | loss=20.9668
  [Client 13] Round 1 | Hier-pFedMe(λ2=35.0,K=3) | loss=13.9305
  [Client 19] Round 1 | Hier-pFedMe(λ2=35.0,K=3) | loss=3.2897
  [Client 10] Round 1 | Hier-pFedMe(λ2=35.0,K=3) | loss=16.6478
  [Client 12] Round 1 | Hier-pFedMe(λ2=35.0,K=3) | loss=13.2862
  [Client 14] Round 1 | Hier-pFedMe(λ2=35.0,K=3) | loss=0.3587
  [Client 15] Round 1 | Hier-pFedMe(λ2=35.0,K=3) | loss=21.7195
  [Client 11] Round 1 | Hier-pFedMe(λ2=35.0,K=3) | loss=18.9065
  [Client 16] Round 1 | Hier-pFedMe(λ2=35.0,K=3) | loss=14.5528
  [Client 18] Round 1 | Hier-pFedMe(λ2=35.0,K=3) | loss=20.6270
  [Edge 1] G1 | E1 | loss=14.4286
  [Edge 1] G1 | E2 | Hier-pFedMe | Selected 10/10
  [Client 11] Received edge weights.
  [Client 15] Received edge weights.
  [Client 19] Received edge weights.
  [Client 16] Received edge weights.
  [Client 18] Received edge weights.
  [Client 14] Received edge weights.
  [Client 17] Received edge weights.
  [Client 12] Received edge weights.
  [Client 13] Received edge weights.
  [Client 10] Received edge weights.
  [Client 16] Round 1 | Hier-pFedMe(λ2=35.0,K=3) | loss=2.2523  [Client 11] Round 1 | Hier-pFedMe(λ2=35.0,K=3) | loss=0.8778
  [Client 15] Round 1 | Hier-pFedMe(λ2=35.0,K=3) | loss=2.5538

  [Client 19] Round 1 | Hier-pFedMe(λ2=35.0,K=3) | loss=1.6841
  [Client 18] Round 1 | Hier-pFedMe(λ2=35.0,K=3) | loss=2.5940
  [Client 17] Round 1 | Hier-pFedMe(λ2=35.0,K=3) | loss=0.5665
  [Client 14] Round 1 | Hier-pFedMe(λ2=35.0,K=3) | loss=1.8011
  [Client 12] Round 1 | Hier-pFedMe(λ2=35.0,K=3) | loss=1.6963
  [Client 13] Round 1 | Hier-pFedMe(λ2=35.0,K=3) | loss=2.7456
  [Client 10] Round 1 | Hier-pFedMe(λ2=35.0,K=3) | loss=2.6212
  [Edge 1] G1 | E2 | loss=1.9393
  [Edge 1] G1 | E3 | Hier-pFedMe | Selected 10/10
  [Client 10] Received edge weights.
  [Client 14] Received edge weights.
  [Client 15] Received edge weights.
  [Client 12] Received edge weights.
  [Client 18] Received edge weights.
  [Client 11] Received edge weights.
  [Client 16] Received edge weights.
  [Client 13] Received edge weights.
  [Client 17] Received edge weights.
  [Client 19] Received edge weights.
  [Client 10] Round 1 | Hier-pFedMe(λ2=35.0,K=3) | loss=0.8392
  [Client 14] Round 1 | Hier-pFedMe(λ2=35.0,K=3) | loss=1.2300
  [Client 15] Round 1 | Hier-pFedMe(λ2=35.0,K=3) | loss=0.7998
  [Client 12] Round 1 | Hier-pFedMe(λ2=35.0,K=3) | loss=0.8130
  [Client 18] Round 1 | Hier-pFedMe(λ2=35.0,K=3) | loss=4.0038
  [Client 16] Round 1 | Hier-pFedMe(λ2=35.0,K=3) | loss=0.7779
  [Client 11] Round 1 | Hier-pFedMe(λ2=35.0,K=3) | loss=3.7643
  [Client 13] Round 1 | Hier-pFedMe(λ2=35.0,K=3) | loss=1.3060
  [Client 17] Round 1 | Hier-pFedMe(λ2=35.0,K=3) | loss=7.5757
  [Client 19] Round 1 | Hier-pFedMe(λ2=35.0,K=3) | loss=1.5700
  [Edge 1] G1 | E3 | loss=2.2680
  [Edge 1] G1 | E4 | Hier-pFedMe | Selected 10/10
  [Client 12] Received edge weights.
  [Client 18] Received edge weights.
  [Client 14] Received edge weights.
  [Client 15] Received edge weights.
  [Client 10] Received edge weights.
  [Client 13] Received edge weights.
  [Client 11] Received edge weights.
  [Client 16] Received edge weights.
  [Client 19] Received edge weights.
  [Client 17] Received edge weights.
  [Client 12] Round 1 | Hier-pFedMe(λ2=35.0,K=3) | loss=0.5880
  [Client 14] Round 1 | Hier-pFedMe(λ2=35.0,K=3) | loss=0.4779
  [Client 18] Round 1 | Hier-pFedMe(λ2=35.0,K=3) | loss=0.5439  [Client 15] Round 1 | Hier-pFedMe(λ2=35.0,K=3) | loss=0.7507

  [Client 10] Round 1 | Hier-pFedMe(λ2=35.0,K=3) | loss=0.5296
  [Client 13] Round 1 | Hier-pFedMe(λ2=35.0,K=3) | loss=1.0207
  [Client 11] Round 1 | Hier-pFedMe(λ2=35.0,K=3) | loss=0.3863
  [Client 16] Round 1 | Hier-pFedMe(λ2=35.0,K=3) | loss=0.6547
  [Client 19] Round 1 | Hier-pFedMe(λ2=35.0,K=3) | loss=1.3833
  [Client 17] Round 1 | Hier-pFedMe(λ2=35.0,K=3) | loss=0.7154
  [Edge 1] G1 | E4 | loss=0.7051
  [Edge 1] G1 | E5 | Hier-pFedMe | Selected 10/10
  [Client 13] Received edge weights.
  [Client 16] Received edge weights.
  [Client 18] Received edge weights.
  [Client 19] Received edge weights.
  [Client 17] Received edge weights.
  [Client 15] Received edge weights.
  [Client 12] Received edge weights.
  [Client 14] Received edge weights.
  [Client 11] Received edge weights.
  [Client 10] Received edge weights.
  [Client 13] Round 1 | Hier-pFedMe(λ2=35.0,K=3) | loss=0.5794
  [Client 19] Round 1 | Hier-pFedMe(λ2=35.0,K=3) | loss=0.2431
  [Client 18] Round 1 | Hier-pFedMe(λ2=35.0,K=3) | loss=0.7811
  [Client 16] Round 1 | Hier-pFedMe(λ2=35.0,K=3) | loss=1.9606
  [Client 17] Round 1 | Hier-pFedMe(λ2=35.0,K=3) | loss=5.0841
  [Client 12] Round 1 | Hier-pFedMe(λ2=35.0,K=3) | loss=0.5513  [Client 15] Round 1 | Hier-pFedMe(λ2=35.0,K=3) | loss=2.1478

  [Client 14] Round 1 | Hier-pFedMe(λ2=35.0,K=3) | loss=1.0699
  [Client 11] Round 1 | Hier-pFedMe(λ2=35.0,K=3) | loss=0.9182
  [Client 10] Round 1 | Hier-pFedMe(λ2=35.0,K=3) | loss=0.1896
  [Edge 1] G1 | E5 | loss=1.3525
[C0] eval model[0] mean=-0.001311 | θ̃ mean=-0.001311 | edge mean=0.000286 |local ref=-0.000832
[C0] n=1000 | classes=[3, 6] | acc=0.5110 | per_class={3: '1.00', 6: '0.00'}
[C1] eval model[0] mean=0.000906 | θ̃ mean=0.000906 | edge mean=0.000286 |local ref=0.000720
[C1] n=1000 | classes=[3, 6] | acc=0.4840 | per_class={3: '0.00', 6: '1.00'}
[C2] eval model[0] mean=0.000070 | θ̃ mean=0.000070 | edge mean=0.000286 |local ref=0.000135
[C2] n=1000 | classes=[2, 5] | acc=0.5320 | per_class={2: '0.94', 5: '0.12'}
[C3] eval model[0] mean=-0.000306 | θ̃ mean=-0.000306 | edge mean=0.000286 |local ref=-0.000128
[C3] n=1000 | classes=[5, 7] | acc=0.5150 | per_class={5: '0.38', 7: '0.66'}
[C4] eval model[0] mean=0.000108 | θ̃ mean=0.000108 | edge mean=0.000286 |local ref=0.000161
[C4] n=1000 | classes=[2, 7] | acc=0.5040 | per_class={2: '0.99', 7: '0.00'}
[C5] eval model[0] mean=0.000148 | θ̃ mean=0.000148 | edge mean=0.000286 |local ref=0.000189
[C5] n=1000 | classes=[2, 4] | acc=0.4940 | per_class={2: '0.02', 4: '0.99'}
[C6] eval model[0] mean=0.000572 | θ̃ mean=0.000572 | edge mean=0.000286 |local ref=0.000486
[C6] n=1000 | classes=[6, 7] | acc=0.4930 | per_class={6: '1.00', 7: '0.00'}
[C7] eval model[0] mean=0.000104 | θ̃ mean=0.000104 | edge mean=0.000286 |local ref=0.000159
[C7] n=1000 | classes=[3, 5] | acc=0.4850 | per_class={3: '1.00', 5: '0.00'}
[C8] eval model[0] mean=0.000477 | θ̃ mean=0.000477 | edge mean=0.000286 |local ref=0.000420
[C8] n=500 | classes=[4] | acc=1.0000 | per_class={4: '1.00'}
[C9] eval model[0] mean=0.000613 | θ̃ mean=0.000613 | edge mean=0.000286 |local ref=0.000515
[C9] n=500 | classes=[4] | acc=1.0000 | per_class={4: '1.00'}
[C10] eval model[0] mean=-0.000558 | θ̃ mean=-0.000558 | edge mean=-0.000263 |local ref=-0.000469
[C10] n=600 | classes=[8, 9] | acc=0.4867 | per_class={8: '1.00', 9: '0.00'}
[C11] eval model[0] mean=-0.000137 | θ̃ mean=-0.000137 | edge mean=-0.000263 |local ref=-0.000174
[C11] n=600 | classes=[0, 1] | acc=0.5000 | per_class={0: '1.00', 1: '0.00'}
[C12] eval model[0] mean=-0.000081 | θ̃ mean=-0.000081 | edge mean=-0.000263 |local ref=-0.000135
[C12] n=600 | classes=[1, 8] | acc=0.4917 | per_class={1: '0.02', 8: '0.99'}
[C13] eval model[0] mean=-0.000345 | θ̃ mean=-0.000345 | edge mean=-0.000263 |local ref=-0.000321
[C13] n=600 | classes=[0, 8] | acc=0.5183 | per_class={0: '1.00', 8: '0.00'}
[C14] eval model[0] mean=-0.000265 | θ̃ mean=-0.000265 | edge mean=-0.000263 |local ref=-0.000264
[C14] n=600 | classes=[0, 9] | acc=0.5217 | per_class={0: '1.00', 9: '0.02'}
[C15] eval model[0] mean=-0.000833 | θ̃ mean=-0.000833 | edge mean=-0.000263 |local ref=-0.000662
[C15] n=600 | classes=[0, 8] | acc=0.4900 | per_class={0: '0.00', 8: '1.00'}
[C16] eval model[0] mean=-0.000120 | θ̃ mean=-0.000120 | edge mean=-0.000263 |local ref=-0.000163
[C16] n=600 | classes=[1, 8] | acc=0.5617 | per_class={1: '0.12', 8: '0.97'}
[C17] eval model[0] mean=0.000659 | θ̃ mean=0.000659 | edge mean=-0.000263 |local ref=0.000382
[C17] n=600 | classes=[1, 9] | acc=0.3767 | per_class={1: '0.01', 9: '0.72'}
[C18] eval model[0] mean=-0.000527 | θ̃ mean=-0.000527 | edge mean=-0.000263 |local ref=-0.000448
[C18] n=600 | classes=[1, 9] | acc=0.4767 | per_class={1: '0.00', 9: '1.00'}
[C19] eval model[0] mean=-0.000434 | θ̃ mean=-0.000434 | edge mean=-0.000263 |local ref=-0.000383
[C19] n=600 | classes=[0, 9] | acc=0.4767 | per_class={0: '0.99', 9: '0.01'}
  [Cloud] GM=0.1235 | EM=0.2072 PM=0.5305 | loss=2.3080 | time=81.8s | comm=4556.2MB (total=4556MB)

[Round   2] Broadcasting to 2 edges...
  [Edge 0] W_n reset to global weights for new round.
  [Edge 1] W_n reset to global weights for new round.
  [Edge 0] G2 | E1 | Hier-pFedMe | Selected 10/10
  [Client  9] Received edge weights.
  [Client  2] Received edge weights.
  [Client  6] Received edge weights.
  [Client  8] Received edge weights.
  [Client  5] Received edge weights.
  [Client  1] Received edge weights.
  [Client  4] Received edge weights.
  [Client  0] Received edge weights.
  [Client  7] Received edge weights.
  [Client  3] Received edge weights.
  [Client  9] Round 2 | Hier-pFedMe(λ2=35.0,K=3) | loss=0.0475
  [Client  6] Round 2 | Hier-pFedMe(λ2=35.0,K=3) | loss=0.7920
  [Client  8] Round 2 | Hier-pFedMe(λ2=35.0,K=3) | loss=0.0219
  [Client  2] Round 2 | Hier-pFedMe(λ2=35.0,K=3) | loss=0.3080
  [Client  5] Round 2 | Hier-pFedMe(λ2=35.0,K=3) | loss=0.6601
  [Client  1] Round 2 | Hier-pFedMe(λ2=35.0,K=3) | loss=0.4448
  [Client  4] Round 2 | Hier-pFedMe(λ2=35.0,K=3) | loss=0.5551
  [Client  0] Round 2 | Hier-pFedMe(λ2=35.0,K=3) | loss=0.3821
  [Client  7] Round 2 | Hier-pFedMe(λ2=35.0,K=3) | loss=0.8813
  [Client  3] Round 2 | Hier-pFedMe(λ2=35.0,K=3) | loss=0.6041
  [Edge 0] G2 | E1 | loss=0.5180
  [Edge 0] G2 | E2 | Hier-pFedMe | Selected 10/10
  [Client  1] Received edge weights.
  [Client  5] Received edge weights.
  [Client  6] Received edge weights.
  [Client  8] Received edge weights.
  [Client  4] Received edge weights.
  [Client  3] Received edge weights.
  [Client  0] Received edge weights.
  [Client  7] Received edge weights.
  [Client  9] Received edge weights.
  [Client  2] Received edge weights.
  [Client  1] Round 2 | Hier-pFedMe(λ2=35.0,K=3) | loss=0.2322
  [Client  5] Round 2 | Hier-pFedMe(λ2=35.0,K=3) | loss=0.1891
  [Client  6] Round 2 | Hier-pFedMe(λ2=35.0,K=3) | loss=0.7573
  [Client  8] Round 2 | Hier-pFedMe(λ2=35.0,K=3) | loss=0.0217
  [Client  4] Round 2 | Hier-pFedMe(λ2=35.0,K=3) | loss=0.4586
  [Client  3] Round 2 | Hier-pFedMe(λ2=35.0,K=3) | loss=3.7265
  [Client  0] Round 2 | Hier-pFedMe(λ2=35.0,K=3) | loss=1.4977
  [Client  7] Round 2 | Hier-pFedMe(λ2=35.0,K=3) | loss=2.0531
  [Client  9] Round 2 | Hier-pFedMe(λ2=35.0,K=3) | loss=0.0161
  [Client  2] Round 2 | Hier-pFedMe(λ2=35.0,K=3) | loss=0.4952
  [Edge 0] G2 | E2 | loss=1.0476
  [Edge 0] G2 | E3 | Hier-pFedMe | Selected 10/10
  [Client  6] Received edge weights.
  [Client  8] Received edge weights.
  [Client  3] Received edge weights.
  [Client  1] Received edge weights.
  [Client  9] Received edge weights.
  [Client  0] Received edge weights.
  [Client  5] Received edge weights.
  [Client  4] Received edge weights.
  [Client  7] Received edge weights.
  [Client  2] Received edge weights.
  [Client  8] Round 2 | Hier-pFedMe(λ2=35.0,K=3) | loss=0.0238
  [Client  6] Round 2 | Hier-pFedMe(λ2=35.0,K=3) | loss=0.7160
  [Client  3] Round 2 | Hier-pFedMe(λ2=35.0,K=3) | loss=0.9596
  [Client  1] Round 2 | Hier-pFedMe(λ2=35.0,K=3) | loss=0.3866
  [Client  9] Round 2 | Hier-pFedMe(λ2=35.0,K=3) | loss=0.0347
  [Client  0] Round 2 | Hier-pFedMe(λ2=35.0,K=3) | loss=0.2367
  [Client  5] Round 2 | Hier-pFedMe(λ2=35.0,K=3) | loss=0.2929
  [Client  4] Round 2 | Hier-pFedMe(λ2=35.0,K=3) | loss=0.2835
  [Client  2] Round 2 | Hier-pFedMe(λ2=35.0,K=3) | loss=0.3686
  [Client  7] Round 2 | Hier-pFedMe(λ2=35.0,K=3) | loss=0.6787
  [Edge 0] G2 | E3 | loss=0.4391
  [Edge 0] G2 | E4 | Hier-pFedMe | Selected 10/10
  [Client  5] Received edge weights.
  [Client  1] Received edge weights.
  [Client  6] Received edge weights.
  [Client  2] Received edge weights.
  [Client  8] Received edge weights.
  [Client  0] Received edge weights.
  [Client  7] Received edge weights.
  [Client  4] Received edge weights.
  [Client  3] Received edge weights.
  [Client  9] Received edge weights.
  [Client  5] Round 2 | Hier-pFedMe(λ2=35.0,K=3) | loss=0.3549
  [Client  2] Round 2 | Hier-pFedMe(λ2=35.0,K=3) | loss=0.7946
  [Client  1] Round 2 | Hier-pFedMe(λ2=35.0,K=3) | loss=0.2761
  [Client  6] Round 2 | Hier-pFedMe(λ2=35.0,K=3) | loss=0.2491
  [Client  0] Round 2 | Hier-pFedMe(λ2=35.0,K=3) | loss=1.4182
  [Client  8] Round 2 | Hier-pFedMe(λ2=35.0,K=3) | loss=0.0129
  [Client  7] Round 2 | Hier-pFedMe(λ2=35.0,K=3) | loss=0.2885
  [Client  4] Round 2 | Hier-pFedMe(λ2=35.0,K=3) | loss=0.9279
  [Client  9] Round 2 | Hier-pFedMe(λ2=35.0,K=3) | loss=0.0138
  [Client  3] Round 2 | Hier-pFedMe(λ2=35.0,K=3) | loss=3.4790
  [Edge 0] G2 | E4 | loss=0.8669
  [Edge 0] G2 | E5 | Hier-pFedMe | Selected 10/10
  [Client  6] Received edge weights.
  [Client  2] Received edge weights.
  [Client  5] Received edge weights.
  [Client  1] Received edge weights.
  [Client  8] Received edge weights.
  [Client  9] Received edge weights.
  [Client  3] Received edge weights.
  [Client  7] Received edge weights.
  [Client  4] Received edge weights.
  [Client  0] Received edge weights.
  [Client  5] Round 2 | Hier-pFedMe(λ2=35.0,K=3) | loss=0.2946
  [Client  2] Round 2 | Hier-pFedMe(λ2=35.0,K=3) | loss=0.3224
  [Client  6] Round 2 | Hier-pFedMe(λ2=35.0,K=3) | loss=0.2987
  [Client  1] Round 2 | Hier-pFedMe(λ2=35.0,K=3) | loss=0.2173
  [Client  8] Round 2 | Hier-pFedMe(λ2=35.0,K=3) | loss=0.0237
  [Client  9] Round 2 | Hier-pFedMe(λ2=35.0,K=3) | loss=0.0298
  [Client  3] Round 2 | Hier-pFedMe(λ2=35.0,K=3) | loss=0.5343
  [Client  7] Round 2 | Hier-pFedMe(λ2=35.0,K=3) | loss=0.4998
  [Client  4] Round 2 | Hier-pFedMe(λ2=35.0,K=3) | loss=0.7298
  [Client  0] Round 2 | Hier-pFedMe(λ2=35.0,K=3) | loss=0.7854
  [Edge 0] G2 | E5 | loss=0.4121
  [Edge 1] G2 | E1 | Hier-pFedMe | Selected 10/10
  [Client 14] Received edge weights.
  [Client 16] Received edge weights.
  [Client 17] Received edge weights.
  [Client 11] Received edge weights.
  [Client 13] Received edge weights.
  [Client 19] Received edge weights.
  [Client 12] Received edge weights.
  [Client 10] Received edge weights.
  [Client 15] Received edge weights.
  [Client 18] Received edge weights.
  [Client 16] Round 2 | Hier-pFedMe(λ2=35.0,K=3) | loss=0.2299
  [Client 14] Round 2 | Hier-pFedMe(λ2=35.0,K=3) | loss=0.2316
  [Client 17] Round 2 | Hier-pFedMe(λ2=35.0,K=3) | loss=0.7738
  [Client 11] Round 2 | Hier-pFedMe(λ2=35.0,K=3) | loss=0.3993
  [Client 13] Round 2 | Hier-pFedMe(λ2=35.0,K=3) | loss=0.5669
  [Client 19] Round 2 | Hier-pFedMe(λ2=35.0,K=3) | loss=0.2043
  [Client 12] Round 2 | Hier-pFedMe(λ2=35.0,K=3) | loss=0.3308
  [Client 10] Round 2 | Hier-pFedMe(λ2=35.0,K=3) | loss=0.3716
  [Client 15] Round 2 | Hier-pFedMe(λ2=35.0,K=3) | loss=0.3176
  [Client 18] Round 2 | Hier-pFedMe(λ2=35.0,K=3) | loss=0.4411
  [Edge 1] G2 | E1 | loss=0.3867
  [Edge 1] G2 | E2 | Hier-pFedMe | Selected 10/10
  [Client 12] Received edge weights.
  [Client 11] Received edge weights.
  [Client 10] Received edge weights.
  [Client 13] Received edge weights.
  [Client 17] Received edge weights.
  [Client 19] Received edge weights.
  [Client 16] Received edge weights.
  [Client 18] Received edge weights.
  [Client 15] Received edge weights.
  [Client 14] Received edge weights.
  [Client 12] Round 2 | Hier-pFedMe(λ2=35.0,K=3) | loss=0.4122
  [Client 10] Round 2 | Hier-pFedMe(λ2=35.0,K=3) | loss=0.2031
  [Client 13] Round 2 | Hier-pFedMe(λ2=35.0,K=3) | loss=0.9410
  [Client 11] Round 2 | Hier-pFedMe(λ2=35.0,K=3) | loss=0.3645
  [Client 17] Round 2 | Hier-pFedMe(λ2=35.0,K=3) | loss=4.2871
  [Client 19] Round 2 | Hier-pFedMe(λ2=35.0,K=3) | loss=0.4072
  [Client 16] Round 2 | Hier-pFedMe(λ2=35.0,K=3) | loss=0.0949
  [Client 18] Round 2 | Hier-pFedMe(λ2=35.0,K=3) | loss=0.2182
  [Client 15] Round 2 | Hier-pFedMe(λ2=35.0,K=3) | loss=3.0502
  [Client 14] Round 2 | Hier-pFedMe(λ2=35.0,K=3) | loss=0.1610
  [Edge 1] G2 | E2 | loss=1.0139
  [Edge 1] G2 | E3 | Hier-pFedMe | Selected 10/10
  [Client 13] Received edge weights.
  [Client 10] Received edge weights.
  [Client 14] Received edge weights.
  [Client 12] Received edge weights.
  [Client 17] Received edge weights.
  [Client 18] Received edge weights.
  [Client 16] Received edge weights.
  [Client 19] Received edge weights.
  [Client 15] Received edge weights.
  [Client 11] Received edge weights.
  [Client 14] Round 2 | Hier-pFedMe(λ2=35.0,K=3) | loss=0.2253  [Client 10] Round 2 | Hier-pFedMe(λ2=35.0,K=3) | loss=0.2733

  [Client 13] Round 2 | Hier-pFedMe(λ2=35.0,K=3) | loss=0.2181
  [Client 12] Round 2 | Hier-pFedMe(λ2=35.0,K=3) | loss=0.1675
  [Client 17] Round 2 | Hier-pFedMe(λ2=35.0,K=3) | loss=0.3479
  [Client 18] Round 2 | Hier-pFedMe(λ2=35.0,K=3) | loss=0.3567
  [Client 16] Round 2 | Hier-pFedMe(λ2=35.0,K=3) | loss=0.3013
  [Client 19] Round 2 | Hier-pFedMe(λ2=35.0,K=3) | loss=0.1783
  [Client 15] Round 2 | Hier-pFedMe(λ2=35.0,K=3) | loss=0.3236
  [Client 11] Round 2 | Hier-pFedMe(λ2=35.0,K=3) | loss=0.4473
  [Edge 1] G2 | E3 | loss=0.2839
  [Edge 1] G2 | E4 | Hier-pFedMe | Selected 10/10
  [Client 11] Received edge weights.
  [Client 15] Received edge weights.
  [Client 14] Received edge weights.
  [Client 19] Received edge weights.
  [Client 12] Received edge weights.
  [Client 17] Received edge weights.
  [Client 10] Received edge weights.
  [Client 13] Received edge weights.
  [Client 16] Received edge weights.
  [Client 18] Received edge weights.
  [Client 14] Round 2 | Hier-pFedMe(λ2=35.0,K=3) | loss=0.1184  [Client 11] Round 2 | Hier-pFedMe(λ2=35.0,K=3) | loss=0.2353

  [Client 15] Round 2 | Hier-pFedMe(λ2=35.0,K=3) | loss=2.9373
  [Client 19] Round 2 | Hier-pFedMe(λ2=35.0,K=3) | loss=0.2917
  [Client 12] Round 2 | Hier-pFedMe(λ2=35.0,K=3) | loss=0.3052
  [Client 10] Round 2 | Hier-pFedMe(λ2=35.0,K=3) | loss=0.9467  [Client 17] Round 2 | Hier-pFedMe(λ2=35.0,K=3) | loss=4.1822

  [Client 13] Round 2 | Hier-pFedMe(λ2=35.0,K=3) | loss=0.1731
  [Client 16] Round 2 | Hier-pFedMe(λ2=35.0,K=3) | loss=0.7951
  [Client 18] Round 2 | Hier-pFedMe(λ2=35.0,K=3) | loss=0.5309
  [Edge 1] G2 | E4 | loss=1.0516
  [Edge 1] G2 | E5 | Hier-pFedMe | Selected 10/10
  [Client 14] Received edge weights.
  [Client 18] Received edge weights.
  [Client 11] Received edge weights.
  [Client 13] Received edge weights.
  [Client 17] Received edge weights.
  [Client 16] Received edge weights.
  [Client 10] Received edge weights.
  [Client 15] Received edge weights.
  [Client 19] Received edge weights.
  [Client 12] Received edge weights.
  [Client 14] Round 2 | Hier-pFedMe(λ2=35.0,K=3) | loss=0.1108
  [Client 11] Round 2 | Hier-pFedMe(λ2=35.0,K=3) | loss=0.2468
  [Client 18] Round 2 | Hier-pFedMe(λ2=35.0,K=3) | loss=0.4978  [Client 13] Round 2 | Hier-pFedMe(λ2=35.0,K=3) | loss=0.4982

  [Client 17] Round 2 | Hier-pFedMe(λ2=35.0,K=3) | loss=0.4445
  [Client 16] Round 2 | Hier-pFedMe(λ2=35.0,K=3) | loss=0.8359
  [Client 10] Round 2 | Hier-pFedMe(λ2=35.0,K=3) | loss=0.5425
  [Client 15] Round 2 | Hier-pFedMe(λ2=35.0,K=3) | loss=0.9528
  [Client 19] Round 2 | Hier-pFedMe(λ2=35.0,K=3) | loss=0.4988
  [Client 12] Round 2 | Hier-pFedMe(λ2=35.0,K=3) | loss=0.4683
  [Edge 1] G2 | E5 | loss=0.5096
