This job can be monitored from: https://job.c3se.chalmers.se/alvis/6635801
========================================
Job ID      : 6635801
Job Name    : HierFLcifar10
Node        : alvis5-04
Start Time  : Fri May 15 12:24:35 CEST 2026
Working Dir : /cephyr/users/ziangg/Alvis/tf-dpfl
========================================
[Setup] Python: /cephyr/users/ziangg/Alvis/tf-dpfl/bin/python
[Setup] TF version: 2.15.1
[Setup] GPU available: [PhysicalDevice(name='/physical_device:GPU:0', device_type='GPU')]
[Config] Override: wandb.enabled = True
[Setup] Random seed: 42
[Setup] Loading dataset...
[Data] CIFAR-10 from Mimer: /mimer/NOBACKUP/Datasets/CIFAR
[Setup] Building global model...
Model: "cifar_cnn_3conv"
_________________________________________________________________
 Layer (type)                Output Shape              Param #   
=================================================================
 input_1 (InputLayer)        [(None, 32, 32, 3)]       0         
                                                                 
 conv2d (Conv2D)             (None, 32, 32, 32)        896       
                                                                 
 batch_normalization (Batch  (None, 32, 32, 32)        128       
 Normalization)                                                  
                                                                 
 re_lu (ReLU)                (None, 32, 32, 32)        0         
                                                                 
 conv2d_1 (Conv2D)           (None, 32, 32, 64)        18496     
                                                                 
 batch_normalization_1 (Bat  (None, 32, 32, 64)        256       
 chNormalization)                                                
                                                                 
 re_lu_1 (ReLU)              (None, 32, 32, 64)        0         
                                                                 
 max_pooling2d (MaxPooling2  (None, 16, 16, 64)        0         
 D)                                                              
                                                                 
 conv2d_2 (Conv2D)           (None, 16, 16, 128)       73856     
                                                                 
 batch_normalization_2 (Bat  (None, 16, 16, 128)       512       
 chNormalization)                                                
                                                                 
 re_lu_2 (ReLU)              (None, 16, 16, 128)       0         
                                                                 
 conv2d_3 (Conv2D)           (None, 16, 16, 128)       147584    
                                                                 
 batch_normalization_3 (Bat  (None, 16, 16, 128)       512       
 chNormalization)                                                
                                                                 
 re_lu_3 (ReLU)              (None, 16, 16, 128)       0         
                                                                 
 max_pooling2d_1 (MaxPoolin  (None, 8, 8, 128)         0         
 g2D)                                                            
                                                                 
 spatial_dropout2d (Spatial  (None, 8, 8, 128)         0         
 Dropout2D)                                                      
                                                                 
 conv2d_4 (Conv2D)           (None, 8, 8, 256)         295168    
                                                                 
 batch_normalization_4 (Bat  (None, 8, 8, 256)         1024      
 chNormalization)                                                
                                                                 
 re_lu_4 (ReLU)              (None, 8, 8, 256)         0         
                                                                 
 conv2d_5 (Conv2D)           (None, 8, 8, 256)         590080    
                                                                 
 batch_normalization_5 (Bat  (None, 8, 8, 256)         1024      
 chNormalization)                                                
                                                                 
 re_lu_5 (ReLU)              (None, 8, 8, 256)         0         
                                                                 
 max_pooling2d_2 (MaxPoolin  (None, 4, 4, 256)         0         
 g2D)                                                            
                                                                 
 flatten (Flatten)           (None, 4096)              0         
                                                                 
 dropout (Dropout)           (None, 4096)              0         
                                                                 
 dense (Dense)               (None, 1024)              4195328   
                                                                 
 dense_1 (Dense)             (None, 512)               524800    
                                                                 
 dropout_1 (Dropout)         (None, 512)               0         
                                                                 
 dense_2 (Dense)             (None, 10)                5130      
                                                                 
=================================================================
Total params: 5854794 (22.33 MB)
Trainable params: 5853066 (22.33 MB)
Non-trainable params: 1728 (6.75 KB)
_________________________________________________________________
[Setup] Building clients...

[Superclass-aware partition] 2 edges, 2 classes/client

  Edge 0 (class pool: [2, 3, 4, 5, 6, 7]):
  Client       Samples    Classes held                        Out-of-pool?
  ---------------------------------------------------------------------------
  client_0     4000       [3, 6]                              OK
  client_1     4000       [3, 6]                              OK
  client_2     4000       [2, 5]                              OK
  client_3     4000       [5, 7]                              OK
  client_4     4000       [2, 7]                              OK
  client_5     4000       [2, 4]                              OK
  client_6     4000       [6, 7]                              OK
  client_7     4000       [3, 5]                              OK
  client_8     2000       [4]                                 OK
  client_9     2000       [4]                                 OK

  Edge 1 (class pool: [0, 1, 8, 9]):
  Client       Samples    Classes held                        Out-of-pool?
  ---------------------------------------------------------------------------
  client_10    2400       [8, 9]                              OK
  client_11    2400       [0, 1]                              OK
  client_12    2400       [1, 8]                              OK
  client_13    2400       [0, 8]                              OK
  client_14    2400       [0, 9]                              OK
  client_15    2400       [0, 8]                              OK
  client_16    2400       [1, 8]                              OK
  client_17    2400       [1, 9]                              OK
  client_18    2400       [1, 9]                              OK
  client_19    2400       [0, 9]                              OK

[Train/Test split] 20 clients | avg train=2250, avg test=750 samples (ratio=0.25)
[Setup] 20 clients built (superclass_pathological) | per-client test sets injected
[Setup] Building edge servers...
[Assignment] Using pre-baked superclass assignments | 2 edges
[EdgeServer 0] 10 clients | 27000 samples
[EdgeServer 1] 10 clients | 18000 samples

[Setup] Built 2 edge servers (strategy=superclass_baked)
  Edge 0: 10 clients | 27000 samples
  Edge 1: 10 clients | 18000 samples
[Setup] Building per-edge test datasets (superclass-aware)...
[CloudServer] 2 edges | model: 22.33 MB

====================================================
 HierFAVG Training Start
====================================================

[Round   1] Broadcasting to 2 edges...
  [Edge 0] W_n reset to global weights for new round.
  [Edge 1] W_n reset to global weights for new round.
  [Edge 0] G1 | E1 | Hier-pFedMe | Selected 10/10
  [Client  3] Received edge weights.
  [Client  6] Received edge weights.
  [Client  9] Received edge weights.
  [Client  8] Received edge weights.
  [Client  7] Received edge weights.
  [Client  1] Received edge weights.
  [Client  4] Received edge weights.
  [Client  0] Received edge weights.
  [Client  5] Received edge weights.
  [Client  2] Received edge weights.
  [Client  3] Round 1 | Hier-pFedMe(λ2=35.0,K=1) | loss=1.8097
  [Client  6] Round 1 | Hier-pFedMe(λ2=35.0,K=1) | loss=2.6298
  [Client  9] Round 1 | Hier-pFedMe(λ2=35.0,K=1) | loss=3.4378
  [Client  8] Round 1 | Hier-pFedMe(λ2=35.0,K=1) | loss=3.7302
  [Client  1] Round 1 | Hier-pFedMe(λ2=35.0,K=1) | loss=3.7991
  [Client  7] Round 1 | Hier-pFedMe(λ2=35.0,K=1) | loss=2.8160
  [Client  4] Round 1 | Hier-pFedMe(λ2=35.0,K=1) | loss=2.3730
  [Client  0] Round 1 | Hier-pFedMe(λ2=35.0,K=1) | loss=3.4623
  [Client  5] Round 1 | Hier-pFedMe(λ2=35.0,K=1) | loss=3.4770
  [Client  2] Round 1 | Hier-pFedMe(λ2=35.0,K=1) | loss=2.9585
  [Edge 0] G1 | E1 | loss=2.9899
  [Edge 0] G1 | E2 | Hier-pFedMe | Selected 10/10
  [Client  3] Received edge weights.
  [Client  0] Received edge weights.
  [Client  7] Received edge weights.
  [Client  9] Received edge weights.
  [Client  6] Received edge weights.
  [Client  4] Received edge weights.
  [Client  2] Received edge weights.
  [Client  8] Received edge weights.
  [Client  5] Received edge weights.
  [Client  1] Received edge weights.
  [Client  3] Round 1 | Hier-pFedMe(λ2=35.0,K=1) | loss=5.4153  [Client  0] Round 1 | Hier-pFedMe(λ2=35.0,K=1) | loss=3.3169

  [Client  7] Round 1 | Hier-pFedMe(λ2=35.0,K=1) | loss=3.5798
  [Client  9] Round 1 | Hier-pFedMe(λ2=35.0,K=1) | loss=0.2647
  [Client  6] Round 1 | Hier-pFedMe(λ2=35.0,K=1) | loss=4.8069
  [Client  2] Round 1 | Hier-pFedMe(λ2=35.0,K=1) | loss=4.4381
  [Client  4] Round 1 | Hier-pFedMe(λ2=35.0,K=1) | loss=5.4862
  [Client  8] Round 1 | Hier-pFedMe(λ2=35.0,K=1) | loss=0.2835
  [Client  5] Round 1 | Hier-pFedMe(λ2=35.0,K=1) | loss=2.6915
  [Client  1] Round 1 | Hier-pFedMe(λ2=35.0,K=1) | loss=3.0348
  [Edge 0] G1 | E2 | loss=3.6715
  [Edge 0] G1 | E3 | Hier-pFedMe | Selected 10/10
  [Client  9] Received edge weights.
  [Client  7] Received edge weights.
  [Client  8] Received edge weights.
  [Client  6] Received edge weights.
  [Client  4] Received edge weights.
  [Client  1] Received edge weights.
  [Client  0] Received edge weights.
  [Client  3] Received edge weights.
  [Client  5] Received edge weights.
  [Client  2] Received edge weights.
  [Client  7] Round 1 | Hier-pFedMe(λ2=35.0,K=1) | loss=2.7776
  [Client  8] Round 1 | Hier-pFedMe(λ2=35.0,K=1) | loss=16.7549
  [Client  9] Round 1 | Hier-pFedMe(λ2=35.0,K=1) | loss=16.4128
  [Client  6] Round 1 | Hier-pFedMe(λ2=35.0,K=1) | loss=4.2442
  [Client  4] Round 1 | Hier-pFedMe(λ2=35.0,K=1) | loss=4.5229
  [Client  1] Round 1 | Hier-pFedMe(λ2=35.0,K=1) | loss=0.9484
  [Client  0] Round 1 | Hier-pFedMe(λ2=35.0,K=1) | loss=1.1519
  [Client  3] Round 1 | Hier-pFedMe(λ2=35.0,K=1) | loss=4.9548
  [Client  5] Round 1 | Hier-pFedMe(λ2=35.0,K=1) | loss=8.9448
  [Client  2] Round 1 | Hier-pFedMe(λ2=35.0,K=1) | loss=2.9981
  [Edge 0] G1 | E3 | loss=5.2363
  [Edge 0] G1 | E4 | Hier-pFedMe | Selected 10/10
  [Client  8] Received edge weights.
  [Client  6] Received edge weights.
  [Client  0] Received edge weights.
  [Client  9] Received edge weights.
  [Client  7] Received edge weights.
  [Client  3] Received edge weights.
  [Client  5] Received edge weights.
  [Client  2] Received edge weights.
  [Client  1] Received edge weights.
  [Client  4] Received edge weights.
  [Client  0] Round 1 | Hier-pFedMe(λ2=35.0,K=1) | loss=8.2481
  [Client  8] Round 1 | Hier-pFedMe(λ2=35.0,K=1) | loss=14.1039
  [Client  6] Round 1 | Hier-pFedMe(λ2=35.0,K=1) | loss=2.1251
  [Client  9] Round 1 | Hier-pFedMe(λ2=35.0,K=1) | loss=14.2300
  [Client  7] Round 1 | Hier-pFedMe(λ2=35.0,K=1) | loss=5.8479
  [Client  3] Round 1 | Hier-pFedMe(λ2=35.0,K=1) | loss=1.1068
  [Client  5] Round 1 | Hier-pFedMe(λ2=35.0,K=1) | loss=5.7731
  [Client  2] Round 1 | Hier-pFedMe(λ2=35.0,K=1) | loss=1.1801
  [Client  1] Round 1 | Hier-pFedMe(λ2=35.0,K=1) | loss=6.9348
  [Client  4] Round 1 | Hier-pFedMe(λ2=35.0,K=1) | loss=1.6246
  [Edge 0] G1 | E4 | loss=5.2231
  [Edge 0] G1 | E5 | Hier-pFedMe | Selected 10/10
  [Client  8] Received edge weights.
  [Client  1] Received edge weights.
  [Client  7] Received edge weights.
  [Client  4] Received edge weights.
  [Client  5] Received edge weights.
  [Client  9] Received edge weights.
  [Client  3] Received edge weights.
  [Client  0] Received edge weights.
  [Client  6] Received edge weights.
  [Client  2] Received edge weights.
  [Client  1] Round 1 | Hier-pFedMe(λ2=35.0,K=1) | loss=6.5668
  [Client  7] Round 1 | Hier-pFedMe(λ2=35.0,K=1) | loss=7.1003
  [Client  8] Round 1 | Hier-pFedMe(λ2=35.0,K=1) | loss=7.3230
  [Client  4] Round 1 | Hier-pFedMe(λ2=35.0,K=1) | loss=1.5451
  [Client  5] Round 1 | Hier-pFedMe(λ2=35.0,K=1) | loss=3.2938
  [Client  3] Round 1 | Hier-pFedMe(λ2=35.0,K=1) | loss=2.5604
  [Client  9] Round 1 | Hier-pFedMe(λ2=35.0,K=1) | loss=7.4636
  [Client  0] Round 1 | Hier-pFedMe(λ2=35.0,K=1) | loss=6.2424
  [Client  6] Round 1 | Hier-pFedMe(λ2=35.0,K=1) | loss=2.0934
  [Client  2] Round 1 | Hier-pFedMe(λ2=35.0,K=1) | loss=3.1272
  [Edge 0] G1 | E5 | loss=4.4359
  [Edge 1] G1 | E1 | Hier-pFedMe | Selected 10/10
  [Client 10] Received edge weights.
  [Client 19] Received edge weights.
  [Client 13] Received edge weights.
  [Client 17] Received edge weights.
  [Client 12] Received edge weights.
  [Client 14] Received edge weights.
  [Client 15] Received edge weights.
  [Client 11] Received edge weights.
  [Client 16] Received edge weights.
  [Client 18] Received edge weights.
  [Client 19] Round 1 | Hier-pFedMe(λ2=35.0,K=1) | loss=3.3114
  [Client 13] Round 1 | Hier-pFedMe(λ2=35.0,K=1) | loss=2.0970
  [Client 17] Round 1 | Hier-pFedMe(λ2=35.0,K=1) | loss=4.3614
  [Client 10] Round 1 | Hier-pFedMe(λ2=35.0,K=1) | loss=3.9156
  [Client 12] Round 1 | Hier-pFedMe(λ2=35.0,K=1) | loss=2.6785
  [Client 14] Round 1 | Hier-pFedMe(λ2=35.0,K=1) | loss=3.0632
  [Client 15] Round 1 | Hier-pFedMe(λ2=35.0,K=1) | loss=2.2521
  [Client 11] Round 1 | Hier-pFedMe(λ2=35.0,K=1) | loss=1.8989
  [Client 16] Round 1 | Hier-pFedMe(λ2=35.0,K=1) | loss=2.6086
  [Client 18] Round 1 | Hier-pFedMe(λ2=35.0,K=1) | loss=3.7781
  [Edge 1] G1 | E1 | loss=2.9965
  [Edge 1] G1 | E2 | Hier-pFedMe | Selected 10/10
  [Client 11] Received edge weights.
  [Client 15] Received edge weights.
  [Client 19] Received edge weights.
  [Client 16] Received edge weights.
  [Client 18] Received edge weights.
  [Client 14] Received edge weights.
  [Client 17] Received edge weights.
  [Client 12] Received edge weights.
  [Client 13] Received edge weights.
  [Client 10] Received edge weights.
  [Client 11] Round 1 | Hier-pFedMe(λ2=35.0,K=1) | loss=2.2200
  [Client 16] Round 1 | Hier-pFedMe(λ2=35.0,K=1) | loss=1.1852
  [Client 19] Round 1 | Hier-pFedMe(λ2=35.0,K=1) | loss=1.8245
  [Client 15] Round 1 | Hier-pFedMe(λ2=35.0,K=1) | loss=2.6271
  [Client 14] Round 1 | Hier-pFedMe(λ2=35.0,K=1) | loss=2.7289
  [Client 18] Round 1 | Hier-pFedMe(λ2=35.0,K=1) | loss=1.4849
  [Client 12] Round 1 | Hier-pFedMe(λ2=35.0,K=1) | loss=0.9926
  [Client 17] Round 1 | Hier-pFedMe(λ2=35.0,K=1) | loss=1.6638
  [Client 13] Round 1 | Hier-pFedMe(λ2=35.0,K=1) | loss=2.3625
  [Client 10] Round 1 | Hier-pFedMe(λ2=35.0,K=1) | loss=1.0331
  [Edge 1] G1 | E2 | loss=1.8123
  [Edge 1] G1 | E3 | Hier-pFedMe | Selected 10/10
  [Client 10] Received edge weights.
  [Client 14] Received edge weights.
  [Client 15] Received edge weights.
  [Client 12] Received edge weights.
  [Client 18] Received edge weights.
  [Client 11] Received edge weights.
  [Client 16] Received edge weights.
  [Client 13] Received edge weights.
  [Client 17] Received edge weights.
  [Client 19] Received edge weights.
  [Client 10] Round 1 | Hier-pFedMe(λ2=35.0,K=1) | loss=3.7607
  [Client 14] Round 1 | Hier-pFedMe(λ2=35.0,K=1) | loss=2.3706
  [Client 15] Round 1 | Hier-pFedMe(λ2=35.0,K=1) | loss=0.9757
  [Client 12] Round 1 | Hier-pFedMe(λ2=35.0,K=1) | loss=2.5970
  [Client 18] Round 1 | Hier-pFedMe(λ2=35.0,K=1) | loss=3.1717
  [Client 16] Round 1 | Hier-pFedMe(λ2=35.0,K=1) | loss=2.7033
  [Client 11] Round 1 | Hier-pFedMe(λ2=35.0,K=1) | loss=1.6011
  [Client 13] Round 1 | Hier-pFedMe(λ2=35.0,K=1) | loss=1.8155
  [Client 17] Round 1 | Hier-pFedMe(λ2=35.0,K=1) | loss=3.5205
  [Client 19] Round 1 | Hier-pFedMe(λ2=35.0,K=1) | loss=2.0203
  [Edge 1] G1 | E3 | loss=2.4537
  [Edge 1] G1 | E4 | Hier-pFedMe | Selected 10/10
  [Client 12] Received edge weights.
  [Client 18] Received edge weights.
  [Client 14] Received edge weights.
  [Client 15] Received edge weights.
  [Client 10] Received edge weights.
  [Client 13] Received edge weights.
  [Client 11] Received edge weights.
  [Client 16] Received edge weights.
  [Client 19] Received edge weights.
  [Client 17] Received edge weights.
  [Client 15] Round 1 | Hier-pFedMe(λ2=35.0,K=1) | loss=5.7414
  [Client 18] Round 1 | Hier-pFedMe(λ2=35.0,K=1) | loss=1.6412
  [Client 12] Round 1 | Hier-pFedMe(λ2=35.0,K=1) | loss=0.7782
  [Client 14] Round 1 | Hier-pFedMe(λ2=35.0,K=1) | loss=9.9575
  [Client 13] Round 1 | Hier-pFedMe(λ2=35.0,K=1) | loss=9.1523  [Client 10] Round 1 | Hier-pFedMe(λ2=35.0,K=1) | loss=1.3520

  [Client 11] Round 1 | Hier-pFedMe(λ2=35.0,K=1) | loss=6.7209
  [Client 16] Round 1 | Hier-pFedMe(λ2=35.0,K=1) | loss=1.5136
  [Client 19] Round 1 | Hier-pFedMe(λ2=35.0,K=1) | loss=7.0204
  [Client 17] Round 1 | Hier-pFedMe(λ2=35.0,K=1) | loss=1.8085
  [Edge 1] G1 | E4 | loss=4.5686
  [Edge 1] G1 | E5 | Hier-pFedMe | Selected 10/10
  [Client 13] Received edge weights.
  [Client 16] Received edge weights.
  [Client 18] Received edge weights.
  [Client 19] Received edge weights.
  [Client 17] Received edge weights.
  [Client 15] Received edge weights.
  [Client 12] Received edge weights.
  [Client 14] Received edge weights.
  [Client 11] Received edge weights.
  [Client 10] Received edge weights.
  [Client 13] Round 1 | Hier-pFedMe(λ2=35.0,K=1) | loss=15.6822
  [Client 18] Round 1 | Hier-pFedMe(λ2=35.0,K=1) | loss=1.2715  [Client 16] Round 1 | Hier-pFedMe(λ2=35.0,K=1) | loss=5.0987  [Client 19] Round 1 | Hier-pFedMe(λ2=35.0,K=1) | loss=9.9363


  [Client 15] Round 1 | Hier-pFedMe(λ2=35.0,K=1) | loss=13.3285
  [Client 17] Round 1 | Hier-pFedMe(λ2=35.0,K=1) | loss=1.3353
  [Client 12] Round 1 | Hier-pFedMe(λ2=35.0,K=1) | loss=5.8620
  [Client 14] Round 1 | Hier-pFedMe(λ2=35.0,K=1) | loss=9.0281
  [Client 11] Round 1 | Hier-pFedMe(λ2=35.0,K=1) | loss=14.1029
  [Client 10] Round 1 | Hier-pFedMe(λ2=35.0,K=1) | loss=4.7330
  [Edge 1] G1 | E5 | loss=8.0378
[C0] eval model[0] mean=0.000417 | θ̃ mean=0.000417 | edge mean=0.000947 |local ref=0.000576
[C0] n=1000 | classes=[3, 6] | acc=0.4890 | per_class={3: '0.01', 6: '0.99'}
[C1] eval model[0] mean=0.001333 | θ̃ mean=0.001333 | edge mean=0.000947 |local ref=0.001217
[C1] n=1000 | classes=[3, 6] | acc=0.4850 | per_class={3: '0.00', 6: '1.00'}
[C2] eval model[0] mean=0.001686 | θ̃ mean=0.001686 | edge mean=0.000947 |local ref=0.001464
[C2] n=1000 | classes=[2, 5] | acc=0.5070 | per_class={2: '1.00', 5: '0.00'}
[C3] eval model[0] mean=0.001765 | θ̃ mean=0.001765 | edge mean=0.000947 |local ref=0.001520
[C3] n=1000 | classes=[5, 7] | acc=0.5060 | per_class={5: '1.00', 7: '0.00'}
[C4] eval model[0] mean=0.001759 | θ̃ mean=0.001759 | edge mean=0.000947 |local ref=0.001516
[C4] n=1000 | classes=[2, 7] | acc=0.5070 | per_class={2: '1.00', 7: '0.00'}
[C5] eval model[0] mean=0.002366 | θ̃ mean=0.002366 | edge mean=0.000947 |local ref=0.001940
[C5] n=1000 | classes=[2, 4] | acc=0.5100 | per_class={2: '1.00', 4: '0.00'}
[C6] eval model[0] mean=0.001347 | θ̃ mean=0.001347 | edge mean=0.000947 |local ref=0.001227
[C6] n=1000 | classes=[6, 7] | acc=0.5070 | per_class={6: '0.00', 7: '1.00'}
[C7] eval model[0] mean=0.003537 | θ̃ mean=0.003537 | edge mean=0.000947 |local ref=0.002760
[C7] n=1000 | classes=[3, 5] | acc=0.5150 | per_class={3: '0.00', 5: '1.00'}
[C8] eval model[0] mean=0.002783 | θ̃ mean=0.002783 | edge mean=0.000947 |local ref=0.002232
[C8] n=500 | classes=[4] | acc=1.0000 | per_class={4: '1.00'}
[C9] eval model[0] mean=0.002626 | θ̃ mean=0.002626 | edge mean=0.000947 |local ref=0.002123
[C9] n=500 | classes=[4] | acc=1.0000 | per_class={4: '1.00'}
[C10] eval model[0] mean=-0.001932 | θ̃ mean=-0.001932 | edge mean=0.000025 |local ref=-0.001345
[C10] n=600 | classes=[8, 9] | acc=0.4867 | per_class={8: '1.00', 9: '0.00'}
[C11] eval model[0] mean=0.001808 | θ̃ mean=0.001808 | edge mean=0.000025 |local ref=0.001273
[C11] n=600 | classes=[0, 1] | acc=0.5000 | per_class={0: '0.00', 1: '1.00'}
[C12] eval model[0] mean=0.000638 | θ̃ mean=0.000638 | edge mean=0.000025 |local ref=0.000454
[C12] n=600 | classes=[1, 8] | acc=0.6950 | per_class={1: '0.88', 8: '0.50'}
[C13] eval model[0] mean=0.001753 | θ̃ mean=0.001753 | edge mean=0.000025 |local ref=0.001235
[C13] n=600 | classes=[0, 8] | acc=0.4817 | per_class={0: '0.00', 8: '1.00'}
[C14] eval model[0] mean=0.001248 | θ̃ mean=0.001248 | edge mean=0.000025 |local ref=0.000881
[C14] n=600 | classes=[0, 9] | acc=0.4883 | per_class={0: '0.00', 9: '1.00'}
[C15] eval model[0] mean=-0.001023 | θ̃ mean=-0.001023 | edge mean=0.000025 |local ref=-0.000708
[C15] n=600 | classes=[0, 8] | acc=0.4917 | per_class={0: '0.00', 8: '1.00'}
[C16] eval model[0] mean=-0.001754 | θ̃ mean=-0.001754 | edge mean=0.000025 |local ref=-0.001220
[C16] n=600 | classes=[1, 8] | acc=0.4850 | per_class={1: '1.00', 8: '0.00'}
[C17] eval model[0] mean=0.002697 | θ̃ mean=0.002697 | edge mean=0.000025 |local ref=0.001896
[C17] n=600 | classes=[1, 9] | acc=0.4817 | per_class={1: '1.00', 9: '0.00'}
[C18] eval model[0] mean=0.002974 | θ̃ mean=0.002974 | edge mean=0.000025 |local ref=0.002090
[C18] n=600 | classes=[1, 9] | acc=0.5233 | per_class={1: '1.00', 9: '0.00'}
[C19] eval model[0] mean=-0.001079 | θ̃ mean=-0.001079 | edge mean=0.000025 |local ref=-0.000748
[C19] n=600 | classes=[0, 9] | acc=0.5233 | per_class={0: '0.00', 9: '1.00'}
  [Cloud] GM=0.1231 | EM=0.2018 PM=0.5413 | loss=2.3070 | time=84.1s | comm=4556.2MB (total=4556MB)

[Round   2] Broadcasting to 2 edges...
  [Edge 0] W_n reset to global weights for new round.
  [Edge 1] W_n reset to global weights for new round.
  [Edge 0] G2 | E1 | Hier-pFedMe | Selected 10/10
  [Client  9] Received edge weights.
  [Client  2] Received edge weights.
  [Client  6] Received edge weights.
  [Client  8] Received edge weights.
  [Client  5] Received edge weights.
  [Client  1] Received edge weights.
  [Client  4] Received edge weights.
  [Client  0] Received edge weights.
  [Client  7] Received edge weights.
  [Client  3] Received edge weights.
  [Client  9] Round 2 | Hier-pFedMe(λ2=35.0,K=1) | loss=4.9680
  [Client  6] Round 2 | Hier-pFedMe(λ2=35.0,K=1) | loss=3.6439
  [Client  2] Round 2 | Hier-pFedMe(λ2=35.0,K=1) | loss=2.7638
  [Client  8] Round 2 | Hier-pFedMe(λ2=35.0,K=1) | loss=4.9396
  [Client  1] Round 2 | Hier-pFedMe(λ2=35.0,K=1) | loss=2.7737
  [Client  5] Round 2 | Hier-pFedMe(λ2=35.0,K=1) | loss=3.2109
  [Client  4] Round 2 | Hier-pFedMe(λ2=35.0,K=1) | loss=3.0728
  [Client  0] Round 2 | Hier-pFedMe(λ2=35.0,K=1) | loss=2.8493
  [Client  7] Round 2 | Hier-pFedMe(λ2=35.0,K=1) | loss=3.6216
  [Client  3] Round 2 | Hier-pFedMe(λ2=35.0,K=1) | loss=4.3942
  [Edge 0] G2 | E1 | loss=3.4760
  [Edge 0] G2 | E2 | Hier-pFedMe | Selected 10/10
  [Client  1] Received edge weights.
  [Client  5] Received edge weights.
  [Client  6] Received edge weights.
  [Client  8] Received edge weights.
  [Client  4] Received edge weights.
  [Client  3] Received edge weights.
  [Client  0] Received edge weights.
  [Client  7] Received edge weights.
  [Client  9] Received edge weights.
  [Client  2] Received edge weights.
  [Client  1] Round 2 | Hier-pFedMe(λ2=35.0,K=1) | loss=1.5030
  [Client  5] Round 2 | Hier-pFedMe(λ2=35.0,K=1) | loss=2.4493
  [Client  8] Round 2 | Hier-pFedMe(λ2=35.0,K=1) | loss=2.1521
  [Client  6] Round 2 | Hier-pFedMe(λ2=35.0,K=1) | loss=3.4740
  [Client  3] Round 2 | Hier-pFedMe(λ2=35.0,K=1) | loss=3.1821
  [Client  4] Round 2 | Hier-pFedMe(λ2=35.0,K=1) | loss=3.1830
  [Client  0] Round 2 | Hier-pFedMe(λ2=35.0,K=1) | loss=1.4895
  [Client  7] Round 2 | Hier-pFedMe(λ2=35.0,K=1) | loss=1.9101
  [Client  9] Round 2 | Hier-pFedMe(λ2=35.0,K=1) | loss=2.0992
  [Client  2] Round 2 | Hier-pFedMe(λ2=35.0,K=1) | loss=2.2131
  [Edge 0] G2 | E2 | loss=2.3922
  [Edge 0] G2 | E3 | Hier-pFedMe | Selected 10/10
  [Client  6] Received edge weights.
  [Client  8] Received edge weights.
  [Client  3] Received edge weights.
  [Client  1] Received edge weights.
  [Client  9] Received edge weights.
  [Client  0] Received edge weights.
  [Client  5] Received edge weights.
  [Client  4] Received edge weights.
  [Client  7] Received edge weights.
  [Client  2] Received edge weights.
  [Client  6] Round 2 | Hier-pFedMe(λ2=35.0,K=1) | loss=2.8029
  [Client  3] Round 2 | Hier-pFedMe(λ2=35.0,K=1) | loss=3.1819
  [Client  8] Round 2 | Hier-pFedMe(λ2=35.0,K=1) | loss=1.2397
  [Client  1] Round 2 | Hier-pFedMe(λ2=35.0,K=1) | loss=1.5588
  [Client  9] Round 2 | Hier-pFedMe(λ2=35.0,K=1) | loss=1.2877
  [Client  0] Round 2 | Hier-pFedMe(λ2=35.0,K=1) | loss=1.6611
  [Client  5] Round 2 | Hier-pFedMe(λ2=35.0,K=1) | loss=2.1352
  [Client  4] Round 2 | Hier-pFedMe(λ2=35.0,K=1) | loss=3.6532
  [Client  7] Round 2 | Hier-pFedMe(λ2=35.0,K=1) | loss=1.7107
  [Client  2] Round 2 | Hier-pFedMe(λ2=35.0,K=1) | loss=2.2253
  [Edge 0] G2 | E3 | loss=2.2437
  [Edge 0] G2 | E4 | Hier-pFedMe | Selected 10/10
  [Client  5] Received edge weights.
  [Client  1] Received edge weights.
  [Client  6] Received edge weights.
  [Client  2] Received edge weights.
  [Client  8] Received edge weights.
  [Client  0] Received edge weights.
  [Client  7] Received edge weights.
  [Client  4] Received edge weights.
  [Client  3] Received edge weights.
  [Client  9] Received edge weights.
  [Client  2] Round 2 | Hier-pFedMe(λ2=35.0,K=1) | loss=2.2115
  [Client  1] Round 2 | Hier-pFedMe(λ2=35.0,K=1) | loss=1.8823
  [Client  6] Round 2 | Hier-pFedMe(λ2=35.0,K=1) | loss=2.4374
  [Client  5] Round 2 | Hier-pFedMe(λ2=35.0,K=1) | loss=1.8556
  [Client  8] Round 2 | Hier-pFedMe(λ2=35.0,K=1) | loss=0.8897
  [Client  0] Round 2 | Hier-pFedMe(λ2=35.0,K=1) | loss=1.9527
  [Client  7] Round 2 | Hier-pFedMe(λ2=35.0,K=1) | loss=1.9776
  [Client  4] Round 2 | Hier-pFedMe(λ2=35.0,K=1) | loss=3.2364
  [Client  3] Round 2 | Hier-pFedMe(λ2=35.0,K=1) | loss=3.4240
  [Client  9] Round 2 | Hier-pFedMe(λ2=35.0,K=1) | loss=0.9013
  [Edge 0] G2 | E4 | loss=2.2081
  [Edge 0] G2 | E5 | Hier-pFedMe | Selected 10/10
  [Client  6] Received edge weights.
  [Client  2] Received edge weights.
  [Client  5] Received edge weights.
  [Client  1] Received edge weights.
  [Client  8] Received edge weights.
  [Client  9] Received edge weights.
  [Client  3] Received edge weights.
  [Client  7] Received edge weights.
  [Client  4] Received edge weights.
  [Client  0] Received edge weights.
  [Client  2] Round 2 | Hier-pFedMe(λ2=35.0,K=1) | loss=2.1078
  [Client  1] Round 2 | Hier-pFedMe(λ2=35.0,K=1) | loss=1.9297
  [Client  5] Round 2 | Hier-pFedMe(λ2=35.0,K=1) | loss=1.5730
  [Client  6] Round 2 | Hier-pFedMe(λ2=35.0,K=1) | loss=2.5124
  [Client  8] Round 2 | Hier-pFedMe(λ2=35.0,K=1) | loss=1.2417
  [Client  3] Round 2 | Hier-pFedMe(λ2=35.0,K=1) | loss=3.0782
  [Client  9] Round 2 | Hier-pFedMe(λ2=35.0,K=1) | loss=1.2541
  [Client  7] Round 2 | Hier-pFedMe(λ2=35.0,K=1) | loss=2.0818
  [Client  0] Round 2 | Hier-pFedMe(λ2=35.0,K=1) | loss=1.7816
  [Client  4] Round 2 | Hier-pFedMe(λ2=35.0,K=1) | loss=2.5848
  [Edge 0] G2 | E5 | loss=2.0997
  [Edge 1] G2 | E1 | Hier-pFedMe | Selected 10/10
  [Client 14] Received edge weights.
  [Client 16] Received edge weights.
  [Client 17] Received edge weights.
  [Client 11] Received edge weights.
  [Client 13] Received edge weights.
  [Client 19] Received edge weights.
  [Client 12] Received edge weights.
  [Client 10] Received edge weights.
  [Client 15] Received edge weights.
  [Client 18] Received edge weights.
  [Client 11] Round 2 | Hier-pFedMe(λ2=35.0,K=1) | loss=3.7265
  [Client 16] Round 2 | Hier-pFedMe(λ2=35.0,K=1) | loss=1.8983
  [Client 17] Round 2 | Hier-pFedMe(λ2=35.0,K=1) | loss=1.6826
  [Client 14] Round 2 | Hier-pFedMe(λ2=35.0,K=1) | loss=3.5170
  [Client 13] Round 2 | Hier-pFedMe(λ2=35.0,K=1) | loss=3.4837
  [Client 12] Round 2 | Hier-pFedMe(λ2=35.0,K=1) | loss=1.9659
  [Client 19] Round 2 | Hier-pFedMe(λ2=35.0,K=1) | loss=4.0912
  [Client 10] Round 2 | Hier-pFedMe(λ2=35.0,K=1) | loss=1.5496
  [Client 18] Round 2 | Hier-pFedMe(λ2=35.0,K=1) | loss=1.7521
  [Client 15] Round 2 | Hier-pFedMe(λ2=35.0,K=1) | loss=2.8115
  [Edge 1] G2 | E1 | loss=2.6478
  [Edge 1] G2 | E2 | Hier-pFedMe | Selected 10/10
  [Client 12] Received edge weights.
  [Client 11] Received edge weights.
  [Client 10] Received edge weights.
  [Client 13] Received edge weights.
  [Client 17] Received edge weights.
  [Client 19] Received edge weights.
  [Client 16] Received edge weights.
  [Client 18] Received edge weights.
  [Client 15] Received edge weights.
  [Client 14] Received edge weights.
  [Client 12] Round 2 | Hier-pFedMe(λ2=35.0,K=1) | loss=0.9893
  [Client 11] Round 2 | Hier-pFedMe(λ2=35.0,K=1) | loss=2.5422
  [Client 10] Round 2 | Hier-pFedMe(λ2=35.0,K=1) | loss=5.0042
  [Client 13] Round 2 | Hier-pFedMe(λ2=35.0,K=1) | loss=3.0510
  [Client 17] Round 2 | Hier-pFedMe(λ2=35.0,K=1) | loss=3.8561
  [Client 19] Round 2 | Hier-pFedMe(λ2=35.0,K=1) | loss=5.1165
  [Client 16] Round 2 | Hier-pFedMe(λ2=35.0,K=1) | loss=1.1375
  [Client 18] Round 2 | Hier-pFedMe(λ2=35.0,K=1) | loss=2.5686
  [Client 14] Round 2 | Hier-pFedMe(λ2=35.0,K=1) | loss=4.7826
  [Client 15] Round 2 | Hier-pFedMe(λ2=35.0,K=1) | loss=2.8244
  [Edge 1] G2 | E2 | loss=3.1872
  [Edge 1] G2 | E3 | Hier-pFedMe | Selected 10/10
  [Client 13] Received edge weights.
  [Client 10] Received edge weights.
  [Client 14] Received edge weights.
  [Client 12] Received edge weights.
  [Client 17] Received edge weights.
  [Client 18] Received edge weights.
  [Client 16] Received edge weights.
  [Client 19] Received edge weights.
  [Client 15] Received edge weights.
  [Client 11] Received edge weights.
  [Client 14] Round 2 | Hier-pFedMe(λ2=35.0,K=1) | loss=3.0777
  [Client 13] Round 2 | Hier-pFedMe(λ2=35.0,K=1) | loss=0.9788
  [Client 12] Round 2 | Hier-pFedMe(λ2=35.0,K=1) | loss=1.6459
  [Client 10] Round 2 | Hier-pFedMe(λ2=35.0,K=1) | loss=2.1269
  [Client 17] Round 2 | Hier-pFedMe(λ2=35.0,K=1) | loss=3.5469
  [Client 18] Round 2 | Hier-pFedMe(λ2=35.0,K=1) | loss=3.7972
  [Client 16] Round 2 | Hier-pFedMe(λ2=35.0,K=1) | loss=1.8331
  [Client 19] Round 2 | Hier-pFedMe(λ2=35.0,K=1) | loss=2.7753
  [Client 15] Round 2 | Hier-pFedMe(λ2=35.0,K=1) | loss=0.8230
  [Client 11] Round 2 | Hier-pFedMe(λ2=35.0,K=1) | loss=2.2677
  [Edge 1] G2 | E3 | loss=2.2873
  [Edge 1] G2 | E4 | Hier-pFedMe | Selected 10/10
  [Client 11] Received edge weights.
  [Client 15] Received edge weights.
  [Client 14] Received edge weights.
  [Client 19] Received edge weights.
  [Client 12] Received edge weights.
  [Client 17] Received edge weights.
  [Client 10] Received edge weights.
  [Client 13] Received edge weights.
  [Client 16] Received edge weights.
  [Client 18] Received edge weights.
  [Client 14] Round 2 | Hier-pFedMe(λ2=35.0,K=1) | loss=2.1061
  [Client 15] Round 2 | Hier-pFedMe(λ2=35.0,K=1) | loss=1.1733
  [Client 11] Round 2 | Hier-pFedMe(λ2=35.0,K=1) | loss=1.8949
  [Client 19] Round 2 | Hier-pFedMe(λ2=35.0,K=1) | loss=1.9959
  [Client 12] Round 2 | Hier-pFedMe(λ2=35.0,K=1) | loss=1.8754
  [Client 17] Round 2 | Hier-pFedMe(λ2=35.0,K=1) | loss=2.9050
  [Client 10] Round 2 | Hier-pFedMe(λ2=35.0,K=1) | loss=2.3229
  [Client 13] Round 2 | Hier-pFedMe(λ2=35.0,K=1) | loss=1.4565
  [Client 16] Round 2 | Hier-pFedMe(λ2=35.0,K=1) | loss=2.0356
  [Client 18] Round 2 | Hier-pFedMe(λ2=35.0,K=1) | loss=3.0028
  [Edge 1] G2 | E4 | loss=2.0768
  [Edge 1] G2 | E5 | Hier-pFedMe | Selected 10/10
  [Client 14] Received edge weights.
  [Client 18] Received edge weights.
  [Client 11] Received edge weights.
  [Client 13] Received edge weights.
  [Client 17] Received edge weights.
  [Client 16] Received edge weights.
  [Client 10] Received edge weights.
  [Client 15] Received edge weights.
  [Client 19] Received edge weights.
  [Client 12] Received edge weights.
  [Client 11] Round 2 | Hier-pFedMe(λ2=35.0,K=1) | loss=1.6386
  [Client 14] Round 2 | Hier-pFedMe(λ2=35.0,K=1) | loss=1.5122
  [Client 13] Round 2 | Hier-pFedMe(λ2=35.0,K=1) | loss=1.3053
  [Client 18] Round 2 | Hier-pFedMe(λ2=35.0,K=1) | loss=1.8031
  [Client 17] Round 2 | Hier-pFedMe(λ2=35.0,K=1) | loss=1.7979
  [Client 16] Round 2 | Hier-pFedMe(λ2=35.0,K=1) | loss=1.4613
  [Client 10] Round 2 | Hier-pFedMe(λ2=35.0,K=1) | loss=1.5244
  [Client 15] Round 2 | Hier-pFedMe(λ2=35.0,K=1) | loss=1.4632
  [Client 19] Round 2 | Hier-pFedMe(λ2=35.0,K=1) | loss=1.6062
  [Client 12] Round 2 | Hier-pFedMe(λ2=35.0,K=1) | loss=1.7375
  [Edge 1] G2 | E5 | loss=1.5850
[C0] eval model[0] mean=0.002600 | θ̃ mean=0.002600 | edge mean=0.002727 |local ref=0.002638
[C0] n=1000 | classes=[3, 6] | acc=0.5960 | per_class={3: '0.41', 6: '0.80'}
[C1] eval model[0] mean=0.003490 | θ̃ mean=0.003490 | edge mean=0.002727 |local ref=0.003261
[C1] n=1000 | classes=[3, 6] | acc=0.5340 | per_class={3: '0.11', 6: '0.99'}
[C2] eval model[0] mean=0.002611 | θ̃ mean=0.002611 | edge mean=0.002727 |local ref=0.002646
[C2] n=1000 | classes=[2, 5] | acc=0.5120 | per_class={2: '0.99', 5: '0.02'}
[C3] eval model[0] mean=0.002687 | θ̃ mean=0.002687 | edge mean=0.002727 |local ref=0.002699
[C3] n=1000 | classes=[5, 7] | acc=0.5150 | per_class={5: '0.07', 7: '0.97'}
[C4] eval model[0] mean=0.003226 | θ̃ mean=0.003226 | edge mean=0.002727 |local ref=0.003076
[C4] n=1000 | classes=[2, 7] | acc=0.5070 | per_class={2: '1.00', 7: '0.00'}
[C5] eval model[0] mean=0.003644 | θ̃ mean=0.003644 | edge mean=0.002727 |local ref=0.003369
[C5] n=1000 | classes=[2, 4] | acc=0.5100 | per_class={2: '1.00', 4: '0.00'}
[C6] eval model[0] mean=0.003734 | θ̃ mean=0.003734 | edge mean=0.002727 |local ref=0.003432
[C6] n=1000 | classes=[6, 7] | acc=0.4930 | per_class={6: '1.00', 7: '0.00'}
[C7] eval model[0] mean=0.003649 | θ̃ mean=0.003649 | edge mean=0.002727 |local ref=0.003372
[C7] n=1000 | classes=[3, 5] | acc=0.4850 | per_class={3: '1.00', 5: '0.00'}
[C8] eval model[0] mean=0.003811 | θ̃ mean=0.003811 | edge mean=0.002727 |local ref=0.003486
[C8] n=500 | classes=[4] | acc=1.0000 | per_class={4: '1.00'}
[C9] eval model[0] mean=0.004378 | θ̃ mean=0.004378 | edge mean=0.002727 |local ref=0.003883
[C9] n=500 | classes=[4] | acc=1.0000 | per_class={4: '1.00'}
[C10] eval model[0] mean=0.000997 | θ̃ mean=0.000997 | edge mean=0.001691 |local ref=0.001205
[C10] n=600 | classes=[8, 9] | acc=0.4867 | per_class={8: '1.00', 9: '0.00'}
[C11] eval model[0] mean=0.003013 | θ̃ mean=0.003013 | edge mean=0.001691 |local ref=0.002616
[C11] n=600 | classes=[0, 1] | acc=0.5000 | per_class={0: '0.00', 1: '1.00'}
[C12] eval model[0] mean=0.001566 | θ̃ mean=0.001566 | edge mean=0.001691 |local ref=0.001604
[C12] n=600 | classes=[1, 8] | acc=0.4867 | per_class={1: '0.00', 8: '1.00'}
[C13] eval model[0] mean=0.002454 | θ̃ mean=0.002454 | edge mean=0.001691 |local ref=0.002225
[C13] n=600 | classes=[0, 8] | acc=0.4817 | per_class={0: '0.00', 8: '1.00'}
[C14] eval model[0] mean=0.002636 | θ̃ mean=0.002636 | edge mean=0.001691 |local ref=0.002353
[C14] n=600 | classes=[0, 9] | acc=0.5317 | per_class={0: '0.17', 9: '0.91'}
[C15] eval model[0] mean=0.000241 | θ̃ mean=0.000241 | edge mean=0.001691 |local ref=0.000676
[C15] n=600 | classes=[0, 8] | acc=0.4917 | per_class={0: '0.00', 8: '1.00'}
[C16] eval model[0] mean=0.000144 | θ̃ mean=0.000144 | edge mean=0.001691 |local ref=0.000608
[C16] n=600 | classes=[1, 8] | acc=0.5167 | per_class={1: '0.00', 8: '1.00'}
[C17] eval model[0] mean=0.004113 | θ̃ mean=0.004113 | edge mean=0.001691 |local ref=0.003386
[C17] n=600 | classes=[1, 9] | acc=0.4817 | per_class={1: '1.00', 9: '0.00'}
[C18] eval model[0] mean=0.002841 | θ̃ mean=0.002841 | edge mean=0.001691 |local ref=0.002496
[C18] n=600 | classes=[1, 9] | acc=0.5233 | per_class={1: '1.00', 9: '0.00'}
[C19] eval model[0] mean=0.001205 | θ̃ mean=0.001205 | edge mean=0.001691 |local ref=0.001350
[C19] n=600 | classes=[0, 9] | acc=0.5400 | per_class={0: '0.03', 9: '1.00'}
  [Cloud] GM=0.1409 | EM=0.2488 PM=0.5451 | loss=2.2991 | time=48.3s | comm=4556.2MB (total=9112MB)

[Round   3] Broadcasting to 2 edges...
  [Edge 0] W_n reset to global weights for new round.
  [Edge 1] W_n reset to global weights for new round.
  [Edge 0] G3 | E1 | Hier-pFedMe | Selected 10/10
  [Client  9] Received edge weights.
  [Client  4] Received edge weights.
  [Client  3] Received edge weights.
  [Client  6] Received edge weights.
  [Client  1] Received edge weights.
  [Client  5] Received edge weights.
  [Client  0] Received edge weights.
  [Client  7] Received edge weights.
  [Client  8] Received edge weights.
  [Client  2] Received edge weights.
  [Client  4] Round 3 | Hier-pFedMe(λ2=35.0,K=1) | loss=2.8144
  [Client  6] Round 3 | Hier-pFedMe(λ2=35.0,K=1) | loss=2.2274
  [Client  3] Round 3 | Hier-pFedMe(λ2=35.0,K=1) | loss=2.3523
  [Client  9] Round 3 | Hier-pFedMe(λ2=35.0,K=1) | loss=2.0717
  [Client  1] Round 3 | Hier-pFedMe(λ2=35.0,K=1) | loss=2.0173  [Client  5] Round 3 | Hier-pFedMe(λ2=35.0,K=1) | loss=2.4085

  [Client  0] Round 3 | Hier-pFedMe(λ2=35.0,K=1) | loss=1.9500
  [Client  7] Round 3 | Hier-pFedMe(λ2=35.0,K=1) | loss=2.0417
  [Client  8] Round 3 | Hier-pFedMe(λ2=35.0,K=1) | loss=2.0793
  [Client  2] Round 3 | Hier-pFedMe(λ2=35.0,K=1) | loss=2.3902
  [Edge 0] G3 | E1 | loss=2.2530
  [Edge 0] G3 | E2 | Hier-pFedMe | Selected 10/10
  [Client  4] Received edge weights.
  [Client  9] Received edge weights.
  [Client  5] Received edge weights.
  [Client  6] Received edge weights.
  [Client  7] Received edge weights.
  [Client  1] Received edge weights.
  [Client  8] Received edge weights.
  [Client  0] Received edge weights.
  [Client  3] Received edge weights.
  [Client  2] Received edge weights.
  [Client  4] Round 3 | Hier-pFedMe(λ2=35.0,K=1) | loss=2.0104
  [Client  5] Round 3 | Hier-pFedMe(λ2=35.0,K=1) | loss=2.2469
  [Client  9] Round 3 | Hier-pFedMe(λ2=35.0,K=1) | loss=1.8756
  [Client  6] Round 3 | Hier-pFedMe(λ2=35.0,K=1) | loss=1.8684
  [Client  1] Round 3 | Hier-pFedMe(λ2=35.0,K=1) | loss=1.9909  [Client  7] Round 3 | Hier-pFedMe(λ2=35.0,K=1) | loss=2.0844

  [Client  8] Round 3 | Hier-pFedMe(λ2=35.0,K=1) | loss=1.9042
  [Client  0] Round 3 | Hier-pFedMe(λ2=35.0,K=1) | loss=2.0497
  [Client  3] Round 3 | Hier-pFedMe(λ2=35.0,K=1) | loss=1.8785
  [Client  2] Round 3 | Hier-pFedMe(λ2=35.0,K=1) | loss=2.2828
  [Edge 0] G3 | E2 | loss=2.0335
  [Edge 0] G3 | E3 | Hier-pFedMe | Selected 10/10
  [Client  7] Received edge weights.
  [Client  6] Received edge weights.
  [Client  5] Received edge weights.
  [Client  9] Received edge weights.
  [Client  4] Received edge weights.
  [Client  1] Received edge weights.
  [Client  2] Received edge weights.
  [Client  0] Received edge weights.
  [Client  3] Received edge weights.
  [Client  8] Received edge weights.
  [Client  5] Round 3 | Hier-pFedMe(λ2=35.0,K=1) | loss=1.9448
  [Client  6] Round 3 | Hier-pFedMe(λ2=35.0,K=1) | loss=1.6035
  [Client  9] Round 3 | Hier-pFedMe(λ2=35.0,K=1) | loss=1.6528
  [Client  7] Round 3 | Hier-pFedMe(λ2=35.0,K=1) | loss=2.1368
  [Client  1] Round 3 | Hier-pFedMe(λ2=35.0,K=1) | loss=2.1653
  [Client  4] Round 3 | Hier-pFedMe(λ2=35.0,K=1) | loss=1.7799
  [Client  2] Round 3 | Hier-pFedMe(λ2=35.0,K=1) | loss=2.2485
  [Client  0] Round 3 | Hier-pFedMe(λ2=35.0,K=1) | loss=2.0989
  [Client  3] Round 3 | Hier-pFedMe(λ2=35.0,K=1) | loss=1.8337
  [Client  8] Round 3 | Hier-pFedMe(λ2=35.0,K=1) | loss=1.6679
  [Edge 0] G3 | E3 | loss=1.9413
  [Edge 0] G3 | E4 | Hier-pFedMe | Selected 10/10
  [Client  7] Received edge weights.
  [Client  0] Received edge weights.
  [Client  8] Received edge weights.
  [Client  1] Received edge weights.
  [Client  2] Received edge weights.
  [Client  3] Received edge weights.
  [Client  9] Received edge weights.
  [Client  6] Received edge weights.
  [Client  5] Received edge weights.
  [Client  4] Received edge weights.
  [Client  7] Round 3 | Hier-pFedMe(λ2=35.0,K=1) | loss=2.1027
  [Client  0] Round 3 | Hier-pFedMe(λ2=35.0,K=1) | loss=2.0666
  [Client  1] Round 3 | Hier-pFedMe(λ2=35.0,K=1) | loss=2.0994
  [Client  8] Round 3 | Hier-pFedMe(λ2=35.0,K=1) | loss=1.5056
  [Client  2] Round 3 | Hier-pFedMe(λ2=35.0,K=1) | loss=2.1211
  [Client  3] Round 3 | Hier-pFedMe(λ2=35.0,K=1) | loss=1.5761
  [Client  9] Round 3 | Hier-pFedMe(λ2=35.0,K=1) | loss=1.4882
  [Client  6] Round 3 | Hier-pFedMe(λ2=35.0,K=1) | loss=1.5366
  [Client  5] Round 3 | Hier-pFedMe(λ2=35.0,K=1) | loss=1.7378
  [Client  4] Round 3 | Hier-pFedMe(λ2=35.0,K=1) | loss=1.8786
  [Edge 0] G3 | E4 | loss=1.8462
  [Edge 0] G3 | E5 | Hier-pFedMe | Selected 10/10
  [Client  4] Received edge weights.
  [Client  5] Received edge weights.
  [Client  9] Received edge weights.
  [Client  0] Received edge weights.
  [Client  3] Received edge weights.
  [Client  7] Received edge weights.
  [Client  2] Received edge weights.
  [Client  6] Received edge weights.
  [Client  1] Received edge weights.
  [Client  8] Received edge weights.
  [Client  5] Round 3 | Hier-pFedMe(λ2=35.0,K=1) | loss=1.6014
  [Client  0] Round 3 | Hier-pFedMe(λ2=35.0,K=1) | loss=2.1639
  [Client  4] Round 3 | Hier-pFedMe(λ2=35.0,K=1) | loss=1.9172
  [Client  9] Round 3 | Hier-pFedMe(λ2=35.0,K=1) | loss=1.4019
  [Client  7] Round 3 | Hier-pFedMe(λ2=35.0,K=1) | loss=2.0580
  [Client  3] Round 3 | Hier-pFedMe(λ2=35.0,K=1) | loss=1.5618
  [Client  2] Round 3 | Hier-pFedMe(λ2=35.0,K=1) | loss=1.8968
  [Client  6] Round 3 | Hier-pFedMe(λ2=35.0,K=1) | loss=2.1581
  [Client  1] Round 3 | Hier-pFedMe(λ2=35.0,K=1) | loss=2.1697
  [Client  8] Round 3 | Hier-pFedMe(λ2=35.0,K=1) | loss=1.4663
  [Edge 0] G3 | E5 | loss=1.8846
  [Edge 1] G3 | E1 | Hier-pFedMe | Selected 10/10
  [Client 18] Received edge weights.
  [Client 11] Received edge weights.
  [Client 12] Received edge weights.
  [Client 17] Received edge weights.
  [Client 10] Received edge weights.
  [Client 15] Received edge weights.
  [Client 19] Received edge weights.
  [Client 13] Received edge weights.
  [Client 14] Received edge weights.
  [Client 16] Received edge weights.
  [Client 18] Round 3 | Hier-pFedMe(λ2=35.0,K=1) | loss=2.8692
  [Client 12] Round 3 | Hier-pFedMe(λ2=35.0,K=1) | loss=2.8024
  [Client 17] Round 3 | Hier-pFedMe(λ2=35.0,K=1) | loss=2.6652
  [Client 11] Round 3 | Hier-pFedMe(λ2=35.0,K=1) | loss=2.6298
  [Client 10] Round 3 | Hier-pFedMe(λ2=35.0,K=1) | loss=2.1604
  [Client 15] Round 3 | Hier-pFedMe(λ2=35.0,K=1) | loss=2.2358
  [Client 19] Round 3 | Hier-pFedMe(λ2=35.0,K=1) | loss=2.1937
  [Client 13] Round 3 | Hier-pFedMe(λ2=35.0,K=1) | loss=2.1384
  [Client 14] Round 3 | Hier-pFedMe(λ2=35.0,K=1) | loss=2.2713
  [Client 16] Round 3 | Hier-pFedMe(λ2=35.0,K=1) | loss=2.5503
  [Edge 1] G3 | E1 | loss=2.4516
  [Edge 1] G3 | E2 | Hier-pFedMe | Selected 10/10
  [Client 15] Received edge weights.
  [Client 10] Received edge weights.
  [Client 13] Received edge weights.
  [Client 12] Received edge weights.
  [Client 17] Received edge weights.
  [Client 16] Received edge weights.
  [Client 19] Received edge weights.
  [Client 18] Received edge weights.
  [Client 14] Received edge weights.
  [Client 11] Received edge weights.
  [Client 15] Round 3 | Hier-pFedMe(λ2=35.0,K=1) | loss=2.3180
  [Client 12] Round 3 | Hier-pFedMe(λ2=35.0,K=1) | loss=2.0182
  [Client 10] Round 3 | Hier-pFedMe(λ2=35.0,K=1) | loss=1.3854
  [Client 13] Round 3 | Hier-pFedMe(λ2=35.0,K=1) | loss=2.1433
  [Client 17] Round 3 | Hier-pFedMe(λ2=35.0,K=1) | loss=1.6155
  [Client 19] Round 3 | Hier-pFedMe(λ2=35.0,K=1) | loss=1.6991
  [Client 18] Round 3 | Hier-pFedMe(λ2=35.0,K=1) | loss=1.5451
  [Client 16] Round 3 | Hier-pFedMe(λ2=35.0,K=1) | loss=1.9874
  [Client 14] Round 3 | Hier-pFedMe(λ2=35.0,K=1) | loss=1.9446
  [Client 11] Round 3 | Hier-pFedMe(λ2=35.0,K=1) | loss=2.0614
  [Edge 1] G3 | E2 | loss=1.8718
  [Edge 1] G3 | E3 | Hier-pFedMe | Selected 10/10
  [Client 15] Received edge weights.
  [Client 17] Received edge weights.
  [Client 16] Received edge weights.
  [Client 10] Received edge weights.
  [Client 12] Received edge weights.
  [Client 14] Received edge weights.
  [Client 18] Received edge weights.
  [Client 19] Received edge weights.
  [Client 13] Received edge weights.
  [Client 11] Received edge weights.
  [Client 10] Round 3 | Hier-pFedMe(λ2=35.0,K=1) | loss=1.5165
  [Client 17] Round 3 | Hier-pFedMe(λ2=35.0,K=1) | loss=1.0851
  [Client 16] Round 3 | Hier-pFedMe(λ2=35.0,K=1) | loss=1.6365
  [Client 15] Round 3 | Hier-pFedMe(λ2=35.0,K=1) | loss=1.8679
  [Client 12] Round 3 | Hier-pFedMe(λ2=35.0,K=1) | loss=1.4063
  [Client 14] Round 3 | Hier-pFedMe(λ2=35.0,K=1) | loss=1.7982
  [Client 18] Round 3 | Hier-pFedMe(λ2=35.0,K=1) | loss=1.3429
  [Client 19] Round 3 | Hier-pFedMe(λ2=35.0,K=1) | loss=1.6682
  [Client 13] Round 3 | Hier-pFedMe(λ2=35.0,K=1) | loss=2.0210
  [Client 11] Round 3 | Hier-pFedMe(λ2=35.0,K=1) | loss=1.4553
  [Edge 1] G3 | E3 | loss=1.5798
  [Edge 1] G3 | E4 | Hier-pFedMe | Selected 10/10
  [Client 10] Received edge weights.
  [Client 19] Received edge weights.
  [Client 13] Received edge weights.
  [Client 15] Received edge weights.
  [Client 17] Received edge weights.
  [Client 16] Received edge weights.
  [Client 12] Received edge weights.
  [Client 11] Received edge weights.
  [Client 14] Received edge weights.
  [Client 18] Received edge weights.
  [Client 13] Round 3 | Hier-pFedMe(λ2=35.0,K=1) | loss=1.8902
  [Client 10] Round 3 | Hier-pFedMe(λ2=35.0,K=1) | loss=1.5891
  [Client 15] Round 3 | Hier-pFedMe(λ2=35.0,K=1) | loss=1.7758
  [Client 19] Round 3 | Hier-pFedMe(λ2=35.0,K=1) | loss=1.6812
  [Client 17] Round 3 | Hier-pFedMe(λ2=35.0,K=1) | loss=1.1974
  [Client 16] Round 3 | Hier-pFedMe(λ2=35.0,K=1) | loss=1.1952
  [Client 12] Round 3 | Hier-pFedMe(λ2=35.0,K=1) | loss=1.0799
  [Client 11] Round 3 | Hier-pFedMe(λ2=35.0,K=1) | loss=1.5090
  [Client 14] Round 3 | Hier-pFedMe(λ2=35.0,K=1) | loss=1.7862
  [Client 18] Round 3 | Hier-pFedMe(λ2=35.0,K=1) | loss=1.2891
  [Edge 1] G3 | E4 | loss=1.4993
  [Edge 1] G3 | E5 | Hier-pFedMe | Selected 10/10
  [Client 12] Received edge weights.
  [Client 14] Received edge weights.
  [Client 13] Received edge weights.
  [Client 10] Received edge weights.
  [Client 19] Received edge weights.
  [Client 11] Received edge weights.
  [Client 17] Received edge weights.
  [Client 15] Received edge weights.
  [Client 18] Received edge weights.
  [Client 16] Received edge weights.
  [Client 10] Round 3 | Hier-pFedMe(λ2=35.0,K=1) | loss=1.3460
  [Client 12] Round 3 | Hier-pFedMe(λ2=35.0,K=1) | loss=1.2753
  [Client 13] Round 3 | Hier-pFedMe(λ2=35.0,K=1) | loss=1.2735
  [Client 14] Round 3 | Hier-pFedMe(λ2=35.0,K=1) | loss=1.5967
  [Client 19] Round 3 | Hier-pFedMe(λ2=35.0,K=1) | loss=1.4919
  [Client 17] Round 3 | Hier-pFedMe(λ2=35.0,K=1) | loss=1.4949
  [Client 11] Round 3 | Hier-pFedMe(λ2=35.0,K=1) | loss=1.4882
  [Client 15] Round 3 | Hier-pFedMe(λ2=35.0,K=1) | loss=1.3355
  [Client 18] Round 3 | Hier-pFedMe(λ2=35.0,K=1) | loss=1.6526
  [Client 16] Round 3 | Hier-pFedMe(λ2=35.0,K=1) | loss=1.1962
  [Edge 1] G3 | E5 | loss=1.4151
