This job can be monitored from: https://job.c3se.chalmers.se/alvis/6369447
========================================
Job ID      : 6369447
Job Name    : HierFLcifar10
Node        : alvis5-05
Start Time  : Fri Apr 10 05:32:47 CEST 2026
Working Dir : /cephyr/users/ziangg/Alvis/tf-dpfl
========================================
[Setup] Python: /cephyr/users/ziangg/Alvis/TF_DPFL_2026/bin/python
[Setup] TF version: 2.15.1
[Setup] GPU available: [PhysicalDevice(name='/physical_device:GPU:0', device_type='GPU')]
[Config] Override: wandb.enabled = True
[Setup] Random seed: 42
[Setup] Loading CIFAR-10...
[Setup] Building global model...
Model: "wideresnet28_4"
__________________________________________________________________________________________________
 Layer (type)                Output Shape                 Param #   Connected to                  
==================================================================================================
 input_1 (InputLayer)        [(None, 32, 32, 3)]          0         []                            
                                                                                                  
 conv2d (Conv2D)             (None, 32, 32, 16)           432       ['input_1[0][0]']             
                                                                                                  
 group_normalization (Group  (None, 32, 32, 16)           32        ['conv2d[0][0]']              
 Normalization)                                                                                   
                                                                                                  
 re_lu (ReLU)                (None, 32, 32, 16)           0         ['group_normalization[0][0]'] 
                                                                                                  
 conv2d_1 (Conv2D)           (None, 32, 32, 64)           9216      ['re_lu[0][0]']               
                                                                                                  
 dropout (Dropout)           (None, 32, 32, 64)           0         ['conv2d_1[0][0]']            
                                                                                                  
 group_normalization_1 (Gro  (None, 32, 32, 64)           128       ['dropout[0][0]']             
 upNormalization)                                                                                 
                                                                                                  
 re_lu_1 (ReLU)              (None, 32, 32, 64)           0         ['group_normalization_1[0][0]'
                                                                    ]                             
                                                                                                  
 conv2d_2 (Conv2D)           (None, 32, 32, 64)           36864     ['re_lu_1[0][0]']             
                                                                                                  
 conv2d_3 (Conv2D)           (None, 32, 32, 64)           1024      ['conv2d[0][0]']              
                                                                                                  
 tf.__operators__.add (TFOp  (None, 32, 32, 64)           0         ['conv2d_2[0][0]',            
 Lambda)                                                             'conv2d_3[0][0]']            
                                                                                                  
 group_normalization_2 (Gro  (None, 32, 32, 64)           128       ['tf.__operators__.add[0][0]']
 upNormalization)                                                                                 
                                                                                                  
 re_lu_2 (ReLU)              (None, 32, 32, 64)           0         ['group_normalization_2[0][0]'
                                                                    ]                             
                                                                                                  
 conv2d_4 (Conv2D)           (None, 32, 32, 64)           36864     ['re_lu_2[0][0]']             
                                                                                                  
 dropout_1 (Dropout)         (None, 32, 32, 64)           0         ['conv2d_4[0][0]']            
                                                                                                  
 group_normalization_3 (Gro  (None, 32, 32, 64)           128       ['dropout_1[0][0]']           
 upNormalization)                                                                                 
                                                                                                  
 re_lu_3 (ReLU)              (None, 32, 32, 64)           0         ['group_normalization_3[0][0]'
                                                                    ]                             
                                                                                                  
 conv2d_5 (Conv2D)           (None, 32, 32, 64)           36864     ['re_lu_3[0][0]']             
                                                                                                  
 tf.__operators__.add_1 (TF  (None, 32, 32, 64)           0         ['conv2d_5[0][0]',            
 OpLambda)                                                           'tf.__operators__.add[0][0]']
                                                                                                  
 group_normalization_4 (Gro  (None, 32, 32, 64)           128       ['tf.__operators__.add_1[0][0]
 upNormalization)                                                   ']                            
                                                                                                  
 re_lu_4 (ReLU)              (None, 32, 32, 64)           0         ['group_normalization_4[0][0]'
                                                                    ]                             
                                                                                                  
 conv2d_6 (Conv2D)           (None, 16, 16, 128)          73728     ['re_lu_4[0][0]']             
                                                                                                  
 dropout_2 (Dropout)         (None, 16, 16, 128)          0         ['conv2d_6[0][0]']            
                                                                                                  
 group_normalization_5 (Gro  (None, 16, 16, 128)          256       ['dropout_2[0][0]']           
 upNormalization)                                                                                 
                                                                                                  
 re_lu_5 (ReLU)              (None, 16, 16, 128)          0         ['group_normalization_5[0][0]'
                                                                    ]                             
                                                                                                  
 conv2d_7 (Conv2D)           (None, 16, 16, 128)          147456    ['re_lu_5[0][0]']             
                                                                                                  
 conv2d_8 (Conv2D)           (None, 16, 16, 128)          8192      ['tf.__operators__.add_1[0][0]
                                                                    ']                            
                                                                                                  
 tf.__operators__.add_2 (TF  (None, 16, 16, 128)          0         ['conv2d_7[0][0]',            
 OpLambda)                                                           'conv2d_8[0][0]']            
                                                                                                  
 group_normalization_6 (Gro  (None, 16, 16, 128)          256       ['tf.__operators__.add_2[0][0]
 upNormalization)                                                   ']                            
                                                                                                  
 re_lu_6 (ReLU)              (None, 16, 16, 128)          0         ['group_normalization_6[0][0]'
                                                                    ]                             
                                                                                                  
 conv2d_9 (Conv2D)           (None, 16, 16, 128)          147456    ['re_lu_6[0][0]']             
                                                                                                  
 dropout_3 (Dropout)         (None, 16, 16, 128)          0         ['conv2d_9[0][0]']            
                                                                                                  
 group_normalization_7 (Gro  (None, 16, 16, 128)          256       ['dropout_3[0][0]']           
 upNormalization)                                                                                 
                                                                                                  
 re_lu_7 (ReLU)              (None, 16, 16, 128)          0         ['group_normalization_7[0][0]'
                                                                    ]                             
                                                                                                  
 conv2d_10 (Conv2D)          (None, 16, 16, 128)          147456    ['re_lu_7[0][0]']             
                                                                                                  
 tf.__operators__.add_3 (TF  (None, 16, 16, 128)          0         ['conv2d_10[0][0]',           
 OpLambda)                                                           'tf.__operators__.add_2[0][0]
                                                                    ']                            
                                                                                                  
 group_normalization_8 (Gro  (None, 16, 16, 128)          256       ['tf.__operators__.add_3[0][0]
 upNormalization)                                                   ']                            
                                                                                                  
 re_lu_8 (ReLU)              (None, 16, 16, 128)          0         ['group_normalization_8[0][0]'
                                                                    ]                             
                                                                                                  
 conv2d_11 (Conv2D)          (None, 8, 8, 256)            294912    ['re_lu_8[0][0]']             
                                                                                                  
 dropout_4 (Dropout)         (None, 8, 8, 256)            0         ['conv2d_11[0][0]']           
                                                                                                  
 group_normalization_9 (Gro  (None, 8, 8, 256)            512       ['dropout_4[0][0]']           
 upNormalization)                                                                                 
                                                                                                  
 re_lu_9 (ReLU)              (None, 8, 8, 256)            0         ['group_normalization_9[0][0]'
                                                                    ]                             
                                                                                                  
 conv2d_12 (Conv2D)          (None, 8, 8, 256)            589824    ['re_lu_9[0][0]']             
                                                                                                  
 conv2d_13 (Conv2D)          (None, 8, 8, 256)            32768     ['tf.__operators__.add_3[0][0]
                                                                    ']                            
                                                                                                  
 tf.__operators__.add_4 (TF  (None, 8, 8, 256)            0         ['conv2d_12[0][0]',           
 OpLambda)                                                           'conv2d_13[0][0]']           
                                                                                                  
 group_normalization_10 (Gr  (None, 8, 8, 256)            512       ['tf.__operators__.add_4[0][0]
 oupNormalization)                                                  ']                            
                                                                                                  
 re_lu_10 (ReLU)             (None, 8, 8, 256)            0         ['group_normalization_10[0][0]
                                                                    ']                            
                                                                                                  
 conv2d_14 (Conv2D)          (None, 8, 8, 256)            589824    ['re_lu_10[0][0]']            
                                                                                                  
 dropout_5 (Dropout)         (None, 8, 8, 256)            0         ['conv2d_14[0][0]']           
                                                                                                  
 group_normalization_11 (Gr  (None, 8, 8, 256)            512       ['dropout_5[0][0]']           
 oupNormalization)                                                                                
                                                                                                  
 re_lu_11 (ReLU)             (None, 8, 8, 256)            0         ['group_normalization_11[0][0]
                                                                    ']                            
                                                                                                  
 conv2d_15 (Conv2D)          (None, 8, 8, 256)            589824    ['re_lu_11[0][0]']            
                                                                                                  
 tf.__operators__.add_5 (TF  (None, 8, 8, 256)            0         ['conv2d_15[0][0]',           
 OpLambda)                                                           'tf.__operators__.add_4[0][0]
                                                                    ']                            
                                                                                                  
 group_normalization_12 (Gr  (None, 8, 8, 256)            512       ['tf.__operators__.add_5[0][0]
 oupNormalization)                                                  ']                            
                                                                                                  
 re_lu_12 (ReLU)             (None, 8, 8, 256)            0         ['group_normalization_12[0][0]
                                                                    ']                            
                                                                                                  
 global_average_pooling2d (  (None, 256)                  0         ['re_lu_12[0][0]']            
 GlobalAveragePooling2D)                                                                          
                                                                                                  
 dense (Dense)               (None, 10)                   2570      ['global_average_pooling2d[0][
                                                                    0]']                          
                                                                                                  
==================================================================================================
Total params: 2748890 (10.49 MB)
Trainable params: 2748890 (10.49 MB)
Non-trainable params: 0 (0.00 Byte)
__________________________________________________________________________________________________
[Setup] Building clients...

[Non-IID] α=0.5, 10 clients, 10 classes
Client       Samples    Top-3 classes
----------------------------------------------------
client_0     3597       cls9:1461, cls7:941, cls5:343
client_1     5704       cls4:3063, cls6:1108, cls8:456
client_2     2879       cls1:1113, cls4:911, cls6:520
client_3     2857       cls0:1266, cls1:545, cls9:435
client_4     6512       cls0:2148, cls2:1687, cls8:1321
client_5     4084       cls3:2404, cls2:907, cls1:350
client_6     7936       cls7:3402, cls5:1951, cls6:1507
client_7     4043       cls1:2304, cls8:583, cls2:322
client_8     3670       cls6:1117, cls5:718, cls0:437
client_9     8718       cls8:2259, cls9:1870, cls3:1815

[Setup] 10 clients built (noniid, α=0.5)
[Setup] Building edge servers...

[Assignment] Histogram clustering | 10 clients → 2 edges | no DP
  Edge 0: clients [0, 3, 4, 5, 6, 9]
  Edge 1: clients [1, 2, 7, 8]
[EdgeServer 0] 6 clients | 33704 samples
[EdgeServer 1] 4 clients | 16296 samples

[Setup] Built 2 edge servers (strategy=histogram)
  Edge 0: 6 clients | 33704 samples
  Edge 1: 4 clients | 16296 samples
[CloudServer] 2 edges | model: 10.49 MB

====================================================
 HierFAVG Training Start
====================================================

[Round   1] Broadcasting to 2 edges...
  [Edge 0] G1 | E1 | Selected 4/6
  [Client  5] Round 1 | SCAFFOLD | loss=1.2511
  [Client  4] Round 1 | SCAFFOLD | loss=1.2714
  [Client  9] Round 1 | SCAFFOLD | loss=1.3988
  [Client  0] Round 1 | SCAFFOLD | loss=1.5440
  [Edge 0] G1 | E1 | loss=1.3591
  [Edge 0] G1 | E2 | Selected 4/6
  [Client  3] Round 1 | SCAFFOLD | loss=1.2278
  [Client  9] Round 1 | SCAFFOLD | loss=1.4102
  [Client  5] Round 1 | SCAFFOLD | loss=1.0884
  [Client  6] Round 1 | SCAFFOLD | loss=1.2687
  [Edge 0] G1 | E2 | loss=1.2848
  [Edge 1] G1 | E1 | Selected 2/4
  [Client  1] Round 1 | SCAFFOLD | loss=1.2692
  [Client  2] Round 1 | SCAFFOLD | loss=1.3230
  [Edge 1] G1 | E1 | loss=1.2873
  [Edge 1] G1 | E2 | Selected 2/4
  [Client  7] Round 1 | SCAFFOLD | loss=1.1763
  [Client  1] Round 1 | SCAFFOLD | loss=1.2322
  [Edge 1] G1 | E2 | loss=1.2090
  [Cloud] acc=0.2008 | loss=2.3362 | time=212.8s | comm=461.4MB (total=461MB)

[Round   2] Broadcasting to 2 edges...
  [Edge 0] G2 | E1 | Selected 4/6
  [Client  4] Round 2 | SCAFFOLD | loss=1.3043
  [Client  0] Round 2 | SCAFFOLD | loss=1.3238
  [Client  5] Round 2 | SCAFFOLD | loss=1.2864
  [Client  6] Round 2 | SCAFFOLD | loss=1.4781
  [Edge 0] G2 | E1 | loss=1.3665
  [Edge 0] G2 | E2 | Selected 4/6
  [Client  0] Round 2 | SCAFFOLD | loss=1.7707
  [Client  4] Round 2 | SCAFFOLD | loss=1.5763
  [Client  6] Round 2 | SCAFFOLD | loss=2.2675
  [Client  3] Round 2 | SCAFFOLD | loss=1.3798
  [Edge 0] G2 | E2 | loss=1.8453
  [Edge 1] G2 | E1 | Selected 2/4
  [Client  7] Round 2 | SCAFFOLD | loss=1.4124
  [Client  2] Round 2 | SCAFFOLD | loss=1.1072
  [Edge 1] G2 | E1 | loss=1.2854
  [Edge 1] G2 | E2 | Selected 2/4
  [Client  8] Round 2 | SCAFFOLD | loss=2.0120
  [Client  7] Round 2 | SCAFFOLD | loss=1.6278
  [Edge 1] G2 | E2 | loss=1.8106
  [Cloud] acc=0.1096 | loss=8.3007 | time=118.5s | comm=461.4MB (total=923MB)

[Round   3] Broadcasting to 2 edges...
  [Edge 0] G3 | E1 | Selected 4/6
  [Client  0] Round 3 | SCAFFOLD | loss=5.2210
  [Client  4] Round 3 | SCAFFOLD | loss=5.2744
  [Client  6] Round 3 | SCAFFOLD | loss=185.8454
  [Client  9] Round 3 | SCAFFOLD | loss=7.8033
  [Edge 0] G3 | E1 | loss=59.6355
  [Edge 0] G3 | E2 | Selected 4/6
  [Client  0] Round 3 | SCAFFOLD | loss=118.5449
  [Client  3] Round 3 | SCAFFOLD | loss=20.8559
  [Client  6] Round 3 | SCAFFOLD | loss=1095.3587
  [Client  5] Round 3 | SCAFFOLD | loss=37.0344
  [Edge 0] G3 | E2 | loss=505.0345
  [Edge 1] G3 | E1 | Selected 2/4
  [Client  2] Round 3 | SCAFFOLD | loss=1.8623
  [Client  7] Round 3 | SCAFFOLD | loss=13.7334
  [Edge 1] G3 | E1 | loss=8.7960
  [Edge 1] G3 | E2 | Selected 2/4
  [Client  8] Round 3 | SCAFFOLD | loss=24.6295
  [Client  7] Round 3 | SCAFFOLD | loss=55.9364
  [Edge 1] G3 | E2 | loss=41.0399
  [Cloud] acc=0.1287 | loss=983.7273 | time=113.1s | comm=461.4MB (total=1384MB)

[Round   4] Broadcasting to 2 edges...
  [Edge 0] G4 | E1 | Selected 4/6
  [Client  9] Round 4 | SCAFFOLD | loss=1620.9184
  [Client  5] Round 4 | SCAFFOLD | loss=2690.9784
  [Client  4] Round 4 | SCAFFOLD | loss=646.5499
  [Client  0] Round 4 | SCAFFOLD | loss=5284.7626
  [Edge 0] G4 | E1 | loss=2109.9362
  [Edge 0] G4 | E2 | Selected 4/6
  [Client  3] Round 4 | SCAFFOLD | loss=22511.8550
  [Client  4] Round 4 | SCAFFOLD | loss=38823.2929
  [Client  0] Round 4 | SCAFFOLD | loss=235865.2770
  [Client  9] Round 4 | SCAFFOLD | loss=115375.9328
  [Edge 0] G4 | E2 | loss=100137.8176
  [Edge 1] G4 | E1 | Selected 2/4
  [Client  1] Round 4 | SCAFFOLD | loss=471.6528
  [Client  7] Round 4 | SCAFFOLD | loss=6087.5341
  [Edge 1] G4 | E1 | loss=2801.0883
  [Edge 1] G4 | E2 | Selected 2/4
  [Client  2] Round 4 | SCAFFOLD | loss=17037.5200
  [Client  1] Round 4 | SCAFFOLD | loss=390710.4940
  [Edge 1] G4 | E2 | loss=265369.1807
  [Cloud] acc=0.1524 | loss=1075837.5102 | time=118.6s | comm=461.4MB (total=1846MB)

[Round   5] Broadcasting to 2 edges...
  [Edge 0] G5 | E1 | Selected 4/6
  [Client  3] Round 5 | SCAFFOLD | loss=5983156.6194
  [Client  9] Round 5 | SCAFFOLD | loss=18374613.5905
  [Client  6] Round 5 | SCAFFOLD | loss=184233.6079
  [Client  4] Round 5 | SCAFFOLD | loss=6005116.8531
  [Edge 0] G5 | E1 | loss=8371485.1709
  [Edge 0] G5 | E2 | Selected 4/6
  [Client  6] Round 5 | SCAFFOLD | loss=326150184.0161
  [Client  4] Round 5 | SCAFFOLD | loss=300494772.7019
  [Client  0] Round 5 | SCAFFOLD | loss=23052382.7111
  [Client  3] Round 5 | SCAFFOLD | loss=33198419.7049
  [Edge 0] G5 | E2 | loss=225955273.4617
  [Edge 1] G5 | E1 | Selected 2/4
  [Client  1] Round 5 | SCAFFOLD | loss=1731248.3708
  [Client  8] Round 5 | SCAFFOLD | loss=1562480.9646
  [Edge 1] G5 | E1 | loss=1665174.5089
  [Edge 1] G5 | E2 | Selected 2/4
  [Client  8] Round 5 | SCAFFOLD | loss=47210280.1611
  [Client  7] Round 5 | SCAFFOLD | loss=1582509.4004
  [Edge 1] G5 | E2 | loss=23293117.2951
  [Cloud] acc=0.1000 | loss=164639382.9632 | time=120.2s | comm=461.4MB (total=2307MB)

[Round   6] Broadcasting to 2 edges...
  [Edge 0] G6 | E1 | Selected 4/6
  [Client  5] Round 6 | SCAFFOLD | loss=46192507.8438
  [Client  6] Round 6 | SCAFFOLD | loss=4815871465.2043
  [Client  0] Round 6 | SCAFFOLD | loss=294623416.6222
  [Client  9] Round 6 | SCAFFOLD | loss=207703478.8143
  [Edge 0] G6 | E1 | loss=1696236922.4487
  [Edge 0] G6 | E2 | Selected 4/6
  [Client  9] Round 6 | SCAFFOLD | loss=20412574077.5619
  [Client  0] Round 6 | SCAFFOLD | loss=1861263564.4444
  [Client  4] Round 6 | SCAFFOLD | loss=9443371863.7949
  [Client  6] Round 6 | SCAFFOLD | loss=368969989850.4946
  [Edge 0] G6 | E2 | loss=118607512718.3070
  [Edge 1] G6 | E1 | Selected 2/4
  [Client  8] Round 6 | SCAFFOLD | loss=8226700909.0222
  [Client  1] Round 6 | SCAFFOLD | loss=67543316.2536
  [Edge 1] G6 | E1 | loss=3261922275.6584
  [Edge 1] G6 | E2 | Selected 2/4
  [Client  8] Round 6 | SCAFFOLD | loss=26919212168.8889
  [Client  2] Round 6 | SCAFFOLD | loss=12050412309.3333
  [Edge 1] G6 | E2 | loss=20382752435.2409
  [Cloud] acc=0.1000 | loss=17184177874.5344 | time=125.3s | comm=461.4MB (total=2768MB)

[Round   7] Broadcasting to 2 edges...
  [Edge 0] G7 | E1 | Selected 4/6
  [Client  4] Round 7 | SCAFFOLD | loss=nan
  [Client  6] Round 7 | SCAFFOLD | loss=nan
  [Client  3] Round 7 | SCAFFOLD | loss=20065342232.8889
  [Client  5] Round 7 | SCAFFOLD | loss=16919980168.0000
  [Edge 0] G7 | E1 | loss=nan
  [Edge 0] G7 | E2 | Selected 4/6
  [Client  6] Round 7 | SCAFFOLD | loss=nan
  [Client  9] Round 7 | SCAFFOLD | loss=nan
  [Client  4] Round 7 | SCAFFOLD | loss=nan
  [Client  3] Round 7 | SCAFFOLD | loss=nan
  [Edge 0] G7 | E2 | loss=nan
  [Edge 1] G7 | E1 | Selected 2/4
  [Client  8] Round 7 | SCAFFOLD | loss=nan
  [Client  1] Round 7 | SCAFFOLD | loss=89756350523.3623
  [Edge 1] G7 | E1 | loss=nan
  [Edge 1] G7 | E2 | Selected 2/4
  [Client  1] Round 7 | SCAFFOLD | loss=nan
  [Client  7] Round 7 | SCAFFOLD | loss=nan
  [Edge 1] G7 | E2 | loss=nan
  [Cloud] acc=0.1000 | loss=nan | time=123.9s | comm=461.4MB (total=3230MB)

[Round   8] Broadcasting to 2 edges...
  [Edge 0] G8 | E1 | Selected 4/6
  [Client  5] Round 8 | SCAFFOLD | loss=nan
  [Client  6] Round 8 | SCAFFOLD | loss=nan
  [Client  0] Round 8 | SCAFFOLD | loss=nan
  [Client  4] Round 8 | SCAFFOLD | loss=nan
  [Edge 0] G8 | E1 | loss=nan
  [Edge 0] G8 | E2 | Selected 4/6
  [Client  3] Round 8 | SCAFFOLD | loss=nan
  [Client  0] Round 8 | SCAFFOLD | loss=nan
  [Client  4] Round 8 | SCAFFOLD | loss=nan
  [Client  5] Round 8 | SCAFFOLD | loss=nan
  [Edge 0] G8 | E2 | loss=nan
  [Edge 1] G8 | E1 | Selected 2/4
  [Client  1] Round 8 | SCAFFOLD | loss=nan
  [Client  8] Round 8 | SCAFFOLD | loss=nan
  [Edge 1] G8 | E1 | loss=nan
  [Edge 1] G8 | E2 | Selected 2/4
  [Client  7] Round 8 | SCAFFOLD | loss=nan
  [Client  2] Round 8 | SCAFFOLD | loss=nan
  [Edge 1] G8 | E2 | loss=nan
  [Cloud] acc=0.1000 | loss=nan | time=104.1s | comm=461.4MB (total=3691MB)

[Round   9] Broadcasting to 2 edges...
  [Edge 0] G9 | E1 | Selected 4/6
  [Client  6] Round 9 | SCAFFOLD | loss=nan
  [Client  3] Round 9 | SCAFFOLD | loss=nan
  [Client  9] Round 9 | SCAFFOLD | loss=nan
  [Client  0] Round 9 | SCAFFOLD | loss=nan
  [Edge 0] G9 | E1 | loss=nan
  [Edge 0] G9 | E2 | Selected 4/6
  [Client  4] Round 9 | SCAFFOLD | loss=nan
  [Client  9] Round 9 | SCAFFOLD | loss=nan
  [Client  5] Round 9 | SCAFFOLD | loss=nan
  [Client  0] Round 9 | SCAFFOLD | loss=nan
  [Edge 0] G9 | E2 | loss=nan
  [Edge 1] G9 | E1 | Selected 2/4
  [Client  1] Round 9 | SCAFFOLD | loss=nan
  [Client  8] Round 9 | SCAFFOLD | loss=nan
  [Edge 1] G9 | E1 | loss=nan
  [Edge 1] G9 | E2 | Selected 2/4
  [Client  8] Round 9 | SCAFFOLD | loss=nan
  [Client  7] Round 9 | SCAFFOLD | loss=nan
  [Edge 1] G9 | E2 | loss=nan
  [Cloud] acc=0.1000 | loss=nan | time=117.8s | comm=461.4MB (total=4153MB)

[Round  10] Broadcasting to 2 edges...
  [Edge 0] G10 | E1 | Selected 4/6
  [Client  6] Round 10 | SCAFFOLD | loss=nan
  [Client  3] Round 10 | SCAFFOLD | loss=nan
  [Client  5] Round 10 | SCAFFOLD | loss=nan
  [Client  0] Round 10 | SCAFFOLD | loss=nan
  [Edge 0] G10 | E1 | loss=nan
  [Edge 0] G10 | E2 | Selected 4/6
  [Client  5] Round 10 | SCAFFOLD | loss=nan
  [Client  4] Round 10 | SCAFFOLD | loss=nan
  [Client  3] Round 10 | SCAFFOLD | loss=nan
  [Client  9] Round 10 | SCAFFOLD | loss=nan
  [Edge 0] G10 | E2 | loss=nan
  [Edge 1] G10 | E1 | Selected 2/4
  [Client  8] Round 10 | SCAFFOLD | loss=nan
  [Client  2] Round 10 | SCAFFOLD | loss=nan
  [Edge 1] G10 | E1 | loss=nan
  [Edge 1] G10 | E2 | Selected 2/4
  [Client  8] Round 10 | SCAFFOLD | loss=nan
  [Client  7] Round 10 | SCAFFOLD | loss=nan
  [Edge 1] G10 | E2 | loss=nan
  [Cloud] acc=0.1000 | loss=nan | time=103.1s | comm=461.4MB (total=4614MB)

[Round  11] Broadcasting to 2 edges...
  [Edge 0] G11 | E1 | Selected 4/6
  [Client  4] Round 11 | SCAFFOLD | loss=nan
  [Client  3] Round 11 | SCAFFOLD | loss=nan
  [Client  0] Round 11 | SCAFFOLD | loss=nan
  [Client  6] Round 11 | SCAFFOLD | loss=nan
  [Edge 0] G11 | E1 | loss=nan
  [Edge 0] G11 | E2 | Selected 4/6
  [Client  4] Round 11 | SCAFFOLD | loss=nan
  [Client  9] Round 11 | SCAFFOLD | loss=nan
  [Client  5] Round 11 | SCAFFOLD | loss=nan
  [Client  0] Round 11 | SCAFFOLD | loss=nan
  [Edge 0] G11 | E2 | loss=nan
  [Edge 1] G11 | E1 | Selected 2/4
  [Client  2] Round 11 | SCAFFOLD | loss=nan
  [Client  7] Round 11 | SCAFFOLD | loss=nan
  [Edge 1] G11 | E1 | loss=nan
  [Edge 1] G11 | E2 | Selected 2/4
  [Client  1] Round 11 | SCAFFOLD | loss=nan
  [Client  8] Round 11 | SCAFFOLD | loss=nan
  [Edge 1] G11 | E2 | loss=nan
  [Cloud] acc=0.1000 | loss=nan | time=112.4s | comm=461.4MB (total=5075MB)

[Round  12] Broadcasting to 2 edges...
  [Edge 0] G12 | E1 | Selected 4/6
  [Client  9] Round 12 | SCAFFOLD | loss=nan
  [Client  4] Round 12 | SCAFFOLD | loss=nan
  [Client  6] Round 12 | SCAFFOLD | loss=nan
  [Client  5] Round 12 | SCAFFOLD | loss=nan
  [Edge 0] G12 | E1 | loss=nan
  [Edge 0] G12 | E2 | Selected 4/6
  [Client  0] Round 12 | SCAFFOLD | loss=nan
  [Client  6] Round 12 | SCAFFOLD | loss=nan
  [Client  9] Round 12 | SCAFFOLD | loss=nan
  [Client  5] Round 12 | SCAFFOLD | loss=nan
  [Edge 0] G12 | E2 | loss=nan
  [Edge 1] G12 | E1 | Selected 2/4
  [Client  2] Round 12 | SCAFFOLD | loss=nan
  [Client  1] Round 12 | SCAFFOLD | loss=nan
  [Edge 1] G12 | E1 | loss=nan
  [Edge 1] G12 | E2 | Selected 2/4
  [Client  7] Round 12 | SCAFFOLD | loss=nan
  [Client  1] Round 12 | SCAFFOLD | loss=nan
  [Edge 1] G12 | E2 | loss=nan
  [Cloud] acc=0.1000 | loss=nan | time=129.9s | comm=461.4MB (total=5537MB)

[Round  13] Broadcasting to 2 edges...
  [Edge 0] G13 | E1 | Selected 4/6
  [Client  9] Round 13 | SCAFFOLD | loss=nan
  [Client  4] Round 13 | SCAFFOLD | loss=nan
  [Client  0] Round 13 | SCAFFOLD | loss=nan
  [Client  5] Round 13 | SCAFFOLD | loss=nan
  [Edge 0] G13 | E1 | loss=nan
  [Edge 0] G13 | E2 | Selected 4/6
  [Client  6] Round 13 | SCAFFOLD | loss=nan
  [Client  3] Round 13 | SCAFFOLD | loss=nan
  [Client  9] Round 13 | SCAFFOLD | loss=nan
  [Client  5] Round 13 | SCAFFOLD | loss=nan
  [Edge 0] G13 | E2 | loss=nan
  [Edge 1] G13 | E1 | Selected 2/4
  [Client  1] Round 13 | SCAFFOLD | loss=nan
  [Client  8] Round 13 | SCAFFOLD | loss=nan
  [Edge 1] G13 | E1 | loss=nan
  [Edge 1] G13 | E2 | Selected 2/4
  [Client  1] Round 13 | SCAFFOLD | loss=nan
  [Client  7] Round 13 | SCAFFOLD | loss=nan
  [Edge 1] G13 | E2 | loss=nan
  [Cloud] acc=0.1000 | loss=nan | time=122.3s | comm=461.4MB (total=5998MB)

[Round  14] Broadcasting to 2 edges...
  [Edge 0] G14 | E1 | Selected 4/6
  [Client  9] Round 14 | SCAFFOLD | loss=nan
  [Client  0] Round 14 | SCAFFOLD | loss=nan
  [Client  4] Round 14 | SCAFFOLD | loss=nan
  [Client  5] Round 14 | SCAFFOLD | loss=nan
  [Edge 0] G14 | E1 | loss=nan
  [Edge 0] G14 | E2 | Selected 4/6
  [Client  6] Round 14 | SCAFFOLD | loss=nan
  [Client  9] Round 14 | SCAFFOLD | loss=nan
  [Client  3] Round 14 | SCAFFOLD | loss=nan
  [Client  5] Round 14 | SCAFFOLD | loss=nan
  [Edge 0] G14 | E2 | loss=nan
  [Edge 1] G14 | E1 | Selected 2/4
  [Client  8] Round 14 | SCAFFOLD | loss=nan
  [Client  1] Round 14 | SCAFFOLD | loss=nan
  [Edge 1] G14 | E1 | loss=nan
  [Edge 1] G14 | E2 | Selected 2/4
  [Client  2] Round 14 | SCAFFOLD | loss=nan
  [Client  7] Round 14 | SCAFFOLD | loss=nan
  [Edge 1] G14 | E2 | loss=nan
  [Cloud] acc=0.1000 | loss=nan | time=117.2s | comm=461.4MB (total=6459MB)

[Round  15] Broadcasting to 2 edges...
  [Edge 0] G15 | E1 | Selected 4/6
  [Client  9] Round 15 | SCAFFOLD | loss=nan
  [Client  5] Round 15 | SCAFFOLD | loss=nan
  [Client  0] Round 15 | SCAFFOLD | loss=nan
  [Client  6] Round 15 | SCAFFOLD | loss=nan
  [Edge 0] G15 | E1 | loss=nan
  [Edge 0] G15 | E2 | Selected 4/6
  [Client  0] Round 15 | SCAFFOLD | loss=nan
  [Client  4] Round 15 | SCAFFOLD | loss=nan
  [Client  9] Round 15 | SCAFFOLD | loss=nan
  [Client  3] Round 15 | SCAFFOLD | loss=nan
  [Edge 0] G15 | E2 | loss=nan
  [Edge 1] G15 | E1 | Selected 2/4
  [Client  7] Round 15 | SCAFFOLD | loss=nan
  [Client  8] Round 15 | SCAFFOLD | loss=nan
  [Edge 1] G15 | E1 | loss=nan
  [Edge 1] G15 | E2 | Selected 2/4
  [Client  7] Round 15 | SCAFFOLD | loss=nan
  [Client  2] Round 15 | SCAFFOLD | loss=nan
  [Edge 1] G15 | E2 | loss=nan
  [Cloud] acc=0.1000 | loss=nan | time=113.5s | comm=461.4MB (total=6921MB)

[Round  16] Broadcasting to 2 edges...
  [Edge 0] G16 | E1 | Selected 4/6
  [Client  3] Round 16 | SCAFFOLD | loss=nan
  [Client  6] Round 16 | SCAFFOLD | loss=nan
  [Client  5] Round 16 | SCAFFOLD | loss=nan
  [Client  4] Round 16 | SCAFFOLD | loss=nan
  [Edge 0] G16 | E1 | loss=nan
  [Edge 0] G16 | E2 | Selected 4/6
  [Client  3] Round 16 | SCAFFOLD | loss=nan
  [Client  9] Round 16 | SCAFFOLD | loss=nan
  [Client  6] Round 16 | SCAFFOLD | loss=nan
  [Client  4] Round 16 | SCAFFOLD | loss=nan
  [Edge 0] G16 | E2 | loss=nan
  [Edge 1] G16 | E1 | Selected 2/4
  [Client  1] Round 16 | SCAFFOLD | loss=nan
  [Client  7] Round 16 | SCAFFOLD | loss=nan
  [Edge 1] G16 | E1 | loss=nan
  [Edge 1] G16 | E2 | Selected 2/4
  [Client  2] Round 16 | SCAFFOLD | loss=nan
  [Client  7] Round 16 | SCAFFOLD | loss=nan
  [Edge 1] G16 | E2 | loss=nan
  [Cloud] acc=0.1000 | loss=nan | time=119.4s | comm=461.4MB (total=7382MB)

[Round  17] Broadcasting to 2 edges...
  [Edge 0] G17 | E1 | Selected 4/6
  [Client  5] Round 17 | SCAFFOLD | loss=nan
  [Client  9] Round 17 | SCAFFOLD | loss=nan
  [Client  3] Round 17 | SCAFFOLD | loss=nan
  [Client  4] Round 17 | SCAFFOLD | loss=nan
  [Edge 0] G17 | E1 | loss=nan
  [Edge 0] G17 | E2 | Selected 4/6
  [Client  0] Round 17 | SCAFFOLD | loss=nan
  [Client  9] Round 17 | SCAFFOLD | loss=nan
  [Client  5] Round 17 | SCAFFOLD | loss=nan
  [Client  4] Round 17 | SCAFFOLD | loss=nan
  [Edge 0] G17 | E2 | loss=nan
  [Edge 1] G17 | E1 | Selected 2/4
  [Client  1] Round 17 | SCAFFOLD | loss=nan
  [Client  8] Round 17 | SCAFFOLD | loss=nan
  [Edge 1] G17 | E1 | loss=nan
  [Edge 1] G17 | E2 | Selected 2/4
  [Client  7] Round 17 | SCAFFOLD | loss=nan
  [Client  1] Round 17 | SCAFFOLD | loss=nan
  [Edge 1] G17 | E2 | loss=nan
  [Cloud] acc=0.1000 | loss=nan | time=119.7s | comm=461.4MB (total=7844MB)

[Round  18] Broadcasting to 2 edges...
  [Edge 0] G18 | E1 | Selected 4/6
  [Client  9] Round 18 | SCAFFOLD | loss=nan
  [Client  0] Round 18 | SCAFFOLD | loss=nan
