This job can be monitored from: https://job.c3se.chalmers.se/alvis/6369565
========================================
Job ID      : 6369565
Job Name    : HierFLcifar10
Node        : alvis5-08
Start Time  : Fri Apr 10 07:03:06 CEST 2026
Working Dir : /cephyr/users/ziangg/Alvis/tf-dpfl
========================================
[Setup] Python: /cephyr/users/ziangg/Alvis/TF_DPFL_2026/bin/python
[Setup] TF version: 2.15.1
[Setup] GPU available: [PhysicalDevice(name='/physical_device:GPU:0', device_type='GPU')]
[Config] Override: wandb.enabled = True
[Setup] Random seed: 42
[Setup] Loading CIFAR-10...
[Setup] Building global model...
Model: "wideresnet28_4"
__________________________________________________________________________________________________
 Layer (type)                Output Shape                 Param #   Connected to                  
==================================================================================================
 input_1 (InputLayer)        [(None, 32, 32, 3)]          0         []                            
                                                                                                  
 conv2d (Conv2D)             (None, 32, 32, 16)           432       ['input_1[0][0]']             
                                                                                                  
 group_normalization (Group  (None, 32, 32, 16)           32        ['conv2d[0][0]']              
 Normalization)                                                                                   
                                                                                                  
 re_lu (ReLU)                (None, 32, 32, 16)           0         ['group_normalization[0][0]'] 
                                                                                                  
 conv2d_1 (Conv2D)           (None, 32, 32, 64)           9216      ['re_lu[0][0]']               
                                                                                                  
 dropout (Dropout)           (None, 32, 32, 64)           0         ['conv2d_1[0][0]']            
                                                                                                  
 group_normalization_1 (Gro  (None, 32, 32, 64)           128       ['dropout[0][0]']             
 upNormalization)                                                                                 
                                                                                                  
 re_lu_1 (ReLU)              (None, 32, 32, 64)           0         ['group_normalization_1[0][0]'
                                                                    ]                             
                                                                                                  
 conv2d_2 (Conv2D)           (None, 32, 32, 64)           36864     ['re_lu_1[0][0]']             
                                                                                                  
 conv2d_3 (Conv2D)           (None, 32, 32, 64)           1024      ['conv2d[0][0]']              
                                                                                                  
 tf.__operators__.add (TFOp  (None, 32, 32, 64)           0         ['conv2d_2[0][0]',            
 Lambda)                                                             'conv2d_3[0][0]']            
                                                                                                  
 group_normalization_2 (Gro  (None, 32, 32, 64)           128       ['tf.__operators__.add[0][0]']
 upNormalization)                                                                                 
                                                                                                  
 re_lu_2 (ReLU)              (None, 32, 32, 64)           0         ['group_normalization_2[0][0]'
                                                                    ]                             
                                                                                                  
 conv2d_4 (Conv2D)           (None, 32, 32, 64)           36864     ['re_lu_2[0][0]']             
                                                                                                  
 dropout_1 (Dropout)         (None, 32, 32, 64)           0         ['conv2d_4[0][0]']            
                                                                                                  
 group_normalization_3 (Gro  (None, 32, 32, 64)           128       ['dropout_1[0][0]']           
 upNormalization)                                                                                 
                                                                                                  
 re_lu_3 (ReLU)              (None, 32, 32, 64)           0         ['group_normalization_3[0][0]'
                                                                    ]                             
                                                                                                  
 conv2d_5 (Conv2D)           (None, 32, 32, 64)           36864     ['re_lu_3[0][0]']             
                                                                                                  
 tf.__operators__.add_1 (TF  (None, 32, 32, 64)           0         ['conv2d_5[0][0]',            
 OpLambda)                                                           'tf.__operators__.add[0][0]']
                                                                                                  
 group_normalization_4 (Gro  (None, 32, 32, 64)           128       ['tf.__operators__.add_1[0][0]
 upNormalization)                                                   ']                            
                                                                                                  
 re_lu_4 (ReLU)              (None, 32, 32, 64)           0         ['group_normalization_4[0][0]'
                                                                    ]                             
                                                                                                  
 conv2d_6 (Conv2D)           (None, 16, 16, 128)          73728     ['re_lu_4[0][0]']             
                                                                                                  
 dropout_2 (Dropout)         (None, 16, 16, 128)          0         ['conv2d_6[0][0]']            
                                                                                                  
 group_normalization_5 (Gro  (None, 16, 16, 128)          256       ['dropout_2[0][0]']           
 upNormalization)                                                                                 
                                                                                                  
 re_lu_5 (ReLU)              (None, 16, 16, 128)          0         ['group_normalization_5[0][0]'
                                                                    ]                             
                                                                                                  
 conv2d_7 (Conv2D)           (None, 16, 16, 128)          147456    ['re_lu_5[0][0]']             
                                                                                                  
 conv2d_8 (Conv2D)           (None, 16, 16, 128)          8192      ['tf.__operators__.add_1[0][0]
                                                                    ']                            
                                                                                                  
 tf.__operators__.add_2 (TF  (None, 16, 16, 128)          0         ['conv2d_7[0][0]',            
 OpLambda)                                                           'conv2d_8[0][0]']            
                                                                                                  
 group_normalization_6 (Gro  (None, 16, 16, 128)          256       ['tf.__operators__.add_2[0][0]
 upNormalization)                                                   ']                            
                                                                                                  
 re_lu_6 (ReLU)              (None, 16, 16, 128)          0         ['group_normalization_6[0][0]'
                                                                    ]                             
                                                                                                  
 conv2d_9 (Conv2D)           (None, 16, 16, 128)          147456    ['re_lu_6[0][0]']             
                                                                                                  
 dropout_3 (Dropout)         (None, 16, 16, 128)          0         ['conv2d_9[0][0]']            
                                                                                                  
 group_normalization_7 (Gro  (None, 16, 16, 128)          256       ['dropout_3[0][0]']           
 upNormalization)                                                                                 
                                                                                                  
 re_lu_7 (ReLU)              (None, 16, 16, 128)          0         ['group_normalization_7[0][0]'
                                                                    ]                             
                                                                                                  
 conv2d_10 (Conv2D)          (None, 16, 16, 128)          147456    ['re_lu_7[0][0]']             
                                                                                                  
 tf.__operators__.add_3 (TF  (None, 16, 16, 128)          0         ['conv2d_10[0][0]',           
 OpLambda)                                                           'tf.__operators__.add_2[0][0]
                                                                    ']                            
                                                                                                  
 group_normalization_8 (Gro  (None, 16, 16, 128)          256       ['tf.__operators__.add_3[0][0]
 upNormalization)                                                   ']                            
                                                                                                  
 re_lu_8 (ReLU)              (None, 16, 16, 128)          0         ['group_normalization_8[0][0]'
                                                                    ]                             
                                                                                                  
 conv2d_11 (Conv2D)          (None, 8, 8, 256)            294912    ['re_lu_8[0][0]']             
                                                                                                  
 dropout_4 (Dropout)         (None, 8, 8, 256)            0         ['conv2d_11[0][0]']           
                                                                                                  
 group_normalization_9 (Gro  (None, 8, 8, 256)            512       ['dropout_4[0][0]']           
 upNormalization)                                                                                 
                                                                                                  
 re_lu_9 (ReLU)              (None, 8, 8, 256)            0         ['group_normalization_9[0][0]'
                                                                    ]                             
                                                                                                  
 conv2d_12 (Conv2D)          (None, 8, 8, 256)            589824    ['re_lu_9[0][0]']             
                                                                                                  
 conv2d_13 (Conv2D)          (None, 8, 8, 256)            32768     ['tf.__operators__.add_3[0][0]
                                                                    ']                            
                                                                                                  
 tf.__operators__.add_4 (TF  (None, 8, 8, 256)            0         ['conv2d_12[0][0]',           
 OpLambda)                                                           'conv2d_13[0][0]']           
                                                                                                  
 group_normalization_10 (Gr  (None, 8, 8, 256)            512       ['tf.__operators__.add_4[0][0]
 oupNormalization)                                                  ']                            
                                                                                                  
 re_lu_10 (ReLU)             (None, 8, 8, 256)            0         ['group_normalization_10[0][0]
                                                                    ']                            
                                                                                                  
 conv2d_14 (Conv2D)          (None, 8, 8, 256)            589824    ['re_lu_10[0][0]']            
                                                                                                  
 dropout_5 (Dropout)         (None, 8, 8, 256)            0         ['conv2d_14[0][0]']           
                                                                                                  
 group_normalization_11 (Gr  (None, 8, 8, 256)            512       ['dropout_5[0][0]']           
 oupNormalization)                                                                                
                                                                                                  
 re_lu_11 (ReLU)             (None, 8, 8, 256)            0         ['group_normalization_11[0][0]
                                                                    ']                            
                                                                                                  
 conv2d_15 (Conv2D)          (None, 8, 8, 256)            589824    ['re_lu_11[0][0]']            
                                                                                                  
 tf.__operators__.add_5 (TF  (None, 8, 8, 256)            0         ['conv2d_15[0][0]',           
 OpLambda)                                                           'tf.__operators__.add_4[0][0]
                                                                    ']                            
                                                                                                  
 group_normalization_12 (Gr  (None, 8, 8, 256)            512       ['tf.__operators__.add_5[0][0]
 oupNormalization)                                                  ']                            
                                                                                                  
 re_lu_12 (ReLU)             (None, 8, 8, 256)            0         ['group_normalization_12[0][0]
                                                                    ']                            
                                                                                                  
 global_average_pooling2d (  (None, 256)                  0         ['re_lu_12[0][0]']            
 GlobalAveragePooling2D)                                                                          
                                                                                                  
 dense (Dense)               (None, 10)                   2570      ['global_average_pooling2d[0][
                                                                    0]']                          
                                                                                                  
==================================================================================================
Total params: 2748890 (10.49 MB)
Trainable params: 2748890 (10.49 MB)
Non-trainable params: 0 (0.00 Byte)
__________________________________________________________________________________________________
[Setup] Building clients...

[Non-IID] α=0.5, 10 clients, 10 classes
Client       Samples    Top-3 classes
----------------------------------------------------
client_0     3597       cls9:1461, cls7:941, cls5:343
client_1     5704       cls4:3063, cls6:1108, cls8:456
client_2     2879       cls1:1113, cls4:911, cls6:520
client_3     2857       cls0:1266, cls1:545, cls9:435
client_4     6512       cls0:2148, cls2:1687, cls8:1321
client_5     4084       cls3:2404, cls2:907, cls1:350
client_6     7936       cls7:3402, cls5:1951, cls6:1507
client_7     4043       cls1:2304, cls8:583, cls2:322
client_8     3670       cls6:1117, cls5:718, cls0:437
client_9     8718       cls8:2259, cls9:1870, cls3:1815

[Setup] 10 clients built (noniid, α=0.5)
[Setup] Building edge servers...

[Assignment] Histogram clustering | 10 clients → 2 edges | no DP
  Edge 0: clients [0, 3, 4, 5, 6, 9]
  Edge 1: clients [1, 2, 7, 8]
[EdgeServer 0] 6 clients | 33704 samples
[EdgeServer 1] 4 clients | 16296 samples

[Setup] Built 2 edge servers (strategy=histogram)
  Edge 0: 6 clients | 33704 samples
  Edge 1: 4 clients | 16296 samples
[CloudServer] 2 edges | model: 10.49 MB

====================================================
 HierFAVG Training Start
====================================================

[Round   1] Broadcasting to 2 edges...
  [Edge 0] G1 | E1 | Selected 4/6
  [Client  5] Round 1 | FedDyn(α=0.2) | loss=1.2925
  [Client  4] Round 1 | FedDyn(α=0.2) | loss=1.4394
  [Client  9] Round 1 | FedDyn(α=0.2) | loss=1.6079
  [Client  0] Round 1 | FedDyn(α=0.2) | loss=1.6414
  [Edge 0] G1 | E1 | loss=1.5091
  [Edge 0] G1 | E2 | Selected 4/6
  [Client  3] Round 1 | FedDyn(α=0.2) | loss=1.2983
  [Client  9] Round 1 | FedDyn(α=0.2) | loss=1.6811
  [Client  5] Round 1 | FedDyn(α=0.2) | loss=1.2264
  [Client  6] Round 1 | FedDyn(α=0.2) | loss=1.3614
  [Edge 0] G1 | E2 | loss=1.4485
  [Edge 1] G1 | E1 | Selected 2/4
  [Client  1] Round 1 | FedDyn(α=0.2) | loss=1.4113
  [Client  2] Round 1 | FedDyn(α=0.2) | loss=1.4592
  [Edge 1] G1 | E1 | loss=1.4274
  [Edge 1] G1 | E2 | Selected 2/4
  [Client  7] Round 1 | FedDyn(α=0.2) | loss=1.3385
  [Client  1] Round 1 | FedDyn(α=0.2) | loss=1.3753
  [Edge 1] G1 | E2 | loss=1.3601
  [Cloud] acc=0.2128 | loss=2.5842 | time=223.6s | comm=461.4MB (total=461MB)

[Round   2] Broadcasting to 2 edges...
  [Edge 0] G2 | E1 | Selected 4/6
  [Client  4] Round 2 | FedDyn(α=0.2) | loss=1.5628
  [Client  0] Round 2 | FedDyn(α=0.2) | loss=1.6684
  [Client  5] Round 2 | FedDyn(α=0.2) | loss=1.5863
  [Client  6] Round 2 | FedDyn(α=0.2) | loss=1.5377
  [Edge 0] G2 | E1 | loss=1.5753
  [Edge 0] G2 | E2 | Selected 4/6
  [Client  0] Round 2 | FedDyn(α=0.2) | loss=1.5562
  [Client  4] Round 2 | FedDyn(α=0.2) | loss=1.4377
  [Client  6] Round 2 | FedDyn(α=0.2) | loss=1.3875
  [Client  3] Round 2 | FedDyn(α=0.2) | loss=1.4466
  [Edge 0] G2 | E2 | loss=1.4403
  [Edge 1] G2 | E1 | Selected 2/4
  [Client  7] Round 2 | FedDyn(α=0.2) | loss=1.3106
  [Client  2] Round 2 | FedDyn(α=0.2) | loss=1.4293
  [Edge 1] G2 | E1 | loss=1.3599
  [Edge 1] G2 | E2 | Selected 2/4
  [Client  8] Round 2 | FedDyn(α=0.2) | loss=1.6793
  [Client  7] Round 2 | FedDyn(α=0.2) | loss=1.2381
  [Edge 1] G2 | E2 | loss=1.4481
  [Cloud] acc=0.2917 | loss=2.2276 | time=120.2s | comm=461.4MB (total=923MB)

[Round   3] Broadcasting to 2 edges...
  [Edge 0] G3 | E1 | Selected 4/6
  [Client  0] Round 3 | FedDyn(α=0.2) | loss=1.6982
  [Client  4] Round 3 | FedDyn(α=0.2) | loss=1.4360
  [Client  6] Round 3 | FedDyn(α=0.2) | loss=1.4284
  [Client  9] Round 3 | FedDyn(α=0.2) | loss=1.9596
  [Edge 0] G3 | E1 | loss=1.6395
  [Edge 0] G3 | E2 | Selected 4/6
  [Client  0] Round 3 | FedDyn(α=0.2) | loss=1.3732
  [Client  3] Round 3 | FedDyn(α=0.2) | loss=1.3953
  [Client  6] Round 3 | FedDyn(α=0.2) | loss=1.2651
  [Client  5] Round 3 | FedDyn(α=0.2) | loss=1.1440
  [Edge 0] G3 | E2 | loss=1.2795
  [Edge 1] G3 | E1 | Selected 2/4
  [Client  2] Round 3 | FedDyn(α=0.2) | loss=1.4701
  [Client  7] Round 3 | FedDyn(α=0.2) | loss=1.3698
  [Edge 1] G3 | E1 | loss=1.4115
  [Edge 1] G3 | E2 | Selected 2/4
  [Client  8] Round 3 | FedDyn(α=0.2) | loss=1.6024
  [Client  7] Round 3 | FedDyn(α=0.2) | loss=1.0838
  [Edge 1] G3 | E2 | loss=1.3306
  [Cloud] acc=0.4200 | loss=1.6681 | time=114.0s | comm=461.4MB (total=1384MB)

[Round   4] Broadcasting to 2 edges...
  [Edge 0] G4 | E1 | Selected 4/6
  [Client  9] Round 4 | FedDyn(α=0.2) | loss=1.4753
  [Client  5] Round 4 | FedDyn(α=0.2) | loss=1.0939
  [Client  4] Round 4 | FedDyn(α=0.2) | loss=1.2951
  [Client  0] Round 4 | FedDyn(α=0.2) | loss=1.3801
  [Edge 0] G4 | E1 | loss=1.3411
  [Edge 0] G4 | E2 | Selected 4/6
  [Client  3] Round 4 | FedDyn(α=0.2) | loss=1.2601
  [Client  4] Round 4 | FedDyn(α=0.2) | loss=1.1857
  [Client  0] Round 4 | FedDyn(α=0.2) | loss=1.3011
  [Client  9] Round 4 | FedDyn(α=0.2) | loss=1.2922
  [Edge 0] G4 | E2 | loss=1.2574
  [Edge 1] G4 | E1 | Selected 2/4
  [Client  1] Round 4 | FedDyn(α=0.2) | loss=1.7150
  [Client  7] Round 4 | FedDyn(α=0.2) | loss=1.0707
  [Edge 1] G4 | E1 | loss=1.4477
  [Edge 1] G4 | E2 | Selected 2/4
  [Client  2] Round 4 | FedDyn(α=0.2) | loss=1.1451
  [Client  1] Round 4 | FedDyn(α=0.2) | loss=1.1049
  [Edge 1] G4 | E2 | loss=1.1184
  [Cloud] acc=0.3098 | loss=2.3682 | time=119.6s | comm=461.4MB (total=1846MB)

[Round   5] Broadcasting to 2 edges...
  [Edge 0] G5 | E1 | Selected 4/6
  [Client  3] Round 5 | FedDyn(α=0.2) | loss=1.1720
  [Client  9] Round 5 | FedDyn(α=0.2) | loss=1.3469
  [Client  6] Round 5 | FedDyn(α=0.2) | loss=1.4271
  [Client  4] Round 5 | FedDyn(α=0.2) | loss=1.2066
  [Edge 0] G5 | E1 | loss=1.3171
  [Edge 0] G5 | E2 | Selected 4/6
  [Client  6] Round 5 | FedDyn(α=0.2) | loss=1.1005
  [Client  4] Round 5 | FedDyn(α=0.2) | loss=1.1495
  [Client  0] Round 5 | FedDyn(α=0.2) | loss=1.2256
  [Client  3] Round 5 | FedDyn(α=0.2) | loss=1.1596
  [Edge 0] G5 | E2 | loss=1.1454
  [Edge 1] G5 | E1 | Selected 2/4
  [Client  1] Round 5 | FedDyn(α=0.2) | loss=1.0916
  [Client  8] Round 5 | FedDyn(α=0.2) | loss=1.6233
  [Edge 1] G5 | E1 | loss=1.2998
  [Edge 1] G5 | E2 | Selected 2/4
  [Client  8] Round 5 | FedDyn(α=0.2) | loss=1.2857
  [Client  7] Round 5 | FedDyn(α=0.2) | loss=1.0141
  [Edge 1] G5 | E2 | loss=1.1433
  [Cloud] acc=0.3745 | loss=2.4096 | time=121.6s | comm=461.4MB (total=2307MB)

[Round   6] Broadcasting to 2 edges...
  [Edge 0] G6 | E1 | Selected 4/6
  [Client  5] Round 6 | FedDyn(α=0.2) | loss=1.2416
  [Client  6] Round 6 | FedDyn(α=0.2) | loss=1.0566
  [Client  0] Round 6 | FedDyn(α=0.2) | loss=1.2309
  [Client  9] Round 6 | FedDyn(α=0.2) | loss=1.2652
  [Edge 0] G6 | E1 | loss=1.1882
  [Edge 0] G6 | E2 | Selected 4/6
  [Client  9] Round 6 | FedDyn(α=0.2) | loss=1.1231
  [Client  0] Round 6 | FedDyn(α=0.2) | loss=1.0743
  [Client  4] Round 6 | FedDyn(α=0.2) | loss=1.1007
  [Client  6] Round 6 | FedDyn(α=0.2) | loss=1.0124
  [Edge 0] G6 | E2 | loss=1.0783
  [Edge 1] G6 | E1 | Selected 2/4
  [Client  8] Round 6 | FedDyn(α=0.2) | loss=1.3163
  [Client  1] Round 6 | FedDyn(α=0.2) | loss=1.2034
  [Edge 1] G6 | E1 | loss=1.2476
  [Edge 1] G6 | E2 | Selected 2/4
  [Client  8] Round 6 | FedDyn(α=0.2) | loss=1.2130
  [Client  2] Round 6 | FedDyn(α=0.2) | loss=1.0644
  [Edge 1] G6 | E2 | loss=1.1477
  [Cloud] acc=0.2603 | loss=2.3546 | time=126.8s | comm=461.4MB (total=2768MB)

[Round   7] Broadcasting to 2 edges...
  [Edge 0] G7 | E1 | Selected 4/6
  [Client  4] Round 7 | FedDyn(α=0.2) | loss=1.0763
  [Client  6] Round 7 | FedDyn(α=0.2) | loss=1.0631
  [Client  3] Round 7 | FedDyn(α=0.2) | loss=1.2206
  [Client  5] Round 7 | FedDyn(α=0.2) | loss=1.0964
  [Edge 0] G7 | E1 | loss=1.0945
  [Edge 0] G7 | E2 | Selected 4/6
  [Client  6] Round 7 | FedDyn(α=0.2) | loss=0.9691
  [Client  9] Round 7 | FedDyn(α=0.2) | loss=1.1250
  [Client  4] Round 7 | FedDyn(α=0.2) | loss=0.9914
  [Client  3] Round 7 | FedDyn(α=0.2) | loss=0.9364
  [Edge 0] G7 | E2 | loss=1.0233
  [Edge 1] G7 | E1 | Selected 2/4
  [Client  8] Round 7 | FedDyn(α=0.2) | loss=1.2830
  [Client  1] Round 7 | FedDyn(α=0.2) | loss=0.9507
  [Edge 1] G7 | E1 | loss=1.0808
  [Edge 1] G7 | E2 | Selected 2/4
  [Client  1] Round 7 | FedDyn(α=0.2) | loss=0.8833
  [Client  7] Round 7 | FedDyn(α=0.2) | loss=0.9582
  [Edge 1] G7 | E2 | loss=0.9143
  [Cloud] acc=0.4259 | loss=1.9713 | time=126.0s | comm=461.4MB (total=3230MB)

[Round   8] Broadcasting to 2 edges...
  [Edge 0] G8 | E1 | Selected 4/6
  [Client  5] Round 8 | FedDyn(α=0.2) | loss=0.9845
  [Client  6] Round 8 | FedDyn(α=0.2) | loss=0.9544
  [Client  0] Round 8 | FedDyn(α=0.2) | loss=1.2497
  [Client  4] Round 8 | FedDyn(α=0.2) | loss=0.9988
  [Edge 0] G8 | E1 | loss=1.0210
  [Edge 0] G8 | E2 | Selected 4/6
  [Client  3] Round 8 | FedDyn(α=0.2) | loss=1.0261
  [Client  0] Round 8 | FedDyn(α=0.2) | loss=1.0233
  [Client  4] Round 8 | FedDyn(α=0.2) | loss=0.9497
  [Client  5] Round 8 | FedDyn(α=0.2) | loss=0.8753
  [Edge 0] G8 | E2 | loss=0.9602
  [Edge 1] G8 | E1 | Selected 2/4
  [Client  1] Round 8 | FedDyn(α=0.2) | loss=1.0414
  [Client  8] Round 8 | FedDyn(α=0.2) | loss=1.1738
  [Edge 1] G8 | E1 | loss=1.0932
  [Edge 1] G8 | E2 | Selected 2/4
  [Client  7] Round 8 | FedDyn(α=0.2) | loss=0.8693
  [Client  2] Round 8 | FedDyn(α=0.2) | loss=0.9199
  [Edge 1] G8 | E2 | loss=0.8903
  [Cloud] acc=0.3056 | loss=2.2512 | time=105.8s | comm=461.4MB (total=3691MB)

[Round   9] Broadcasting to 2 edges...
  [Edge 0] G9 | E1 | Selected 4/6
  [Client  6] Round 9 | FedDyn(α=0.2) | loss=0.9702
  [Client  3] Round 9 | FedDyn(α=0.2) | loss=0.9337
  [Client  9] Round 9 | FedDyn(α=0.2) | loss=1.1542
  [Client  0] Round 9 | FedDyn(α=0.2) | loss=1.1769
  [Edge 0] G9 | E1 | loss=1.0673
  [Edge 0] G9 | E2 | Selected 4/6
  [Client  4] Round 9 | FedDyn(α=0.2) | loss=0.9275
  [Client  9] Round 9 | FedDyn(α=0.2) | loss=1.0058
  [Client  5] Round 9 | FedDyn(α=0.2) | loss=0.8846
  [Client  0] Round 9 | FedDyn(α=0.2) | loss=1.0137
  [Edge 0] G9 | E2 | loss=0.9632
  [Edge 1] G9 | E1 | Selected 2/4
  [Client  1] Round 9 | FedDyn(α=0.2) | loss=0.8480
  [Client  8] Round 9 | FedDyn(α=0.2) | loss=1.1547
  [Edge 1] G9 | E1 | loss=0.9681
  [Edge 1] G9 | E2 | Selected 2/4
  [Client  8] Round 9 | FedDyn(α=0.2) | loss=1.0051
  [Client  7] Round 9 | FedDyn(α=0.2) | loss=0.7264
  [Edge 1] G9 | E2 | loss=0.8590
  [Cloud] acc=0.4494 | loss=1.9314 | time=120.1s | comm=461.4MB (total=4153MB)

[Round  10] Broadcasting to 2 edges...
  [Edge 0] G10 | E1 | Selected 4/6
  [Client  6] Round 10 | FedDyn(α=0.2) | loss=0.9015
  [Client  3] Round 10 | FedDyn(α=0.2) | loss=0.9342
  [Client  5] Round 10 | FedDyn(α=0.2) | loss=0.8486
  [Client  0] Round 10 | FedDyn(α=0.2) | loss=1.0678
  [Edge 0] G10 | E1 | loss=0.9272
  [Edge 0] G10 | E2 | Selected 4/6
  [Client  5] Round 10 | FedDyn(α=0.2) | loss=0.8323
  [Client  4] Round 10 | FedDyn(α=0.2) | loss=0.8927
  [Client  3] Round 10 | FedDyn(α=0.2) | loss=0.7051
  [Client  9] Round 10 | FedDyn(α=0.2) | loss=1.0160
  [Edge 0] G10 | E2 | loss=0.9059
  [Edge 1] G10 | E1 | Selected 2/4
  [Client  8] Round 10 | FedDyn(α=0.2) | loss=1.0688
  [Client  2] Round 10 | FedDyn(α=0.2) | loss=1.0591
  [Edge 1] G10 | E1 | loss=1.0645
  [Edge 1] G10 | E2 | Selected 2/4
  [Client  8] Round 10 | FedDyn(α=0.2) | loss=0.9979
  [Client  7] Round 10 | FedDyn(α=0.2) | loss=0.7098
  [Edge 1] G10 | E2 | loss=0.8469
  [Cloud] acc=0.5421 | loss=1.3452 | time=104.5s | comm=461.4MB (total=4614MB)

[Round  11] Broadcasting to 2 edges...
  [Edge 0] G11 | E1 | Selected 4/6
  [Client  4] Round 11 | FedDyn(α=0.2) | loss=0.8157
  [Client  3] Round 11 | FedDyn(α=0.2) | loss=0.7224
  [Client  0] Round 11 | FedDyn(α=0.2) | loss=1.0397
  [Client  6] Round 11 | FedDyn(α=0.2) | loss=0.8155
  [Edge 0] G11 | E1 | loss=0.8414
  [Edge 0] G11 | E2 | Selected 4/6
  [Client  4] Round 11 | FedDyn(α=0.2) | loss=0.7715
  [Client  9] Round 11 | FedDyn(α=0.2) | loss=0.9724
  [Client  5] Round 11 | FedDyn(α=0.2) | loss=0.8175
  [Client  0] Round 11 | FedDyn(α=0.2) | loss=0.8806
  [Edge 0] G11 | E2 | loss=0.8733
  [Edge 1] G11 | E1 | Selected 2/4
  [Client  2] Round 11 | FedDyn(α=0.2) | loss=0.6570
  [Client  7] Round 11 | FedDyn(α=0.2) | loss=0.6525
  [Edge 1] G11 | E1 | loss=0.6544
  [Edge 1] G11 | E2 | Selected 2/4
  [Client  1] Round 11 | FedDyn(α=0.2) | loss=0.8305
  [Client  8] Round 11 | FedDyn(α=0.2) | loss=0.9718
  [Edge 1] G11 | E2 | loss=0.8858
  [Cloud] acc=0.4800 | loss=1.6915 | time=113.9s | comm=461.4MB (total=5075MB)

[Round  12] Broadcasting to 2 edges...
  [Edge 0] G12 | E1 | Selected 4/6
  [Client  9] Round 12 | FedDyn(α=0.2) | loss=0.9149
  [Client  4] Round 12 | FedDyn(α=0.2) | loss=0.7555
  [Client  6] Round 12 | FedDyn(α=0.2) | loss=0.7717
  [Client  5] Round 12 | FedDyn(α=0.2) | loss=0.8258
  [Edge 0] G12 | E1 | loss=0.8217
  [Edge 0] G12 | E2 | Selected 4/6
  [Client  0] Round 12 | FedDyn(α=0.2) | loss=0.9379
  [Client  6] Round 12 | FedDyn(α=0.2) | loss=0.7678
  [Client  9] Round 12 | FedDyn(α=0.2) | loss=0.8662
  [Client  5] Round 12 | FedDyn(α=0.2) | loss=0.7420
  [Edge 0] G12 | E2 | loss=0.8239
  [Edge 1] G12 | E1 | Selected 2/4
  [Client  2] Round 12 | FedDyn(α=0.2) | loss=0.7730
  [Client  1] Round 12 | FedDyn(α=0.2) | loss=0.7043
  [Edge 1] G12 | E1 | loss=0.7273
  [Edge 1] G12 | E2 | Selected 2/4
  [Client  7] Round 12 | FedDyn(α=0.2) | loss=0.6844
  [Client  1] Round 12 | FedDyn(α=0.2) | loss=0.6289
  [Edge 1] G12 | E2 | loss=0.6519
  [Cloud] acc=0.4490 | loss=1.7791 | time=132.3s | comm=461.4MB (total=5537MB)

[Round  13] Broadcasting to 2 edges...
  [Edge 0] G13 | E1 | Selected 4/6
  [Client  9] Round 13 | FedDyn(α=0.2) | loss=0.9206
  [Client  4] Round 13 | FedDyn(α=0.2) | loss=0.7531
  [Client  0] Round 13 | FedDyn(α=0.2) | loss=0.9623
  [Client  5] Round 13 | FedDyn(α=0.2) | loss=0.8872
  [Edge 0] G13 | E1 | loss=0.8736
  [Edge 0] G13 | E2 | Selected 4/6
  [Client  6] Round 13 | FedDyn(α=0.2) | loss=0.7811
  [Client  3] Round 13 | FedDyn(α=0.2) | loss=0.8819
  [Client  9] Round 13 | FedDyn(α=0.2) | loss=0.8377
  [Client  5] Round 13 | FedDyn(α=0.2) | loss=0.7734
  [Edge 0] G13 | E2 | loss=0.8129
  [Edge 1] G13 | E1 | Selected 2/4
  [Client  1] Round 13 | FedDyn(α=0.2) | loss=0.6643
  [Client  8] Round 13 | FedDyn(α=0.2) | loss=1.0233
  [Edge 1] G13 | E1 | loss=0.8049
  [Edge 1] G13 | E2 | Selected 2/4
  [Client  1] Round 13 | FedDyn(α=0.2) | loss=0.5990
  [Client  7] Round 13 | FedDyn(α=0.2) | loss=0.6528
  [Edge 1] G13 | E2 | loss=0.6213
  [Cloud] acc=0.5774 | loss=1.2247 | time=124.3s | comm=461.4MB (total=5998MB)

[Round  14] Broadcasting to 2 edges...
  [Edge 0] G14 | E1 | Selected 4/6
  [Client  9] Round 14 | FedDyn(α=0.2) | loss=0.8423
  [Client  0] Round 14 | FedDyn(α=0.2) | loss=0.9062
  [Client  4] Round 14 | FedDyn(α=0.2) | loss=0.6771
  [Client  5] Round 14 | FedDyn(α=0.2) | loss=0.8239
  [Edge 0] G14 | E1 | loss=0.8021
  [Edge 0] G14 | E2 | Selected 4/6
  [Client  6] Round 14 | FedDyn(α=0.2) | loss=0.7266
  [Client  9] Round 14 | FedDyn(α=0.2) | loss=0.8111
  [Client  3] Round 14 | FedDyn(α=0.2) | loss=0.8532
  [Client  5] Round 14 | FedDyn(α=0.2) | loss=0.7521
  [Edge 0] G14 | E2 | loss=0.7776
  [Edge 1] G14 | E1 | Selected 2/4
  [Client  8] Round 14 | FedDyn(α=0.2) | loss=0.7951
  [Client  1] Round 14 | FedDyn(α=0.2) | loss=0.6259
  [Edge 1] G14 | E1 | loss=0.6921
  [Edge 1] G14 | E2 | Selected 2/4
  [Client  2] Round 14 | FedDyn(α=0.2) | loss=0.6585
  [Client  7] Round 14 | FedDyn(α=0.2) | loss=0.5926
  [Edge 1] G14 | E2 | loss=0.6200
  [Cloud] acc=0.5727 | loss=1.2612 | time=119.1s | comm=461.4MB (total=6459MB)

[Round  15] Broadcasting to 2 edges...
  [Edge 0] G15 | E1 | Selected 4/6
  [Client  9] Round 15 | FedDyn(α=0.2) | loss=0.8208
  [Client  5] Round 15 | FedDyn(α=0.2) | loss=0.7964
  [Client  0] Round 15 | FedDyn(α=0.2) | loss=0.9529
  [Client  6] Round 15 | FedDyn(α=0.2) | loss=0.6514
  [Edge 0] G15 | E1 | loss=0.7810
  [Edge 0] G15 | E2 | Selected 4/6
  [Client  0] Round 15 | FedDyn(α=0.2) | loss=0.8191
  [Client  4] Round 15 | FedDyn(α=0.2) | loss=0.6770
  [Client  9] Round 15 | FedDyn(α=0.2) | loss=0.7691
  [Client  3] Round 15 | FedDyn(α=0.2) | loss=0.6923
  [Edge 0] G15 | E2 | loss=0.7396
  [Edge 1] G15 | E1 | Selected 2/4
  [Client  7] Round 15 | FedDyn(α=0.2) | loss=0.5308
  [Client  8] Round 15 | FedDyn(α=0.2) | loss=0.7738
  [Edge 1] G15 | E1 | loss=0.6464
  [Edge 1] G15 | E2 | Selected 2/4
  [Client  7] Round 15 | FedDyn(α=0.2) | loss=0.5088
  [Client  2] Round 15 | FedDyn(α=0.2) | loss=0.5627
  [Edge 1] G15 | E2 | loss=0.5312
  [Cloud] acc=0.6377 | loss=1.0783 | time=115.4s | comm=461.4MB (total=6921MB)

[Round  16] Broadcasting to 2 edges...
  [Edge 0] G16 | E1 | Selected 4/6
  [Client  3] Round 16 | FedDyn(α=0.2) | loss=0.5971
  [Client  6] Round 16 | FedDyn(α=0.2) | loss=0.6209
  [Client  5] Round 16 | FedDyn(α=0.2) | loss=0.7613
  [Client  4] Round 16 | FedDyn(α=0.2) | loss=0.6198
  [Edge 0] G16 | E1 | loss=0.6442
  [Edge 0] G16 | E2 | Selected 4/6
  [Client  3] Round 16 | FedDyn(α=0.2) | loss=0.5569
  [Client  9] Round 16 | FedDyn(α=0.2) | loss=0.7724
  [Client  6] Round 16 | FedDyn(α=0.2) | loss=0.5993
  [Client  4] Round 16 | FedDyn(α=0.2) | loss=0.6070
  [Edge 0] G16 | E2 | loss=0.6546
  [Edge 1] G16 | E1 | Selected 2/4
  [Client  1] Round 16 | FedDyn(α=0.2) | loss=0.6209
  [Client  7] Round 16 | FedDyn(α=0.2) | loss=0.5199
  [Edge 1] G16 | E1 | loss=0.5790
  [Edge 1] G16 | E2 | Selected 2/4
  [Client  2] Round 16 | FedDyn(α=0.2) | loss=0.4862
  [Client  7] Round 16 | FedDyn(α=0.2) | loss=0.4925
  [Edge 1] G16 | E2 | loss=0.4899
  [Cloud] acc=0.4699 | loss=1.8515 | time=121.5s | comm=461.4MB (total=7382MB)

[Round  17] Broadcasting to 2 edges...
  [Edge 0] G17 | E1 | Selected 4/6
  [Client  5] Round 17 | FedDyn(α=0.2) | loss=0.8030
  [Client  9] Round 17 | FedDyn(α=0.2) | loss=0.8145
  [Client  3] Round 17 | FedDyn(α=0.2) | loss=0.7073
  [Client  4] Round 17 | FedDyn(α=0.2) | loss=0.6282
  [Edge 0] G17 | E1 | loss=0.7439
  [Edge 0] G17 | E2 | Selected 4/6
  [Client  0] Round 17 | FedDyn(α=0.2) | loss=0.9477
  [Client  9] Round 17 | FedDyn(α=0.2) | loss=0.7565
  [Client  5] Round 17 | FedDyn(α=0.2) | loss=0.7027
  [Client  4] Round 17 | FedDyn(α=0.2) | loss=0.6800
  [Edge 0] G17 | E2 | loss=0.7552
  [Edge 1] G17 | E1 | Selected 2/4
  [Client  1] Round 17 | FedDyn(α=0.2) | loss=0.7181
  [Client  8] Round 17 | FedDyn(α=0.2) | loss=0.9541
  [Edge 1] G17 | E1 | loss=0.8105
  [Edge 1] G17 | E2 | Selected 2/4
  [Client  7] Round 17 | FedDyn(α=0.2) | loss=0.5164
  [Client  1] Round 17 | FedDyn(α=0.2) | loss=0.4647
  [Edge 1] G17 | E2 | loss=0.4861
  [Cloud] acc=0.5638 | loss=1.3505 | time=121.7s | comm=461.4MB (total=7844MB)

[Round  18] Broadcasting to 2 edges...
  [Edge 0] G18 | E1 | Selected 4/6
  [Client  9] Round 18 | FedDyn(α=0.2) | loss=0.7503
  [Client  0] Round 18 | FedDyn(α=0.2) | loss=0.7891
  [Client  5] Round 18 | FedDyn(α=0.2) | loss=0.7564
  [Client  3] Round 18 | FedDyn(α=0.2) | loss=0.6069
  [Edge 0] G18 | E1 | loss=0.7376
  [Edge 0] G18 | E2 | Selected 4/6
  [Client  6] Round 18 | FedDyn(α=0.2) | loss=0.6610
  [Client  3] Round 18 | FedDyn(α=0.2) | loss=0.6082
  [Client  9] Round 18 | FedDyn(α=0.2) | loss=0.7305
  [Client  5] Round 18 | FedDyn(α=0.2) | loss=0.6794
  [Edge 0] G18 | E2 | loss=0.6835
  [Edge 1] G18 | E1 | Selected 2/4
  [Client  7] Round 18 | FedDyn(α=0.2) | loss=0.5654
  [Client  2] Round 18 | FedDyn(α=0.2) | loss=0.5604
  [Edge 1] G18 | E1 | loss=0.5633
  [Edge 1] G18 | E2 | Selected 2/4
  [Client  2] Round 18 | FedDyn(α=0.2) | loss=0.4172
  [Client  7] Round 18 | FedDyn(α=0.2) | loss=0.5295
  [Edge 1] G18 | E2 | loss=0.4828
  [Cloud] acc=0.4708 | loss=1.9949 | time=108.2s | comm=461.4MB (total=8305MB)

[Round  19] Broadcasting to 2 edges...
  [Edge 0] G19 | E1 | Selected 4/6
  [Client  3] Round 19 | FedDyn(α=0.2) | loss=0.7149
  [Client  5] Round 19 | FedDyn(α=0.2) | loss=0.7251
  [Client  6] Round 19 | FedDyn(α=0.2) | loss=0.6312
  [Client  9] Round 19 | FedDyn(α=0.2) | loss=0.7611
  [Edge 0] G19 | E1 | loss=0.7056
  [Edge 0] G19 | E2 | Selected 4/6
  [Client  0] Round 19 | FedDyn(α=0.2) | loss=0.7576
  [Client  4] Round 19 | FedDyn(α=0.2) | loss=0.6748
  [Client  5] Round 19 | FedDyn(α=0.2) | loss=0.7603
  [Client  9] Round 19 | FedDyn(α=0.2) | loss=0.7257
  [Edge 0] G19 | E2 | loss=0.7224
  [Edge 1] G19 | E1 | Selected 2/4
  [Client  2] Round 19 | FedDyn(α=0.2) | loss=0.4405
  [Client  7] Round 19 | FedDyn(α=0.2) | loss=0.5236
  [Edge 1] G19 | E1 | loss=0.4890
  [Edge 1] G19 | E2 | Selected 2/4
  [Client  8] Round 19 | FedDyn(α=0.2) | loss=0.9208
  [Client  2] Round 19 | FedDyn(α=0.2) | loss=0.3817
  [Edge 1] G19 | E2 | loss=0.6838
  [Cloud] acc=0.5184 | loss=1.5442 | time=114.2s | comm=461.4MB (total=8766MB)

[Round  20] Broadcasting to 2 edges...
  [Edge 0] G20 | E1 | Selected 4/6
  [Client  3] Round 20 | FedDyn(α=0.2) | loss=0.6195
  [Client  4] Round 20 | FedDyn(α=0.2) | loss=0.6148
  [Client  0] Round 20 | FedDyn(α=0.2) | loss=0.6989
  [Client  9] Round 20 | FedDyn(α=0.2) | loss=0.6725
  [Edge 0] G20 | E1 | loss=0.6526
  [Edge 0] G20 | E2 | Selected 4/6
  [Client  5] Round 20 | FedDyn(α=0.2) | loss=0.7212
  [Client  0] Round 20 | FedDyn(α=0.2) | loss=0.6441
  [Client  4] Round 20 | FedDyn(α=0.2) | loss=0.5436
  [Client  9] Round 20 | FedDyn(α=0.2) | loss=0.6923
  [Edge 0] G20 | E2 | loss=0.6476
  [Edge 1] G20 | E1 | Selected 2/4
  [Client  2] Round 20 | FedDyn(α=0.2) | loss=0.5228
  [Client  1] Round 20 | FedDyn(α=0.2) | loss=0.6248
  [Edge 1] G20 | E1 | loss=0.5906
  [Edge 1] G20 | E2 | Selected 2/4
  [Client  2] Round 20 | FedDyn(α=0.2) | loss=0.3679
  [Client  1] Round 20 | FedDyn(α=0.2) | loss=0.4210
  [Edge 1] G20 | E2 | loss=0.4032
  [Cloud] acc=0.5378 | loss=1.5458 | time=117.6s | comm=461.4MB (total=9228MB)

[Cloud] Training complete.

====================================================
 Experiment Summary
====================================================
  Best  global_acc : 0.6377  (round 15)
  Final global_acc : 0.5378
  Total rounds     : 20
====================================================
========================================
End Time : Fri Apr 10 07:45:03 CEST 2026
========================================
