2026-04-09 01:42:39.177640: I tensorflow/core/util/port.cc:113] oneDNN custom operations are on. You may see slightly different numerical results due to floating-point round-off errors from different computation orders. To turn them off, set the environment variable `TF_ENABLE_ONEDNN_OPTS=0`.
2026-04-09 01:42:39.213862: E external/local_xla/xla/stream_executor/cuda/cuda_dnn.cc:9261] Unable to register cuDNN factory: Attempting to register factory for plugin cuDNN when one has already been registered
2026-04-09 01:42:39.213899: E external/local_xla/xla/stream_executor/cuda/cuda_fft.cc:607] Unable to register cuFFT factory: Attempting to register factory for plugin cuFFT when one has already been registered
2026-04-09 01:42:39.214648: E external/local_xla/xla/stream_executor/cuda/cuda_blas.cc:1515] Unable to register cuBLAS factory: Attempting to register factory for plugin cuBLAS when one has already been registered
2026-04-09 01:42:46.245585: I tensorflow/core/util/port.cc:113] oneDNN custom operations are on. You may see slightly different numerical results due to floating-point round-off errors from different computation orders. To turn them off, set the environment variable `TF_ENABLE_ONEDNN_OPTS=0`.
2026-04-09 01:42:46.281243: E external/local_xla/xla/stream_executor/cuda/cuda_dnn.cc:9261] Unable to register cuDNN factory: Attempting to register factory for plugin cuDNN when one has already been registered
2026-04-09 01:42:46.281284: E external/local_xla/xla/stream_executor/cuda/cuda_fft.cc:607] Unable to register cuFFT factory: Attempting to register factory for plugin cuFFT when one has already been registered
2026-04-09 01:42:46.282024: E external/local_xla/xla/stream_executor/cuda/cuda_blas.cc:1515] Unable to register cuBLAS factory: Attempting to register factory for plugin cuBLAS when one has already been registered
2026-04-09 01:42:52.140093: I tensorflow/core/util/port.cc:113] oneDNN custom operations are on. You may see slightly different numerical results due to floating-point round-off errors from different computation orders. To turn them off, set the environment variable `TF_ENABLE_ONEDNN_OPTS=0`.
2026-04-09 01:42:52.176658: E external/local_xla/xla/stream_executor/cuda/cuda_dnn.cc:9261] Unable to register cuDNN factory: Attempting to register factory for plugin cuDNN when one has already been registered
2026-04-09 01:42:52.176710: E external/local_xla/xla/stream_executor/cuda/cuda_fft.cc:607] Unable to register cuFFT factory: Attempting to register factory for plugin cuFFT when one has already been registered
2026-04-09 01:42:52.177461: E external/local_xla/xla/stream_executor/cuda/cuda_blas.cc:1515] Unable to register cuBLAS factory: Attempting to register factory for plugin cuBLAS when one has already been registered
2026-04-09 01:43:00.143911: I tensorflow/core/common_runtime/gpu/gpu_device.cc:1929] Created device /job:localhost/replica:0/task:0/device:GPU:0 with 43681 MB memory:  -> device: 0, name: NVIDIA A40, pci bus id: 0000:ca:00.0, compute capability: 8.6
wandb: [wandb.login()] Loaded credentials for https://api.wandb.ai from /cephyr/users/ziangg/Alvis/.netrc.
wandb: Currently logged in as: 3445339138 (3445339138-kth-royal-institute-of-technology) to https://api.wandb.ai. Use `wandb login --relogin` to force relogin
wandb: setting up run 6m9s7ovm
wandb: Tracking run with wandb version 0.25.1
wandb: Run data is saved locally in /cephyr/users/ziangg/Alvis/tf-dpfl/fedavg/wandb/run-20260409_014317-6m9s7ovm
wandb: Run `wandb offline` to turn off syncing.
wandb: Syncing run fedprox_test
wandb: ⭐️ View project at https://wandb.ai/3445339138-kth-royal-institute-of-technology/HierFL-cifar10
wandb: 🚀 View run at https://wandb.ai/3445339138-kth-royal-institute-of-technology/HierFL-cifar10/runs/6m9s7ovm
Traceback (most recent call last):
  File "/cephyr/users/ziangg/Alvis/tf-dpfl/fedavg/main.py", line 213, in <module>
    run_experiment()
  File "/cephyr/users/ziangg/Alvis/tf-dpfl/fedavg/main.py", line 189, in run_experiment
    history = cloud.run(logger=logger)
              ^^^^^^^^^^^^^^^^^^^^^^^^
  File "/cephyr/users/ziangg/Alvis/tf-dpfl/fedavg/server/server.py", line 197, in run
    metrics = self.run_round(r)
              ^^^^^^^^^^^^^^^^^
  File "/cephyr/users/ziangg/Alvis/tf-dpfl/fedavg/server/server.py", line 147, in run_round
    self.collect_and_aggregate(round_idx)
  File "/cephyr/users/ziangg/Alvis/tf-dpfl/fedavg/server/server.py", line 92, in collect_and_aggregate
    weights, n_samples, avg_loss, avg_time, comm = edge.run(round_idx)
                                                   ^^^^^^^^^^^^^^^^^^^
  File "/cephyr/users/ziangg/Alvis/tf-dpfl/fedavg/server/edge_server.py", line 189, in run
    loss, avg_time = self.run_edge_round(global_round_idx, er)
                     ^^^^^^^^^^^^^^^^^^^^^^^^^^^^^^^^^^^^^^^^^
  File "/cephyr/users/ziangg/Alvis/tf-dpfl/fedavg/server/edge_server.py", line 105, in run_edge_round
    weights, n, loss, t = client.local_train(global_round_idx)
                          ^^^^^^^^^^^^^^^^^^^^^^^^^^^^^^^^^^^^
  File "/cephyr/users/ziangg/Alvis/tf-dpfl/fedavg/client/client.py", line 77, in local_train
    print("client_id:", client_id, "round_idx", round_idx, "FL_method:", method, "Ref:", ref,"\n")
                        ^^^^^^^^^
NameError: name 'client_id' is not defined
