This job can be monitored from: https://job.c3se.chalmers.se/alvis/6656418
========================================
Job ID      : 6656418
Job Name    : HierFLcifar10
Node        : alvis9-01
Start Time  : Thu May 21 01:06:45 CEST 2026
Working Dir : /cephyr/users/ziangg/Alvis/tf-dpfl
========================================
[Setup] Python: /cephyr/users/ziangg/Alvis/tf-dpfl/bin/python
[Setup] TF version: 2.15.1
[Setup] GPU available: [PhysicalDevice(name='/physical_device:GPU:0', device_type='GPU')]
[Config] Override: wandb.enabled = True
[Setup] Random seed: 42
[Setup] Loading dataset...
[Data] CIFAR-10 from Mimer: /mimer/NOBACKUP/Datasets/CIFAR
[Setup] Building global model...
Model: "fedavg_cnn"
_________________________________________________________________
 Layer (type)                Output Shape              Param #   
=================================================================
 input_1 (InputLayer)        [(None, 32, 32, 3)]       0         
                                                                 
 conv2d (Conv2D)             (None, 28, 28, 32)        2432      
                                                                 
 max_pooling2d (MaxPooling2  (None, 14, 14, 32)        0         
 D)                                                              
                                                                 
 conv2d_1 (Conv2D)           (None, 10, 10, 64)        51264     
                                                                 
 max_pooling2d_1 (MaxPoolin  (None, 5, 5, 64)          0         
 g2D)                                                            
                                                                 
 flatten (Flatten)           (None, 1600)              0         
                                                                 
 dense (Dense)               (None, 512)               819712    
                                                                 
 dense_1 (Dense)             (None, 10)                5130      
                                                                 
=================================================================
Total params: 878538 (3.35 MB)
Trainable params: 878538 (3.35 MB)
Non-trainable params: 0 (0.00 Byte)
_________________________________________________________________
[Setup] Building clients...

[Superclass-aware partition] 2 edges, 2 classes/client

  Edge 0 (class pool: [2, 3, 4, 5, 6, 7]):
  Client       Samples    Classes held                        Out-of-pool?
  ---------------------------------------------------------------------------
  client_0     4000       [3, 6]                              OK
  client_1     4000       [3, 6]                              OK
  client_2     4000       [2, 5]                              OK
  client_3     4000       [5, 7]                              OK
  client_4     4000       [2, 7]                              OK
  client_5     4000       [2, 4]                              OK
  client_6     4000       [6, 7]                              OK
  client_7     4000       [3, 5]                              OK
  client_8     2000       [4]                                 OK
  client_9     2000       [4]                                 OK

  Edge 1 (class pool: [0, 1, 8, 9]):
  Client       Samples    Classes held                        Out-of-pool?
  ---------------------------------------------------------------------------
  client_10    2400       [8, 9]                              OK
  client_11    2400       [0, 1]                              OK
  client_12    2400       [1, 8]                              OK
  client_13    2400       [0, 8]                              OK
  client_14    2400       [0, 9]                              OK
  client_15    2400       [0, 8]                              OK
  client_16    2400       [1, 8]                              OK
  client_17    2400       [1, 9]                              OK
  client_18    2400       [1, 9]                              OK
  client_19    2400       [0, 9]                              OK

[Train/Test split] 20 clients | avg train=2250, avg test=750 samples (ratio=0.25)
[Setup] 20 clients built (superclass_pathological) | per-client test sets injected
[Setup] Building edge servers...
[Assignment] Using pre-baked superclass assignments | 2 edges
[EdgeServer 0] 10 clients | 27000 samples
[EdgeServer 1] 10 clients | 18000 samples

[Setup] Built 2 edge servers (strategy=superclass_baked)
  Edge 0: 10 clients | 27000 samples
  Edge 1: 10 clients | 18000 samples
[Setup] Building per-edge test datasets (superclass-aware)...
[CloudServer] 2 edges | model: 3.35 MB

====================================================
 HierFAVG Training Start
====================================================

[Round   1] Broadcasting to 2 edges...
  [Edge 0] W_n reset to global weights for new round.
  [Edge 1] W_n reset to global weights for new round.
  [Edge 0] G1 | E1 | Hier-pFedMe | Selected 10/10
  [Client  3] Received edge weights.
[C3] Test set: samples=1000, class_dist={5: 506, 7: 494}
  [Client  6] Received edge weights.
[C6] Test set: samples=1000, class_dist={6: 493, 7: 507}
  [Client  9] Received edge weights.
[C9] Test set: samples=500, class_dist={4: 500}
  [Client  8] Received edge weights.
[C8] Test set: samples=500, class_dist={4: 500}
  [Client  7] Received edge weights.
[C7] Test set: samples=1000, class_dist={3: 485, 5: 515}
  [Client  1] Received edge weights.
[C1] Test set: samples=1000, class_dist={3: 515, 6: 485}
  [Client  4] Received edge weights.
[C4] Test set: samples=1000, class_dist={2: 507, 7: 493}
  [Client  0] Received edge weights.
[C0] Test set: samples=1000, class_dist={3: 511, 6: 489}
  [Client  5] Received edge weights.
[C5] Test set: samples=1000, class_dist={2: 510, 4: 490}
  [Client  2] Received edge weights.
[C2] Test set: samples=1000, class_dist={2: 507, 5: 493}
  [Client  3] Starting Hier-pFedMe | λ2=35.0, η2=0.02, inner_steps=1, epochs=1, batches/epoch=188  [Client  8] Starting Hier-pFedMe | λ2=35.0, η2=0.02, inner_steps=1, epochs=1, batches/epoch=94  [Client  9] Starting Hier-pFedMe | λ2=35.0, η2=0.02, inner_steps=1, epochs=1, batches/epoch=94  [Client  6] Starting Hier-pFedMe | λ2=35.0, η2=0.02, inner_steps=1, epochs=1, batches/epoch=188



  [Client  9] Round 1 | Hier-pFedMe(λ2=35.0, K=1) | loss=0.1585
  [Client  7] Starting Hier-pFedMe | λ2=35.0, η2=0.02, inner_steps=1, epochs=1, batches/epoch=188
  [Client  8] Round 1 | Hier-pFedMe(λ2=35.0, K=1) | loss=0.1601
  [Client  1] Starting Hier-pFedMe | λ2=35.0, η2=0.02, inner_steps=1, epochs=1, batches/epoch=188
  [Client  6] Round 1 | Hier-pFedMe(λ2=35.0, K=1) | loss=0.8455
  [Client  3] Round 1 | Hier-pFedMe(λ2=35.0, K=1) | loss=0.8614  [Client  4] Starting Hier-pFedMe | λ2=35.0, η2=0.02, inner_steps=1, epochs=1, batches/epoch=188

  [Client  0] Starting Hier-pFedMe | λ2=35.0, η2=0.02, inner_steps=1, epochs=1, batches/epoch=188
  [Client  7] Round 1 | Hier-pFedMe(λ2=35.0, K=1) | loss=0.8484
  [Client  5] Starting Hier-pFedMe | λ2=35.0, η2=0.02, inner_steps=1, epochs=1, batches/epoch=188
  [Client  1] Round 1 | Hier-pFedMe(λ2=35.0, K=1) | loss=0.8472
  [Client  2] Starting Hier-pFedMe | λ2=35.0, η2=0.02, inner_steps=1, epochs=1, batches/epoch=188
  [Client  4] Round 1 | Hier-pFedMe(λ2=35.0, K=1) | loss=0.8560
  [Client  0] Round 1 | Hier-pFedMe(λ2=35.0, K=1) | loss=0.8535
  [Client  5] Round 1 | Hier-pFedMe(λ2=35.0, K=1) | loss=0.8700
  [Client  2] Round 1 | Hier-pFedMe(λ2=35.0, K=1) | loss=0.8729
  [Edge 0] G1 | E1 | loss=0.7794
  [Edge 0] G1 | E2 | Hier-pFedMe | Selected 10/10
  [Client  3] Received edge weights.
[C3] Test set: samples=1000, class_dist={5: 506, 7: 494}
  [Client  0] Received edge weights.
[C0] Test set: samples=1000, class_dist={3: 511, 6: 489}
  [Client  7] Received edge weights.
[C7] Test set: samples=1000, class_dist={3: 485, 5: 515}
  [Client  9] Received edge weights.
[C9] Test set: samples=500, class_dist={4: 500}
  [Client  6] Received edge weights.
[C6] Test set: samples=1000, class_dist={6: 493, 7: 507}
  [Client  4] Received edge weights.
[C4] Test set: samples=1000, class_dist={2: 507, 7: 493}
  [Client  2] Received edge weights.
[C2] Test set: samples=1000, class_dist={2: 507, 5: 493}
  [Client  8] Received edge weights.
[C8] Test set: samples=500, class_dist={4: 500}
  [Client  5] Received edge weights.
[C5] Test set: samples=1000, class_dist={2: 510, 4: 490}
  [Client  1] Received edge weights.
[C1] Test set: samples=1000, class_dist={3: 515, 6: 485}
  [Client  3] Starting Hier-pFedMe | λ2=35.0, η2=0.02, inner_steps=1, epochs=1, batches/epoch=188  [Client  0] Starting Hier-pFedMe | λ2=35.0, η2=0.02, inner_steps=1, epochs=1, batches/epoch=188  [Client  7] Starting Hier-pFedMe | λ2=35.0, η2=0.02, inner_steps=1, epochs=1, batches/epoch=188  [Client  9] Starting Hier-pFedMe | λ2=35.0, η2=0.02, inner_steps=1, epochs=1, batches/epoch=94



  [Client  9] Round 1 | Hier-pFedMe(λ2=35.0, K=1) | loss=0.1515
  [Client  6] Starting Hier-pFedMe | λ2=35.0, η2=0.02, inner_steps=1, epochs=1, batches/epoch=188
  [Client  0] Round 1 | Hier-pFedMe(λ2=35.0, K=1) | loss=0.8434
  [Client  4] Starting Hier-pFedMe | λ2=35.0, η2=0.02, inner_steps=1, epochs=1, batches/epoch=188
  [Client  3] Round 1 | Hier-pFedMe(λ2=35.0, K=1) | loss=0.8597
  [Client  7] Round 1 | Hier-pFedMe(λ2=35.0, K=1) | loss=0.8639
  [Client  8] Starting Hier-pFedMe | λ2=35.0, η2=0.02, inner_steps=1, epochs=1, batches/epoch=94
  [Client  2] Starting Hier-pFedMe | λ2=35.0, η2=0.02, inner_steps=1, epochs=1, batches/epoch=188
  [Client  6] Round 1 | Hier-pFedMe(λ2=35.0, K=1) | loss=0.8717
  [Client  5] Starting Hier-pFedMe | λ2=35.0, η2=0.02, inner_steps=1, epochs=1, batches/epoch=188
  [Client  8] Round 1 | Hier-pFedMe(λ2=35.0, K=1) | loss=0.1502
  [Client  1] Starting Hier-pFedMe | λ2=35.0, η2=0.02, inner_steps=1, epochs=1, batches/epoch=188
  [Client  2] Round 1 | Hier-pFedMe(λ2=35.0, K=1) | loss=0.8782
  [Client  4] Round 1 | Hier-pFedMe(λ2=35.0, K=1) | loss=0.8738
  [Client  5] Round 1 | Hier-pFedMe(λ2=35.0, K=1) | loss=0.8665
  [Client  1] Round 1 | Hier-pFedMe(λ2=35.0, K=1) | loss=0.8732
  [Edge 0] G1 | E2 | loss=0.7868
  [Edge 0] G1 | E3 | Hier-pFedMe | Selected 10/10
  [Client  9] Received edge weights.
[C9] Test set: samples=500, class_dist={4: 500}
  [Client  7] Received edge weights.
[C7] Test set: samples=1000, class_dist={3: 485, 5: 515}
  [Client  8] Received edge weights.
[C8] Test set: samples=500, class_dist={4: 500}
  [Client  6] Received edge weights.
[C6] Test set: samples=1000, class_dist={6: 493, 7: 507}
  [Client  4] Received edge weights.
[C4] Test set: samples=1000, class_dist={2: 507, 7: 493}
  [Client  1] Received edge weights.
[C1] Test set: samples=1000, class_dist={3: 515, 6: 485}
  [Client  0] Received edge weights.
[C0] Test set: samples=1000, class_dist={3: 511, 6: 489}
  [Client  3] Received edge weights.
[C3] Test set: samples=1000, class_dist={5: 506, 7: 494}
  [Client  5] Received edge weights.
[C5] Test set: samples=1000, class_dist={2: 510, 4: 490}
  [Client  2] Received edge weights.
[C2] Test set: samples=1000, class_dist={2: 507, 5: 493}
  [Client  7] Starting Hier-pFedMe | λ2=35.0, η2=0.02, inner_steps=1, epochs=1, batches/epoch=188  [Client  9] Starting Hier-pFedMe | λ2=35.0, η2=0.02, inner_steps=1, epochs=1, batches/epoch=94  [Client  8] Starting Hier-pFedMe | λ2=35.0, η2=0.02, inner_steps=1, epochs=1, batches/epoch=94  [Client  6] Starting Hier-pFedMe | λ2=35.0, η2=0.02, inner_steps=1, epochs=1, batches/epoch=188



  [Client  8] Round 1 | Hier-pFedMe(λ2=35.0, K=1) | loss=0.1181
  [Client  4] Starting Hier-pFedMe | λ2=35.0, η2=0.02, inner_steps=1, epochs=1, batches/epoch=188  [Client  9] Round 1 | Hier-pFedMe(λ2=35.0, K=1) | loss=0.1238

  [Client  1] Starting Hier-pFedMe | λ2=35.0, η2=0.02, inner_steps=1, epochs=1, batches/epoch=188
  [Client  7] Round 1 | Hier-pFedMe(λ2=35.0, K=1) | loss=0.8573
  [Client  6] Round 1 | Hier-pFedMe(λ2=35.0, K=1) | loss=0.8456
  [Client  0] Starting Hier-pFedMe | λ2=35.0, η2=0.02, inner_steps=1, epochs=1, batches/epoch=188  [Client  3] Starting Hier-pFedMe | λ2=35.0, η2=0.02, inner_steps=1, epochs=1, batches/epoch=188

  [Client  4] Round 1 | Hier-pFedMe(λ2=35.0, K=1) | loss=0.8608
  [Client  5] Starting Hier-pFedMe | λ2=35.0, η2=0.02, inner_steps=1, epochs=1, batches/epoch=188
  [Client  1] Round 1 | Hier-pFedMe(λ2=35.0, K=1) | loss=0.8490
  [Client  2] Starting Hier-pFedMe | λ2=35.0, η2=0.02, inner_steps=1, epochs=1, batches/epoch=188
  [Client  3] Round 1 | Hier-pFedMe(λ2=35.0, K=1) | loss=0.8376
  [Client  0] Round 1 | Hier-pFedMe(λ2=35.0, K=1) | loss=0.8625
  [Client  5] Round 1 | Hier-pFedMe(λ2=35.0, K=1) | loss=0.8677
  [Client  2] Round 1 | Hier-pFedMe(λ2=35.0, K=1) | loss=0.8617
  [Edge 0] G1 | E3 | loss=0.7737
  [Edge 0] G1 | E4 | Hier-pFedMe | Selected 10/10
  [Client  8] Received edge weights.
[C8] Test set: samples=500, class_dist={4: 500}
  [Client  6] Received edge weights.
[C6] Test set: samples=1000, class_dist={6: 493, 7: 507}
  [Client  0] Received edge weights.
[C0] Test set: samples=1000, class_dist={3: 511, 6: 489}
  [Client  9] Received edge weights.
[C9] Test set: samples=500, class_dist={4: 500}
  [Client  7] Received edge weights.
[C7] Test set: samples=1000, class_dist={3: 485, 5: 515}
  [Client  3] Received edge weights.
[C3] Test set: samples=1000, class_dist={5: 506, 7: 494}
  [Client  5] Received edge weights.
[C5] Test set: samples=1000, class_dist={2: 510, 4: 490}
  [Client  2] Received edge weights.
[C2] Test set: samples=1000, class_dist={2: 507, 5: 493}
  [Client  1] Received edge weights.
[C1] Test set: samples=1000, class_dist={3: 515, 6: 485}
  [Client  4] Received edge weights.
[C4] Test set: samples=1000, class_dist={2: 507, 7: 493}
  [Client  8] Starting Hier-pFedMe | λ2=35.0, η2=0.02, inner_steps=1, epochs=1, batches/epoch=94  [Client  0] Starting Hier-pFedMe | λ2=35.0, η2=0.02, inner_steps=1, epochs=1, batches/epoch=188
  [Client  9] Starting Hier-pFedMe | λ2=35.0, η2=0.02, inner_steps=1, epochs=1, batches/epoch=94  [Client  6] Starting Hier-pFedMe | λ2=35.0, η2=0.02, inner_steps=1, epochs=1, batches/epoch=188


  [Client  8] Round 1 | Hier-pFedMe(λ2=35.0, K=1) | loss=0.1284
  [Client  7] Starting Hier-pFedMe | λ2=35.0, η2=0.02, inner_steps=1, epochs=1, batches/epoch=188
  [Client  9] Round 1 | Hier-pFedMe(λ2=35.0, K=1) | loss=0.1308
  [Client  3] Starting Hier-pFedMe | λ2=35.0, η2=0.02, inner_steps=1, epochs=1, batches/epoch=188
  [Client  0] Round 1 | Hier-pFedMe(λ2=35.0, K=1) | loss=0.8508
  [Client  5] Starting Hier-pFedMe | λ2=35.0, η2=0.02, inner_steps=1, epochs=1, batches/epoch=188
  [Client  6] Round 1 | Hier-pFedMe(λ2=35.0, K=1) | loss=0.8508
  [Client  2] Starting Hier-pFedMe | λ2=35.0, η2=0.02, inner_steps=1, epochs=1, batches/epoch=188
  [Client  7] Round 1 | Hier-pFedMe(λ2=35.0, K=1) | loss=0.8496
  [Client  1] Starting Hier-pFedMe | λ2=35.0, η2=0.02, inner_steps=1, epochs=1, batches/epoch=188
  [Client  3] Round 1 | Hier-pFedMe(λ2=35.0, K=1) | loss=0.8438
  [Client  4] Starting Hier-pFedMe | λ2=35.0, η2=0.02, inner_steps=1, epochs=1, batches/epoch=188
  [Client  5] Round 1 | Hier-pFedMe(λ2=35.0, K=1) | loss=0.8667
  [Client  2] Round 1 | Hier-pFedMe(λ2=35.0, K=1) | loss=0.8703
  [Client  1] Round 1 | Hier-pFedMe(λ2=35.0, K=1) | loss=0.8564
  [Client  4] Round 1 | Hier-pFedMe(λ2=35.0, K=1) | loss=0.8639
  [Edge 0] G1 | E4 | loss=0.7758
  [Edge 0] G1 | E5 | Hier-pFedMe | Selected 10/10
  [Client  8] Received edge weights.
[C8] Test set: samples=500, class_dist={4: 500}
  [Client  1] Received edge weights.
[C1] Test set: samples=1000, class_dist={3: 515, 6: 485}
  [Client  7] Received edge weights.
[C7] Test set: samples=1000, class_dist={3: 485, 5: 515}
  [Client  4] Received edge weights.
[C4] Test set: samples=1000, class_dist={2: 507, 7: 493}
  [Client  5] Received edge weights.
[C5] Test set: samples=1000, class_dist={2: 510, 4: 490}
  [Client  9] Received edge weights.
[C9] Test set: samples=500, class_dist={4: 500}
  [Client  3] Received edge weights.
[C3] Test set: samples=1000, class_dist={5: 506, 7: 494}
  [Client  0] Received edge weights.
[C0] Test set: samples=1000, class_dist={3: 511, 6: 489}
  [Client  6] Received edge weights.
[C6] Test set: samples=1000, class_dist={6: 493, 7: 507}
  [Client  2] Received edge weights.
[C2] Test set: samples=1000, class_dist={2: 507, 5: 493}
  [Client  1] Starting Hier-pFedMe | λ2=35.0, η2=0.02, inner_steps=1, epochs=1, batches/epoch=188
  [Client  7] Starting Hier-pFedMe | λ2=35.0, η2=0.02, inner_steps=1, epochs=1, batches/epoch=188  [Client  8] Starting Hier-pFedMe | λ2=35.0, η2=0.02, inner_steps=1, epochs=1, batches/epoch=94  [Client  4] Starting Hier-pFedMe | λ2=35.0, η2=0.02, inner_steps=1, epochs=1, batches/epoch=188


  [Client  8] Round 1 | Hier-pFedMe(λ2=35.0, K=1) | loss=0.1170
  [Client  5] Starting Hier-pFedMe | λ2=35.0, η2=0.02, inner_steps=1, epochs=1, batches/epoch=188
  [Client  7] Round 1 | Hier-pFedMe(λ2=35.0, K=1) | loss=0.8434
  [Client  1] Round 1 | Hier-pFedMe(λ2=35.0, K=1) | loss=0.8621  [Client  4] Round 1 | Hier-pFedMe(λ2=35.0, K=1) | loss=0.8720  [Client  9] Starting Hier-pFedMe | λ2=35.0, η2=0.02, inner_steps=1, epochs=1, batches/epoch=94


  [Client  0] Starting Hier-pFedMe | λ2=35.0, η2=0.02, inner_steps=1, epochs=1, batches/epoch=188
  [Client  3] Starting Hier-pFedMe | λ2=35.0, η2=0.02, inner_steps=1, epochs=1, batches/epoch=188
  [Client  9] Round 1 | Hier-pFedMe(λ2=35.0, K=1) | loss=0.1192
  [Client  5] Round 1 | Hier-pFedMe(λ2=35.0, K=1) | loss=0.8654
  [Client  6] Starting Hier-pFedMe | λ2=35.0, η2=0.02, inner_steps=1, epochs=1, batches/epoch=188
  [Client  2] Starting Hier-pFedMe | λ2=35.0, η2=0.02, inner_steps=1, epochs=1, batches/epoch=188
  [Client  0] Round 1 | Hier-pFedMe(λ2=35.0, K=1) | loss=0.8551
  [Client  3] Round 1 | Hier-pFedMe(λ2=35.0, K=1) | loss=0.8428
  [Client  2] Round 1 | Hier-pFedMe(λ2=35.0, K=1) | loss=0.8555
  [Client  6] Round 1 | Hier-pFedMe(λ2=35.0, K=1) | loss=0.8485
  [Edge 0] G1 | E5 | loss=0.7737
  [Edge 1] G1 | E1 | Hier-pFedMe | Selected 10/10
  [Client 10] Received edge weights.
[C10] Test set: samples=600, class_dist={8: 292, 9: 308}
  [Client 19] Received edge weights.
[C19] Test set: samples=600, class_dist={0: 286, 9: 314}
  [Client 13] Received edge weights.
[C13] Test set: samples=600, class_dist={0: 311, 8: 289}
  [Client 17] Received edge weights.
[C17] Test set: samples=600, class_dist={1: 289, 9: 311}
  [Client 12] Received edge weights.
[C12] Test set: samples=600, class_dist={1: 308, 8: 292}
  [Client 14] Received edge weights.
[C14] Test set: samples=600, class_dist={0: 307, 9: 293}
  [Client 15] Received edge weights.
[C15] Test set: samples=600, class_dist={0: 305, 8: 295}
  [Client 11] Received edge weights.
[C11] Test set: samples=600, class_dist={0: 300, 1: 300}
  [Client 16] Received edge weights.
[C16] Test set: samples=600, class_dist={1: 291, 8: 309}
  [Client 18] Received edge weights.
[C18] Test set: samples=600, class_dist={1: 314, 9: 286}
  [Client 10] Starting Hier-pFedMe | λ2=35.0, η2=0.02, inner_steps=1, epochs=1, batches/epoch=113  [Client 19] Starting Hier-pFedMe | λ2=35.0, η2=0.02, inner_steps=1, epochs=1, batches/epoch=113
  [Client 13] Starting Hier-pFedMe | λ2=35.0, η2=0.02, inner_steps=1, epochs=1, batches/epoch=113  [Client 17] Starting Hier-pFedMe | λ2=35.0, η2=0.02, inner_steps=1, epochs=1, batches/epoch=113


  [Client 10] Round 1 | Hier-pFedMe(λ2=35.0, K=1) | loss=0.8205
  [Client 12] Starting Hier-pFedMe | λ2=35.0, η2=0.02, inner_steps=1, epochs=1, batches/epoch=113
  [Client 19] Round 1 | Hier-pFedMe(λ2=35.0, K=1) | loss=0.7693
  [Client 14] Starting Hier-pFedMe | λ2=35.0, η2=0.02, inner_steps=1, epochs=1, batches/epoch=113
  [Client 17] Round 1 | Hier-pFedMe(λ2=35.0, K=1) | loss=0.8505
  [Client 15] Starting Hier-pFedMe | λ2=35.0, η2=0.02, inner_steps=1, epochs=1, batches/epoch=113
  [Client 13] Round 1 | Hier-pFedMe(λ2=35.0, K=1) | loss=0.8585
  [Client 11] Starting Hier-pFedMe | λ2=35.0, η2=0.02, inner_steps=1, epochs=1, batches/epoch=113
  [Client 12] Round 1 | Hier-pFedMe(λ2=35.0, K=1) | loss=0.8380
  [Client 16] Starting Hier-pFedMe | λ2=35.0, η2=0.02, inner_steps=1, epochs=1, batches/epoch=113
  [Client 14] Round 1 | Hier-pFedMe(λ2=35.0, K=1) | loss=0.7778
  [Client 18] Starting Hier-pFedMe | λ2=35.0, η2=0.02, inner_steps=1, epochs=1, batches/epoch=113
  [Client 11] Round 1 | Hier-pFedMe(λ2=35.0, K=1) | loss=0.7859
  [Client 15] Round 1 | Hier-pFedMe(λ2=35.0, K=1) | loss=0.8612
  [Client 16] Round 1 | Hier-pFedMe(λ2=35.0, K=1) | loss=0.8383
  [Client 18] Round 1 | Hier-pFedMe(λ2=35.0, K=1) | loss=0.8601
  [Edge 1] G1 | E1 | loss=0.8260
  [Edge 1] G1 | E2 | Hier-pFedMe | Selected 10/10
  [Client 11] Received edge weights.
[C11] Test set: samples=600, class_dist={0: 300, 1: 300}
  [Client 15] Received edge weights.
[C15] Test set: samples=600, class_dist={0: 305, 8: 295}
  [Client 19] Received edge weights.
[C19] Test set: samples=600, class_dist={0: 286, 9: 314}
  [Client 16] Received edge weights.
[C16] Test set: samples=600, class_dist={1: 291, 8: 309}
  [Client 18] Received edge weights.
[C18] Test set: samples=600, class_dist={1: 314, 9: 286}
  [Client 14] Received edge weights.
[C14] Test set: samples=600, class_dist={0: 307, 9: 293}
  [Client 17] Received edge weights.
[C17] Test set: samples=600, class_dist={1: 289, 9: 311}
  [Client 12] Received edge weights.
[C12] Test set: samples=600, class_dist={1: 308, 8: 292}
  [Client 13] Received edge weights.
[C13] Test set: samples=600, class_dist={0: 311, 8: 289}
  [Client 10] Received edge weights.
[C10] Test set: samples=600, class_dist={8: 292, 9: 308}
  [Client 11] Starting Hier-pFedMe | λ2=35.0, η2=0.02, inner_steps=1, epochs=1, batches/epoch=113
  [Client 15] Starting Hier-pFedMe | λ2=35.0, η2=0.02, inner_steps=1, epochs=1, batches/epoch=113  [Client 16] Starting Hier-pFedMe | λ2=35.0, η2=0.02, inner_steps=1, epochs=1, batches/epoch=113
  [Client 19] Starting Hier-pFedMe | λ2=35.0, η2=0.02, inner_steps=1, epochs=1, batches/epoch=113

  [Client 11] Round 1 | Hier-pFedMe(λ2=35.0, K=1) | loss=0.8313
  [Client 18] Starting Hier-pFedMe | λ2=35.0, η2=0.02, inner_steps=1, epochs=1, batches/epoch=113
  [Client 19] Round 1 | Hier-pFedMe(λ2=35.0, K=1) | loss=0.8211  [Client 16] Round 1 | Hier-pFedMe(λ2=35.0, K=1) | loss=0.8519  [Client 15] Round 1 | Hier-pFedMe(λ2=35.0, K=1) | loss=0.8870


  [Client 14] Starting Hier-pFedMe | λ2=35.0, η2=0.02, inner_steps=1, epochs=1, batches/epoch=113
  [Client 17] Starting Hier-pFedMe | λ2=35.0, η2=0.02, inner_steps=1, epochs=1, batches/epoch=113  [Client 12] Starting Hier-pFedMe | λ2=35.0, η2=0.02, inner_steps=1, epochs=1, batches/epoch=113

  [Client 18] Round 1 | Hier-pFedMe(λ2=35.0, K=1) | loss=0.8539
  [Client 13] Starting Hier-pFedMe | λ2=35.0, η2=0.02, inner_steps=1, epochs=1, batches/epoch=113
  [Client 14] Round 1 | Hier-pFedMe(λ2=35.0, K=1) | loss=0.8437  [Client 17] Round 1 | Hier-pFedMe(λ2=35.0, K=1) | loss=0.8422  [Client 12] Round 1 | Hier-pFedMe(λ2=35.0, K=1) | loss=0.8378


  [Client 10] Starting Hier-pFedMe | λ2=35.0, η2=0.02, inner_steps=1, epochs=1, batches/epoch=113
  [Client 13] Round 1 | Hier-pFedMe(λ2=35.0, K=1) | loss=0.8662
  [Client 10] Round 1 | Hier-pFedMe(λ2=35.0, K=1) | loss=0.8605
  [Edge 1] G1 | E2 | loss=0.8496
  [Edge 1] G1 | E3 | Hier-pFedMe | Selected 10/10
  [Client 10] Received edge weights.
[C10] Test set: samples=600, class_dist={8: 292, 9: 308}
  [Client 14] Received edge weights.
[C14] Test set: samples=600, class_dist={0: 307, 9: 293}
  [Client 15] Received edge weights.
[C15] Test set: samples=600, class_dist={0: 305, 8: 295}
  [Client 12] Received edge weights.
[C12] Test set: samples=600, class_dist={1: 308, 8: 292}
  [Client 18] Received edge weights.
[C18] Test set: samples=600, class_dist={1: 314, 9: 286}
  [Client 11] Received edge weights.
[C11] Test set: samples=600, class_dist={0: 300, 1: 300}
  [Client 16] Received edge weights.
[C16] Test set: samples=600, class_dist={1: 291, 8: 309}
  [Client 13] Received edge weights.
[C13] Test set: samples=600, class_dist={0: 311, 8: 289}
  [Client 17] Received edge weights.
[C17] Test set: samples=600, class_dist={1: 289, 9: 311}
  [Client 19] Received edge weights.
[C19] Test set: samples=600, class_dist={0: 286, 9: 314}
  [Client 10] Starting Hier-pFedMe | λ2=35.0, η2=0.02, inner_steps=1, epochs=1, batches/epoch=113
  [Client 14] Starting Hier-pFedMe | λ2=35.0, η2=0.02, inner_steps=1, epochs=1, batches/epoch=113
  [Client 12] Starting Hier-pFedMe | λ2=35.0, η2=0.02, inner_steps=1, epochs=1, batches/epoch=113
  [Client 15] Starting Hier-pFedMe | λ2=35.0, η2=0.02, inner_steps=1, epochs=1, batches/epoch=113
  [Client 10] Round 1 | Hier-pFedMe(λ2=35.0, K=1) | loss=0.8471
  [Client 18] Starting Hier-pFedMe | λ2=35.0, η2=0.02, inner_steps=1, epochs=1, batches/epoch=113  [Client 14] Round 1 | Hier-pFedMe(λ2=35.0, K=1) | loss=0.8421  [Client 15] Round 1 | Hier-pFedMe(λ2=35.0, K=1) | loss=0.8917
  [Client 12] Round 1 | Hier-pFedMe(λ2=35.0, K=1) | loss=0.8482


  [Client 16] Starting Hier-pFedMe | λ2=35.0, η2=0.02, inner_steps=1, epochs=1, batches/epoch=113
  [Client 11] Starting Hier-pFedMe | λ2=35.0, η2=0.02, inner_steps=1, epochs=1, batches/epoch=113  [Client 13] Starting Hier-pFedMe | λ2=35.0, η2=0.02, inner_steps=1, epochs=1, batches/epoch=113

  [Client 18] Round 1 | Hier-pFedMe(λ2=35.0, K=1) | loss=0.8424  [Client 16] Round 1 | Hier-pFedMe(λ2=35.0, K=1) | loss=0.8320  [Client 11] Round 1 | Hier-pFedMe(λ2=35.0, K=1) | loss=0.8270  [Client 13] Round 1 | Hier-pFedMe(λ2=35.0, K=1) | loss=0.8689



  [Client 17] Starting Hier-pFedMe | λ2=35.0, η2=0.02, inner_steps=1, epochs=1, batches/epoch=113  [Client 19] Starting Hier-pFedMe | λ2=35.0, η2=0.02, inner_steps=1, epochs=1, batches/epoch=113

  [Client 17] Round 1 | Hier-pFedMe(λ2=35.0, K=1) | loss=0.8458
  [Client 19] Round 1 | Hier-pFedMe(λ2=35.0, K=1) | loss=0.8241
  [Edge 1] G1 | E3 | loss=0.8469
  [Edge 1] G1 | E4 | Hier-pFedMe | Selected 10/10
  [Client 12] Received edge weights.
[C12] Test set: samples=600, class_dist={1: 308, 8: 292}
  [Client 18] Received edge weights.
[C18] Test set: samples=600, class_dist={1: 314, 9: 286}
  [Client 14] Received edge weights.
[C14] Test set: samples=600, class_dist={0: 307, 9: 293}
  [Client 15] Received edge weights.
[C15] Test set: samples=600, class_dist={0: 305, 8: 295}
  [Client 10] Received edge weights.
[C10] Test set: samples=600, class_dist={8: 292, 9: 308}
  [Client 13] Received edge weights.
[C13] Test set: samples=600, class_dist={0: 311, 8: 289}
  [Client 11] Received edge weights.
[C11] Test set: samples=600, class_dist={0: 300, 1: 300}
  [Client 16] Received edge weights.
[C16] Test set: samples=600, class_dist={1: 291, 8: 309}
  [Client 19] Received edge weights.
[C19] Test set: samples=600, class_dist={0: 286, 9: 314}
  [Client 17] Received edge weights.
[C17] Test set: samples=600, class_dist={1: 289, 9: 311}
  [Client 12] Starting Hier-pFedMe | λ2=35.0, η2=0.02, inner_steps=1, epochs=1, batches/epoch=113  [Client 18] Starting Hier-pFedMe | λ2=35.0, η2=0.02, inner_steps=1, epochs=1, batches/epoch=113
  [Client 14] Starting Hier-pFedMe | λ2=35.0, η2=0.02, inner_steps=1, epochs=1, batches/epoch=113  [Client 15] Starting Hier-pFedMe | λ2=35.0, η2=0.02, inner_steps=1, epochs=1, batches/epoch=113


  [Client 18] Round 1 | Hier-pFedMe(λ2=35.0, K=1) | loss=0.8468  [Client 12] Round 1 | Hier-pFedMe(λ2=35.0, K=1) | loss=0.8468  [Client 14] Round 1 | Hier-pFedMe(λ2=35.0, K=1) | loss=0.8551

  [Client 15] Round 1 | Hier-pFedMe(λ2=35.0, K=1) | loss=0.8739

  [Client 13] Starting Hier-pFedMe | λ2=35.0, η2=0.02, inner_steps=1, epochs=1, batches/epoch=113  [Client 11] Starting Hier-pFedMe | λ2=35.0, η2=0.02, inner_steps=1, epochs=1, batches/epoch=113  [Client 10] Starting Hier-pFedMe | λ2=35.0, η2=0.02, inner_steps=1, epochs=1, batches/epoch=113  [Client 16] Starting Hier-pFedMe | λ2=35.0, η2=0.02, inner_steps=1, epochs=1, batches/epoch=113



  [Client 13] Round 1 | Hier-pFedMe(λ2=35.0, K=1) | loss=0.8499  [Client 11] Round 1 | Hier-pFedMe(λ2=35.0, K=1) | loss=0.8412

  [Client 19] Starting Hier-pFedMe | λ2=35.0, η2=0.02, inner_steps=1, epochs=1, batches/epoch=113  [Client 17] Starting Hier-pFedMe | λ2=35.0, η2=0.02, inner_steps=1, epochs=1, batches/epoch=113

  [Client 10] Round 1 | Hier-pFedMe(λ2=35.0, K=1) | loss=0.8586  [Client 16] Round 1 | Hier-pFedMe(λ2=35.0, K=1) | loss=0.8497

  [Client 19] Round 1 | Hier-pFedMe(λ2=35.0, K=1) | loss=0.8409
  [Client 17] Round 1 | Hier-pFedMe(λ2=35.0, K=1) | loss=0.8478
  [Edge 1] G1 | E4 | loss=0.8511
  [Edge 1] G1 | E5 | Hier-pFedMe | Selected 10/10
  [Client 13] Received edge weights.
[C13] Test set: samples=600, class_dist={0: 311, 8: 289}
  [Client 16] Received edge weights.
[C16] Test set: samples=600, class_dist={1: 291, 8: 309}
  [Client 18] Received edge weights.
[C18] Test set: samples=600, class_dist={1: 314, 9: 286}
  [Client 19] Received edge weights.
[C19] Test set: samples=600, class_dist={0: 286, 9: 314}
  [Client 17] Received edge weights.
[C17] Test set: samples=600, class_dist={1: 289, 9: 311}
  [Client 15] Received edge weights.
[C15] Test set: samples=600, class_dist={0: 305, 8: 295}
  [Client 12] Received edge weights.
[C12] Test set: samples=600, class_dist={1: 308, 8: 292}
  [Client 14] Received edge weights.
[C14] Test set: samples=600, class_dist={0: 307, 9: 293}
  [Client 11] Received edge weights.
[C11] Test set: samples=600, class_dist={0: 300, 1: 300}
  [Client 10] Received edge weights.
[C10] Test set: samples=600, class_dist={8: 292, 9: 308}
  [Client 16] Starting Hier-pFedMe | λ2=35.0, η2=0.02, inner_steps=1, epochs=1, batches/epoch=113
  [Client 13] Starting Hier-pFedMe | λ2=35.0, η2=0.02, inner_steps=1, epochs=1, batches/epoch=113
  [Client 18] Starting Hier-pFedMe | λ2=35.0, η2=0.02, inner_steps=1, epochs=1, batches/epoch=113
  [Client 19] Starting Hier-pFedMe | λ2=35.0, η2=0.02, inner_steps=1, epochs=1, batches/epoch=113
  [Client 16] Round 1 | Hier-pFedMe(λ2=35.0, K=1) | loss=0.8286
  [Client 17] Starting Hier-pFedMe | λ2=35.0, η2=0.02, inner_steps=1, epochs=1, batches/epoch=113
  [Client 19] Round 1 | Hier-pFedMe(λ2=35.0, K=1) | loss=0.8477
  [Client 18] Round 1 | Hier-pFedMe(λ2=35.0, K=1) | loss=0.8408  [Client 13] Round 1 | Hier-pFedMe(λ2=35.0, K=1) | loss=0.8542

  [Client 15] Starting Hier-pFedMe | λ2=35.0, η2=0.02, inner_steps=1, epochs=1, batches/epoch=113  [Client 12] Starting Hier-pFedMe | λ2=35.0, η2=0.02, inner_steps=1, epochs=1, batches/epoch=113
  [Client 14] Starting Hier-pFedMe | λ2=35.0, η2=0.02, inner_steps=1, epochs=1, batches/epoch=113

  [Client 17] Round 1 | Hier-pFedMe(λ2=35.0, K=1) | loss=0.8339
  [Client 15] Round 1 | Hier-pFedMe(λ2=35.0, K=1) | loss=0.8760  [Client 14] Round 1 | Hier-pFedMe(λ2=35.0, K=1) | loss=0.8509  [Client 12] Round 1 | Hier-pFedMe(λ2=35.0, K=1) | loss=0.8686
  [Client 11] Starting Hier-pFedMe | λ2=35.0, η2=0.02, inner_steps=1, epochs=1, batches/epoch=113


  [Client 10] Starting Hier-pFedMe | λ2=35.0, η2=0.02, inner_steps=1, epochs=1, batches/epoch=113
  [Client 11] Round 1 | Hier-pFedMe(λ2=35.0, K=1) | loss=0.8411  [Client 10] Round 1 | Hier-pFedMe(λ2=35.0, K=1) | loss=0.8618

  [Edge 1] G1 | E5 | loss=0.8503
[C0] n=1000 | classes=[3, 6] | acc=0.5110 | per_class={3: '1.00', 6: '0.00'}
[C1] n=1000 | classes=[3, 6] | acc=0.5150 | per_class={3: '1.00', 6: '0.00'}
[C2] n=1000 | classes=[2, 5] | acc=0.4930 | per_class={2: '0.00', 5: '1.00'}
[C3] n=1000 | classes=[5, 7] | acc=0.5060 | per_class={5: '1.00', 7: '0.00'}
[C4] n=1000 | classes=[2, 7] | acc=0.5070 | per_class={2: '1.00', 7: '0.00'}
[C5] n=1000 | classes=[2, 4] | acc=0.4900 | per_class={2: '0.00', 4: '1.00'}
[C6] n=1000 | classes=[6, 7] | acc=0.4930 | per_class={6: '1.00', 7: '0.00'}
[C7] n=1000 | classes=[3, 5] | acc=0.4850 | per_class={3: '1.00', 5: '0.00'}
[C8] n=500 | classes=[4] | acc=1.0000 | per_class={4: '1.00'}
[C9] n=500 | classes=[4] | acc=1.0000 | per_class={4: '1.00'}
[C10] n=600 | classes=[8, 9] | acc=0.4867 | per_class={8: '1.00', 9: '0.00'}
[C11] n=600 | classes=[0, 1] | acc=0.5000 | per_class={0: '0.00', 1: '1.00'}
[C12] n=600 | classes=[1, 8] | acc=0.5133 | per_class={1: '1.00', 8: '0.00'}
[C13] n=600 | classes=[0, 8] | acc=0.5183 | per_class={0: '1.00', 8: '0.00'}
[C14] n=600 | classes=[0, 9] | acc=0.5117 | per_class={0: '1.00', 9: '0.00'}
[C15] n=600 | classes=[0, 8] | acc=0.5083 | per_class={0: '1.00', 8: '0.00'}
[C16] n=600 | classes=[1, 8] | acc=0.5150 | per_class={1: '0.00', 8: '1.00'}
[C17] n=600 | classes=[1, 9] | acc=0.4817 | per_class={1: '1.00', 9: '0.00'}
[C18] n=600 | classes=[1, 9] | acc=0.5233 | per_class={1: '1.00', 9: '0.00'}
[C19] n=600 | classes=[0, 9] | acc=0.5233 | per_class={0: '0.00', 9: '1.00'}
  [Cloud] GM=0.1006 | EM=0.1999 PM=0.5366 | loss=2.3050 | time=61.2s | comm=683.7MB (total=684MB)

[Round   2] Broadcasting to 2 edges...
  [Edge 0] W_n reset to global weights for new round.
  [Edge 1] W_n reset to global weights for new round.
  [Edge 0] G2 | E1 | Hier-pFedMe | Selected 10/10
  [Client  9] Received edge weights.
[C9] Test set: samples=500, class_dist={4: 500}
  [Client  2] Received edge weights.
[C2] Test set: samples=1000, class_dist={2: 507, 5: 493}
  [Client  6] Received edge weights.
[C6] Test set: samples=1000, class_dist={6: 493, 7: 507}
  [Client  8] Received edge weights.
[C8] Test set: samples=500, class_dist={4: 500}
  [Client  5] Received edge weights.
[C5] Test set: samples=1000, class_dist={2: 510, 4: 490}
  [Client  1] Received edge weights.
[C1] Test set: samples=1000, class_dist={3: 515, 6: 485}
  [Client  4] Received edge weights.
[C4] Test set: samples=1000, class_dist={2: 507, 7: 493}
  [Client  0] Received edge weights.
[C0] Test set: samples=1000, class_dist={3: 511, 6: 489}
  [Client  7] Received edge weights.
[C7] Test set: samples=1000, class_dist={3: 485, 5: 515}
  [Client  3] Received edge weights.
[C3] Test set: samples=1000, class_dist={5: 506, 7: 494}
  [Client  9] Starting Hier-pFedMe | λ2=35.0, η2=0.02, inner_steps=1, epochs=1, batches/epoch=94  [Client  2] Starting Hier-pFedMe | λ2=35.0, η2=0.02, inner_steps=1, epochs=1, batches/epoch=188

  [Client  6] Starting Hier-pFedMe | λ2=35.0, η2=0.02, inner_steps=1, epochs=1, batches/epoch=188
  [Client  8] Starting Hier-pFedMe | λ2=35.0, η2=0.02, inner_steps=1, epochs=1, batches/epoch=94
  [Client  9] Round 2 | Hier-pFedMe(λ2=35.0, K=1) | loss=0.1673
  [Client  8] Round 2 | Hier-pFedMe(λ2=35.0, K=1) | loss=0.1663
  [Client  5] Starting Hier-pFedMe | λ2=35.0, η2=0.02, inner_steps=1, epochs=1, batches/epoch=188
  [Client  1] Starting Hier-pFedMe | λ2=35.0, η2=0.02, inner_steps=1, epochs=1, batches/epoch=188
  [Client  2] Round 2 | Hier-pFedMe(λ2=35.0, K=1) | loss=0.8817  [Client  6] Round 2 | Hier-pFedMe(λ2=35.0, K=1) | loss=0.8852

  [Client  4] Starting Hier-pFedMe | λ2=35.0, η2=0.02, inner_steps=1, epochs=1, batches/epoch=188
  [Client  0] Starting Hier-pFedMe | λ2=35.0, η2=0.02, inner_steps=1, epochs=1, batches/epoch=188
  [Client  5] Round 2 | Hier-pFedMe(λ2=35.0, K=1) | loss=0.8913
  [Client  7] Starting Hier-pFedMe | λ2=35.0, η2=0.02, inner_steps=1, epochs=1, batches/epoch=188
  [Client  1] Round 2 | Hier-pFedMe(λ2=35.0, K=1) | loss=0.8732
  [Client  3] Starting Hier-pFedMe | λ2=35.0, η2=0.02, inner_steps=1, epochs=1, batches/epoch=188
  [Client  4] Round 2 | Hier-pFedMe(λ2=35.0, K=1) | loss=0.8825
  [Client  0] Round 2 | Hier-pFedMe(λ2=35.0, K=1) | loss=0.8712
  [Client  7] Round 2 | Hier-pFedMe(λ2=35.0, K=1) | loss=0.8654
  [Client  3] Round 2 | Hier-pFedMe(λ2=35.0, K=1) | loss=0.8604
  [Edge 0] G2 | E1 | loss=0.7975
  [Edge 0] G2 | E2 | Hier-pFedMe | Selected 10/10
  [Client  1] Received edge weights.
[C1] Test set: samples=1000, class_dist={3: 515, 6: 485}
  [Client  5] Received edge weights.
[C5] Test set: samples=1000, class_dist={2: 510, 4: 490}
  [Client  6] Received edge weights.
[C6] Test set: samples=1000, class_dist={6: 493, 7: 507}
  [Client  8] Received edge weights.
[C8] Test set: samples=500, class_dist={4: 500}
  [Client  4] Received edge weights.
[C4] Test set: samples=1000, class_dist={2: 507, 7: 493}
  [Client  3] Received edge weights.
[C3] Test set: samples=1000, class_dist={5: 506, 7: 494}
  [Client  0] Received edge weights.
[C0] Test set: samples=1000, class_dist={3: 511, 6: 489}
  [Client  7] Received edge weights.
[C7] Test set: samples=1000, class_dist={3: 485, 5: 515}
  [Client  9] Received edge weights.
[C9] Test set: samples=500, class_dist={4: 500}
  [Client  2] Received edge weights.
[C2] Test set: samples=1000, class_dist={2: 507, 5: 493}
  [Client  1] Starting Hier-pFedMe | λ2=35.0, η2=0.02, inner_steps=1, epochs=1, batches/epoch=188  [Client  8] Starting Hier-pFedMe | λ2=35.0, η2=0.02, inner_steps=1, epochs=1, batches/epoch=94  [Client  6] Starting Hier-pFedMe | λ2=35.0, η2=0.02, inner_steps=1, epochs=1, batches/epoch=188  [Client  5] Starting Hier-pFedMe | λ2=35.0, η2=0.02, inner_steps=1, epochs=1, batches/epoch=188



  [Client  8] Round 2 | Hier-pFedMe(λ2=35.0, K=1) | loss=0.1174
  [Client  4] Starting Hier-pFedMe | λ2=35.0, η2=0.02, inner_steps=1, epochs=1, batches/epoch=188
  [Client  1] Round 2 | Hier-pFedMe(λ2=35.0, K=1) | loss=0.8487
  [Client  5] Round 2 | Hier-pFedMe(λ2=35.0, K=1) | loss=0.8667
  [Client  3] Starting Hier-pFedMe | λ2=35.0, η2=0.02, inner_steps=1, epochs=1, batches/epoch=188
  [Client  0] Starting Hier-pFedMe | λ2=35.0, η2=0.02, inner_steps=1, epochs=1, batches/epoch=188  [Client  6] Round 2 | Hier-pFedMe(λ2=35.0, K=1) | loss=0.8639

  [Client  7] Starting Hier-pFedMe | λ2=35.0, η2=0.02, inner_steps=1, epochs=1, batches/epoch=188
  [Client  4] Round 2 | Hier-pFedMe(λ2=35.0, K=1) | loss=0.8512
  [Client  9] Starting Hier-pFedMe | λ2=35.0, η2=0.02, inner_steps=1, epochs=1, batches/epoch=94
  [Client  3] Round 2 | Hier-pFedMe(λ2=35.0, K=1) | loss=0.8504
  [Client  2] Starting Hier-pFedMe | λ2=35.0, η2=0.02, inner_steps=1, epochs=1, batches/epoch=188
  [Client  0] Round 2 | Hier-pFedMe(λ2=35.0, K=1) | loss=0.8583  [Client  7] Round 2 | Hier-pFedMe(λ2=35.0, K=1) | loss=0.8481

  [Client  9] Round 2 | Hier-pFedMe(λ2=35.0, K=1) | loss=0.1190
  [Client  2] Round 2 | Hier-pFedMe(λ2=35.0, K=1) | loss=0.8536
  [Edge 0] G2 | E2 | loss=0.7732
  [Edge 0] G2 | E3 | Hier-pFedMe | Selected 10/10
  [Client  6] Received edge weights.
[C6] Test set: samples=1000, class_dist={6: 493, 7: 507}
  [Client  8] Received edge weights.
[C8] Test set: samples=500, class_dist={4: 500}
  [Client  3] Received edge weights.
[C3] Test set: samples=1000, class_dist={5: 506, 7: 494}
  [Client  1] Received edge weights.
[C1] Test set: samples=1000, class_dist={3: 515, 6: 485}
  [Client  9] Received edge weights.
[C9] Test set: samples=500, class_dist={4: 500}
  [Client  0] Received edge weights.
[C0] Test set: samples=1000, class_dist={3: 511, 6: 489}
  [Client  5] Received edge weights.
[C5] Test set: samples=1000, class_dist={2: 510, 4: 490}
  [Client  4] Received edge weights.
[C4] Test set: samples=1000, class_dist={2: 507, 7: 493}
  [Client  7] Received edge weights.
[C7] Test set: samples=1000, class_dist={3: 485, 5: 515}
  [Client  2] Received edge weights.
[C2] Test set: samples=1000, class_dist={2: 507, 5: 493}
  [Client  8] Starting Hier-pFedMe | λ2=35.0, η2=0.02, inner_steps=1, epochs=1, batches/epoch=94  [Client  6] Starting Hier-pFedMe | λ2=35.0, η2=0.02, inner_steps=1, epochs=1, batches/epoch=188  [Client  3] Starting Hier-pFedMe | λ2=35.0, η2=0.02, inner_steps=1, epochs=1, batches/epoch=188  [Client  1] Starting Hier-pFedMe | λ2=35.0, η2=0.02, inner_steps=1, epochs=1, batches/epoch=188



  [Client  8] Round 2 | Hier-pFedMe(λ2=35.0, K=1) | loss=0.1195
  [Client  9] Starting Hier-pFedMe | λ2=35.0, η2=0.02, inner_steps=1, epochs=1, batches/epoch=94
  [Client  6] Round 2 | Hier-pFedMe(λ2=35.0, K=1) | loss=0.8488  [Client  1] Round 2 | Hier-pFedMe(λ2=35.0, K=1) | loss=0.8666

  [Client  3] Round 2 | Hier-pFedMe(λ2=35.0, K=1) | loss=0.8391  [Client  0] Starting Hier-pFedMe | λ2=35.0, η2=0.02, inner_steps=1, epochs=1, batches/epoch=188

  [Client  5] Starting Hier-pFedMe | λ2=35.0, η2=0.02, inner_steps=1, epochs=1, batches/epoch=188
  [Client  4] Starting Hier-pFedMe | λ2=35.0, η2=0.02, inner_steps=1, epochs=1, batches/epoch=188
  [Client  9] Round 2 | Hier-pFedMe(λ2=35.0, K=1) | loss=0.1238
  [Client  7] Starting Hier-pFedMe | λ2=35.0, η2=0.02, inner_steps=1, epochs=1, batches/epoch=188
  [Client  5] Round 2 | Hier-pFedMe(λ2=35.0, K=1) | loss=0.8559  [Client  0] Round 2 | Hier-pFedMe(λ2=35.0, K=1) | loss=0.8526

  [Client  4] Round 2 | Hier-pFedMe(λ2=35.0, K=1) | loss=0.8537
  [Client  2] Starting Hier-pFedMe | λ2=35.0, η2=0.02, inner_steps=1, epochs=1, batches/epoch=188
  [Client  7] Round 2 | Hier-pFedMe(λ2=35.0, K=1) | loss=0.8494
  [Client  2] Round 2 | Hier-pFedMe(λ2=35.0, K=1) | loss=0.8562
  [Edge 0] G2 | E3 | loss=0.7715
  [Edge 0] G2 | E4 | Hier-pFedMe | Selected 10/10
  [Client  5] Received edge weights.
[C5] Test set: samples=1000, class_dist={2: 510, 4: 490}
  [Client  1] Received edge weights.
[C1] Test set: samples=1000, class_dist={3: 515, 6: 485}
  [Client  6] Received edge weights.
[C6] Test set: samples=1000, class_dist={6: 493, 7: 507}
  [Client  2] Received edge weights.
[C2] Test set: samples=1000, class_dist={2: 507, 5: 493}
  [Client  8] Received edge weights.
[C8] Test set: samples=500, class_dist={4: 500}
  [Client  0] Received edge weights.
[C0] Test set: samples=1000, class_dist={3: 511, 6: 489}
  [Client  7] Received edge weights.
[C7] Test set: samples=1000, class_dist={3: 485, 5: 515}
  [Client  4] Received edge weights.
[C4] Test set: samples=1000, class_dist={2: 507, 7: 493}
  [Client  3] Received edge weights.
[C3] Test set: samples=1000, class_dist={5: 506, 7: 494}
  [Client  9] Received edge weights.
[C9] Test set: samples=500, class_dist={4: 500}
  [Client  5] Starting Hier-pFedMe | λ2=35.0, η2=0.02, inner_steps=1, epochs=1, batches/epoch=188  [Client  2] Starting Hier-pFedMe | λ2=35.0, η2=0.02, inner_steps=1, epochs=1, batches/epoch=188  [Client  6] Starting Hier-pFedMe | λ2=35.0, η2=0.02, inner_steps=1, epochs=1, batches/epoch=188  [Client  1] Starting Hier-pFedMe | λ2=35.0, η2=0.02, inner_steps=1, epochs=1, batches/epoch=188



  [Client  5] Round 2 | Hier-pFedMe(λ2=35.0, K=1) | loss=0.8541
  [Client  6] Round 2 | Hier-pFedMe(λ2=35.0, K=1) | loss=0.8533
  [Client  8] Starting Hier-pFedMe | λ2=35.0, η2=0.02, inner_steps=1, epochs=1, batches/epoch=94
  [Client  0] Starting Hier-pFedMe | λ2=35.0, η2=0.02, inner_steps=1, epochs=1, batches/epoch=188  [Client  2] Round 2 | Hier-pFedMe(λ2=35.0, K=1) | loss=0.8589

  [Client  1] Round 2 | Hier-pFedMe(λ2=35.0, K=1) | loss=0.8564
  [Client  7] Starting Hier-pFedMe | λ2=35.0, η2=0.02, inner_steps=1, epochs=1, batches/epoch=188
  [Client  4] Starting Hier-pFedMe | λ2=35.0, η2=0.02, inner_steps=1, epochs=1, batches/epoch=188
  [Client  8] Round 2 | Hier-pFedMe(λ2=35.0, K=1) | loss=0.1125
  [Client  3] Starting Hier-pFedMe | λ2=35.0, η2=0.02, inner_steps=1, epochs=1, batches/epoch=188
  [Client  0] Round 2 | Hier-pFedMe(λ2=35.0, K=1) | loss=0.8511
  [Client  7] Round 2 | Hier-pFedMe(λ2=35.0, K=1) | loss=0.8498
  [Client  9] Starting Hier-pFedMe | λ2=35.0, η2=0.02, inner_steps=1, epochs=1, batches/epoch=94
  [Client  4] Round 2 | Hier-pFedMe(λ2=35.0, K=1) | loss=0.8442
  [Client  3] Round 2 | Hier-pFedMe(λ2=35.0, K=1) | loss=0.8441
  [Client  9] Round 2 | Hier-pFedMe(λ2=35.0, K=1) | loss=0.1153
  [Edge 0] G2 | E4 | loss=0.7695
  [Edge 0] G2 | E5 | Hier-pFedMe | Selected 10/10
  [Client  6] Received edge weights.
[C6] Test set: samples=1000, class_dist={6: 493, 7: 507}
  [Client  2] Received edge weights.
[C2] Test set: samples=1000, class_dist={2: 507, 5: 493}
  [Client  5] Received edge weights.
[C5] Test set: samples=1000, class_dist={2: 510, 4: 490}
  [Client  1] Received edge weights.
[C1] Test set: samples=1000, class_dist={3: 515, 6: 485}
  [Client  8] Received edge weights.
[C8] Test set: samples=500, class_dist={4: 500}
  [Client  9] Received edge weights.
[C9] Test set: samples=500, class_dist={4: 500}
  [Client  3] Received edge weights.
[C3] Test set: samples=1000, class_dist={5: 506, 7: 494}
  [Client  7] Received edge weights.
[C7] Test set: samples=1000, class_dist={3: 485, 5: 515}
  [Client  4] Received edge weights.
[C4] Test set: samples=1000, class_dist={2: 507, 7: 493}
  [Client  0] Received edge weights.
[C0] Test set: samples=1000, class_dist={3: 511, 6: 489}
  [Client  5] Starting Hier-pFedMe | λ2=35.0, η2=0.02, inner_steps=1, epochs=1, batches/epoch=188  [Client  2] Starting Hier-pFedMe | λ2=35.0, η2=0.02, inner_steps=1, epochs=1, batches/epoch=188  [Client  1] Starting Hier-pFedMe | λ2=35.0, η2=0.02, inner_steps=1, epochs=1, batches/epoch=188  [Client  6] Starting Hier-pFedMe | λ2=35.0, η2=0.02, inner_steps=1, epochs=1, batches/epoch=188



  [Client  2] Round 2 | Hier-pFedMe(λ2=35.0, K=1) | loss=0.8575  [Client  5] Round 2 | Hier-pFedMe(λ2=35.0, K=1) | loss=0.8649

  [Client  6] Round 2 | Hier-pFedMe(λ2=35.0, K=1) | loss=0.8591
  [Client  8] Starting Hier-pFedMe | λ2=35.0, η2=0.02, inner_steps=1, epochs=1, batches/epoch=94  [Client  9] Starting Hier-pFedMe | λ2=35.0, η2=0.02, inner_steps=1, epochs=1, batches/epoch=94  [Client  3] Starting Hier-pFedMe | λ2=35.0, η2=0.02, inner_steps=1, epochs=1, batches/epoch=188  [Client  1] Round 2 | Hier-pFedMe(λ2=35.0, K=1) | loss=0.8583



  [Client  7] Starting Hier-pFedMe | λ2=35.0, η2=0.02, inner_steps=1, epochs=1, batches/epoch=188
  [Client  8] Round 2 | Hier-pFedMe(λ2=35.0, K=1) | loss=0.1182
  [Client  4] Starting Hier-pFedMe | λ2=35.0, η2=0.02, inner_steps=1, epochs=1, batches/epoch=188
  [Client  9] Round 2 | Hier-pFedMe(λ2=35.0, K=1) | loss=0.1205
  [Client  0] Starting Hier-pFedMe | λ2=35.0, η2=0.02, inner_steps=1, epochs=1, batches/epoch=188
  [Client  3] Round 2 | Hier-pFedMe(λ2=35.0, K=1) | loss=0.8332
  [Client  7] Round 2 | Hier-pFedMe(λ2=35.0, K=1) | loss=0.8593
  [Client  4] Round 2 | Hier-pFedMe(λ2=35.0, K=1) | loss=0.8569
  [Client  0] Round 2 | Hier-pFedMe(λ2=35.0, K=1) | loss=0.8606
  [Edge 0] G2 | E5 | loss=0.7744
  [Edge 1] G2 | E1 | Hier-pFedMe | Selected 10/10
  [Client 14] Received edge weights.
[C14] Test set: samples=600, class_dist={0: 307, 9: 293}
  [Client 16] Received edge weights.
[C16] Test set: samples=600, class_dist={1: 291, 8: 309}
  [Client 17] Received edge weights.
[C17] Test set: samples=600, class_dist={1: 289, 9: 311}
  [Client 11] Received edge weights.
[C11] Test set: samples=600, class_dist={0: 300, 1: 300}
  [Client 13] Received edge weights.
[C13] Test set: samples=600, class_dist={0: 311, 8: 289}
  [Client 19] Received edge weights.
[C19] Test set: samples=600, class_dist={0: 286, 9: 314}
  [Client 12] Received edge weights.
[C12] Test set: samples=600, class_dist={1: 308, 8: 292}
  [Client 10] Received edge weights.
[C10] Test set: samples=600, class_dist={8: 292, 9: 308}
  [Client 15] Received edge weights.
[C15] Test set: samples=600, class_dist={0: 305, 8: 295}
  [Client 18] Received edge weights.
[C18] Test set: samples=600, class_dist={1: 314, 9: 286}
  [Client 17] Starting Hier-pFedMe | λ2=35.0, η2=0.02, inner_steps=1, epochs=1, batches/epoch=113  [Client 14] Starting Hier-pFedMe | λ2=35.0, η2=0.02, inner_steps=1, epochs=1, batches/epoch=113  [Client 16] Starting Hier-pFedMe | λ2=35.0, η2=0.02, inner_steps=1, epochs=1, batches/epoch=113  [Client 11] Starting Hier-pFedMe | λ2=35.0, η2=0.02, inner_steps=1, epochs=1, batches/epoch=113



  [Client 16] Round 2 | Hier-pFedMe(λ2=35.0, K=1) | loss=0.8661
  [Client 14] Round 2 | Hier-pFedMe(λ2=35.0, K=1) | loss=0.8944  [Client 11] Round 2 | Hier-pFedMe(λ2=35.0, K=1) | loss=0.8862  [Client 17] Round 2 | Hier-pFedMe(λ2=35.0, K=1) | loss=0.8648

  [Client 13] Starting Hier-pFedMe | λ2=35.0, η2=0.02, inner_steps=1, epochs=1, batches/epoch=113

  [Client 12] Starting Hier-pFedMe | λ2=35.0, η2=0.02, inner_steps=1, epochs=1, batches/epoch=113
  [Client 19] Starting Hier-pFedMe | λ2=35.0, η2=0.02, inner_steps=1, epochs=1, batches/epoch=113
  [Client 10] Starting Hier-pFedMe | λ2=35.0, η2=0.02, inner_steps=1, epochs=1, batches/epoch=113
  [Client 12] Round 2 | Hier-pFedMe(λ2=35.0, K=1) | loss=0.8728  [Client 19] Round 2 | Hier-pFedMe(λ2=35.0, K=1) | loss=0.8647
  [Client 10] Round 2 | Hier-pFedMe(λ2=35.0, K=1) | loss=0.8848  [Client 13] Round 2 | Hier-pFedMe(λ2=35.0, K=1) | loss=0.8797


  [Client 15] Starting Hier-pFedMe | λ2=35.0, η2=0.02, inner_steps=1, epochs=1, batches/epoch=113  [Client 18] Starting Hier-pFedMe | λ2=35.0, η2=0.02, inner_steps=1, epochs=1, batches/epoch=113

