This job can be monitored from: https://job.c3se.chalmers.se/alvis/6426170
========================================
Job ID      : 6426170
Job Name    : HierFLcifar10
Node        : alvis6-04
Start Time  : Fri Apr 17 06:56:46 CEST 2026
Working Dir : /cephyr/users/ziangg/Alvis/tf-dpfl
========================================
[Setup] Python: /cephyr/users/ziangg/Alvis/TF_DPFL_2026/bin/python
[Setup] TF version: 2.15.1
[Setup] GPU available: [PhysicalDevice(name='/physical_device:GPU:0', device_type='GPU')]
[Config] Override: wandb.enabled = True
[Setup] Random seed: 42
[Setup] Loading dataset...
[Data] CIFAR-100 from Mimer: /mimer/NOBACKUP/Datasets/CIFAR
[Data] CIFAR-100 | train=50000 test=10000 classes=100
[Setup] Building global model...
Model: "cifar_cnn_3conv"
_________________________________________________________________
 Layer (type)                Output Shape              Param #   
=================================================================
 input_1 (InputLayer)        [(None, 32, 32, 3)]       0         
                                                                 
 conv2d (Conv2D)             (None, 32, 32, 32)        896       
                                                                 
 batch_normalization (Batch  (None, 32, 32, 32)        128       
 Normalization)                                                  
                                                                 
 re_lu (ReLU)                (None, 32, 32, 32)        0         
                                                                 
 conv2d_1 (Conv2D)           (None, 32, 32, 64)        18496     
                                                                 
 batch_normalization_1 (Bat  (None, 32, 32, 64)        256       
 chNormalization)                                                
                                                                 
 re_lu_1 (ReLU)              (None, 32, 32, 64)        0         
                                                                 
 max_pooling2d (MaxPooling2  (None, 16, 16, 64)        0         
 D)                                                              
                                                                 
 conv2d_2 (Conv2D)           (None, 16, 16, 128)       73856     
                                                                 
 batch_normalization_2 (Bat  (None, 16, 16, 128)       512       
 chNormalization)                                                
                                                                 
 re_lu_2 (ReLU)              (None, 16, 16, 128)       0         
                                                                 
 conv2d_3 (Conv2D)           (None, 16, 16, 128)       147584    
                                                                 
 batch_normalization_3 (Bat  (None, 16, 16, 128)       512       
 chNormalization)                                                
                                                                 
 re_lu_3 (ReLU)              (None, 16, 16, 128)       0         
                                                                 
 max_pooling2d_1 (MaxPoolin  (None, 8, 8, 128)         0         
 g2D)                                                            
                                                                 
 spatial_dropout2d (Spatial  (None, 8, 8, 128)         0         
 Dropout2D)                                                      
                                                                 
 conv2d_4 (Conv2D)           (None, 8, 8, 256)         295168    
                                                                 
 batch_normalization_4 (Bat  (None, 8, 8, 256)         1024      
 chNormalization)                                                
                                                                 
 re_lu_4 (ReLU)              (None, 8, 8, 256)         0         
                                                                 
 conv2d_5 (Conv2D)           (None, 8, 8, 256)         590080    
                                                                 
 batch_normalization_5 (Bat  (None, 8, 8, 256)         1024      
 chNormalization)                                                
                                                                 
 re_lu_5 (ReLU)              (None, 8, 8, 256)         0         
                                                                 
 max_pooling2d_2 (MaxPoolin  (None, 4, 4, 256)         0         
 g2D)                                                            
                                                                 
 flatten (Flatten)           (None, 4096)              0         
                                                                 
 dropout (Dropout)           (None, 4096)              0         
                                                                 
 dense (Dense)               (None, 1024)              4195328   
                                                                 
 dense_1 (Dense)             (None, 512)               524800    
                                                                 
 dropout_1 (Dropout)         (None, 512)               0         
                                                                 
 dense_2 (Dense)             (None, 100)               51300     
                                                                 
=================================================================
Total params: 5900964 (22.51 MB)
Trainable params: 5899236 (22.50 MB)
Non-trainable params: 1728 (6.75 KB)
_________________________________________________________________
[Setup] Building clients...

[Pathological non-IID] 10 clients, 10 classes/client, 100 total classes
Client       Samples    Classes held (cls:count)
------------------------------------------------------------------------
client_0     5000       [cls4:500, cls14:500, cls25:500, cls42:500, cls59:500, cls60:500, cls67:500, cls76:500, cls83:500, cls88:500]
client_1     5000       [cls0:500, cls16:500, cls32:500, cls33:500, cls36:500, cls52:500, cls71:500, cls77:500, cls84:500, cls85:500]
client_2     5000       [cls2:500, cls7:500, cls8:500, cls15:500, cls18:500, cls56:500, cls66:500, cls72:500, cls73:500, cls95:500]
client_3     5000       [cls5:500, cls29:500, cls34:500, cls39:500, cls54:500, cls55:500, cls63:500, cls81:500, cls86:500, cls91:500]
client_4     5000       [cls12:500, cls22:500, cls35:500, cls45:500, cls46:500, cls47:500, cls79:500, cls87:500, cls97:500, cls98:500]
client_5     5000       [cls1:500, cls13:500, cls19:500, cls27:500, cls40:500, cls58:500, cls62:500, cls69:500, cls93:500, cls96:500]
client_6     5000       [cls9:500, cls23:500, cls24:500, cls30:500, cls31:500, cls49:500, cls50:500, cls65:500, cls70:500, cls75:500]
client_7     5000       [cls21:500, cls44:500, cls51:500, cls53:500, cls57:500, cls61:500, cls78:500, cls80:500, cls82:500, cls90:500]
client_8     5000       [cls3:500, cls11:500, cls26:500, cls28:500, cls41:500, cls43:500, cls68:500, cls74:500, cls94:500, cls99:500]
client_9     5000       [cls6:500, cls10:500, cls17:500, cls20:500, cls37:500, cls38:500, cls48:500, cls64:500, cls89:500, cls92:500]

[Test split] 10 per-client test sets, avg 1000 samples each
[Setup] 10 clients built (pathological) | per-client test sets injected
[Setup] Building edge servers...
[Assignment] Random | 2 edges
  Edge 0: clients [1, 3, 5, 6, 8]
  Edge 1: clients [0, 2, 4, 7, 9]
[EdgeServer 0] 5 clients | 25000 samples
[EdgeServer 1] 5 clients | 25000 samples

[Setup] Built 2 edge servers (strategy=random)
  Edge 0: 5 clients | 25000 samples
  Edge 1: 5 clients | 25000 samples
[CloudServer] 2 edges | model: 22.51 MB

====================================================
 HierFAVG Training Start
====================================================

[Round   1] Broadcasting to 2 edges...
  [Edge 0] G1 | E1 | Hier-PerFedAvg | Selected 5/5
[1;34mwandb[0m: 
[1;34mwandb[0m: 🚀 View run [33mhierpfedavg_test[0m at: [34mhttps://wandb.ai/3445339138-kth-royal-institute-of-technology/HierFL-cifar100/runs/47fmbqx7[0m
[1;34mwandb[0m: Find logs at: [1;35mwandb/run-20260417_065728-47fmbqx7/logs[0m
