This job can be monitored from: https://job.c3se.chalmers.se/alvis/6634604
========================================
Job ID      : 6634604
Job Name    : HierFLcifar10
Node        : alvis7-12
Start Time  : Fri May 15 08:28:16 CEST 2026
Working Dir : /cephyr/users/ziangg/Alvis/tf-dpfl
========================================
[Setup] Python: /cephyr/users/ziangg/Alvis/tf-dpfl/bin/python
[Setup] TF version: 2.15.1
[Setup] GPU available: [PhysicalDevice(name='/physical_device:GPU:0', device_type='GPU')]
[Config] Override: wandb.enabled = True
[Setup] Random seed: 42
[Setup] Loading dataset...
[Data] CIFAR-10 from Mimer: /mimer/NOBACKUP/Datasets/CIFAR
[Setup] Building global model...
Model: "cifar_cnn_3conv"
_________________________________________________________________
 Layer (type)                Output Shape              Param #   
=================================================================
 input_1 (InputLayer)        [(None, 32, 32, 3)]       0         
                                                                 
 conv2d (Conv2D)             (None, 32, 32, 32)        896       
                                                                 
 batch_normalization (Batch  (None, 32, 32, 32)        128       
 Normalization)                                                  
                                                                 
 re_lu (ReLU)                (None, 32, 32, 32)        0         
                                                                 
 conv2d_1 (Conv2D)           (None, 32, 32, 64)        18496     
                                                                 
 batch_normalization_1 (Bat  (None, 32, 32, 64)        256       
 chNormalization)                                                
                                                                 
 re_lu_1 (ReLU)              (None, 32, 32, 64)        0         
                                                                 
 max_pooling2d (MaxPooling2  (None, 16, 16, 64)        0         
 D)                                                              
                                                                 
 conv2d_2 (Conv2D)           (None, 16, 16, 128)       73856     
                                                                 
 batch_normalization_2 (Bat  (None, 16, 16, 128)       512       
 chNormalization)                                                
                                                                 
 re_lu_2 (ReLU)              (None, 16, 16, 128)       0         
                                                                 
 conv2d_3 (Conv2D)           (None, 16, 16, 128)       147584    
                                                                 
 batch_normalization_3 (Bat  (None, 16, 16, 128)       512       
 chNormalization)                                                
                                                                 
 re_lu_3 (ReLU)              (None, 16, 16, 128)       0         
                                                                 
 max_pooling2d_1 (MaxPoolin  (None, 8, 8, 128)         0         
 g2D)                                                            
                                                                 
 spatial_dropout2d (Spatial  (None, 8, 8, 128)         0         
 Dropout2D)                                                      
                                                                 
 conv2d_4 (Conv2D)           (None, 8, 8, 256)         295168    
                                                                 
 batch_normalization_4 (Bat  (None, 8, 8, 256)         1024      
 chNormalization)                                                
                                                                 
 re_lu_4 (ReLU)              (None, 8, 8, 256)         0         
                                                                 
 conv2d_5 (Conv2D)           (None, 8, 8, 256)         590080    
                                                                 
 batch_normalization_5 (Bat  (None, 8, 8, 256)         1024      
 chNormalization)                                                
                                                                 
 re_lu_5 (ReLU)              (None, 8, 8, 256)         0         
                                                                 
 max_pooling2d_2 (MaxPoolin  (None, 4, 4, 256)         0         
 g2D)                                                            
                                                                 
 flatten (Flatten)           (None, 4096)              0         
                                                                 
 dropout (Dropout)           (None, 4096)              0         
                                                                 
 dense (Dense)               (None, 1024)              4195328   
                                                                 
 dense_1 (Dense)             (None, 512)               524800    
                                                                 
 dropout_1 (Dropout)         (None, 512)               0         
                                                                 
 dense_2 (Dense)             (None, 10)                5130      
                                                                 
=================================================================
Total params: 5854794 (22.33 MB)
Trainable params: 5853066 (22.33 MB)
Non-trainable params: 1728 (6.75 KB)
_________________________________________________________________
[Setup] Building clients...

[Superclass-aware partition] 2 edges, 2 classes/client

  Edge 0 (class pool: [2, 3, 4, 5, 6, 7]):
  Client       Samples    Classes held                        Out-of-pool?
  ---------------------------------------------------------------------------
  client_0     4000       [3, 6]                              OK
  client_1     4000       [3, 6]                              OK
  client_2     4000       [2, 5]                              OK
  client_3     4000       [5, 7]                              OK
  client_4     4000       [2, 7]                              OK
  client_5     4000       [2, 4]                              OK
  client_6     4000       [6, 7]                              OK
  client_7     4000       [3, 5]                              OK
  client_8     2000       [4]                                 OK
  client_9     2000       [4]                                 OK

  Edge 1 (class pool: [0, 1, 8, 9]):
  Client       Samples    Classes held                        Out-of-pool?
  ---------------------------------------------------------------------------
  client_10    2400       [8, 9]                              OK
  client_11    2400       [0, 1]                              OK
  client_12    2400       [1, 8]                              OK
  client_13    2400       [0, 8]                              OK
  client_14    2400       [0, 9]                              OK
  client_15    2400       [0, 8]                              OK
  client_16    2400       [1, 8]                              OK
  client_17    2400       [1, 9]                              OK
  client_18    2400       [1, 9]                              OK
  client_19    2400       [0, 9]                              OK

[Train/Test split] 20 clients | avg train=2250, avg test=750 samples (ratio=0.25)
[Setup] 20 clients built (superclass_pathological) | per-client test sets injected
[Setup] Building edge servers...
[Assignment] Using pre-baked superclass assignments | 2 edges
[EdgeServer 0] 10 clients | 27000 samples
[EdgeServer 1] 10 clients | 18000 samples

[Setup] Built 2 edge servers (strategy=superclass_baked)
  Edge 0: 10 clients | 27000 samples
  Edge 1: 10 clients | 18000 samples
[Setup] Building per-edge test datasets (superclass-aware)...
[CloudServer] 2 edges | model: 22.33 MB

====================================================
 HierFAVG Training Start
====================================================

[Round   1] Broadcasting to 2 edges...
  [Edge 0] G1 | E1 | Selected 10/10
  [Client  3] Received edge weights.
  [Client  6] Received edge weights.
  [Client  9] Received edge weights.
  [Client  8] Received edge weights.
  [Client  7] Received edge weights.
  [Client  1] Received edge weights.
  [Client  4] Received edge weights.
  [Client  0] Received edge weights.
  [Client  5] Received edge weights.
  [Client  2] Received edge weights.
  [Client  9] Round 1 | FedAvg | loss=0.0286
  [Client  8] Round 1 | FedAvg | loss=0.0312
  [Client  6] Round 1 | FedAvg | loss=1.0852  [Client  3] Round 1 | FedAvg | loss=1.1815

  [Client  7] Round 1 | FedAvg | loss=1.0360
  [Client  1] Round 1 | FedAvg | loss=1.1596
  [Client  4] Round 1 | FedAvg | loss=1.0186
  [Client  0] Round 1 | FedAvg | loss=1.1380
  [Client  5] Round 1 | FedAvg | loss=1.2889
  [Client  2] Round 1 | FedAvg | loss=1.0375
  [Edge 0] G1 | E1 | loss=0.9972
  [Edge 0] G1 | E2 | Selected 10/10
  [Client  3] Received edge weights.
  [Client  0] Received edge weights.
  [Client  7] Received edge weights.
  [Client  9] Received edge weights.
  [Client  6] Received edge weights.
  [Client  4] Received edge weights.
  [Client  2] Received edge weights.
  [Client  8] Received edge weights.
  [Client  5] Received edge weights.
  [Client  1] Received edge weights.
  [Client  9] Round 1 | FedAvg | loss=0.1307
  [Client  3] Round 1 | FedAvg | loss=0.8212
  [Client  0] Round 1 | FedAvg | loss=0.7670
  [Client  7] Round 1 | FedAvg | loss=0.8732
  [Client  6] Round 1 | FedAvg | loss=0.7333
  [Client  8] Round 1 | FedAvg | loss=0.1401
  [Client  4] Round 1 | FedAvg | loss=0.8743
  [Client  2] Round 1 | FedAvg | loss=0.8566
  [Client  5] Round 1 | FedAvg | loss=0.8432
  [Client  1] Round 1 | FedAvg | loss=0.8484
  [Edge 0] G1 | E2 | loss=0.7503
  [Edge 0] G1 | E3 | Selected 10/10
  [Client  9] Received edge weights.
  [Client  7] Received edge weights.
  [Client  8] Received edge weights.
  [Client  6] Received edge weights.
  [Client  4] Received edge weights.
  [Client  1] Received edge weights.
  [Client  0] Received edge weights.
  [Client  3] Received edge weights.
  [Client  5] Received edge weights.
  [Client  2] Received edge weights.
  [Client  8] Round 1 | FedAvg | loss=0.1641
  [Client  9] Round 1 | FedAvg | loss=0.1727
  [Client  7] Round 1 | FedAvg | loss=0.8007
  [Client  6] Round 1 | FedAvg | loss=0.6752
  [Client  4] Round 1 | FedAvg | loss=0.7291
  [Client  1] Round 1 | FedAvg | loss=0.7718
  [Client  0] Round 1 | FedAvg | loss=0.7164
  [Client  3] Round 1 | FedAvg | loss=0.7758
  [Client  2] Round 1 | FedAvg | loss=0.7758
  [Client  5] Round 1 | FedAvg | loss=0.8029
  [Edge 0] G1 | E3 | loss=0.6907
  [Edge 0] G1 | E4 | Selected 10/10
  [Client  8] Received edge weights.
  [Client  6] Received edge weights.
  [Client  0] Received edge weights.
  [Client  9] Received edge weights.
  [Client  7] Received edge weights.
  [Client  3] Received edge weights.
  [Client  5] Received edge weights.
  [Client  2] Received edge weights.
  [Client  1] Received edge weights.
  [Client  4] Received edge weights.
  [Client  8] Round 1 | FedAvg | loss=0.0584
  [Client  9] Round 1 | FedAvg | loss=0.0568
  [Client  0] Round 1 | FedAvg | loss=0.6871
  [Client  6] Round 1 | FedAvg | loss=0.5904
  [Client  7] Round 1 | FedAvg | loss=0.7611
  [Client  3] Round 1 | FedAvg | loss=0.7111
  [Client  5] Round 1 | FedAvg | loss=0.7768
  [Client  2] Round 1 | FedAvg | loss=0.7235
  [Client  1] Round 1 | FedAvg | loss=0.6929
  [Client  4] Round 1 | FedAvg | loss=0.6630
  [Edge 0] G1 | E4 | loss=0.6293
  [Edge 0] G1 | E5 | Selected 10/10
  [Client  8] Received edge weights.
  [Client  1] Received edge weights.
  [Client  7] Received edge weights.
  [Client  4] Received edge weights.
  [Client  5] Received edge weights.
  [Client  9] Received edge weights.
  [Client  3] Received edge weights.
  [Client  0] Received edge weights.
  [Client  6] Received edge weights.
  [Client  2] Received edge weights.
  [Client  8] Round 1 | FedAvg | loss=0.1693
  [Client  7] Round 1 | FedAvg | loss=0.7410
  [Client  1] Round 1 | FedAvg | loss=0.6314
  [Client  4] Round 1 | FedAvg | loss=0.6743
  [Client  5] Round 1 | FedAvg | loss=0.7660
  [Client  9] Round 1 | FedAvg | loss=0.1648
  [Client  3] Round 1 | FedAvg | loss=0.6626
  [Client  0] Round 1 | FedAvg | loss=0.6156
  [Client  2] Round 1 | FedAvg | loss=0.7447  [Client  6] Round 1 | FedAvg | loss=0.5735

  [Edge 0] G1 | E5 | loss=0.6196
  [Edge 1] G1 | E1 | Selected 10/10
  [Client 10] Received edge weights.
  [Client 19] Received edge weights.
  [Client 13] Received edge weights.
  [Client 17] Received edge weights.
  [Client 12] Received edge weights.
  [Client 14] Received edge weights.
  [Client 15] Received edge weights.
  [Client 11] Received edge weights.
  [Client 16] Received edge weights.
  [Client 18] Received edge weights.
  [Client 19] Round 1 | FedAvg | loss=1.3276
  [Client 17] Round 1 | FedAvg | loss=1.5120
  [Client 10] Round 1 | FedAvg | loss=1.2876
  [Client 13] Round 1 | FedAvg | loss=1.1922
  [Client 12] Round 1 | FedAvg | loss=1.1490
  [Client 14] Round 1 | FedAvg | loss=1.4537
  [Client 15] Round 1 | FedAvg | loss=1.1273
  [Client 11] Round 1 | FedAvg | loss=1.3123
  [Client 16] Round 1 | FedAvg | loss=1.5065
  [Client 18] Round 1 | FedAvg | loss=1.4327
  [Edge 1] G1 | E1 | loss=1.3301
  [Edge 1] G1 | E2 | Selected 10/10
  [Client 11] Received edge weights.
  [Client 15] Received edge weights.
  [Client 19] Received edge weights.
  [Client 16] Received edge weights.
  [Client 18] Received edge weights.
  [Client 14] Received edge weights.
  [Client 17] Received edge weights.
  [Client 12] Received edge weights.
  [Client 13] Received edge weights.
  [Client 10] Received edge weights.
  [Client 19] Round 1 | FedAvg | loss=0.9038
  [Client 16] Round 1 | FedAvg | loss=0.7908  [Client 11] Round 1 | FedAvg | loss=0.7451

  [Client 15] Round 1 | FedAvg | loss=0.8948
  [Client 18] Round 1 | FedAvg | loss=0.9540
  [Client 17] Round 1 | FedAvg | loss=0.9130
  [Client 14] Round 1 | FedAvg | loss=0.8358
  [Client 12] Round 1 | FedAvg | loss=0.9259
  [Client 13] Round 1 | FedAvg | loss=0.8525
  [Client 10] Round 1 | FedAvg | loss=0.8507
  [Edge 1] G1 | E2 | loss=0.8666
  [Edge 1] G1 | E3 | Selected 10/10
  [Client 10] Received edge weights.
  [Client 14] Received edge weights.
  [Client 15] Received edge weights.
  [Client 12] Received edge weights.
  [Client 18] Received edge weights.
  [Client 11] Received edge weights.
  [Client 16] Received edge weights.
  [Client 13] Received edge weights.
  [Client 17] Received edge weights.
  [Client 19] Received edge weights.
  [Client 14] Round 1 | FedAvg | loss=0.7704  [Client 15] Round 1 | FedAvg | loss=0.8270  [Client 12] Round 1 | FedAvg | loss=0.7797


  [Client 10] Round 1 | FedAvg | loss=0.7222
  [Client 11] Round 1 | FedAvg | loss=0.7051
  [Client 16] Round 1 | FedAvg | loss=0.6947
  [Client 18] Round 1 | FedAvg | loss=0.8522
  [Client 13] Round 1 | FedAvg | loss=0.8210
  [Client 17] Round 1 | FedAvg | loss=0.8157  [Client 19] Round 1 | FedAvg | loss=0.7584

  [Edge 1] G1 | E3 | loss=0.7746
  [Edge 1] G1 | E4 | Selected 10/10
  [Client 12] Received edge weights.
  [Client 18] Received edge weights.
  [Client 14] Received edge weights.
  [Client 15] Received edge weights.
  [Client 10] Received edge weights.
  [Client 13] Received edge weights.
  [Client 11] Received edge weights.
  [Client 16] Received edge weights.
  [Client 19] Received edge weights.
  [Client 17] Received edge weights.
  [Client 18] Round 1 | FedAvg | loss=0.7832
  [Client 14] Round 1 | FedAvg | loss=0.6894
  [Client 15] Round 1 | FedAvg | loss=0.7596  [Client 12] Round 1 | FedAvg | loss=0.6238

  [Client 10] Round 1 | FedAvg | loss=0.5645
  [Client 13] Round 1 | FedAvg | loss=0.7935
  [Client 16] Round 1 | FedAvg | loss=0.6810
  [Client 11] Round 1 | FedAvg | loss=0.6567
  [Client 19] Round 1 | FedAvg | loss=0.6348
  [Client 17] Round 1 | FedAvg | loss=0.7865
  [Edge 1] G1 | E4 | loss=0.6973
  [Edge 1] G1 | E5 | Selected 10/10
  [Client 13] Received edge weights.
  [Client 16] Received edge weights.
  [Client 18] Received edge weights.
  [Client 19] Received edge weights.
  [Client 17] Received edge weights.
  [Client 15] Received edge weights.
  [Client 12] Received edge weights.
  [Client 14] Received edge weights.
  [Client 11] Received edge weights.
  [Client 10] Received edge weights.
  [Client 13] Round 1 | FedAvg | loss=0.7421
  [Client 16] Round 1 | FedAvg | loss=0.5456
  [Client 19] Round 1 | FedAvg | loss=0.5842
  [Client 18] Round 1 | FedAvg | loss=0.8327
  [Client 15] Round 1 | FedAvg | loss=0.7044
  [Client 17] Round 1 | FedAvg | loss=0.8450
  [Client 14] Round 1 | FedAvg | loss=0.5707  [Client 12] Round 1 | FedAvg | loss=0.5721

  [Client 11] Round 1 | FedAvg | loss=0.5583
  [Client 10] Round 1 | FedAvg | loss=0.5670
  [Edge 1] G1 | E5 | loss=0.6522
[1;34mwandb[0m: 
[1;34mwandb[0m: 🚀 View run [33mfinal0_hierpfedme_c20_localepoch_1_semantic_superclass_pathological_classesperclient_2[0m at: [34mhttps://wandb.ai/3445339138-kth-royal-institute-of-technology/HierFL-cifar10/runs/11ex9axh[0m
[1;34mwandb[0m: Find logs at: [1;35mwandb/run-20260515_082902-11ex9axh/logs[0m
