This job can be monitored from: https://job.c3se.chalmers.se/alvis/6636104
========================================
Job ID      : 6636104
Job Name    : HierFLcifar10
Node        : alvis9-06
Start Time  : Fri May 15 14:21:45 CEST 2026
Working Dir : /cephyr/users/ziangg/Alvis/tf-dpfl
========================================
[Setup] Python: /cephyr/users/ziangg/Alvis/tf-dpfl/bin/python
[Setup] TF version: 2.15.1
[Setup] GPU available: [PhysicalDevice(name='/physical_device:GPU:0', device_type='GPU')]
[Config] Override: wandb.enabled = True
[Setup] Random seed: 42
[Setup] Loading dataset...
[Data] CIFAR-10 from Mimer: /mimer/NOBACKUP/Datasets/CIFAR
[Setup] Building global model...
Model: "cifar_cnn_3conv"
_________________________________________________________________
 Layer (type)                Output Shape              Param #   
=================================================================
 input_1 (InputLayer)        [(None, 32, 32, 3)]       0         
                                                                 
 conv2d (Conv2D)             (None, 32, 32, 32)        896       
                                                                 
 batch_normalization (Batch  (None, 32, 32, 32)        128       
 Normalization)                                                  
                                                                 
 re_lu (ReLU)                (None, 32, 32, 32)        0         
                                                                 
 conv2d_1 (Conv2D)           (None, 32, 32, 64)        18496     
                                                                 
 batch_normalization_1 (Bat  (None, 32, 32, 64)        256       
 chNormalization)                                                
                                                                 
 re_lu_1 (ReLU)              (None, 32, 32, 64)        0         
                                                                 
 max_pooling2d (MaxPooling2  (None, 16, 16, 64)        0         
 D)                                                              
                                                                 
 conv2d_2 (Conv2D)           (None, 16, 16, 128)       73856     
                                                                 
 batch_normalization_2 (Bat  (None, 16, 16, 128)       512       
 chNormalization)                                                
                                                                 
 re_lu_2 (ReLU)              (None, 16, 16, 128)       0         
                                                                 
 conv2d_3 (Conv2D)           (None, 16, 16, 128)       147584    
                                                                 
 batch_normalization_3 (Bat  (None, 16, 16, 128)       512       
 chNormalization)                                                
                                                                 
 re_lu_3 (ReLU)              (None, 16, 16, 128)       0         
                                                                 
 max_pooling2d_1 (MaxPoolin  (None, 8, 8, 128)         0         
 g2D)                                                            
                                                                 
 spatial_dropout2d (Spatial  (None, 8, 8, 128)         0         
 Dropout2D)                                                      
                                                                 
 conv2d_4 (Conv2D)           (None, 8, 8, 256)         295168    
                                                                 
 batch_normalization_4 (Bat  (None, 8, 8, 256)         1024      
 chNormalization)                                                
                                                                 
 re_lu_4 (ReLU)              (None, 8, 8, 256)         0         
                                                                 
 conv2d_5 (Conv2D)           (None, 8, 8, 256)         590080    
                                                                 
 batch_normalization_5 (Bat  (None, 8, 8, 256)         1024      
 chNormalization)                                                
                                                                 
 re_lu_5 (ReLU)              (None, 8, 8, 256)         0         
                                                                 
 max_pooling2d_2 (MaxPoolin  (None, 4, 4, 256)         0         
 g2D)                                                            
                                                                 
 flatten (Flatten)           (None, 4096)              0         
                                                                 
 dropout (Dropout)           (None, 4096)              0         
                                                                 
 dense (Dense)               (None, 1024)              4195328   
                                                                 
 dense_1 (Dense)             (None, 512)               524800    
                                                                 
 dropout_1 (Dropout)         (None, 512)               0         
                                                                 
 dense_2 (Dense)             (None, 10)                5130      
                                                                 
=================================================================
Total params: 5854794 (22.33 MB)
Trainable params: 5853066 (22.33 MB)
Non-trainable params: 1728 (6.75 KB)
_________________________________________________________________
[Setup] Building clients...

[Superclass-aware partition] 2 edges, 2 classes/client

  Edge 0 (class pool: [2, 3, 4, 5, 6, 7]):
  Client       Samples    Classes held                        Out-of-pool?
  ---------------------------------------------------------------------------
  client_0     4000       [3, 6]                              OK
  client_1     4000       [3, 6]                              OK
  client_2     4000       [2, 5]                              OK
  client_3     4000       [5, 7]                              OK
  client_4     4000       [2, 7]                              OK
  client_5     4000       [2, 4]                              OK
  client_6     4000       [6, 7]                              OK
  client_7     4000       [3, 5]                              OK
  client_8     2000       [4]                                 OK
  client_9     2000       [4]                                 OK

  Edge 1 (class pool: [0, 1, 8, 9]):
  Client       Samples    Classes held                        Out-of-pool?
  ---------------------------------------------------------------------------
  client_10    2400       [8, 9]                              OK
  client_11    2400       [0, 1]                              OK
  client_12    2400       [1, 8]                              OK
  client_13    2400       [0, 8]                              OK
  client_14    2400       [0, 9]                              OK
  client_15    2400       [0, 8]                              OK
  client_16    2400       [1, 8]                              OK
  client_17    2400       [1, 9]                              OK
  client_18    2400       [1, 9]                              OK
  client_19    2400       [0, 9]                              OK

[Train/Test split] 20 clients | avg train=2250, avg test=750 samples (ratio=0.25)
[Setup] 20 clients built (superclass_pathological) | per-client test sets injected
[Setup] Building edge servers...
[Assignment] Using pre-baked superclass assignments | 2 edges
[EdgeServer 0] 10 clients | 27000 samples
[EdgeServer 1] 10 clients | 18000 samples

[Setup] Built 2 edge servers (strategy=superclass_baked)
  Edge 0: 10 clients | 27000 samples
  Edge 1: 10 clients | 18000 samples
[Setup] Building per-edge test datasets (superclass-aware)...
[CloudServer] 2 edges | model: 22.33 MB

====================================================
 HierFAVG Training Start
====================================================

[Round   1] Broadcasting to 2 edges...
  [Edge 0] W_n reset to global weights for new round.
  [Edge 1] W_n reset to global weights for new round.
  [Edge 0] G1 | E1 | Hier-pFedMe | Selected 10/10
  [Client  3] Received edge weights.
[C3] Test set stats: samples=1000, batches=1000, class_dist={5: 506, 7: 494}
[C3] First sample: shape=(1, 32, 32, 3), value_range=[-1.989, 2.027], label=[5]
  [Client  6] Received edge weights.
[C6] Test set stats: samples=1000, batches=1000, class_dist={6: 493, 7: 507}
[C6] First sample: shape=(1, 32, 32, 3), value_range=[-1.352, 2.046], label=[7]
  [Client  9] Received edge weights.
[C9] Test set stats: samples=500, batches=500, class_dist={4: 500}
[C9] First sample: shape=(1, 32, 32, 3), value_range=[-1.720, 1.756], label=[4]
  [Client  8] Received edge weights.
[C8] Test set stats: samples=500, batches=500, class_dist={4: 500}
[C8] First sample: shape=(1, 32, 32, 3), value_range=[-1.466, 1.980], label=[4]
  [Client  7] Received edge weights.
[C7] Test set stats: samples=1000, batches=1000, class_dist={3: 485, 5: 515}
[C7] First sample: shape=(1, 32, 32, 3), value_range=[-1.545, 2.078], label=[3]
  [Client  1] Received edge weights.
[C1] Test set stats: samples=1000, batches=1000, class_dist={3: 515, 6: 485}
[C1] First sample: shape=(1, 32, 32, 3), value_range=[-1.545, 1.535], label=[3]
  [Client  4] Received edge weights.
[C4] Test set stats: samples=1000, batches=1000, class_dist={2: 507, 7: 493}
[C4] First sample: shape=(1, 32, 32, 3), value_range=[-1.958, 2.116], label=[7]
  [Client  0] Received edge weights.
[C0] Test set stats: samples=1000, batches=1000, class_dist={3: 511, 6: 489}
[C0] First sample: shape=(1, 32, 32, 3), value_range=[-1.704, 2.011], label=[6]
  [Client  5] Received edge weights.
[C5] Test set stats: samples=1000, batches=1000, class_dist={2: 510, 4: 490}
[C5] First sample: shape=(1, 32, 32, 3), value_range=[-1.437, 1.951], label=[4]
  [Client  2] Received edge weights.
[C2] Test set stats: samples=1000, batches=1000, class_dist={2: 507, 5: 493}
[C2] First sample: shape=(1, 32, 32, 3), value_range=[-1.640, 2.126], label=[5]
  [Client  3] Starting Hier-pFedMe training with λ2=35.0, η2=0.02, inner_steps=3 for 1 epochs (188 batches per epoch).
[C3] eval model[0] mean=0.005500 | edge mean=0.005500 |
[C3] n=1000 | classes=[5, 7] | acc=0.0000 | per_class={5: '0.00', 7: '0.00'}
[C3]sample: shape=(16, 32, 32, 3), label=[7 5 5 5 5 5 5 7 7 5 5 7 5 7 7 7]
[C3] eval model[0] mean=0.005677 | edge mean=0.005500 |
[C3] n=1000 | classes=[5, 7] | acc=0.5060 | per_class={5: '1.00', 7: '0.00'}
  [Client  3] Finished Hier-pFedMe training for round 1.
  [Client  3] Round 1 | Hier-pFedMe(λ2=35.0,K=3) | loss=22.2758
  [Client  6] Starting Hier-pFedMe training with λ2=35.0, η2=0.02, inner_steps=3 for 1 epochs (188 batches per epoch).
[C6] eval model[0] mean=0.005500 | edge mean=0.005500 |
[C6] n=1000 | classes=[6, 7] | acc=0.0000 | per_class={6: '0.00', 7: '0.00'}
[C6]sample: shape=(16, 32, 32, 3), label=[7 6 7 6 7 7 6 7 6 6 7 6 7 6 7 7]
[C6] eval model[0] mean=0.007331 | edge mean=0.005500 |
[C6] n=1000 | classes=[6, 7] | acc=0.5040 | per_class={6: '0.00', 7: '0.99'}
  [Client  6] Finished Hier-pFedMe training for round 1.
  [Client  6] Round 1 | Hier-pFedMe(λ2=35.0,K=3) | loss=17.2632
  [Client  9] Starting Hier-pFedMe training with λ2=35.0, η2=0.02, inner_steps=3 for 1 epochs (94 batches per epoch).
[C9] eval model[0] mean=0.005500 | edge mean=0.005500 |
[C9] n=500 | classes=[4] | acc=0.0000 | per_class={4: '0.00'}
[C9]sample: shape=(16, 32, 32, 3), label=[4 4 4 4 4 4 4 4 4 4 4 4 4 4 4 4]
[C9] eval model[0] mean=0.005249 | edge mean=0.005500 |
[C9] n=500 | classes=[4] | acc=1.0000 | per_class={4: '1.00'}
  [Client  9] Finished Hier-pFedMe training for round 1.
  [Client  9] Round 1 | Hier-pFedMe(λ2=35.0,K=3) | loss=0.0000
  [Client  8] Starting Hier-pFedMe training with λ2=35.0, η2=0.02, inner_steps=3 for 1 epochs (94 batches per epoch).
[C8] eval model[0] mean=0.005500 | edge mean=0.005500 |
[C8] n=500 | classes=[4] | acc=0.0040 | per_class={4: '0.00'}
[C8]sample: shape=(16, 32, 32, 3), label=[4 4 4 4 4 4 4 4 4 4 4 4 4 4 4 4]
[C8] eval model[0] mean=0.005181 | edge mean=0.005500 |
[C8] n=500 | classes=[4] | acc=1.0000 | per_class={4: '1.00'}
  [Client  8] Finished Hier-pFedMe training for round 1.
  [Client  8] Round 1 | Hier-pFedMe(λ2=35.0,K=3) | loss=0.0000
  [Client  7] Starting Hier-pFedMe training with λ2=35.0, η2=0.02, inner_steps=3 for 1 epochs (188 batches per epoch).
[C7] eval model[0] mean=0.005500 | edge mean=0.005500 |
[C7] n=1000 | classes=[3, 5] | acc=0.3670 | per_class={3: '0.76', 5: '0.00'}
[C7]sample: shape=(16, 32, 32, 3), label=[5 3 5 3 5 5 5 3 3 3 5 3 5 5 5 3]
[C7] eval model[0] mean=0.007764 | edge mean=0.005500 |
[C7] n=1000 | classes=[3, 5] | acc=0.4830 | per_class={3: '0.00', 5: '0.94'}
  [Client  7] Finished Hier-pFedMe training for round 1.
  [Client  7] Round 1 | Hier-pFedMe(λ2=35.0,K=3) | loss=20.0799
  [Client  1] Starting Hier-pFedMe training with λ2=35.0, η2=0.02, inner_steps=3 for 1 epochs (188 batches per epoch).
[C1] eval model[0] mean=0.005500 | edge mean=0.005500 |
[C1] n=1000 | classes=[3, 6] | acc=0.3790 | per_class={3: '0.74', 6: '0.00'}
[C1]sample: shape=(16, 32, 32, 3), label=[6 3 6 3 3 3 6 6 6 3 6 3 3 6 3 6]
[C1] eval model[0] mean=0.009663 | edge mean=0.005500 |
[C1] n=1000 | classes=[3, 6] | acc=0.5480 | per_class={3: '0.85', 6: '0.23'}
  [Client  1] Finished Hier-pFedMe training for round 1.
  [Client  1] Round 1 | Hier-pFedMe(λ2=35.0,K=3) | loss=16.8959
  [Client  4] Starting Hier-pFedMe training with λ2=35.0, η2=0.02, inner_steps=3 for 1 epochs (188 batches per epoch).
[C4] eval model[0] mean=0.005500 | edge mean=0.005500 |
[C4] n=1000 | classes=[2, 7] | acc=0.0220 | per_class={2: '0.04', 7: '0.00'}
[C4]sample: shape=(16, 32, 32, 3), label=[7 2 7 7 2 7 2 7 7 7 2 2 7 2 7 2]
[C4] eval model[0] mean=0.007650 | edge mean=0.005500 |
[C4] n=1000 | classes=[2, 7] | acc=0.4930 | per_class={2: '0.00', 7: '1.00'}
  [Client  4] Finished Hier-pFedMe training for round 1.
  [Client  4] Round 1 | Hier-pFedMe(λ2=35.0,K=3) | loss=20.2213
  [Client  0] Starting Hier-pFedMe training with λ2=35.0, η2=0.02, inner_steps=3 for 1 epochs (188 batches per epoch).
[C0] eval model[0] mean=0.005500 | edge mean=0.005500 |
[C0] n=1000 | classes=[3, 6] | acc=0.3790 | per_class={3: '0.74', 6: '0.00'}
[C0]sample: shape=(16, 32, 32, 3), label=[3 6 6 6 6 6 3 6 6 3 3 3 3 6 6 6]
[C0] eval model[0] mean=0.004416 | edge mean=0.005500 |
[C0] n=1000 | classes=[3, 6] | acc=0.4610 | per_class={3: '0.01', 6: '0.93'}
  [Client  0] Finished Hier-pFedMe training for round 1.
  [Client  0] Round 1 | Hier-pFedMe(λ2=35.0,K=3) | loss=9.7511
  [Client  5] Starting Hier-pFedMe training with λ2=35.0, η2=0.02, inner_steps=3 for 1 epochs (188 batches per epoch).
[C5] eval model[0] mean=0.005500 | edge mean=0.005500 |
[C5] n=1000 | classes=[2, 4] | acc=0.0050 | per_class={2: '0.01', 4: '0.00'}
[C5]sample: shape=(16, 32, 32, 3), label=[2 4 2 2 2 2 2 4 4 4 4 4 4 4 2 2]
[C5] eval model[0] mean=0.005903 | edge mean=0.005500 |
[C5] n=1000 | classes=[2, 4] | acc=0.5100 | per_class={2: '1.00', 4: '0.00'}
  [Client  5] Finished Hier-pFedMe training for round 1.
  [Client  5] Round 1 | Hier-pFedMe(λ2=35.0,K=3) | loss=11.4147
  [Client  2] Starting Hier-pFedMe training with λ2=35.0, η2=0.02, inner_steps=3 for 1 epochs (188 batches per epoch).
[C2] eval model[0] mean=0.005500 | edge mean=0.005500 |
[C2] n=1000 | classes=[2, 5] | acc=0.0040 | per_class={2: '0.01', 5: '0.00'}
[C2]sample: shape=(16, 32, 32, 3), label=[5 2 5 2 5 2 2 2 5 2 5 2 2 5 2 2]
[C2] eval model[0] mean=0.006552 | edge mean=0.005500 |
[C2] n=1000 | classes=[2, 5] | acc=0.4940 | per_class={2: '0.89', 5: '0.09'}
  [Client  2] Finished Hier-pFedMe training for round 1.
  [Client  2] Round 1 | Hier-pFedMe(λ2=35.0,K=3) | loss=21.4015
  [Edge 0] G1 | E1 | loss=15.4781
  [Edge 0] G1 | E2 | Hier-pFedMe | Selected 10/10
  [Client  3] Received edge weights.
[C3] Test set stats: samples=1000, batches=1000, class_dist={5: 506, 7: 494}
[C3] First sample: shape=(1, 32, 32, 3), value_range=[-1.989, 2.027], label=[5]
  [Client  0] Received edge weights.
[C0] Test set stats: samples=1000, batches=1000, class_dist={3: 511, 6: 489}
[C0] First sample: shape=(1, 32, 32, 3), value_range=[-1.704, 2.011], label=[6]
  [Client  7] Received edge weights.
[C7] Test set stats: samples=1000, batches=1000, class_dist={3: 485, 5: 515}
[C7] First sample: shape=(1, 32, 32, 3), value_range=[-1.545, 2.078], label=[3]
  [Client  9] Received edge weights.
[C9] Test set stats: samples=500, batches=500, class_dist={4: 500}
[C9] First sample: shape=(1, 32, 32, 3), value_range=[-1.720, 1.756], label=[4]
  [Client  6] Received edge weights.
[C6] Test set stats: samples=1000, batches=1000, class_dist={6: 493, 7: 507}
[C6] First sample: shape=(1, 32, 32, 3), value_range=[-1.352, 2.046], label=[7]
  [Client  4] Received edge weights.
[C4] Test set stats: samples=1000, batches=1000, class_dist={2: 507, 7: 493}
[C4] First sample: shape=(1, 32, 32, 3), value_range=[-1.958, 2.116], label=[7]
  [Client  2] Received edge weights.
[C2] Test set stats: samples=1000, batches=1000, class_dist={2: 507, 5: 493}
[C2] First sample: shape=(1, 32, 32, 3), value_range=[-1.640, 2.126], label=[5]
  [Client  8] Received edge weights.
[C8] Test set stats: samples=500, batches=500, class_dist={4: 500}
[C8] First sample: shape=(1, 32, 32, 3), value_range=[-1.466, 1.980], label=[4]
  [Client  5] Received edge weights.
[C5] Test set stats: samples=1000, batches=1000, class_dist={2: 510, 4: 490}
[C5] First sample: shape=(1, 32, 32, 3), value_range=[-1.437, 1.951], label=[4]
  [Client  1] Received edge weights.
[C1] Test set stats: samples=1000, batches=1000, class_dist={3: 515, 6: 485}
[C1] First sample: shape=(1, 32, 32, 3), value_range=[-1.545, 1.535], label=[3]
  [Client  3] Starting Hier-pFedMe training with λ2=35.0, η2=0.02, inner_steps=3 for 1 epochs (188 batches per epoch).
[C3] eval model[0] mean=0.006227 | edge mean=0.006227 |
[C3] n=1000 | classes=[5, 7] | acc=0.0000 | per_class={5: '0.00', 7: '0.00'}
[C3]sample: shape=(16, 32, 32, 3), label=[7 5 5 5 5 5 7 5 5 7 7 5 7 5 7 5]
[C3] eval model[0] mean=0.006928 | edge mean=0.006227 |
[C3] n=1000 | classes=[5, 7] | acc=0.4940 | per_class={5: '0.00', 7: '1.00'}
  [Client  3] Finished Hier-pFedMe training for round 1.
  [Client  3] Round 1 | Hier-pFedMe(λ2=35.0,K=3) | loss=1.6819
  [Client  0] Starting Hier-pFedMe training with λ2=35.0, η2=0.02, inner_steps=3 for 1 epochs (188 batches per epoch).
[C0] eval model[0] mean=0.006227 | edge mean=0.006227 |
[C0] n=1000 | classes=[3, 6] | acc=0.0000 | per_class={3: '0.00', 6: '0.00'}
[C0]sample: shape=(16, 32, 32, 3), label=[3 6 6 3 6 6 3 6 3 6 3 6 3 3 3 6]
[C0] eval model[0] mean=0.007401 | edge mean=0.006227 |
[C0] n=1000 | classes=[3, 6] | acc=0.5290 | per_class={3: '0.15', 6: '0.92'}
  [Client  0] Finished Hier-pFedMe training for round 1.
  [Client  0] Round 1 | Hier-pFedMe(λ2=35.0,K=3) | loss=0.1963
  [Client  7] Starting Hier-pFedMe training with λ2=35.0, η2=0.02, inner_steps=3 for 1 epochs (188 batches per epoch).
[C7] eval model[0] mean=0.006227 | edge mean=0.006227 |
[C7] n=1000 | classes=[3, 5] | acc=0.0000 | per_class={3: '0.00', 5: '0.00'}
[C7]sample: shape=(16, 32, 32, 3), label=[3 3 3 5 5 5 3 3 3 3 3 5 5 3 3 3]
[C7] eval model[0] mean=0.006871 | edge mean=0.006227 |
[C7] n=1000 | classes=[3, 5] | acc=0.5150 | per_class={3: '0.00', 5: '1.00'}
  [Client  7] Finished Hier-pFedMe training for round 1.
  [Client  7] Round 1 | Hier-pFedMe(λ2=35.0,K=3) | loss=0.4442
  [Client  9] Starting Hier-pFedMe training with λ2=35.0, η2=0.02, inner_steps=3 for 1 epochs (94 batches per epoch).
[C9] eval model[0] mean=0.006227 | edge mean=0.006227 |
[C9] n=500 | classes=[4] | acc=0.8120 | per_class={4: '0.81'}
[C9]sample: shape=(16, 32, 32, 3), label=[4 4 4 4 4 4 4 4 4 4 4 4 4 4 4 4]
[C9] eval model[0] mean=0.006283 | edge mean=0.006227 |
[C9] n=500 | classes=[4] | acc=1.0000 | per_class={4: '1.00'}
  [Client  9] Finished Hier-pFedMe training for round 1.
  [Client  9] Round 1 | Hier-pFedMe(λ2=35.0,K=3) | loss=0.0000
  [Client  6] Starting Hier-pFedMe training with λ2=35.0, η2=0.02, inner_steps=3 for 1 epochs (188 batches per epoch).
[C6] eval model[0] mean=0.006227 | edge mean=0.006227 |
[C6] n=1000 | classes=[6, 7] | acc=0.0000 | per_class={6: '0.00', 7: '0.00'}
[C6]sample: shape=(16, 32, 32, 3), label=[7 7 7 6 7 6 7 6 6 7 6 7 7 7 7 6]
[C6] eval model[0] mean=0.008069 | edge mean=0.006227 |
[C6] n=1000 | classes=[6, 7] | acc=0.5250 | per_class={6: '0.97', 7: '0.09'}
  [Client  6] Finished Hier-pFedMe training for round 1.
  [Client  6] Round 1 | Hier-pFedMe(λ2=35.0,K=3) | loss=3.0585
  [Client  4] Starting Hier-pFedMe training with λ2=35.0, η2=0.02, inner_steps=3 for 1 epochs (188 batches per epoch).
[C4] eval model[0] mean=0.006227 | edge mean=0.006227 |
[C4] n=1000 | classes=[2, 7] | acc=0.0640 | per_class={2: '0.13', 7: '0.00'}
[C4]sample: shape=(16, 32, 32, 3), label=[7 7 7 2 7 2 7 7 7 7 2 2 7 7 2 2]
[C4] eval model[0] mean=0.008030 | edge mean=0.006227 |
[C4] n=1000 | classes=[2, 7] | acc=0.5070 | per_class={2: '1.00', 7: '0.00'}
  [Client  4] Finished Hier-pFedMe training for round 1.
  [Client  4] Round 1 | Hier-pFedMe(λ2=35.0,K=3) | loss=1.9360
  [Client  2] Starting Hier-pFedMe training with λ2=35.0, η2=0.02, inner_steps=3 for 1 epochs (188 batches per epoch).
[C2] eval model[0] mean=0.006227 | edge mean=0.006227 |
[C2] n=1000 | classes=[2, 5] | acc=0.0780 | per_class={2: '0.15', 5: '0.00'}
[C2]sample: shape=(16, 32, 32, 3), label=[2 5 5 5 5 5 5 2 5 2 5 2 2 2 5 2]
[C2] eval model[0] mean=0.008678 | edge mean=0.006227 |
[C2] n=1000 | classes=[2, 5] | acc=0.4930 | per_class={2: '0.00', 5: '1.00'}
  [Client  2] Finished Hier-pFedMe training for round 1.
  [Client  2] Round 1 | Hier-pFedMe(λ2=35.0,K=3) | loss=0.9183
  [Client  8] Starting Hier-pFedMe training with λ2=35.0, η2=0.02, inner_steps=3 for 1 epochs (94 batches per epoch).
[C8] eval model[0] mean=0.006227 | edge mean=0.006227 |
[C8] n=500 | classes=[4] | acc=0.8240 | per_class={4: '0.82'}
[C8]sample: shape=(16, 32, 32, 3), label=[4 4 4 4 4 4 4 4 4 4 4 4 4 4 4 4]
[C8] eval model[0] mean=0.006400 | edge mean=0.006227 |
[C8] n=500 | classes=[4] | acc=1.0000 | per_class={4: '1.00'}
  [Client  8] Finished Hier-pFedMe training for round 1.
  [Client  8] Round 1 | Hier-pFedMe(λ2=35.0,K=3) | loss=0.0006
  [Client  5] Starting Hier-pFedMe training with λ2=35.0, η2=0.02, inner_steps=3 for 1 epochs (188 batches per epoch).
[C5] eval model[0] mean=0.006227 | edge mean=0.006227 |
[C5] n=1000 | classes=[2, 4] | acc=0.5030 | per_class={2: '0.17', 4: '0.84'}
[C5]sample: shape=(16, 32, 32, 3), label=[2 4 2 2 2 4 2 2 4 2 2 2 2 4 4 4]
[C5] eval model[0] mean=0.006473 | edge mean=0.006227 |
[C5] n=1000 | classes=[2, 4] | acc=0.5020 | per_class={2: '0.06', 4: '0.97'}
  [Client  5] Finished Hier-pFedMe training for round 1.
  [Client  5] Round 1 | Hier-pFedMe(λ2=35.0,K=3) | loss=1.5776
  [Client  1] Starting Hier-pFedMe training with λ2=35.0, η2=0.02, inner_steps=3 for 1 epochs (188 batches per epoch).
[C1] eval model[0] mean=0.006227 | edge mean=0.006227 |
[C1] n=1000 | classes=[3, 6] | acc=0.0000 | per_class={3: '0.00', 6: '0.00'}
[C1]sample: shape=(16, 32, 32, 3), label=[3 3 3 6 3 3 6 6 6 6 3 6 6 3 6 3]
[C1] eval model[0] mean=0.007842 | edge mean=0.006227 |
[C1] n=1000 | classes=[3, 6] | acc=0.6660 | per_class={3: '0.53', 6: '0.81'}
  [Client  1] Finished Hier-pFedMe training for round 1.
  [Client  1] Round 1 | Hier-pFedMe(λ2=35.0,K=3) | loss=0.3563
  [Edge 0] G1 | E2 | loss=1.1299
  [Edge 0] G1 | E3 | Hier-pFedMe | Selected 10/10
  [Client  9] Received edge weights.
[C9] Test set stats: samples=500, batches=500, class_dist={4: 500}
[C9] First sample: shape=(1, 32, 32, 3), value_range=[-1.720, 1.756], label=[4]
  [Client  7] Received edge weights.
[C7] Test set stats: samples=1000, batches=1000, class_dist={3: 485, 5: 515}
[C7] First sample: shape=(1, 32, 32, 3), value_range=[-1.545, 2.078], label=[3]
  [Client  8] Received edge weights.
[C8] Test set stats: samples=500, batches=500, class_dist={4: 500}
[C8] First sample: shape=(1, 32, 32, 3), value_range=[-1.466, 1.980], label=[4]
  [Client  6] Received edge weights.
[C6] Test set stats: samples=1000, batches=1000, class_dist={6: 493, 7: 507}
[C6] First sample: shape=(1, 32, 32, 3), value_range=[-1.352, 2.046], label=[7]
  [Client  4] Received edge weights.
[C4] Test set stats: samples=1000, batches=1000, class_dist={2: 507, 7: 493}
[C4] First sample: shape=(1, 32, 32, 3), value_range=[-1.958, 2.116], label=[7]
  [Client  1] Received edge weights.
[C1] Test set stats: samples=1000, batches=1000, class_dist={3: 515, 6: 485}
[C1] First sample: shape=(1, 32, 32, 3), value_range=[-1.545, 1.535], label=[3]
  [Client  0] Received edge weights.
[C0] Test set stats: samples=1000, batches=1000, class_dist={3: 511, 6: 489}
[C0] First sample: shape=(1, 32, 32, 3), value_range=[-1.704, 2.011], label=[6]
  [Client  3] Received edge weights.
[C3] Test set stats: samples=1000, batches=1000, class_dist={5: 506, 7: 494}
[C3] First sample: shape=(1, 32, 32, 3), value_range=[-1.989, 2.027], label=[5]
  [Client  5] Received edge weights.
[C5] Test set stats: samples=1000, batches=1000, class_dist={2: 510, 4: 490}
[C5] First sample: shape=(1, 32, 32, 3), value_range=[-1.437, 1.951], label=[4]
  [Client  2] Received edge weights.
[C2] Test set stats: samples=1000, batches=1000, class_dist={2: 507, 5: 493}
[C2] First sample: shape=(1, 32, 32, 3), value_range=[-1.640, 2.126], label=[5]
  [Client  9] Starting Hier-pFedMe training with λ2=35.0, η2=0.02, inner_steps=3 for 1 epochs (94 batches per epoch).
[C9] eval model[0] mean=0.006824 | edge mean=0.006824 |
[C9] n=500 | classes=[4] | acc=1.0000 | per_class={4: '1.00'}
[C9]sample: shape=(16, 32, 32, 3), label=[4 4 4 4 4 4 4 4 4 4 4 4 4 4 4 4]
[C9] eval model[0] mean=0.006749 | edge mean=0.006824 |
[C9] n=500 | classes=[4] | acc=1.0000 | per_class={4: '1.00'}
  [Client  9] Finished Hier-pFedMe training for round 1.
  [Client  9] Round 1 | Hier-pFedMe(λ2=35.0,K=3) | loss=0.0001
  [Client  7] Starting Hier-pFedMe training with λ2=35.0, η2=0.02, inner_steps=3 for 1 epochs (188 batches per epoch).
[C7] eval model[0] mean=0.006824 | edge mean=0.006824 |
[C7] n=1000 | classes=[3, 5] | acc=0.0000 | per_class={3: '0.00', 5: '0.00'}
[C7]sample: shape=(16, 32, 32, 3), label=[3 5 5 5 3 5 3 5 5 5 5 5 3 3 5 3]
[C7] eval model[0] mean=0.006548 | edge mean=0.006824 |
[C7] n=1000 | classes=[3, 5] | acc=0.5140 | per_class={3: '0.00', 5: '1.00'}
  [Client  7] Finished Hier-pFedMe training for round 1.
  [Client  7] Round 1 | Hier-pFedMe(λ2=35.0,K=3) | loss=14.0319
  [Client  8] Starting Hier-pFedMe training with λ2=35.0, η2=0.02, inner_steps=3 for 1 epochs (94 batches per epoch).
[C8] eval model[0] mean=0.006824 | edge mean=0.006824 |
[C8] n=500 | classes=[4] | acc=1.0000 | per_class={4: '1.00'}
[C8]sample: shape=(16, 32, 32, 3), label=[4 4 4 4 4 4 4 4 4 4 4 4 4 4 4 4]
[C8] eval model[0] mean=0.006818 | edge mean=0.006824 |
[C8] n=500 | classes=[4] | acc=1.0000 | per_class={4: '1.00'}
  [Client  8] Finished Hier-pFedMe training for round 1.
  [Client  8] Round 1 | Hier-pFedMe(λ2=35.0,K=3) | loss=0.0001
  [Client  6] Starting Hier-pFedMe training with λ2=35.0, η2=0.02, inner_steps=3 for 1 epochs (188 batches per epoch).
[C6] eval model[0] mean=0.006824 | edge mean=0.006824 |
[C6] n=1000 | classes=[6, 7] | acc=0.0000 | per_class={6: '0.00', 7: '0.00'}
[C6]sample: shape=(16, 32, 32, 3), label=[7 7 7 7 6 7 6 6 6 7 7 6 6 7 6 7]
[C6] eval model[0] mean=0.007575 | edge mean=0.006824 |
[C6] n=1000 | classes=[6, 7] | acc=0.3510 | per_class={6: '0.47', 7: '0.23'}
  [Client  6] Finished Hier-pFedMe training for round 1.
  [Client  6] Round 1 | Hier-pFedMe(λ2=35.0,K=3) | loss=2.7734
  [Client  4] Starting Hier-pFedMe training with λ2=35.0, η2=0.02, inner_steps=3 for 1 epochs (188 batches per epoch).
[C4] eval model[0] mean=0.006824 | edge mean=0.006824 |
[C4] n=1000 | classes=[2, 7] | acc=0.0000 | per_class={2: '0.00', 7: '0.00'}
[C4]sample: shape=(16, 32, 32, 3), label=[2 7 7 2 2 7 7 7 7 7 2 7 2 7 2 7]
[C4] eval model[0] mean=0.004079 | edge mean=0.006824 |
[C4] n=1000 | classes=[2, 7] | acc=0.4990 | per_class={2: '0.97', 7: '0.01'}
  [Client  4] Finished Hier-pFedMe training for round 1.
  [Client  4] Round 1 | Hier-pFedMe(λ2=35.0,K=3) | loss=4.4104
  [Client  1] Starting Hier-pFedMe training with λ2=35.0, η2=0.02, inner_steps=3 for 1 epochs (188 batches per epoch).
[C1] eval model[0] mean=0.006824 | edge mean=0.006824 |
[C1] n=1000 | classes=[3, 6] | acc=0.0000 | per_class={3: '0.00', 6: '0.00'}
[C1]sample: shape=(16, 32, 32, 3), label=[3 6 6 3 3 3 6 3 6 6 3 3 6 6 6 3]
[C1] eval model[0] mean=0.006128 | edge mean=0.006824 |
[C1] n=1000 | classes=[3, 6] | acc=0.4410 | per_class={3: '0.86', 6: '0.00'}
  [Client  1] Finished Hier-pFedMe training for round 1.
  [Client  1] Round 1 | Hier-pFedMe(λ2=35.0,K=3) | loss=7.1740
  [Client  0] Starting Hier-pFedMe training with λ2=35.0, η2=0.02, inner_steps=3 for 1 epochs (188 batches per epoch).
[C0] eval model[0] mean=0.006824 | edge mean=0.006824 |
[C0] n=1000 | classes=[3, 6] | acc=0.0000 | per_class={3: '0.00', 6: '0.00'}
[C0]sample: shape=(16, 32, 32, 3), label=[3 6 6 6 3 6 6 3 3 6 6 6 6 3 3 6]
[C0] eval model[0] mean=0.006190 | edge mean=0.006824 |
[C0] n=1000 | classes=[3, 6] | acc=0.5720 | per_class={3: '0.64', 6: '0.51'}
  [Client  0] Finished Hier-pFedMe training for round 1.
  [Client  0] Round 1 | Hier-pFedMe(λ2=35.0,K=3) | loss=8.0328
  [Client  3] Starting Hier-pFedMe training with λ2=35.0, η2=0.02, inner_steps=3 for 1 epochs (188 batches per epoch).
[C3] eval model[0] mean=0.006824 | edge mean=0.006824 |
[C3] n=1000 | classes=[5, 7] | acc=0.0000 | per_class={5: '0.00', 7: '0.00'}
[C3]sample: shape=(16, 32, 32, 3), label=[7 5 5 7 5 5 5 5 5 7 5 7 7 7 7 7]
[C3] eval model[0] mean=0.007075 | edge mean=0.006824 |
[C3] n=1000 | classes=[5, 7] | acc=0.4940 | per_class={5: '0.00', 7: '1.00'}
  [Client  3] Finished Hier-pFedMe training for round 1.
  [Client  3] Round 1 | Hier-pFedMe(λ2=35.0,K=3) | loss=4.4687
  [Client  5] Starting Hier-pFedMe training with λ2=35.0, η2=0.02, inner_steps=3 for 1 epochs (188 batches per epoch).
[C5] eval model[0] mean=0.006824 | edge mean=0.006824 |
[C5] n=1000 | classes=[2, 4] | acc=0.4900 | per_class={2: '0.00', 4: '1.00'}
[C5]sample: shape=(16, 32, 32, 3), label=[4 2 4 4 2 2 4 4 2 2 2 2 4 4 2 2]
[C5] eval model[0] mean=0.007586 | edge mean=0.006824 |
[C5] n=1000 | classes=[2, 4] | acc=0.4920 | per_class={2: '0.00', 4: '1.00'}
  [Client  5] Finished Hier-pFedMe training for round 1.
  [Client  5] Round 1 | Hier-pFedMe(λ2=35.0,K=3) | loss=1.8789
  [Client  2] Starting Hier-pFedMe training with λ2=35.0, η2=0.02, inner_steps=3 for 1 epochs (188 batches per epoch).
[C2] eval model[0] mean=0.006824 | edge mean=0.006824 |
[C2] n=1000 | classes=[2, 5] | acc=0.0000 | per_class={2: '0.00', 5: '0.00'}
[C2]sample: shape=(16, 32, 32, 3), label=[2 2 5 2 5 2 5 2 2 5 2 2 5 2 2 5]
[C2] eval model[0] mean=0.006413 | edge mean=0.006824 |
[C2] n=1000 | classes=[2, 5] | acc=0.5780 | per_class={2: '0.28', 5: '0.89'}
  [Client  2] Finished Hier-pFedMe training for round 1.
  [Client  2] Round 1 | Hier-pFedMe(λ2=35.0,K=3) | loss=7.7019
  [Edge 0] G1 | E3 | loss=5.6080
  [Edge 0] G1 | E4 | Hier-pFedMe | Selected 10/10
  [Client  8] Received edge weights.
[C8] Test set stats: samples=500, batches=500, class_dist={4: 500}
[C8] First sample: shape=(1, 32, 32, 3), value_range=[-1.466, 1.980], label=[4]
  [Client  6] Received edge weights.
[C6] Test set stats: samples=1000, batches=1000, class_dist={6: 493, 7: 507}
[C6] First sample: shape=(1, 32, 32, 3), value_range=[-1.352, 2.046], label=[7]
  [Client  0] Received edge weights.
[C0] Test set stats: samples=1000, batches=1000, class_dist={3: 511, 6: 489}
[C0] First sample: shape=(1, 32, 32, 3), value_range=[-1.704, 2.011], label=[6]
  [Client  9] Received edge weights.
[C9] Test set stats: samples=500, batches=500, class_dist={4: 500}
[C9] First sample: shape=(1, 32, 32, 3), value_range=[-1.720, 1.756], label=[4]
  [Client  7] Received edge weights.
[C7] Test set stats: samples=1000, batches=1000, class_dist={3: 485, 5: 515}
[C7] First sample: shape=(1, 32, 32, 3), value_range=[-1.545, 2.078], label=[3]
  [Client  3] Received edge weights.
[C3] Test set stats: samples=1000, batches=1000, class_dist={5: 506, 7: 494}
[C3] First sample: shape=(1, 32, 32, 3), value_range=[-1.989, 2.027], label=[5]
  [Client  5] Received edge weights.
[C5] Test set stats: samples=1000, batches=1000, class_dist={2: 510, 4: 490}
[C5] First sample: shape=(1, 32, 32, 3), value_range=[-1.437, 1.951], label=[4]
  [Client  2] Received edge weights.
[C2] Test set stats: samples=1000, batches=1000, class_dist={2: 507, 5: 493}
[C2] First sample: shape=(1, 32, 32, 3), value_range=[-1.640, 2.126], label=[5]
  [Client  1] Received edge weights.
[C1] Test set stats: samples=1000, batches=1000, class_dist={3: 515, 6: 485}
[C1] First sample: shape=(1, 32, 32, 3), value_range=[-1.545, 1.535], label=[3]
  [Client  4] Received edge weights.
[C4] Test set stats: samples=1000, batches=1000, class_dist={2: 507, 7: 493}
[C4] First sample: shape=(1, 32, 32, 3), value_range=[-1.958, 2.116], label=[7]
  [Client  8] Starting Hier-pFedMe training with λ2=35.0, η2=0.02, inner_steps=3 for 1 epochs (94 batches per epoch).
[C8] eval model[0] mean=0.006437 | edge mean=0.006437 |
[C8] n=500 | classes=[4] | acc=0.9960 | per_class={4: '1.00'}
[C8]sample: shape=(16, 32, 32, 3), label=[4 4 4 4 4 4 4 4 4 4 4 4 4 4 4 4]
[C8] eval model[0] mean=0.006760 | edge mean=0.006437 |
[C8] n=500 | classes=[4] | acc=1.0000 | per_class={4: '1.00'}
  [Client  8] Finished Hier-pFedMe training for round 1.
  [Client  8] Round 1 | Hier-pFedMe(λ2=35.0,K=3) | loss=0.0160
  [Client  6] Starting Hier-pFedMe training with λ2=35.0, η2=0.02, inner_steps=3 for 1 epochs (188 batches per epoch).
[C6] eval model[0] mean=0.006437 | edge mean=0.006437 |
[C6] n=1000 | classes=[6, 7] | acc=0.0000 | per_class={6: '0.00', 7: '0.00'}
[C6]sample: shape=(16, 32, 32, 3), label=[7 7 7 7 6 7 7 7 6 7 6 7 7 7 7 7]
[C6] eval model[0] mean=0.006558 | edge mean=0.006437 |
[C6] n=1000 | classes=[6, 7] | acc=0.5150 | per_class={6: '0.76', 7: '0.27'}
  [Client  6] Finished Hier-pFedMe training for round 1.
  [Client  6] Round 1 | Hier-pFedMe(λ2=35.0,K=3) | loss=0.6965
  [Client  0] Starting Hier-pFedMe training with λ2=35.0, η2=0.02, inner_steps=3 for 1 epochs (188 batches per epoch).
[C0] eval model[0] mean=0.006437 | edge mean=0.006437 |
[C0] n=1000 | classes=[3, 6] | acc=0.0000 | per_class={3: '0.00', 6: '0.00'}
[C0]sample: shape=(16, 32, 32, 3), label=[6 3 3 6 6 3 3 6 3 3 3 3 3 6 3 6]
[C0] eval model[0] mean=0.006578 | edge mean=0.006437 |
[C0] n=1000 | classes=[3, 6] | acc=0.5620 | per_class={3: '0.23', 6: '0.90'}
  [Client  0] Finished Hier-pFedMe training for round 1.
  [Client  0] Round 1 | Hier-pFedMe(λ2=35.0,K=3) | loss=0.9499
  [Client  9] Starting Hier-pFedMe training with λ2=35.0, η2=0.02, inner_steps=3 for 1 epochs (94 batches per epoch).
[C9] eval model[0] mean=0.006437 | edge mean=0.006437 |
[C9] n=500 | classes=[4] | acc=0.9960 | per_class={4: '1.00'}
[C9]sample: shape=(16, 32, 32, 3), label=[4 4 4 4 4 4 4 4 4 4 4 4 4 4 4 4]
[C9] eval model[0] mean=0.005719 | edge mean=0.006437 |
[C9] n=500 | classes=[4] | acc=1.0000 | per_class={4: '1.00'}
  [Client  9] Finished Hier-pFedMe training for round 1.
  [Client  9] Round 1 | Hier-pFedMe(λ2=35.0,K=3) | loss=0.0212
  [Client  7] Starting Hier-pFedMe training with λ2=35.0, η2=0.02, inner_steps=3 for 1 epochs (188 batches per epoch).
[C7] eval model[0] mean=0.006437 | edge mean=0.006437 |
[C7] n=1000 | classes=[3, 5] | acc=0.0040 | per_class={3: '0.00', 5: '0.01'}
[C7]sample: shape=(16, 32, 32, 3), label=[3 3 5 3 3 3 3 5 5 3 5 5 5 3 5 5]
[C7] eval model[0] mean=0.007962 | edge mean=0.006437 |
[C7] n=1000 | classes=[3, 5] | acc=0.5150 | per_class={3: '0.00', 5: '1.00'}
  [Client  7] Finished Hier-pFedMe training for round 1.
  [Client  7] Round 1 | Hier-pFedMe(λ2=35.0,K=3) | loss=1.1226
  [Client  3] Starting Hier-pFedMe training with λ2=35.0, η2=0.02, inner_steps=3 for 1 epochs (188 batches per epoch).
[C3] eval model[0] mean=0.006437 | edge mean=0.006437 |
[C3] n=1000 | classes=[5, 7] | acc=0.0050 | per_class={5: '0.01', 7: '0.00'}
[C3]sample: shape=(16, 32, 32, 3), label=[5 7 5 7 7 5 7 5 7 5 7 5 5 5 7 5]
[C3] eval model[0] mean=0.006551 | edge mean=0.006437 |
[C3] n=1000 | classes=[5, 7] | acc=0.5510 | per_class={5: '0.42', 7: '0.68'}
  [Client  3] Finished Hier-pFedMe training for round 1.
  [Client  3] Round 1 | Hier-pFedMe(λ2=35.0,K=3) | loss=0.3699
  [Client  5] Starting Hier-pFedMe training with λ2=35.0, η2=0.02, inner_steps=3 for 1 epochs (188 batches per epoch).
[C5] eval model[0] mean=0.006437 | edge mean=0.006437 |
[C5] n=1000 | classes=[2, 4] | acc=0.4890 | per_class={2: '0.00', 4: '0.99'}
[C5]sample: shape=(16, 32, 32, 3), label=[4 4 2 4 4 2 2 2 2 2 4 2 4 2 4 2]
[C5] eval model[0] mean=0.006583 | edge mean=0.006437 |
[C5] n=1000 | classes=[2, 4] | acc=0.4910 | per_class={2: '0.01', 4: '1.00'}
  [Client  5] Finished Hier-pFedMe training for round 1.
  [Client  5] Round 1 | Hier-pFedMe(λ2=35.0,K=3) | loss=0.5022
  [Client  2] Starting Hier-pFedMe training with λ2=35.0, η2=0.02, inner_steps=3 for 1 epochs (188 batches per epoch).
[C2] eval model[0] mean=0.006437 | edge mean=0.006437 |
[C2] n=1000 | classes=[2, 5] | acc=0.0070 | per_class={2: '0.00', 5: '0.01'}
[C2]sample: shape=(16, 32, 32, 3), label=[5 2 5 5 5 5 2 2 2 5 5 2 2 5 2 5]
[C2] eval model[0] mean=0.006971 | edge mean=0.006437 |
[C2] n=1000 | classes=[2, 5] | acc=0.4930 | per_class={2: '0.00', 5: '1.00'}
  [Client  2] Finished Hier-pFedMe training for round 1.
  [Client  2] Round 1 | Hier-pFedMe(λ2=35.0,K=3) | loss=0.5836
  [Client  1] Starting Hier-pFedMe training with λ2=35.0, η2=0.02, inner_steps=3 for 1 epochs (188 batches per epoch).
[C1] eval model[0] mean=0.006437 | edge mean=0.006437 |
[C1] n=1000 | classes=[3, 6] | acc=0.0000 | per_class={3: '0.00', 6: '0.00'}
[C1]sample: shape=(16, 32, 32, 3), label=[6 6 6 3 6 6 3 6 3 3 3 6 6 6 3 3]
[C1] eval model[0] mean=0.006914 | edge mean=0.006437 |
[C1] n=1000 | classes=[3, 6] | acc=0.5570 | per_class={3: '0.18', 6: '0.96'}
  [Client  1] Finished Hier-pFedMe training for round 1.
  [Client  1] Round 1 | Hier-pFedMe(λ2=35.0,K=3) | loss=0.8508
  [Client  4] Starting Hier-pFedMe training with λ2=35.0, η2=0.02, inner_steps=3 for 1 epochs (188 batches per epoch).
[C4] eval model[0] mean=0.006437 | edge mean=0.006437 |
[C4] n=1000 | classes=[2, 7] | acc=0.0050 | per_class={2: '0.01', 7: '0.00'}
[C4]sample: shape=(16, 32, 32, 3), label=[7 2 2 7 2 7 7 2 2 2 2 2 2 7 7 7]
[C4] eval model[0] mean=0.005777 | edge mean=0.006437 |
[C4] n=1000 | classes=[2, 7] | acc=0.5050 | per_class={2: '1.00', 7: '0.00'}
  [Client  4] Finished Hier-pFedMe training for round 1.
  [Client  4] Round 1 | Hier-pFedMe(λ2=35.0,K=3) | loss=0.3977
  [Edge 0] G1 | E4 | loss=0.6102
  [Edge 0] G1 | E5 | Hier-pFedMe | Selected 10/10
  [Client  8] Received edge weights.
[C8] Test set stats: samples=500, batches=500, class_dist={4: 500}
[C8] First sample: shape=(1, 32, 32, 3), value_range=[-1.466, 1.980], label=[4]
  [Client  1] Received edge weights.
[C1] Test set stats: samples=1000, batches=1000, class_dist={3: 515, 6: 485}
[C1] First sample: shape=(1, 32, 32, 3), value_range=[-1.545, 1.535], label=[3]
  [Client  7] Received edge weights.
[C7] Test set stats: samples=1000, batches=1000, class_dist={3: 485, 5: 515}
[C7] First sample: shape=(1, 32, 32, 3), value_range=[-1.545, 2.078], label=[3]
  [Client  4] Received edge weights.
[C4] Test set stats: samples=1000, batches=1000, class_dist={2: 507, 7: 493}
[C4] First sample: shape=(1, 32, 32, 3), value_range=[-1.958, 2.116], label=[7]
  [Client  5] Received edge weights.
[C5] Test set stats: samples=1000, batches=1000, class_dist={2: 510, 4: 490}
[C5] First sample: shape=(1, 32, 32, 3), value_range=[-1.437, 1.951], label=[4]
  [Client  9] Received edge weights.
[C9] Test set stats: samples=500, batches=500, class_dist={4: 500}
[C9] First sample: shape=(1, 32, 32, 3), value_range=[-1.720, 1.756], label=[4]
  [Client  3] Received edge weights.
[C3] Test set stats: samples=1000, batches=1000, class_dist={5: 506, 7: 494}
[C3] First sample: shape=(1, 32, 32, 3), value_range=[-1.989, 2.027], label=[5]
  [Client  0] Received edge weights.
[C0] Test set stats: samples=1000, batches=1000, class_dist={3: 511, 6: 489}
[C0] First sample: shape=(1, 32, 32, 3), value_range=[-1.704, 2.011], label=[6]
  [Client  6] Received edge weights.
[C6] Test set stats: samples=1000, batches=1000, class_dist={6: 493, 7: 507}
[C6] First sample: shape=(1, 32, 32, 3), value_range=[-1.352, 2.046], label=[7]
  [Client  2] Received edge weights.
[C2] Test set stats: samples=1000, batches=1000, class_dist={2: 507, 5: 493}
[C2] First sample: shape=(1, 32, 32, 3), value_range=[-1.640, 2.126], label=[5]
  [Client  8] Starting Hier-pFedMe training with λ2=35.0, η2=0.02, inner_steps=3 for 1 epochs (94 batches per epoch).
[C8] eval model[0] mean=0.006607 | edge mean=0.006607 |
[C8] n=500 | classes=[4] | acc=1.0000 | per_class={4: '1.00'}
[C8]sample: shape=(16, 32, 32, 3), label=[4 4 4 4 4 4 4 4 4 4 4 4 4 4 4 4]
[C8] eval model[0] mean=0.006617 | edge mean=0.006607 |
[C8] n=500 | classes=[4] | acc=1.0000 | per_class={4: '1.00'}
  [Client  8] Finished Hier-pFedMe training for round 1.
  [Client  8] Round 1 | Hier-pFedMe(λ2=35.0,K=3) | loss=0.0113
  [Client  1] Starting Hier-pFedMe training with λ2=35.0, η2=0.02, inner_steps=3 for 1 epochs (188 batches per epoch).
[C1] eval model[0] mean=0.006607 | edge mean=0.006607 |
[C1] n=1000 | classes=[3, 6] | acc=0.0000 | per_class={3: '0.00', 6: '0.00'}
[C1]sample: shape=(16, 32, 32, 3), label=[6 6 6 6 3 3 3 6 3 3 3 3 6 3 3 6]
[C1] eval model[0] mean=0.006752 | edge mean=0.006607 |
[C1] n=1000 | classes=[3, 6] | acc=0.6040 | per_class={3: '0.29', 6: '0.94'}
  [Client  1] Finished Hier-pFedMe training for round 1.
  [Client  1] Round 1 | Hier-pFedMe(λ2=35.0,K=3) | loss=5.0984
  [Client  7] Starting Hier-pFedMe training with λ2=35.0, η2=0.02, inner_steps=3 for 1 epochs (188 batches per epoch).
[C7] eval model[0] mean=0.006607 | edge mean=0.006607 |
[C7] n=1000 | classes=[3, 5] | acc=0.0040 | per_class={3: '0.00', 5: '0.01'}
[C7]sample: shape=(16, 32, 32, 3), label=[3 3 5 5 3 3 3 3 3 5 5 3 5 5 3 3]
[C7] eval model[0] mean=0.007417 | edge mean=0.006607 |
[C7] n=1000 | classes=[3, 5] | acc=0.5460 | per_class={3: '0.34', 5: '0.74'}
  [Client  7] Finished Hier-pFedMe training for round 1.
  [Client  7] Round 1 | Hier-pFedMe(λ2=35.0,K=3) | loss=5.4561
  [Client  4] Starting Hier-pFedMe training with λ2=35.0, η2=0.02, inner_steps=3 for 1 epochs (188 batches per epoch).
[C4] eval model[0] mean=0.006607 | edge mean=0.006607 |
[C4] n=1000 | classes=[2, 7] | acc=0.0000 | per_class={2: '0.00', 7: '0.00'}
[C4]sample: shape=(16, 32, 32, 3), label=[7 2 7 2 7 2 7 2 2 7 7 7 2 7 2 2]
[C4] eval model[0] mean=0.007542 | edge mean=0.006607 |
[C4] n=1000 | classes=[2, 7] | acc=0.5060 | per_class={2: '1.00', 7: '0.00'}
  [Client  4] Finished Hier-pFedMe training for round 1.
  [Client  4] Round 1 | Hier-pFedMe(λ2=35.0,K=3) | loss=0.2342
  [Client  5] Starting Hier-pFedMe training with λ2=35.0, η2=0.02, inner_steps=3 for 1 epochs (188 batches per epoch).
[C5] eval model[0] mean=0.006607 | edge mean=0.006607 |
[C5] n=1000 | classes=[2, 4] | acc=0.4900 | per_class={2: '0.00', 4: '1.00'}
[C5]sample: shape=(16, 32, 32, 3), label=[4 2 2 4 2 2 4 2 2 2 4 2 2 2 2 4]
[C5] eval model[0] mean=0.006592 | edge mean=0.006607 |
[C5] n=1000 | classes=[2, 4] | acc=0.4960 | per_class={2: '0.02', 4: '0.99'}
  [Client  5] Finished Hier-pFedMe training for round 1.
  [Client  5] Round 1 | Hier-pFedMe(λ2=35.0,K=3) | loss=0.5071
  [Client  9] Starting Hier-pFedMe training with λ2=35.0, η2=0.02, inner_steps=3 for 1 epochs (94 batches per epoch).
[C9] eval model[0] mean=0.006607 | edge mean=0.006607 |
[C9] n=500 | classes=[4] | acc=1.0000 | per_class={4: '1.00'}
[C9]sample: shape=(16, 32, 32, 3), label=[4 4 4 4 4 4 4 4 4 4 4 4 4 4 4 4]
[C9] eval model[0] mean=0.006787 | edge mean=0.006607 |
[C9] n=500 | classes=[4] | acc=1.0000 | per_class={4: '1.00'}
  [Client  9] Finished Hier-pFedMe training for round 1.
  [Client  9] Round 1 | Hier-pFedMe(λ2=35.0,K=3) | loss=0.0067
  [Client  3] Starting Hier-pFedMe training with λ2=35.0, η2=0.02, inner_steps=3 for 1 epochs (188 batches per epoch).
[C3] eval model[0] mean=0.006607 | edge mean=0.006607 |
[C3] n=1000 | classes=[5, 7] | acc=0.0070 | per_class={5: '0.01', 7: '0.00'}
[C3]sample: shape=(16, 32, 32, 3), label=[7 7 7 7 5 5 7 5 7 7 5 7 5 5 5 7]
[C3] eval model[0] mean=0.005892 | edge mean=0.006607 |
[C3] n=1000 | classes=[5, 7] | acc=0.4940 | per_class={5: '0.00', 7: '1.00'}
  [Client  3] Finished Hier-pFedMe training for round 1.
  [Client  3] Round 1 | Hier-pFedMe(λ2=35.0,K=3) | loss=5.7511
  [Client  0] Starting Hier-pFedMe training with λ2=35.0, η2=0.02, inner_steps=3 for 1 epochs (188 batches per epoch).
[C0] eval model[0] mean=0.006607 | edge mean=0.006607 |
[C0] n=1000 | classes=[3, 6] | acc=0.0000 | per_class={3: '0.00', 6: '0.00'}
[C0]sample: shape=(16, 32, 32, 3), label=[6 3 3 6 3 6 6 3 3 6 6 3 3 3 6 3]
[C0] eval model[0] mean=0.007349 | edge mean=0.006607 |
[C0] n=1000 | classes=[3, 6] | acc=0.4470 | per_class={3: '0.79', 6: '0.09'}
  [Client  0] Finished Hier-pFedMe training for round 1.
  [Client  0] Round 1 | Hier-pFedMe(λ2=35.0,K=3) | loss=3.2493
  [Client  6] Starting Hier-pFedMe training with λ2=35.0, η2=0.02, inner_steps=3 for 1 epochs (188 batches per epoch).
[C6] eval model[0] mean=0.006607 | edge mean=0.006607 |
[C6] n=1000 | classes=[6, 7] | acc=0.0000 | per_class={6: '0.00', 7: '0.00'}
[C6]sample: shape=(16, 32, 32, 3), label=[6 7 7 6 6 7 6 7 7 7 6 6 6 7 6 6]
[C6] eval model[0] mean=0.006714 | edge mean=0.006607 |
[C6] n=1000 | classes=[6, 7] | acc=0.4930 | per_class={6: '1.00', 7: '0.00'}
  [Client  6] Finished Hier-pFedMe training for round 1.
  [Client  6] Round 1 | Hier-pFedMe(λ2=35.0,K=3) | loss=1.1317
  [Client  2] Starting Hier-pFedMe training with λ2=35.0, η2=0.02, inner_steps=3 for 1 epochs (188 batches per epoch).
[C2] eval model[0] mean=0.006607 | edge mean=0.006607 |
[C2] n=1000 | classes=[2, 5] | acc=0.0060 | per_class={2: '0.00', 5: '0.01'}
[C2]sample: shape=(16, 32, 32, 3), label=[5 2 5 2 5 2 2 2 2 2 2 5 5 2 2 5]
[C2] eval model[0] mean=0.007880 | edge mean=0.006607 |
[C2] n=1000 | classes=[2, 5] | acc=0.5070 | per_class={2: '1.00', 5: '0.00'}
  [Client  2] Finished Hier-pFedMe training for round 1.
  [Client  2] Round 1 | Hier-pFedMe(λ2=35.0,K=3) | loss=8.8105
  [Edge 0] G1 | E5 | loss=3.3608
  [Edge 1] G1 | E1 | Hier-pFedMe | Selected 10/10
  [Client 10] Received edge weights.
[C10] Test set stats: samples=600, batches=600, class_dist={8: 292, 9: 308}
[C10] First sample: shape=(1, 32, 32, 3), value_range=[-1.989, 2.116], label=[9]
  [Client 19] Received edge weights.
[C19] Test set stats: samples=600, batches=600, class_dist={0: 286, 9: 314}
[C19] First sample: shape=(1, 32, 32, 3), value_range=[-1.352, 2.116], label=[9]
  [Client 13] Received edge weights.
[C13] Test set stats: samples=600, batches=600, class_dist={0: 311, 8: 289}
[C13] First sample: shape=(1, 32, 32, 3), value_range=[-1.291, 2.071], label=[8]
  [Client 17] Received edge weights.
[C17] Test set stats: samples=600, batches=600, class_dist={1: 289, 9: 311}
[C17] First sample: shape=(1, 32, 32, 3), value_range=[-1.862, 2.062], label=[1]
  [Client 12] Received edge weights.
[C12] Test set stats: samples=600, batches=600, class_dist={1: 308, 8: 292}
[C12] First sample: shape=(1, 32, 32, 3), value_range=[-1.932, 2.126], label=[1]
  [Client 14] Received edge weights.
[C14] Test set stats: samples=600, batches=600, class_dist={0: 307, 9: 293}
[C14] First sample: shape=(1, 32, 32, 3), value_range=[-1.803, 1.486], label=[9]
  [Client 15] Received edge weights.
[C15] Test set stats: samples=600, batches=600, class_dist={0: 305, 8: 295}
[C15] First sample: shape=(1, 32, 32, 3), value_range=[-1.989, 1.951], label=[8]
  [Client 11] Received edge weights.
[C11] Test set stats: samples=600, batches=600, class_dist={0: 300, 1: 300}
[C11] First sample: shape=(1, 32, 32, 3), value_range=[-1.894, 1.876], label=[0]
  [Client 16] Received edge weights.
[C16] Test set stats: samples=600, batches=600, class_dist={1: 291, 8: 309}
[C16] First sample: shape=(1, 32, 32, 3), value_range=[-1.916, 1.861], label=[1]
  [Client 18] Received edge weights.
[C18] Test set stats: samples=600, batches=600, class_dist={1: 314, 9: 286}
[C18] First sample: shape=(1, 32, 32, 3), value_range=[-1.815, 2.094], label=[9]
  [Client 10] Starting Hier-pFedMe training with λ2=35.0, η2=0.02, inner_steps=3 for 1 epochs (113 batches per epoch).
[C10] eval model[0] mean=0.005500 | edge mean=0.005500 |
[C10] n=600 | classes=[8, 9] | acc=0.0367 | per_class={8: '0.08', 9: '0.00'}
[C10]sample: shape=(16, 32, 32, 3), label=[8 8 8 8 8 9 8 8 9 8 9 9 8 8 9 9]
[C10] eval model[0] mean=0.002871 | edge mean=0.005500 |
[C10] n=600 | classes=[8, 9] | acc=0.4867 | per_class={8: '1.00', 9: '0.00'}
  [Client 10] Finished Hier-pFedMe training for round 1.
  [Client 10] Round 1 | Hier-pFedMe(λ2=35.0,K=3) | loss=22.5256
  [Client 19] Starting Hier-pFedMe training with λ2=35.0, η2=0.02, inner_steps=3 for 1 epochs (113 batches per epoch).
[C19] eval model[0] mean=0.005500 | edge mean=0.005500 |
[C19] n=600 | classes=[0, 9] | acc=0.0733 | per_class={0: '0.15', 9: '0.00'}
[C19]sample: shape=(16, 32, 32, 3), label=[9 9 0 9 0 9 0 9 9 0 0 0 0 0 0 9]
[C19] eval model[0] mean=0.004660 | edge mean=0.005500 |
[C19] n=600 | classes=[0, 9] | acc=0.5233 | per_class={0: '0.00', 9: '1.00'}
  [Client 19] Finished Hier-pFedMe training for round 1.
  [Client 19] Round 1 | Hier-pFedMe(λ2=35.0,K=3) | loss=8.7516
  [Client 13] Starting Hier-pFedMe training with λ2=35.0, η2=0.02, inner_steps=3 for 1 epochs (113 batches per epoch).
[C13] eval model[0] mean=0.005500 | edge mean=0.005500 |
[C13] n=600 | classes=[0, 8] | acc=0.0883 | per_class={0: '0.12', 8: '0.06'}
[C13]sample: shape=(16, 32, 32, 3), label=[0 0 0 0 8 0 0 8 0 8 8 0 8 8 0 0]
[C13] eval model[0] mean=0.004800 | edge mean=0.005500 |
[C13] n=600 | classes=[0, 8] | acc=0.4817 | per_class={0: '0.00', 8: '1.00'}
  [Client 13] Finished Hier-pFedMe training for round 1.
  [Client 13] Round 1 | Hier-pFedMe(λ2=35.0,K=3) | loss=4.2469
  [Client 17] Starting Hier-pFedMe training with λ2=35.0, η2=0.02, inner_steps=3 for 1 epochs (113 batches per epoch).
[C17] eval model[0] mean=0.005500 | edge mean=0.005500 |
[C17] n=600 | classes=[1, 9] | acc=0.0000 | per_class={1: '0.00', 9: '0.00'}
[C17]sample: shape=(16, 32, 32, 3), label=[9 1 1 9 1 9 9 1 9 9 9 9 9 1 1 9]
[C17] eval model[0] mean=0.007524 | edge mean=0.005500 |
[C17] n=600 | classes=[1, 9] | acc=0.5183 | per_class={1: '0.00', 9: '1.00'}
  [Client 17] Finished Hier-pFedMe training for round 1.
  [Client 17] Round 1 | Hier-pFedMe(λ2=35.0,K=3) | loss=23.4803
  [Client 12] Starting Hier-pFedMe training with λ2=35.0, η2=0.02, inner_steps=3 for 1 epochs (113 batches per epoch).
[C12] eval model[0] mean=0.005500 | edge mean=0.005500 |
[C12] n=600 | classes=[1, 8] | acc=0.0500 | per_class={1: '0.00', 8: '0.10'}
[C12]sample: shape=(16, 32, 32, 3), label=[8 1 1 1 8 1 1 8 8 1 8 1 8 1 8 8]
[C12] eval model[0] mean=0.005158 | edge mean=0.005500 |
[C12] n=600 | classes=[1, 8] | acc=0.4867 | per_class={1: '0.00', 8: '1.00'}
  [Client 12] Finished Hier-pFedMe training for round 1.
  [Client 12] Round 1 | Hier-pFedMe(λ2=35.0,K=3) | loss=20.8983
  [Client 14] Starting Hier-pFedMe training with λ2=35.0, η2=0.02, inner_steps=3 for 1 epochs (113 batches per epoch).
[C14] eval model[0] mean=0.005500 | edge mean=0.005500 |
[C14] n=600 | classes=[0, 9] | acc=0.0650 | per_class={0: '0.13', 9: '0.00'}
[C14]sample: shape=(16, 32, 32, 3), label=[9 0 9 0 0 0 9 9 9 9 0 0 9 0 0 9]
[C14] eval model[0] mean=0.005300 | edge mean=0.005500 |
[C14] n=600 | classes=[0, 9] | acc=0.4900 | per_class={0: '0.01', 9: '1.00'}
  [Client 14] Finished Hier-pFedMe training for round 1.
  [Client 14] Round 1 | Hier-pFedMe(λ2=35.0,K=3) | loss=16.2445
  [Client 15] Starting Hier-pFedMe training with λ2=35.0, η2=0.02, inner_steps=3 for 1 epochs (113 batches per epoch).
[C15] eval model[0] mean=0.005500 | edge mean=0.005500 |
[C15] n=600 | classes=[0, 8] | acc=0.1200 | per_class={0: '0.16', 8: '0.08'}
[C15]sample: shape=(16, 32, 32, 3), label=[0 0 8 8 0 0 8 0 8 8 8 8 8 8 0 0]
[C15] eval model[0] mean=0.009124 | edge mean=0.005500 |
[C15] n=600 | classes=[0, 8] | acc=0.4917 | per_class={0: '0.00', 8: '1.00'}
  [Client 15] Finished Hier-pFedMe training for round 1.
  [Client 15] Round 1 | Hier-pFedMe(λ2=35.0,K=3) | loss=16.4053
  [Client 11] Starting Hier-pFedMe training with λ2=35.0, η2=0.02, inner_steps=3 for 1 epochs (113 batches per epoch).
[C11] eval model[0] mean=0.005500 | edge mean=0.005500 |
[C11] n=600 | classes=[0, 1] | acc=0.0733 | per_class={0: '0.15', 1: '0.00'}
[C11]sample: shape=(16, 32, 32, 3), label=[0 1 0 1 0 0 1 0 0 0 1 0 0 1 1 1]
[C11] eval model[0] mean=0.004766 | edge mean=0.005500 |
[C11] n=600 | classes=[0, 1] | acc=0.5000 | per_class={0: '1.00', 1: '0.00'}
  [Client 11] Finished Hier-pFedMe training for round 1.
  [Client 11] Round 1 | Hier-pFedMe(λ2=35.0,K=3) | loss=5.4196
  [Client 16] Starting Hier-pFedMe training with λ2=35.0, η2=0.02, inner_steps=3 for 1 epochs (113 batches per epoch).
[C16] eval model[0] mean=0.005500 | edge mean=0.005500 |
[C16] n=600 | classes=[1, 8] | acc=0.0667 | per_class={1: '0.00', 8: '0.13'}
[C16]sample: shape=(16, 32, 32, 3), label=[1 8 1 8 1 8 1 1 8 1 1 8 1 8 8 8]
[C16] eval model[0] mean=0.006637 | edge mean=0.005500 |
[C16] n=600 | classes=[1, 8] | acc=0.4850 | per_class={1: '1.00', 8: '0.00'}
  [Client 16] Finished Hier-pFedMe training for round 1.
  [Client 16] Round 1 | Hier-pFedMe(λ2=35.0,K=3) | loss=2.7566
  [Client 18] Starting Hier-pFedMe training with λ2=35.0, η2=0.02, inner_steps=3 for 1 epochs (113 batches per epoch).
[C18] eval model[0] mean=0.005500 | edge mean=0.005500 |
[C18] n=600 | classes=[1, 9] | acc=0.0000 | per_class={1: '0.00', 9: '0.00'}
[C18]sample: shape=(16, 32, 32, 3), label=[9 9 1 9 9 1 9 1 1 1 1 1 1 9 1 9]
[C18] eval model[0] mean=0.006575 | edge mean=0.005500 |
[C18] n=600 | classes=[1, 9] | acc=0.5233 | per_class={1: '1.00', 9: '0.00'}
  [Client 18] Finished Hier-pFedMe training for round 1.
  [Client 18] Round 1 | Hier-pFedMe(λ2=35.0,K=3) | loss=21.3805
  [Edge 1] G1 | E1 | loss=14.2109
  [Edge 1] G1 | E2 | Hier-pFedMe | Selected 10/10
  [Client 11] Received edge weights.
[C11] Test set stats: samples=600, batches=600, class_dist={0: 300, 1: 300}
[C11] First sample: shape=(1, 32, 32, 3), value_range=[-1.894, 1.876], label=[0]
  [Client 15] Received edge weights.
[C15] Test set stats: samples=600, batches=600, class_dist={0: 305, 8: 295}
[C15] First sample: shape=(1, 32, 32, 3), value_range=[-1.989, 1.951], label=[8]
  [Client 19] Received edge weights.
[C19] Test set stats: samples=600, batches=600, class_dist={0: 286, 9: 314}
[C19] First sample: shape=(1, 32, 32, 3), value_range=[-1.352, 2.116], label=[9]
  [Client 16] Received edge weights.
[C16] Test set stats: samples=600, batches=600, class_dist={1: 291, 8: 309}
[C16] First sample: shape=(1, 32, 32, 3), value_range=[-1.916, 1.861], label=[1]
  [Client 18] Received edge weights.
[C18] Test set stats: samples=600, batches=600, class_dist={1: 314, 9: 286}
[C18] First sample: shape=(1, 32, 32, 3), value_range=[-1.815, 2.094], label=[9]
  [Client 14] Received edge weights.
[C14] Test set stats: samples=600, batches=600, class_dist={0: 307, 9: 293}
[C14] First sample: shape=(1, 32, 32, 3), value_range=[-1.803, 1.486], label=[9]
  [Client 17] Received edge weights.
[C17] Test set stats: samples=600, batches=600, class_dist={1: 289, 9: 311}
[C17] First sample: shape=(1, 32, 32, 3), value_range=[-1.862, 2.062], label=[1]
  [Client 12] Received edge weights.
[C12] Test set stats: samples=600, batches=600, class_dist={1: 308, 8: 292}
[C12] First sample: shape=(1, 32, 32, 3), value_range=[-1.932, 2.126], label=[1]
  [Client 13] Received edge weights.
[C13] Test set stats: samples=600, batches=600, class_dist={0: 311, 8: 289}
[C13] First sample: shape=(1, 32, 32, 3), value_range=[-1.291, 2.071], label=[8]
  [Client 10] Received edge weights.
[C10] Test set stats: samples=600, batches=600, class_dist={8: 292, 9: 308}
[C10] First sample: shape=(1, 32, 32, 3), value_range=[-1.989, 2.116], label=[9]
  [Client 11] Starting Hier-pFedMe training with λ2=35.0, η2=0.02, inner_steps=3 for 1 epochs (113 batches per epoch).
[C11] eval model[0] mean=0.005669 | edge mean=0.005669 |
[C11] n=600 | classes=[0, 1] | acc=0.1917 | per_class={0: '0.33', 1: '0.06'}
[C11]sample: shape=(16, 32, 32, 3), label=[0 0 0 1 1 0 0 1 1 1 1 0 1 1 1 0]
[C11] eval model[0] mean=0.007167 | edge mean=0.005669 |
[C11] n=600 | classes=[0, 1] | acc=0.5000 | per_class={0: '0.00', 1: '1.00'}
  [Client 11] Finished Hier-pFedMe training for round 1.
  [Client 11] Round 1 | Hier-pFedMe(λ2=35.0,K=3) | loss=6.5192
  [Client 15] Starting Hier-pFedMe training with λ2=35.0, η2=0.02, inner_steps=3 for 1 epochs (113 batches per epoch).
[C15] eval model[0] mean=0.005669 | edge mean=0.005669 |
[C15] n=600 | classes=[0, 8] | acc=0.2467 | per_class={0: '0.34', 8: '0.15'}
[C15]sample: shape=(16, 32, 32, 3), label=[8 0 8 8 8 8 0 0 8 0 8 0 0 8 0 8]
[C15] eval model[0] mean=0.005468 | edge mean=0.005669 |
[C15] n=600 | classes=[0, 8] | acc=0.5083 | per_class={0: '1.00', 8: '0.00'}
  [Client 15] Finished Hier-pFedMe training for round 1.
  [Client 15] Round 1 | Hier-pFedMe(λ2=35.0,K=3) | loss=3.0762
  [Client 19] Starting Hier-pFedMe training with λ2=35.0, η2=0.02, inner_steps=3 for 1 epochs (113 batches per epoch).
[C19] eval model[0] mean=0.005669 | edge mean=0.005669 |
[C19] n=600 | classes=[0, 9] | acc=0.2067 | per_class={0: '0.41', 9: '0.02'}
[C19]sample: shape=(16, 32, 32, 3), label=[0 0 0 0 9 9 0 9 9 9 9 9 9 9 0 9]
[C19] eval model[0] mean=0.005575 | edge mean=0.005669 |
[C19] n=600 | classes=[0, 9] | acc=0.5233 | per_class={0: '0.00', 9: '1.00'}
  [Client 19] Finished Hier-pFedMe training for round 1.
  [Client 19] Round 1 | Hier-pFedMe(λ2=35.0,K=3) | loss=1.9914
  [Client 16] Starting Hier-pFedMe training with λ2=35.0, η2=0.02, inner_steps=3 for 1 epochs (113 batches per epoch).
[C16] eval model[0] mean=0.005669 | edge mean=0.005669 |
[C16] n=600 | classes=[1, 8] | acc=0.1000 | per_class={1: '0.07', 8: '0.13'}
[C16]sample: shape=(16, 32, 32, 3), label=[1 8 8 1 8 1 1 1 1 8 8 1 1 1 8 8]
[C16] eval model[0] mean=0.007270 | edge mean=0.005669 |
[C16] n=600 | classes=[1, 8] | acc=0.5150 | per_class={1: '0.00', 8: '1.00'}
  [Client 16] Finished Hier-pFedMe training for round 1.
  [Client 16] Round 1 | Hier-pFedMe(λ2=35.0,K=3) | loss=6.7125
  [Client 18] Starting Hier-pFedMe training with λ2=35.0, η2=0.02, inner_steps=3 for 1 epochs (113 batches per epoch).
[C18] eval model[0] mean=0.005669 | edge mean=0.005669 |
[C18] n=600 | classes=[1, 9] | acc=0.0417 | per_class={1: '0.04', 9: '0.04'}
[C18]sample: shape=(16, 32, 32, 3), label=[1 1 9 9 9 9 1 1 9 1 9 1 1 9 1 9]
[C18] eval model[0] mean=0.006799 | edge mean=0.005669 |
[C18] n=600 | classes=[1, 9] | acc=0.4767 | per_class={1: '0.00', 9: '1.00'}
  [Client 18] Finished Hier-pFedMe training for round 1.
  [Client 18] Round 1 | Hier-pFedMe(λ2=35.0,K=3) | loss=2.1900
  [Client 14] Starting Hier-pFedMe training with λ2=35.0, η2=0.02, inner_steps=3 for 1 epochs (113 batches per epoch).
[C14] eval model[0] mean=0.005669 | edge mean=0.005669 |
[C14] n=600 | classes=[0, 9] | acc=0.1900 | per_class={0: '0.35', 9: '0.02'}
[C14]sample: shape=(16, 32, 32, 3), label=[9 0 0 0 9 0 9 9 0 0 0 0 0 9 0 9]
[C14] eval model[0] mean=0.006992 | edge mean=0.005669 |
[C14] n=600 | classes=[0, 9] | acc=0.5117 | per_class={0: '1.00', 9: '0.00'}
  [Client 14] Finished Hier-pFedMe training for round 1.
  [Client 14] Round 1 | Hier-pFedMe(λ2=35.0,K=3) | loss=1.4148
  [Client 17] Starting Hier-pFedMe training with λ2=35.0, η2=0.02, inner_steps=3 for 1 epochs (113 batches per epoch).
[C17] eval model[0] mean=0.005669 | edge mean=0.005669 |
[C17] n=600 | classes=[1, 9] | acc=0.0400 | per_class={1: '0.04', 9: '0.04'}
[C17]sample: shape=(16, 32, 32, 3), label=[1 1 1 1 9 9 1 1 1 1 1 1 9 1 1 9]
[C17] eval model[0] mean=0.005863 | edge mean=0.005669 |
[C17] n=600 | classes=[1, 9] | acc=0.5183 | per_class={1: '0.00', 9: '1.00'}
  [Client 17] Finished Hier-pFedMe training for round 1.
  [Client 17] Round 1 | Hier-pFedMe(λ2=35.0,K=3) | loss=0.5309
  [Client 12] Starting Hier-pFedMe training with λ2=35.0, η2=0.02, inner_steps=3 for 1 epochs (113 batches per epoch).
[C12] eval model[0] mean=0.005669 | edge mean=0.005669 |
[C12] n=600 | classes=[1, 8] | acc=0.1150 | per_class={1: '0.07', 8: '0.16'}
[C12]sample: shape=(16, 32, 32, 3), label=[8 1 8 1 8 8 1 8 8 8 8 8 8 8 1 1]
[C12] eval model[0] mean=0.006429 | edge mean=0.005669 |
[C12] n=600 | classes=[1, 8] | acc=0.5133 | per_class={1: '1.00', 8: '0.00'}
  [Client 12] Finished Hier-pFedMe training for round 1.
  [Client 12] Round 1 | Hier-pFedMe(λ2=35.0,K=3) | loss=1.2727
  [Client 13] Starting Hier-pFedMe training with λ2=35.0, η2=0.02, inner_steps=3 for 1 epochs (113 batches per epoch).
[C13] eval model[0] mean=0.005669 | edge mean=0.005669 |
[C13] n=600 | classes=[0, 8] | acc=0.2350 | per_class={0: '0.31', 8: '0.16'}
[C13]sample: shape=(16, 32, 32, 3), label=[0 8 8 0 8 8 0 8 8 8 0 8 0 8 0 0]
[C13] eval model[0] mean=0.003821 | edge mean=0.005669 |
[C13] n=600 | classes=[0, 8] | acc=0.5167 | per_class={0: '0.61', 8: '0.42'}
  [Client 13] Finished Hier-pFedMe training for round 1.
  [Client 13] Round 1 | Hier-pFedMe(λ2=35.0,K=3) | loss=4.2897
  [Client 10] Starting Hier-pFedMe training with λ2=35.0, η2=0.02, inner_steps=3 for 1 epochs (113 batches per epoch).
[C10] eval model[0] mean=0.005669 | edge mean=0.005669 |
[C10] n=600 | classes=[8, 9] | acc=0.0950 | per_class={8: '0.14', 9: '0.05'}
[C10]sample: shape=(16, 32, 32, 3), label=[8 8 8 8 8 8 8 9 8 8 8 9 8 8 8 9]
[C10] eval model[0] mean=0.006907 | edge mean=0.005669 |
[C10] n=600 | classes=[8, 9] | acc=0.4867 | per_class={8: '1.00', 9: '0.00'}
  [Client 10] Finished Hier-pFedMe training for round 1.
  [Client 10] Round 1 | Hier-pFedMe(λ2=35.0,K=3) | loss=3.4252
  [Edge 1] G1 | E2 | loss=3.1423
  [Edge 1] G1 | E3 | Hier-pFedMe | Selected 10/10
  [Client 10] Received edge weights.
[C10] Test set stats: samples=600, batches=600, class_dist={8: 292, 9: 308}
[C10] First sample: shape=(1, 32, 32, 3), value_range=[-1.989, 2.116], label=[9]
  [Client 14] Received edge weights.
[C14] Test set stats: samples=600, batches=600, class_dist={0: 307, 9: 293}
[C14] First sample: shape=(1, 32, 32, 3), value_range=[-1.803, 1.486], label=[9]
  [Client 15] Received edge weights.
[C15] Test set stats: samples=600, batches=600, class_dist={0: 305, 8: 295}
[C15] First sample: shape=(1, 32, 32, 3), value_range=[-1.989, 1.951], label=[8]
  [Client 12] Received edge weights.
[C12] Test set stats: samples=600, batches=600, class_dist={1: 308, 8: 292}
[C12] First sample: shape=(1, 32, 32, 3), value_range=[-1.932, 2.126], label=[1]
  [Client 18] Received edge weights.
[C18] Test set stats: samples=600, batches=600, class_dist={1: 314, 9: 286}
[C18] First sample: shape=(1, 32, 32, 3), value_range=[-1.815, 2.094], label=[9]
  [Client 11] Received edge weights.
[C11] Test set stats: samples=600, batches=600, class_dist={0: 300, 1: 300}
[C11] First sample: shape=(1, 32, 32, 3), value_range=[-1.894, 1.876], label=[0]
  [Client 16] Received edge weights.
[C16] Test set stats: samples=600, batches=600, class_dist={1: 291, 8: 309}
[C16] First sample: shape=(1, 32, 32, 3), value_range=[-1.916, 1.861], label=[1]
  [Client 13] Received edge weights.
[C13] Test set stats: samples=600, batches=600, class_dist={0: 311, 8: 289}
[C13] First sample: shape=(1, 32, 32, 3), value_range=[-1.291, 2.071], label=[8]
  [Client 17] Received edge weights.
[C17] Test set stats: samples=600, batches=600, class_dist={1: 289, 9: 311}
[C17] First sample: shape=(1, 32, 32, 3), value_range=[-1.862, 2.062], label=[1]
  [Client 19] Received edge weights.
[C19] Test set stats: samples=600, batches=600, class_dist={0: 286, 9: 314}
[C19] First sample: shape=(1, 32, 32, 3), value_range=[-1.352, 2.116], label=[9]
  [Client 10] Starting Hier-pFedMe training with λ2=35.0, η2=0.02, inner_steps=3 for 1 epochs (113 batches per epoch).
[C10] eval model[0] mean=0.006026 | edge mean=0.006026 |
[C10] n=600 | classes=[8, 9] | acc=0.4100 | per_class={8: '0.84', 9: '0.00'}
[C10]sample: shape=(16, 32, 32, 3), label=[8 8 8 9 8 8 8 9 9 8 8 9 9 9 9 9]
[C10] eval model[0] mean=0.006993 | edge mean=0.006026 |
[C10] n=600 | classes=[8, 9] | acc=0.5117 | per_class={8: '0.00', 9: '0.99'}
  [Client 10] Finished Hier-pFedMe training for round 1.
  [Client 10] Round 1 | Hier-pFedMe(λ2=35.0,K=3) | loss=2.7386
  [Client 14] Starting Hier-pFedMe training with λ2=35.0, η2=0.02, inner_steps=3 for 1 epochs (113 batches per epoch).
[C14] eval model[0] mean=0.006026 | edge mean=0.006026 |
[C14] n=600 | classes=[0, 9] | acc=0.0567 | per_class={0: '0.11', 9: '0.00'}
[C14]sample: shape=(16, 32, 32, 3), label=[9 0 9 0 0 0 0 9 9 0 9 9 0 9 9 0]
[C14] eval model[0] mean=0.006460 | edge mean=0.006026 |
[C14] n=600 | classes=[0, 9] | acc=0.5117 | per_class={0: '1.00', 9: '0.00'}
  [Client 14] Finished Hier-pFedMe training for round 1.
  [Client 14] Round 1 | Hier-pFedMe(λ2=35.0,K=3) | loss=2.5929
  [Client 15] Starting Hier-pFedMe training with λ2=35.0, η2=0.02, inner_steps=3 for 1 epochs (113 batches per epoch).
[C15] eval model[0] mean=0.006026 | edge mean=0.006026 |
[C15] n=600 | classes=[0, 8] | acc=0.5067 | per_class={0: '0.12', 8: '0.90'}
[C15]sample: shape=(16, 32, 32, 3), label=[8 0 0 0 0 8 0 8 0 8 0 8 8 0 8 0]
[C15] eval model[0] mean=0.006967 | edge mean=0.006026 |
[C15] n=600 | classes=[0, 8] | acc=0.5083 | per_class={0: '1.00', 8: '0.00'}
  [Client 15] Finished Hier-pFedMe training for round 1.
  [Client 15] Round 1 | Hier-pFedMe(λ2=35.0,K=3) | loss=3.0057
  [Client 12] Starting Hier-pFedMe training with λ2=35.0, η2=0.02, inner_steps=3 for 1 epochs (113 batches per epoch).
[C12] eval model[0] mean=0.006026 | edge mean=0.006026 |
[C12] n=600 | classes=[1, 8] | acc=0.4217 | per_class={1: '0.01', 8: '0.86'}
[C12]sample: shape=(16, 32, 32, 3), label=[8 8 1 8 1 8 8 8 1 8 1 8 1 8 8 1]
[C12] eval model[0] mean=0.002834 | edge mean=0.006026 |
[C12] n=600 | classes=[1, 8] | acc=0.5200 | per_class={1: '0.15', 8: '0.91'}
  [Client 12] Finished Hier-pFedMe training for round 1.
  [Client 12] Round 1 | Hier-pFedMe(λ2=35.0,K=3) | loss=2.9580
  [Client 18] Starting Hier-pFedMe training with λ2=35.0, η2=0.02, inner_steps=3 for 1 epochs (113 batches per epoch).
[C18] eval model[0] mean=0.006026 | edge mean=0.006026 |
[C18] n=600 | classes=[1, 9] | acc=0.0000 | per_class={1: '0.00', 9: '0.00'}
[C18]sample: shape=(16, 32, 32, 3), label=[9 1 1 1 1 9 1 1 1 9 1 9 1 1 9 9]
[C18] eval model[0] mean=0.007257 | edge mean=0.006026 |
[C18] n=600 | classes=[1, 9] | acc=0.3617 | per_class={1: '0.04', 9: '0.72'}
  [Client 18] Finished Hier-pFedMe training for round 1.
  [Client 18] Round 1 | Hier-pFedMe(λ2=35.0,K=3) | loss=2.8525
  [Client 11] Starting Hier-pFedMe training with λ2=35.0, η2=0.02, inner_steps=3 for 1 epochs (113 batches per epoch).
[C11] eval model[0] mean=0.006026 | edge mean=0.006026 |
[C11] n=600 | classes=[0, 1] | acc=0.0500 | per_class={0: '0.10', 1: '0.00'}
[C11]sample: shape=(16, 32, 32, 3), label=[1 1 1 0 0 1 1 0 1 0 1 1 0 1 1 0]
[C11] eval model[0] mean=0.005811 | edge mean=0.006026 |
[C11] n=600 | classes=[0, 1] | acc=0.5000 | per_class={0: '0.00', 1: '1.00'}
  [Client 11] Finished Hier-pFedMe training for round 1.
  [Client 11] Round 1 | Hier-pFedMe(λ2=35.0,K=3) | loss=0.9140
  [Client 16] Starting Hier-pFedMe training with λ2=35.0, η2=0.02, inner_steps=3 for 1 epochs (113 batches per epoch).
[C16] eval model[0] mean=0.006026 | edge mean=0.006026 |
[C16] n=600 | classes=[1, 8] | acc=0.4450 | per_class={1: '0.00', 8: '0.86'}
[C16]sample: shape=(16, 32, 32, 3), label=[8 8 1 1 8 1 8 8 8 8 1 1 8 1 8 1]
[C16] eval model[0] mean=0.005079 | edge mean=0.006026 |
[C16] n=600 | classes=[1, 8] | acc=0.5150 | per_class={1: '0.00', 8: '1.00'}
  [Client 16] Finished Hier-pFedMe training for round 1.
  [Client 16] Round 1 | Hier-pFedMe(λ2=35.0,K=3) | loss=3.0852
  [Client 13] Starting Hier-pFedMe training with λ2=35.0, η2=0.02, inner_steps=3 for 1 epochs (113 batches per epoch).
[C13] eval model[0] mean=0.006026 | edge mean=0.006026 |
[C13] n=600 | classes=[0, 8] | acc=0.4733 | per_class={0: '0.10', 8: '0.87'}
[C13]sample: shape=(16, 32, 32, 3), label=[8 0 8 8 0 0 0 8 8 0 8 0 8 0 8 8]
[C13] eval model[0] mean=0.008109 | edge mean=0.006026 |
[C13] n=600 | classes=[0, 8] | acc=0.5017 | per_class={0: '0.19', 8: '0.84'}
  [Client 13] Finished Hier-pFedMe training for round 1.
  [Client 13] Round 1 | Hier-pFedMe(λ2=35.0,K=3) | loss=4.8074
  [Client 17] Starting Hier-pFedMe training with λ2=35.0, η2=0.02, inner_steps=3 for 1 epochs (113 batches per epoch).
[C17] eval model[0] mean=0.006026 | edge mean=0.006026 |
[C17] n=600 | classes=[1, 9] | acc=0.0000 | per_class={1: '0.00', 9: '0.00'}
[C17]sample: shape=(16, 32, 32, 3), label=[9 1 9 9 1 9 9 9 1 1 1 9 1 9 1 1]
[C17] eval model[0] mean=0.005197 | edge mean=0.006026 |
[C17] n=600 | classes=[1, 9] | acc=0.4817 | per_class={1: '1.00', 9: '0.00'}
  [Client 17] Finished Hier-pFedMe training for round 1.
  [Client 17] Round 1 | Hier-pFedMe(λ2=35.0,K=3) | loss=10.7369
  [Client 19] Starting Hier-pFedMe training with λ2=35.0, η2=0.02, inner_steps=3 for 1 epochs (113 batches per epoch).
[C19] eval model[0] mean=0.006026 | edge mean=0.006026 |
[C19] n=600 | classes=[0, 9] | acc=0.0467 | per_class={0: '0.10', 9: '0.00'}
[C19]sample: shape=(16, 32, 32, 3), label=[9 0 0 0 0 9 9 0 0 0 0 9 0 0 9 9]
[C19] eval model[0] mean=0.006544 | edge mean=0.006026 |
[C19] n=600 | classes=[0, 9] | acc=0.4767 | per_class={0: '1.00', 9: '0.00'}
  [Client 19] Finished Hier-pFedMe training for round 1.
  [Client 19] Round 1 | Hier-pFedMe(λ2=35.0,K=3) | loss=2.4990
  [Edge 1] G1 | E3 | loss=3.6190
  [Edge 1] G1 | E4 | Hier-pFedMe | Selected 10/10
  [Client 12] Received edge weights.
[C12] Test set stats: samples=600, batches=600, class_dist={1: 308, 8: 292}
[C12] First sample: shape=(1, 32, 32, 3), value_range=[-1.932, 2.126], label=[1]
  [Client 18] Received edge weights.
[C18] Test set stats: samples=600, batches=600, class_dist={1: 314, 9: 286}
[C18] First sample: shape=(1, 32, 32, 3), value_range=[-1.815, 2.094], label=[9]
  [Client 14] Received edge weights.
[C14] Test set stats: samples=600, batches=600, class_dist={0: 307, 9: 293}
[C14] First sample: shape=(1, 32, 32, 3), value_range=[-1.803, 1.486], label=[9]
  [Client 15] Received edge weights.
[C15] Test set stats: samples=600, batches=600, class_dist={0: 305, 8: 295}
[C15] First sample: shape=(1, 32, 32, 3), value_range=[-1.989, 1.951], label=[8]
  [Client 10] Received edge weights.
[C10] Test set stats: samples=600, batches=600, class_dist={8: 292, 9: 308}
[C10] First sample: shape=(1, 32, 32, 3), value_range=[-1.989, 2.116], label=[9]
  [Client 13] Received edge weights.
[C13] Test set stats: samples=600, batches=600, class_dist={0: 311, 8: 289}
[C13] First sample: shape=(1, 32, 32, 3), value_range=[-1.291, 2.071], label=[8]
  [Client 11] Received edge weights.
[C11] Test set stats: samples=600, batches=600, class_dist={0: 300, 1: 300}
[C11] First sample: shape=(1, 32, 32, 3), value_range=[-1.894, 1.876], label=[0]
  [Client 16] Received edge weights.
[C16] Test set stats: samples=600, batches=600, class_dist={1: 291, 8: 309}
[C16] First sample: shape=(1, 32, 32, 3), value_range=[-1.916, 1.861], label=[1]
  [Client 19] Received edge weights.
[C19] Test set stats: samples=600, batches=600, class_dist={0: 286, 9: 314}
[C19] First sample: shape=(1, 32, 32, 3), value_range=[-1.352, 2.116], label=[9]
  [Client 17] Received edge weights.
[C17] Test set stats: samples=600, batches=600, class_dist={1: 289, 9: 311}
[C17] First sample: shape=(1, 32, 32, 3), value_range=[-1.862, 2.062], label=[1]
  [Client 12] Starting Hier-pFedMe training with λ2=35.0, η2=0.02, inner_steps=3 for 1 epochs (113 batches per epoch).
[C12] eval model[0] mean=0.006010 | edge mean=0.006010 |
[C12] n=600 | classes=[1, 8] | acc=0.4250 | per_class={1: '0.00', 8: '0.87'}
[C12]sample: shape=(16, 32, 32, 3), label=[1 1 8 8 8 1 8 1 8 1 8 8 8 8 1 1]
[C12] eval model[0] mean=0.007064 | edge mean=0.006010 |
[C12] n=600 | classes=[1, 8] | acc=0.4867 | per_class={1: '0.00', 8: '1.00'}
  [Client 12] Finished Hier-pFedMe training for round 1.
  [Client 12] Round 1 | Hier-pFedMe(λ2=35.0,K=3) | loss=0.7644
  [Client 18] Starting Hier-pFedMe training with λ2=35.0, η2=0.02, inner_steps=3 for 1 epochs (113 batches per epoch).
[C18] eval model[0] mean=0.006010 | edge mean=0.006010 |
[C18] n=600 | classes=[1, 9] | acc=0.0000 | per_class={1: '0.00', 9: '0.00'}
[C18]sample: shape=(16, 32, 32, 3), label=[9 1 9 1 9 9 1 1 1 1 9 1 1 1 1 9]
[C18] eval model[0] mean=0.006146 | edge mean=0.006010 |
[C18] n=600 | classes=[1, 9] | acc=0.4800 | per_class={1: '0.01', 9: '1.00'}
  [Client 18] Finished Hier-pFedMe training for round 1.
  [Client 18] Round 1 | Hier-pFedMe(λ2=35.0,K=3) | loss=0.4662
  [Client 14] Starting Hier-pFedMe training with λ2=35.0, η2=0.02, inner_steps=3 for 1 epochs (113 batches per epoch).
[C14] eval model[0] mean=0.006010 | edge mean=0.006010 |
[C14] n=600 | classes=[0, 9] | acc=0.0483 | per_class={0: '0.09', 9: '0.00'}
[C14]sample: shape=(16, 32, 32, 3), label=[0 9 9 0 9 0 9 0 0 0 0 9 9 9 0 0]
[C14] eval model[0] mean=0.005474 | edge mean=0.006010 |
[C14] n=600 | classes=[0, 9] | acc=0.5117 | per_class={0: '1.00', 9: '0.00'}
  [Client 14] Finished Hier-pFedMe training for round 1.
  [Client 14] Round 1 | Hier-pFedMe(λ2=35.0,K=3) | loss=0.5625
  [Client 15] Starting Hier-pFedMe training with λ2=35.0, η2=0.02, inner_steps=3 for 1 epochs (113 batches per epoch).
[C15] eval model[0] mean=0.006010 | edge mean=0.006010 |
[C15] n=600 | classes=[0, 8] | acc=0.5250 | per_class={0: '0.12', 8: '0.94'}
[C15]sample: shape=(16, 32, 32, 3), label=[8 8 8 8 0 8 8 8 8 0 0 8 0 0 8 8]
[C15] eval model[0] mean=0.007012 | edge mean=0.006010 |
[C15] n=600 | classes=[0, 8] | acc=0.4983 | per_class={0: '0.02', 8: '1.00'}
  [Client 15] Finished Hier-pFedMe training for round 1.
  [Client 15] Round 1 | Hier-pFedMe(λ2=35.0,K=3) | loss=0.8838
  [Client 10] Starting Hier-pFedMe training with λ2=35.0, η2=0.02, inner_steps=3 for 1 epochs (113 batches per epoch).
[C10] eval model[0] mean=0.006010 | edge mean=0.006010 |
[C10] n=600 | classes=[8, 9] | acc=0.4417 | per_class={8: '0.91', 9: '0.00'}
[C10]sample: shape=(16, 32, 32, 3), label=[8 8 9 9 8 8 8 8 9 9 8 9 9 9 9 8]
[C10] eval model[0] mean=0.006058 | edge mean=0.006010 |
[C10] n=600 | classes=[8, 9] | acc=0.4867 | per_class={8: '1.00', 9: '0.00'}
  [Client 10] Finished Hier-pFedMe training for round 1.
  [Client 10] Round 1 | Hier-pFedMe(λ2=35.0,K=3) | loss=0.5665
  [Client 13] Starting Hier-pFedMe training with λ2=35.0, η2=0.02, inner_steps=3 for 1 epochs (113 batches per epoch).
[C13] eval model[0] mean=0.006010 | edge mean=0.006010 |
[C13] n=600 | classes=[0, 8] | acc=0.4983 | per_class={0: '0.11', 8: '0.92'}
[C13]sample: shape=(16, 32, 32, 3), label=[0 8 8 8 0 0 0 8 0 0 8 8 0 8 0 8]
[C13] eval model[0] mean=0.006678 | edge mean=0.006010 |
[C13] n=600 | classes=[0, 8] | acc=0.5250 | per_class={0: '0.42', 8: '0.64'}
  [Client 13] Finished Hier-pFedMe training for round 1.
  [Client 13] Round 1 | Hier-pFedMe(λ2=35.0,K=3) | loss=0.7282
  [Client 11] Starting Hier-pFedMe training with λ2=35.0, η2=0.02, inner_steps=3 for 1 epochs (113 batches per epoch).
[C11] eval model[0] mean=0.006010 | edge mean=0.006010 |
[C11] n=600 | classes=[0, 1] | acc=0.0400 | per_class={0: '0.08', 1: '0.00'}
[C11]sample: shape=(16, 32, 32, 3), label=[1 1 1 1 1 1 0 0 1 0 0 1 1 1 0 1]
[C11] eval model[0] mean=0.005809 | edge mean=0.006010 |
[C11] n=600 | classes=[0, 1] | acc=0.5000 | per_class={0: '0.00', 1: '1.00'}
  [Client 11] Finished Hier-pFedMe training for round 1.
  [Client 11] Round 1 | Hier-pFedMe(λ2=35.0,K=3) | loss=0.2654
  [Client 16] Starting Hier-pFedMe training with λ2=35.0, η2=0.02, inner_steps=3 for 1 epochs (113 batches per epoch).
[C16] eval model[0] mean=0.006010 | edge mean=0.006010 |
[C16] n=600 | classes=[1, 8] | acc=0.4567 | per_class={1: '0.00', 8: '0.89'}
[C16]sample: shape=(16, 32, 32, 3), label=[8 8 1 8 1 8 1 8 1 1 8 1 8 1 8 8]
[C16] eval model[0] mean=0.006570 | edge mean=0.006010 |
[C16] n=600 | classes=[1, 8] | acc=0.5150 | per_class={1: '0.00', 8: '1.00'}
  [Client 16] Finished Hier-pFedMe training for round 1.
  [Client 16] Round 1 | Hier-pFedMe(λ2=35.0,K=3) | loss=0.9315
  [Client 19] Starting Hier-pFedMe training with λ2=35.0, η2=0.02, inner_steps=3 for 1 epochs (113 batches per epoch).
[C19] eval model[0] mean=0.006010 | edge mean=0.006010 |
[C19] n=600 | classes=[0, 9] | acc=0.0383 | per_class={0: '0.08', 9: '0.00'}
[C19]sample: shape=(16, 32, 32, 3), label=[9 9 0 9 0 9 9 9 9 9 0 0 9 9 0 0]
[C19] eval model[0] mean=0.005982 | edge mean=0.006010 |
[C19] n=600 | classes=[0, 9] | acc=0.6500 | per_class={0: '0.59', 9: '0.71'}
  [Client 19] Finished Hier-pFedMe training for round 1.
  [Client 19] Round 1 | Hier-pFedMe(λ2=35.0,K=3) | loss=0.9692
  [Client 17] Starting Hier-pFedMe training with λ2=35.0, η2=0.02, inner_steps=3 for 1 epochs (113 batches per epoch).
[C17] eval model[0] mean=0.006010 | edge mean=0.006010 |
[C17] n=600 | classes=[1, 9] | acc=0.0000 | per_class={1: '0.00', 9: '0.00'}
[C17]sample: shape=(16, 32, 32, 3), label=[1 9 9 9 1 1 9 1 9 1 9 1 1 9 1 9]
[C17] eval model[0] mean=0.005946 | edge mean=0.006010 |
[C17] n=600 | classes=[1, 9] | acc=0.5833 | per_class={1: '0.27', 9: '0.87'}
  [Client 17] Finished Hier-pFedMe training for round 1.
  [Client 17] Round 1 | Hier-pFedMe(λ2=35.0,K=3) | loss=0.8635
  [Edge 1] G1 | E4 | loss=0.7001
  [Edge 1] G1 | E5 | Hier-pFedMe | Selected 10/10
  [Client 13] Received edge weights.
[C13] Test set stats: samples=600, batches=600, class_dist={0: 311, 8: 289}
[C13] First sample: shape=(1, 32, 32, 3), value_range=[-1.291, 2.071], label=[8]
  [Client 16] Received edge weights.
[C16] Test set stats: samples=600, batches=600, class_dist={1: 291, 8: 309}
[C16] First sample: shape=(1, 32, 32, 3), value_range=[-1.916, 1.861], label=[1]
  [Client 18] Received edge weights.
[C18] Test set stats: samples=600, batches=600, class_dist={1: 314, 9: 286}
[C18] First sample: shape=(1, 32, 32, 3), value_range=[-1.815, 2.094], label=[9]
  [Client 19] Received edge weights.
[C19] Test set stats: samples=600, batches=600, class_dist={0: 286, 9: 314}
[C19] First sample: shape=(1, 32, 32, 3), value_range=[-1.352, 2.116], label=[9]
  [Client 17] Received edge weights.
[C17] Test set stats: samples=600, batches=600, class_dist={1: 289, 9: 311}
[C17] First sample: shape=(1, 32, 32, 3), value_range=[-1.862, 2.062], label=[1]
  [Client 15] Received edge weights.
[C15] Test set stats: samples=600, batches=600, class_dist={0: 305, 8: 295}
[C15] First sample: shape=(1, 32, 32, 3), value_range=[-1.989, 1.951], label=[8]
  [Client 12] Received edge weights.
[C12] Test set stats: samples=600, batches=600, class_dist={1: 308, 8: 292}
[C12] First sample: shape=(1, 32, 32, 3), value_range=[-1.932, 2.126], label=[1]
  [Client 14] Received edge weights.
[C14] Test set stats: samples=600, batches=600, class_dist={0: 307, 9: 293}
[C14] First sample: shape=(1, 32, 32, 3), value_range=[-1.803, 1.486], label=[9]
  [Client 11] Received edge weights.
[C11] Test set stats: samples=600, batches=600, class_dist={0: 300, 1: 300}
[C11] First sample: shape=(1, 32, 32, 3), value_range=[-1.894, 1.876], label=[0]
  [Client 10] Received edge weights.
[C10] Test set stats: samples=600, batches=600, class_dist={8: 292, 9: 308}
[C10] First sample: shape=(1, 32, 32, 3), value_range=[-1.989, 2.116], label=[9]
  [Client 13] Starting Hier-pFedMe training with λ2=35.0, η2=0.02, inner_steps=3 for 1 epochs (113 batches per epoch).
[C13] eval model[0] mean=0.006172 | edge mean=0.006172 |
[C13] n=600 | classes=[0, 8] | acc=0.4833 | per_class={0: '0.18', 8: '0.81'}
[C13]sample: shape=(16, 32, 32, 3), label=[8 0 8 0 0 8 8 0 0 0 0 0 0 8 0 8]
[C13] eval model[0] mean=0.007112 | edge mean=0.006172 |
[C13] n=600 | classes=[0, 8] | acc=0.4750 | per_class={0: '0.84', 8: '0.08'}
  [Client 13] Finished Hier-pFedMe training for round 1.
  [Client 13] Round 1 | Hier-pFedMe(λ2=35.0,K=3) | loss=3.8436
  [Client 16] Starting Hier-pFedMe training with λ2=35.0, η2=0.02, inner_steps=3 for 1 epochs (113 batches per epoch).
[C16] eval model[0] mean=0.006172 | edge mean=0.006172 |
[C16] n=600 | classes=[1, 8] | acc=0.3917 | per_class={1: '0.00', 8: '0.76'}
[C16]sample: shape=(16, 32, 32, 3), label=[8 1 8 1 1 1 1 8 8 1 8 1 1 1 8 1]
[C16] eval model[0] mean=0.006375 | edge mean=0.006172 |
[C16] n=600 | classes=[1, 8] | acc=0.6400 | per_class={1: '0.62', 8: '0.66'}
  [Client 16] Finished Hier-pFedMe training for round 1.
  [Client 16] Round 1 | Hier-pFedMe(λ2=35.0,K=3) | loss=0.2057
  [Client 18] Starting Hier-pFedMe training with λ2=35.0, η2=0.02, inner_steps=3 for 1 epochs (113 batches per epoch).
[C18] eval model[0] mean=0.006172 | edge mean=0.006172 |
[C18] n=600 | classes=[1, 9] | acc=0.0000 | per_class={1: '0.00', 9: '0.00'}
[C18]sample: shape=(16, 32, 32, 3), label=[1 9 1 1 9 9 1 1 9 9 1 9 9 9 1 1]
[C18] eval model[0] mean=0.005883 | edge mean=0.006172 |
[C18] n=600 | classes=[1, 9] | acc=0.4767 | per_class={1: '0.00', 9: '1.00'}
  [Client 18] Finished Hier-pFedMe training for round 1.
  [Client 18] Round 1 | Hier-pFedMe(λ2=35.0,K=3) | loss=3.1731
  [Client 19] Starting Hier-pFedMe training with λ2=35.0, η2=0.02, inner_steps=3 for 1 epochs (113 batches per epoch).
[C19] eval model[0] mean=0.006172 | edge mean=0.006172 |
[C19] n=600 | classes=[0, 9] | acc=0.0900 | per_class={0: '0.19', 9: '0.00'}
[C19]sample: shape=(16, 32, 32, 3), label=[9 0 9 9 0 0 9 0 0 9 0 9 0 9 0 0]
[C19] eval model[0] mean=0.005687 | edge mean=0.006172 |
[C19] n=600 | classes=[0, 9] | acc=0.5233 | per_class={0: '0.00', 9: '1.00'}
  [Client 19] Finished Hier-pFedMe training for round 1.
  [Client 19] Round 1 | Hier-pFedMe(λ2=35.0,K=3) | loss=0.7248
  [Client 17] Starting Hier-pFedMe training with λ2=35.0, η2=0.02, inner_steps=3 for 1 epochs (113 batches per epoch).
[C17] eval model[0] mean=0.006172 | edge mean=0.006172 |
[C17] n=600 | classes=[1, 9] | acc=0.0000 | per_class={1: '0.00', 9: '0.00'}
[C17]sample: shape=(16, 32, 32, 3), label=[9 1 1 1 9 9 1 1 1 1 9 9 9 1 9 9]
[C17] eval model[0] mean=0.007056 | edge mean=0.006172 |
[C17] n=600 | classes=[1, 9] | acc=0.4900 | per_class={1: '0.01', 9: '0.94'}
  [Client 17] Finished Hier-pFedMe training for round 1.
  [Client 17] Round 1 | Hier-pFedMe(λ2=35.0,K=3) | loss=7.2296
  [Client 15] Starting Hier-pFedMe training with λ2=35.0, η2=0.02, inner_steps=3 for 1 epochs (113 batches per epoch).
[C15] eval model[0] mean=0.006172 | edge mean=0.006172 |
[C15] n=600 | classes=[0, 8] | acc=0.4750 | per_class={0: '0.17', 8: '0.79'}
[C15]sample: shape=(16, 32, 32, 3), label=[8 8 0 0 8 8 8 0 0 0 8 8 8 8 8 8]
[C15] eval model[0] mean=0.006771 | edge mean=0.006172 |
[C15] n=600 | classes=[0, 8] | acc=0.4917 | per_class={0: '0.00', 8: '1.00'}
  [Client 15] Finished Hier-pFedMe training for round 1.
  [Client 15] Round 1 | Hier-pFedMe(λ2=35.0,K=3) | loss=2.5593
  [Client 12] Starting Hier-pFedMe training with λ2=35.0, η2=0.02, inner_steps=3 for 1 epochs (113 batches per epoch).
[C12] eval model[0] mean=0.006172 | edge mean=0.006172 |
[C12] n=600 | classes=[1, 8] | acc=0.3883 | per_class={1: '0.00', 8: '0.80'}
[C12]sample: shape=(16, 32, 32, 3), label=[1 1 1 8 8 1 8 8 8 1 1 1 1 8 1 8]
[C12] eval model[0] mean=0.006527 | edge mean=0.006172 |
[C12] n=600 | classes=[1, 8] | acc=0.5133 | per_class={1: '1.00', 8: '0.00'}
  [Client 12] Finished Hier-pFedMe training for round 1.
  [Client 12] Round 1 | Hier-pFedMe(λ2=35.0,K=3) | loss=1.9932
  [Client 14] Starting Hier-pFedMe training with λ2=35.0, η2=0.02, inner_steps=3 for 1 epochs (113 batches per epoch).
[C14] eval model[0] mean=0.006172 | edge mean=0.006172 |
[C14] n=600 | classes=[0, 9] | acc=0.1000 | per_class={0: '0.20', 9: '0.00'}
[C14]sample: shape=(16, 32, 32, 3), label=[9 0 0 0 9 9 9 9 0 9 9 9 9 0 0 0]
[C14] eval model[0] mean=0.006457 | edge mean=0.006172 |
[C14] n=600 | classes=[0, 9] | acc=0.5117 | per_class={0: '1.00', 9: '0.00'}
  [Client 14] Finished Hier-pFedMe training for round 1.
  [Client 14] Round 1 | Hier-pFedMe(λ2=35.0,K=3) | loss=2.6609
  [Client 11] Starting Hier-pFedMe training with λ2=35.0, η2=0.02, inner_steps=3 for 1 epochs (113 batches per epoch).
[C11] eval model[0] mean=0.006172 | edge mean=0.006172 |
[C11] n=600 | classes=[0, 1] | acc=0.0733 | per_class={0: '0.15', 1: '0.00'}
[C11]sample: shape=(16, 32, 32, 3), label=[1 0 1 0 0 0 0 0 1 0 0 0 1 0 0 0]
[C11] eval model[0] mean=0.005991 | edge mean=0.006172 |
[C11] n=600 | classes=[0, 1] | acc=0.5000 | per_class={0: '1.00', 1: '0.00'}
  [Client 11] Finished Hier-pFedMe training for round 1.
  [Client 11] Round 1 | Hier-pFedMe(λ2=35.0,K=3) | loss=0.2873
  [Client 10] Starting Hier-pFedMe training with λ2=35.0, η2=0.02, inner_steps=3 for 1 epochs (113 batches per epoch).
[C10] eval model[0] mean=0.006172 | edge mean=0.006172 |
[C10] n=600 | classes=[8, 9] | acc=0.3817 | per_class={8: '0.78', 9: '0.00'}
[C10]sample: shape=(16, 32, 32, 3), label=[8 8 9 9 9 9 8 9 8 9 9 8 8 9 8 8]
[C10] eval model[0] mean=0.006012 | edge mean=0.006172 |
[C10] n=600 | classes=[8, 9] | acc=0.4867 | per_class={8: '1.00', 9: '0.00'}
  [Client 10] Finished Hier-pFedMe training for round 1.
  [Client 10] Round 1 | Hier-pFedMe(λ2=35.0,K=3) | loss=5.0006
  [Edge 1] G1 | E5 | loss=2.7678
[C0] eval model[0] mean=0.007349 | edge mean=0.006607 |
[C0] n=1000 | classes=[3, 6] | acc=0.4470 | per_class={3: '0.79', 6: '0.09'}
[C1] eval model[0] mean=0.006752 | edge mean=0.006607 |
[C1] n=1000 | classes=[3, 6] | acc=0.6040 | per_class={3: '0.29', 6: '0.94'}
[C2] eval model[0] mean=0.007880 | edge mean=0.006607 |
[C2] n=1000 | classes=[2, 5] | acc=0.5070 | per_class={2: '1.00', 5: '0.00'}
[C3] eval model[0] mean=0.005892 | edge mean=0.006607 |
[C3] n=1000 | classes=[5, 7] | acc=0.4940 | per_class={5: '0.00', 7: '1.00'}
[C4] eval model[0] mean=0.007542 | edge mean=0.006607 |
[C4] n=1000 | classes=[2, 7] | acc=0.5060 | per_class={2: '1.00', 7: '0.00'}
[C5] eval model[0] mean=0.006592 | edge mean=0.006607 |
[C5] n=1000 | classes=[2, 4] | acc=0.4960 | per_class={2: '0.02', 4: '0.99'}
[C6] eval model[0] mean=0.006714 | edge mean=0.006607 |
[C6] n=1000 | classes=[6, 7] | acc=0.4930 | per_class={6: '1.00', 7: '0.00'}
[C7] eval model[0] mean=0.007417 | edge mean=0.006607 |
[C7] n=1000 | classes=[3, 5] | acc=0.5460 | per_class={3: '0.34', 5: '0.74'}
[C8] eval model[0] mean=0.006617 | edge mean=0.006607 |
[C8] n=500 | classes=[4] | acc=1.0000 | per_class={4: '1.00'}
[C9] eval model[0] mean=0.006787 | edge mean=0.006607 |
[C9] n=500 | classes=[4] | acc=1.0000 | per_class={4: '1.00'}
[C10] eval model[0] mean=0.006012 | edge mean=0.006172 |
[C10] n=600 | classes=[8, 9] | acc=0.4867 | per_class={8: '1.00', 9: '0.00'}
[C11] eval model[0] mean=0.005991 | edge mean=0.006172 |
[C11] n=600 | classes=[0, 1] | acc=0.5000 | per_class={0: '1.00', 1: '0.00'}
[C12] eval model[0] mean=0.006527 | edge mean=0.006172 |
