2026-04-10 15:28:09.071754: I tensorflow/core/util/port.cc:113] oneDNN custom operations are on. You may see slightly different numerical results due to floating-point round-off errors from different computation orders. To turn them off, set the environment variable `TF_ENABLE_ONEDNN_OPTS=0`.
2026-04-10 15:28:09.110727: E external/local_xla/xla/stream_executor/cuda/cuda_dnn.cc:9261] Unable to register cuDNN factory: Attempting to register factory for plugin cuDNN when one has already been registered
2026-04-10 15:28:09.110773: E external/local_xla/xla/stream_executor/cuda/cuda_fft.cc:607] Unable to register cuFFT factory: Attempting to register factory for plugin cuFFT when one has already been registered
2026-04-10 15:28:09.111585: E external/local_xla/xla/stream_executor/cuda/cuda_blas.cc:1515] Unable to register cuBLAS factory: Attempting to register factory for plugin cuBLAS when one has already been registered
2026-04-10 15:28:15.078964: I tensorflow/core/util/port.cc:113] oneDNN custom operations are on. You may see slightly different numerical results due to floating-point round-off errors from different computation orders. To turn them off, set the environment variable `TF_ENABLE_ONEDNN_OPTS=0`.
2026-04-10 15:28:15.116417: E external/local_xla/xla/stream_executor/cuda/cuda_dnn.cc:9261] Unable to register cuDNN factory: Attempting to register factory for plugin cuDNN when one has already been registered
2026-04-10 15:28:15.116464: E external/local_xla/xla/stream_executor/cuda/cuda_fft.cc:607] Unable to register cuFFT factory: Attempting to register factory for plugin cuFFT when one has already been registered
2026-04-10 15:28:15.117319: E external/local_xla/xla/stream_executor/cuda/cuda_blas.cc:1515] Unable to register cuBLAS factory: Attempting to register factory for plugin cuBLAS when one has already been registered
2026-04-10 15:28:19.837917: I tensorflow/core/util/port.cc:113] oneDNN custom operations are on. You may see slightly different numerical results due to floating-point round-off errors from different computation orders. To turn them off, set the environment variable `TF_ENABLE_ONEDNN_OPTS=0`.
2026-04-10 15:28:19.875913: E external/local_xla/xla/stream_executor/cuda/cuda_dnn.cc:9261] Unable to register cuDNN factory: Attempting to register factory for plugin cuDNN when one has already been registered
2026-04-10 15:28:19.875959: E external/local_xla/xla/stream_executor/cuda/cuda_fft.cc:607] Unable to register cuFFT factory: Attempting to register factory for plugin cuFFT when one has already been registered
2026-04-10 15:28:19.876848: E external/local_xla/xla/stream_executor/cuda/cuda_blas.cc:1515] Unable to register cuBLAS factory: Attempting to register factory for plugin cuBLAS when one has already been registered
2026-04-10 15:28:27.933861: I tensorflow/core/common_runtime/gpu/gpu_device.cc:1929] Created device /job:localhost/replica:0/task:0/device:GPU:0 with 31132 MB memory:  -> device: 0, name: Tesla V100-SXM2-32GB, pci bus id: 0000:8a:00.0, compute capability: 7.0
wandb: [wandb.login()] Loaded credentials for https://api.wandb.ai from /cephyr/users/ziangg/Alvis/.netrc.
wandb: Currently logged in as: 3445339138 (3445339138-kth-royal-institute-of-technology) to https://api.wandb.ai. Use `wandb login --relogin` to force relogin
wandb: setting up run pi6bpbuq
wandb: Tracking run with wandb version 0.25.1
wandb: Run data is saved locally in /cephyr/users/ziangg/Alvis/tf-dpfl/fedavg/wandb/run-20260410_152853-pi6bpbuq
wandb: Run `wandb offline` to turn off syncing.
wandb: Syncing run feddyn-100-40
wandb: ⭐️ View project at https://wandb.ai/3445339138-kth-royal-institute-of-technology/HierFL-cifar10
wandb: 🚀 View run at https://wandb.ai/3445339138-kth-royal-institute-of-technology/HierFL-cifar10/runs/pi6bpbuq
2026-04-10 15:28:57.462229: E tensorflow/core/grappler/optimizers/meta_optimizer.cc:961] layout failed: INVALID_ARGUMENT: Size of values 0 does not match size of permutation 4 @ fanin shape incifar_cnn_3conv/spatial_dropout2d/dropout/SelectV2-2-TransposeNHWCToNCHW-LayoutOptimizer
2026-04-10 15:28:57.656453: I external/local_xla/xla/stream_executor/cuda/cuda_dnn.cc:454] Loaded cuDNN version 8902
2026-04-10 15:28:58.868820: I external/local_xla/xla/service/service.cc:168] XLA service 0x14ae48b01000 initialized for platform CUDA (this does not guarantee that XLA will be used). Devices:
2026-04-10 15:28:58.868874: I external/local_xla/xla/service/service.cc:176]   StreamExecutor device (0): Tesla V100-SXM2-32GB, Compute Capability 7.0
WARNING: All log messages before absl::InitializeLog() is called are written to STDERR
I0000 00:00:1775827738.964766  151418 device_compiler.h:186] Compiled cluster using XLA!  This line is logged at most once for the lifetime of the process.
2026-04-10 15:29:58.522623: E tensorflow/core/grappler/optimizers/meta_optimizer.cc:961] layout failed: INVALID_ARGUMENT: Size of values 0 does not match size of permutation 4 @ fanin shape incifar_cnn_3conv/spatial_dropout2d/dropout/SelectV2-2-TransposeNHWCToNCHW-LayoutOptimizer
2026-04-10 15:31:05.770523: E tensorflow/core/grappler/optimizers/meta_optimizer.cc:961] layout failed: INVALID_ARGUMENT: Size of values 0 does not match size of permutation 4 @ fanin shape incifar_cnn_3conv/spatial_dropout2d/dropout/SelectV2-2-TransposeNHWCToNCHW-LayoutOptimizer
2026-04-10 15:32:56.313472: E tensorflow/core/grappler/optimizers/meta_optimizer.cc:961] layout failed: INVALID_ARGUMENT: Size of values 0 does not match size of permutation 4 @ fanin shape incifar_cnn_3conv/spatial_dropout2d/dropout/SelectV2-2-TransposeNHWCToNCHW-LayoutOptimizer
2026-04-10 15:33:57.102342: E tensorflow/core/grappler/optimizers/meta_optimizer.cc:961] layout failed: INVALID_ARGUMENT: Size of values 0 does not match size of permutation 4 @ fanin shape incifar_cnn_3conv/spatial_dropout2d/dropout/SelectV2-2-TransposeNHWCToNCHW-LayoutOptimizer
2026-04-10 15:34:57.261791: E tensorflow/core/grappler/optimizers/meta_optimizer.cc:961] layout failed: INVALID_ARGUMENT: Size of values 0 does not match size of permutation 4 @ fanin shape incifar_cnn_3conv/spatial_dropout2d/dropout/SelectV2-2-TransposeNHWCToNCHW-LayoutOptimizer
2026-04-10 15:36:20.916134: E tensorflow/core/grappler/optimizers/meta_optimizer.cc:961] layout failed: INVALID_ARGUMENT: Size of values 0 does not match size of permutation 4 @ fanin shape incifar_cnn_3conv/spatial_dropout2d/dropout/SelectV2-2-TransposeNHWCToNCHW-LayoutOptimizer
2026-04-10 15:37:34.060866: E tensorflow/core/grappler/optimizers/meta_optimizer.cc:961] layout failed: INVALID_ARGUMENT: Size of values 0 does not match size of permutation 4 @ fanin shape incifar_cnn_3conv/spatial_dropout2d/dropout/SelectV2-2-TransposeNHWCToNCHW-LayoutOptimizer
wandb: updating run metadata
wandb: uploading history steps 9-9, summary, console lines 3723-3735; uploading wandb-summary.json; uploading config.yaml; uploading output.log
wandb: uploading wandb-summary.json; uploading config.yaml; uploading output.log
wandb: uploading data
wandb: 
wandb: Run history:
wandb: comm/client_edge_mb ▁▁▁▁▁▁▁▁▁▁
wandb:  comm/cloud_edge_mb ▁▁▁▁▁▁▁▁▁▁
wandb:  comm/this_round_mb ▁▁▁▁▁▁▁▁▁▁
wandb:       comm/total_mb ▁▂▃▃▄▅▆▆▇█
wandb:  perf/avg_edge_loss █▄▃▂▂▁▁▁▁▁
wandb:     perf/global_acc ▁▆▇▇▇█████
wandb:    perf/global_loss █▃▂▂▂▁▁▁▁▁
wandb:               round ▁▂▃▃▄▅▆▆▇█
wandb:   time/client_avg_s █▁▁▁▁▁▁▁▁▁
wandb:  time/round_total_s █▁▁▁▁▁▁▁▁▁
wandb:                  +1 ...
wandb: 
wandb: Run summary:
wandb: comm/client_edge_mb 22334.26666
wandb:  comm/cloud_edge_mb 89.33707
wandb:  comm/this_round_mb 22423.60373
wandb:       comm/total_mb 224236.03729
wandb:  perf/avg_edge_loss 0.0919
wandb:     perf/global_acc 0.8013
wandb:    perf/global_loss 0.65975
wandb:               round 10
wandb:   time/client_avg_s 0.94046
wandb:  time/round_total_s 352.15471
wandb:                  +1 ...
wandb: 
wandb: 🚀 View run feddyn-100-40 at: https://wandb.ai/3445339138-kth-royal-institute-of-technology/HierFL-cifar10/runs/pi6bpbuq
wandb: ⭐️ View project at: https://wandb.ai/3445339138-kth-royal-institute-of-technology/HierFL-cifar10
wandb: Synced 5 W&B file(s), 0 media file(s), 0 artifact file(s) and 0 other file(s)
wandb: Find logs at: ./wandb/run-20260410_152853-pi6bpbuq/logs
