2026-04-09 01:28:56.447723: I tensorflow/core/util/port.cc:113] oneDNN custom operations are on. You may see slightly different numerical results due to floating-point round-off errors from different computation orders. To turn them off, set the environment variable `TF_ENABLE_ONEDNN_OPTS=0`.
2026-04-09 01:28:56.794399: E external/local_xla/xla/stream_executor/cuda/cuda_dnn.cc:9261] Unable to register cuDNN factory: Attempting to register factory for plugin cuDNN when one has already been registered
2026-04-09 01:28:56.794440: E external/local_xla/xla/stream_executor/cuda/cuda_fft.cc:607] Unable to register cuFFT factory: Attempting to register factory for plugin cuFFT when one has already been registered
2026-04-09 01:28:56.887997: E external/local_xla/xla/stream_executor/cuda/cuda_blas.cc:1515] Unable to register cuBLAS factory: Attempting to register factory for plugin cuBLAS when one has already been registered
2026-04-09 01:29:07.952584: I tensorflow/core/util/port.cc:113] oneDNN custom operations are on. You may see slightly different numerical results due to floating-point round-off errors from different computation orders. To turn them off, set the environment variable `TF_ENABLE_ONEDNN_OPTS=0`.
2026-04-09 01:29:07.992899: E external/local_xla/xla/stream_executor/cuda/cuda_dnn.cc:9261] Unable to register cuDNN factory: Attempting to register factory for plugin cuDNN when one has already been registered
2026-04-09 01:29:07.995065: E external/local_xla/xla/stream_executor/cuda/cuda_fft.cc:607] Unable to register cuFFT factory: Attempting to register factory for plugin cuFFT when one has already been registered
2026-04-09 01:29:07.998319: E external/local_xla/xla/stream_executor/cuda/cuda_blas.cc:1515] Unable to register cuBLAS factory: Attempting to register factory for plugin cuBLAS when one has already been registered
2026-04-09 01:29:15.377159: I tensorflow/core/util/port.cc:113] oneDNN custom operations are on. You may see slightly different numerical results due to floating-point round-off errors from different computation orders. To turn them off, set the environment variable `TF_ENABLE_ONEDNN_OPTS=0`.
2026-04-09 01:29:15.413951: E external/local_xla/xla/stream_executor/cuda/cuda_dnn.cc:9261] Unable to register cuDNN factory: Attempting to register factory for plugin cuDNN when one has already been registered
2026-04-09 01:29:15.413990: E external/local_xla/xla/stream_executor/cuda/cuda_fft.cc:607] Unable to register cuFFT factory: Attempting to register factory for plugin cuFFT when one has already been registered
2026-04-09 01:29:15.414816: E external/local_xla/xla/stream_executor/cuda/cuda_blas.cc:1515] Unable to register cuBLAS factory: Attempting to register factory for plugin cuBLAS when one has already been registered
2026-04-09 01:29:25.508663: I tensorflow/core/common_runtime/gpu/gpu_device.cc:1929] Created device /job:localhost/replica:0/task:0/device:GPU:0 with 43681 MB memory:  -> device: 0, name: NVIDIA A40, pci bus id: 0000:b1:00.0, compute capability: 8.6
wandb: [wandb.login()] Loaded credentials for https://api.wandb.ai from /cephyr/users/ziangg/Alvis/.netrc.
wandb: Currently logged in as: 3445339138 (3445339138-kth-royal-institute-of-technology) to https://api.wandb.ai. Use `wandb login --relogin` to force relogin
wandb: setting up run 5bjlb4g3
wandb: Tracking run with wandb version 0.25.1
wandb: Run data is saved locally in /cephyr/users/ziangg/Alvis/tf-dpfl/fedavg/wandb/run-20260409_013007-5bjlb4g3
wandb: Run `wandb offline` to turn off syncing.
wandb: Syncing run HierWRN164prox_mu=1.0_client=50_edge=5_rounds=10_edge rounds=5_localepoch=6_0.5_frac=0.7_hs
wandb: ⭐️ View project at https://wandb.ai/3445339138-kth-royal-institute-of-technology/HierFL-cifar10
wandb: 🚀 View run at https://wandb.ai/3445339138-kth-royal-institute-of-technology/HierFL-cifar10/runs/5bjlb4g3
2026-04-09 01:30:13.577344: E tensorflow/core/grappler/optimizers/meta_optimizer.cc:961] layout failed: INVALID_ARGUMENT: Size of values 0 does not match size of permutation 4 @ fanin shape inwideresnet28_4/dropout/dropout/SelectV2-2-TransposeNHWCToNCHW-LayoutOptimizer
2026-04-09 01:30:14.392835: I external/local_xla/xla/stream_executor/cuda/cuda_dnn.cc:454] Loaded cuDNN version 8902
2026-04-09 01:30:16.835641: I external/local_xla/xla/service/service.cc:168] XLA service 0x14acd980c2b0 initialized for platform CUDA (this does not guarantee that XLA will be used). Devices:
2026-04-09 01:30:16.839199: I external/local_xla/xla/service/service.cc:176]   StreamExecutor device (0): NVIDIA A40, Compute Capability 8.6
WARNING: All log messages before absl::InitializeLog() is called are written to STDERR
I0000 00:00:1775691016.990797 1518864 device_compiler.h:186] Compiled cluster using XLA!  This line is logged at most once for the lifetime of the process.
2026-04-09 01:31:18.623235: E tensorflow/core/grappler/optimizers/meta_optimizer.cc:961] layout failed: INVALID_ARGUMENT: Size of values 0 does not match size of permutation 4 @ fanin shape inwideresnet28_4/dropout/dropout/SelectV2-2-TransposeNHWCToNCHW-LayoutOptimizer
slurmstepd: error: *** JOB 6364202 ON alvis6-02 CANCELLED AT 2026-04-09T01:31:50 ***
