2026-05-21 00:58:45.557731: I tensorflow/core/util/port.cc:113] oneDNN custom operations are on. You may see slightly different numerical results due to floating-point round-off errors from different computation orders. To turn them off, set the environment variable `TF_ENABLE_ONEDNN_OPTS=0`.
2026-05-21 00:58:45.593657: E external/local_xla/xla/stream_executor/cuda/cuda_dnn.cc:9261] Unable to register cuDNN factory: Attempting to register factory for plugin cuDNN when one has already been registered
2026-05-21 00:58:45.593689: E external/local_xla/xla/stream_executor/cuda/cuda_fft.cc:607] Unable to register cuFFT factory: Attempting to register factory for plugin cuFFT when one has already been registered
2026-05-21 00:58:45.594477: E external/local_xla/xla/stream_executor/cuda/cuda_blas.cc:1515] Unable to register cuBLAS factory: Attempting to register factory for plugin cuBLAS when one has already been registered
AttributeError: 'MessageFactory' object has no attribute 'GetPrototype'
AttributeError: 'MessageFactory' object has no attribute 'GetPrototype'
AttributeError: 'MessageFactory' object has no attribute 'GetPrototype'
AttributeError: 'MessageFactory' object has no attribute 'GetPrototype'
AttributeError: 'MessageFactory' object has no attribute 'GetPrototype'
2026-05-21 00:58:53.930369: I tensorflow/core/util/port.cc:113] oneDNN custom operations are on. You may see slightly different numerical results due to floating-point round-off errors from different computation orders. To turn them off, set the environment variable `TF_ENABLE_ONEDNN_OPTS=0`.
2026-05-21 00:58:53.966611: E external/local_xla/xla/stream_executor/cuda/cuda_dnn.cc:9261] Unable to register cuDNN factory: Attempting to register factory for plugin cuDNN when one has already been registered
2026-05-21 00:58:53.966647: E external/local_xla/xla/stream_executor/cuda/cuda_fft.cc:607] Unable to register cuFFT factory: Attempting to register factory for plugin cuFFT when one has already been registered
2026-05-21 00:58:53.967437: E external/local_xla/xla/stream_executor/cuda/cuda_blas.cc:1515] Unable to register cuBLAS factory: Attempting to register factory for plugin cuBLAS when one has already been registered
AttributeError: 'MessageFactory' object has no attribute 'GetPrototype'
AttributeError: 'MessageFactory' object has no attribute 'GetPrototype'
AttributeError: 'MessageFactory' object has no attribute 'GetPrototype'
AttributeError: 'MessageFactory' object has no attribute 'GetPrototype'
AttributeError: 'MessageFactory' object has no attribute 'GetPrototype'
2026-05-21 00:59:00.089918: I tensorflow/core/util/port.cc:113] oneDNN custom operations are on. You may see slightly different numerical results due to floating-point round-off errors from different computation orders. To turn them off, set the environment variable `TF_ENABLE_ONEDNN_OPTS=0`.
2026-05-21 00:59:00.125560: E external/local_xla/xla/stream_executor/cuda/cuda_dnn.cc:9261] Unable to register cuDNN factory: Attempting to register factory for plugin cuDNN when one has already been registered
2026-05-21 00:59:00.125601: E external/local_xla/xla/stream_executor/cuda/cuda_fft.cc:607] Unable to register cuFFT factory: Attempting to register factory for plugin cuFFT when one has already been registered
2026-05-21 00:59:00.126392: E external/local_xla/xla/stream_executor/cuda/cuda_blas.cc:1515] Unable to register cuBLAS factory: Attempting to register factory for plugin cuBLAS when one has already been registered
AttributeError: 'MessageFactory' object has no attribute 'GetPrototype'
AttributeError: 'MessageFactory' object has no attribute 'GetPrototype'
AttributeError: 'MessageFactory' object has no attribute 'GetPrototype'
AttributeError: 'MessageFactory' object has no attribute 'GetPrototype'
AttributeError: 'MessageFactory' object has no attribute 'GetPrototype'
2026-05-21 00:59:09.025388: I tensorflow/core/common_runtime/gpu/gpu_device.cc:1929] Created device /job:localhost/replica:0/task:0/device:GPU:0 with 43683 MB memory:  -> device: 0, name: NVIDIA A40, pci bus id: 0000:b1:00.0, compute capability: 8.6
wandb: [wandb.login()] Loaded credentials for https://api.wandb.ai from /cephyr/users/ziangg/Alvis/.netrc.
wandb: Currently logged in as: 3445339138 (3445339138-kth-royal-institute-of-technology) to https://api.wandb.ai. Use `wandb login --relogin` to force relogin
wandb: setting up run qew2mfee
wandb: Tracking run with wandb version 0.26.1
wandb: Run data is saved locally in /cephyr/users/ziangg/Alvis/tf-dpfl/fedavg/wandb/run-20260521_005919-qew2mfee
wandb: Run `wandb offline` to turn off syncing.
wandb: Syncing run final0_hierpfedme_c20_localepoch_1_semantic_superclass_pathological_classesperclient_2
wandb: ⭐️ View project at https://wandb.ai/3445339138-kth-royal-institute-of-technology/HierFL-cifar10
wandb: 🚀 View run at https://wandb.ai/3445339138-kth-royal-institute-of-technology/HierFL-cifar10/runs/qew2mfee
2026-05-21 00:59:24.476954: I external/local_xla/xla/stream_executor/cuda/cuda_dnn.cc:454] Loaded cuDNN version 8902
2026-05-21 00:59:24.751329: I external/local_xla/xla/service/service.cc:168] XLA service 0x1446b4912cd0 initialized for platform CUDA (this does not guarantee that XLA will be used). Devices:
2026-05-21 00:59:24.751366: I external/local_xla/xla/service/service.cc:176]   StreamExecutor device (0): NVIDIA A40, Compute Capability 8.6
WARNING: All log messages before absl::InitializeLog() is called are written to STDERR
I0000 00:00:1779317964.809938 2254252 device_compiler.h:186] Compiled cluster using XLA!  This line is logged at most once for the lifetime of the process.
slurmstepd: error: *** JOB 6656414 ON alvis9-01 CANCELLED AT 2026-05-21T01:02:26 ***
