This job can be monitored from: https://job.c3se.chalmers.se/alvis/6635875
========================================
Job ID      : 6635875
Job Name    : HierFLcifar10
Node        : alvis9-05
Start Time  : Fri May 15 13:07:50 CEST 2026
Working Dir : /cephyr/users/ziangg/Alvis/tf-dpfl
========================================
[Setup] Python: /cephyr/users/ziangg/Alvis/tf-dpfl/bin/python
[Setup] TF version: 2.15.1
[Setup] GPU available: [PhysicalDevice(name='/physical_device:GPU:0', device_type='GPU')]
[Config] Override: wandb.enabled = True
[Setup] Random seed: 42
[Setup] Loading dataset...
[Data] CIFAR-10 from Mimer: /mimer/NOBACKUP/Datasets/CIFAR
[Setup] Building global model...
Model: "cifar_cnn_3conv"
_________________________________________________________________
 Layer (type)                Output Shape              Param #   
=================================================================
 input_1 (InputLayer)        [(None, 32, 32, 3)]       0         
                                                                 
 conv2d (Conv2D)             (None, 32, 32, 32)        896       
                                                                 
 batch_normalization (Batch  (None, 32, 32, 32)        128       
 Normalization)                                                  
                                                                 
 re_lu (ReLU)                (None, 32, 32, 32)        0         
                                                                 
 conv2d_1 (Conv2D)           (None, 32, 32, 64)        18496     
                                                                 
 batch_normalization_1 (Bat  (None, 32, 32, 64)        256       
 chNormalization)                                                
                                                                 
 re_lu_1 (ReLU)              (None, 32, 32, 64)        0         
                                                                 
 max_pooling2d (MaxPooling2  (None, 16, 16, 64)        0         
 D)                                                              
                                                                 
 conv2d_2 (Conv2D)           (None, 16, 16, 128)       73856     
                                                                 
 batch_normalization_2 (Bat  (None, 16, 16, 128)       512       
 chNormalization)                                                
                                                                 
 re_lu_2 (ReLU)              (None, 16, 16, 128)       0         
                                                                 
 conv2d_3 (Conv2D)           (None, 16, 16, 128)       147584    
                                                                 
 batch_normalization_3 (Bat  (None, 16, 16, 128)       512       
 chNormalization)                                                
                                                                 
 re_lu_3 (ReLU)              (None, 16, 16, 128)       0         
                                                                 
 max_pooling2d_1 (MaxPoolin  (None, 8, 8, 128)         0         
 g2D)                                                            
                                                                 
 spatial_dropout2d (Spatial  (None, 8, 8, 128)         0         
 Dropout2D)                                                      
                                                                 
 conv2d_4 (Conv2D)           (None, 8, 8, 256)         295168    
                                                                 
 batch_normalization_4 (Bat  (None, 8, 8, 256)         1024      
 chNormalization)                                                
                                                                 
 re_lu_4 (ReLU)              (None, 8, 8, 256)         0         
                                                                 
 conv2d_5 (Conv2D)           (None, 8, 8, 256)         590080    
                                                                 
 batch_normalization_5 (Bat  (None, 8, 8, 256)         1024      
 chNormalization)                                                
                                                                 
 re_lu_5 (ReLU)              (None, 8, 8, 256)         0         
                                                                 
 max_pooling2d_2 (MaxPoolin  (None, 4, 4, 256)         0         
 g2D)                                                            
                                                                 
 flatten (Flatten)           (None, 4096)              0         
                                                                 
 dropout (Dropout)           (None, 4096)              0         
                                                                 
 dense (Dense)               (None, 1024)              4195328   
                                                                 
 dense_1 (Dense)             (None, 512)               524800    
                                                                 
 dropout_1 (Dropout)         (None, 512)               0         
                                                                 
 dense_2 (Dense)             (None, 10)                5130      
                                                                 
=================================================================
Total params: 5854794 (22.33 MB)
Trainable params: 5853066 (22.33 MB)
Non-trainable params: 1728 (6.75 KB)
_________________________________________________________________
[Setup] Building clients...

[Superclass-aware partition] 2 edges, 2 classes/client

  Edge 0 (class pool: [2, 3, 4, 5, 6, 7]):
  Client       Samples    Classes held                        Out-of-pool?
  ---------------------------------------------------------------------------
  client_0     4000       [3, 6]                              OK
  client_1     4000       [3, 6]                              OK
  client_2     4000       [2, 5]                              OK
  client_3     4000       [5, 7]                              OK
  client_4     4000       [2, 7]                              OK
  client_5     4000       [2, 4]                              OK
  client_6     4000       [6, 7]                              OK
  client_7     4000       [3, 5]                              OK
  client_8     2000       [4]                                 OK
  client_9     2000       [4]                                 OK

  Edge 1 (class pool: [0, 1, 8, 9]):
  Client       Samples    Classes held                        Out-of-pool?
  ---------------------------------------------------------------------------
  client_10    2400       [8, 9]                              OK
  client_11    2400       [0, 1]                              OK
  client_12    2400       [1, 8]                              OK
  client_13    2400       [0, 8]                              OK
  client_14    2400       [0, 9]                              OK
  client_15    2400       [0, 8]                              OK
  client_16    2400       [1, 8]                              OK
  client_17    2400       [1, 9]                              OK
  client_18    2400       [1, 9]                              OK
  client_19    2400       [0, 9]                              OK

[Train/Test split] 20 clients | avg train=2250, avg test=750 samples (ratio=0.25)
[Setup] 20 clients built (superclass_pathological) | per-client test sets injected
[Setup] Building edge servers...
[Assignment] Using pre-baked superclass assignments | 2 edges
[EdgeServer 0] 10 clients | 27000 samples
[EdgeServer 1] 10 clients | 18000 samples

[Setup] Built 2 edge servers (strategy=superclass_baked)
  Edge 0: 10 clients | 27000 samples
  Edge 1: 10 clients | 18000 samples
[Setup] Building per-edge test datasets (superclass-aware)...
[CloudServer] 2 edges | model: 22.33 MB

====================================================
 HierFAVG Training Start
====================================================

[Round   1] Broadcasting to 2 edges...
  [Edge 0] W_n reset to global weights for new round.
  [Edge 1] W_n reset to global weights for new round.
  [Edge 0] G1 | E1 | Hier-pFedMe | Selected 10/10
  [Client  3] Received edge weights.
  [Client  6] Received edge weights.
  [Client  9] Received edge weights.
  [Client  8] Received edge weights.
  [Client  7] Received edge weights.
  [Client  1] Received edge weights.
  [Client  4] Received edge weights.
  [Client  0] Received edge weights.
  [Client  5] Received edge weights.
  [Client  2] Received edge weights.
  [Client  3] Starting Hier-pFedMe training with λ2=35.0, η2=0.02, inner_steps=3 for 1 epochs (188 batches per epoch).
  [Client  6] Starting Hier-pFedMe training with λ2=35.0, η2=0.02, inner_steps=3 for 1 epochs (188 batches per epoch).
  [Client  8] Starting Hier-pFedMe training with λ2=35.0, η2=0.02, inner_steps=3 for 1 epochs (94 batches per epoch).
  [Client  9] Starting Hier-pFedMe training with λ2=35.0, η2=0.02, inner_steps=3 for 1 epochs (94 batches per epoch).
[C8] eval model[0] mean=0.000679 | edge mean=0.000679 |
[C3] eval model[0] mean=0.000679 | edge mean=0.000679 |
[C9] eval model[0] mean=0.000679 | edge mean=0.000679 |
[C6] eval model[0] mean=0.000679 | edge mean=0.000679 |
[C8] n=500 | classes=[4] | acc=0.0000 | per_class={4: '0.00'}
[C9] n=500 | classes=[4] | acc=0.0000 | per_class={4: '0.00'}
[C6] n=1000 | classes=[6, 7] | acc=0.0000 | per_class={6: '0.00', 7: '0.00'}
[C3] n=1000 | classes=[5, 7] | acc=0.5060 | per_class={5: '1.00', 7: '0.00'}
[C6] eval model[0] mean=0.000029 | edge mean=0.000679 |
[C9] eval model[0] mean=0.000897 | edge mean=0.000679 |
[C8] eval model[0] mean=0.001568 | edge mean=0.000679 |
[C3] eval model[0] mean=0.000289 | edge mean=0.000679 |
[C9] n=500 | classes=[4] | acc=1.0000 | per_class={4: '1.00'}
  [Client  9] Finished Hier-pFedMe training for round 1.
[C8] n=500 | classes=[4] | acc=1.0000 | per_class={4: '1.00'}
  [Client  8] Finished Hier-pFedMe training for round 1.
  [Client  9] Round 1 | Hier-pFedMe(λ2=35.0,K=3) | loss=0.0000
  [Client  8] Round 1 | Hier-pFedMe(λ2=35.0,K=3) | loss=0.0000
  [Client  7] Starting Hier-pFedMe training with λ2=35.0, η2=0.02, inner_steps=3 for 1 epochs (188 batches per epoch).
  [Client  1] Starting Hier-pFedMe training with λ2=35.0, η2=0.02, inner_steps=3 for 1 epochs (188 batches per epoch).
[C7] eval model[0] mean=0.000679 | edge mean=0.000679 |
[C1] eval model[0] mean=0.000679 | edge mean=0.000679 |
[C6] n=1000 | classes=[6, 7] | acc=0.5070 | per_class={6: '0.00', 7: '1.00'}
  [Client  6] Finished Hier-pFedMe training for round 1.
  [Client  6] Round 1 | Hier-pFedMe(λ2=35.0,K=3) | loss=4.1949
[C3] n=1000 | classes=[5, 7] | acc=0.5050 | per_class={5: '1.00', 7: '0.00'}
  [Client  3] Finished Hier-pFedMe training for round 1.
  [Client  3] Round 1 | Hier-pFedMe(λ2=35.0,K=3) | loss=15.2892
  [Client  4] Starting Hier-pFedMe training with λ2=35.0, η2=0.02, inner_steps=3 for 1 epochs (188 batches per epoch).
[C4] eval model[0] mean=0.000679 | edge mean=0.000679 |
  [Client  0] Starting Hier-pFedMe training with λ2=35.0, η2=0.02, inner_steps=3 for 1 epochs (188 batches per epoch).
[C0] eval model[0] mean=0.000679 | edge mean=0.000679 |
[C1] n=1000 | classes=[3, 6] | acc=0.0000 | per_class={3: '0.00', 6: '0.00'}
[C7] n=1000 | classes=[3, 5] | acc=0.5140 | per_class={3: '0.00', 5: '1.00'}
[C4] n=1000 | classes=[2, 7] | acc=0.0000 | per_class={2: '0.00', 7: '0.00'}
[C0] n=1000 | classes=[3, 6] | acc=0.0000 | per_class={3: '0.00', 6: '0.00'}
[C1] eval model[0] mean=0.000264 | edge mean=0.000679 |
[C7] eval model[0] mean=0.001164 | edge mean=0.000679 |
[C4] eval model[0] mean=0.000991 | edge mean=0.000679 |
[C0] eval model[0] mean=0.001470 | edge mean=0.000679 |
[C1] n=1000 | classes=[3, 6] | acc=0.5150 | per_class={3: '1.00', 6: '0.00'}
  [Client  1] Finished Hier-pFedMe training for round 1.
[C7] n=1000 | classes=[3, 5] | acc=0.4180 | per_class={3: '0.09', 5: '0.72'}
  [Client  7] Finished Hier-pFedMe training for round 1.
  [Client  1] Round 1 | Hier-pFedMe(λ2=35.0,K=3) | loss=13.8560
  [Client  7] Round 1 | Hier-pFedMe(λ2=35.0,K=3) | loss=17.8741
  [Client  5] Starting Hier-pFedMe training with λ2=35.0, η2=0.02, inner_steps=3 for 1 epochs (188 batches per epoch).
  [Client  2] Starting Hier-pFedMe training with λ2=35.0, η2=0.02, inner_steps=3 for 1 epochs (188 batches per epoch).[C5] eval model[0] mean=0.000679 | edge mean=0.000679 |

[C2] eval model[0] mean=0.000679 | edge mean=0.000679 |
[C4] n=1000 | classes=[2, 7] | acc=0.5120 | per_class={2: '0.06', 7: '0.97'}
  [Client  4] Finished Hier-pFedMe training for round 1.
[C0] n=1000 | classes=[3, 6] | acc=0.4890 | per_class={3: '0.00', 6: '1.00'}
  [Client  4] Round 1 | Hier-pFedMe(λ2=35.0,K=3) | loss=14.4580  [Client  0] Finished Hier-pFedMe training for round 1.

  [Client  0] Round 1 | Hier-pFedMe(λ2=35.0,K=3) | loss=21.7354
[C5] n=1000 | classes=[2, 4] | acc=0.0000 | per_class={2: '0.00', 4: '0.00'}
[C2] n=1000 | classes=[2, 5] | acc=0.4950 | per_class={2: '0.00', 5: '1.00'}
[C5] eval model[0] mean=-0.002711 | edge mean=0.000679 |
[C2] eval model[0] mean=0.001513 | edge mean=0.000679 |
[C5] n=1000 | classes=[2, 4] | acc=0.5070 | per_class={2: '0.99', 4: '0.00'}
  [Client  5] Finished Hier-pFedMe training for round 1.
[C2] n=1000 | classes=[2, 5] | acc=0.4990 | per_class={2: '0.98', 5: '0.00'}  [Client  5] Round 1 | Hier-pFedMe(λ2=35.0,K=3) | loss=16.1910

  [Client  2] Finished Hier-pFedMe training for round 1.
  [Client  2] Round 1 | Hier-pFedMe(λ2=35.0,K=3) | loss=14.3374
  [Edge 0] G1 | E1 | loss=13.1040
  [Edge 0] G1 | E2 | Hier-pFedMe | Selected 10/10
  [Client  3] Received edge weights.
  [Client  0] Received edge weights.
  [Client  7] Received edge weights.
  [Client  9] Received edge weights.
  [Client  6] Received edge weights.
  [Client  4] Received edge weights.
  [Client  2] Received edge weights.
  [Client  8] Received edge weights.
  [Client  5] Received edge weights.
  [Client  1] Received edge weights.
  [Client  7] Starting Hier-pFedMe training with λ2=35.0, η2=0.02, inner_steps=3 for 1 epochs (188 batches per epoch).  [Client  3] Starting Hier-pFedMe training with λ2=35.0, η2=0.02, inner_steps=3 for 1 epochs (188 batches per epoch).  [Client  9] Starting Hier-pFedMe training with λ2=35.0, η2=0.02, inner_steps=3 for 1 epochs (94 batches per epoch).  [Client  0] Starting Hier-pFedMe training with λ2=35.0, η2=0.02, inner_steps=3 for 1 epochs (188 batches per epoch).



[C7] eval model[0] mean=0.000587 | edge mean=0.000587 |[C3] eval model[0] mean=0.000587 | edge mean=0.000587 |[C9] eval model[0] mean=0.000587 | edge mean=0.000587 |[C0] eval model[0] mean=0.000587 | edge mean=0.000587 |



[C9] n=500 | classes=[4] | acc=0.9740 | per_class={4: '0.97'}
[C9] eval model[0] mean=-0.000606 | edge mean=0.000587 |
[C7] n=1000 | classes=[3, 5] | acc=0.0140 | per_class={3: '0.00', 5: '0.03'}[C3] n=1000 | classes=[5, 7] | acc=0.0290 | per_class={5: '0.02', 7: '0.04'}
[C0] n=1000 | classes=[3, 6] | acc=0.0000 | per_class={3: '0.00', 6: '0.00'}

[C9] n=500 | classes=[4] | acc=1.0000 | per_class={4: '1.00'}[C7] eval model[0] mean=0.002409 | edge mean=0.000587 |[C3] eval model[0] mean=0.001582 | edge mean=0.000587 |
[C0] eval model[0] mean=0.000250 | edge mean=0.000587 |

  [Client  9] Finished Hier-pFedMe training for round 1.

  [Client  9] Round 1 | Hier-pFedMe(λ2=35.0,K=3) | loss=0.0000
  [Client  6] Starting Hier-pFedMe training with λ2=35.0, η2=0.02, inner_steps=3 for 1 epochs (188 batches per epoch).
[C6] eval model[0] mean=0.000587 | edge mean=0.000587 |
[C7] n=1000 | classes=[3, 5] | acc=0.5150 | per_class={3: '0.00', 5: '1.00'}[C3] n=1000 | classes=[5, 7] | acc=0.5660 | per_class={5: '0.63', 7: '0.50'}
[C0] n=1000 | classes=[3, 6] | acc=0.4970 | per_class={3: '0.02', 6: '0.99'}
  [Client  7] Finished Hier-pFedMe training for round 1.[C6] n=1000 | classes=[6, 7] | acc=0.0200 | per_class={6: '0.00', 7: '0.04'}
  [Client  3] Finished Hier-pFedMe training for round 1.

  [Client  0] Finished Hier-pFedMe training for round 1.
  [Client  7] Round 1 | Hier-pFedMe(λ2=35.0,K=3) | loss=0.5485
[C6] eval model[0] mean=0.001864 | edge mean=0.000587 |  [Client  3] Round 1 | Hier-pFedMe(λ2=35.0,K=3) | loss=0.2478
  [Client  0] Round 1 | Hier-pFedMe(λ2=35.0,K=3) | loss=0.3196


  [Client  4] Starting Hier-pFedMe training with λ2=35.0, η2=0.02, inner_steps=3 for 1 epochs (188 batches per epoch).
  [Client  2] Starting Hier-pFedMe training with λ2=35.0, η2=0.02, inner_steps=3 for 1 epochs (188 batches per epoch).
[C4] eval model[0] mean=0.000587 | edge mean=0.000587 |  [Client  8] Starting Hier-pFedMe training with λ2=35.0, η2=0.02, inner_steps=3 for 1 epochs (94 batches per epoch).
[C2] eval model[0] mean=0.000587 | edge mean=0.000587 |

[C8] eval model[0] mean=0.000587 | edge mean=0.000587 |
[C8] n=500 | classes=[4] | acc=0.9760 | per_class={4: '0.98'}
[C8] eval model[0] mean=0.002583 | edge mean=0.000587 |
[C6] n=1000 | classes=[6, 7] | acc=0.5200 | per_class={6: '0.08', 7: '0.94'}
  [Client  6] Finished Hier-pFedMe training for round 1.
  [Client  6] Round 1 | Hier-pFedMe(λ2=35.0,K=3) | loss=5.8681
[C4] n=1000 | classes=[2, 7] | acc=0.0240 | per_class={2: '0.01', 7: '0.04'}  [Client  5] Starting Hier-pFedMe training with λ2=35.0, η2=0.02, inner_steps=3 for 1 epochs (188 batches per epoch).

[C2] n=1000 | classes=[2, 5] | acc=0.0190 | per_class={2: '0.01', 5: '0.03'}[C4] eval model[0] mean=-0.000621 | edge mean=0.000587 |
[C5] eval model[0] mean=0.000587 | edge mean=0.000587 |

[C8] n=500 | classes=[4] | acc=1.0000 | per_class={4: '1.00'}[C2] eval model[0] mean=0.000355 | edge mean=0.000587 |

  [Client  8] Finished Hier-pFedMe training for round 1.
  [Client  8] Round 1 | Hier-pFedMe(λ2=35.0,K=3) | loss=0.0000
  [Client  1] Starting Hier-pFedMe training with λ2=35.0, η2=0.02, inner_steps=3 for 1 epochs (188 batches per epoch).
[C1] eval model[0] mean=0.000587 | edge mean=0.000587 |
[C5] n=1000 | classes=[2, 4] | acc=0.4830 | per_class={2: '0.01', 4: '0.98'}
[C4] n=1000 | classes=[2, 7] | acc=0.5070 | per_class={2: '1.00', 7: '0.00'}
  [Client  4] Finished Hier-pFedMe training for round 1.[C5] eval model[0] mean=0.000736 | edge mean=0.000587 |

[C2] n=1000 | classes=[2, 5] | acc=0.5070 | per_class={2: '1.00', 5: '0.00'}
  [Client  4] Round 1 | Hier-pFedMe(λ2=35.0,K=3) | loss=0.6883
  [Client  2] Finished Hier-pFedMe training for round 1.
  [Client  2] Round 1 | Hier-pFedMe(λ2=35.0,K=3) | loss=0.5135
[C1] n=1000 | classes=[3, 6] | acc=0.0000 | per_class={3: '0.00', 6: '0.00'}
[C1] eval model[0] mean=0.000185 | edge mean=0.000587 |
[C5] n=1000 | classes=[2, 4] | acc=0.4900 | per_class={2: '0.00', 4: '1.00'}
  [Client  5] Finished Hier-pFedMe training for round 1.
  [Client  5] Round 1 | Hier-pFedMe(λ2=35.0,K=3) | loss=0.4051
[C1] n=1000 | classes=[3, 6] | acc=0.4850 | per_class={3: '0.00', 6: '1.00'}
  [Client  1] Finished Hier-pFedMe training for round 1.
  [Client  1] Round 1 | Hier-pFedMe(λ2=35.0,K=3) | loss=2.3825
  [Edge 0] G1 | E2 | loss=1.2193
  [Edge 0] G1 | E3 | Hier-pFedMe | Selected 10/10
  [Client  9] Received edge weights.
  [Client  7] Received edge weights.
  [Client  8] Received edge weights.
  [Client  6] Received edge weights.
  [Client  4] Received edge weights.
  [Client  1] Received edge weights.
  [Client  0] Received edge weights.
  [Client  3] Received edge weights.
  [Client  5] Received edge weights.
  [Client  2] Received edge weights.
  [Client  8] Starting Hier-pFedMe training with λ2=35.0, η2=0.02, inner_steps=3 for 1 epochs (94 batches per epoch).  [Client  6] Starting Hier-pFedMe training with λ2=35.0, η2=0.02, inner_steps=3 for 1 epochs (188 batches per epoch).
  [Client  7] Starting Hier-pFedMe training with λ2=35.0, η2=0.02, inner_steps=3 for 1 epochs (188 batches per epoch).  [Client  9] Starting Hier-pFedMe training with λ2=35.0, η2=0.02, inner_steps=3 for 1 epochs (94 batches per epoch).
[C8] eval model[0] mean=0.000807 | edge mean=0.000807 |

[C6] eval model[0] mean=0.000807 | edge mean=0.000807 |
[C7] eval model[0] mean=0.000807 | edge mean=0.000807 |[C9] eval model[0] mean=0.000807 | edge mean=0.000807 |


[C8] n=500 | classes=[4] | acc=1.0000 | per_class={4: '1.00'}
[C8] eval model[0] mean=0.001241 | edge mean=0.000807 |
[C9] n=500 | classes=[4] | acc=1.0000 | per_class={4: '1.00'}
[C9] eval model[0] mean=0.000379 | edge mean=0.000807 |
[C8] n=500 | classes=[4] | acc=1.0000 | per_class={4: '1.00'}[C6] n=1000 | classes=[6, 7] | acc=0.0000 | per_class={6: '0.00', 7: '0.00'}[C7] n=1000 | classes=[3, 5] | acc=0.0000 | per_class={3: '0.00', 5: '0.00'}


  [Client  8] Finished Hier-pFedMe training for round 1.[C9] n=500 | classes=[4] | acc=1.0000 | per_class={4: '1.00'}[C6] eval model[0] mean=0.001234 | edge mean=0.000807 |[C7] eval model[0] mean=0.001492 | edge mean=0.000807 |



  [Client  8] Round 1 | Hier-pFedMe(λ2=35.0,K=3) | loss=0.0001  [Client  9] Finished Hier-pFedMe training for round 1.

  [Client  4] Starting Hier-pFedMe training with λ2=35.0, η2=0.02, inner_steps=3 for 1 epochs (188 batches per epoch).  [Client  9] Round 1 | Hier-pFedMe(λ2=35.0,K=3) | loss=0.0003

[C4] eval model[0] mean=0.000807 | edge mean=0.000807 |
  [Client  1] Starting Hier-pFedMe training with λ2=35.0, η2=0.02, inner_steps=3 for 1 epochs (188 batches per epoch).
[C1] eval model[0] mean=0.000807 | edge mean=0.000807 |
[C6] n=1000 | classes=[6, 7] | acc=0.5090 | per_class={6: '0.00', 7: '1.00'}
  [Client  6] Finished Hier-pFedMe training for round 1.
[C7] n=1000 | classes=[3, 5] | acc=0.5060 | per_class={3: '0.00', 5: '0.98'}
  [Client  7] Finished Hier-pFedMe training for round 1.  [Client  6] Round 1 | Hier-pFedMe(λ2=35.0,K=3) | loss=4.3622

  [Client  7] Round 1 | Hier-pFedMe(λ2=35.0,K=3) | loss=7.1250
  [Client  0] Starting Hier-pFedMe training with λ2=35.0, η2=0.02, inner_steps=3 for 1 epochs (188 batches per epoch).
[C4] n=1000 | classes=[2, 7] | acc=0.0000 | per_class={2: '0.00', 7: '0.00'}  [Client  3] Starting Hier-pFedMe training with λ2=35.0, η2=0.02, inner_steps=3 for 1 epochs (188 batches per epoch).[C0] eval model[0] mean=0.000807 | edge mean=0.000807 |


[C1] n=1000 | classes=[3, 6] | acc=0.0000 | per_class={3: '0.00', 6: '0.00'}[C4] eval model[0] mean=0.000792 | edge mean=0.000807 |[C3] eval model[0] mean=0.000807 | edge mean=0.000807 |


[C1] eval model[0] mean=0.001055 | edge mean=0.000807 |
[C0] n=1000 | classes=[3, 6] | acc=0.0000 | per_class={3: '0.00', 6: '0.00'}
[C0] eval model[0] mean=0.001698 | edge mean=0.000807 |
[C4] n=1000 | classes=[2, 7] | acc=0.4810 | per_class={2: '0.46', 7: '0.50'}
  [Client  4] Finished Hier-pFedMe training for round 1.[C3] n=1000 | classes=[5, 7] | acc=0.0000 | per_class={5: '0.00', 7: '0.00'}

[C1] n=1000 | classes=[3, 6] | acc=0.4830 | per_class={3: '0.93', 6: '0.01'}  [Client  4] Round 1 | Hier-pFedMe(λ2=35.0,K=3) | loss=6.5693
[C3] eval model[0] mean=0.001025 | edge mean=0.000807 |
  [Client  1] Finished Hier-pFedMe training for round 1.

  [Client  5] Starting Hier-pFedMe training with λ2=35.0, η2=0.02, inner_steps=3 for 1 epochs (188 batches per epoch).
  [Client  1] Round 1 | Hier-pFedMe(λ2=35.0,K=3) | loss=1.6033[C5] eval model[0] mean=0.000807 | edge mean=0.000807 |

  [Client  2] Starting Hier-pFedMe training with λ2=35.0, η2=0.02, inner_steps=3 for 1 epochs (188 batches per epoch).
[C2] eval model[0] mean=0.000807 | edge mean=0.000807 |
[C0] n=1000 | classes=[3, 6] | acc=0.5170 | per_class={3: '0.95', 6: '0.06'}
  [Client  0] Finished Hier-pFedMe training for round 1.
  [Client  0] Round 1 | Hier-pFedMe(λ2=35.0,K=3) | loss=8.4748
[C3] n=1000 | classes=[5, 7] | acc=0.4590 | per_class={5: '0.91', 7: '0.00'}
  [Client  3] Finished Hier-pFedMe training for round 1.
  [Client  3] Round 1 | Hier-pFedMe(λ2=35.0,K=3) | loss=9.9311[C5] n=1000 | classes=[2, 4] | acc=0.4900 | per_class={2: '0.00', 4: '1.00'}

[C2] n=1000 | classes=[2, 5] | acc=0.0000 | per_class={2: '0.00', 5: '0.00'}[C5] eval model[0] mean=0.003253 | edge mean=0.000807 |

[C2] eval model[0] mean=0.002010 | edge mean=0.000807 |
[C5] n=1000 | classes=[2, 4] | acc=0.5090 | per_class={2: '1.00', 4: '0.00'}
[C2] n=1000 | classes=[2, 5] | acc=0.4960 | per_class={2: '0.98', 5: '0.00'}
  [Client  5] Finished Hier-pFedMe training for round 1.  [Client  2] Finished Hier-pFedMe training for round 1.

  [Client  5] Round 1 | Hier-pFedMe(λ2=35.0,K=3) | loss=8.9287  [Client  2] Round 1 | Hier-pFedMe(λ2=35.0,K=3) | loss=10.2146

  [Edge 0] G1 | E3 | loss=6.3566
  [Edge 0] G1 | E4 | Hier-pFedMe | Selected 10/10
  [Client  8] Received edge weights.
  [Client  6] Received edge weights.
  [Client  0] Received edge weights.
  [Client  9] Received edge weights.
  [Client  7] Received edge weights.
  [Client  3] Received edge weights.
  [Client  5] Received edge weights.
  [Client  2] Received edge weights.
  [Client  1] Received edge weights.
  [Client  4] Received edge weights.
  [Client  0] Starting Hier-pFedMe training with λ2=35.0, η2=0.02, inner_steps=3 for 1 epochs (188 batches per epoch).  [Client  9] Starting Hier-pFedMe training with λ2=35.0, η2=0.02, inner_steps=3 for 1 epochs (94 batches per epoch).
  [Client  6] Starting Hier-pFedMe training with λ2=35.0, η2=0.02, inner_steps=3 for 1 epochs (188 batches per epoch).  [Client  8] Starting Hier-pFedMe training with λ2=35.0, η2=0.02, inner_steps=3 for 1 epochs (94 batches per epoch).
[C0] eval model[0] mean=0.001194 | edge mean=0.001194 |

[C9] eval model[0] mean=0.001194 | edge mean=0.001194 |
[C6] eval model[0] mean=0.001194 | edge mean=0.001194 |[C8] eval model[0] mean=0.001194 | edge mean=0.001194 |


[C8] n=500 | classes=[4] | acc=0.9980 | per_class={4: '1.00'}
[C9] n=500 | classes=[4] | acc=0.9980 | per_class={4: '1.00'}
[C8] eval model[0] mean=0.000853 | edge mean=0.001194 |
[C9] eval model[0] mean=0.001306 | edge mean=0.001194 |
[C0] n=1000 | classes=[3, 6] | acc=0.0000 | per_class={3: '0.00', 6: '0.00'}
[C0] eval model[0] mean=0.002051 | edge mean=0.001194 |
[C6] n=1000 | classes=[6, 7] | acc=0.0050 | per_class={6: '0.00', 7: '0.01'}
[C6] eval model[0] mean=0.001198 | edge mean=0.001194 |[C8] n=500 | classes=[4] | acc=1.0000 | per_class={4: '1.00'}
[C9] n=500 | classes=[4] | acc=1.0000 | per_class={4: '1.00'}

  [Client  8] Finished Hier-pFedMe training for round 1.  [Client  9] Finished Hier-pFedMe training for round 1.

  [Client  8] Round 1 | Hier-pFedMe(λ2=35.0,K=3) | loss=0.0039
  [Client  9] Round 1 | Hier-pFedMe(λ2=35.0,K=3) | loss=0.0058
  [Client  7] Starting Hier-pFedMe training with λ2=35.0, η2=0.02, inner_steps=3 for 1 epochs (188 batches per epoch).
  [Client  3] Starting Hier-pFedMe training with λ2=35.0, η2=0.02, inner_steps=3 for 1 epochs (188 batches per epoch).[C7] eval model[0] mean=0.001194 | edge mean=0.001194 |

[C3] eval model[0] mean=0.001194 | edge mean=0.001194 |
[C0] n=1000 | classes=[3, 6] | acc=0.5070 | per_class={3: '0.06', 6: '0.97'}
  [Client  0] Finished Hier-pFedMe training for round 1.
  [Client  0] Round 1 | Hier-pFedMe(λ2=35.0,K=3) | loss=1.1128
  [Client  5] Starting Hier-pFedMe training with λ2=35.0, η2=0.02, inner_steps=3 for 1 epochs (188 batches per epoch).
[C6] n=1000 | classes=[6, 7] | acc=0.5070 | per_class={6: '0.00', 7: '1.00'}
[C5] eval model[0] mean=0.001194 | edge mean=0.001194 |  [Client  6] Finished Hier-pFedMe training for round 1.

  [Client  6] Round 1 | Hier-pFedMe(λ2=35.0,K=3) | loss=2.6868
  [Client  2] Starting Hier-pFedMe training with λ2=35.0, η2=0.02, inner_steps=3 for 1 epochs (188 batches per epoch).
[C2] eval model[0] mean=0.001194 | edge mean=0.001194 |
[C7] n=1000 | classes=[3, 5] | acc=0.0000 | per_class={3: '0.00', 5: '0.00'}
[C3] n=1000 | classes=[5, 7] | acc=0.0020 | per_class={5: '0.00', 7: '0.00'}
[C7] eval model[0] mean=0.001779 | edge mean=0.001194 |
[C3] eval model[0] mean=0.001777 | edge mean=0.001194 |
[C5] n=1000 | classes=[2, 4] | acc=0.4890 | per_class={2: '0.00', 4: '1.00'}
[C5] eval model[0] mean=0.001107 | edge mean=0.001194 |
[C2] n=1000 | classes=[2, 5] | acc=0.0000 | per_class={2: '0.00', 5: '0.00'}
[C2] eval model[0] mean=0.001300 | edge mean=0.001194 |
[C7] n=1000 | classes=[3, 5] | acc=0.5060 | per_class={3: '0.25', 5: '0.75'}
  [Client  7] Finished Hier-pFedMe training for round 1.
[C3] n=1000 | classes=[5, 7] | acc=0.4940 | per_class={5: '0.00', 7: '1.00'}
  [Client  3] Finished Hier-pFedMe training for round 1.  [Client  7] Round 1 | Hier-pFedMe(λ2=35.0,K=3) | loss=0.3767

  [Client  3] Round 1 | Hier-pFedMe(λ2=35.0,K=3) | loss=0.4721
  [Client  1] Starting Hier-pFedMe training with λ2=35.0, η2=0.02, inner_steps=3 for 1 epochs (188 batches per epoch).
[C1] eval model[0] mean=0.001194 | edge mean=0.001194 |
  [Client  4] Starting Hier-pFedMe training with λ2=35.0, η2=0.02, inner_steps=3 for 1 epochs (188 batches per epoch).
[C4] eval model[0] mean=0.001194 | edge mean=0.001194 |
[C5] n=1000 | classes=[2, 4] | acc=0.4910 | per_class={2: '0.00', 4: '1.00'}
  [Client  5] Finished Hier-pFedMe training for round 1.
  [Client  5] Round 1 | Hier-pFedMe(λ2=35.0,K=3) | loss=0.8084
[C2] n=1000 | classes=[2, 5] | acc=0.5070 | per_class={2: '1.00', 5: '0.00'}
  [Client  2] Finished Hier-pFedMe training for round 1.
  [Client  2] Round 1 | Hier-pFedMe(λ2=35.0,K=3) | loss=0.9116
[C1] n=1000 | classes=[3, 6] | acc=0.0000 | per_class={3: '0.00', 6: '0.00'}
[C4] n=1000 | classes=[2, 7] | acc=0.0020 | per_class={2: '0.00', 7: '0.00'}[C1] eval model[0] mean=0.000771 | edge mean=0.001194 |

[C4] eval model[0] mean=0.000200 | edge mean=0.001194 |
[C1] n=1000 | classes=[3, 6] | acc=0.4850 | per_class={3: '0.00', 6: '1.00'}
[C4] n=1000 | classes=[2, 7] | acc=0.5070 | per_class={2: '1.00', 7: '0.00'}  [Client  1] Finished Hier-pFedMe training for round 1.

  [Client  4] Finished Hier-pFedMe training for round 1.  [Client  1] Round 1 | Hier-pFedMe(λ2=35.0,K=3) | loss=0.5355

  [Client  4] Round 1 | Hier-pFedMe(λ2=35.0,K=3) | loss=0.6404
  [Edge 0] G1 | E4 | loss=0.8388
  [Edge 0] G1 | E5 | Hier-pFedMe | Selected 10/10
  [Client  8] Received edge weights.
  [Client  1] Received edge weights.
  [Client  7] Received edge weights.
  [Client  4] Received edge weights.
  [Client  5] Received edge weights.
  [Client  9] Received edge weights.
  [Client  3] Received edge weights.
  [Client  0] Received edge weights.
  [Client  6] Received edge weights.
  [Client  2] Received edge weights.
  [Client  8] Starting Hier-pFedMe training with λ2=35.0, η2=0.02, inner_steps=3 for 1 epochs (94 batches per epoch).
  [Client  7] Starting Hier-pFedMe training with λ2=35.0, η2=0.02, inner_steps=3 for 1 epochs (188 batches per epoch).  [Client  1] Starting Hier-pFedMe training with λ2=35.0, η2=0.02, inner_steps=3 for 1 epochs (188 batches per epoch).  [Client  4] Starting Hier-pFedMe training with λ2=35.0, η2=0.02, inner_steps=3 for 1 epochs (188 batches per epoch).
[C8] eval model[0] mean=0.001129 | edge mean=0.001129 |

[C4] eval model[0] mean=0.001129 | edge mean=0.001129 |
[C7] eval model[0] mean=0.001129 | edge mean=0.001129 |[C1] eval model[0] mean=0.001129 | edge mean=0.001129 |


[C8] n=500 | classes=[4] | acc=0.9720 | per_class={4: '0.97'}
[C8] eval model[0] mean=0.001380 | edge mean=0.001129 |
[C4] n=1000 | classes=[2, 7] | acc=0.0310 | per_class={2: '0.00', 7: '0.06'}
[C7] n=1000 | classes=[3, 5] | acc=0.0000 | per_class={3: '0.00', 5: '0.00'}[C1] n=1000 | classes=[3, 6] | acc=0.0000 | per_class={3: '0.00', 6: '0.00'}[C8] n=500 | classes=[4] | acc=1.0000 | per_class={4: '1.00'}
[C4] eval model[0] mean=0.001088 | edge mean=0.001129 |

[C7] eval model[0] mean=0.002236 | edge mean=0.001129 |
[C1] eval model[0] mean=0.001235 | edge mean=0.001129 |  [Client  8] Finished Hier-pFedMe training for round 1.


  [Client  8] Round 1 | Hier-pFedMe(λ2=35.0,K=3) | loss=0.0145
  [Client  5] Starting Hier-pFedMe training with λ2=35.0, η2=0.02, inner_steps=3 for 1 epochs (188 batches per epoch).
[C5] eval model[0] mean=0.001129 | edge mean=0.001129 |
[C4] n=1000 | classes=[2, 7] | acc=0.5970 | per_class={2: '0.59', 7: '0.60'}
  [Client  4] Finished Hier-pFedMe training for round 1.
  [Client  4] Round 1 | Hier-pFedMe(λ2=35.0,K=3) | loss=5.1143
[C1] n=1000 | classes=[3, 6] | acc=0.4870 | per_class={3: '0.01', 6: '1.00'}
[C7] n=1000 | classes=[3, 5] | acc=0.4850 | per_class={3: '1.00', 5: '0.00'}  [Client  1] Finished Hier-pFedMe training for round 1.
  [Client  9] Starting Hier-pFedMe training with λ2=35.0, η2=0.02, inner_steps=3 for 1 epochs (94 batches per epoch).
  [Client  7] Finished Hier-pFedMe training for round 1.

[C5] n=1000 | classes=[2, 4] | acc=0.4710 | per_class={2: '0.00', 4: '0.96'}  [Client  1] Round 1 | Hier-pFedMe(λ2=35.0,K=3) | loss=0.2724[C9] eval model[0] mean=0.001129 | edge mean=0.001129 |  [Client  7] Round 1 | Hier-pFedMe(λ2=35.0,K=3) | loss=5.5876



[C5] eval model[0] mean=0.001069 | edge mean=0.001129 |  [Client  3] Starting Hier-pFedMe training with λ2=35.0, η2=0.02, inner_steps=3 for 1 epochs (188 batches per epoch).

  [Client  0] Starting Hier-pFedMe training with λ2=35.0, η2=0.02, inner_steps=3 for 1 epochs (188 batches per epoch).
[C3] eval model[0] mean=0.001129 | edge mean=0.001129 |
[C0] eval model[0] mean=0.001129 | edge mean=0.001129 |
[C9] n=500 | classes=[4] | acc=0.9640 | per_class={4: '0.96'}
[C9] eval model[0] mean=0.000884 | edge mean=0.001129 |
[C9] n=500 | classes=[4] | acc=1.0000 | per_class={4: '1.00'}
[C5] n=1000 | classes=[2, 4] | acc=0.5100 | per_class={2: '1.00', 4: '0.00'}  [Client  9] Finished Hier-pFedMe training for round 1.[C3] n=1000 | classes=[5, 7] | acc=0.0260 | per_class={5: '0.00', 7: '0.05'}


[C0] n=1000 | classes=[3, 6] | acc=0.0000 | per_class={3: '0.00', 6: '0.00'}[C3] eval model[0] mean=0.000620 | edge mean=0.001129 |  [Client  5] Finished Hier-pFedMe training for round 1.
  [Client  9] Round 1 | Hier-pFedMe(λ2=35.0,K=3) | loss=0.0097

[C0] eval model[0] mean=0.002129 | edge mean=0.001129 |

  [Client  5] Round 1 | Hier-pFedMe(λ2=35.0,K=3) | loss=5.0165
  [Client  6] Starting Hier-pFedMe training with λ2=35.0, η2=0.02, inner_steps=3 for 1 epochs (188 batches per epoch).
  [Client  2] Starting Hier-pFedMe training with λ2=35.0, η2=0.02, inner_steps=3 for 1 epochs (188 batches per epoch).
[C6] eval model[0] mean=0.001129 | edge mean=0.001129 |
[C2] eval model[0] mean=0.001129 | edge mean=0.001129 |
[C3] n=1000 | classes=[5, 7] | acc=0.4940 | per_class={5: '0.00', 7: '1.00'}
  [Client  3] Finished Hier-pFedMe training for round 1.
  [Client  3] Round 1 | Hier-pFedMe(λ2=35.0,K=3) | loss=3.9569
[C0] n=1000 | classes=[3, 6] | acc=0.1810 | per_class={3: '0.17', 6: '0.19'}
  [Client  0] Finished Hier-pFedMe training for round 1.
  [Client  0] Round 1 | Hier-pFedMe(λ2=35.0,K=3) | loss=9.4840[C6] n=1000 | classes=[6, 7] | acc=0.0380 | per_class={6: '0.00', 7: '0.07'}
[C2] n=1000 | classes=[2, 5] | acc=0.0000 | per_class={2: '0.00', 5: '0.00'}

[C6] eval model[0] mean=0.000835 | edge mean=0.001129 |
[C2] eval model[0] mean=0.001567 | edge mean=0.001129 |
[C6] n=1000 | classes=[6, 7] | acc=0.4930 | per_class={6: '1.00', 7: '0.00'}
  [Client  6] Finished Hier-pFedMe training for round 1.[C2] n=1000 | classes=[2, 5] | acc=0.5070 | per_class={2: '1.00', 5: '0.00'}

  [Client  6] Round 1 | Hier-pFedMe(λ2=35.0,K=3) | loss=2.8311  [Client  2] Finished Hier-pFedMe training for round 1.

  [Client  2] Round 1 | Hier-pFedMe(λ2=35.0,K=3) | loss=4.1072
  [Edge 0] G1 | E5 | loss=4.0425
  [Edge 1] G1 | E1 | Hier-pFedMe | Selected 10/10
  [Client 10] Received edge weights.
  [Client 19] Received edge weights.
  [Client 13] Received edge weights.
  [Client 17] Received edge weights.
  [Client 12] Received edge weights.
  [Client 14] Received edge weights.
  [Client 15] Received edge weights.
  [Client 11] Received edge weights.
  [Client 16] Received edge weights.
  [Client 18] Received edge weights.
  [Client 10] Starting Hier-pFedMe training with λ2=35.0, η2=0.02, inner_steps=3 for 1 epochs (113 batches per epoch).
  [Client 13] Starting Hier-pFedMe training with λ2=35.0, η2=0.02, inner_steps=3 for 1 epochs (113 batches per epoch).  [Client 19] Starting Hier-pFedMe training with λ2=35.0, η2=0.02, inner_steps=3 for 1 epochs (113 batches per epoch).  [Client 17] Starting Hier-pFedMe training with λ2=35.0, η2=0.02, inner_steps=3 for 1 epochs (113 batches per epoch).
[C10] eval model[0] mean=0.000679 | edge mean=0.000679 |

[C13] eval model[0] mean=0.000679 | edge mean=0.000679 |
[C19] eval model[0] mean=0.000679 | edge mean=0.000679 |[C17] eval model[0] mean=0.000679 | edge mean=0.000679 |


[C10] n=600 | classes=[8, 9] | acc=0.0000 | per_class={8: '0.00', 9: '0.00'}
[C17] n=600 | classes=[1, 9] | acc=0.0000 | per_class={1: '0.00', 9: '0.00'}[C13] n=600 | classes=[0, 8] | acc=0.0000 | per_class={0: '0.00', 8: '0.00'}

[C19] n=600 | classes=[0, 9] | acc=0.0000 | per_class={0: '0.00', 9: '0.00'}
[C10] eval model[0] mean=0.001527 | edge mean=0.000679 |
[C13] eval model[0] mean=0.000810 | edge mean=0.000679 |
[C17] eval model[0] mean=0.001015 | edge mean=0.000679 |
[C19] eval model[0] mean=0.001460 | edge mean=0.000679 |
[C10] n=600 | classes=[8, 9] | acc=0.4867 | per_class={8: '1.00', 9: '0.00'}
  [Client 10] Finished Hier-pFedMe training for round 1.
  [Client 10] Round 1 | Hier-pFedMe(λ2=35.0,K=3) | loss=16.1690
  [Client 12] Starting Hier-pFedMe training with λ2=35.0, η2=0.02, inner_steps=3 for 1 epochs (113 batches per epoch).
[C12] eval model[0] mean=0.000679 | edge mean=0.000679 |
[C13] n=600 | classes=[0, 8] | acc=0.5183 | per_class={0: '1.00', 8: '0.00'}
  [Client 13] Finished Hier-pFedMe training for round 1.
[C17] n=600 | classes=[1, 9] | acc=0.5183 | per_class={1: '0.00', 9: '1.00'}
  [Client 13] Round 1 | Hier-pFedMe(λ2=35.0,K=3) | loss=12.4264  [Client 17] Finished Hier-pFedMe training for round 1.
[C19] n=600 | classes=[0, 9] | acc=0.4767 | per_class={0: '1.00', 9: '0.00'}

  [Client 19] Finished Hier-pFedMe training for round 1.
  [Client 14] Starting Hier-pFedMe training with λ2=35.0, η2=0.02, inner_steps=3 for 1 epochs (113 batches per epoch).  [Client 17] Round 1 | Hier-pFedMe(λ2=35.0,K=3) | loss=18.8190

  [Client 19] Round 1 | Hier-pFedMe(λ2=35.0,K=3) | loss=0.3455[C12] n=600 | classes=[1, 8] | acc=0.0000 | per_class={1: '0.00', 8: '0.00'}[C14] eval model[0] mean=0.000679 | edge mean=0.000679 |

  [Client 15] Starting Hier-pFedMe training with λ2=35.0, η2=0.02, inner_steps=3 for 1 epochs (113 batches per epoch).

  [Client 11] Starting Hier-pFedMe training with λ2=35.0, η2=0.02, inner_steps=3 for 1 epochs (113 batches per epoch).
[C15] eval model[0] mean=0.000679 | edge mean=0.000679 |
[C11] eval model[0] mean=0.000679 | edge mean=0.000679 |
[C14] n=600 | classes=[0, 9] | acc=0.0000 | per_class={0: '0.00', 9: '0.00'}
[C15] n=600 | classes=[0, 8] | acc=0.0000 | per_class={0: '0.00', 8: '0.00'}[C11] n=600 | classes=[0, 1] | acc=0.0000 | per_class={0: '0.00', 1: '0.00'}

[C12] eval model[0] mean=0.000919 | edge mean=0.000679 |
[C12] n=600 | classes=[1, 8] | acc=0.5133 | per_class={1: '1.00', 8: '0.00'}
  [Client 12] Finished Hier-pFedMe training for round 1.
  [Client 12] Round 1 | Hier-pFedMe(λ2=35.0,K=3) | loss=10.3712
  [Client 16] Starting Hier-pFedMe training with λ2=35.0, η2=0.02, inner_steps=3 for 1 epochs (113 batches per epoch).
[C14] eval model[0] mean=0.001684 | edge mean=0.000679 |[C16] eval model[0] mean=0.000679 | edge mean=0.000679 |

[C15] eval model[0] mean=0.000481 | edge mean=0.000679 |
[C11] eval model[0] mean=-0.002136 | edge mean=0.000679 |
[C14] n=600 | classes=[0, 9] | acc=0.4883 | per_class={0: '0.00', 9: '1.00'}
  [Client 14] Finished Hier-pFedMe training for round 1.[C16] n=600 | classes=[1, 8] | acc=0.0000 | per_class={1: '0.00', 8: '0.00'}

  [Client 14] Round 1 | Hier-pFedMe(λ2=35.0,K=3) | loss=0.1545
[C15] n=600 | classes=[0, 8] | acc=0.4900 | per_class={0: '0.00', 8: '1.00'}
  [Client 15] Finished Hier-pFedMe training for round 1.
  [Client 18] Starting Hier-pFedMe training with λ2=35.0, η2=0.02, inner_steps=3 for 1 epochs (113 batches per epoch).
[C11] n=600 | classes=[0, 1] | acc=0.5000 | per_class={0: '1.00', 1: '0.00'}
[C18] eval model[0] mean=0.000679 | edge mean=0.000679 |  [Client 11] Finished Hier-pFedMe training for round 1.  [Client 15] Round 1 | Hier-pFedMe(λ2=35.0,K=3) | loss=19.7365


  [Client 11] Round 1 | Hier-pFedMe(λ2=35.0,K=3) | loss=18.3041
[C18] n=600 | classes=[1, 9] | acc=0.0000 | per_class={1: '0.00', 9: '0.00'}
[C16] eval model[0] mean=0.001402 | edge mean=0.000679 |
[C16] n=600 | classes=[1, 8] | acc=0.4850 | per_class={1: '1.00', 8: '0.00'}
  [Client 16] Finished Hier-pFedMe training for round 1.
  [Client 16] Round 1 | Hier-pFedMe(λ2=35.0,K=3) | loss=16.8132
[C18] eval model[0] mean=-0.001837 | edge mean=0.000679 |
[C18] n=600 | classes=[1, 9] | acc=0.5233 | per_class={1: '1.00', 9: '0.00'}
  [Client 18] Finished Hier-pFedMe training for round 1.
  [Client 18] Round 1 | Hier-pFedMe(λ2=35.0,K=3) | loss=21.2617
  [Edge 1] G1 | E1 | loss=13.4401
  [Edge 1] G1 | E2 | Hier-pFedMe | Selected 10/10
  [Client 11] Received edge weights.
  [Client 15] Received edge weights.
  [Client 19] Received edge weights.
  [Client 16] Received edge weights.
  [Client 18] Received edge weights.
  [Client 14] Received edge weights.
  [Client 17] Received edge weights.
  [Client 12] Received edge weights.
  [Client 13] Received edge weights.
  [Client 10] Received edge weights.
  [Client 19] Starting Hier-pFedMe training with λ2=35.0, η2=0.02, inner_steps=3 for 1 epochs (113 batches per epoch).  [Client 16] Starting Hier-pFedMe training with λ2=35.0, η2=0.02, inner_steps=3 for 1 epochs (113 batches per epoch).  [Client 15] Starting Hier-pFedMe training with λ2=35.0, η2=0.02, inner_steps=3 for 1 epochs (113 batches per epoch).  [Client 11] Starting Hier-pFedMe training with λ2=35.0, η2=0.02, inner_steps=3 for 1 epochs (113 batches per epoch).



[C11] eval model[0] mean=0.000577 | edge mean=0.000577 |[C19] eval model[0] mean=0.000577 | edge mean=0.000577 |[C16] eval model[0] mean=0.000577 | edge mean=0.000577 |
[C15] eval model[0] mean=0.000577 | edge mean=0.000577 |


[C16] n=600 | classes=[1, 8] | acc=0.0000 | per_class={1: '0.00', 8: '0.00'}
[C11] n=600 | classes=[0, 1] | acc=0.4967 | per_class={0: '0.99', 1: '0.00'}
[C15] n=600 | classes=[0, 8] | acc=0.5083 | per_class={0: '1.00', 8: '0.00'}[C19] n=600 | classes=[0, 9] | acc=0.4767 | per_class={0: '1.00', 9: '0.00'}[C16] eval model[0] mean=0.000835 | edge mean=0.000577 |[C11] eval model[0] mean=0.000880 | edge mean=0.000577 |



[C15] eval model[0] mean=-0.000350 | edge mean=0.000577 |[C19] eval model[0] mean=-0.000350 | edge mean=0.000577 |

[C16] n=600 | classes=[1, 8] | acc=0.5150 | per_class={1: '0.00', 8: '1.00'}
  [Client 16] Finished Hier-pFedMe training for round 1.
[C11] n=600 | classes=[0, 1] | acc=0.5000 | per_class={0: '0.00', 1: '1.00'}
[C15] n=600 | classes=[0, 8] | acc=0.5083 | per_class={0: '1.00', 8: '0.00'}
  [Client 11] Finished Hier-pFedMe training for round 1.[C19] n=600 | classes=[0, 9] | acc=0.6700 | per_class={0: '0.85', 9: '0.51'}  [Client 16] Round 1 | Hier-pFedMe(λ2=35.0,K=3) | loss=3.6007  [Client 15] Finished Hier-pFedMe training for round 1.



  [Client 11] Round 1 | Hier-pFedMe(λ2=35.0,K=3) | loss=0.9792  [Client 19] Finished Hier-pFedMe training for round 1.
  [Client 18] Starting Hier-pFedMe training with λ2=35.0, η2=0.02, inner_steps=3 for 1 epochs (113 batches per epoch).
  [Client 15] Round 1 | Hier-pFedMe(λ2=35.0,K=3) | loss=2.2299
  [Client 14] Starting Hier-pFedMe training with λ2=35.0, η2=0.02, inner_steps=3 for 1 epochs (113 batches per epoch).  [Client 19] Round 1 | Hier-pFedMe(λ2=35.0,K=3) | loss=0.0529
[C18] eval model[0] mean=0.000577 | edge mean=0.000577 |


  [Client 17] Starting Hier-pFedMe training with λ2=35.0, η2=0.02, inner_steps=3 for 1 epochs (113 batches per epoch).[C14] eval model[0] mean=0.000577 | edge mean=0.000577 |
  [Client 12] Starting Hier-pFedMe training with λ2=35.0, η2=0.02, inner_steps=3 for 1 epochs (113 batches per epoch).

[C17] eval model[0] mean=0.000577 | edge mean=0.000577 |
[C12] eval model[0] mean=0.000577 | edge mean=0.000577 |
[C18] n=600 | classes=[1, 9] | acc=0.0067 | per_class={1: '0.00', 9: '0.01'}
[C18] eval model[0] mean=0.001049 | edge mean=0.000577 |
[C14] n=600 | classes=[0, 9] | acc=0.5167 | per_class={0: '1.00', 9: '0.01'}
[C17] n=600 | classes=[1, 9] | acc=0.0083 | per_class={1: '0.00', 9: '0.02'}
[C14] eval model[0] mean=0.000416 | edge mean=0.000577 |[C12] n=600 | classes=[1, 8] | acc=0.0000 | per_class={1: '0.00', 8: '0.00'}
[C17] eval model[0] mean=-0.000746 | edge mean=0.000577 |

[C12] eval model[0] mean=0.002616 | edge mean=0.000577 |
[C18] n=600 | classes=[1, 9] | acc=0.4767 | per_class={1: '0.00', 9: '1.00'}
  [Client 18] Finished Hier-pFedMe training for round 1.
  [Client 18] Round 1 | Hier-pFedMe(λ2=35.0,K=3) | loss=2.1245
  [Client 13] Starting Hier-pFedMe training with λ2=35.0, η2=0.02, inner_steps=3 for 1 epochs (113 batches per epoch).
[C13] eval model[0] mean=0.000577 | edge mean=0.000577 |[C14] n=600 | classes=[0, 9] | acc=0.5117 | per_class={0: '1.00', 9: '0.00'}

    [ERROR] Client 12: {{function_node __wrapped__Sum_device_/job:localhost/replica:0/task:0/device:GPU:0}} End of sequence [Op:Sum] name: [C17] n=600 | classes=[1, 9] | acc=0.5333 | per_class={1: '0.22', 9: '0.82'}  [Client 14] Finished Hier-pFedMe training for round 1.
  [Client 10] Starting Hier-pFedMe training with λ2=35.0, η2=0.02, inner_steps=3 for 1 epochs (113 batches per epoch).


  [Client 17] Finished Hier-pFedMe training for round 1.
  [Client 14] Round 1 | Hier-pFedMe(λ2=35.0,K=3) | loss=0.5287[C10] eval model[0] mean=0.000577 | edge mean=0.000577 |

  [Client 17] Round 1 | Hier-pFedMe(λ2=35.0,K=3) | loss=0.5089
[C13] n=600 | classes=[0, 8] | acc=0.5150 | per_class={0: '0.99', 8: '0.00'}
[C13] eval model[0] mean=0.000894 | edge mean=0.000577 |
[C10] n=600 | classes=[8, 9] | acc=0.0067 | per_class={8: '0.00', 9: '0.01'}
[C10] eval model[0] mean=0.002469 | edge mean=0.000577 |
[C13] n=600 | classes=[0, 8] | acc=0.4817 | per_class={0: '0.00', 8: '1.00'}
  [Client 13] Finished Hier-pFedMe training for round 1.
  [Client 13] Round 1 | Hier-pFedMe(λ2=35.0,K=3) | loss=0.8867
[C10] n=600 | classes=[8, 9] | acc=0.4867 | per_class={8: '1.00', 9: '0.00'}
  [Client 10] Finished Hier-pFedMe training for round 1.
  [Client 10] Round 1 | Hier-pFedMe(λ2=35.0,K=3) | loss=2.7906
  [Edge 1] G1 | E2 | loss=1.5225
  [Edge 1] G1 | E3 | Hier-pFedMe | Selected 10/10
  [Client 10] Received edge weights.
  [Client 14] Received edge weights.
  [Client 15] Received edge weights.
  [Client 12] Received edge weights.
  [Client 18] Received edge weights.
  [Client 11] Received edge weights.
  [Client 16] Received edge weights.
  [Client 13] Received edge weights.
  [Client 17] Received edge weights.
  [Client 19] Received edge weights.
  [Client 14] Starting Hier-pFedMe training with λ2=35.0, η2=0.02, inner_steps=3 for 1 epochs (113 batches per epoch).  [Client 10] Starting Hier-pFedMe training with λ2=35.0, η2=0.02, inner_steps=3 for 1 epochs (113 batches per epoch).  [Client 12] Starting Hier-pFedMe training with λ2=35.0, η2=0.02, inner_steps=3 for 1 epochs (113 batches per epoch).  [Client 15] Starting Hier-pFedMe training with λ2=35.0, η2=0.02, inner_steps=3 for 1 epochs (113 batches per epoch).



[C14] eval model[0] mean=0.000591 | edge mean=0.000591 |[C10] eval model[0] mean=0.000591 | edge mean=0.000591 |[C12] eval model[0] mean=0.000591 | edge mean=0.000591 |[C15] eval model[0] mean=0.000591 | edge mean=0.000591 |



[C14] n=600 | classes=[0, 9] | acc=0.5117 | per_class={0: '1.00', 9: '0.00'}
[C10] n=600 | classes=[8, 9] | acc=0.0000 | per_class={8: '0.00', 9: '0.00'}
[C15] n=600 | classes=[0, 8] | acc=0.5083 | per_class={0: '1.00', 8: '0.00'}[C14] eval model[0] mean=0.002590 | edge mean=0.000591 |[C12] n=600 | classes=[1, 8] | acc=0.0000 | per_class={1: '0.00', 8: '0.00'}[C10] eval model[0] mean=-0.001013 | edge mean=0.000591 |



[C15] eval model[0] mean=0.002168 | edge mean=0.000591 |[C12] eval model[0] mean=0.001253 | edge mean=0.000591 |

[C14] n=600 | classes=[0, 9] | acc=0.5583 | per_class={0: '0.34', 9: '0.78'}
  [Client 14] Finished Hier-pFedMe training for round 1.
[C10] n=600 | classes=[8, 9] | acc=0.4867 | per_class={8: '1.00', 9: '0.00'}
  [Client 10] Finished Hier-pFedMe training for round 1.  [Client 14] Round 1 | Hier-pFedMe(λ2=35.0,K=3) | loss=2.5189
[C15] n=600 | classes=[0, 8] | acc=0.5083 | per_class={0: '1.00', 8: '0.00'}
[C12] n=600 | classes=[1, 8] | acc=0.5517 | per_class={1: '0.99', 8: '0.09'}
  [Client 18] Starting Hier-pFedMe training with λ2=35.0, η2=0.02, inner_steps=3 for 1 epochs (113 batches per epoch).

  [Client 10] Round 1 | Hier-pFedMe(λ2=35.0,K=3) | loss=0.8151  [Client 15] Finished Hier-pFedMe training for round 1.[C18] eval model[0] mean=0.000591 | edge mean=0.000591 |  [Client 12] Finished Hier-pFedMe training for round 1.



  [Client 11] Starting Hier-pFedMe training with λ2=35.0, η2=0.02, inner_steps=3 for 1 epochs (113 batches per epoch).
  [Client 15] Round 1 | Hier-pFedMe(λ2=35.0,K=3) | loss=2.0374  [Client 12] Round 1 | Hier-pFedMe(λ2=35.0,K=3) | loss=0.9579
[C11] eval model[0] mean=0.000591 | edge mean=0.000591 |

  [Client 16] Starting Hier-pFedMe training with λ2=35.0, η2=0.02, inner_steps=3 for 1 epochs (113 batches per epoch).
  [Client 13] Starting Hier-pFedMe training with λ2=35.0, η2=0.02, inner_steps=3 for 1 epochs (113 batches per epoch).[C16] eval model[0] mean=0.000591 | edge mean=0.000591 |

[C13] eval model[0] mean=0.000591 | edge mean=0.000591 |
[C18] n=600 | classes=[1, 9] | acc=0.0000 | per_class={1: '0.00', 9: '0.00'}
[C18] eval model[0] mean=0.001885 | edge mean=0.000591 |
[C11] n=600 | classes=[0, 1] | acc=0.5000 | per_class={0: '1.00', 1: '0.00'}
[C11] eval model[0] mean=-0.001648 | edge mean=0.000591 |
[C16] n=600 | classes=[1, 8] | acc=0.0000 | per_class={1: '0.00', 8: '0.00'}
[C13] n=600 | classes=[0, 8] | acc=0.5183 | per_class={0: '1.00', 8: '0.00'}
[C16] eval model[0] mean=-0.000730 | edge mean=0.000591 |
[C13] eval model[0] mean=0.000746 | edge mean=0.000591 |
[C18] n=600 | classes=[1, 9] | acc=0.2100 | per_class={1: '0.00', 9: '0.44'}
  [Client 18] Finished Hier-pFedMe training for round 1.
  [Client 18] Round 1 | Hier-pFedMe(λ2=35.0,K=3) | loss=4.9705
  [Client 17] Starting Hier-pFedMe training with λ2=35.0, η2=0.02, inner_steps=3 for 1 epochs (113 batches per epoch).
[C17] eval model[0] mean=0.000591 | edge mean=0.000591 |[C11] n=600 | classes=[0, 1] | acc=0.5000 | per_class={0: '0.00', 1: '1.00'}

  [Client 11] Finished Hier-pFedMe training for round 1.
[C16] n=600 | classes=[1, 8] | acc=0.5167 | per_class={1: '0.00', 8: '1.00'}  [Client 11] Round 1 | Hier-pFedMe(λ2=35.0,K=3) | loss=2.8207
[C13] n=600 | classes=[0, 8] | acc=0.4817 | per_class={0: '0.00', 8: '1.00'}
  [Client 16] Finished Hier-pFedMe training for round 1.

  [Client 13] Finished Hier-pFedMe training for round 1.  [Client 19] Starting Hier-pFedMe training with λ2=35.0, η2=0.02, inner_steps=3 for 1 epochs (113 batches per epoch).

  [Client 16] Round 1 | Hier-pFedMe(λ2=35.0,K=3) | loss=1.3494
  [Client 13] Round 1 | Hier-pFedMe(λ2=35.0,K=3) | loss=2.2184[C19] eval model[0] mean=0.000591 | edge mean=0.000591 |[C17] n=600 | classes=[1, 9] | acc=0.0000 | per_class={1: '0.00', 9: '0.00'}


[C17] eval model[0] mean=0.000733 | edge mean=0.000591 |
[C19] n=600 | classes=[0, 9] | acc=0.4767 | per_class={0: '1.00', 9: '0.00'}
[C19] eval model[0] mean=0.001365 | edge mean=0.000591 |
[C17] n=600 | classes=[1, 9] | acc=0.4033 | per_class={1: '0.84', 9: '0.00'}
  [Client 17] Finished Hier-pFedMe training for round 1.
  [Client 17] Round 1 | Hier-pFedMe(λ2=35.0,K=3) | loss=11.6015
[C19] n=600 | classes=[0, 9] | acc=0.4767 | per_class={0: '1.00', 9: '0.00'}
  [Client 19] Finished Hier-pFedMe training for round 1.
  [Client 19] Round 1 | Hier-pFedMe(λ2=35.0,K=3) | loss=0.1010
  [Edge 1] G1 | E3 | loss=2.9391
  [Edge 1] G1 | E4 | Hier-pFedMe | Selected 10/10
  [Client 12] Received edge weights.
  [Client 18] Received edge weights.
  [Client 14] Received edge weights.
  [Client 15] Received edge weights.
  [Client 10] Received edge weights.
  [Client 13] Received edge weights.
  [Client 11] Received edge weights.
  [Client 16] Received edge weights.
  [Client 19] Received edge weights.
  [Client 17] Received edge weights.
  [Client 18] Starting Hier-pFedMe training with λ2=35.0, η2=0.02, inner_steps=3 for 1 epochs (113 batches per epoch).  [Client 14] Starting Hier-pFedMe training with λ2=35.0, η2=0.02, inner_steps=3 for 1 epochs (113 batches per epoch).  [Client 15] Starting Hier-pFedMe training with λ2=35.0, η2=0.02, inner_steps=3 for 1 epochs (113 batches per epoch).  [Client 12] Starting Hier-pFedMe training with λ2=35.0, η2=0.02, inner_steps=3 for 1 epochs (113 batches per epoch).



[C18] eval model[0] mean=0.000695 | edge mean=0.000695 |[C14] eval model[0] mean=0.000695 | edge mean=0.000695 |[C15] eval model[0] mean=0.000695 | edge mean=0.000695 |[C12] eval model[0] mean=0.000695 | edge mean=0.000695 |



[C18] n=600 | classes=[1, 9] | acc=0.0033 | per_class={1: '0.01', 9: '0.00'}[C14] n=600 | classes=[0, 9] | acc=0.5117 | per_class={0: '1.00', 9: '0.00'}

[C15] n=600 | classes=[0, 8] | acc=0.5083 | per_class={0: '0.99', 8: '0.01'}[C12] n=600 | classes=[1, 8] | acc=0.0100 | per_class={1: '0.00', 8: '0.02'}[C18] eval model[0] mean=0.000391 | edge mean=0.000695 |[C14] eval model[0] mean=0.000164 | edge mean=0.000695 |



[C15] eval model[0] mean=0.001439 | edge mean=0.000695 |[C12] eval model[0] mean=-0.000212 | edge mean=0.000695 |

[C18] n=600 | classes=[1, 9] | acc=0.4767 | per_class={1: '0.00', 9: '1.00'}
  [Client 18] Finished Hier-pFedMe training for round 1.[C14] n=600 | classes=[0, 9] | acc=0.5117 | per_class={0: '1.00', 9: '0.00'}

  [Client 14] Finished Hier-pFedMe training for round 1.[C15] n=600 | classes=[0, 8] | acc=0.5567 | per_class={0: '0.77', 8: '0.34'}

  [Client 18] Round 1 | Hier-pFedMe(λ2=35.0,K=3) | loss=0.3504[C12] n=600 | classes=[1, 8] | acc=0.4867 | per_class={1: '0.00', 8: '1.00'}  [Client 15] Finished Hier-pFedMe training for round 1.  [Client 14] Round 1 | Hier-pFedMe(λ2=35.0,K=3) | loss=0.3188



  [Client 12] Finished Hier-pFedMe training for round 1.  [Client 10] Starting Hier-pFedMe training with λ2=35.0, η2=0.02, inner_steps=3 for 1 epochs (113 batches per epoch).  [Client 15] Round 1 | Hier-pFedMe(λ2=35.0,K=3) | loss=0.4013

  [Client 13] Starting Hier-pFedMe training with λ2=35.0, η2=0.02, inner_steps=3 for 1 epochs (113 batches per epoch).
  [Client 12] Round 1 | Hier-pFedMe(λ2=35.0,K=3) | loss=1.4453[C10] eval model[0] mean=0.000695 | edge mean=0.000695 |


  [Client 11] Starting Hier-pFedMe training with λ2=35.0, η2=0.02, inner_steps=3 for 1 epochs (113 batches per epoch).[C13] eval model[0] mean=0.000695 | edge mean=0.000695 |
  [Client 16] Starting Hier-pFedMe training with λ2=35.0, η2=0.02, inner_steps=3 for 1 epochs (113 batches per epoch).

[C11] eval model[0] mean=0.000695 | edge mean=0.000695 |
[C16] eval model[0] mean=0.000695 | edge mean=0.000695 |
[C10] n=600 | classes=[8, 9] | acc=0.0050 | per_class={8: '0.01', 9: '0.00'}
[C10] eval model[0] mean=0.001241 | edge mean=0.000695 |
[C13] n=600 | classes=[0, 8] | acc=0.5167 | per_class={0: '1.00', 8: '0.00'}
[C11] n=600 | classes=[0, 1] | acc=0.5000 | per_class={0: '1.00', 1: '0.00'}
[C13] eval model[0] mean=0.000477 | edge mean=0.000695 |[C16] n=600 | classes=[1, 8] | acc=0.0017 | per_class={1: '0.00', 8: '0.00'}
[C11] eval model[0] mean=0.000575 | edge mean=0.000695 |

[C16] eval model[0] mean=0.000769 | edge mean=0.000695 |
[C10] n=600 | classes=[8, 9] | acc=0.4867 | per_class={8: '1.00', 9: '0.00'}
  [Client 10] Finished Hier-pFedMe training for round 1.
  [Client 10] Round 1 | Hier-pFedMe(λ2=35.0,K=3) | loss=1.2912
  [Client 19] Starting Hier-pFedMe training with λ2=35.0, η2=0.02, inner_steps=3 for 1 epochs (113 batches per epoch).
[C19] eval model[0] mean=0.000695 | edge mean=0.000695 |
[C13] n=600 | classes=[0, 8] | acc=0.4817 | per_class={0: '0.00', 8: '1.00'}
  [Client 13] Finished Hier-pFedMe training for round 1.[C11] n=600 | classes=[0, 1] | acc=0.5050 | per_class={0: '1.00', 1: '0.01'}

[C16] n=600 | classes=[1, 8] | acc=0.5167 | per_class={1: '0.00', 8: '1.00'}  [Client 11] Finished Hier-pFedMe training for round 1.
  [Client 13] Round 1 | Hier-pFedMe(λ2=35.0,K=3) | loss=0.3556
  [Client 16] Finished Hier-pFedMe training for round 1.

  [Client 11] Round 1 | Hier-pFedMe(λ2=35.0,K=3) | loss=0.2792
  [Client 17] Starting Hier-pFedMe training with λ2=35.0, η2=0.02, inner_steps=3 for 1 epochs (113 batches per epoch).
  [Client 16] Round 1 | Hier-pFedMe(λ2=35.0,K=3) | loss=0.9707[C19] n=600 | classes=[0, 9] | acc=0.4750 | per_class={0: '1.00', 9: '0.00'}
[C17] eval model[0] mean=0.000695 | edge mean=0.000695 |

[C19] eval model[0] mean=0.000131 | edge mean=0.000695 |
[C17] n=600 | classes=[1, 9] | acc=0.0000 | per_class={1: '0.00', 9: '0.00'}
[C19] n=600 | classes=[0, 9] | acc=0.4767 | per_class={0: '1.00', 9: '0.00'}
[C17] eval model[0] mean=0.001159 | edge mean=0.000695 |  [Client 19] Finished Hier-pFedMe training for round 1.

  [Client 19] Round 1 | Hier-pFedMe(λ2=35.0,K=3) | loss=0.4163
[C17] n=600 | classes=[1, 9] | acc=0.5150 | per_class={1: '0.77', 9: '0.28'}
  [Client 17] Finished Hier-pFedMe training for round 1.
  [Client 17] Round 1 | Hier-pFedMe(λ2=35.0,K=3) | loss=0.7248
  [Edge 1] G1 | E4 | loss=0.6554
  [Edge 1] G1 | E5 | Hier-pFedMe | Selected 10/10
  [Client 13] Received edge weights.
  [Client 16] Received edge weights.
  [Client 18] Received edge weights.
  [Client 19] Received edge weights.
  [Client 17] Received edge weights.
  [Client 15] Received edge weights.
  [Client 12] Received edge weights.
  [Client 14] Received edge weights.
  [Client 11] Received edge weights.
  [Client 10] Received edge weights.
  [Client 13] Starting Hier-pFedMe training with λ2=35.0, η2=0.02, inner_steps=3 for 1 epochs (113 batches per epoch).  [Client 16] Starting Hier-pFedMe training with λ2=35.0, η2=0.02, inner_steps=3 for 1 epochs (113 batches per epoch).  [Client 19] Starting Hier-pFedMe training with λ2=35.0, η2=0.02, inner_steps=3 for 1 epochs (113 batches per epoch).
  [Client 18] Starting Hier-pFedMe training with λ2=35.0, η2=0.02, inner_steps=3 for 1 epochs (113 batches per epoch).

[C13] eval model[0] mean=0.000617 | edge mean=0.000617 |
[C16] eval model[0] mean=0.000617 | edge mean=0.000617 |[C19] eval model[0] mean=0.000617 | edge mean=0.000617 |
[C18] eval model[0] mean=0.000617 | edge mean=0.000617 |


[C13] n=600 | classes=[0, 8] | acc=0.5217 | per_class={0: '0.94', 8: '0.08'}
[C16] n=600 | classes=[1, 8] | acc=0.0600 | per_class={1: '0.00', 8: '0.12'}
[C13] eval model[0] mean=0.000421 | edge mean=0.000617 |[C19] n=600 | classes=[0, 9] | acc=0.4667 | per_class={0: '0.98', 9: '0.00'}[C18] n=600 | classes=[1, 9] | acc=0.0000 | per_class={1: '0.00', 9: '0.00'}[C16] eval model[0] mean=0.000168 | edge mean=0.000617 |



[C19] eval model[0] mean=0.000439 | edge mean=0.000617 |
[C18] eval model[0] mean=-0.000111 | edge mean=0.000617 |
[C13] n=600 | classes=[0, 8] | acc=0.5183 | per_class={0: '1.00', 8: '0.00'}
  [Client 13] Finished Hier-pFedMe training for round 1.
[C16] n=600 | classes=[1, 8] | acc=0.5150 | per_class={1: '0.00', 8: '1.00'}
  [Client 13] Round 1 | Hier-pFedMe(λ2=35.0,K=3) | loss=3.5823
  [Client 16] Finished Hier-pFedMe training for round 1.[C19] n=600 | classes=[0, 9] | acc=0.4767 | per_class={0: '1.00', 9: '0.00'}[C18] n=600 | classes=[1, 9] | acc=0.4767 | per_class={1: '0.00', 9: '1.00'}

  [Client 17] Starting Hier-pFedMe training with λ2=35.0, η2=0.02, inner_steps=3 for 1 epochs (113 batches per epoch).
  [Client 16] Round 1 | Hier-pFedMe(λ2=35.0,K=3) | loss=1.0053  [Client 19] Finished Hier-pFedMe training for round 1.
  [Client 18] Finished Hier-pFedMe training for round 1.

[C17] eval model[0] mean=0.000617 | edge mean=0.000617 |

  [Client 15] Starting Hier-pFedMe training with λ2=35.0, η2=0.02, inner_steps=3 for 1 epochs (113 batches per epoch).  [Client 19] Round 1 | Hier-pFedMe(λ2=35.0,K=3) | loss=0.7945  [Client 18] Round 1 | Hier-pFedMe(λ2=35.0,K=3) | loss=5.6936


[C15] eval model[0] mean=0.000617 | edge mean=0.000617 |
  [Client 12] Starting Hier-pFedMe training with λ2=35.0, η2=0.02, inner_steps=3 for 1 epochs (113 batches per epoch).
  [Client 14] Starting Hier-pFedMe training with λ2=35.0, η2=0.02, inner_steps=3 for 1 epochs (113 batches per epoch).
[C12] eval model[0] mean=0.000617 | edge mean=0.000617 |
[C14] eval model[0] mean=0.000617 | edge mean=0.000617 |
[C17] n=600 | classes=[1, 9] | acc=0.0000 | per_class={1: '0.00', 9: '0.00'}
[C17] eval model[0] mean=0.000319 | edge mean=0.000617 |
[C15] n=600 | classes=[0, 8] | acc=0.5300 | per_class={0: '0.95', 8: '0.10'}
[C15] eval model[0] mean=0.000215 | edge mean=0.000617 |
[C12] n=600 | classes=[1, 8] | acc=0.0617 | per_class={1: '0.00', 8: '0.13'}
[C14] n=600 | classes=[0, 9] | acc=0.4850 | per_class={0: '0.95', 9: '0.00'}
[C12] eval model[0] mean=0.000875 | edge mean=0.000617 |
[C14] eval model[0] mean=0.000552 | edge mean=0.000617 |
[C17] n=600 | classes=[1, 9] | acc=0.3733 | per_class={1: '0.00', 9: '0.72'}
  [Client 17] Finished Hier-pFedMe training for round 1.
  [Client 17] Round 1 | Hier-pFedMe(λ2=35.0,K=3) | loss=8.7963
  [Client 11] Starting Hier-pFedMe training with λ2=35.0, η2=0.02, inner_steps=3 for 1 epochs (113 batches per epoch).
[C15] n=600 | classes=[0, 8] | acc=0.4917 | per_class={0: '0.00', 8: '1.00'}
[C11] eval model[0] mean=0.000617 | edge mean=0.000617 |  [Client 15] Finished Hier-pFedMe training for round 1.

    [ERROR] Client 11: {{function_node __wrapped____EagerConst_device_/job:localhost/replica:0/task:0/device:GPU:0}} End of sequence[C12] n=600 | classes=[1, 8] | acc=0.5000 | per_class={1: '0.03', 8: '1.00'}
  [Client 10] Starting Hier-pFedMe training with λ2=35.0, η2=0.02, inner_steps=3 for 1 epochs (113 batches per epoch).
[C14] n=600 | classes=[0, 9] | acc=0.5117 | per_class={0: '1.00', 9: '0.00'}  [Client 15] Round 1 | Hier-pFedMe(λ2=35.0,K=3) | loss=0.3141
  [Client 12] Finished Hier-pFedMe training for round 1.

[C10] eval model[0] mean=0.000617 | edge mean=0.000617 |
  [Client 14] Finished Hier-pFedMe training for round 1.
  [Client 12] Round 1 | Hier-pFedMe(λ2=35.0,K=3) | loss=2.0111

  [Client 14] Round 1 | Hier-pFedMe(λ2=35.0,K=3) | loss=0.2396
[C10] n=600 | classes=[8, 9] | acc=0.0467 | per_class={8: '0.10', 9: '0.00'}
[C10] eval model[0] mean=0.000965 | edge mean=0.000617 |
[C10] n=600 | classes=[8, 9] | acc=0.6133 | per_class={8: '0.98', 9: '0.27'}
  [Client 10] Finished Hier-pFedMe training for round 1.
  [Client 10] Round 1 | Hier-pFedMe(λ2=35.0,K=3) | loss=1.1263
  [Edge 1] G1 | E5 | loss=2.6181
[C0] eval model[0] mean=0.002129 | edge mean=0.001129 |
[C0] n=1000 | classes=[3, 6] | acc=0.1810 | per_class={3: '0.17', 6: '0.19'}
[C1] eval model[0] mean=0.001235 | edge mean=0.001129 |
[C1] n=1000 | classes=[3, 6] | acc=0.4870 | per_class={3: '0.01', 6: '1.00'}
[C2] eval model[0] mean=0.001567 | edge mean=0.001129 |
[C2] n=1000 | classes=[2, 5] | acc=0.5070 | per_class={2: '1.00', 5: '0.00'}
[C3] eval model[0] mean=0.000620 | edge mean=0.001129 |
[C3] n=1000 | classes=[5, 7] | acc=0.4940 | per_class={5: '0.00', 7: '1.00'}
[C4] eval model[0] mean=0.001088 | edge mean=0.001129 |
[C4] n=1000 | classes=[2, 7] | acc=0.5970 | per_class={2: '0.59', 7: '0.60'}
[C5] eval model[0] mean=0.001069 | edge mean=0.001129 |
[C5] n=1000 | classes=[2, 4] | acc=0.5100 | per_class={2: '1.00', 4: '0.00'}
[C6] eval model[0] mean=0.000835 | edge mean=0.001129 |
[C6] n=1000 | classes=[6, 7] | acc=0.4930 | per_class={6: '1.00', 7: '0.00'}
[C7] eval model[0] mean=0.002236 | edge mean=0.001129 |
[C7] n=1000 | classes=[3, 5] | acc=0.4850 | per_class={3: '1.00', 5: '0.00'}
[C8] eval model[0] mean=0.001380 | edge mean=0.001129 |
[C8] n=500 | classes=[4] | acc=1.0000 | per_class={4: '1.00'}
[C9] eval model[0] mean=0.000884 | edge mean=0.001129 |
[C9] n=500 | classes=[4] | acc=1.0000 | per_class={4: '1.00'}
[C10] eval model[0] mean=0.000965 | edge mean=0.000617 |
[C10] n=600 | classes=[8, 9] | acc=0.6133 | per_class={8: '0.98', 9: '0.27'}
[C11] eval model[0] mean=0.000617 | edge mean=0.000617 |
[C11] n=600 | classes=[0, 1] | acc=0.4733 | per_class={0: '0.95', 1: '0.00'}
[C12] eval model[0] mean=0.000875 | edge mean=0.000617 |
[C12] n=600 | classes=[1, 8] | acc=0.5000 | per_class={1: '0.03', 8: '1.00'}
[C13] eval model[0] mean=0.000421 | edge mean=0.000617 |
[C13] n=600 | classes=[0, 8] | acc=0.5183 | per_class={0: '1.00', 8: '0.00'}
[C14] eval model[0] mean=0.000552 | edge mean=0.000617 |
[C14] n=600 | classes=[0, 9] | acc=0.5117 | per_class={0: '1.00', 9: '0.00'}
[C15] eval model[0] mean=0.000215 | edge mean=0.000617 |
[C15] n=600 | classes=[0, 8] | acc=0.4917 | per_class={0: '0.00', 8: '1.00'}
[C16] eval model[0] mean=0.000168 | edge mean=0.000617 |
[C16] n=600 | classes=[1, 8] | acc=0.5150 | per_class={1: '0.00', 8: '1.00'}
[C17] eval model[0] mean=0.000319 | edge mean=0.000617 |
[C17] n=600 | classes=[1, 9] | acc=0.3733 | per_class={1: '0.00', 9: '0.72'}
[C18] eval model[0] mean=-0.000111 | edge mean=0.000617 |
[C18] n=600 | classes=[1, 9] | acc=0.4767 | per_class={1: '0.00', 9: '1.00'}
[C19] eval model[0] mean=0.000439 | edge mean=0.000617 |
[C19] n=600 | classes=[0, 9] | acc=0.4767 | per_class={0: '1.00', 9: '0.00'}
  [Cloud] GM=0.1017 | EM=0.2225 PM=0.5149 | loss=2.3064 | time=209.4s | comm=4556.2MB (total=4556MB)

[Round   2] Broadcasting to 2 edges...
  [Edge 0] W_n reset to global weights for new round.
  [Edge 1] W_n reset to global weights for new round.
  [Edge 0] G2 | E1 | Hier-pFedMe | Selected 10/10
  [Client  9] Received edge weights.
  [Client  2] Received edge weights.
  [Client  6] Received edge weights.
  [Client  8] Received edge weights.
  [Client  5] Received edge weights.
  [Client  1] Received edge weights.
  [Client  4] Received edge weights.
  [Client  0] Received edge weights.
  [Client  7] Received edge weights.
  [Client  3] Received edge weights.
  [Client  2] Starting Hier-pFedMe training with λ2=35.0, η2=0.02, inner_steps=3 for 1 epochs (188 batches per epoch).
  [Client  6] Starting Hier-pFedMe training with λ2=35.0, η2=0.02, inner_steps=3 for 1 epochs (188 batches per epoch).
  [Client  8] Starting Hier-pFedMe training with λ2=35.0, η2=0.02, inner_steps=3 for 1 epochs (94 batches per epoch).
  [Client  9] Starting Hier-pFedMe training with λ2=35.0, η2=0.02, inner_steps=3 for 1 epochs (94 batches per epoch).
[C6] eval model[0] mean=0.000867 | edge mean=0.000867 |
[C8] eval model[0] mean=0.000867 | edge mean=0.000867 |
[C2] eval model[0] mean=0.000867 | edge mean=0.000867 |
[C9] eval model[0] mean=0.000867 | edge mean=0.000867 |
[C9] n=500 | classes=[4] | acc=0.6840 | per_class={4: '0.68'}
[C8] n=500 | classes=[4] | acc=0.6460 | per_class={4: '0.65'}
[C9] eval model[0] mean=0.000749 | edge mean=0.000867 |
[C8] eval model[0] mean=0.000467 | edge mean=0.000867 |
[C2] n=1000 | classes=[2, 5] | acc=0.0000 | per_class={2: '0.00', 5: '0.00'}
[C6] n=1000 | classes=[6, 7] | acc=0.0000 | per_class={6: '0.00', 7: '0.00'}
[C2] eval model[0] mean=0.000720 | edge mean=0.000867 |
[C9] n=500 | classes=[4] | acc=1.0000 | per_class={4: '1.00'}
  [Client  9] Finished Hier-pFedMe training for round 2.
[C6] eval model[0] mean=0.001503 | edge mean=0.000867 |
[C8] n=500 | classes=[4] | acc=1.0000 | per_class={4: '1.00'}
  [Client  8] Finished Hier-pFedMe training for round 2.
  [Client  9] Round 2 | Hier-pFedMe(λ2=35.0,K=3) | loss=0.0161
  [Client  8] Round 2 | Hier-pFedMe(λ2=35.0,K=3) | loss=0.0152
  [Client  5] Starting Hier-pFedMe training with λ2=35.0, η2=0.02, inner_steps=3 for 1 epochs (188 batches per epoch).
[C5] eval model[0] mean=0.000867 | edge mean=0.000867 |
  [Client  1] Starting Hier-pFedMe training with λ2=35.0, η2=0.02, inner_steps=3 for 1 epochs (188 batches per epoch).
[C1] eval model[0] mean=0.000867 | edge mean=0.000867 |
[C2] n=1000 | classes=[2, 5] | acc=0.5070 | per_class={2: '1.00', 5: '0.00'}
  [Client  2] Finished Hier-pFedMe training for round 2.
[C6] n=1000 | classes=[6, 7] | acc=0.4930 | per_class={6: '1.00', 7: '0.00'}
  [Client  6] Finished Hier-pFedMe training for round 2.
  [Client  2] Round 2 | Hier-pFedMe(λ2=35.0,K=3) | loss=0.5509
  [Client  6] Round 2 | Hier-pFedMe(λ2=35.0,K=3) | loss=0.5931
  [Client  4] Starting Hier-pFedMe training with λ2=35.0, η2=0.02, inner_steps=3 for 1 epochs (188 batches per epoch).
  [Client  0] Starting Hier-pFedMe training with λ2=35.0, η2=0.02, inner_steps=3 for 1 epochs (188 batches per epoch).
[C4] eval model[0] mean=0.000867 | edge mean=0.000867 |
[C5] n=1000 | classes=[2, 4] | acc=0.3360 | per_class={2: '0.00', 4: '0.69'}
[C0] eval model[0] mean=0.000867 | edge mean=0.000867 |
[C1] n=1000 | classes=[3, 6] | acc=0.0000 | per_class={3: '0.00', 6: '0.00'}
[C5] eval model[0] mean=0.001830 | edge mean=0.000867 |
[C1] eval model[0] mean=0.001023 | edge mean=0.000867 |
