This job can be monitored from: https://job.c3se.chalmers.se/alvis/6625451
========================================
Job ID      : 6625451
Job Name    : HierFLcifar10
Node        : alvis7-10
Start Time  : Tue May 12 22:10:38 CEST 2026
Working Dir : /cephyr/users/ziangg/Alvis/tf-dpfl
========================================
[Setup] Python: /cephyr/users/ziangg/Alvis/tf-dpfl/bin/python
[Setup] TF version: 2.15.1
[Setup] GPU available: [PhysicalDevice(name='/physical_device:GPU:0', device_type='GPU')]
[Config] Override: wandb.enabled = True
[Setup] Random seed: 42
[Setup] Loading dataset...
[Data] CIFAR-10 from Mimer: /mimer/NOBACKUP/Datasets/CIFAR
[Setup] Building global model...
Model: "cifar_cnn_3conv"
_________________________________________________________________
 Layer (type)                Output Shape              Param #   
=================================================================
 input_1 (InputLayer)        [(None, 32, 32, 3)]       0         
                                                                 
 conv2d (Conv2D)             (None, 32, 32, 32)        896       
                                                                 
 batch_normalization (Batch  (None, 32, 32, 32)        128       
 Normalization)                                                  
                                                                 
 re_lu (ReLU)                (None, 32, 32, 32)        0         
                                                                 
 conv2d_1 (Conv2D)           (None, 32, 32, 64)        18496     
                                                                 
 batch_normalization_1 (Bat  (None, 32, 32, 64)        256       
 chNormalization)                                                
                                                                 
 re_lu_1 (ReLU)              (None, 32, 32, 64)        0         
                                                                 
 max_pooling2d (MaxPooling2  (None, 16, 16, 64)        0         
 D)                                                              
                                                                 
 conv2d_2 (Conv2D)           (None, 16, 16, 128)       73856     
                                                                 
 batch_normalization_2 (Bat  (None, 16, 16, 128)       512       
 chNormalization)                                                
                                                                 
 re_lu_2 (ReLU)              (None, 16, 16, 128)       0         
                                                                 
 conv2d_3 (Conv2D)           (None, 16, 16, 128)       147584    
                                                                 
 batch_normalization_3 (Bat  (None, 16, 16, 128)       512       
 chNormalization)                                                
                                                                 
 re_lu_3 (ReLU)              (None, 16, 16, 128)       0         
                                                                 
 max_pooling2d_1 (MaxPoolin  (None, 8, 8, 128)         0         
 g2D)                                                            
                                                                 
 spatial_dropout2d (Spatial  (None, 8, 8, 128)         0         
 Dropout2D)                                                      
                                                                 
 conv2d_4 (Conv2D)           (None, 8, 8, 256)         295168    
                                                                 
 batch_normalization_4 (Bat  (None, 8, 8, 256)         1024      
 chNormalization)                                                
                                                                 
 re_lu_4 (ReLU)              (None, 8, 8, 256)         0         
                                                                 
 conv2d_5 (Conv2D)           (None, 8, 8, 256)         590080    
                                                                 
 batch_normalization_5 (Bat  (None, 8, 8, 256)         1024      
 chNormalization)                                                
                                                                 
 re_lu_5 (ReLU)              (None, 8, 8, 256)         0         
                                                                 
 max_pooling2d_2 (MaxPoolin  (None, 4, 4, 256)         0         
 g2D)                                                            
                                                                 
 flatten (Flatten)           (None, 4096)              0         
                                                                 
 dropout (Dropout)           (None, 4096)              0         
                                                                 
 dense (Dense)               (None, 1024)              4195328   
                                                                 
 dense_1 (Dense)             (None, 512)               524800    
                                                                 
 dropout_1 (Dropout)         (None, 512)               0         
                                                                 
 dense_2 (Dense)             (None, 10)                5130      
                                                                 
=================================================================
Total params: 5854794 (22.33 MB)
Trainable params: 5853066 (22.33 MB)
Non-trainable params: 1728 (6.75 KB)
_________________________________________________________________
[Setup] Building clients...

[Superclass-aware partition] 2 edges, 2 classes/client

  Edge 0 (class pool: [2, 3, 4, 5, 6, 7]):
  Client       Samples    Classes held                        Out-of-pool?
  ---------------------------------------------------------------------------
  client_0     4000       [3, 6]                              OK
  client_1     4000       [3, 6]                              OK
  client_2     4000       [2, 5]                              OK
  client_3     4000       [5, 7]                              OK
  client_4     4000       [2, 7]                              OK
  client_5     4000       [2, 4]                              OK
  client_6     4000       [6, 7]                              OK
  client_7     4000       [3, 5]                              OK
  client_8     2000       [4]                                 OK
  client_9     2000       [4]                                 OK

  Edge 1 (class pool: [0, 1, 8, 9]):
  Client       Samples    Classes held                        Out-of-pool?
  ---------------------------------------------------------------------------
  client_10    2400       [8, 9]                              OK
  client_11    2400       [0, 1]                              OK
  client_12    2400       [1, 8]                              OK
  client_13    2400       [0, 8]                              OK
  client_14    2400       [0, 9]                              OK
  client_15    2400       [0, 8]                              OK
  client_16    2400       [1, 8]                              OK
  client_17    2400       [1, 9]                              OK
  client_18    2400       [1, 9]                              OK
  client_19    2400       [0, 9]                              OK

[Train/Test split] 20 clients | avg train=2400, avg test=600 samples (ratio=0.2)
[Setup] 20 clients built (superclass_pathological) | per-client test sets injected
[Setup] Building edge servers...
[Assignment] Using pre-baked superclass assignments | 2 edges
[EdgeServer 0] 10 clients | 28800 samples
[EdgeServer 1] 10 clients | 19200 samples

[Setup] Built 2 edge servers (strategy=superclass_baked)
  Edge 0: 10 clients | 28800 samples
  Edge 1: 10 clients | 19200 samples
[Setup] Building per-edge test datasets (superclass-aware)...
  [Test split] Edge 0: 6000 test samples (6 classes)
  [Test split] Edge 1: 4000 test samples (4 classes)
[CloudServer] 2 edges | model: 22.33 MB

====================================================
 HierFAVG Training Start
====================================================

[Round   1] Broadcasting to 2 edges...
  [Edge 0] G1 | E1 | Hier-pFedMe | Selected 10/10
  [C6] Round 1 | batch 0/200 x[0].mean=-0.104281  [C3] Round 1 | batch 0/200 x[0].mean=-0.012330
  [C9] Round 1 | batch 0/100 x[0].mean=-0.403744
  [C8] Round 1 | batch 0/100 x[0].mean=0.107339

  [Client  3] Round 1 | Hier-pFedMe(λ2=35.0,K=3) | loss=19.9226
  [Client  8] Round 1 | Hier-pFedMe(λ2=35.0,K=3) | loss=0.0000
  [C7] Round 1 | batch 0/200 x[0].mean=-0.339572
  [Client  9] Round 1 | Hier-pFedMe(λ2=35.0,K=3) | loss=0.0000
  [Client  6] Round 1 | Hier-pFedMe(λ2=35.0,K=3) | loss=17.8939
  [C1] Round 1 | batch 0/200 x[0].mean=-0.103291
  [C4] Round 1 | batch 0/200 x[0].mean=-0.165036
  [C0] Round 1 | batch 0/200 x[0].mean=0.067777
  [Client  7] Round 1 | Hier-pFedMe(λ2=35.0,K=3) | loss=0.0986
  [C5] Round 1 | batch 0/200 x[0].mean=-0.353626
  [Client  1] Round 1 | Hier-pFedMe(λ2=35.0,K=3) | loss=13.7429
  [C2] Round 1 | batch 0/200 x[0].mean=0.017184
  [Client  4] Round 1 | Hier-pFedMe(λ2=35.0,K=3) | loss=16.9321
  [Client  0] Round 1 | Hier-pFedMe(λ2=35.0,K=3) | loss=14.1063
  [Client  5] Round 1 | Hier-pFedMe(λ2=35.0,K=3) | loss=17.5367
  [Client  2] Round 1 | Hier-pFedMe(λ2=35.0,K=3) | loss=12.1662
  [Edge 0] G1 | E1 | loss=12.4888
  [Edge 0] G1 | E2 | Hier-pFedMe | Selected 10/10
  [C3] Round 1 | batch 1/200 x[0].mean=-0.969129
  [C0] Round 1 | batch 1/200 x[0].mean=-0.408875
  [C7] Round 1 | batch 1/200 x[0].mean=-0.173019
  [C9] Round 1 | batch 1/100 x[0].mean=0.026352
  [Client  3] Round 1 | Hier-pFedMe(λ2=35.0,K=3) | loss=2.5116
  [Client  0] Round 1 | Hier-pFedMe(λ2=35.0,K=3) | loss=0.2969  [Client  7] Round 1 | Hier-pFedMe(λ2=35.0,K=3) | loss=0.5064

  [Client  9] Round 1 | Hier-pFedMe(λ2=35.0,K=3) | loss=0.0000
  [C6] Round 1 | batch 1/200 x[0].mean=0.184366
  [C4] Round 1 | batch 1/200 x[0].mean=-0.173861
  [C2] Round 1 | batch 1/200 x[0].mean=-0.050831
  [C8] Round 1 | batch 1/100 x[0].mean=-0.579316
  [Client  4] Round 1 | Hier-pFedMe(λ2=35.0,K=3) | loss=0.4889
  [Client  6] Round 1 | Hier-pFedMe(λ2=35.0,K=3) | loss=1.3214
  [Client  2] Round 1 | Hier-pFedMe(λ2=35.0,K=3) | loss=0.8510
  [Client  8] Round 1 | Hier-pFedMe(λ2=35.0,K=3) | loss=0.0001
  [C5] Round 1 | batch 1/200 x[0].mean=0.079383
  [C1] Round 1 | batch 1/200 x[0].mean=-0.150907
  [Client  5] Round 1 | Hier-pFedMe(λ2=35.0,K=3) | loss=1.6052
  [Client  1] Round 1 | Hier-pFedMe(λ2=35.0,K=3) | loss=0.7380
  [Edge 0] G1 | E2 | loss=0.9244
  [Edge 0] G1 | E3 | Hier-pFedMe | Selected 10/10
  [C6] Round 1 | batch 2/200 x[0].mean=-0.010500  [C9] Round 1 | batch 2/100 x[0].mean=-0.066320

  [C8] Round 1 | batch 2/100 x[0].mean=-0.621459
  [C7] Round 1 | batch 2/200 x[0].mean=-0.615063
  [Client  9] Round 1 | Hier-pFedMe(λ2=35.0,K=3) | loss=0.0002  [Client  6] Round 1 | Hier-pFedMe(λ2=35.0,K=3) | loss=5.5225

  [Client  8] Round 1 | Hier-pFedMe(λ2=35.0,K=3) | loss=0.0002
  [Client  7] Round 1 | Hier-pFedMe(λ2=35.0,K=3) | loss=0.4206
  [C1] Round 1 | batch 2/200 x[0].mean=0.193491
  [C4] Round 1 | batch 2/200 x[0].mean=0.520220
  [C0] Round 1 | batch 2/200 x[0].mean=-0.210783
  [C3] Round 1 | batch 2/200 x[0].mean=-0.166245
  [Client  1] Round 1 | Hier-pFedMe(λ2=35.0,K=3) | loss=3.3822
  [Client  4] Round 1 | Hier-pFedMe(λ2=35.0,K=3) | loss=9.1627
  [Client  0] Round 1 | Hier-pFedMe(λ2=35.0,K=3) | loss=12.5393
  [Client  3] Round 1 | Hier-pFedMe(λ2=35.0,K=3) | loss=5.2423
  [C5] Round 1 | batch 2/200 x[0].mean=-0.380648
  [C2] Round 1 | batch 2/200 x[0].mean=1.472701
  [Client  5] Round 1 | Hier-pFedMe(λ2=35.0,K=3) | loss=5.9591  [Client  2] Round 1 | Hier-pFedMe(λ2=35.0,K=3) | loss=3.9048

  [Edge 0] G1 | E3 | loss=5.1260
  [Edge 0] G1 | E4 | Hier-pFedMe | Selected 10/10
  [C6] Round 1 | batch 3/200 x[0].mean=0.324119
  [C8] Round 1 | batch 3/100 x[0].mean=-0.268793
  [C9] Round 1 | batch 3/100 x[0].mean=0.103695
  [C0] Round 1 | batch 3/200 x[0].mean=0.399921
  [Client  6] Round 1 | Hier-pFedMe(λ2=35.0,K=3) | loss=0.5941
  [Client  8] Round 1 | Hier-pFedMe(λ2=35.0,K=3) | loss=0.0075
  [Client  0] Round 1 | Hier-pFedMe(λ2=35.0,K=3) | loss=0.8598  [Client  9] Round 1 | Hier-pFedMe(λ2=35.0,K=3) | loss=0.0075

  [C7] Round 1 | batch 3/200 x[0].mean=0.303352
  [C3] Round 1 | batch 3/200 x[0].mean=0.252029
  [C5] Round 1 | batch 3/200 x[0].mean=0.115843
  [C2] Round 1 | batch 3/200 x[0].mean=-0.005733
  [Client  7] Round 1 | Hier-pFedMe(λ2=35.0,K=3) | loss=1.1049
  [Client  3] Round 1 | Hier-pFedMe(λ2=35.0,K=3) | loss=0.4610
  [Client  5] Round 1 | Hier-pFedMe(λ2=35.0,K=3) | loss=0.5534
  [Client  2] Round 1 | Hier-pFedMe(λ2=35.0,K=3) | loss=0.8163
  [C1] Round 1 | batch 3/200 x[0].mean=-0.435575
  [C4] Round 1 | batch 3/200 x[0].mean=-0.227063
  [Client  1] Round 1 | Hier-pFedMe(λ2=35.0,K=3) | loss=0.3537
  [Client  4] Round 1 | Hier-pFedMe(λ2=35.0,K=3) | loss=0.2626
  [Edge 0] G1 | E4 | loss=0.5570
  [Edge 0] G1 | E5 | Hier-pFedMe | Selected 10/10
  [C4] Round 1 | batch 4/200 x[0].mean=-0.101771  [C7] Round 1 | batch 4/200 x[0].mean=-0.074104
  [C8] Round 1 | batch 4/100 x[0].mean=-0.002983

  [C1] Round 1 | batch 4/200 x[0].mean=0.287671
  [Client  7] Round 1 | Hier-pFedMe(λ2=35.0,K=3) | loss=1.1089
  [Client  4] Round 1 | Hier-pFedMe(λ2=35.0,K=3) | loss=7.2398
  [Client  1] Round 1 | Hier-pFedMe(λ2=35.0,K=3) | loss=0.9051  [Client  8] Round 1 | Hier-pFedMe(λ2=35.0,K=3) | loss=0.0071

  [C5] Round 1 | batch 4/200 x[0].mean=-0.431442
  [C9] Round 1 | batch 4/100 x[0].mean=-0.376605
  [C3] Round 1 | batch 4/200 x[0].mean=0.007040
  [C0] Round 1 | batch 4/200 x[0].mean=-0.053038
  [Client  5] Round 1 | Hier-pFedMe(λ2=35.0,K=3) | loss=0.4506
  [Client  9] Round 1 | Hier-pFedMe(λ2=35.0,K=3) | loss=0.0027  [Client  3] Round 1 | Hier-pFedMe(λ2=35.0,K=3) | loss=0.1076

  [Client  0] Round 1 | Hier-pFedMe(λ2=35.0,K=3) | loss=6.3318
  [C6] Round 1 | batch 4/200 x[0].mean=0.036119
  [C2] Round 1 | batch 4/200 x[0].mean=-0.166351
  [Client  6] Round 1 | Hier-pFedMe(λ2=35.0,K=3) | loss=6.9744
  [Client  2] Round 1 | Hier-pFedMe(λ2=35.0,K=3) | loss=0.2079
  [Edge 0] G1 | E5 | loss=2.5923
  [Edge 1] G1 | E1 | Hier-pFedMe | Selected 10/10
  [C13] Round 1 | batch 0/120 x[0].mean=-0.100839  [C10] Round 1 | batch 0/120 x[0].mean=-0.158381  [C17] Round 1 | batch 0/120 x[0].mean=1.027077


  [C19] Round 1 | batch 0/120 x[0].mean=0.067996
  [Client 17] Round 1 | Hier-pFedMe(λ2=35.0,K=3) | loss=11.5774
  [Client 10] Round 1 | Hier-pFedMe(λ2=35.0,K=3) | loss=10.4895
  [C12] Round 1 | batch 0/120 x[0].mean=0.308196
  [C14] Round 1 | batch 0/120 x[0].mean=-0.367918
  [Client 13] Round 1 | Hier-pFedMe(λ2=35.0,K=3) | loss=7.2171
  [Client 19] Round 1 | Hier-pFedMe(λ2=35.0,K=3) | loss=8.6511
  [C15] Round 1 | batch 0/120 x[0].mean=0.183523
  [C11] Round 1 | batch 0/120 x[0].mean=0.025865
  [Client 12] Round 1 | Hier-pFedMe(λ2=35.0,K=3) | loss=4.8622
  [Client 14] Round 1 | Hier-pFedMe(λ2=35.0,K=3) | loss=6.6859
  [C16] Round 1 | batch 0/120 x[0].mean=0.278406
  [C18] Round 1 | batch 0/120 x[0].mean=-0.137058
  [Client 15] Round 1 | Hier-pFedMe(λ2=35.0,K=3) | loss=3.0758
  [Client 11] Round 1 | Hier-pFedMe(λ2=35.0,K=3) | loss=8.2782
  [Client 16] Round 1 | Hier-pFedMe(λ2=35.0,K=3) | loss=15.3652
  [Client 18] Round 1 | Hier-pFedMe(λ2=35.0,K=3) | loss=6.4054
  [Edge 1] G1 | E1 | loss=8.2608
  [Edge 1] G1 | E2 | Hier-pFedMe | Selected 10/10
  [C16] Round 1 | batch 1/120 x[0].mean=-0.457541
  [C19] Round 1 | batch 1/120 x[0].mean=0.393878  [C15] Round 1 | batch 1/120 x[0].mean=0.141059

  [C11] Round 1 | batch 1/120 x[0].mean=-0.225866
  [Client 16] Round 1 | Hier-pFedMe(λ2=35.0,K=3) | loss=1.7436  [Client 11] Round 1 | Hier-pFedMe(λ2=35.0,K=3) | loss=5.9223  [Client 15] Round 1 | Hier-pFedMe(λ2=35.0,K=3) | loss=4.1213

  [Client 19] Round 1 | Hier-pFedMe(λ2=35.0,K=3) | loss=0.4414

  [C18] Round 1 | batch 1/120 x[0].mean=-0.333812
  [C14] Round 1 | batch 1/120 x[0].mean=-0.375425
  [C17] Round 1 | batch 1/120 x[0].mean=0.476012
  [C12] Round 1 | batch 1/120 x[0].mean=0.651579
  [Client 14] Round 1 | Hier-pFedMe(λ2=35.0,K=3) | loss=0.5608  [Client 18] Round 1 | Hier-pFedMe(λ2=35.0,K=3) | loss=0.7333

  [Client 17] Round 1 | Hier-pFedMe(λ2=35.0,K=3) | loss=1.1845
  [Client 12] Round 1 | Hier-pFedMe(λ2=35.0,K=3) | loss=2.5465
  [C13] Round 1 | batch 1/120 x[0].mean=0.972424
  [C10] Round 1 | batch 1/120 x[0].mean=-0.101794
  [Client 13] Round 1 | Hier-pFedMe(λ2=35.0,K=3) | loss=1.8006
  [Client 10] Round 1 | Hier-pFedMe(λ2=35.0,K=3) | loss=3.4425
  [Edge 1] G1 | E2 | loss=2.2497
  [Edge 1] G1 | E3 | Hier-pFedMe | Selected 10/10
  [C10] Round 1 | batch 2/120 x[0].mean=-0.167202
  [C15] Round 1 | batch 2/120 x[0].mean=0.003364  [C14] Round 1 | batch 2/120 x[0].mean=0.207605  [C12] Round 1 | batch 2/120 x[0].mean=0.325416


  [Client 10] Round 1 | Hier-pFedMe(λ2=35.0,K=3) | loss=3.1969
  [Client 14] Round 1 | Hier-pFedMe(λ2=35.0,K=3) | loss=0.4636  [Client 15] Round 1 | Hier-pFedMe(λ2=35.0,K=3) | loss=0.7484

  [Client 12] Round 1 | Hier-pFedMe(λ2=35.0,K=3) | loss=4.1047
  [C18] Round 1 | batch 2/120 x[0].mean=-0.104889
  [C11] Round 1 | batch 2/120 x[0].mean=-0.159416
  [C16] Round 1 | batch 2/120 x[0].mean=0.660963
  [C13] Round 1 | batch 2/120 x[0].mean=0.329058
  [Client 18] Round 1 | Hier-pFedMe(λ2=35.0,K=3) | loss=1.0550
  [Client 11] Round 1 | Hier-pFedMe(λ2=35.0,K=3) | loss=2.4526
  [Client 16] Round 1 | Hier-pFedMe(λ2=35.0,K=3) | loss=4.6033
  [Client 13] Round 1 | Hier-pFedMe(λ2=35.0,K=3) | loss=3.4050
  [C17] Round 1 | batch 2/120 x[0].mean=0.030488
  [C19] Round 1 | batch 2/120 x[0].mean=0.993457
  [Client 17] Round 1 | Hier-pFedMe(λ2=35.0,K=3) | loss=7.2430
  [Client 19] Round 1 | Hier-pFedMe(λ2=35.0,K=3) | loss=1.2397
  [Edge 1] G1 | E3 | loss=2.8512
  [Edge 1] G1 | E4 | Hier-pFedMe | Selected 10/10
  [C18] Round 1 | batch 3/120 x[0].mean=0.042670  [C14] Round 1 | batch 3/120 x[0].mean=0.131710

  [C12] Round 1 | batch 3/120 x[0].mean=0.062156
  [C15] Round 1 | batch 3/120 x[0].mean=0.189769
  [Client 14] Round 1 | Hier-pFedMe(λ2=35.0,K=3) | loss=0.5617
  [Client 18] Round 1 | Hier-pFedMe(λ2=35.0,K=3) | loss=1.1325
  [Client 12] Round 1 | Hier-pFedMe(λ2=35.0,K=3) | loss=0.6143
  [Client 15] Round 1 | Hier-pFedMe(λ2=35.0,K=3) | loss=1.0120
  [C10] Round 1 | batch 3/120 x[0].mean=-0.062893
  [C13] Round 1 | batch 3/120 x[0].mean=0.703222
  [C11] Round 1 | batch 3/120 x[0].mean=-0.036130
  [C16] Round 1 | batch 3/120 x[0].mean=1.316766
  [Client 10] Round 1 | Hier-pFedMe(λ2=35.0,K=3) | loss=0.6098
  [Client 13] Round 1 | Hier-pFedMe(λ2=35.0,K=3) | loss=0.4402
  [Client 11] Round 1 | Hier-pFedMe(λ2=35.0,K=3) | loss=2.2327
  [Client 16] Round 1 | Hier-pFedMe(λ2=35.0,K=3) | loss=0.4054
  [C19] Round 1 | batch 3/120 x[0].mean=0.304735
  [C17] Round 1 | batch 3/120 x[0].mean=-0.566667
  [Client 19] Round 1 | Hier-pFedMe(λ2=35.0,K=3) | loss=0.4199
  [Client 17] Round 1 | Hier-pFedMe(λ2=35.0,K=3) | loss=1.0115
  [Edge 1] G1 | E4 | loss=0.8440
  [Edge 1] G1 | E5 | Hier-pFedMe | Selected 10/10
  [C18] Round 1 | batch 4/120 x[0].mean=0.191758
  [C13] Round 1 | batch 4/120 x[0].mean=0.123021  [C19] Round 1 | batch 4/120 x[0].mean=0.036436

  [C16] Round 1 | batch 4/120 x[0].mean=0.031901
  [Client 13] Round 1 | Hier-pFedMe(λ2=35.0,K=3) | loss=0.1735  [Client 18] Round 1 | Hier-pFedMe(λ2=35.0,K=3) | loss=0.9457
  [Client 19] Round 1 | Hier-pFedMe(λ2=35.0,K=3) | loss=2.1309
  [Client 16] Round 1 | Hier-pFedMe(λ2=35.0,K=3) | loss=1.3695

  [C17] Round 1 | batch 4/120 x[0].mean=-0.061597
  [C15] Round 1 | batch 4/120 x[0].mean=0.262530
  [C12] Round 1 | batch 4/120 x[0].mean=-0.401005
  [C14] Round 1 | batch 4/120 x[0].mean=-0.000687
  [Client 15] Round 1 | Hier-pFedMe(λ2=35.0,K=3) | loss=0.6490
  [Client 17] Round 1 | Hier-pFedMe(λ2=35.0,K=3) | loss=1.1294
  [Client 12] Round 1 | Hier-pFedMe(λ2=35.0,K=3) | loss=1.3863
  [Client 14] Round 1 | Hier-pFedMe(λ2=35.0,K=3) | loss=0.5210
  [C11] Round 1 | batch 4/120 x[0].mean=-0.230208
  [C10] Round 1 | batch 4/120 x[0].mean=-0.030166
  [Client 11] Round 1 | Hier-pFedMe(λ2=35.0,K=3) | loss=0.2016
  [Client 10] Round 1 | Hier-pFedMe(λ2=35.0,K=3) | loss=2.7113
  [Edge 1] G1 | E5 | loss=1.1218
  [Cloud] GM=0.1095 | EM=0.2225 | loss=2.3080 | time=62.2s | comm=4556.2MB (total=4556MB)

[Round   2] Broadcasting to 2 edges...
  [Edge 0] G2 | E1 | Hier-pFedMe | Selected 10/10
  [C2] Round 2 | batch 5/200 x[0].mean=-0.422795  [C6] Round 2 | batch 5/200 x[0].mean=-0.385886

  [C8] Round 2 | batch 5/100 x[0].mean=-0.325637  [C9] Round 2 | batch 5/100 x[0].mean=0.299162

  [Client  8] Round 2 | Hier-pFedMe(λ2=35.0,K=3) | loss=0.0206
  [Client  2] Round 2 | Hier-pFedMe(λ2=35.0,K=3) | loss=0.4756
  [Client  6] Round 2 | Hier-pFedMe(λ2=35.0,K=3) | loss=0.8266  [Client  9] Round 2 | Hier-pFedMe(λ2=35.0,K=3) | loss=0.0194

  [C5] Round 2 | batch 5/200 x[0].mean=0.524607
  [C1] Round 2 | batch 5/200 x[0].mean=0.209060
  [C4] Round 2 | batch 5/200 x[0].mean=0.255709
  [C0] Round 2 | batch 5/200 x[0].mean=-0.500814
  [Client  5] Round 2 | Hier-pFedMe(λ2=35.0,K=3) | loss=0.4605
  [Client  1] Round 2 | Hier-pFedMe(λ2=35.0,K=3) | loss=0.4604
  [Client  4] Round 2 | Hier-pFedMe(λ2=35.0,K=3) | loss=0.7620
  [Client  0] Round 2 | Hier-pFedMe(λ2=35.0,K=3) | loss=0.7743
  [C7] Round 2 | batch 5/200 x[0].mean=0.217274
  [C3] Round 2 | batch 5/200 x[0].mean=0.529398
  [Client  7] Round 2 | Hier-pFedMe(λ2=35.0,K=3) | loss=0.4311
  [Client  3] Round 2 | Hier-pFedMe(λ2=35.0,K=3) | loss=0.6850
  [Edge 0] G2 | E1 | loss=0.5440
  [Edge 0] G2 | E2 | Hier-pFedMe | Selected 10/10
  [C6] Round 2 | batch 6/200 x[0].mean=-0.121987
  [C1] Round 2 | batch 6/200 x[0].mean=-0.132872  [C8] Round 2 | batch 6/100 x[0].mean=-0.356834  [C5] Round 2 | batch 6/200 x[0].mean=-0.310780


  [Client  6] Round 2 | Hier-pFedMe(λ2=35.0,K=3) | loss=5.8398
  [Client  1] Round 2 | Hier-pFedMe(λ2=35.0,K=3) | loss=0.8203  [Client  8] Round 2 | Hier-pFedMe(λ2=35.0,K=3) | loss=0.0115
  [Client  5] Round 2 | Hier-pFedMe(λ2=35.0,K=3) | loss=1.0720

  [C4] Round 2 | batch 6/200 x[0].mean=-0.290474
  [C3] Round 2 | batch 6/200 x[0].mean=0.017535
  [C0] Round 2 | batch 6/200 x[0].mean=-0.187031
  [C7] Round 2 | batch 6/200 x[0].mean=0.033712
  [Client  4] Round 2 | Hier-pFedMe(λ2=35.0,K=3) | loss=6.7911
  [Client  3] Round 2 | Hier-pFedMe(λ2=35.0,K=3) | loss=0.5617
  [Client  0] Round 2 | Hier-pFedMe(λ2=35.0,K=3) | loss=4.0027
  [Client  7] Round 2 | Hier-pFedMe(λ2=35.0,K=3) | loss=0.5869
  [C9] Round 2 | batch 6/100 x[0].mean=-0.392524
  [C2] Round 2 | batch 6/200 x[0].mean=-0.008869
  [Client  9] Round 2 | Hier-pFedMe(λ2=35.0,K=3) | loss=0.0147
  [Client  2] Round 2 | Hier-pFedMe(λ2=35.0,K=3) | loss=0.7847
  [Edge 0] G2 | E2 | loss=2.2747
  [Edge 0] G2 | E3 | Hier-pFedMe | Selected 10/10
  [C8] Round 2 | batch 7/100 x[0].mean=-0.143998
  [C3] Round 2 | batch 7/200 x[0].mean=-0.032653  [C6] Round 2 | batch 7/200 x[0].mean=-0.006501

  [C1] Round 2 | batch 7/200 x[0].mean=-0.313369
  [Client  8] Round 2 | Hier-pFedMe(λ2=35.0,K=3) | loss=0.0314  [Client  3] Round 2 | Hier-pFedMe(λ2=35.0,K=3) | loss=0.2085

  [Client  6] Round 2 | Hier-pFedMe(λ2=35.0,K=3) | loss=0.4963
  [Client  1] Round 2 | Hier-pFedMe(λ2=35.0,K=3) | loss=0.5127
  [C9] Round 2 | batch 7/100 x[0].mean=0.417643
  [C0] Round 2 | batch 7/200 x[0].mean=-0.230367
  [C5] Round 2 | batch 7/200 x[0].mean=-0.315496
  [C4] Round 2 | batch 7/200 x[0].mean=0.083876
  [Client  9] Round 2 | Hier-pFedMe(λ2=35.0,K=3) | loss=0.0162  [Client  0] Round 2 | Hier-pFedMe(λ2=35.0,K=3) | loss=0.5321

  [Client  5] Round 2 | Hier-pFedMe(λ2=35.0,K=3) | loss=0.5544
  [Client  4] Round 2 | Hier-pFedMe(λ2=35.0,K=3) | loss=0.3672
  [C7] Round 2 | batch 7/200 x[0].mean=-0.353890
  [C2] Round 2 | batch 7/200 x[0].mean=0.495282
  [Client  7] Round 2 | Hier-pFedMe(λ2=35.0,K=3) | loss=0.5347
  [Client  2] Round 2 | Hier-pFedMe(λ2=35.0,K=3) | loss=0.4672
  [Edge 0] G2 | E3 | loss=0.4108
  [Edge 0] G2 | E4 | Hier-pFedMe | Selected 10/10
  [C5] Round 2 | batch 8/200 x[0].mean=-0.105788  [C6] Round 2 | batch 8/200 x[0].mean=-0.013989  [C1] Round 2 | batch 8/200 x[0].mean=-0.786501


  [C2] Round 2 | batch 8/200 x[0].mean=-0.414084
  [Client  5] Round 2 | Hier-pFedMe(λ2=35.0,K=3) | loss=0.3081
  [Client  6] Round 2 | Hier-pFedMe(λ2=35.0,K=3) | loss=4.4072
  [Client  1] Round 2 | Hier-pFedMe(λ2=35.0,K=3) | loss=0.3471  [Client  2] Round 2 | Hier-pFedMe(λ2=35.0,K=3) | loss=1.3238

  [C8] Round 2 | batch 8/100 x[0].mean=-0.310505
  [C0] Round 2 | batch 8/200 x[0].mean=-0.639601
  [C7] Round 2 | batch 8/200 x[0].mean=-0.790325
  [C4] Round 2 | batch 8/200 x[0].mean=-0.301938
  [Client  8] Round 2 | Hier-pFedMe(λ2=35.0,K=3) | loss=0.0105  [Client  0] Round 2 | Hier-pFedMe(λ2=35.0,K=3) | loss=1.0077

  [Client  7] Round 2 | Hier-pFedMe(λ2=35.0,K=3) | loss=1.0697
  [Client  4] Round 2 | Hier-pFedMe(λ2=35.0,K=3) | loss=4.2404
  [C3] Round 2 | batch 8/200 x[0].mean=-0.523092
  [C9] Round 2 | batch 8/100 x[0].mean=-0.269943
  [Client  3] Round 2 | Hier-pFedMe(λ2=35.0,K=3) | loss=0.4252
  [Client  9] Round 2 | Hier-pFedMe(λ2=35.0,K=3) | loss=0.0128
  [Edge 0] G2 | E4 | loss=1.4601
  [Edge 0] G2 | E5 | Hier-pFedMe | Selected 10/10
  [C2] Round 2 | batch 9/200 x[0].mean=-0.087353
  [C6] Round 2 | batch 9/200 x[0].mean=0.368284
  [C1] Round 2 | batch 9/200 x[0].mean=-0.485866
  [C5] Round 2 | batch 9/200 x[0].mean=-0.425374
  [Client  2] Round 2 | Hier-pFedMe(λ2=35.0,K=3) | loss=0.3897
  [Client  6] Round 2 | Hier-pFedMe(λ2=35.0,K=3) | loss=0.8118
  [Client  1] Round 2 | Hier-pFedMe(λ2=35.0,K=3) | loss=0.4417
  [Client  5] Round 2 | Hier-pFedMe(λ2=35.0,K=3) | loss=0.4824
  [C8] Round 2 | batch 9/100 x[0].mean=-0.101055
  [C9] Round 2 | batch 9/100 x[0].mean=-0.613112
  [C3] Round 2 | batch 9/200 x[0].mean=0.279162
  [C7] Round 2 | batch 9/200 x[0].mean=-0.117365
  [Client  9] Round 2 | Hier-pFedMe(λ2=35.0,K=3) | loss=0.0168  [Client  8] Round 2 | Hier-pFedMe(λ2=35.0,K=3) | loss=0.0240

  [Client  3] Round 2 | Hier-pFedMe(λ2=35.0,K=3) | loss=0.4277
  [Client  7] Round 2 | Hier-pFedMe(λ2=35.0,K=3) | loss=0.3376
  [C0] Round 2 | batch 9/200 x[0].mean=0.294044
  [C4] Round 2 | batch 9/200 x[0].mean=0.311176
  [Client  0] Round 2 | Hier-pFedMe(λ2=35.0,K=3) | loss=0.5279
  [Client  4] Round 2 | Hier-pFedMe(λ2=35.0,K=3) | loss=0.3456
  [Edge 0] G2 | E5 | loss=0.4205
  [Edge 1] G2 | E1 | Hier-pFedMe | Selected 10/10
  [C11] Round 2 | batch 5/120 x[0].mean=0.583680  [C14] Round 2 | batch 5/120 x[0].mean=0.156953

  [C16] Round 2 | batch 5/120 x[0].mean=-0.550330  [C17] Round 2 | batch 5/120 x[0].mean=0.038998

  [Client 14] Round 2 | Hier-pFedMe(λ2=35.0,K=3) | loss=0.3421
  [Client 11] Round 2 | Hier-pFedMe(λ2=35.0,K=3) | loss=0.1715
  [Client 17] Round 2 | Hier-pFedMe(λ2=35.0,K=3) | loss=1.1466  [Client 16] Round 2 | Hier-pFedMe(λ2=35.0,K=3) | loss=0.4454

  [C13] Round 2 | batch 5/120 x[0].mean=0.019547
  [C19] Round 2 | batch 5/120 x[0].mean=-0.033272
  [C12] Round 2 | batch 5/120 x[0].mean=0.349538
  [C10] Round 2 | batch 5/120 x[0].mean=-0.005241
  [Client 13] Round 2 | Hier-pFedMe(λ2=35.0,K=3) | loss=0.4740
  [Client 19] Round 2 | Hier-pFedMe(λ2=35.0,K=3) | loss=0.2178
  [Client 12] Round 2 | Hier-pFedMe(λ2=35.0,K=3) | loss=0.6099
  [Client 10] Round 2 | Hier-pFedMe(λ2=35.0,K=3) | loss=0.3119
  [C15] Round 2 | batch 5/120 x[0].mean=-0.162252
  [C18] Round 2 | batch 5/120 x[0].mean=-0.274981
  [Client 15] Round 2 | Hier-pFedMe(λ2=35.0,K=3) | loss=1.1124
  [Client 18] Round 2 | Hier-pFedMe(λ2=35.0,K=3) | loss=0.4501
  [Edge 1] G2 | E1 | loss=0.5282
  [Edge 1] G2 | E2 | Hier-pFedMe | Selected 10/10
  [C10] Round 2 | batch 6/120 x[0].mean=-0.093319
  [C13] Round 2 | batch 6/120 x[0].mean=0.144984
  [C12] Round 2 | batch 6/120 x[0].mean=-0.006947
  [C11] Round 2 | batch 6/120 x[0].mean=-0.509931
  [Client 10] Round 2 | Hier-pFedMe(λ2=35.0,K=3) | loss=0.6152  [Client 13] Round 2 | Hier-pFedMe(λ2=35.0,K=3) | loss=0.2383

  [Client 12] Round 2 | Hier-pFedMe(λ2=35.0,K=3) | loss=1.1479
  [Client 11] Round 2 | Hier-pFedMe(λ2=35.0,K=3) | loss=0.1174
  [C17] Round 2 | batch 6/120 x[0].mean=0.327447
  [C19] Round 2 | batch 6/120 x[0].mean=0.646582
  [C16] Round 2 | batch 6/120 x[0].mean=-0.059671
  [C18] Round 2 | batch 6/120 x[0].mean=-0.473576
  [Client 17] Round 2 | Hier-pFedMe(λ2=35.0,K=3) | loss=1.8149
  [Client 19] Round 2 | Hier-pFedMe(λ2=35.0,K=3) | loss=0.0935  [Client 16] Round 2 | Hier-pFedMe(λ2=35.0,K=3) | loss=2.7056

  [Client 18] Round 2 | Hier-pFedMe(λ2=35.0,K=3) | loss=0.2001
  [C15] Round 2 | batch 6/120 x[0].mean=-0.127950
  [C14] Round 2 | batch 6/120 x[0].mean=0.857222
  [Client 15] Round 2 | Hier-pFedMe(λ2=35.0,K=3) | loss=0.3209
  [Client 14] Round 2 | Hier-pFedMe(λ2=35.0,K=3) | loss=0.1023
  [Edge 1] G2 | E2 | loss=0.7356
  [Edge 1] G2 | E3 | Hier-pFedMe | Selected 10/10
  [C10] Round 2 | batch 7/120 x[0].mean=0.524296
  [C13] Round 2 | batch 7/120 x[0].mean=0.447412  [C14] Round 2 | batch 7/120 x[0].mean=-0.389127

  [C12] Round 2 | batch 7/120 x[0].mean=0.313867
  [Client 10] Round 2 | Hier-pFedMe(λ2=35.0,K=3) | loss=0.3431
  [Client 14] Round 2 | Hier-pFedMe(λ2=35.0,K=3) | loss=0.2461  [Client 13] Round 2 | Hier-pFedMe(λ2=35.0,K=3) | loss=0.2323

  [Client 12] Round 2 | Hier-pFedMe(λ2=35.0,K=3) | loss=0.1505
  [C17] Round 2 | batch 7/120 x[0].mean=0.598790
  [C18] Round 2 | batch 7/120 x[0].mean=-0.257298
  [C16] Round 2 | batch 7/120 x[0].mean=0.195592
  [C19] Round 2 | batch 7/120 x[0].mean=-0.113214
  [Client 17] Round 2 | Hier-pFedMe(λ2=35.0,K=3) | loss=0.6151
  [Client 18] Round 2 | Hier-pFedMe(λ2=35.0,K=3) | loss=0.4255
  [Client 16] Round 2 | Hier-pFedMe(λ2=35.0,K=3) | loss=0.4889
  [Client 19] Round 2 | Hier-pFedMe(λ2=35.0,K=3) | loss=0.2853
  [C15] Round 2 | batch 7/120 x[0].mean=0.225756
  [C11] Round 2 | batch 7/120 x[0].mean=0.451492
  [Client 15] Round 2 | Hier-pFedMe(λ2=35.0,K=3) | loss=0.2282  [Client 11] Round 2 | Hier-pFedMe(λ2=35.0,K=3) | loss=0.5334

  [Edge 1] G2 | E3 | loss=0.3548
  [Edge 1] G2 | E4 | Hier-pFedMe | Selected 10/10
  [C14] Round 2 | batch 8/120 x[0].mean=0.335998
  [C11] Round 2 | batch 8/120 x[0].mean=1.042942  [C19] Round 2 | batch 8/120 x[0].mean=-0.483281  [C15] Round 2 | batch 8/120 x[0].mean=0.459087


  [Client 14] Round 2 | Hier-pFedMe(λ2=35.0,K=3) | loss=0.3338
  [Client 19] Round 2 | Hier-pFedMe(λ2=35.0,K=3) | loss=0.6923  [Client 15] Round 2 | Hier-pFedMe(λ2=35.0,K=3) | loss=0.4694
  [Client 11] Round 2 | Hier-pFedMe(λ2=35.0,K=3) | loss=0.3430

  [C12] Round 2 | batch 8/120 x[0].mean=0.311390
  [C17] Round 2 | batch 8/120 x[0].mean=-0.474037
  [C10] Round 2 | batch 8/120 x[0].mean=-0.077178
  [C13] Round 2 | batch 8/120 x[0].mean=0.411974
  [Client 12] Round 2 | Hier-pFedMe(λ2=35.0,K=3) | loss=1.4768  [Client 17] Round 2 | Hier-pFedMe(λ2=35.0,K=3) | loss=0.1746

  [Client 10] Round 2 | Hier-pFedMe(λ2=35.0,K=3) | loss=0.1492
  [Client 13] Round 2 | Hier-pFedMe(λ2=35.0,K=3) | loss=0.7280
  [C18] Round 2 | batch 8/120 x[0].mean=-0.181775  [C16] Round 2 | batch 8/120 x[0].mean=0.155457

  [Client 16] Round 2 | Hier-pFedMe(λ2=35.0,K=3) | loss=0.9516  [Client 18] Round 2 | Hier-pFedMe(λ2=35.0,K=3) | loss=0.4097

  [Edge 1] G2 | E4 | loss=0.5728
  [Edge 1] G2 | E5 | Hier-pFedMe | Selected 10/10
  [C13] Round 2 | batch 9/120 x[0].mean=0.655200
  [C11] Round 2 | batch 9/120 x[0].mean=-0.192074
  [C14] Round 2 | batch 9/120 x[0].mean=0.625338
  [C18] Round 2 | batch 9/120 x[0].mean=-0.228218
  [Client 11] Round 2 | Hier-pFedMe(λ2=35.0,K=3) | loss=0.2989
  [Client 13] Round 2 | Hier-pFedMe(λ2=35.0,K=3) | loss=0.4189
  [Client 18] Round 2 | Hier-pFedMe(λ2=35.0,K=3) | loss=0.4175
  [Client 14] Round 2 | Hier-pFedMe(λ2=35.0,K=3) | loss=0.2034
  [C17] Round 2 | batch 9/120 x[0].mean=-0.420981
  [C16] Round 2 | batch 9/120 x[0].mean=0.562837
  [C10] Round 2 | batch 9/120 x[0].mean=-0.159223
  [C15] Round 2 | batch 9/120 x[0].mean=0.467042
  [Client 17] Round 2 | Hier-pFedMe(λ2=35.0,K=3) | loss=0.1807
  [Client 16] Round 2 | Hier-pFedMe(λ2=35.0,K=3) | loss=0.8321
  [Client 10] Round 2 | Hier-pFedMe(λ2=35.0,K=3) | loss=0.1841
  [Client 15] Round 2 | Hier-pFedMe(λ2=35.0,K=3) | loss=0.1845
  [C19] Round 2 | batch 9/120 x[0].mean=0.501114
  [C12] Round 2 | batch 9/120 x[0].mean=0.722342
  [Client 19] Round 2 | Hier-pFedMe(λ2=35.0,K=3) | loss=0.4298
  [Client 12] Round 2 | Hier-pFedMe(λ2=35.0,K=3) | loss=0.4105
  [Edge 1] G2 | E5 | loss=0.3560
  [Cloud] GM=0.1197 | EM=0.2314 | loss=2.3117 | time=28.1s | comm=4556.2MB (total=9112MB)

[Round   3] Broadcasting to 2 edges...
  [Edge 0] G3 | E1 | Hier-pFedMe | Selected 10/10
  [C3] Round 3 | batch 10/200 x[0].mean=-0.120882  [C6] Round 3 | batch 10/200 x[0].mean=-0.232164  [C4] Round 3 | batch 10/200 x[0].mean=0.211257
  [C9] Round 3 | batch 10/100 x[0].mean=-0.194494


  [Client  3] Round 3 | Hier-pFedMe(λ2=35.0,K=3) | loss=0.6057
  [Client  6] Round 3 | Hier-pFedMe(λ2=35.0,K=3) | loss=2.5686  [Client  4] Round 3 | Hier-pFedMe(λ2=35.0,K=3) | loss=5.1133

  [Client  9] Round 3 | Hier-pFedMe(λ2=35.0,K=3) | loss=0.0148
  [C5] Round 3 | batch 10/200 x[0].mean=0.044663
  [C1] Round 3 | batch 10/200 x[0].mean=0.620109
  [C0] Round 3 | batch 10/200 x[0].mean=-0.252713
  [C7] Round 3 | batch 10/200 x[0].mean=0.448771
  [Client  5] Round 3 | Hier-pFedMe(λ2=35.0,K=3) | loss=0.7733  [Client  1] Round 3 | Hier-pFedMe(λ2=35.0,K=3) | loss=0.6229

  [Client  0] Round 3 | Hier-pFedMe(λ2=35.0,K=3) | loss=1.3642
  [Client  7] Round 3 | Hier-pFedMe(λ2=35.0,K=3) | loss=0.5961
  [C8] Round 3 | batch 10/100 x[0].mean=-0.023000
  [C2] Round 3 | batch 10/200 x[0].mean=0.388971
  [Client  2] Round 3 | Hier-pFedMe(λ2=35.0,K=3) | loss=1.2569
  [Client  8] Round 3 | Hier-pFedMe(λ2=35.0,K=3) | loss=0.0184
  [Edge 0] G3 | E1 | loss=1.4353
  [Edge 0] G3 | E2 | Hier-pFedMe | Selected 10/10
  [C4] Round 3 | batch 11/200 x[0].mean=0.444055
  [C6] Round 3 | batch 11/200 x[0].mean=-0.113754
  [C5] Round 3 | batch 11/200 x[0].mean=0.406131
  [C9] Round 3 | batch 11/100 x[0].mean=-0.128628
  [Client  4] Round 3 | Hier-pFedMe(λ2=35.0,K=3) | loss=0.4931
  [Client  6] Round 3 | Hier-pFedMe(λ2=35.0,K=3) | loss=0.3756  [Client  5] Round 3 | Hier-pFedMe(λ2=35.0,K=3) | loss=0.9033

  [Client  9] Round 3 | Hier-pFedMe(λ2=35.0,K=3) | loss=0.0179
  [C7] Round 3 | batch 11/200 x[0].mean=-0.110607  [C1] Round 3 | batch 11/200 x[0].mean=0.108081

  [C8] Round 3 | batch 11/100 x[0].mean=0.103789
  [C0] Round 3 | batch 11/200 x[0].mean=0.152902
  [Client  1] Round 3 | Hier-pFedMe(λ2=35.0,K=3) | loss=0.3344
  [Client  8] Round 3 | Hier-pFedMe(λ2=35.0,K=3) | loss=0.0131  [Client  7] Round 3 | Hier-pFedMe(λ2=35.0,K=3) | loss=0.4693

  [Client  0] Round 3 | Hier-pFedMe(λ2=35.0,K=3) | loss=0.3809
  [C3] Round 3 | batch 11/200 x[0].mean=-0.129564
  [C2] Round 3 | batch 11/200 x[0].mean=-0.460419
  [Client  3] Round 3 | Hier-pFedMe(λ2=35.0,K=3) | loss=0.2089
  [Client  2] Round 3 | Hier-pFedMe(λ2=35.0,K=3) | loss=0.4804
  [Edge 0] G3 | E2 | loss=0.4068
  [Edge 0] G3 | E3 | Hier-pFedMe | Selected 10/10
  [C7] Round 3 | batch 12/200 x[0].mean=0.224488
  [C9] Round 3 | batch 12/100 x[0].mean=0.106275  [C6] Round 3 | batch 12/200 x[0].mean=0.067423
  [C5] Round 3 | batch 12/200 x[0].mean=0.807889

  [Client  7] Round 3 | Hier-pFedMe(λ2=35.0,K=3) | loss=0.3164
  [Client  9] Round 3 | Hier-pFedMe(λ2=35.0,K=3) | loss=0.0215
  [Client  5] Round 3 | Hier-pFedMe(λ2=35.0,K=3) | loss=0.2210
  [Client  6] Round 3 | Hier-pFedMe(λ2=35.0,K=3) | loss=0.7070
  [C4] Round 3 | batch 12/200 x[0].mean=0.295407
  [C1] Round 3 | batch 12/200 x[0].mean=-0.389017
  [C2] Round 3 | batch 12/200 x[0].mean=-0.284379
  [C0] Round 3 | batch 12/200 x[0].mean=-0.163806
  [Client  4] Round 3 | Hier-pFedMe(λ2=35.0,K=3) | loss=4.8787
  [Client  1] Round 3 | Hier-pFedMe(λ2=35.0,K=3) | loss=0.4185
  [Client  2] Round 3 | Hier-pFedMe(λ2=35.0,K=3) | loss=1.3672
  [Client  0] Round 3 | Hier-pFedMe(λ2=35.0,K=3) | loss=2.2989
  [C3] Round 3 | batch 12/200 x[0].mean=-0.489677
  [C8] Round 3 | batch 12/100 x[0].mean=-0.103995
  [Client  3] Round 3 | Hier-pFedMe(λ2=35.0,K=3) | loss=0.5230
  [Client  8] Round 3 | Hier-pFedMe(λ2=35.0,K=3) | loss=0.0155
  [Edge 0] G3 | E3 | loss=1.1943
  [Edge 0] G3 | E4 | Hier-pFedMe | Selected 10/10
  [C0] Round 3 | batch 13/200 x[0].mean=0.088312
  [C8] Round 3 | batch 13/100 x[0].mean=-0.543141
  [C7] Round 3 | batch 13/200 x[0].mean=-0.260393
  [C1] Round 3 | batch 13/200 x[0].mean=-0.319000
  [Client  0] Round 3 | Hier-pFedMe(λ2=35.0,K=3) | loss=0.4642  [Client  8] Round 3 | Hier-pFedMe(λ2=35.0,K=3) | loss=0.0106

  [Client  7] Round 3 | Hier-pFedMe(λ2=35.0,K=3) | loss=0.3063
  [Client  1] Round 3 | Hier-pFedMe(λ2=35.0,K=3) | loss=0.2587
  [C2] Round 3 | batch 13/200 x[0].mean=-0.495920  [C3] Round 3 | batch 13/200 x[0].mean=0.109417

  [C9] Round 3 | batch 13/100 x[0].mean=-0.011257
  [C6] Round 3 | batch 13/200 x[0].mean=0.752571
  [Client  3] Round 3 | Hier-pFedMe(λ2=35.0,K=3) | loss=0.3750
  [Client  2] Round 3 | Hier-pFedMe(λ2=35.0,K=3) | loss=0.2674  [Client  9] Round 3 | Hier-pFedMe(λ2=35.0,K=3) | loss=0.0101

  [Client  6] Round 3 | Hier-pFedMe(λ2=35.0,K=3) | loss=0.9180
  [C5] Round 3 | batch 13/200 x[0].mean=-0.357635
  [C4] Round 3 | batch 13/200 x[0].mean=0.329131
  [Client  5] Round 3 | Hier-pFedMe(λ2=35.0,K=3) | loss=0.3642
  [Client  4] Round 3 | Hier-pFedMe(λ2=35.0,K=3) | loss=0.6665
  [Edge 0] G3 | E4 | loss=0.4034
  [Edge 0] G3 | E5 | Hier-pFedMe | Selected 10/10
  [C5] Round 3 | batch 14/200 x[0].mean=0.196900
  [C0] Round 3 | batch 14/200 x[0].mean=0.471674  [C4] Round 3 | batch 14/200 x[0].mean=0.005423

  [C9] Round 3 | batch 14/100 x[0].mean=-0.881934
  [Client  0] Round 3 | Hier-pFedMe(λ2=35.0,K=3) | loss=1.7452
  [Client  5] Round 3 | Hier-pFedMe(λ2=35.0,K=3) | loss=0.2163  [Client  9] Round 3 | Hier-pFedMe(λ2=35.0,K=3) | loss=0.0151
  [Client  4] Round 3 | Hier-pFedMe(λ2=35.0,K=3) | loss=4.3939

  [C3] Round 3 | batch 14/200 x[0].mean=-0.284109
  [C7] Round 3 | batch 14/200 x[0].mean=-0.002814
  [C2] Round 3 | batch 14/200 x[0].mean=0.078322
  [C6] Round 3 | batch 14/200 x[0].mean=-0.246984
  [Client  3] Round 3 | Hier-pFedMe(λ2=35.0,K=3) | loss=1.1031
  [Client  7] Round 3 | Hier-pFedMe(λ2=35.0,K=3) | loss=0.5804
  [Client  2] Round 3 | Hier-pFedMe(λ2=35.0,K=3) | loss=0.4841
  [Client  6] Round 3 | Hier-pFedMe(λ2=35.0,K=3) | loss=2.4041
  [C1] Round 3 | batch 14/200 x[0].mean=-0.562007
  [C8] Round 3 | batch 14/100 x[0].mean=-0.384782
  [Client  1] Round 3 | Hier-pFedMe(λ2=35.0,K=3) | loss=0.3818
  [Client  8] Round 3 | Hier-pFedMe(λ2=35.0,K=3) | loss=0.0096
  [Edge 0] G3 | E5 | loss=1.2579
  [Edge 1] G3 | E1 | Hier-pFedMe | Selected 10/10
  [C17] Round 3 | batch 10/120 x[0].mean=0.020358  [C18] Round 3 | batch 10/120 x[0].mean=-0.348009
  [C11] Round 3 | batch 10/120 x[0].mean=0.226001

  [C12] Round 3 | batch 10/120 x[0].mean=0.165289
  [Client 17] Round 3 | Hier-pFedMe(λ2=35.0,K=3) | loss=0.4553
  [Client 11] Round 3 | Hier-pFedMe(λ2=35.0,K=3) | loss=0.1297
  [Client 18] Round 3 | Hier-pFedMe(λ2=35.0,K=3) | loss=0.4868
  [Client 12] Round 3 | Hier-pFedMe(λ2=35.0,K=3) | loss=0.1615
  [C10] Round 3 | batch 10/120 x[0].mean=0.447025
  [C15] Round 3 | batch 10/120 x[0].mean=0.877394
  [C19] Round 3 | batch 10/120 x[0].mean=-0.060223
  [C13] Round 3 | batch 10/120 x[0].mean=-0.510214
  [Client 10] Round 3 | Hier-pFedMe(λ2=35.0,K=3) | loss=0.3873
  [Client 15] Round 3 | Hier-pFedMe(λ2=35.0,K=3) | loss=0.3639
  [Client 19] Round 3 | Hier-pFedMe(λ2=35.0,K=3) | loss=0.2817
  [Client 13] Round 3 | Hier-pFedMe(λ2=35.0,K=3) | loss=0.8988
  [C14] Round 3 | batch 10/120 x[0].mean=-0.204439
  [C16] Round 3 | batch 10/120 x[0].mean=-0.010932
  [Client 14] Round 3 | Hier-pFedMe(λ2=35.0,K=3) | loss=0.1044
  [Client 16] Round 3 | Hier-pFedMe(λ2=35.0,K=3) | loss=1.7210
  [Edge 1] G3 | E1 | loss=0.4990
  [Edge 1] G3 | E2 | Hier-pFedMe | Selected 10/10
  [C13] Round 3 | batch 11/120 x[0].mean=0.725712
  [C12] Round 3 | batch 11/120 x[0].mean=-0.190087
  [C10] Round 3 | batch 11/120 x[0].mean=0.098610  [C15] Round 3 | batch 11/120 x[0].mean=0.219379

  [Client 13] Round 3 | Hier-pFedMe(λ2=35.0,K=3) | loss=0.2046
  [Client 12] Round 3 | Hier-pFedMe(λ2=35.0,K=3) | loss=0.1930
  [Client 15] Round 3 | Hier-pFedMe(λ2=35.0,K=3) | loss=0.1562
  [Client 10] Round 3 | Hier-pFedMe(λ2=35.0,K=3) | loss=0.2520
  [C17] Round 3 | batch 11/120 x[0].mean=-0.212663
  [C16] Round 3 | batch 11/120 x[0].mean=0.549265
  [C19] Round 3 | batch 11/120 x[0].mean=0.467311
  [C18] Round 3 | batch 11/120 x[0].mean=-0.386524
  [Client 17] Round 3 | Hier-pFedMe(λ2=35.0,K=3) | loss=0.2653
  [Client 19] Round 3 | Hier-pFedMe(λ2=35.0,K=3) | loss=0.6575
  [Client 16] Round 3 | Hier-pFedMe(λ2=35.0,K=3) | loss=0.2442
  [Client 18] Round 3 | Hier-pFedMe(λ2=35.0,K=3) | loss=0.8748
  [C14] Round 3 | batch 11/120 x[0].mean=-0.158029
  [C11] Round 3 | batch 11/120 x[0].mean=-0.261296
  [Client 11] Round 3 | Hier-pFedMe(λ2=35.0,K=3) | loss=0.3279  [Client 14] Round 3 | Hier-pFedMe(λ2=35.0,K=3) | loss=0.2353

  [Edge 1] G3 | E2 | loss=0.3411
  [Edge 1] G3 | E3 | Hier-pFedMe | Selected 10/10
  [C15] Round 3 | batch 12/120 x[0].mean=0.262172  [C16] Round 3 | batch 12/120 x[0].mean=0.305525  [C17] Round 3 | batch 12/120 x[0].mean=-0.120391


  [C10] Round 3 | batch 12/120 x[0].mean=0.013584
  [Client 15] Round 3 | Hier-pFedMe(λ2=35.0,K=3) | loss=0.4117
  [Client 17] Round 3 | Hier-pFedMe(λ2=35.0,K=3) | loss=0.4359
  [Client 16] Round 3 | Hier-pFedMe(λ2=35.0,K=3) | loss=1.8173
  [Client 10] Round 3 | Hier-pFedMe(λ2=35.0,K=3) | loss=0.1748
  [C12] Round 3 | batch 12/120 x[0].mean=0.182319
  [C14] Round 3 | batch 12/120 x[0].mean=1.078026
  [C18] Round 3 | batch 12/120 x[0].mean=-0.309921
  [C19] Round 3 | batch 12/120 x[0].mean=-0.124704
  [Client 12] Round 3 | Hier-pFedMe(λ2=35.0,K=3) | loss=0.1094
  [Client 14] Round 3 | Hier-pFedMe(λ2=35.0,K=3) | loss=0.2716
  [Client 18] Round 3 | Hier-pFedMe(λ2=35.0,K=3) | loss=0.4908
  [Client 19] Round 3 | Hier-pFedMe(λ2=35.0,K=3) | loss=0.4659
  [C13] Round 3 | batch 12/120 x[0].mean=-0.699596
  [C11] Round 3 | batch 12/120 x[0].mean=0.134749
  [Client 13] Round 3 | Hier-pFedMe(λ2=35.0,K=3) | loss=0.5848
  [Client 11] Round 3 | Hier-pFedMe(λ2=35.0,K=3) | loss=0.2075
  [Edge 1] G3 | E3 | loss=0.4970
  [Edge 1] G3 | E4 | Hier-pFedMe | Selected 10/10
  [C19] Round 3 | batch 13/120 x[0].mean=-0.153499
  [C15] Round 3 | batch 13/120 x[0].mean=0.076962
  [C10] Round 3 | batch 13/120 x[0].mean=-0.028844
  [C13] Round 3 | batch 13/120 x[0].mean=0.026055
  [Client 19] Round 3 | Hier-pFedMe(λ2=35.0,K=3) | loss=1.2761  [Client 15] Round 3 | Hier-pFedMe(λ2=35.0,K=3) | loss=0.5595

  [Client 13] Round 3 | Hier-pFedMe(λ2=35.0,K=3) | loss=1.0064  [Client 10] Round 3 | Hier-pFedMe(λ2=35.0,K=3) | loss=0.1078

  [C17] Round 3 | batch 13/120 x[0].mean=-0.438156
  [C16] Round 3 | batch 13/120 x[0].mean=0.636919
  [C12] Round 3 | batch 13/120 x[0].mean=-0.071701
  [C11] Round 3 | batch 13/120 x[0].mean=0.027506
  [Client 16] Round 3 | Hier-pFedMe(λ2=35.0,K=3) | loss=0.3433
  [Client 17] Round 3 | Hier-pFedMe(λ2=35.0,K=3) | loss=0.9231
  [Client 12] Round 3 | Hier-pFedMe(λ2=35.0,K=3) | loss=0.3158  [Client 11] Round 3 | Hier-pFedMe(λ2=35.0,K=3) | loss=0.4735

  [C14] Round 3 | batch 13/120 x[0].mean=-0.489103  [C18] Round 3 | batch 13/120 x[0].mean=0.167897

  [Client 14] Round 3 | Hier-pFedMe(λ2=35.0,K=3) | loss=0.1629  [Client 18] Round 3 | Hier-pFedMe(λ2=35.0,K=3) | loss=0.3666

  [Edge 1] G3 | E4 | loss=0.5535
  [Edge 1] G3 | E5 | Hier-pFedMe | Selected 10/10
  [C13] Round 3 | batch 14/120 x[0].mean=0.497446
  [C14] Round 3 | batch 14/120 x[0].mean=-0.268154  [C10] Round 3 | batch 14/120 x[0].mean=0.193192

  [C12] Round 3 | batch 14/120 x[0].mean=0.685172
  [Client 13] Round 3 | Hier-pFedMe(λ2=35.0,K=3) | loss=1.0878
  [Client 14] Round 3 | Hier-pFedMe(λ2=35.0,K=3) | loss=0.4764
  [Client 10] Round 3 | Hier-pFedMe(λ2=35.0,K=3) | loss=0.1996  [Client 12] Round 3 | Hier-pFedMe(λ2=35.0,K=3) | loss=0.1187

  [C19] Round 3 | batch 14/120 x[0].mean=0.212702
  [C11] Round 3 | batch 14/120 x[0].mean=-0.199141
  [C17] Round 3 | batch 14/120 x[0].mean=-0.122548
  [C15] Round 3 | batch 14/120 x[0].mean=0.239568
  [Client 19] Round 3 | Hier-pFedMe(λ2=35.0,K=3) | loss=0.2402
  [Client 11] Round 3 | Hier-pFedMe(λ2=35.0,K=3) | loss=0.1390
  [Client 17] Round 3 | Hier-pFedMe(λ2=35.0,K=3) | loss=1.0415
  [Client 15] Round 3 | Hier-pFedMe(λ2=35.0,K=3) | loss=0.2139
  [C18] Round 3 | batch 14/120 x[0].mean=-0.281957
  [C16] Round 3 | batch 14/120 x[0].mean=1.130714
  [Client 18] Round 3 | Hier-pFedMe(λ2=35.0,K=3) | loss=0.3083
  [Client 16] Round 3 | Hier-pFedMe(λ2=35.0,K=3) | loss=2.1042
  [Edge 1] G3 | E5 | loss=0.5930
  [Cloud] GM=0.1517 | EM=0.2745 | loss=2.2670 | time=28.0s | comm=4556.2MB (total=13669MB)

[Round   4] Broadcasting to 2 edges...
  [Edge 0] G4 | E1 | Hier-pFedMe | Selected 10/10
  [C6] Round 4 | batch 15/200 x[0].mean=0.645766
  [C2] Round 4 | batch 15/200 x[0].mean=-0.039781
  [C5] Round 4 | batch 15/200 x[0].mean=0.281583
  [C7] Round 4 | batch 15/200 x[0].mean=-0.815054
  [Client  2] Round 4 | Hier-pFedMe(λ2=35.0,K=3) | loss=0.4602  [Client  6] Round 4 | Hier-pFedMe(λ2=35.0,K=3) | loss=0.5799

  [Client  5] Round 4 | Hier-pFedMe(λ2=35.0,K=3) | loss=0.1833  [Client  7] Round 4 | Hier-pFedMe(λ2=35.0,K=3) | loss=0.4602

  [C1] Round 4 | batch 15/200 x[0].mean=-0.722220
  [C8] Round 4 | batch 15/100 x[0].mean=-0.017608
  [C0] Round 4 | batch 15/200 x[0].mean=-0.393541
  [C4] Round 4 | batch 15/200 x[0].mean=0.330543
  [Client  1] Round 4 | Hier-pFedMe(λ2=35.0,K=3) | loss=0.3392
  [Client  8] Round 4 | Hier-pFedMe(λ2=35.0,K=3) | loss=0.0143
  [Client  0] Round 4 | Hier-pFedMe(λ2=35.0,K=3) | loss=0.4097
  [Client  4] Round 4 | Hier-pFedMe(λ2=35.0,K=3) | loss=0.3676
  [C9] Round 4 | batch 15/100 x[0].mean=0.072087
  [C3] Round 4 | batch 15/200 x[0].mean=-0.123285
  [Client  9] Round 4 | Hier-pFedMe(λ2=35.0,K=3) | loss=0.0176
  [Client  3] Round 4 | Hier-pFedMe(λ2=35.0,K=3) | loss=0.2745
  [Edge 0] G4 | E1 | loss=0.3434
  [Edge 0] G4 | E2 | Hier-pFedMe | Selected 10/10
  [C2] Round 4 | batch 16/200 x[0].mean=-0.788933
  [C1] Round 4 | batch 16/200 x[0].mean=0.141276
  [C6] Round 4 | batch 16/200 x[0].mean=0.273209
  [C4] Round 4 | batch 16/200 x[0].mean=-0.185915
  [Client  2] Round 4 | Hier-pFedMe(λ2=35.0,K=3) | loss=0.2181
  [Client  1] Round 4 | Hier-pFedMe(λ2=35.0,K=3) | loss=0.3246
  [Client  4] Round 4 | Hier-pFedMe(λ2=35.0,K=3) | loss=0.1500
  [Client  6] Round 4 | Hier-pFedMe(λ2=35.0,K=3) | loss=1.3421
  [C5] Round 4 | batch 16/200 x[0].mean=0.100747  [C3] Round 4 | batch 16/200 x[0].mean=0.099305

  [C9] Round 4 | batch 16/100 x[0].mean=-0.309974
  [C0] Round 4 | batch 16/200 x[0].mean=-0.074234
  [Client  5] Round 4 | Hier-pFedMe(λ2=35.0,K=3) | loss=0.9663
  [Client  3] Round 4 | Hier-pFedMe(λ2=35.0,K=3) | loss=1.6112
  [Client  9] Round 4 | Hier-pFedMe(λ2=35.0,K=3) | loss=0.0124
  [Client  0] Round 4 | Hier-pFedMe(λ2=35.0,K=3) | loss=2.5593
  [C8] Round 4 | batch 16/100 x[0].mean=-0.199117  [C7] Round 4 | batch 16/200 x[0].mean=0.053142

  [Client  8] Round 4 | Hier-pFedMe(λ2=35.0,K=3) | loss=0.0140
  [Client  7] Round 4 | Hier-pFedMe(λ2=35.0,K=3) | loss=0.3281
  [Edge 0] G4 | E2 | loss=0.8348
  [Edge 0] G4 | E3 | Hier-pFedMe | Selected 10/10
  [C3] Round 4 | batch 17/200 x[0].mean=-0.102478
  [C6] Round 4 | batch 17/200 x[0].mean=-0.711376  [C2] Round 4 | batch 17/200 x[0].mean=-0.445020

  [C8] Round 4 | batch 17/100 x[0].mean=-0.463159
  [Client  3] Round 4 | Hier-pFedMe(λ2=35.0,K=3) | loss=1.0818
  [Client  6] Round 4 | Hier-pFedMe(λ2=35.0,K=3) | loss=0.2525
  [Client  2] Round 4 | Hier-pFedMe(λ2=35.0,K=3) | loss=0.2122
  [Client  8] Round 4 | Hier-pFedMe(λ2=35.0,K=3) | loss=0.0125
  [C7] Round 4 | batch 17/200 x[0].mean=-0.122565
  [C1] Round 4 | batch 17/200 x[0].mean=-0.005734
  [C0] Round 4 | batch 17/200 x[0].mean=-0.120415
  [C9] Round 4 | batch 17/100 x[0].mean=-1.018474
  [Client  7] Round 4 | Hier-pFedMe(λ2=35.0,K=3) | loss=0.1618
  [Client  1] Round 4 | Hier-pFedMe(λ2=35.0,K=3) | loss=0.3139
  [Client  0] Round 4 | Hier-pFedMe(λ2=35.0,K=3) | loss=0.3636
  [Client  9] Round 4 | Hier-pFedMe(λ2=35.0,K=3) | loss=0.0128
  [C5] Round 4 | batch 17/200 x[0].mean=-0.298478
  [C4] Round 4 | batch 17/200 x[0].mean=0.083045
  [Client  5] Round 4 | Hier-pFedMe(λ2=35.0,K=3) | loss=0.8498
  [Client  4] Round 4 | Hier-pFedMe(λ2=35.0,K=3) | loss=0.3791
  [Edge 0] G4 | E3 | loss=0.4031
  [Edge 0] G4 | E4 | Hier-pFedMe | Selected 10/10
  [C7] Round 4 | batch 18/200 x[0].mean=-0.076761
  [C4] Round 4 | batch 18/200 x[0].mean=-1.106847
  [C9] Round 4 | batch 18/100 x[0].mean=0.003782
  [C2] Round 4 | batch 18/200 x[0].mean=0.046922
  [Client  7] Round 4 | Hier-pFedMe(λ2=35.0,K=3) | loss=0.3492
  [Client  4] Round 4 | Hier-pFedMe(λ2=35.0,K=3) | loss=0.7349
  [Client  2] Round 4 | Hier-pFedMe(λ2=35.0,K=3) | loss=0.1201
  [Client  9] Round 4 | Hier-pFedMe(λ2=35.0,K=3) | loss=0.0117
  [C0] Round 4 | batch 18/200 x[0].mean=-0.499130
  [C6] Round 4 | batch 18/200 x[0].mean=-0.091061
  [C1] Round 4 | batch 18/200 x[0].mean=-0.691764
  [C3] Round 4 | batch 18/200 x[0].mean=0.285164
  [Client  0] Round 4 | Hier-pFedMe(λ2=35.0,K=3) | loss=2.6853
  [Client  6] Round 4 | Hier-pFedMe(λ2=35.0,K=3) | loss=2.2448
  [Client  1] Round 4 | Hier-pFedMe(λ2=35.0,K=3) | loss=0.2147  [Client  3] Round 4 | Hier-pFedMe(λ2=35.0,K=3) | loss=2.9731

  [C8] Round 4 | batch 18/100 x[0].mean=-0.703291
  [C5] Round 4 | batch 18/200 x[0].mean=-0.155869
  [Client  8] Round 4 | Hier-pFedMe(λ2=35.0,K=3) | loss=0.0132
  [Client  5] Round 4 | Hier-pFedMe(λ2=35.0,K=3) | loss=0.4837
  [Edge 0] G4 | E4 | loss=1.0909
  [Edge 0] G4 | E5 | Hier-pFedMe | Selected 10/10
  [C8] Round 4 | batch 19/100 x[0].mean=-0.274833
  [C4] Round 4 | batch 19/200 x[0].mean=0.580481  [C2] Round 4 | batch 19/200 x[0].mean=0.201165

  [C1] Round 4 | batch 19/200 x[0].mean=-0.191391
  [Client  2] Round 4 | Hier-pFedMe(λ2=35.0,K=3) | loss=0.2539
  [Client  4] Round 4 | Hier-pFedMe(λ2=35.0,K=3) | loss=0.2486  [Client  8] Round 4 | Hier-pFedMe(λ2=35.0,K=3) | loss=0.0114
  [Client  1] Round 4 | Hier-pFedMe(λ2=35.0,K=3) | loss=0.3531

  [C5] Round 4 | batch 19/200 x[0].mean=0.995636
  [C0] Round 4 | batch 19/200 x[0].mean=0.332569  [C9] Round 4 | batch 19/100 x[0].mean=0.086869

  [C3] Round 4 | batch 19/200 x[0].mean=0.561821
  [Client  5] Round 4 | Hier-pFedMe(λ2=35.0,K=3) | loss=0.1545
  [Client  0] Round 4 | Hier-pFedMe(λ2=35.0,K=3) | loss=0.2863  [Client  9] Round 4 | Hier-pFedMe(λ2=35.0,K=3) | loss=0.0103

  [Client  3] Round 4 | Hier-pFedMe(λ2=35.0,K=3) | loss=0.2983
  [C7] Round 4 | batch 19/200 x[0].mean=0.569324
  [C6] Round 4 | batch 19/200 x[0].mean=-0.531625
  [Client  7] Round 4 | Hier-pFedMe(λ2=35.0,K=3) | loss=0.2444
  [Client  6] Round 4 | Hier-pFedMe(λ2=35.0,K=3) | loss=0.2432
  [Edge 0] G4 | E5 | loss=0.2326
  [Edge 1] G4 | E1 | Hier-pFedMe | Selected 10/10
  [C17] Round 4 | batch 15/120 x[0].mean=-0.483007
  [C13] Round 4 | batch 15/120 x[0].mean=0.366267
  [C14] Round 4 | batch 15/120 x[0].mean=0.118467
  [C10] Round 4 | batch 15/120 x[0].mean=-0.849518
  [Client 17] Round 4 | Hier-pFedMe(λ2=35.0,K=3) | loss=0.7786
  [Client 13] Round 4 | Hier-pFedMe(λ2=35.0,K=3) | loss=0.2301
  [Client 14] Round 4 | Hier-pFedMe(λ2=35.0,K=3) | loss=0.3294
  [Client 10] Round 4 | Hier-pFedMe(λ2=35.0,K=3) | loss=0.1557
  [C11] Round 4 | batch 15/120 x[0].mean=-0.137609  [C12] Round 4 | batch 15/120 x[0].mean=0.616152

  [C18] Round 4 | batch 15/120 x[0].mean=0.023750
  [C19] Round 4 | batch 15/120 x[0].mean=-0.091535
  [Client 11] Round 4 | Hier-pFedMe(λ2=35.0,K=3) | loss=0.3083  [Client 12] Round 4 | Hier-pFedMe(λ2=35.0,K=3) | loss=0.3212

  [Client 18] Round 4 | Hier-pFedMe(λ2=35.0,K=3) | loss=1.0144
  [Client 19] Round 4 | Hier-pFedMe(λ2=35.0,K=3) | loss=0.2550
  [C16] Round 4 | batch 15/120 x[0].mean=-0.550180
  [C15] Round 4 | batch 15/120 x[0].mean=0.382750
  [Client 16] Round 4 | Hier-pFedMe(λ2=35.0,K=3) | loss=0.3893
  [Client 15] Round 4 | Hier-pFedMe(λ2=35.0,K=3) | loss=0.2438
  [Edge 1] G4 | E1 | loss=0.4026
  [Edge 1] G4 | E2 | Hier-pFedMe | Selected 10/10
  [C16] Round 4 | batch 16/120 x[0].mean=0.567099
  [C10] Round 4 | batch 16/120 x[0].mean=0.370478  [C11] Round 4 | batch 16/120 x[0].mean=0.221519  [C17] Round 4 | batch 16/120 x[0].mean=0.015107


  [Client 16] Round 4 | Hier-pFedMe(λ2=35.0,K=3) | loss=1.6219
  [Client 17] Round 4 | Hier-pFedMe(λ2=35.0,K=3) | loss=2.4015
  [Client 10] Round 4 | Hier-pFedMe(λ2=35.0,K=3) | loss=0.1118
  [Client 11] Round 4 | Hier-pFedMe(λ2=35.0,K=3) | loss=0.1753
  [C19] Round 4 | batch 16/120 x[0].mean=0.018950
  [C12] Round 4 | batch 16/120 x[0].mean=0.420568  [C15] Round 4 | batch 16/120 x[0].mean=0.280628

  [C14] Round 4 | batch 16/120 x[0].mean=0.581474
  [Client 19] Round 4 | Hier-pFedMe(λ2=35.0,K=3) | loss=0.1388
  [Client 15] Round 4 | Hier-pFedMe(λ2=35.0,K=3) | loss=0.5003  [Client 12] Round 4 | Hier-pFedMe(λ2=35.0,K=3) | loss=0.1705

  [Client 14] Round 4 | Hier-pFedMe(λ2=35.0,K=3) | loss=0.0809
  [C13] Round 4 | batch 16/120 x[0].mean=-0.010938
  [C18] Round 4 | batch 16/120 x[0].mean=-0.018580
  [Client 13] Round 4 | Hier-pFedMe(λ2=35.0,K=3) | loss=0.7498
  [Client 18] Round 4 | Hier-pFedMe(λ2=35.0,K=3) | loss=0.5024
  [Edge 1] G4 | E2 | loss=0.6453
  [Edge 1] G4 | E3 | Hier-pFedMe | Selected 10/10
  [C12] Round 4 | batch 17/120 x[0].mean=0.707811
  [C14] Round 4 | batch 17/120 x[0].mean=-0.373099  [C18] Round 4 | batch 17/120 x[0].mean=-0.228106  [C10] Round 4 | batch 17/120 x[0].mean=0.754700


  [Client 12] Round 4 | Hier-pFedMe(λ2=35.0,K=3) | loss=0.1468
  [Client 18] Round 4 | Hier-pFedMe(λ2=35.0,K=3) | loss=2.8035  [Client 14] Round 4 | Hier-pFedMe(λ2=35.0,K=3) | loss=0.1916

  [Client 10] Round 4 | Hier-pFedMe(λ2=35.0,K=3) | loss=0.2442
  [C16] Round 4 | batch 17/120 x[0].mean=0.131934
  [C17] Round 4 | batch 17/120 x[0].mean=0.189663
  [C19] Round 4 | batch 17/120 x[0].mean=0.141798
  [C11] Round 4 | batch 17/120 x[0].mean=0.538997
  [Client 16] Round 4 | Hier-pFedMe(λ2=35.0,K=3) | loss=0.5339
  [Client 17] Round 4 | Hier-pFedMe(λ2=35.0,K=3) | loss=1.6543
  [Client 19] Round 4 | Hier-pFedMe(λ2=35.0,K=3) | loss=0.0928
  [Client 11] Round 4 | Hier-pFedMe(λ2=35.0,K=3) | loss=0.3065
  [C13] Round 4 | batch 17/120 x[0].mean=-0.091952  [C15] Round 4 | batch 17/120 x[0].mean=-0.133776

  [Client 13] Round 4 | Hier-pFedMe(λ2=35.0,K=3) | loss=0.7407  [Client 15] Round 4 | Hier-pFedMe(λ2=35.0,K=3) | loss=0.6311

  [Edge 1] G4 | E3 | loss=0.7345
  [Edge 1] G4 | E4 | Hier-pFedMe | Selected 10/10
  [C10] Round 4 | batch 18/120 x[0].mean=0.080168
  [C19] Round 4 | batch 18/120 x[0].mean=0.214718  [C17] Round 4 | batch 18/120 x[0].mean=-0.102829

  [C14] Round 4 | batch 18/120 x[0].mean=-0.144867
  [Client 10] Round 4 | Hier-pFedMe(λ2=35.0,K=3) | loss=0.0883  [Client 19] Round 4 | Hier-pFedMe(λ2=35.0,K=3) | loss=0.0730

  [Client 14] Round 4 | Hier-pFedMe(λ2=35.0,K=3) | loss=0.1289  [Client 17] Round 4 | Hier-pFedMe(λ2=35.0,K=3) | loss=1.1380

  [C16] Round 4 | batch 18/120 x[0].mean=-0.007485
  [C18] Round 4 | batch 18/120 x[0].mean=0.713982
  [C13] Round 4 | batch 18/120 x[0].mean=-0.053099
  [C11] Round 4 | batch 18/120 x[0].mean=0.348885
  [Client 16] Round 4 | Hier-pFedMe(λ2=35.0,K=3) | loss=3.4399
  [Client 18] Round 4 | Hier-pFedMe(λ2=35.0,K=3) | loss=0.3012
  [Client 13] Round 4 | Hier-pFedMe(λ2=35.0,K=3) | loss=0.8769
  [Client 11] Round 4 | Hier-pFedMe(λ2=35.0,K=3) | loss=0.1132
  [C15] Round 4 | batch 18/120 x[0].mean=-0.171459
  [C12] Round 4 | batch 18/120 x[0].mean=0.033103
  [Client 15] Round 4 | Hier-pFedMe(λ2=35.0,K=3) | loss=0.7501
  [Client 12] Round 4 | Hier-pFedMe(λ2=35.0,K=3) | loss=0.2610
  [Edge 1] G4 | E4 | loss=0.7171
  [Edge 1] G4 | E5 | Hier-pFedMe | Selected 10/10
  [C10] Round 4 | batch 19/120 x[0].mean=0.405135
  [C11] Round 4 | batch 19/120 x[0].mean=0.345253  [C14] Round 4 | batch 19/120 x[0].mean=0.236838
  [C17] Round 4 | batch 19/120 x[0].mean=-0.097429

  [Client 10] Round 4 | Hier-pFedMe(λ2=35.0,K=3) | loss=0.1115
  [Client 17] Round 4 | Hier-pFedMe(λ2=35.0,K=3) | loss=2.8009  [Client 11] Round 4 | Hier-pFedMe(λ2=35.0,K=3) | loss=0.1506

  [Client 14] Round 4 | Hier-pFedMe(λ2=35.0,K=3) | loss=0.1309
  [C13] Round 4 | batch 19/120 x[0].mean=-0.400909
  [C15] Round 4 | batch 19/120 x[0].mean=0.081631
  [C18] Round 4 | batch 19/120 x[0].mean=0.299132
  [C19] Round 4 | batch 19/120 x[0].mean=1.285243
  [Client 13] Round 4 | Hier-pFedMe(λ2=35.0,K=3) | loss=1.0388  [Client 15] Round 4 | Hier-pFedMe(λ2=35.0,K=3) | loss=0.5060

  [Client 18] Round 4 | Hier-pFedMe(λ2=35.0,K=3) | loss=0.1250
  [Client 19] Round 4 | Hier-pFedMe(λ2=35.0,K=3) | loss=0.2055
  [C12] Round 4 | batch 19/120 x[0].mean=-0.114131  [C16] Round 4 | batch 19/120 x[0].mean=0.139753

  [Client 12] Round 4 | Hier-pFedMe(λ2=35.0,K=3) | loss=0.3020
  [Client 16] Round 4 | Hier-pFedMe(λ2=35.0,K=3) | loss=0.4235
  [Edge 1] G4 | E5 | loss=0.5795
  [Cloud] GM=0.1857 | EM=0.3197 | loss=2.2126 | time=27.9s | comm=4556.2MB (total=18225MB)

[Round   5] Broadcasting to 2 edges...
  [Edge 0] G5 | E1 | Hier-pFedMe | Selected 10/10
  [C0] Round 5 | batch 20/200 x[0].mean=0.391410
  [C8] Round 5 | batch 20/100 x[0].mean=-0.836080
  [C2] Round 5 | batch 20/200 x[0].mean=-0.098454  [C1] Round 5 | batch 20/200 x[0].mean=-0.342812

  [Client  2] Round 5 | Hier-pFedMe(λ2=35.0,K=3) | loss=0.2512  [Client  1] Round 5 | Hier-pFedMe(λ2=35.0,K=3) | loss=0.2482
  [Client  0] Round 5 | Hier-pFedMe(λ2=35.0,K=3) | loss=2.4888
  [Client  8] Round 5 | Hier-pFedMe(λ2=35.0,K=3) | loss=0.0146

  [C7] Round 5 | batch 20/200 x[0].mean=0.064669
  [C4] Round 5 | batch 20/200 x[0].mean=0.005907
  [C6] Round 5 | batch 20/200 x[0].mean=-0.560303  [C9] Round 5 | batch 20/100 x[0].mean=-0.536381

  [Client  7] Round 5 | Hier-pFedMe(λ2=35.0,K=3) | loss=0.4095
  [Client  4] Round 5 | Hier-pFedMe(λ2=35.0,K=3) | loss=0.1896
  [Client  6] Round 5 | Hier-pFedMe(λ2=35.0,K=3) | loss=0.9174
  [Client  9] Round 5 | Hier-pFedMe(λ2=35.0,K=3) | loss=0.0105
  [C3] Round 5 | batch 20/200 x[0].mean=0.760627
  [C5] Round 5 | batch 20/200 x[0].mean=-0.438937
  [Client  3] Round 5 | Hier-pFedMe(λ2=35.0,K=3) | loss=3.2322
  [Client  5] Round 5 | Hier-pFedMe(λ2=35.0,K=3) | loss=0.9782
  [Edge 0] G5 | E1 | loss=0.9697
  [Edge 0] G5 | E2 | Hier-pFedMe | Selected 10/10
  [C5] Round 5 | batch 21/200 x[0].mean=-0.142358
  [C9] Round 5 | batch 21/100 x[0].mean=0.451013
  [C7] Round 5 | batch 21/200 x[0].mean=0.074183  [C1] Round 5 | batch 21/200 x[0].mean=0.395551

  [Client  5] Round 5 | Hier-pFedMe(λ2=35.0,K=3) | loss=0.4477  [Client  9] Round 5 | Hier-pFedMe(λ2=35.0,K=3) | loss=0.0075

  [Client  7] Round 5 | Hier-pFedMe(λ2=35.0,K=3) | loss=0.2957  [Client  1] Round 5 | Hier-pFedMe(λ2=35.0,K=3) | loss=0.2537

  [C3] Round 5 | batch 21/200 x[0].mean=0.585338
  [C0] Round 5 | batch 21/200 x[0].mean=-0.431677
  [C8] Round 5 | batch 21/100 x[0].mean=-0.646738
  [C2] Round 5 | batch 21/200 x[0].mean=0.341835
  [Client  3] Round 5 | Hier-pFedMe(λ2=35.0,K=3) | loss=0.3328
  [Client  0] Round 5 | Hier-pFedMe(λ2=35.0,K=3) | loss=0.8128
  [Client  8] Round 5 | Hier-pFedMe(λ2=35.0,K=3) | loss=0.0118
  [Client  2] Round 5 | Hier-pFedMe(λ2=35.0,K=3) | loss=0.2393
  [C4] Round 5 | batch 21/200 x[0].mean=0.004853
  [C6] Round 5 | batch 21/200 x[0].mean=-0.082847
  [Client  4] Round 5 | Hier-pFedMe(λ2=35.0,K=3) | loss=0.1644
  [Client  6] Round 5 | Hier-pFedMe(λ2=35.0,K=3) | loss=0.2788
  [Edge 0] G5 | E2 | loss=0.3150
  [Edge 0] G5 | E3 | Hier-pFedMe | Selected 10/10
  [C7] Round 5 | batch 22/200 x[0].mean=-0.155170
  [C0] Round 5 | batch 22/200 x[0].mean=0.708048
  [C8] Round 5 | batch 22/100 x[0].mean=-0.192398
  [C9] Round 5 | batch 22/100 x[0].mean=-0.550869
  [Client  7] Round 5 | Hier-pFedMe(λ2=35.0,K=3) | loss=0.4457
  [Client  0] Round 5 | Hier-pFedMe(λ2=35.0,K=3) | loss=1.7701  [Client  8] Round 5 | Hier-pFedMe(λ2=35.0,K=3) | loss=0.0083

  [Client  9] Round 5 | Hier-pFedMe(λ2=35.0,K=3) | loss=0.0081
  [C4] Round 5 | batch 22/200 x[0].mean=-0.146410
  [C6] Round 5 | batch 22/200 x[0].mean=0.493449
  [C5] Round 5 | batch 22/200 x[0].mean=-0.072139
  [C1] Round 5 | batch 22/200 x[0].mean=-0.071837
  [Client  4] Round 5 | Hier-pFedMe(λ2=35.0,K=3) | loss=0.5279
  [Client  6] Round 5 | Hier-pFedMe(λ2=35.0,K=3) | loss=0.3448
  [Client  5] Round 5 | Hier-pFedMe(λ2=35.0,K=3) | loss=0.5884
  [Client  1] Round 5 | Hier-pFedMe(λ2=35.0,K=3) | loss=0.3091
  [C3] Round 5 | batch 22/200 x[0].mean=-0.433431
  [C2] Round 5 | batch 22/200 x[0].mean=-0.899275
  [Client  3] Round 5 | Hier-pFedMe(λ2=35.0,K=3) | loss=4.6030
  [Client  2] Round 5 | Hier-pFedMe(λ2=35.0,K=3) | loss=0.2182
  [Edge 0] G5 | E3 | loss=0.9795
  [Edge 0] G5 | E4 | Hier-pFedMe | Selected 10/10
  [C9] Round 5 | batch 23/100 x[0].mean=-0.826073  [C2] Round 5 | batch 23/200 x[0].mean=0.036944

  [C8] Round 5 | batch 23/100 x[0].mean=0.207461
  [C4] Round 5 | batch 23/200 x[0].mean=0.144612
  [Client  2] Round 5 | Hier-pFedMe(λ2=35.0,K=3) | loss=0.3300  [Client  9] Round 5 | Hier-pFedMe(λ2=35.0,K=3) | loss=0.0089

  [Client  8] Round 5 | Hier-pFedMe(λ2=35.0,K=3) | loss=0.0150  [Client  4] Round 5 | Hier-pFedMe(λ2=35.0,K=3) | loss=0.4513

  [C0] Round 5 | batch 23/200 x[0].mean=-0.136312
  [C6] Round 5 | batch 23/200 x[0].mean=0.181013
  [C1] Round 5 | batch 23/200 x[0].mean=0.666183
  [C5] Round 5 | batch 23/200 x[0].mean=-0.970147
  [Client  0] Round 5 | Hier-pFedMe(λ2=35.0,K=3) | loss=0.2822
  [Client  6] Round 5 | Hier-pFedMe(λ2=35.0,K=3) | loss=0.2687
  [Client  1] Round 5 | Hier-pFedMe(λ2=35.0,K=3) | loss=0.2145  [Client  5] Round 5 | Hier-pFedMe(λ2=35.0,K=3) | loss=0.8065

  [C3] Round 5 | batch 23/200 x[0].mean=0.446526
  [C7] Round 5 | batch 23/200 x[0].mean=0.301163
  [Client  3] Round 5 | Hier-pFedMe(λ2=35.0,K=3) | loss=0.3236
  [Client  7] Round 5 | Hier-pFedMe(λ2=35.0,K=3) | loss=0.4327
  [Edge 0] G5 | E4 | loss=0.3468
  [Edge 0] G5 | E5 | Hier-pFedMe | Selected 10/10
  [C7] Round 5 | batch 24/200 x[0].mean=-0.046846  [C0] Round 5 | batch 24/200 x[0].mean=0.002501

  [C3] Round 5 | batch 24/200 x[0].mean=0.296993
  [C6] Round 5 | batch 24/200 x[0].mean=-0.766369
  [Client  0] Round 5 | Hier-pFedMe(λ2=35.0,K=3) | loss=0.4036
  [Client  7] Round 5 | Hier-pFedMe(λ2=35.0,K=3) | loss=0.4372
  [Client  3] Round 5 | Hier-pFedMe(λ2=35.0,K=3) | loss=3.4053
  [Client  6] Round 5 | Hier-pFedMe(λ2=35.0,K=3) | loss=0.7189
  [C1] Round 5 | batch 24/200 x[0].mean=-0.458214
  [C5] Round 5 | batch 24/200 x[0].mean=0.110867
  [C2] Round 5 | batch 24/200 x[0].mean=-0.083595
  [C8] Round 5 | batch 24/100 x[0].mean=-0.003176
  [Client  1] Round 5 | Hier-pFedMe(λ2=35.0,K=3) | loss=0.2413  [Client  5] Round 5 | Hier-pFedMe(λ2=35.0,K=3) | loss=0.4029

  [Client  2] Round 5 | Hier-pFedMe(λ2=35.0,K=3) | loss=0.5106
  [Client  8] Round 5 | Hier-pFedMe(λ2=35.0,K=3) | loss=0.0060
  [C9] Round 5 | batch 24/100 x[0].mean=-0.131220
  [C4] Round 5 | batch 24/200 x[0].mean=0.051116
  [Client  4] Round 5 | Hier-pFedMe(λ2=35.0,K=3) | loss=1.1772
  [Client  9] Round 5 | Hier-pFedMe(λ2=35.0,K=3) | loss=0.0077
  [Edge 0] G5 | E5 | loss=0.8115
  [Edge 1] G5 | E1 | Hier-pFedMe | Selected 10/10
  [C18] Round 5 | batch 20/120 x[0].mean=0.083960  [C16] Round 5 | batch 20/120 x[0].mean=0.282907  [C12] Round 5 | batch 20/120 x[0].mean=0.426777  [C10] Round 5 | batch 20/120 x[0].mean=-0.552361



  [Client 18] Round 5 | Hier-pFedMe(λ2=35.0,K=3) | loss=0.2369
  [Client 12] Round 5 | Hier-pFedMe(λ2=35.0,K=3) | loss=0.1767
  [Client 16] Round 5 | Hier-pFedMe(λ2=35.0,K=3) | loss=0.5306
  [Client 10] Round 5 | Hier-pFedMe(λ2=35.0,K=3) | loss=0.1576
  [C13] Round 5 | batch 20/120 x[0].mean=-0.581450
  [C19] Round 5 | batch 20/120 x[0].mean=-0.082898  [C15] Round 5 | batch 20/120 x[0].mean=0.923976

  [C17] Round 5 | batch 20/120 x[0].mean=0.017156
  [Client 13] Round 5 | Hier-pFedMe(λ2=35.0,K=3) | loss=0.4564
  [Client 19] Round 5 | Hier-pFedMe(λ2=35.0,K=3) | loss=0.2180
  [Client 15] Round 5 | Hier-pFedMe(λ2=35.0,K=3) | loss=1.6575
  [Client 17] Round 5 | Hier-pFedMe(λ2=35.0,K=3) | loss=0.2947
  [C14] Round 5 | batch 20/120 x[0].mean=0.381165
  [C11] Round 5 | batch 20/120 x[0].mean=1.372293
  [Client 14] Round 5 | Hier-pFedMe(λ2=35.0,K=3) | loss=0.4221
  [Client 11] Round 5 | Hier-pFedMe(λ2=35.0,K=3) | loss=0.1691
  [Edge 1] G5 | E1 | loss=0.4319
  [Edge 1] G5 | E2 | Hier-pFedMe | Selected 10/10
  [C19] Round 5 | batch 21/120 x[0].mean=0.104780
  [C12] Round 5 | batch 21/120 x[0].mean=-0.237505
  [C10] Round 5 | batch 21/120 x[0].mean=0.488335
  [C15] Round 5 | batch 21/120 x[0].mean=-0.054784
  [Client 19] Round 5 | Hier-pFedMe(λ2=35.0,K=3) | loss=0.1997
  [Client 12] Round 5 | Hier-pFedMe(λ2=35.0,K=3) | loss=0.1245
  [Client 15] Round 5 | Hier-pFedMe(λ2=35.0,K=3) | loss=0.4628  [Client 10] Round 5 | Hier-pFedMe(λ2=35.0,K=3) | loss=0.2745

  [C14] Round 5 | batch 21/120 x[0].mean=-0.376721
  [C13] Round 5 | batch 21/120 x[0].mean=1.007148
  [C16] Round 5 | batch 21/120 x[0].mean=0.028311
  [C11] Round 5 | batch 21/120 x[0].mean=0.372598
  [Client 13] Round 5 | Hier-pFedMe(λ2=35.0,K=3) | loss=1.2229
  [Client 14] Round 5 | Hier-pFedMe(λ2=35.0,K=3) | loss=0.6928
  [Client 16] Round 5 | Hier-pFedMe(λ2=35.0,K=3) | loss=0.6877
  [Client 11] Round 5 | Hier-pFedMe(λ2=35.0,K=3) | loss=0.1890
  [C17] Round 5 | batch 21/120 x[0].mean=-0.469886
  [C18] Round 5 | batch 21/120 x[0].mean=-0.190619
  [Client 17] Round 5 | Hier-pFedMe(λ2=35.0,K=3) | loss=3.1943  [Client 18] Round 5 | Hier-pFedMe(λ2=35.0,K=3) | loss=0.4631

  [Edge 1] G5 | E2 | loss=0.7511
  [Edge 1] G5 | E3 | Hier-pFedMe | Selected 10/10
  [C17] Round 5 | batch 22/120 x[0].mean=-0.565227
  [C14] Round 5 | batch 22/120 x[0].mean=0.743512  [C16] Round 5 | batch 22/120 x[0].mean=0.204965  [C15] Round 5 | batch 22/120 x[0].mean=0.058853


  [Client 17] Round 5 | Hier-pFedMe(λ2=35.0,K=3) | loss=0.5544
  [Client 15] Round 5 | Hier-pFedMe(λ2=35.0,K=3) | loss=0.2028  [Client 14] Round 5 | Hier-pFedMe(λ2=35.0,K=3) | loss=1.1010  [Client 16] Round 5 | Hier-pFedMe(λ2=35.0,K=3) | loss=2.6479


  [C10] Round 5 | batch 22/120 x[0].mean=0.176732
  [C19] Round 5 | batch 22/120 x[0].mean=0.026044
  [C13] Round 5 | batch 22/120 x[0].mean=-0.420741  [C12] Round 5 | batch 22/120 x[0].mean=-0.792432

  [Client 10] Round 5 | Hier-pFedMe(λ2=35.0,K=3) | loss=0.6596  [Client 19] Round 5 | Hier-pFedMe(λ2=35.0,K=3) | loss=0.4110

  [Client 13] Round 5 | Hier-pFedMe(λ2=35.0,K=3) | loss=1.3242
  [Client 12] Round 5 | Hier-pFedMe(λ2=35.0,K=3) | loss=0.3090
  [C11] Round 5 | batch 22/120 x[0].mean=-0.298020
  [C18] Round 5 | batch 22/120 x[0].mean=-0.015643
  [Client 11] Round 5 | Hier-pFedMe(λ2=35.0,K=3) | loss=0.1677
  [Client 18] Round 5 | Hier-pFedMe(λ2=35.0,K=3) | loss=1.7248
  [Edge 1] G5 | E3 | loss=0.9102
  [Edge 1] G5 | E4 | Hier-pFedMe | Selected 10/10
  [C13] Round 5 | batch 23/120 x[0].mean=0.297636
  [C11] Round 5 | batch 23/120 x[0].mean=-0.304263
  [C10] Round 5 | batch 23/120 x[0].mean=0.556515  [C12] Round 5 | batch 23/120 x[0].mean=0.466409

  [Client 13] Round 5 | Hier-pFedMe(λ2=35.0,K=3) | loss=0.9707
  [Client 11] Round 5 | Hier-pFedMe(λ2=35.0,K=3) | loss=0.1869
  [Client 12] Round 5 | Hier-pFedMe(λ2=35.0,K=3) | loss=0.1558
  [Client 10] Round 5 | Hier-pFedMe(λ2=35.0,K=3) | loss=0.4339
  [C14] Round 5 | batch 23/120 x[0].mean=0.099212
  [C16] Round 5 | batch 23/120 x[0].mean=-0.162727
  [C19] Round 5 | batch 23/120 x[0].mean=0.719964
  [C15] Round 5 | batch 23/120 x[0].mean=1.029538
  [Client 14] Round 5 | Hier-pFedMe(λ2=35.0,K=3) | loss=0.4757
  [Client 16] Round 5 | Hier-pFedMe(λ2=35.0,K=3) | loss=0.3233
  [Client 19] Round 5 | Hier-pFedMe(λ2=35.0,K=3) | loss=0.1428
  [Client 15] Round 5 | Hier-pFedMe(λ2=35.0,K=3) | loss=0.1915
  [C17] Round 5 | batch 23/120 x[0].mean=-0.212768
  [C18] Round 5 | batch 23/120 x[0].mean=-0.157875
  [Client 17] Round 5 | Hier-pFedMe(λ2=35.0,K=3) | loss=0.3769
  [Client 18] Round 5 | Hier-pFedMe(λ2=35.0,K=3) | loss=0.4969
  [Edge 1] G5 | E4 | loss=0.3754
  [Edge 1] G5 | E5 | Hier-pFedMe | Selected 10/10
  [C16] Round 5 | batch 24/120 x[0].mean=0.195435
  [C13] Round 5 | batch 24/120 x[0].mean=0.020562  [C17] Round 5 | batch 24/120 x[0].mean=-0.446888  [C12] Round 5 | batch 24/120 x[0].mean=0.736703


  [Client 16] Round 5 | Hier-pFedMe(λ2=35.0,K=3) | loss=4.0919
  [Client 13] Round 5 | Hier-pFedMe(λ2=35.0,K=3) | loss=0.5819  [Client 17] Round 5 | Hier-pFedMe(λ2=35.0,K=3) | loss=0.2447
  [Client 12] Round 5 | Hier-pFedMe(λ2=35.0,K=3) | loss=0.1174

  [C19] Round 5 | batch 24/120 x[0].mean=-0.136149
  [C10] Round 5 | batch 24/120 x[0].mean=-0.069915
  [C18] Round 5 | batch 24/120 x[0].mean=0.090963
  [C14] Round 5 | batch 24/120 x[0].mean=-0.022284
  [Client 19] Round 5 | Hier-pFedMe(λ2=35.0,K=3) | loss=0.1685
  [Client 10] Round 5 | Hier-pFedMe(λ2=35.0,K=3) | loss=0.2833
  [Client 14] Round 5 | Hier-pFedMe(λ2=35.0,K=3) | loss=1.0857
  [Client 18] Round 5 | Hier-pFedMe(λ2=35.0,K=3) | loss=0.1048
  [C11] Round 5 | batch 24/120 x[0].mean=0.407236
  [C15] Round 5 | batch 24/120 x[0].mean=-0.147015
  [Client 11] Round 5 | Hier-pFedMe(λ2=35.0,K=3) | loss=0.1059
  [Client 15] Round 5 | Hier-pFedMe(λ2=35.0,K=3) | loss=0.2574
  [Edge 1] G5 | E5 | loss=0.7041
