This job can be monitored from: https://job.c3se.chalmers.se/alvis/6597377
========================================
Job ID      : 6597377
Job Name    : HierFLcifar10
Node        : alvis10-03
Start Time  : Thu May  7 07:36:10 CEST 2026
Working Dir : /cephyr/users/ziangg/Alvis/tf-dpfl
========================================
[Setup] Python: /cephyr/users/ziangg/Alvis/tf-dpfl/bin/python
[Setup] TF version: 2.15.1
[Setup] GPU available: [PhysicalDevice(name='/physical_device:GPU:0', device_type='GPU')]
[Config] Override: wandb.enabled = True
[Setup] Random seed: 42
[Setup] Loading dataset...
[Data] CIFAR-100 from Mimer: /mimer/NOBACKUP/Datasets/CIFAR
[Data] CIFAR-100 | train=50000 test=10000 classes=100
[Setup] Building global model...
Model: "cifar_cnn_3conv"
_________________________________________________________________
 Layer (type)                Output Shape              Param #   
=================================================================
 input_1 (InputLayer)        [(None, 32, 32, 3)]       0         
                                                                 
 conv2d (Conv2D)             (None, 32, 32, 32)        896       
                                                                 
 batch_normalization (Batch  (None, 32, 32, 32)        128       
 Normalization)                                                  
                                                                 
 re_lu (ReLU)                (None, 32, 32, 32)        0         
                                                                 
 conv2d_1 (Conv2D)           (None, 32, 32, 64)        18496     
                                                                 
 batch_normalization_1 (Bat  (None, 32, 32, 64)        256       
 chNormalization)                                                
                                                                 
 re_lu_1 (ReLU)              (None, 32, 32, 64)        0         
                                                                 
 max_pooling2d (MaxPooling2  (None, 16, 16, 64)        0         
 D)                                                              
                                                                 
 conv2d_2 (Conv2D)           (None, 16, 16, 128)       73856     
                                                                 
 batch_normalization_2 (Bat  (None, 16, 16, 128)       512       
 chNormalization)                                                
                                                                 
 re_lu_2 (ReLU)              (None, 16, 16, 128)       0         
                                                                 
 conv2d_3 (Conv2D)           (None, 16, 16, 128)       147584    
                                                                 
 batch_normalization_3 (Bat  (None, 16, 16, 128)       512       
 chNormalization)                                                
                                                                 
 re_lu_3 (ReLU)              (None, 16, 16, 128)       0         
                                                                 
 max_pooling2d_1 (MaxPoolin  (None, 8, 8, 128)         0         
 g2D)                                                            
                                                                 
 spatial_dropout2d (Spatial  (None, 8, 8, 128)         0         
 Dropout2D)                                                      
                                                                 
 conv2d_4 (Conv2D)           (None, 8, 8, 256)         295168    
                                                                 
 batch_normalization_4 (Bat  (None, 8, 8, 256)         1024      
 chNormalization)                                                
                                                                 
 re_lu_4 (ReLU)              (None, 8, 8, 256)         0         
                                                                 
 conv2d_5 (Conv2D)           (None, 8, 8, 256)         590080    
                                                                 
 batch_normalization_5 (Bat  (None, 8, 8, 256)         1024      
 chNormalization)                                                
                                                                 
 re_lu_5 (ReLU)              (None, 8, 8, 256)         0         
                                                                 
 max_pooling2d_2 (MaxPoolin  (None, 4, 4, 256)         0         
 g2D)                                                            
                                                                 
 flatten (Flatten)           (None, 4096)              0         
                                                                 
 dropout (Dropout)           (None, 4096)              0         
                                                                 
 dense (Dense)               (None, 1024)              4195328   
                                                                 
 dense_1 (Dense)             (None, 512)               524800    
                                                                 
 dropout_1 (Dropout)         (None, 512)               0         
                                                                 
 dense_2 (Dense)             (None, 100)               51300     
                                                                 
=================================================================
Total params: 5900964 (22.51 MB)
Trainable params: 5899236 (22.50 MB)
Non-trainable params: 1728 (6.75 KB)
_________________________________________________________________
[Setup] Building clients...

[Pathological non-IID] 20 clients, 2 classes/client, 100 total classes
Client       Samples    Classes held (cls:count)
------------------------------------------------------------------------
client_0     2500       [cls4:500, cls14:500, cls25:500, cls76:500, cls83:500]
client_1     2500       [cls16:500, cls33:500, cls71:500, cls77:500, cls85:500]
client_2     2500       [cls2:500, cls7:500, cls15:500, cls66:500, cls73:500]
client_3     2500       [cls55:500, cls63:500, cls81:500, cls86:500, cls91:500]
client_4     2500       [cls12:500, cls45:500, cls46:500, cls47:500, cls87:500]
client_5     2500       [cls1:500, cls19:500, cls27:500, cls58:500, cls93:500]
client_6     2500       [cls23:500, cls24:500, cls31:500, cls49:500, cls75:500]
client_7     2500       [cls21:500, cls44:500, cls61:500, cls80:500, cls90:500]
client_8     2500       [cls11:500, cls26:500, cls41:500, cls68:500, cls94:500]
client_9     2500       [cls10:500, cls37:500, cls38:500, cls64:500, cls89:500]
client_10    2500       [cls42:500, cls59:500, cls60:500, cls67:500, cls88:500]
client_11    2500       [cls0:500, cls32:500, cls36:500, cls52:500, cls84:500]
client_12    2500       [cls8:500, cls18:500, cls56:500, cls72:500, cls95:500]
client_13    2500       [cls5:500, cls29:500, cls34:500, cls39:500, cls54:500]
client_14    2500       [cls22:500, cls35:500, cls79:500, cls97:500, cls98:500]
client_15    2500       [cls13:500, cls40:500, cls62:500, cls69:500, cls96:500]
client_16    2500       [cls9:500, cls30:500, cls50:500, cls65:500, cls70:500]
client_17    2500       [cls51:500, cls53:500, cls57:500, cls78:500, cls82:500]
client_18    2500       [cls3:500, cls28:500, cls43:500, cls74:500, cls99:500]
client_19    2500       [cls6:500, cls17:500, cls20:500, cls48:500, cls92:500]

[Test split] 20 per-client test sets, avg 500 samples each
[Setup] 20 clients built (pathological) | per-client test sets injected
[Setup] Building edge servers...

  [Semantic] CIFAR-100 edge groups (superclass level):
    Edge 0: ['aquatic mammals', 'fish', 'insects', 'large carnivores', 'herbivores', 'medium mammals', 'invertebrates', 'people', 'reptiles', 'small mammals']  (fine classes: 50)
    Edge 1: ['flowers', 'food containers', 'fruit/veg', 'electrical', 'furniture', 'man-made outdoor', 'natural outdoor', 'trees', 'vehicles1', 'vehicles2']  (fine classes: 50)

[Assignment] Semantic | 2 edges | dataset=cifar100
  Edge 0: clients [2, 3, 5, 6, 7, 10, 12, 14, 16, 18]
  Edge 1: clients [0, 1, 4, 8, 9, 11, 13, 15, 17, 19]
[EdgeServer 0] 10 clients | 25000 samples
[EdgeServer 1] 10 clients | 25000 samples

[Setup] Built 2 edge servers (strategy=semantic)
  Edge 0: 10 clients | 25000 samples
  Edge 1: 10 clients | 25000 samples
[CloudServer] 2 edges | model: 22.51 MB

====================================================
 HierFAVG Training Start
====================================================

[Round   1] Broadcasting to 2 edges...
  [Edge 0] G1 | E1 | Hier-pFedMe | Selected 10/10
  [Client  3] Round 1 | Hier-pFedMe(λ2=35.0) | loss=2.0153
  [Client 12] Round 1 | Hier-pFedMe(λ2=35.0) | loss=2.1522
  [Client 10] Round 1 | Hier-pFedMe(λ2=35.0) | loss=1.6762
  [Client  6] Round 1 | Hier-pFedMe(λ2=35.0) | loss=1.7448
  [Client  7] Round 1 | Hier-pFedMe(λ2=35.0) | loss=1.9018
  [Client 16] Round 1 | Hier-pFedMe(λ2=35.0) | loss=1.8322
  [Client 18] Round 1 | Hier-pFedMe(λ2=35.0) | loss=2.1166
  [Client  2] Round 1 | Hier-pFedMe(λ2=35.0) | loss=1.9495
  [Client  5] Round 1 | Hier-pFedMe(λ2=35.0) | loss=2.2868
  [Client 14] Round 1 | Hier-pFedMe(λ2=35.0) | loss=1.9930
  [Edge 0] G1 | E1 | loss=1.9668
  [Edge 0] G1 | E2 | Hier-pFedMe | Selected 10/10
  [Client  2] Round 1 | Hier-pFedMe(λ2=35.0) | loss=1.8621
  [Client  3] Round 1 | Hier-pFedMe(λ2=35.0) | loss=1.9249
  [Client  6] Round 1 | Hier-pFedMe(λ2=35.0) | loss=1.8436
  [Client 14] Round 1 | Hier-pFedMe(λ2=35.0) | loss=1.9817
  [Client 16] Round 1 | Hier-pFedMe(λ2=35.0) | loss=1.8601
  [Client  5] Round 1 | Hier-pFedMe(λ2=35.0) | loss=1.8916
  [Client 18] Round 1 | Hier-pFedMe(λ2=35.0) | loss=2.1264
  [Client  7] Round 1 | Hier-pFedMe(λ2=35.0) | loss=1.8073
  [Client 12] Round 1 | Hier-pFedMe(λ2=35.0) | loss=2.0622
  [Client 10] Round 1 | Hier-pFedMe(λ2=35.0) | loss=1.9158
  [Edge 0] G1 | E2 | loss=1.9276
  [Edge 0] G1 | E3 | Hier-pFedMe | Selected 10/10
  [Client 10] Round 1 | Hier-pFedMe(λ2=35.0) | loss=1.7341
  [Client  2] Round 1 | Hier-pFedMe(λ2=35.0) | loss=1.7588
  [Client 18] Round 1 | Hier-pFedMe(λ2=35.0) | loss=1.9808
  [Client  5] Round 1 | Hier-pFedMe(λ2=35.0) | loss=1.9375
  [Client  3] Round 1 | Hier-pFedMe(λ2=35.0) | loss=1.7717
  [Client 12] Round 1 | Hier-pFedMe(λ2=35.0) | loss=1.8138
  [Client  7] Round 1 | Hier-pFedMe(λ2=35.0) | loss=1.7225
  [Client  6] Round 1 | Hier-pFedMe(λ2=35.0) | loss=1.5633
  [Client 14] Round 1 | Hier-pFedMe(λ2=35.0) | loss=1.9598
  [Client 16] Round 1 | Hier-pFedMe(λ2=35.0) | loss=1.7555
  [Edge 0] G1 | E3 | loss=1.7998
  [Edge 0] G1 | E4 | Hier-pFedMe | Selected 10/10
  [Client  3] Round 1 | Hier-pFedMe(λ2=35.0) | loss=1.8810
  [Client 10] Round 1 | Hier-pFedMe(λ2=35.0) | loss=1.5087
  [Client 18] Round 1 | Hier-pFedMe(λ2=35.0) | loss=1.7773
  [Client  2] Round 1 | Hier-pFedMe(λ2=35.0) | loss=1.8237
  [Client 14] Round 1 | Hier-pFedMe(λ2=35.0) | loss=1.9888
  [Client 16] Round 1 | Hier-pFedMe(λ2=35.0) | loss=1.6632
  [Client  7] Round 1 | Hier-pFedMe(λ2=35.0) | loss=1.6543
  [Client 12] Round 1 | Hier-pFedMe(λ2=35.0) | loss=1.7226
  [Client  5] Round 1 | Hier-pFedMe(λ2=35.0) | loss=2.0161
  [Client  6] Round 1 | Hier-pFedMe(λ2=35.0) | loss=1.4743
  [Edge 0] G1 | E4 | loss=1.7510
  [Edge 0] G1 | E5 | Hier-pFedMe | Selected 10/10
  [Client 12] Round 1 | Hier-pFedMe(λ2=35.0) | loss=1.7369
  [Client  2] Round 1 | Hier-pFedMe(λ2=35.0) | loss=1.7467
  [Client 14] Round 1 | Hier-pFedMe(λ2=35.0) | loss=1.7788
  [Client  6] Round 1 | Hier-pFedMe(λ2=35.0) | loss=1.3971
  [Client 16] Round 1 | Hier-pFedMe(λ2=35.0) | loss=1.5908
  [Client 18] Round 1 | Hier-pFedMe(λ2=35.0) | loss=1.8360
  [Client  5] Round 1 | Hier-pFedMe(λ2=35.0) | loss=1.8720
  [Client 10] Round 1 | Hier-pFedMe(λ2=35.0) | loss=1.4841
  [Client  3] Round 1 | Hier-pFedMe(λ2=35.0) | loss=1.7855
  [Client  7] Round 1 | Hier-pFedMe(λ2=35.0) | loss=1.7498
  [Edge 0] G1 | E5 | loss=1.6978
  [Edge 1] G1 | E1 | Hier-pFedMe | Selected 10/10
  [Client 11] Round 1 | Hier-pFedMe(λ2=35.0) | loss=1.7250
  [Client  9] Round 1 | Hier-pFedMe(λ2=35.0) | loss=2.0248
  [Client  8] Round 1 | Hier-pFedMe(λ2=35.0) | loss=1.9649
  [Client 15] Round 1 | Hier-pFedMe(λ2=35.0) | loss=1.5906
  [Client  4] Round 1 | Hier-pFedMe(λ2=35.0) | loss=1.9029
  [Client 13] Round 1 | Hier-pFedMe(λ2=35.0) | loss=1.9651
  [Client 17] Round 1 | Hier-pFedMe(λ2=35.0) | loss=1.7208
  [Client 19] Round 1 | Hier-pFedMe(λ2=35.0) | loss=1.7914
  [Client  1] Round 1 | Hier-pFedMe(λ2=35.0) | loss=2.0567
  [Client  0] Round 1 | Hier-pFedMe(λ2=35.0) | loss=1.9080
  [Edge 1] G1 | E1 | loss=1.8650
  [Edge 1] G1 | E2 | Hier-pFedMe | Selected 10/10
  [Client 11] Round 1 | Hier-pFedMe(λ2=35.0) | loss=2.0431
  [Client  4] Round 1 | Hier-pFedMe(λ2=35.0) | loss=2.1095
  [Client 15] Round 1 | Hier-pFedMe(λ2=35.0) | loss=1.8992
  [Client  8] Round 1 | Hier-pFedMe(λ2=35.0) | loss=1.8776
  [Client 17] Round 1 | Hier-pFedMe(λ2=35.0) | loss=1.9671
  [Client  9] Round 1 | Hier-pFedMe(λ2=35.0) | loss=1.9404
  [Client 13] Round 1 | Hier-pFedMe(λ2=35.0) | loss=2.1053
  [Client  1] Round 1 | Hier-pFedMe(λ2=35.0) | loss=1.8843
  [Client  0] Round 1 | Hier-pFedMe(λ2=35.0) | loss=1.9303
  [Client 19] Round 1 | Hier-pFedMe(λ2=35.0) | loss=1.7999
  [Edge 1] G1 | E2 | loss=1.9557
  [Edge 1] G1 | E3 | Hier-pFedMe | Selected 10/10
  [Client  1] Round 1 | Hier-pFedMe(λ2=35.0) | loss=1.6842
  [Client  0] Round 1 | Hier-pFedMe(λ2=35.0) | loss=1.5494
  [Client  4] Round 1 | Hier-pFedMe(λ2=35.0) | loss=1.8327
  [Client 13] Round 1 | Hier-pFedMe(λ2=35.0) | loss=1.8282
  [Client  9] Round 1 | Hier-pFedMe(λ2=35.0) | loss=1.9337
  [Client 19] Round 1 | Hier-pFedMe(λ2=35.0) | loss=1.5745
  [Client 11] Round 1 | Hier-pFedMe(λ2=35.0) | loss=1.6150
  [Client 17] Round 1 | Hier-pFedMe(λ2=35.0) | loss=1.9207
  [Client 15] Round 1 | Hier-pFedMe(λ2=35.0) | loss=1.8224
  [Client  8] Round 1 | Hier-pFedMe(λ2=35.0) | loss=1.8662
  [Edge 1] G1 | E3 | loss=1.7627
  [Edge 1] G1 | E4 | Hier-pFedMe | Selected 10/10
  [Client 19] Round 1 | Hier-pFedMe(λ2=35.0) | loss=1.4383
  [Client 11] Round 1 | Hier-pFedMe(λ2=35.0) | loss=1.5789
  [Client 17] Round 1 | Hier-pFedMe(λ2=35.0) | loss=1.6095
  [Client 13] Round 1 | Hier-pFedMe(λ2=35.0) | loss=1.9498
  [Client  9] Round 1 | Hier-pFedMe(λ2=35.0) | loss=1.7745
  [Client  4] Round 1 | Hier-pFedMe(λ2=35.0) | loss=1.6833
  [Client 15] Round 1 | Hier-pFedMe(λ2=35.0) | loss=1.4822
  [Client  0] Round 1 | Hier-pFedMe(λ2=35.0) | loss=1.4721
  [Client  8] Round 1 | Hier-pFedMe(λ2=35.0) | loss=1.5782
  [Client  1] Round 1 | Hier-pFedMe(λ2=35.0) | loss=1.5437
  [Edge 1] G1 | E4 | loss=1.6110
  [Edge 1] G1 | E5 | Hier-pFedMe | Selected 10/10
  [Client 17] Round 1 | Hier-pFedMe(λ2=35.0) | loss=1.5359
  [Client  0] Round 1 | Hier-pFedMe(λ2=35.0) | loss=1.6040
  [Client 13] Round 1 | Hier-pFedMe(λ2=35.0) | loss=1.7761
  [Client  4] Round 1 | Hier-pFedMe(λ2=35.0) | loss=1.6182
  [Client 19] Round 1 | Hier-pFedMe(λ2=35.0) | loss=1.3326
  [Client 15] Round 1 | Hier-pFedMe(λ2=35.0) | loss=1.4914
  [Client  9] Round 1 | Hier-pFedMe(λ2=35.0) | loss=1.6785
  [Client  1] Round 1 | Hier-pFedMe(λ2=35.0) | loss=1.5974
  [Client  8] Round 1 | Hier-pFedMe(λ2=35.0) | loss=1.4791
  [Client 11] Round 1 | Hier-pFedMe(λ2=35.0) | loss=1.5678
  [Edge 1] G1 | E5 | loss=1.5681
  [Cloud] GM=0.0123 | EM=0.0136 | loss=4.6005 | time=179.9s | comm=4592.1MB (total=4592MB)

[Round   2] Broadcasting to 2 edges...
  [Edge 0] G2 | E1 | Hier-pFedMe | Selected 10/10
  [Client  7] Round 2 | Hier-pFedMe(λ2=35.0) | loss=1.6551
  [Client 14] Round 2 | Hier-pFedMe(λ2=35.0) | loss=1.8597
  [Client 10] Round 2 | Hier-pFedMe(λ2=35.0) | loss=1.6076
  [Client 12] Round 2 | Hier-pFedMe(λ2=35.0) | loss=1.7476
  [Client 18] Round 2 | Hier-pFedMe(λ2=35.0) | loss=1.9251
  [Client  6] Round 2 | Hier-pFedMe(λ2=35.0) | loss=1.4399
  [Client  5] Round 2 | Hier-pFedMe(λ2=35.0) | loss=1.8115
  [Client  3] Round 2 | Hier-pFedMe(λ2=35.0) | loss=1.8554
  [Client 16] Round 2 | Hier-pFedMe(λ2=35.0) | loss=1.5722
  [Client  2] Round 2 | Hier-pFedMe(λ2=35.0) | loss=1.6961
  [Edge 0] G2 | E1 | loss=1.7170
  [Edge 0] G2 | E2 | Hier-pFedMe | Selected 10/10
  [Client 10] Round 2 | Hier-pFedMe(λ2=35.0) | loss=1.3893
  [Client  3] Round 2 | Hier-pFedMe(λ2=35.0) | loss=1.7540
  [Client 16] Round 2 | Hier-pFedMe(λ2=35.0) | loss=1.4493
  [Client  6] Round 2 | Hier-pFedMe(λ2=35.0) | loss=1.2522
  [Client  7] Round 2 | Hier-pFedMe(λ2=35.0) | loss=1.5795
  [Client 12] Round 2 | Hier-pFedMe(λ2=35.0) | loss=1.6726
  [Client  5] Round 2 | Hier-pFedMe(λ2=35.0) | loss=1.7962
  [Client 14] Round 2 | Hier-pFedMe(λ2=35.0) | loss=1.7589
  [Client  2] Round 2 | Hier-pFedMe(λ2=35.0) | loss=1.6030
  [Client 18] Round 2 | Hier-pFedMe(λ2=35.0) | loss=1.7682
  [Edge 0] G2 | E2 | loss=1.6023
  [Edge 0] G2 | E3 | Hier-pFedMe | Selected 10/10
  [Client 14] Round 2 | Hier-pFedMe(λ2=35.0) | loss=1.7580
  [Client 10] Round 2 | Hier-pFedMe(λ2=35.0) | loss=1.2463
  [Client 18] Round 2 | Hier-pFedMe(λ2=35.0) | loss=1.7234
  [Client  2] Round 2 | Hier-pFedMe(λ2=35.0) | loss=1.5503
  [Client  3] Round 2 | Hier-pFedMe(λ2=35.0) | loss=1.6724
  [Client 12] Round 2 | Hier-pFedMe(λ2=35.0) | loss=1.5940
  [Client  7] Round 2 | Hier-pFedMe(λ2=35.0) | loss=1.5756
  [Client 16] Round 2 | Hier-pFedMe(λ2=35.0) | loss=1.5441
  [Client  6] Round 2 | Hier-pFedMe(λ2=35.0) | loss=1.2183
  [Client  5] Round 2 | Hier-pFedMe(λ2=35.0) | loss=1.7099
  [Edge 0] G2 | E3 | loss=1.5592
  [Edge 0] G2 | E4 | Hier-pFedMe | Selected 10/10
  [Client 18] Round 2 | Hier-pFedMe(λ2=35.0) | loss=1.7034
  [Client  6] Round 2 | Hier-pFedMe(λ2=35.0) | loss=1.1716
  [Client 10] Round 2 | Hier-pFedMe(λ2=35.0) | loss=1.2871
  [Client 14] Round 2 | Hier-pFedMe(λ2=35.0) | loss=1.7336
  [Client  7] Round 2 | Hier-pFedMe(λ2=35.0) | loss=1.5668
  [Client  2] Round 2 | Hier-pFedMe(λ2=35.0) | loss=1.5262
  [Client 16] Round 2 | Hier-pFedMe(λ2=35.0) | loss=1.3583
  [Client 12] Round 2 | Hier-pFedMe(λ2=35.0) | loss=1.4907
  [Client  3] Round 2 | Hier-pFedMe(λ2=35.0) | loss=1.5892
  [Client  5] Round 2 | Hier-pFedMe(λ2=35.0) | loss=1.6031
  [Edge 0] G2 | E4 | loss=1.5030
  [Edge 0] G2 | E5 | Hier-pFedMe | Selected 10/10
  [Client  2] Round 2 | Hier-pFedMe(λ2=35.0) | loss=1.4599
  [Client  7] Round 2 | Hier-pFedMe(λ2=35.0) | loss=1.5100
  [Client 18] Round 2 | Hier-pFedMe(λ2=35.0) | loss=1.6268
  [Client  5] Round 2 | Hier-pFedMe(λ2=35.0) | loss=1.5888
  [Client  3] Round 2 | Hier-pFedMe(λ2=35.0) | loss=1.5639
  [Client 14] Round 2 | Hier-pFedMe(λ2=35.0) | loss=1.6596
  [Client 16] Round 2 | Hier-pFedMe(λ2=35.0) | loss=1.3805
  [Client 12] Round 2 | Hier-pFedMe(λ2=35.0) | loss=1.5172
  [Client  6] Round 2 | Hier-pFedMe(λ2=35.0) | loss=1.0866
  [Client 10] Round 2 | Hier-pFedMe(λ2=35.0) | loss=1.1793
  [Edge 0] G2 | E5 | loss=1.4573
  [Edge 1] G2 | E1 | Hier-pFedMe | Selected 10/10
  [Client  9] Round 2 | Hier-pFedMe(λ2=35.0) | loss=1.8384
  [Client  0] Round 2 | Hier-pFedMe(λ2=35.0) | loss=1.6662
  [Client 19] Round 2 | Hier-pFedMe(λ2=35.0) | loss=1.4661
  [Client 17] Round 2 | Hier-pFedMe(λ2=35.0) | loss=1.5995
  [Client  4] Round 2 | Hier-pFedMe(λ2=35.0) | loss=1.6564
  [Client 11] Round 2 | Hier-pFedMe(λ2=35.0) | loss=1.6532
  [Client  8] Round 2 | Hier-pFedMe(λ2=35.0) | loss=1.6508
  [Client  1] Round 2 | Hier-pFedMe(λ2=35.0) | loss=1.6621
  [Client 15] Round 2 | Hier-pFedMe(λ2=35.0) | loss=1.5509
  [Client 13] Round 2 | Hier-pFedMe(λ2=35.0) | loss=1.8270
  [Edge 1] G2 | E1 | loss=1.6571
  [Edge 1] G2 | E2 | Hier-pFedMe | Selected 10/10
  [Client  9] Round 2 | Hier-pFedMe(λ2=35.0) | loss=1.8605
  [Client 17] Round 2 | Hier-pFedMe(λ2=35.0) | loss=1.5298
  [Client 19] Round 2 | Hier-pFedMe(λ2=35.0) | loss=1.4080
  [Client  1] Round 2 | Hier-pFedMe(λ2=35.0) | loss=1.5581
  [Client 13] Round 2 | Hier-pFedMe(λ2=35.0) | loss=1.7820
  [Client  0] Round 2 | Hier-pFedMe(λ2=35.0) | loss=1.4201
  [Client  4] Round 2 | Hier-pFedMe(λ2=35.0) | loss=1.5903
  [Client  8] Round 2 | Hier-pFedMe(λ2=35.0) | loss=1.7180
  [Client 11] Round 2 | Hier-pFedMe(λ2=35.0) | loss=1.5294
  [Client 15] Round 2 | Hier-pFedMe(λ2=35.0) | loss=1.5462
  [Edge 1] G2 | E2 | loss=1.5942
  [Edge 1] G2 | E3 | Hier-pFedMe | Selected 10/10
  [Client  9] Round 2 | Hier-pFedMe(λ2=35.0) | loss=1.6448
  [Client  0] Round 2 | Hier-pFedMe(λ2=35.0) | loss=1.4139
  [Client 13] Round 2 | Hier-pFedMe(λ2=35.0) | loss=1.6635
  [Client  4] Round 2 | Hier-pFedMe(λ2=35.0) | loss=1.5147
  [Client  1] Round 2 | Hier-pFedMe(λ2=35.0) | loss=1.4543
  [Client  8] Round 2 | Hier-pFedMe(λ2=35.0) | loss=1.3916
  [Client 17] Round 2 | Hier-pFedMe(λ2=35.0) | loss=1.3912
  [Client 19] Round 2 | Hier-pFedMe(λ2=35.0) | loss=1.2594
  [Client 15] Round 2 | Hier-pFedMe(λ2=35.0) | loss=1.3850
  [Client 11] Round 2 | Hier-pFedMe(λ2=35.0) | loss=1.3840
  [Edge 1] G2 | E3 | loss=1.4502
  [Edge 1] G2 | E4 | Hier-pFedMe | Selected 10/10
  [Client  0] Round 2 | Hier-pFedMe(λ2=35.0) | loss=1.3781
  [Client  9] Round 2 | Hier-pFedMe(λ2=35.0) | loss=1.5574
  [Client 17] Round 2 | Hier-pFedMe(λ2=35.0) | loss=1.3392
  [Client  1] Round 2 | Hier-pFedMe(λ2=35.0) | loss=1.3184
  [Client  4] Round 2 | Hier-pFedMe(λ2=35.0) | loss=1.4400
  [Client 15] Round 2 | Hier-pFedMe(λ2=35.0) | loss=1.2578
  [Client 13] Round 2 | Hier-pFedMe(λ2=35.0) | loss=1.5949
  [Client 19] Round 2 | Hier-pFedMe(λ2=35.0) | loss=1.1797
  [Client 11] Round 2 | Hier-pFedMe(λ2=35.0) | loss=1.3096
  [Client  8] Round 2 | Hier-pFedMe(λ2=35.0) | loss=1.2792
  [Edge 1] G2 | E4 | loss=1.3654
  [Edge 1] G2 | E5 | Hier-pFedMe | Selected 10/10
  [Client  0] Round 2 | Hier-pFedMe(λ2=35.0) | loss=1.2739
  [Client  9] Round 2 | Hier-pFedMe(λ2=35.0) | loss=1.5420
  [Client 11] Round 2 | Hier-pFedMe(λ2=35.0) | loss=1.2208
  [Client  4] Round 2 | Hier-pFedMe(λ2=35.0) | loss=1.3745
  [Client  8] Round 2 | Hier-pFedMe(λ2=35.0) | loss=1.3122
  [Client 17] Round 2 | Hier-pFedMe(λ2=35.0) | loss=1.2879
  [Client 15] Round 2 | Hier-pFedMe(λ2=35.0) | loss=1.1882
  [Client 13] Round 2 | Hier-pFedMe(λ2=35.0) | loss=1.5821
  [Client 19] Round 2 | Hier-pFedMe(λ2=35.0) | loss=1.1234
  [Client  1] Round 2 | Hier-pFedMe(λ2=35.0) | loss=1.2987
  [Edge 1] G2 | E5 | loss=1.3204
  [Cloud] GM=0.0117 | EM=0.0192 | loss=4.5839 | time=133.5s | comm=4592.1MB (total=9184MB)

[Round   3] Broadcasting to 2 edges...
  [Edge 0] G3 | E1 | Hier-pFedMe | Selected 10/10
  [Client 16] Round 3 | Hier-pFedMe(λ2=35.0) | loss=1.4466
  [Client  2] Round 3 | Hier-pFedMe(λ2=35.0) | loss=1.5118
  [Client 18] Round 3 | Hier-pFedMe(λ2=35.0) | loss=1.7003
  [Client 10] Round 3 | Hier-pFedMe(λ2=35.0) | loss=1.2575
  [Client  3] Round 3 | Hier-pFedMe(λ2=35.0) | loss=1.6895
  [Client 14] Round 3 | Hier-pFedMe(λ2=35.0) | loss=1.7152
  [Client 12] Round 3 | Hier-pFedMe(λ2=35.0) | loss=1.5974
  [Client  6] Round 3 | Hier-pFedMe(λ2=35.0) | loss=1.1803
  [Client  7] Round 3 | Hier-pFedMe(λ2=35.0) | loss=1.6025
  [Client  5] Round 3 | Hier-pFedMe(λ2=35.0) | loss=1.6066
  [Edge 0] G3 | E1 | loss=1.5308
  [Edge 0] G3 | E2 | Hier-pFedMe | Selected 10/10
  [Client  3] Round 3 | Hier-pFedMe(λ2=35.0) | loss=1.5482
  [Client 12] Round 3 | Hier-pFedMe(λ2=35.0) | loss=1.4586
  [Client 10] Round 3 | Hier-pFedMe(λ2=35.0) | loss=1.2191
  [Client 18] Round 3 | Hier-pFedMe(λ2=35.0) | loss=1.6080
  [Client  7] Round 3 | Hier-pFedMe(λ2=35.0) | loss=1.4678
  [Client 16] Round 3 | Hier-pFedMe(λ2=35.0) | loss=1.3358
  [Client 14] Round 3 | Hier-pFedMe(λ2=35.0) | loss=1.6571
  [Client  6] Round 3 | Hier-pFedMe(λ2=35.0) | loss=1.0929
  [Client  5] Round 3 | Hier-pFedMe(λ2=35.0) | loss=1.4840
  [Client  2] Round 3 | Hier-pFedMe(λ2=35.0) | loss=1.4570
  [Edge 0] G3 | E2 | loss=1.4329
  [Edge 0] G3 | E3 | Hier-pFedMe | Selected 10/10
  [Client  3] Round 3 | Hier-pFedMe(λ2=35.0) | loss=1.4586
  [Client  7] Round 3 | Hier-pFedMe(λ2=35.0) | loss=1.4856
  [Client  2] Round 3 | Hier-pFedMe(λ2=35.0) | loss=1.3484
  [Client  5] Round 3 | Hier-pFedMe(λ2=35.0) | loss=1.4508
  [Client 18] Round 3 | Hier-pFedMe(λ2=35.0) | loss=1.5614
  [Client 14] Round 3 | Hier-pFedMe(λ2=35.0) | loss=1.5614
  [Client 16] Round 3 | Hier-pFedMe(λ2=35.0) | loss=1.2944
  [Client  6] Round 3 | Hier-pFedMe(λ2=35.0) | loss=0.9155
  [Client 10] Round 3 | Hier-pFedMe(λ2=35.0) | loss=1.1658
  [Client 12] Round 3 | Hier-pFedMe(λ2=35.0) | loss=1.4465
  [Edge 0] G3 | E3 | loss=1.3688
  [Edge 0] G3 | E4 | Hier-pFedMe | Selected 10/10
  [Client 16] Round 3 | Hier-pFedMe(λ2=35.0) | loss=1.2483
  [Client 10] Round 3 | Hier-pFedMe(λ2=35.0) | loss=1.0694
  [Client  5] Round 3 | Hier-pFedMe(λ2=35.0) | loss=1.3891
  [Client  7] Round 3 | Hier-pFedMe(λ2=35.0) | loss=1.3481
  [Client 18] Round 3 | Hier-pFedMe(λ2=35.0) | loss=1.4990
  [Client  6] Round 3 | Hier-pFedMe(λ2=35.0) | loss=0.9073
  [Client 14] Round 3 | Hier-pFedMe(λ2=35.0) | loss=1.5400
  [Client 12] Round 3 | Hier-pFedMe(λ2=35.0) | loss=1.3672
  [Client  2] Round 3 | Hier-pFedMe(λ2=35.0) | loss=1.3061
  [Client  3] Round 3 | Hier-pFedMe(λ2=35.0) | loss=1.4789
  [Edge 0] G3 | E4 | loss=1.3153
  [Edge 0] G3 | E5 | Hier-pFedMe | Selected 10/10
  [Client 18] Round 3 | Hier-pFedMe(λ2=35.0) | loss=1.5173
  [Client 14] Round 3 | Hier-pFedMe(λ2=35.0) | loss=1.4986
  [Client  3] Round 3 | Hier-pFedMe(λ2=35.0) | loss=1.4309
  [Client  2] Round 3 | Hier-pFedMe(λ2=35.0) | loss=1.3027
  [Client 16] Round 3 | Hier-pFedMe(λ2=35.0) | loss=1.2037
  [Client  7] Round 3 | Hier-pFedMe(λ2=35.0) | loss=1.2853
  [Client  5] Round 3 | Hier-pFedMe(λ2=35.0) | loss=1.3364
  [Client 12] Round 3 | Hier-pFedMe(λ2=35.0) | loss=1.3291
  [Client  6] Round 3 | Hier-pFedMe(λ2=35.0) | loss=0.8614
  [Client 10] Round 3 | Hier-pFedMe(λ2=35.0) | loss=1.0881
  [Edge 0] G3 | E5 | loss=1.2854
  [Edge 1] G3 | E1 | Hier-pFedMe | Selected 10/10
  [Client  0] Round 3 | Hier-pFedMe(λ2=35.0) | loss=1.3311
  [Client  9] Round 3 | Hier-pFedMe(λ2=35.0) | loss=1.6184
  [Client  1] Round 3 | Hier-pFedMe(λ2=35.0) | loss=1.3844
  [Client  8] Round 3 | Hier-pFedMe(λ2=35.0) | loss=1.3770
  [Client 11] Round 3 | Hier-pFedMe(λ2=35.0) | loss=1.3098
  [Client 15] Round 3 | Hier-pFedMe(λ2=35.0) | loss=1.3152  [Client 19] Round 3 | Hier-pFedMe(λ2=35.0) | loss=1.2097

  [Client 17] Round 3 | Hier-pFedMe(λ2=35.0) | loss=1.3761
  [Client 13] Round 3 | Hier-pFedMe(λ2=35.0) | loss=1.6048
  [Client  4] Round 3 | Hier-pFedMe(λ2=35.0) | loss=1.4513
  [Edge 1] G3 | E1 | loss=1.3978
  [Edge 1] G3 | E2 | Hier-pFedMe | Selected 10/10
  [Client 13] Round 3 | Hier-pFedMe(λ2=35.0) | loss=1.4667
  [Client 11] Round 3 | Hier-pFedMe(λ2=35.0) | loss=1.2089
  [Client  8] Round 3 | Hier-pFedMe(λ2=35.0) | loss=1.2734
  [Client 19] Round 3 | Hier-pFedMe(λ2=35.0) | loss=1.0282
  [Client  0] Round 3 | Hier-pFedMe(λ2=35.0) | loss=1.3389
  [Client  9] Round 3 | Hier-pFedMe(λ2=35.0) | loss=1.4700
  [Client 17] Round 3 | Hier-pFedMe(λ2=35.0) | loss=1.2971
  [Client  1] Round 3 | Hier-pFedMe(λ2=35.0) | loss=1.3537
  [Client  4] Round 3 | Hier-pFedMe(λ2=35.0) | loss=1.3599
  [Client 15] Round 3 | Hier-pFedMe(λ2=35.0) | loss=1.2562
  [Edge 1] G3 | E2 | loss=1.3053
  [Edge 1] G3 | E3 | Hier-pFedMe | Selected 10/10
  [Client  9] Round 3 | Hier-pFedMe(λ2=35.0) | loss=1.4578
  [Client 15] Round 3 | Hier-pFedMe(λ2=35.0) | loss=1.1175
  [Client  0] Round 3 | Hier-pFedMe(λ2=35.0) | loss=1.2906
  [Client  8] Round 3 | Hier-pFedMe(λ2=35.0) | loss=1.2307
  [Client  1] Round 3 | Hier-pFedMe(λ2=35.0) | loss=1.1882
  [Client 11] Round 3 | Hier-pFedMe(λ2=35.0) | loss=1.2050
  [Client 19] Round 3 | Hier-pFedMe(λ2=35.0) | loss=1.0068
  [Client  4] Round 3 | Hier-pFedMe(λ2=35.0) | loss=1.3290
  [Client 17] Round 3 | Hier-pFedMe(λ2=35.0) | loss=1.2751
  [Client 13] Round 3 | Hier-pFedMe(λ2=35.0) | loss=1.4313
  [Edge 1] G3 | E3 | loss=1.2532
  [Edge 1] G3 | E4 | Hier-pFedMe | Selected 10/10
  [Client  4] Round 3 | Hier-pFedMe(λ2=35.0) | loss=1.2355
  [Client 11] Round 3 | Hier-pFedMe(λ2=35.0) | loss=1.0908
  [Client  0] Round 3 | Hier-pFedMe(λ2=35.0) | loss=1.1554
  [Client  1] Round 3 | Hier-pFedMe(λ2=35.0) | loss=1.1869
  [Client 13] Round 3 | Hier-pFedMe(λ2=35.0) | loss=1.3725
  [Client 15] Round 3 | Hier-pFedMe(λ2=35.0) | loss=1.0728
  [Client 17] Round 3 | Hier-pFedMe(λ2=35.0) | loss=1.2659
  [Client  8] Round 3 | Hier-pFedMe(λ2=35.0) | loss=1.1798
  [Client 19] Round 3 | Hier-pFedMe(λ2=35.0) | loss=1.0032
  [Client  9] Round 3 | Hier-pFedMe(λ2=35.0) | loss=1.4159
  [Edge 1] G3 | E4 | loss=1.1979
  [Edge 1] G3 | E5 | Hier-pFedMe | Selected 10/10
  [Client  9] Round 3 | Hier-pFedMe(λ2=35.0) | loss=1.3933
  [Client  1] Round 3 | Hier-pFedMe(λ2=35.0) | loss=1.1114
  [Client  0] Round 3 | Hier-pFedMe(λ2=35.0) | loss=1.1218
  [Client 15] Round 3 | Hier-pFedMe(λ2=35.0) | loss=0.9739
  [Client 17] Round 3 | Hier-pFedMe(λ2=35.0) | loss=1.1727
  [Client 13] Round 3 | Hier-pFedMe(λ2=35.0) | loss=1.3290
  [Client  4] Round 3 | Hier-pFedMe(λ2=35.0) | loss=1.2643
  [Client  8] Round 3 | Hier-pFedMe(λ2=35.0) | loss=1.1013
  [Client 11] Round 3 | Hier-pFedMe(λ2=35.0) | loss=1.0785
  [Client 19] Round 3 | Hier-pFedMe(λ2=35.0) | loss=0.8859
  [Edge 1] G3 | E5 | loss=1.1432
  [Cloud] GM=0.0222 | EM=0.0243 | loss=4.4954 | time=132.3s | comm=4592.1MB (total=13776MB)

[Round   4] Broadcasting to 2 edges...
  [Edge 0] G4 | E1 | Hier-pFedMe | Selected 10/10
  [Client 16] Round 4 | Hier-pFedMe(λ2=35.0) | loss=1.2457
  [Client 18] Round 4 | Hier-pFedMe(λ2=35.0) | loss=1.5652
  [Client 12] Round 4 | Hier-pFedMe(λ2=35.0) | loss=1.3780
  [Client 10] Round 4 | Hier-pFedMe(λ2=35.0) | loss=1.0767
  [Client  7] Round 4 | Hier-pFedMe(λ2=35.0) | loss=1.3606
  [Client 14] Round 4 | Hier-pFedMe(λ2=35.0) | loss=1.5316
  [Client  3] Round 4 | Hier-pFedMe(λ2=35.0) | loss=1.4409
  [Client  5] Round 4 | Hier-pFedMe(λ2=35.0) | loss=1.3958
  [Client  6] Round 4 | Hier-pFedMe(λ2=35.0) | loss=0.9731
  [Client  2] Round 4 | Hier-pFedMe(λ2=35.0) | loss=1.3338
  [Edge 0] G4 | E1 | loss=1.3301
  [Edge 0] G4 | E2 | Hier-pFedMe | Selected 10/10
  [Client  6] Round 4 | Hier-pFedMe(λ2=35.0) | loss=0.8795
  [Client  2] Round 4 | Hier-pFedMe(λ2=35.0) | loss=1.2509
  [Client 10] Round 4 | Hier-pFedMe(λ2=35.0) | loss=1.0382
  [Client 16] Round 4 | Hier-pFedMe(λ2=35.0) | loss=1.2029
  [Client  3] Round 4 | Hier-pFedMe(λ2=35.0) | loss=1.3817
  [Client 18] Round 4 | Hier-pFedMe(λ2=35.0) | loss=1.5054
  [Client 12] Round 4 | Hier-pFedMe(λ2=35.0) | loss=1.2626
  [Client 14] Round 4 | Hier-pFedMe(λ2=35.0) | loss=1.5108
  [Client  5] Round 4 | Hier-pFedMe(λ2=35.0) | loss=1.2912
  [Client  7] Round 4 | Hier-pFedMe(λ2=35.0) | loss=1.3093
  [Edge 0] G4 | E2 | loss=1.2633
  [Edge 0] G4 | E3 | Hier-pFedMe | Selected 10/10
  [Client  3] Round 4 | Hier-pFedMe(λ2=35.0) | loss=1.3135
  [Client  7] Round 4 | Hier-pFedMe(λ2=35.0) | loss=1.2595
  [Client 16] Round 4 | Hier-pFedMe(λ2=35.0) | loss=1.1571
  [Client  2] Round 4 | Hier-pFedMe(λ2=35.0) | loss=1.2367
  [Client 18] Round 4 | Hier-pFedMe(λ2=35.0) | loss=1.4132
  [Client  5] Round 4 | Hier-pFedMe(λ2=35.0) | loss=1.2538
  [Client  6] Round 4 | Hier-pFedMe(λ2=35.0) | loss=0.8804
  [Client 12] Round 4 | Hier-pFedMe(λ2=35.0) | loss=1.2574
  [Client 14] Round 4 | Hier-pFedMe(λ2=35.0) | loss=1.4525
  [Client 10] Round 4 | Hier-pFedMe(λ2=35.0) | loss=0.9403
  [Edge 0] G4 | E3 | loss=1.2164
  [Edge 0] G4 | E4 | Hier-pFedMe | Selected 10/10
  [Client  3] Round 4 | Hier-pFedMe(λ2=35.0) | loss=1.2742
  [Client  6] Round 4 | Hier-pFedMe(λ2=35.0) | loss=0.8563
  [Client 14] Round 4 | Hier-pFedMe(λ2=35.0) | loss=1.4362
  [Client 12] Round 4 | Hier-pFedMe(λ2=35.0) | loss=1.1607
  [Client  2] Round 4 | Hier-pFedMe(λ2=35.0) | loss=1.1513
  [Client 18] Round 4 | Hier-pFedMe(λ2=35.0) | loss=1.4173
  [Client 10] Round 4 | Hier-pFedMe(λ2=35.0) | loss=0.9376
  [Client 16] Round 4 | Hier-pFedMe(λ2=35.0) | loss=1.1720
  [Client  7] Round 4 | Hier-pFedMe(λ2=35.0) | loss=1.2258
  [Client  5] Round 4 | Hier-pFedMe(λ2=35.0) | loss=1.2172
  [Edge 0] G4 | E4 | loss=1.1848
  [Edge 0] G4 | E5 | Hier-pFedMe | Selected 10/10
  [Client  3] Round 4 | Hier-pFedMe(λ2=35.0) | loss=1.2309
  [Client 10] Round 4 | Hier-pFedMe(λ2=35.0) | loss=0.9088
  [Client  6] Round 4 | Hier-pFedMe(λ2=35.0) | loss=0.8224
  [Client  2] Round 4 | Hier-pFedMe(λ2=35.0) | loss=1.2071
  [Client  7] Round 4 | Hier-pFedMe(λ2=35.0) | loss=1.2141
  [Client 18] Round 4 | Hier-pFedMe(λ2=35.0) | loss=1.3810
  [Client 14] Round 4 | Hier-pFedMe(λ2=35.0) | loss=1.3608
  [Client 12] Round 4 | Hier-pFedMe(λ2=35.0) | loss=1.1742
  [Client  5] Round 4 | Hier-pFedMe(λ2=35.0) | loss=1.1525
  [Client 16] Round 4 | Hier-pFedMe(λ2=35.0) | loss=1.1127
  [Edge 0] G4 | E5 | loss=1.1564
  [Edge 1] G4 | E1 | Hier-pFedMe | Selected 10/10
  [Client  9] Round 4 | Hier-pFedMe(λ2=35.0) | loss=1.4392
  [Client 19] Round 4 | Hier-pFedMe(λ2=35.0) | loss=1.0164
  [Client 11] Round 4 | Hier-pFedMe(λ2=35.0) | loss=1.1231
  [Client  8] Round 4 | Hier-pFedMe(λ2=35.0) | loss=1.1761
  [Client 15] Round 4 | Hier-pFedMe(λ2=35.0) | loss=1.1016
  [Client  4] Round 4 | Hier-pFedMe(λ2=35.0) | loss=1.3103
  [Client 17] Round 4 | Hier-pFedMe(λ2=35.0) | loss=1.2374
  [Client  1] Round 4 | Hier-pFedMe(λ2=35.0) | loss=1.2352
  [Client  0] Round 4 | Hier-pFedMe(λ2=35.0) | loss=1.2475
  [Client 13] Round 4 | Hier-pFedMe(λ2=35.0) | loss=1.4971
  [Edge 1] G4 | E1 | loss=1.2384
  [Edge 1] G4 | E2 | Hier-pFedMe | Selected 10/10
  [Client 13] Round 4 | Hier-pFedMe(λ2=35.0) | loss=1.3450
  [Client  4] Round 4 | Hier-pFedMe(λ2=35.0) | loss=1.2002
  [Client 19] Round 4 | Hier-pFedMe(λ2=35.0) | loss=0.8666
  [Client  8] Round 4 | Hier-pFedMe(λ2=35.0) | loss=1.1267
  [Client 17] Round 4 | Hier-pFedMe(λ2=35.0) | loss=1.2071
  [Client 15] Round 4 | Hier-pFedMe(λ2=35.0) | loss=0.9848
  [Client  0] Round 4 | Hier-pFedMe(λ2=35.0) | loss=1.1096
  [Client  9] Round 4 | Hier-pFedMe(λ2=35.0) | loss=1.3620
  [Client  1] Round 4 | Hier-pFedMe(λ2=35.0) | loss=1.0667
  [Client 11] Round 4 | Hier-pFedMe(λ2=35.0) | loss=1.0811
  [Edge 1] G4 | E2 | loss=1.1350
  [Edge 1] G4 | E3 | Hier-pFedMe | Selected 10/10
  [Client  4] Round 4 | Hier-pFedMe(λ2=35.0) | loss=1.1481
  [Client 17] Round 4 | Hier-pFedMe(λ2=35.0) | loss=1.1531
  [Client 19] Round 4 | Hier-pFedMe(λ2=35.0) | loss=0.8400
  [Client 15] Round 4 | Hier-pFedMe(λ2=35.0) | loss=0.9083
  [Client  8] Round 4 | Hier-pFedMe(λ2=35.0) | loss=1.0496
  [Client  0] Round 4 | Hier-pFedMe(λ2=35.0) | loss=1.0783
  [Client  1] Round 4 | Hier-pFedMe(λ2=35.0) | loss=1.0295
  [Client 11] Round 4 | Hier-pFedMe(λ2=35.0) | loss=1.0617
  [Client  9] Round 4 | Hier-pFedMe(λ2=35.0) | loss=1.3046
  [Client 13] Round 4 | Hier-pFedMe(λ2=35.0) | loss=1.3041
  [Edge 1] G4 | E3 | loss=1.0877
  [Edge 1] G4 | E4 | Hier-pFedMe | Selected 10/10
  [Client 11] Round 4 | Hier-pFedMe(λ2=35.0) | loss=0.9826
  [Client 15] Round 4 | Hier-pFedMe(λ2=35.0) | loss=0.9094
  [Client 19] Round 4 | Hier-pFedMe(λ2=35.0) | loss=0.8127
  [Client  8] Round 4 | Hier-pFedMe(λ2=35.0) | loss=1.0059
  [Client  0] Round 4 | Hier-pFedMe(λ2=35.0) | loss=1.0539
  [Client  1] Round 4 | Hier-pFedMe(λ2=35.0) | loss=1.0056
  [Client 13] Round 4 | Hier-pFedMe(λ2=35.0) | loss=1.2373
  [Client 17] Round 4 | Hier-pFedMe(λ2=35.0) | loss=1.0990
  [Client  4] Round 4 | Hier-pFedMe(λ2=35.0) | loss=1.1515
  [Client  9] Round 4 | Hier-pFedMe(λ2=35.0) | loss=1.2825
  [Edge 1] G4 | E4 | loss=1.0540
  [Edge 1] G4 | E5 | Hier-pFedMe | Selected 10/10
  [Client 11] Round 4 | Hier-pFedMe(λ2=35.0) | loss=0.9519
  [Client  8] Round 4 | Hier-pFedMe(λ2=35.0) | loss=0.9574
  [Client 15] Round 4 | Hier-pFedMe(λ2=35.0) | loss=0.8815
  [Client 17] Round 4 | Hier-pFedMe(λ2=35.0) | loss=1.0500
  [Client 19] Round 4 | Hier-pFedMe(λ2=35.0) | loss=0.7631
  [Client  0] Round 4 | Hier-pFedMe(λ2=35.0) | loss=1.0197
  [Client  9] Round 4 | Hier-pFedMe(λ2=35.0) | loss=1.2403
  [Client  4] Round 4 | Hier-pFedMe(λ2=35.0) | loss=1.0728
  [Client  1] Round 4 | Hier-pFedMe(λ2=35.0) | loss=0.9688
  [Client 13] Round 4 | Hier-pFedMe(λ2=35.0) | loss=1.2361
  [Edge 1] G4 | E5 | loss=1.0142
  [Cloud] GM=0.0195 | EM=0.0247 | loss=4.5276 | time=133.0s | comm=4592.1MB (total=18368MB)

[Round   5] Broadcasting to 2 edges...
  [Edge 0] G5 | E1 | Hier-pFedMe | Selected 10/10
  [Client  3] Round 5 | Hier-pFedMe(λ2=35.0) | loss=1.3161
  [Client 12] Round 5 | Hier-pFedMe(λ2=35.0) | loss=1.2978
  [Client  5] Round 5 | Hier-pFedMe(λ2=35.0) | loss=1.2916
  [Client 10] Round 5 | Hier-pFedMe(λ2=35.0) | loss=0.9569
  [Client 14] Round 5 | Hier-pFedMe(λ2=35.0) | loss=1.4199
  [Client 18] Round 5 | Hier-pFedMe(λ2=35.0) | loss=1.4328
  [Client 16] Round 5 | Hier-pFedMe(λ2=35.0) | loss=1.1877
  [Client  6] Round 5 | Hier-pFedMe(λ2=35.0) | loss=0.9398
  [Client  7] Round 5 | Hier-pFedMe(λ2=35.0) | loss=1.2710
  [Client  2] Round 5 | Hier-pFedMe(λ2=35.0) | loss=1.2540
  [Edge 0] G5 | E1 | loss=1.2367
  [Edge 0] G5 | E2 | Hier-pFedMe | Selected 10/10
  [Client  2] Round 5 | Hier-pFedMe(λ2=35.0) | loss=1.1381
  [Client 10] Round 5 | Hier-pFedMe(λ2=35.0) | loss=0.8731
  [Client 18] Round 5 | Hier-pFedMe(λ2=35.0) | loss=1.3522
  [Client 16] Round 5 | Hier-pFedMe(λ2=35.0) | loss=1.1191
  [Client  3] Round 5 | Hier-pFedMe(λ2=35.0) | loss=1.2711
  [Client  7] Round 5 | Hier-pFedMe(λ2=35.0) | loss=1.1553
  [Client 14] Round 5 | Hier-pFedMe(λ2=35.0) | loss=1.3658
  [Client 12] Round 5 | Hier-pFedMe(λ2=35.0) | loss=1.1693
  [Client  6] Round 5 | Hier-pFedMe(λ2=35.0) | loss=0.7716
  [Client  5] Round 5 | Hier-pFedMe(λ2=35.0) | loss=1.1996
  [Edge 0] G5 | E2 | loss=1.1415
  [Edge 0] G5 | E3 | Hier-pFedMe | Selected 10/10
  [Client 18] Round 5 | Hier-pFedMe(λ2=35.0) | loss=1.3504
  [Client  7] Round 5 | Hier-pFedMe(λ2=35.0) | loss=1.1497
  [Client  2] Round 5 | Hier-pFedMe(λ2=35.0) | loss=1.1076
  [Client 10] Round 5 | Hier-pFedMe(λ2=35.0) | loss=0.9125
  [Client  5] Round 5 | Hier-pFedMe(λ2=35.0) | loss=1.1465
  [Client  3] Round 5 | Hier-pFedMe(λ2=35.0) | loss=1.2305
  [Client 16] Round 5 | Hier-pFedMe(λ2=35.0) | loss=1.0629
  [Client 12] Round 5 | Hier-pFedMe(λ2=35.0) | loss=1.1221
  [Client  6] Round 5 | Hier-pFedMe(λ2=35.0) | loss=0.7870
  [Client 14] Round 5 | Hier-pFedMe(λ2=35.0) | loss=1.3646
  [Edge 0] G5 | E3 | loss=1.1234
  [Edge 0] G5 | E4 | Hier-pFedMe | Selected 10/10
  [Client  2] Round 5 | Hier-pFedMe(λ2=35.0) | loss=1.0282
  [Client 18] Round 5 | Hier-pFedMe(λ2=35.0) | loss=1.3247
  [Client  6] Round 5 | Hier-pFedMe(λ2=35.0) | loss=0.7648
  [Client 12] Round 5 | Hier-pFedMe(λ2=35.0) | loss=1.1052
  [Client 16] Round 5 | Hier-pFedMe(λ2=35.0) | loss=1.0558
  [Client  5] Round 5 | Hier-pFedMe(λ2=35.0) | loss=1.1351
  [Client  3] Round 5 | Hier-pFedMe(λ2=35.0) | loss=1.1937
  [Client 10] Round 5 | Hier-pFedMe(λ2=35.0) | loss=0.8141
  [Client  7] Round 5 | Hier-pFedMe(λ2=35.0) | loss=1.1200
  [Client 14] Round 5 | Hier-pFedMe(λ2=35.0) | loss=1.2984
  [Edge 0] G5 | E4 | loss=1.0840
  [Edge 0] G5 | E5 | Hier-pFedMe | Selected 10/10
  [Client 12] Round 5 | Hier-pFedMe(λ2=35.0) | loss=1.1097
  [Client  3] Round 5 | Hier-pFedMe(λ2=35.0) | loss=1.1130
  [Client  7] Round 5 | Hier-pFedMe(λ2=35.0) | loss=1.0835
  [Client 10] Round 5 | Hier-pFedMe(λ2=35.0) | loss=0.8059
  [Client 16] Round 5 | Hier-pFedMe(λ2=35.0) | loss=0.9867
  [Client  2] Round 5 | Hier-pFedMe(λ2=35.0) | loss=1.0542
  [Client  6] Round 5 | Hier-pFedMe(λ2=35.0) | loss=0.7038
  [Client 18] Round 5 | Hier-pFedMe(λ2=35.0) | loss=1.2297
  [Client 14] Round 5 | Hier-pFedMe(λ2=35.0) | loss=1.3209
  [Client  5] Round 5 | Hier-pFedMe(λ2=35.0) | loss=1.1387
  [Edge 0] G5 | E5 | loss=1.0546
  [Edge 1] G5 | E1 | Hier-pFedMe | Selected 10/10
  [Client 15] Round 5 | Hier-pFedMe(λ2=35.0) | loss=0.9790
  [Client  9] Round 5 | Hier-pFedMe(λ2=35.0) | loss=1.2863
  [Client  1] Round 5 | Hier-pFedMe(λ2=35.0) | loss=1.0884
  [Client  8] Round 5 | Hier-pFedMe(λ2=35.0) | loss=1.0692
  [Client  0] Round 5 | Hier-pFedMe(λ2=35.0) | loss=1.0840
  [Client 11] Round 5 | Hier-pFedMe(λ2=35.0) | loss=1.0317
  [Client 17] Round 5 | Hier-pFedMe(λ2=35.0) | loss=1.1515
  [Client  4] Round 5 | Hier-pFedMe(λ2=35.0) | loss=1.1616
  [Client 13] Round 5 | Hier-pFedMe(λ2=35.0) | loss=1.3001
  [Client 19] Round 5 | Hier-pFedMe(λ2=35.0) | loss=0.8233
  [Edge 1] G5 | E1 | loss=1.0975
  [Edge 1] G5 | E2 | Hier-pFedMe | Selected 10/10
  [Client  8] Round 5 | Hier-pFedMe(λ2=35.0) | loss=0.9690
  [Client 13] Round 5 | Hier-pFedMe(λ2=35.0) | loss=1.1880
  [Client  1] Round 5 | Hier-pFedMe(λ2=35.0) | loss=0.9558
  [Client 19] Round 5 | Hier-pFedMe(λ2=35.0) | loss=0.7746
  [Client  4] Round 5 | Hier-pFedMe(λ2=35.0) | loss=1.0396
  [Client 11] Round 5 | Hier-pFedMe(λ2=35.0) | loss=0.9101
  [Client  9] Round 5 | Hier-pFedMe(λ2=35.0) | loss=1.1940
  [Client 17] Round 5 | Hier-pFedMe(λ2=35.0) | loss=1.0279
  [Client  0] Round 5 | Hier-pFedMe(λ2=35.0) | loss=1.0438
  [Client 15] Round 5 | Hier-pFedMe(λ2=35.0) | loss=0.8921
  [Edge 1] G5 | E2 | loss=0.9995
  [Edge 1] G5 | E3 | Hier-pFedMe | Selected 10/10
  [Client 15] Round 5 | Hier-pFedMe(λ2=35.0) | loss=0.8425
  [Client 19] Round 5 | Hier-pFedMe(λ2=35.0) | loss=0.7101
  [Client  8] Round 5 | Hier-pFedMe(λ2=35.0) | loss=0.9130
  [Client  4] Round 5 | Hier-pFedMe(λ2=35.0) | loss=1.0544
  [Client  0] Round 5 | Hier-pFedMe(λ2=35.0) | loss=0.9929
  [Client 17] Round 5 | Hier-pFedMe(λ2=35.0) | loss=1.0415
  [Client  1] Round 5 | Hier-pFedMe(λ2=35.0) | loss=0.9373
  [Client 11] Round 5 | Hier-pFedMe(λ2=35.0) | loss=0.8688
  [Client 13] Round 5 | Hier-pFedMe(λ2=35.0) | loss=1.1406
  [Client  9] Round 5 | Hier-pFedMe(λ2=35.0) | loss=1.1597
  [Edge 1] G5 | E3 | loss=0.9661
  [Edge 1] G5 | E4 | Hier-pFedMe | Selected 10/10
  [Client 13] Round 5 | Hier-pFedMe(λ2=35.0) | loss=1.1152
  [Client  1] Round 5 | Hier-pFedMe(λ2=35.0) | loss=0.9291
  [Client  0] Round 5 | Hier-pFedMe(λ2=35.0) | loss=0.9834
  [Client 11] Round 5 | Hier-pFedMe(λ2=35.0) | loss=0.8889
  [Client 17] Round 5 | Hier-pFedMe(λ2=35.0) | loss=1.0511
  [Client 15] Round 5 | Hier-pFedMe(λ2=35.0) | loss=0.7949
  [Client  8] Round 5 | Hier-pFedMe(λ2=35.0) | loss=0.9360
  [Client 19] Round 5 | Hier-pFedMe(λ2=35.0) | loss=0.7047
  [Client  4] Round 5 | Hier-pFedMe(λ2=35.0) | loss=0.9931
  [Client  9] Round 5 | Hier-pFedMe(λ2=35.0) | loss=1.1774
  [Edge 1] G5 | E4 | loss=0.9574
  [Edge 1] G5 | E5 | Hier-pFedMe | Selected 10/10
  [Client  9] Round 5 | Hier-pFedMe(λ2=35.0) | loss=1.1593
  [Client 17] Round 5 | Hier-pFedMe(λ2=35.0) | loss=0.9650
  [Client  0] Round 5 | Hier-pFedMe(λ2=35.0) | loss=0.9304
  [Client 19] Round 5 | Hier-pFedMe(λ2=35.0) | loss=0.6443
  [Client 15] Round 5 | Hier-pFedMe(λ2=35.0) | loss=0.8369
  [Client 11] Round 5 | Hier-pFedMe(λ2=35.0) | loss=0.8481
  [Client 13] Round 5 | Hier-pFedMe(λ2=35.0) | loss=1.1657
  [Client  1] Round 5 | Hier-pFedMe(λ2=35.0) | loss=0.8541
  [Client  4] Round 5 | Hier-pFedMe(λ2=35.0) | loss=0.9919
  [Client  8] Round 5 | Hier-pFedMe(λ2=35.0) | loss=0.8319
  [Edge 1] G5 | E5 | loss=0.9228
  [Cloud] GM=0.0280 | EM=0.0323 | loss=4.5521 | time=133.4s | comm=4592.1MB (total=22961MB)

[Round   6] Broadcasting to 2 edges...
  [Edge 0] G6 | E1 | Hier-pFedMe | Selected 10/10
  [Client 14] Round 6 | Hier-pFedMe(λ2=35.0) | loss=1.2968
  [Client 12] Round 6 | Hier-pFedMe(λ2=35.0) | loss=1.1413
  [Client  2] Round 6 | Hier-pFedMe(λ2=35.0) | loss=1.0980
  [Client 10] Round 6 | Hier-pFedMe(λ2=35.0) | loss=0.8671
  [Client 16] Round 6 | Hier-pFedMe(λ2=35.0) | loss=1.0949
  [Client  3] Round 6 | Hier-pFedMe(λ2=35.0) | loss=1.1507
  [Client  5] Round 6 | Hier-pFedMe(λ2=35.0) | loss=1.1756
  [Client  7] Round 6 | Hier-pFedMe(λ2=35.0) | loss=1.1802
  [Client 18] Round 6 | Hier-pFedMe(λ2=35.0) | loss=1.3268
  [Client  6] Round 6 | Hier-pFedMe(λ2=35.0) | loss=0.7971
  [Edge 0] G6 | E1 | loss=1.1129
  [Edge 0] G6 | E2 | Hier-pFedMe | Selected 10/10
  [Client  2] Round 6 | Hier-pFedMe(λ2=35.0) | loss=1.0191
  [Client  7] Round 6 | Hier-pFedMe(λ2=35.0) | loss=1.0880
  [Client 14] Round 6 | Hier-pFedMe(λ2=35.0) | loss=1.2766
  [Client 16] Round 6 | Hier-pFedMe(λ2=35.0) | loss=0.9655
  [Client 10] Round 6 | Hier-pFedMe(λ2=35.0) | loss=0.8164
  [Client  3] Round 6 | Hier-pFedMe(λ2=35.0) | loss=1.1183
  [Client  6] Round 6 | Hier-pFedMe(λ2=35.0) | loss=0.7319
  [Client  5] Round 6 | Hier-pFedMe(λ2=35.0) | loss=1.0914
  [Client 18] Round 6 | Hier-pFedMe(λ2=35.0) | loss=1.2444
  [Client 12] Round 6 | Hier-pFedMe(λ2=35.0) | loss=1.0842
  [Edge 0] G6 | E2 | loss=1.0436
  [Edge 0] G6 | E3 | Hier-pFedMe | Selected 10/10
  [Client  3] Round 6 | Hier-pFedMe(λ2=35.0) | loss=1.0350
  [Client  7] Round 6 | Hier-pFedMe(λ2=35.0) | loss=1.1167
  [Client 16] Round 6 | Hier-pFedMe(λ2=35.0) | loss=1.0128
  [Client  6] Round 6 | Hier-pFedMe(λ2=35.0) | loss=0.6885
  [Client  5] Round 6 | Hier-pFedMe(λ2=35.0) | loss=1.0653
  [Client 14] Round 6 | Hier-pFedMe(λ2=35.0) | loss=1.2316
  [Client  2] Round 6 | Hier-pFedMe(λ2=35.0) | loss=0.9845
  [Client 12] Round 6 | Hier-pFedMe(λ2=35.0) | loss=1.0456
  [Client 10] Round 6 | Hier-pFedMe(λ2=35.0) | loss=0.7957
  [Client 18] Round 6 | Hier-pFedMe(λ2=35.0) | loss=1.2122
  [Edge 0] G6 | E3 | loss=1.0188
  [Edge 0] G6 | E4 | Hier-pFedMe | Selected 10/10
  [Client  7] Round 6 | Hier-pFedMe(λ2=35.0) | loss=1.0221
  [Client  2] Round 6 | Hier-pFedMe(λ2=35.0) | loss=1.0123
  [Client 18] Round 6 | Hier-pFedMe(λ2=35.0) | loss=1.1474
  [Client 16] Round 6 | Hier-pFedMe(λ2=35.0) | loss=0.9977
  [Client  3] Round 6 | Hier-pFedMe(λ2=35.0) | loss=1.0594
  [Client  6] Round 6 | Hier-pFedMe(λ2=35.0) | loss=0.7074
  [Client  5] Round 6 | Hier-pFedMe(λ2=35.0) | loss=1.0492
  [Client 14] Round 6 | Hier-pFedMe(λ2=35.0) | loss=1.1928
  [Client 10] Round 6 | Hier-pFedMe(λ2=35.0) | loss=0.7822
  [Client 12] Round 6 | Hier-pFedMe(λ2=35.0) | loss=1.0567
  [Edge 0] G6 | E4 | loss=1.0027
  [Edge 0] G6 | E5 | Hier-pFedMe | Selected 10/10
  [Client  6] Round 6 | Hier-pFedMe(λ2=35.0) | loss=0.6679
  [Client  7] Round 6 | Hier-pFedMe(λ2=35.0) | loss=0.9983
  [Client 14] Round 6 | Hier-pFedMe(λ2=35.0) | loss=1.1575
  [Client 16] Round 6 | Hier-pFedMe(λ2=35.0) | loss=0.9784
  [Client 18] Round 6 | Hier-pFedMe(λ2=35.0) | loss=1.1689
  [Client 10] Round 6 | Hier-pFedMe(λ2=35.0) | loss=0.7505
  [Client  2] Round 6 | Hier-pFedMe(λ2=35.0) | loss=0.9350
  [Client 12] Round 6 | Hier-pFedMe(λ2=35.0) | loss=1.0366
  [Client  3] Round 6 | Hier-pFedMe(λ2=35.0) | loss=1.0744
  [Client  5] Round 6 | Hier-pFedMe(λ2=35.0) | loss=0.9964
  [Edge 0] G6 | E5 | loss=0.9764
  [Edge 1] G6 | E1 | Hier-pFedMe | Selected 10/10
  [Client 11] Round 6 | Hier-pFedMe(λ2=35.0) | loss=0.9609
  [Client 13] Round 6 | Hier-pFedMe(λ2=35.0) | loss=1.1599
  [Client 15] Round 6 | Hier-pFedMe(λ2=35.0) | loss=0.8772
  [Client  8] Round 6 | Hier-pFedMe(λ2=35.0) | loss=0.9244
  [Client  1] Round 6 | Hier-pFedMe(λ2=35.0) | loss=0.8988
  [Client  0] Round 6 | Hier-pFedMe(λ2=35.0) | loss=0.9895
  [Client  4] Round 6 | Hier-pFedMe(λ2=35.0) | loss=1.0527
  [Client 17] Round 6 | Hier-pFedMe(λ2=35.0) | loss=1.0842
  [Client  9] Round 6 | Hier-pFedMe(λ2=35.0) | loss=1.2154
  [Client 19] Round 6 | Hier-pFedMe(λ2=35.0) | loss=0.7379
  [Edge 1] G6 | E1 | loss=0.9901
  [Edge 1] G6 | E2 | Hier-pFedMe | Selected 10/10
  [Client 15] Round 6 | Hier-pFedMe(λ2=35.0) | loss=0.7735
  [Client  9] Round 6 | Hier-pFedMe(λ2=35.0) | loss=1.1989
  [Client 11] Round 6 | Hier-pFedMe(λ2=35.0) | loss=0.8304
  [Client  0] Round 6 | Hier-pFedMe(λ2=35.0) | loss=0.9035
  [Client 17] Round 6 | Hier-pFedMe(λ2=35.0) | loss=0.9528
  [Client  8] Round 6 | Hier-pFedMe(λ2=35.0) | loss=0.8340
  [Client  4] Round 6 | Hier-pFedMe(λ2=35.0) | loss=0.9805
  [Client  1] Round 6 | Hier-pFedMe(λ2=35.0) | loss=0.9049
  [Client 13] Round 6 | Hier-pFedMe(λ2=35.0) | loss=1.0609
  [Client 19] Round 6 | Hier-pFedMe(λ2=35.0) | loss=0.6754
  [Edge 1] G6 | E2 | loss=0.9115
  [Edge 1] G6 | E3 | Hier-pFedMe | Selected 10/10
  [Client  9] Round 6 | Hier-pFedMe(λ2=35.0) | loss=1.0624
  [Client 17] Round 6 | Hier-pFedMe(λ2=35.0) | loss=1.0136
  [Client 11] Round 6 | Hier-pFedMe(λ2=35.0) | loss=0.7761
  [Client  1] Round 6 | Hier-pFedMe(λ2=35.0) | loss=0.7802
  [Client 15] Round 6 | Hier-pFedMe(λ2=35.0) | loss=0.7599
  [Client 19] Round 6 | Hier-pFedMe(λ2=35.0) | loss=0.6589
  [Client 13] Round 6 | Hier-pFedMe(λ2=35.0) | loss=1.0706
  [Client  8] Round 6 | Hier-pFedMe(λ2=35.0) | loss=0.7842
  [Client  4] Round 6 | Hier-pFedMe(λ2=35.0) | loss=0.9160
  [Client  0] Round 6 | Hier-pFedMe(λ2=35.0) | loss=0.9002
  [Edge 1] G6 | E3 | loss=0.8722
  [Edge 1] G6 | E4 | Hier-pFedMe | Selected 10/10
  [Client  9] Round 6 | Hier-pFedMe(λ2=35.0) | loss=1.0199
  [Client  1] Round 6 | Hier-pFedMe(λ2=35.0) | loss=0.7955
  [Client  8] Round 6 | Hier-pFedMe(λ2=35.0) | loss=0.7841
  [Client 19] Round 6 | Hier-pFedMe(λ2=35.0) | loss=0.6272
  [Client  0] Round 6 | Hier-pFedMe(λ2=35.0) | loss=0.8538
  [Client 13] Round 6 | Hier-pFedMe(λ2=35.0) | loss=1.0405
  [Client  4] Round 6 | Hier-pFedMe(λ2=35.0) | loss=0.8906
  [Client 15] Round 6 | Hier-pFedMe(λ2=35.0) | loss=0.7114
  [Client 11] Round 6 | Hier-pFedMe(λ2=35.0) | loss=0.7660
  [Client 17] Round 6 | Hier-pFedMe(λ2=35.0) | loss=0.9654
  [Edge 1] G6 | E4 | loss=0.8455
  [Edge 1] G6 | E5 | Hier-pFedMe | Selected 10/10
  [Client 15] Round 6 | Hier-pFedMe(λ2=35.0) | loss=0.7095
  [Client  8] Round 6 | Hier-pFedMe(λ2=35.0) | loss=0.7627
  [Client 13] Round 6 | Hier-pFedMe(λ2=35.0) | loss=0.9862
  [Client 19] Round 6 | Hier-pFedMe(λ2=35.0) | loss=0.6269
  [Client  0] Round 6 | Hier-pFedMe(λ2=35.0) | loss=0.8342
  [Client  9] Round 6 | Hier-pFedMe(λ2=35.0) | loss=0.9820
  [Client 17] Round 6 | Hier-pFedMe(λ2=35.0) | loss=0.9287
  [Client  4] Round 6 | Hier-pFedMe(λ2=35.0) | loss=0.8321
  [Client  1] Round 6 | Hier-pFedMe(λ2=35.0) | loss=0.7575
  [Client 11] Round 6 | Hier-pFedMe(λ2=35.0) | loss=0.7432
  [Edge 1] G6 | E5 | loss=0.8163
  [Cloud] GM=0.0378 | EM=0.0393 | loss=4.4481 | time=132.4s | comm=4592.1MB (total=27553MB)

[Round   7] Broadcasting to 2 edges...
  [Edge 0] G7 | E1 | Hier-pFedMe | Selected 10/10
  [Client  7] Round 7 | Hier-pFedMe(λ2=35.0) | loss=1.0577
  [Client  3] Round 7 | Hier-pFedMe(λ2=35.0) | loss=1.1072
  [Client  2] Round 7 | Hier-pFedMe(λ2=35.0) | loss=0.9953
  [Client  6] Round 7 | Hier-pFedMe(λ2=35.0) | loss=0.7338
  [Client 10] Round 7 | Hier-pFedMe(λ2=35.0) | loss=0.7624
  [Client 12] Round 7 | Hier-pFedMe(λ2=35.0) | loss=1.0466
  [Client 16] Round 7 | Hier-pFedMe(λ2=35.0) | loss=1.0113
  [Client 14] Round 7 | Hier-pFedMe(λ2=35.0) | loss=1.2315
  [Client 18] Round 7 | Hier-pFedMe(λ2=35.0) | loss=1.2237
  [Client  5] Round 7 | Hier-pFedMe(λ2=35.0) | loss=1.0581
  [Edge 0] G7 | E1 | loss=1.0228
  [Edge 0] G7 | E2 | Hier-pFedMe | Selected 10/10
  [Client  3] Round 7 | Hier-pFedMe(λ2=35.0) | loss=1.0379
  [Client  2] Round 7 | Hier-pFedMe(λ2=35.0) | loss=0.9356
  [Client  7] Round 7 | Hier-pFedMe(λ2=35.0) | loss=0.9468
  [Client  6] Round 7 | Hier-pFedMe(λ2=35.0) | loss=0.6780
  [Client 12] Round 7 | Hier-pFedMe(λ2=35.0) | loss=0.9978
  [Client  5] Round 7 | Hier-pFedMe(λ2=35.0) | loss=0.9800
  [Client 16] Round 7 | Hier-pFedMe(λ2=35.0) | loss=0.9706
  [Client 14] Round 7 | Hier-pFedMe(λ2=35.0) | loss=1.1624
  [Client 10] Round 7 | Hier-pFedMe(λ2=35.0) | loss=0.7471
  [Client 18] Round 7 | Hier-pFedMe(λ2=35.0) | loss=1.1490
  [Edge 0] G7 | E2 | loss=0.9605
  [Edge 0] G7 | E3 | Hier-pFedMe | Selected 10/10
  [Client 10] Round 7 | Hier-pFedMe(λ2=35.0) | loss=0.7642
  [Client 16] Round 7 | Hier-pFedMe(λ2=35.0) | loss=0.9329
  [Client 18] Round 7 | Hier-pFedMe(λ2=35.0) | loss=1.1398
  [Client 14] Round 7 | Hier-pFedMe(λ2=35.0) | loss=1.1391
  [Client  2] Round 7 | Hier-pFedMe(λ2=35.0) | loss=0.9138
  [Client 12] Round 7 | Hier-pFedMe(λ2=35.0) | loss=0.9796
  [Client  7] Round 7 | Hier-pFedMe(λ2=35.0) | loss=0.9930
  [Client  6] Round 7 | Hier-pFedMe(λ2=35.0) | loss=0.7004
  [Client  5] Round 7 | Hier-pFedMe(λ2=35.0) | loss=0.9891
  [Client  3] Round 7 | Hier-pFedMe(λ2=35.0) | loss=0.9894
  [Edge 0] G7 | E3 | loss=0.9541
  [Edge 0] G7 | E4 | Hier-pFedMe | Selected 10/10
  [Client  6] Round 7 | Hier-pFedMe(λ2=35.0) | loss=0.5858
  [Client 10] Round 7 | Hier-pFedMe(λ2=35.0) | loss=0.6898
  [Client  2] Round 7 | Hier-pFedMe(λ2=35.0) | loss=0.8841
  [Client 18] Round 7 | Hier-pFedMe(λ2=35.0) | loss=1.0828
  [Client 16] Round 7 | Hier-pFedMe(λ2=35.0) | loss=0.8709
  [Client  3] Round 7 | Hier-pFedMe(λ2=35.0) | loss=0.9529
  [Client  5] Round 7 | Hier-pFedMe(λ2=35.0) | loss=0.9906
  [Client 12] Round 7 | Hier-pFedMe(λ2=35.0) | loss=0.9736
  [Client  7] Round 7 | Hier-pFedMe(λ2=35.0) | loss=0.9655
  [Client 14] Round 7 | Hier-pFedMe(λ2=35.0) | loss=1.0696
  [Edge 0] G7 | E4 | loss=0.9066
  [Edge 0] G7 | E5 | Hier-pFedMe | Selected 10/10
  [Client  7] Round 7 | Hier-pFedMe(λ2=35.0) | loss=0.9214
  [Client  3] Round 7 | Hier-pFedMe(λ2=35.0) | loss=0.9384
  [Client 18] Round 7 | Hier-pFedMe(λ2=35.0) | loss=1.0218
  [Client 16] Round 7 | Hier-pFedMe(λ2=35.0) | loss=0.9096
  [Client  2] Round 7 | Hier-pFedMe(λ2=35.0) | loss=0.8451
  [Client  6] Round 7 | Hier-pFedMe(λ2=35.0) | loss=0.6244
  [Client 10] Round 7 | Hier-pFedMe(λ2=35.0) | loss=0.6733
  [Client 14] Round 7 | Hier-pFedMe(λ2=35.0) | loss=1.0559
  [Client  5] Round 7 | Hier-pFedMe(λ2=35.0) | loss=0.9761
  [Client 12] Round 7 | Hier-pFedMe(λ2=35.0) | loss=0.9285
  [Edge 0] G7 | E5 | loss=0.8894
  [Edge 1] G7 | E1 | Hier-pFedMe | Selected 10/10
  [Client 11] Round 7 | Hier-pFedMe(λ2=35.0) | loss=0.8927
  [Client  4] Round 7 | Hier-pFedMe(λ2=35.0) | loss=0.9445
  [Client  1] Round 7 | Hier-pFedMe(λ2=35.0) | loss=0.8556
  [Client 13] Round 7 | Hier-pFedMe(λ2=35.0) | loss=1.0727
  [Client 17] Round 7 | Hier-pFedMe(λ2=35.0) | loss=1.0142
  [Client  8] Round 7 | Hier-pFedMe(λ2=35.0) | loss=0.8291
  [Client  0] Round 7 | Hier-pFedMe(λ2=35.0) | loss=0.9229
  [Client  9] Round 7 | Hier-pFedMe(λ2=35.0) | loss=1.0419
  [Client 15] Round 7 | Hier-pFedMe(λ2=35.0) | loss=0.7484
  [Client 19] Round 7 | Hier-pFedMe(λ2=35.0) | loss=0.6755
  [Edge 1] G7 | E1 | loss=0.8997
  [Edge 1] G7 | E2 | Hier-pFedMe | Selected 10/10
  [Client 13] Round 7 | Hier-pFedMe(λ2=35.0) | loss=1.0316
  [Client  0] Round 7 | Hier-pFedMe(λ2=35.0) | loss=0.8439
  [Client  9] Round 7 | Hier-pFedMe(λ2=35.0) | loss=1.0364
  [Client  8] Round 7 | Hier-pFedMe(λ2=35.0) | loss=0.7428
  [Client  1] Round 7 | Hier-pFedMe(λ2=35.0) | loss=0.7363
  [Client 15] Round 7 | Hier-pFedMe(λ2=35.0) | loss=0.6836
  [Client 19] Round 7 | Hier-pFedMe(λ2=35.0) | loss=0.5734
  [Client 11] Round 7 | Hier-pFedMe(λ2=35.0) | loss=0.7708
  [Client  4] Round 7 | Hier-pFedMe(λ2=35.0) | loss=0.8275
  [Client 17] Round 7 | Hier-pFedMe(λ2=35.0) | loss=0.8898
  [Edge 1] G7 | E2 | loss=0.8136
  [Edge 1] G7 | E3 | Hier-pFedMe | Selected 10/10
  [Client 15] Round 7 | Hier-pFedMe(λ2=35.0) | loss=0.7113
  [Client  0] Round 7 | Hier-pFedMe(λ2=35.0) | loss=0.8206  [Client  4] Round 7 | Hier-pFedMe(λ2=35.0) | loss=0.8240

  [Client 19] Round 7 | Hier-pFedMe(λ2=35.0) | loss=0.6460
  [Client 17] Round 7 | Hier-pFedMe(λ2=35.0) | loss=0.8728
  [Client 13] Round 7 | Hier-pFedMe(λ2=35.0) | loss=1.0104
  [Client 11] Round 7 | Hier-pFedMe(λ2=35.0) | loss=0.7192
  [Client  8] Round 7 | Hier-pFedMe(λ2=35.0) | loss=0.6990
  [Client  9] Round 7 | Hier-pFedMe(λ2=35.0) | loss=0.9772
  [Client  1] Round 7 | Hier-pFedMe(λ2=35.0) | loss=0.7551
  [Edge 1] G7 | E3 | loss=0.8036
  [Edge 1] G7 | E4 | Hier-pFedMe | Selected 10/10
  [Client  8] Round 7 | Hier-pFedMe(λ2=35.0) | loss=0.6887
  [Client 19] Round 7 | Hier-pFedMe(λ2=35.0) | loss=0.5720
  [Client  4] Round 7 | Hier-pFedMe(λ2=35.0) | loss=0.8126
  [Client 11] Round 7 | Hier-pFedMe(λ2=35.0) | loss=0.7013
  [Client 15] Round 7 | Hier-pFedMe(λ2=35.0) | loss=0.6405
  [Client  0] Round 7 | Hier-pFedMe(λ2=35.0) | loss=0.8173
  [Client  9] Round 7 | Hier-pFedMe(λ2=35.0) | loss=0.9117
  [Client  1] Round 7 | Hier-pFedMe(λ2=35.0) | loss=0.7359
  [Client 17] Round 7 | Hier-pFedMe(λ2=35.0) | loss=0.8663
  [Client 13] Round 7 | Hier-pFedMe(λ2=35.0) | loss=0.9670
  [Edge 1] G7 | E4 | loss=0.7713
  [Edge 1] G7 | E5 | Hier-pFedMe | Selected 10/10
  [Client 15] Round 7 | Hier-pFedMe(λ2=35.0) | loss=0.6677
  [Client  8] Round 7 | Hier-pFedMe(λ2=35.0) | loss=0.6829
  [Client  9] Round 7 | Hier-pFedMe(λ2=35.0) | loss=0.9214
  [Client 19] Round 7 | Hier-pFedMe(λ2=35.0) | loss=0.5843
  [Client 17] Round 7 | Hier-pFedMe(λ2=35.0) | loss=0.8694
  [Client  0] Round 7 | Hier-pFedMe(λ2=35.0) | loss=0.7810
  [Client 11] Round 7 | Hier-pFedMe(λ2=35.0) | loss=0.7011
  [Client 13] Round 7 | Hier-pFedMe(λ2=35.0) | loss=0.8981
  [Client  4] Round 7 | Hier-pFedMe(λ2=35.0) | loss=0.7583
  [Client  1] Round 7 | Hier-pFedMe(λ2=35.0) | loss=0.7085
  [Edge 1] G7 | E5 | loss=0.7573
  [Cloud] GM=0.0422 | EM=0.0456 | loss=4.3708 | time=132.2s | comm=4592.1MB (total=32145MB)

[Round   8] Broadcasting to 2 edges...
  [Edge 0] G8 | E1 | Hier-pFedMe | Selected 10/10
  [Client  3] Round 8 | Hier-pFedMe(λ2=35.0) | loss=1.0072
  [Client 16] Round 8 | Hier-pFedMe(λ2=35.0) | loss=0.9397
  [Client  2] Round 8 | Hier-pFedMe(λ2=35.0) | loss=0.9272
  [Client 12] Round 8 | Hier-pFedMe(λ2=35.0) | loss=0.9908
  [Client 18] Round 8 | Hier-pFedMe(λ2=35.0) | loss=1.1508
  [Client  7] Round 8 | Hier-pFedMe(λ2=35.0) | loss=0.9475
  [Client 10] Round 8 | Hier-pFedMe(λ2=35.0) | loss=0.7741
  [Client  5] Round 8 | Hier-pFedMe(λ2=35.0) | loss=0.9928
  [Client  6] Round 8 | Hier-pFedMe(λ2=35.0) | loss=0.6618
  [Client 14] Round 8 | Hier-pFedMe(λ2=35.0) | loss=1.1158
  [Edge 0] G8 | E1 | loss=0.9508
  [Edge 0] G8 | E2 | Hier-pFedMe | Selected 10/10
  [Client 14] Round 8 | Hier-pFedMe(λ2=35.0) | loss=1.0547
  [Client 10] Round 8 | Hier-pFedMe(λ2=35.0) | loss=0.6814  [Client 18] Round 8 | Hier-pFedMe(λ2=35.0) | loss=1.0454

  [Client  6] Round 8 | Hier-pFedMe(λ2=35.0) | loss=0.6283
  [Client 16] Round 8 | Hier-pFedMe(λ2=35.0) | loss=0.8243
  [Client  3] Round 8 | Hier-pFedMe(λ2=35.0) | loss=0.8963
  [Client 12] Round 8 | Hier-pFedMe(λ2=35.0) | loss=0.9423
  [Client  5] Round 8 | Hier-pFedMe(λ2=35.0) | loss=0.9591
  [Client  7] Round 8 | Hier-pFedMe(λ2=35.0) | loss=0.8744
  [Client  2] Round 8 | Hier-pFedMe(λ2=35.0) | loss=0.8482
  [Edge 0] G8 | E2 | loss=0.8754
  [Edge 0] G8 | E3 | Hier-pFedMe | Selected 10/10
  [Client 16] Round 8 | Hier-pFedMe(λ2=35.0) | loss=0.8251
  [Client 18] Round 8 | Hier-pFedMe(λ2=35.0) | loss=0.9950
  [Client 12] Round 8 | Hier-pFedMe(λ2=35.0) | loss=0.8996
  [Client  7] Round 8 | Hier-pFedMe(λ2=35.0) | loss=0.8482
  [Client 14] Round 8 | Hier-pFedMe(λ2=35.0) | loss=1.0519
  [Client  3] Round 8 | Hier-pFedMe(λ2=35.0) | loss=0.8999
  [Client  5] Round 8 | Hier-pFedMe(λ2=35.0) | loss=0.9324
  [Client 10] Round 8 | Hier-pFedMe(λ2=35.0) | loss=0.6629
  [Client  6] Round 8 | Hier-pFedMe(λ2=35.0) | loss=0.5920
  [Client  2] Round 8 | Hier-pFedMe(λ2=35.0) | loss=0.8556
  [Edge 0] G8 | E3 | loss=0.8562
  [Edge 0] G8 | E4 | Hier-pFedMe | Selected 10/10
  [Client 10] Round 8 | Hier-pFedMe(λ2=35.0) | loss=0.6397
  [Client 16] Round 8 | Hier-pFedMe(λ2=35.0) | loss=0.8409
  [Client  5] Round 8 | Hier-pFedMe(λ2=35.0) | loss=0.8735
  [Client  6] Round 8 | Hier-pFedMe(λ2=35.0) | loss=0.5871
  [Client  7] Round 8 | Hier-pFedMe(λ2=35.0) | loss=0.8613
  [Client 12] Round 8 | Hier-pFedMe(λ2=35.0) | loss=0.9365
  [Client  3] Round 8 | Hier-pFedMe(λ2=35.0) | loss=0.8919
  [Client 18] Round 8 | Hier-pFedMe(λ2=35.0) | loss=0.9725
  [Client  2] Round 8 | Hier-pFedMe(λ2=35.0) | loss=0.8146
  [Client 14] Round 8 | Hier-pFedMe(λ2=35.0) | loss=1.0150
  [Edge 0] G8 | E4 | loss=0.8433
  [Edge 0] G8 | E5 | Hier-pFedMe | Selected 10/10
  [Client  7] Round 8 | Hier-pFedMe(λ2=35.0) | loss=0.8094
  [Client 16] Round 8 | Hier-pFedMe(λ2=35.0) | loss=0.8067
  [Client  5] Round 8 | Hier-pFedMe(λ2=35.0) | loss=0.8589
  [Client  6] Round 8 | Hier-pFedMe(λ2=35.0) | loss=0.5454
  [Client  3] Round 8 | Hier-pFedMe(λ2=35.0) | loss=0.8492
  [Client 18] Round 8 | Hier-pFedMe(λ2=35.0) | loss=0.9727
  [Client 14] Round 8 | Hier-pFedMe(λ2=35.0) | loss=1.0030
  [Client 12] Round 8 | Hier-pFedMe(λ2=35.0) | loss=0.9121
  [Client 10] Round 8 | Hier-pFedMe(λ2=35.0) | loss=0.6290
  [Client  2] Round 8 | Hier-pFedMe(λ2=35.0) | loss=0.8300
  [Edge 0] G8 | E5 | loss=0.8217
  [Edge 1] G8 | E1 | Hier-pFedMe | Selected 10/10
  [Client  8] Round 8 | Hier-pFedMe(λ2=35.0) | loss=0.7853
  [Client 13] Round 8 | Hier-pFedMe(λ2=35.0) | loss=1.0205
  [Client 19] Round 8 | Hier-pFedMe(λ2=35.0) | loss=0.6239
  [Client 15] Round 8 | Hier-pFedMe(λ2=35.0) | loss=0.7125
  [Client  1] Round 8 | Hier-pFedMe(λ2=35.0) | loss=0.7507
  [Client  4] Round 8 | Hier-pFedMe(λ2=35.0) | loss=0.8663
  [Client 17] Round 8 | Hier-pFedMe(λ2=35.0) | loss=0.8879  [Client  0] Round 8 | Hier-pFedMe(λ2=35.0) | loss=0.8311

  [Client 11] Round 8 | Hier-pFedMe(λ2=35.0) | loss=0.7583
  [Client  9] Round 8 | Hier-pFedMe(λ2=35.0) | loss=1.0010
  [Edge 1] G8 | E1 | loss=0.8237
  [Edge 1] G8 | E2 | Hier-pFedMe | Selected 10/10
  [Client 11] Round 8 | Hier-pFedMe(λ2=35.0) | loss=0.6951
  [Client  4] Round 8 | Hier-pFedMe(λ2=35.0) | loss=0.7436
  [Client 17] Round 8 | Hier-pFedMe(λ2=35.0) | loss=0.8457
  [Client  8] Round 8 | Hier-pFedMe(λ2=35.0) | loss=0.6284
  [Client  9] Round 8 | Hier-pFedMe(λ2=35.0) | loss=0.9223
  [Client 19] Round 8 | Hier-pFedMe(λ2=35.0) | loss=0.5879
  [Client  0] Round 8 | Hier-pFedMe(λ2=35.0) | loss=0.8321
  [Client 15] Round 8 | Hier-pFedMe(λ2=35.0) | loss=0.6544
  [Client 13] Round 8 | Hier-pFedMe(λ2=35.0) | loss=0.9278
  [Client  1] Round 8 | Hier-pFedMe(λ2=35.0) | loss=0.7203
  [Edge 1] G8 | E2 | loss=0.7558
  [Edge 1] G8 | E3 | Hier-pFedMe | Selected 10/10
  [Client  4] Round 8 | Hier-pFedMe(λ2=35.0) | loss=0.7650
  [Client 15] Round 8 | Hier-pFedMe(λ2=35.0) | loss=0.6186
  [Client 17] Round 8 | Hier-pFedMe(λ2=35.0) | loss=0.8611
  [Client 19] Round 8 | Hier-pFedMe(λ2=35.0) | loss=0.5065
  [Client  1] Round 8 | Hier-pFedMe(λ2=35.0) | loss=0.7174
  [Client  9] Round 8 | Hier-pFedMe(λ2=35.0) | loss=0.8813
  [Client 11] Round 8 | Hier-pFedMe(λ2=35.0) | loss=0.6646
  [Client  0] Round 8 | Hier-pFedMe(λ2=35.0) | loss=0.7783
  [Client  8] Round 8 | Hier-pFedMe(λ2=35.0) | loss=0.6330
  [Client 13] Round 8 | Hier-pFedMe(λ2=35.0) | loss=0.8693
  [Edge 1] G8 | E3 | loss=0.7295
  [Edge 1] G8 | E4 | Hier-pFedMe | Selected 10/10
  [Client  4] Round 8 | Hier-pFedMe(λ2=35.0) | loss=0.6758
  [Client 15] Round 8 | Hier-pFedMe(λ2=35.0) | loss=0.5897
  [Client  8] Round 8 | Hier-pFedMe(λ2=35.0) | loss=0.6201
  [Client  9] Round 8 | Hier-pFedMe(λ2=35.0) | loss=0.8969
  [Client 19] Round 8 | Hier-pFedMe(λ2=35.0) | loss=0.4675
  [Client 17] Round 8 | Hier-pFedMe(λ2=35.0) | loss=0.8666
  [Client 11] Round 8 | Hier-pFedMe(λ2=35.0) | loss=0.6297
  [Client 13] Round 8 | Hier-pFedMe(λ2=35.0) | loss=0.8774
  [Client  1] Round 8 | Hier-pFedMe(λ2=35.0) | loss=0.6942
  [Client  0] Round 8 | Hier-pFedMe(λ2=35.0) | loss=0.7285
  [Edge 1] G8 | E4 | loss=0.7046
  [Edge 1] G8 | E5 | Hier-pFedMe | Selected 10/10
  [Client 13] Round 8 | Hier-pFedMe(λ2=35.0) | loss=0.8335
  [Client  1] Round 8 | Hier-pFedMe(λ2=35.0) | loss=0.6390
  [Client  4] Round 8 | Hier-pFedMe(λ2=35.0) | loss=0.7062
  [Client  8] Round 8 | Hier-pFedMe(λ2=35.0) | loss=0.5849
  [Client 17] Round 8 | Hier-pFedMe(λ2=35.0) | loss=0.7808
  [Client  9] Round 8 | Hier-pFedMe(λ2=35.0) | loss=0.8883
  [Client 11] Round 8 | Hier-pFedMe(λ2=35.0) | loss=0.6757
  [Client  0] Round 8 | Hier-pFedMe(λ2=35.0) | loss=0.7100
  [Client 15] Round 8 | Hier-pFedMe(λ2=35.0) | loss=0.6231
  [Client 19] Round 8 | Hier-pFedMe(λ2=35.0) | loss=0.4852
  [Edge 1] G8 | E5 | loss=0.6927
  [Cloud] GM=0.0482 | EM=0.0467 | loss=4.3156 | time=132.6s | comm=4592.1MB (total=36737MB)

[Round   9] Broadcasting to 2 edges...
  [Edge 0] G9 | E1 | Hier-pFedMe | Selected 10/10
  [Client  3] Round 9 | Hier-pFedMe(λ2=35.0) | loss=0.9074
  [Client 16] Round 9 | Hier-pFedMe(λ2=35.0) | loss=0.8514
  [Client 12] Round 9 | Hier-pFedMe(λ2=35.0) | loss=0.9425
  [Client 10] Round 9 | Hier-pFedMe(λ2=35.0) | loss=0.6920
  [Client  7] Round 9 | Hier-pFedMe(λ2=35.0) | loss=0.9093
  [Client  5] Round 9 | Hier-pFedMe(λ2=35.0) | loss=0.9523
  [Client 18] Round 9 | Hier-pFedMe(λ2=35.0) | loss=1.0560
  [Client  2] Round 9 | Hier-pFedMe(λ2=35.0) | loss=0.8902
  [Client  6] Round 9 | Hier-pFedMe(λ2=35.0) | loss=0.6363
  [Client 14] Round 9 | Hier-pFedMe(λ2=35.0) | loss=1.0862
  [Edge 0] G9 | E1 | loss=0.8924
  [Edge 0] G9 | E2 | Hier-pFedMe | Selected 10/10
  [Client  2] Round 9 | Hier-pFedMe(λ2=35.0) | loss=0.8455
  [Client 14] Round 9 | Hier-pFedMe(λ2=35.0) | loss=1.0304
  [Client  7] Round 9 | Hier-pFedMe(λ2=35.0) | loss=0.8265
  [Client 10] Round 9 | Hier-pFedMe(λ2=35.0) | loss=0.6205
  [Client  3] Round 9 | Hier-pFedMe(λ2=35.0) | loss=0.8547
  [Client 12] Round 9 | Hier-pFedMe(λ2=35.0) | loss=0.9223
  [Client 16] Round 9 | Hier-pFedMe(λ2=35.0) | loss=0.7822
  [Client  6] Round 9 | Hier-pFedMe(λ2=35.0) | loss=0.5931
  [Client  5] Round 9 | Hier-pFedMe(λ2=35.0) | loss=0.9107
  [Client 18] Round 9 | Hier-pFedMe(λ2=35.0) | loss=0.9662
  [Edge 0] G9 | E2 | loss=0.8352
  [Edge 0] G9 | E3 | Hier-pFedMe | Selected 10/10
  [Client  2] Round 9 | Hier-pFedMe(λ2=35.0) | loss=0.7591
  [Client 14] Round 9 | Hier-pFedMe(λ2=35.0) | loss=1.0065
  [Client  7] Round 9 | Hier-pFedMe(λ2=35.0) | loss=0.8492
  [Client  5] Round 9 | Hier-pFedMe(λ2=35.0) | loss=0.8573
  [Client 16] Round 9 | Hier-pFedMe(λ2=35.0) | loss=0.8150
  [Client  3] Round 9 | Hier-pFedMe(λ2=35.0) | loss=0.8405
  [Client 12] Round 9 | Hier-pFedMe(λ2=35.0) | loss=0.8451
  [Client  6] Round 9 | Hier-pFedMe(λ2=35.0) | loss=0.5707
  [Client 10] Round 9 | Hier-pFedMe(λ2=35.0) | loss=0.6599
  [Client 18] Round 9 | Hier-pFedMe(λ2=35.0) | loss=0.9537
  [Edge 0] G9 | E3 | loss=0.8157
  [Edge 0] G9 | E4 | Hier-pFedMe | Selected 10/10
  [Client  7] Round 9 | Hier-pFedMe(λ2=35.0) | loss=0.8137
  [Client  6] Round 9 | Hier-pFedMe(λ2=35.0) | loss=0.5512
  [Client 12] Round 9 | Hier-pFedMe(λ2=35.0) | loss=0.8383
  [Client  2] Round 9 | Hier-pFedMe(λ2=35.0) | loss=0.7508
  [Client  3] Round 9 | Hier-pFedMe(λ2=35.0) | loss=0.8055
  [Client 14] Round 9 | Hier-pFedMe(λ2=35.0) | loss=0.9725
  [Client 18] Round 9 | Hier-pFedMe(λ2=35.0) | loss=0.9144
  [Client 10] Round 9 | Hier-pFedMe(λ2=35.0) | loss=0.6011
  [Client  5] Round 9 | Hier-pFedMe(λ2=35.0) | loss=0.8488
  [Client 16] Round 9 | Hier-pFedMe(λ2=35.0) | loss=0.8137
  [Edge 0] G9 | E4 | loss=0.7910
  [Edge 0] G9 | E5 | Hier-pFedMe | Selected 10/10
  [Client  6] Round 9 | Hier-pFedMe(λ2=35.0) | loss=0.5598
  [Client  2] Round 9 | Hier-pFedMe(λ2=35.0) | loss=0.7597
  [Client 14] Round 9 | Hier-pFedMe(λ2=35.0) | loss=0.9664
  [Client 16] Round 9 | Hier-pFedMe(λ2=35.0) | loss=0.7754
  [Client  3] Round 9 | Hier-pFedMe(λ2=35.0) | loss=0.8130
  [Client  7] Round 9 | Hier-pFedMe(λ2=35.0) | loss=0.7525
  [Client 10] Round 9 | Hier-pFedMe(λ2=35.0) | loss=0.6328
  [Client  5] Round 9 | Hier-pFedMe(λ2=35.0) | loss=0.8238
  [Client 18] Round 9 | Hier-pFedMe(λ2=35.0) | loss=0.8927
  [Client 12] Round 9 | Hier-pFedMe(λ2=35.0) | loss=0.8001
  [Edge 0] G9 | E5 | loss=0.7776
  [Edge 1] G9 | E1 | Hier-pFedMe | Selected 10/10
  [Client 19] Round 9 | Hier-pFedMe(λ2=35.0) | loss=0.5600
  [Client  4] Round 9 | Hier-pFedMe(λ2=35.0) | loss=0.7831
  [Client  1] Round 9 | Hier-pFedMe(λ2=35.0) | loss=0.6500
  [Client  8] Round 9 | Hier-pFedMe(λ2=35.0) | loss=0.7055
  [Client 15] Round 9 | Hier-pFedMe(λ2=35.0) | loss=0.6769
  [Client  9] Round 9 | Hier-pFedMe(λ2=35.0) | loss=0.8958
  [Client 17] Round 9 | Hier-pFedMe(λ2=35.0) | loss=0.8495
  [Client 11] Round 9 | Hier-pFedMe(λ2=35.0) | loss=0.6846
  [Client  0] Round 9 | Hier-pFedMe(λ2=35.0) | loss=0.7811
  [Client 13] Round 9 | Hier-pFedMe(λ2=35.0) | loss=0.9301
  [Edge 1] G9 | E1 | loss=0.7517
  [Edge 1] G9 | E2 | Hier-pFedMe | Selected 10/10
  [Client  9] Round 9 | Hier-pFedMe(λ2=35.0) | loss=0.8653
  [Client  0] Round 9 | Hier-pFedMe(λ2=35.0) | loss=0.7656
  [Client  1] Round 9 | Hier-pFedMe(λ2=35.0) | loss=0.6654
  [Client 19] Round 9 | Hier-pFedMe(λ2=35.0) | loss=0.4927
  [Client  8] Round 9 | Hier-pFedMe(λ2=35.0) | loss=0.6196
  [Client 17] Round 9 | Hier-pFedMe(λ2=35.0) | loss=0.8000  [Client 15] Round 9 | Hier-pFedMe(λ2=35.0) | loss=0.5944

  [Client 11] Round 9 | Hier-pFedMe(λ2=35.0) | loss=0.6372
  [Client 13] Round 9 | Hier-pFedMe(λ2=35.0) | loss=0.8964
  [Client  4] Round 9 | Hier-pFedMe(λ2=35.0) | loss=0.7114
  [Edge 1] G9 | E2 | loss=0.7048
  [Edge 1] G9 | E3 | Hier-pFedMe | Selected 10/10
  [Client  0] Round 9 | Hier-pFedMe(λ2=35.0) | loss=0.7198
  [Client 11] Round 9 | Hier-pFedMe(λ2=35.0) | loss=0.6174
  [Client  8] Round 9 | Hier-pFedMe(λ2=35.0) | loss=0.5556  [Client  1] Round 9 | Hier-pFedMe(λ2=35.0) | loss=0.6433

  [Client 17] Round 9 | Hier-pFedMe(λ2=35.0) | loss=0.7801
  [Client  4] Round 9 | Hier-pFedMe(λ2=35.0) | loss=0.6892  [Client  9] Round 9 | Hier-pFedMe(λ2=35.0) | loss=0.8105

  [Client 15] Round 9 | Hier-pFedMe(λ2=35.0) | loss=0.6058
  [Client 19] Round 9 | Hier-pFedMe(λ2=35.0) | loss=0.4816
  [Client 13] Round 9 | Hier-pFedMe(λ2=35.0) | loss=0.8475
  [Edge 1] G9 | E3 | loss=0.6751
  [Edge 1] G9 | E4 | Hier-pFedMe | Selected 10/10
  [Client  8] Round 9 | Hier-pFedMe(λ2=35.0) | loss=0.5374
  [Client  0] Round 9 | Hier-pFedMe(λ2=35.0) | loss=0.6875
  [Client  1] Round 9 | Hier-pFedMe(λ2=35.0) | loss=0.6249
  [Client  9] Round 9 | Hier-pFedMe(λ2=35.0) | loss=0.8304
  [Client 11] Round 9 | Hier-pFedMe(λ2=35.0) | loss=0.5951  [Client 19] Round 9 | Hier-pFedMe(λ2=35.0) | loss=0.4835

  [Client 15] Round 9 | Hier-pFedMe(λ2=35.0) | loss=0.5794
  [Client  4] Round 9 | Hier-pFedMe(λ2=35.0) | loss=0.7060
  [Client 17] Round 9 | Hier-pFedMe(λ2=35.0) | loss=0.7867
  [Client 13] Round 9 | Hier-pFedMe(λ2=35.0) | loss=0.7827
  [Edge 1] G9 | E4 | loss=0.6614
  [Edge 1] G9 | E5 | Hier-pFedMe | Selected 10/10
  [Client 17] Round 9 | Hier-pFedMe(λ2=35.0) | loss=0.7529
  [Client 19] Round 9 | Hier-pFedMe(λ2=35.0) | loss=0.4533  [Client 15] Round 9 | Hier-pFedMe(λ2=35.0) | loss=0.5531

  [Client  1] Round 9 | Hier-pFedMe(λ2=35.0) | loss=0.5836
  [Client  9] Round 9 | Hier-pFedMe(λ2=35.0) | loss=0.7612
  [Client 13] Round 9 | Hier-pFedMe(λ2=35.0) | loss=0.7935
  [Client  0] Round 9 | Hier-pFedMe(λ2=35.0) | loss=0.6908
  [Client  4] Round 9 | Hier-pFedMe(λ2=35.0) | loss=0.6676
  [Client 11] Round 9 | Hier-pFedMe(λ2=35.0) | loss=0.5558
  [Client  8] Round 9 | Hier-pFedMe(λ2=35.0) | loss=0.5376
  [Edge 1] G9 | E5 | loss=0.6349
  [Cloud] GM=0.0553 | EM=0.0514 | loss=4.3400 | time=133.3s | comm=4592.1MB (total=41329MB)

[Round  10] Broadcasting to 2 edges...
  [Edge 0] G10 | E1 | Hier-pFedMe | Selected 10/10
  [Client 12] Round 10 | Hier-pFedMe(λ2=35.0) | loss=0.8890
  [Client 18] Round 10 | Hier-pFedMe(λ2=35.0) | loss=0.9697
  [Client 16] Round 10 | Hier-pFedMe(λ2=35.0) | loss=0.8208
  [Client  6] Round 10 | Hier-pFedMe(λ2=35.0) | loss=0.5746
  [Client 10] Round 10 | Hier-pFedMe(λ2=35.0) | loss=0.6368
  [Client  7] Round 10 | Hier-pFedMe(λ2=35.0) | loss=0.7996
  [Client  3] Round 10 | Hier-pFedMe(λ2=35.0) | loss=0.8625
  [Client  2] Round 10 | Hier-pFedMe(λ2=35.0) | loss=0.8244
  [Client  5] Round 10 | Hier-pFedMe(λ2=35.0) | loss=0.8853
  [Client 14] Round 10 | Hier-pFedMe(λ2=35.0) | loss=1.0164
  [Edge 0] G10 | E1 | loss=0.8279
  [Edge 0] G10 | E2 | Hier-pFedMe | Selected 10/10
  [Client  3] Round 10 | Hier-pFedMe(λ2=35.0) | loss=0.8330
  [Client 16] Round 10 | Hier-pFedMe(λ2=35.0) | loss=0.7978
  [Client 10] Round 10 | Hier-pFedMe(λ2=35.0) | loss=0.5879
  [Client  6] Round 10 | Hier-pFedMe(λ2=35.0) | loss=0.5814
  [Client  7] Round 10 | Hier-pFedMe(λ2=35.0) | loss=0.7901
  [Client  5] Round 10 | Hier-pFedMe(λ2=35.0) | loss=0.8342
  [Client 18] Round 10 | Hier-pFedMe(λ2=35.0) | loss=0.9113
  [Client  2] Round 10 | Hier-pFedMe(λ2=35.0) | loss=0.8186
  [Client 14] Round 10 | Hier-pFedMe(λ2=35.0) | loss=0.9491
  [Client 12] Round 10 | Hier-pFedMe(λ2=35.0) | loss=0.8582
  [Edge 0] G10 | E2 | loss=0.7962
  [Edge 0] G10 | E3 | Hier-pFedMe | Selected 10/10
  [Client 18] Round 10 | Hier-pFedMe(λ2=35.0) | loss=0.8808
  [Client  6] Round 10 | Hier-pFedMe(λ2=35.0) | loss=0.5737
  [Client  7] Round 10 | Hier-pFedMe(λ2=35.0) | loss=0.7950
  [Client 10] Round 10 | Hier-pFedMe(λ2=35.0) | loss=0.6217
  [Client 12] Round 10 | Hier-pFedMe(λ2=35.0) | loss=0.7978
  [Client 16] Round 10 | Hier-pFedMe(λ2=35.0) | loss=0.7618
  [Client  3] Round 10 | Hier-pFedMe(λ2=35.0) | loss=0.8120
  [Client  2] Round 10 | Hier-pFedMe(λ2=35.0) | loss=0.7398
  [Client 14] Round 10 | Hier-pFedMe(λ2=35.0) | loss=0.9654
  [Client  5] Round 10 | Hier-pFedMe(λ2=35.0) | loss=0.7913
  [Edge 0] G10 | E3 | loss=0.7739
  [Edge 0] G10 | E4 | Hier-pFedMe | Selected 10/10
  [Client  3] Round 10 | Hier-pFedMe(λ2=35.0) | loss=0.7737
  [Client 12] Round 10 | Hier-pFedMe(λ2=35.0) | loss=0.7767
  [Client  7] Round 10 | Hier-pFedMe(λ2=35.0) | loss=0.7158
  [Client  6] Round 10 | Hier-pFedMe(λ2=35.0) | loss=0.5255
  [Client 16] Round 10 | Hier-pFedMe(λ2=35.0) | loss=0.7653
  [Client 10] Round 10 | Hier-pFedMe(λ2=35.0) | loss=0.5978
  [Client 14] Round 10 | Hier-pFedMe(λ2=35.0) | loss=0.9262
  [Client 18] Round 10 | Hier-pFedMe(λ2=35.0) | loss=0.9020
  [Client  5] Round 10 | Hier-pFedMe(λ2=35.0) | loss=0.7784
  [Client  2] Round 10 | Hier-pFedMe(λ2=35.0) | loss=0.7359
  [Edge 0] G10 | E4 | loss=0.7497
  [Edge 0] G10 | E5 | Hier-pFedMe | Selected 10/10
  [Client 18] Round 10 | Hier-pFedMe(λ2=35.0) | loss=0.8220
  [Client 12] Round 10 | Hier-pFedMe(λ2=35.0) | loss=0.8136
  [Client  2] Round 10 | Hier-pFedMe(λ2=35.0) | loss=0.7239
  [Client  5] Round 10 | Hier-pFedMe(λ2=35.0) | loss=0.7809
  [Client  6] Round 10 | Hier-pFedMe(λ2=35.0) | loss=0.5320
  [Client 16] Round 10 | Hier-pFedMe(λ2=35.0) | loss=0.6871
  [Client  3] Round 10 | Hier-pFedMe(λ2=35.0) | loss=0.7721
  [Client 14] Round 10 | Hier-pFedMe(λ2=35.0) | loss=0.9487
  [Client  7] Round 10 | Hier-pFedMe(λ2=35.0) | loss=0.7141
  [Client 10] Round 10 | Hier-pFedMe(λ2=35.0) | loss=0.5623
  [Edge 0] G10 | E5 | loss=0.7357
  [Edge 1] G10 | E1 | Hier-pFedMe | Selected 10/10
  [Client  1] Round 10 | Hier-pFedMe(λ2=35.0) | loss=0.6553  [Client 17] Round 10 | Hier-pFedMe(λ2=35.0) | loss=0.8564

  [Client  0] Round 10 | Hier-pFedMe(λ2=35.0) | loss=0.7255
  [Client  8] Round 10 | Hier-pFedMe(λ2=35.0) | loss=0.5745
  [Client  4] Round 10 | Hier-pFedMe(λ2=35.0) | loss=0.6936
  [Client 13] Round 10 | Hier-pFedMe(λ2=35.0) | loss=0.8653
  [Client 19] Round 10 | Hier-pFedMe(λ2=35.0) | loss=0.5113
  [Client  9] Round 10 | Hier-pFedMe(λ2=35.0) | loss=0.8431
  [Client 15] Round 10 | Hier-pFedMe(λ2=35.0) | loss=0.6121
  [Client 11] Round 10 | Hier-pFedMe(λ2=35.0) | loss=0.6509
  [Edge 1] G10 | E1 | loss=0.6988
  [Edge 1] G10 | E2 | Hier-pFedMe | Selected 10/10
  [Client 19] Round 10 | Hier-pFedMe(λ2=35.0) | loss=0.4440
  [Client 15] Round 10 | Hier-pFedMe(λ2=35.0) | loss=0.5579
  [Client 11] Round 10 | Hier-pFedMe(λ2=35.0) | loss=0.5744
  [Client  8] Round 10 | Hier-pFedMe(λ2=35.0) | loss=0.5344
  [Client  9] Round 10 | Hier-pFedMe(λ2=35.0) | loss=0.7905
  [Client 17] Round 10 | Hier-pFedMe(λ2=35.0) | loss=0.7780
  [Client  0] Round 10 | Hier-pFedMe(λ2=35.0) | loss=0.6854
  [Client 13] Round 10 | Hier-pFedMe(λ2=35.0) | loss=0.7939
  [Client  4] Round 10 | Hier-pFedMe(λ2=35.0) | loss=0.6838
  [Client  1] Round 10 | Hier-pFedMe(λ2=35.0) | loss=0.5645
  [Edge 1] G10 | E2 | loss=0.6407
  [Edge 1] G10 | E3 | Hier-pFedMe | Selected 10/10
  [Client  8] Round 10 | Hier-pFedMe(λ2=35.0) | loss=0.5238
  [Client 13] Round 10 | Hier-pFedMe(λ2=35.0) | loss=0.7858
  [Client 11] Round 10 | Hier-pFedMe(λ2=35.0) | loss=0.5612
  [Client 19] Round 10 | Hier-pFedMe(λ2=35.0) | loss=0.4255
  [Client 15] Round 10 | Hier-pFedMe(λ2=35.0) | loss=0.5748
  [Client 17] Round 10 | Hier-pFedMe(λ2=35.0) | loss=0.7646
  [Client  9] Round 10 | Hier-pFedMe(λ2=35.0) | loss=0.7982
  [Client  4] Round 10 | Hier-pFedMe(λ2=35.0) | loss=0.6931
  [Client  0] Round 10 | Hier-pFedMe(λ2=35.0) | loss=0.6749
  [Client  1] Round 10 | Hier-pFedMe(λ2=35.0) | loss=0.5742
  [Edge 1] G10 | E3 | loss=0.6376
  [Edge 1] G10 | E4 | Hier-pFedMe | Selected 10/10
  [Client 15] Round 10 | Hier-pFedMe(λ2=35.0) | loss=0.4974
  [Client 19] Round 10 | Hier-pFedMe(λ2=35.0) | loss=0.4006
  [Client  8] Round 10 | Hier-pFedMe(λ2=35.0) | loss=0.5110
  [Client 11] Round 10 | Hier-pFedMe(λ2=35.0) | loss=0.5446
  [Client 17] Round 10 | Hier-pFedMe(λ2=35.0) | loss=0.7030
  [Client  4] Round 10 | Hier-pFedMe(λ2=35.0) | loss=0.6708
  [Client  9] Round 10 | Hier-pFedMe(λ2=35.0) | loss=0.7152
  [Client 13] Round 10 | Hier-pFedMe(λ2=35.0) | loss=0.7917
  [Client  1] Round 10 | Hier-pFedMe(λ2=35.0) | loss=0.5748
  [Client  0] Round 10 | Hier-pFedMe(λ2=35.0) | loss=0.6824
  [Edge 1] G10 | E4 | loss=0.6091
  [Edge 1] G10 | E5 | Hier-pFedMe | Selected 10/10
  [Client 17] Round 10 | Hier-pFedMe(λ2=35.0) | loss=0.7032
  [Client 13] Round 10 | Hier-pFedMe(λ2=35.0) | loss=0.7293
  [Client  1] Round 10 | Hier-pFedMe(λ2=35.0) | loss=0.5592
  [Client 19] Round 10 | Hier-pFedMe(λ2=35.0) | loss=0.4377
  [Client 11] Round 10 | Hier-pFedMe(λ2=35.0) | loss=0.5548
  [Client  0] Round 10 | Hier-pFedMe(λ2=35.0) | loss=0.6302
  [Client  9] Round 10 | Hier-pFedMe(λ2=35.0) | loss=0.7431
  [Client  4] Round 10 | Hier-pFedMe(λ2=35.0) | loss=0.6091
  [Client  8] Round 10 | Hier-pFedMe(λ2=35.0) | loss=0.4698
  [Client 15] Round 10 | Hier-pFedMe(λ2=35.0) | loss=0.5270
  [Edge 1] G10 | E5 | loss=0.5963
