This job can be monitored from: https://job.c3se.chalmers.se/alvis/6369578
========================================
Job ID      : 6369578
Job Name    : HierFLcifar10
Node        : alvis7-01
Start Time  : Fri Apr 10 07:10:25 CEST 2026
Working Dir : /cephyr/users/ziangg/Alvis/tf-dpfl
========================================
[Setup] Python: /cephyr/users/ziangg/Alvis/TF_DPFL_2026/bin/python
[Setup] TF version: 2.15.1
[Setup] GPU available: [PhysicalDevice(name='/physical_device:GPU:0', device_type='GPU')]
[Config] Override: wandb.enabled = True
[Setup] Random seed: 42
[Setup] Loading CIFAR-10...
[Setup] Building global model...
Model: "wideresnet28_4"
__________________________________________________________________________________________________
 Layer (type)                Output Shape                 Param #   Connected to                  
==================================================================================================
 input_1 (InputLayer)        [(None, 32, 32, 3)]          0         []                            
                                                                                                  
 conv2d (Conv2D)             (None, 32, 32, 16)           432       ['input_1[0][0]']             
                                                                                                  
 group_normalization (Group  (None, 32, 32, 16)           32        ['conv2d[0][0]']              
 Normalization)                                                                                   
                                                                                                  
 re_lu (ReLU)                (None, 32, 32, 16)           0         ['group_normalization[0][0]'] 
                                                                                                  
 conv2d_1 (Conv2D)           (None, 32, 32, 64)           9216      ['re_lu[0][0]']               
                                                                                                  
 dropout (Dropout)           (None, 32, 32, 64)           0         ['conv2d_1[0][0]']            
                                                                                                  
 group_normalization_1 (Gro  (None, 32, 32, 64)           128       ['dropout[0][0]']             
 upNormalization)                                                                                 
                                                                                                  
 re_lu_1 (ReLU)              (None, 32, 32, 64)           0         ['group_normalization_1[0][0]'
                                                                    ]                             
                                                                                                  
 conv2d_2 (Conv2D)           (None, 32, 32, 64)           36864     ['re_lu_1[0][0]']             
                                                                                                  
 conv2d_3 (Conv2D)           (None, 32, 32, 64)           1024      ['conv2d[0][0]']              
                                                                                                  
 tf.__operators__.add (TFOp  (None, 32, 32, 64)           0         ['conv2d_2[0][0]',            
 Lambda)                                                             'conv2d_3[0][0]']            
                                                                                                  
 group_normalization_2 (Gro  (None, 32, 32, 64)           128       ['tf.__operators__.add[0][0]']
 upNormalization)                                                                                 
                                                                                                  
 re_lu_2 (ReLU)              (None, 32, 32, 64)           0         ['group_normalization_2[0][0]'
                                                                    ]                             
                                                                                                  
 conv2d_4 (Conv2D)           (None, 32, 32, 64)           36864     ['re_lu_2[0][0]']             
                                                                                                  
 dropout_1 (Dropout)         (None, 32, 32, 64)           0         ['conv2d_4[0][0]']            
                                                                                                  
 group_normalization_3 (Gro  (None, 32, 32, 64)           128       ['dropout_1[0][0]']           
 upNormalization)                                                                                 
                                                                                                  
 re_lu_3 (ReLU)              (None, 32, 32, 64)           0         ['group_normalization_3[0][0]'
                                                                    ]                             
                                                                                                  
 conv2d_5 (Conv2D)           (None, 32, 32, 64)           36864     ['re_lu_3[0][0]']             
                                                                                                  
 tf.__operators__.add_1 (TF  (None, 32, 32, 64)           0         ['conv2d_5[0][0]',            
 OpLambda)                                                           'tf.__operators__.add[0][0]']
                                                                                                  
 group_normalization_4 (Gro  (None, 32, 32, 64)           128       ['tf.__operators__.add_1[0][0]
 upNormalization)                                                   ']                            
                                                                                                  
 re_lu_4 (ReLU)              (None, 32, 32, 64)           0         ['group_normalization_4[0][0]'
                                                                    ]                             
                                                                                                  
 conv2d_6 (Conv2D)           (None, 16, 16, 128)          73728     ['re_lu_4[0][0]']             
                                                                                                  
 dropout_2 (Dropout)         (None, 16, 16, 128)          0         ['conv2d_6[0][0]']            
                                                                                                  
 group_normalization_5 (Gro  (None, 16, 16, 128)          256       ['dropout_2[0][0]']           
 upNormalization)                                                                                 
                                                                                                  
 re_lu_5 (ReLU)              (None, 16, 16, 128)          0         ['group_normalization_5[0][0]'
                                                                    ]                             
                                                                                                  
 conv2d_7 (Conv2D)           (None, 16, 16, 128)          147456    ['re_lu_5[0][0]']             
                                                                                                  
 conv2d_8 (Conv2D)           (None, 16, 16, 128)          8192      ['tf.__operators__.add_1[0][0]
                                                                    ']                            
                                                                                                  
 tf.__operators__.add_2 (TF  (None, 16, 16, 128)          0         ['conv2d_7[0][0]',            
 OpLambda)                                                           'conv2d_8[0][0]']            
                                                                                                  
 group_normalization_6 (Gro  (None, 16, 16, 128)          256       ['tf.__operators__.add_2[0][0]
 upNormalization)                                                   ']                            
                                                                                                  
 re_lu_6 (ReLU)              (None, 16, 16, 128)          0         ['group_normalization_6[0][0]'
                                                                    ]                             
                                                                                                  
 conv2d_9 (Conv2D)           (None, 16, 16, 128)          147456    ['re_lu_6[0][0]']             
                                                                                                  
 dropout_3 (Dropout)         (None, 16, 16, 128)          0         ['conv2d_9[0][0]']            
                                                                                                  
 group_normalization_7 (Gro  (None, 16, 16, 128)          256       ['dropout_3[0][0]']           
 upNormalization)                                                                                 
                                                                                                  
 re_lu_7 (ReLU)              (None, 16, 16, 128)          0         ['group_normalization_7[0][0]'
                                                                    ]                             
                                                                                                  
 conv2d_10 (Conv2D)          (None, 16, 16, 128)          147456    ['re_lu_7[0][0]']             
                                                                                                  
 tf.__operators__.add_3 (TF  (None, 16, 16, 128)          0         ['conv2d_10[0][0]',           
 OpLambda)                                                           'tf.__operators__.add_2[0][0]
                                                                    ']                            
                                                                                                  
 group_normalization_8 (Gro  (None, 16, 16, 128)          256       ['tf.__operators__.add_3[0][0]
 upNormalization)                                                   ']                            
                                                                                                  
 re_lu_8 (ReLU)              (None, 16, 16, 128)          0         ['group_normalization_8[0][0]'
                                                                    ]                             
                                                                                                  
 conv2d_11 (Conv2D)          (None, 8, 8, 256)            294912    ['re_lu_8[0][0]']             
                                                                                                  
 dropout_4 (Dropout)         (None, 8, 8, 256)            0         ['conv2d_11[0][0]']           
                                                                                                  
 group_normalization_9 (Gro  (None, 8, 8, 256)            512       ['dropout_4[0][0]']           
 upNormalization)                                                                                 
                                                                                                  
 re_lu_9 (ReLU)              (None, 8, 8, 256)            0         ['group_normalization_9[0][0]'
                                                                    ]                             
                                                                                                  
 conv2d_12 (Conv2D)          (None, 8, 8, 256)            589824    ['re_lu_9[0][0]']             
                                                                                                  
 conv2d_13 (Conv2D)          (None, 8, 8, 256)            32768     ['tf.__operators__.add_3[0][0]
                                                                    ']                            
                                                                                                  
 tf.__operators__.add_4 (TF  (None, 8, 8, 256)            0         ['conv2d_12[0][0]',           
 OpLambda)                                                           'conv2d_13[0][0]']           
                                                                                                  
 group_normalization_10 (Gr  (None, 8, 8, 256)            512       ['tf.__operators__.add_4[0][0]
 oupNormalization)                                                  ']                            
                                                                                                  
 re_lu_10 (ReLU)             (None, 8, 8, 256)            0         ['group_normalization_10[0][0]
                                                                    ']                            
                                                                                                  
 conv2d_14 (Conv2D)          (None, 8, 8, 256)            589824    ['re_lu_10[0][0]']            
                                                                                                  
 dropout_5 (Dropout)         (None, 8, 8, 256)            0         ['conv2d_14[0][0]']           
                                                                                                  
 group_normalization_11 (Gr  (None, 8, 8, 256)            512       ['dropout_5[0][0]']           
 oupNormalization)                                                                                
                                                                                                  
 re_lu_11 (ReLU)             (None, 8, 8, 256)            0         ['group_normalization_11[0][0]
                                                                    ']                            
                                                                                                  
 conv2d_15 (Conv2D)          (None, 8, 8, 256)            589824    ['re_lu_11[0][0]']            
                                                                                                  
 tf.__operators__.add_5 (TF  (None, 8, 8, 256)            0         ['conv2d_15[0][0]',           
 OpLambda)                                                           'tf.__operators__.add_4[0][0]
                                                                    ']                            
                                                                                                  
 group_normalization_12 (Gr  (None, 8, 8, 256)            512       ['tf.__operators__.add_5[0][0]
 oupNormalization)                                                  ']                            
                                                                                                  
 re_lu_12 (ReLU)             (None, 8, 8, 256)            0         ['group_normalization_12[0][0]
                                                                    ']                            
                                                                                                  
 global_average_pooling2d (  (None, 256)                  0         ['re_lu_12[0][0]']            
 GlobalAveragePooling2D)                                                                          
                                                                                                  
 dense (Dense)               (None, 10)                   2570      ['global_average_pooling2d[0][
                                                                    0]']                          
                                                                                                  
==================================================================================================
Total params: 2748890 (10.49 MB)
Trainable params: 2748890 (10.49 MB)
Non-trainable params: 0 (0.00 Byte)
__________________________________________________________________________________________________
[Setup] Building clients...

[Non-IID] α=0.5, 10 clients, 10 classes
Client       Samples    Top-3 classes
----------------------------------------------------
client_0     3597       cls9:1461, cls7:941, cls5:343
client_1     5704       cls4:3063, cls6:1108, cls8:456
client_2     2879       cls1:1113, cls4:911, cls6:520
client_3     2857       cls0:1266, cls1:545, cls9:435
client_4     6512       cls0:2148, cls2:1687, cls8:1321
client_5     4084       cls3:2404, cls2:907, cls1:350
client_6     7936       cls7:3402, cls5:1951, cls6:1507
client_7     4043       cls1:2304, cls8:583, cls2:322
client_8     3670       cls6:1117, cls5:718, cls0:437
client_9     8718       cls8:2259, cls9:1870, cls3:1815

[Setup] 10 clients built (noniid, α=0.5)
[Setup] Building edge servers...

[Assignment] Histogram clustering | 10 clients → 2 edges | no DP
  Edge 0: clients [0, 3, 4, 5, 6, 9]
  Edge 1: clients [1, 2, 7, 8]
[EdgeServer 0] 6 clients | 33704 samples
[EdgeServer 1] 4 clients | 16296 samples

[Setup] Built 2 edge servers (strategy=histogram)
  Edge 0: 6 clients | 33704 samples
  Edge 1: 4 clients | 16296 samples
[CloudServer] 2 edges | model: 10.49 MB

====================================================
 HierFAVG Training Start
====================================================

[Round   1] Broadcasting to 2 edges...
  [Edge 0] G1 | E1 | Selected 4/6
  [Client  5] Round 1 | FedDyn(α=0.1) | loss=1.2479
  [Client  4] Round 1 | FedDyn(α=0.1) | loss=1.3973
  [Client  9] Round 1 | FedDyn(α=0.1) | loss=1.5298
  [Client  0] Round 1 | FedDyn(α=0.1) | loss=1.5768
  [Edge 0] G1 | E1 | loss=1.4493
  [Edge 0] G1 | E2 | Selected 4/6
  [Client  3] Round 1 | FedDyn(α=0.1) | loss=1.1954
  [Client  9] Round 1 | FedDyn(α=0.1) | loss=1.5679
  [Client  5] Round 1 | FedDyn(α=0.1) | loss=1.1646
  [Client  6] Round 1 | FedDyn(α=0.1) | loss=1.3132
  [Edge 0] G1 | E2 | loss=1.3673
  [Edge 1] G1 | E1 | Selected 2/4
  [Client  1] Round 1 | FedDyn(α=0.1) | loss=1.3376
  [Client  2] Round 1 | FedDyn(α=0.1) | loss=1.3899
  [Edge 1] G1 | E1 | loss=1.3551
  [Edge 1] G1 | E2 | Selected 2/4
  [Client  7] Round 1 | FedDyn(α=0.1) | loss=1.4062
  [Client  1] Round 1 | FedDyn(α=0.1) | loss=1.2935
  [Edge 1] G1 | E2 | loss=1.3402
  [Cloud] acc=0.1941 | loss=2.8878 | time=221.9s | comm=461.4MB (total=461MB)

[Round   2] Broadcasting to 2 edges...
  [Edge 0] G2 | E1 | Selected 4/6
  [Client  4] Round 2 | FedDyn(α=0.1) | loss=1.4818
  [Client  0] Round 2 | FedDyn(α=0.1) | loss=1.6323
  [Client  5] Round 2 | FedDyn(α=0.1) | loss=1.4559
  [Client  6] Round 2 | FedDyn(α=0.1) | loss=1.4346
  [Edge 0] G2 | E1 | loss=1.4846
  [Edge 0] G2 | E2 | Selected 4/6
  [Client  0] Round 2 | FedDyn(α=0.1) | loss=1.5803
  [Client  4] Round 2 | FedDyn(α=0.1) | loss=1.4015
  [Client  6] Round 2 | FedDyn(α=0.1) | loss=1.3291
  [Client  3] Round 2 | FedDyn(α=0.1) | loss=1.4738
  [Edge 0] G2 | E2 | loss=1.4147
  [Edge 1] G2 | E1 | Selected 2/4
  [Client  7] Round 2 | FedDyn(α=0.1) | loss=1.1289
  [Client  2] Round 2 | FedDyn(α=0.1) | loss=1.3125
  [Edge 1] G2 | E1 | loss=1.2053
  [Edge 1] G2 | E2 | Selected 2/4
  [Client  8] Round 2 | FedDyn(α=0.1) | loss=1.4227
  [Client  7] Round 2 | FedDyn(α=0.1) | loss=1.0761
  [Edge 1] G2 | E2 | loss=1.2410
  [Cloud] acc=0.2258 | loss=2.7362 | time=119.2s | comm=461.4MB (total=923MB)

[Round   3] Broadcasting to 2 edges...
  [Edge 0] G3 | E1 | Selected 4/6
  [Client  0] Round 3 | FedDyn(α=0.1) | loss=1.5836
  [Client  4] Round 3 | FedDyn(α=0.1) | loss=1.3495
  [Client  6] Round 3 | FedDyn(α=0.1) | loss=1.3794
  [Client  9] Round 3 | FedDyn(α=0.1) | loss=1.9570
  [Edge 0] G3 | E1 | loss=1.5877
  [Edge 0] G3 | E2 | Selected 4/6
  [Client  0] Round 3 | FedDyn(α=0.1) | loss=1.3338
  [Client  3] Round 3 | FedDyn(α=0.1) | loss=1.2344
  [Client  6] Round 3 | FedDyn(α=0.1) | loss=1.2244
  [Client  5] Round 3 | FedDyn(α=0.1) | loss=1.1769
  [Edge 0] G3 | E2 | loss=1.2367
  [Edge 1] G3 | E1 | Selected 2/4
  [Client  2] Round 3 | FedDyn(α=0.1) | loss=1.4707
  [Client  7] Round 3 | FedDyn(α=0.1) | loss=1.3594
  [Edge 1] G3 | E1 | loss=1.4057
  [Edge 1] G3 | E2 | Selected 2/4
  [Client  8] Round 3 | FedDyn(α=0.1) | loss=1.5756
  [Client  7] Round 3 | FedDyn(α=0.1) | loss=1.1217
  [Edge 1] G3 | E2 | loss=1.3377
  [Cloud] acc=0.3295 | loss=1.9598 | time=112.3s | comm=461.4MB (total=1384MB)

[Round   4] Broadcasting to 2 edges...
  [Edge 0] G4 | E1 | Selected 4/6
  [Client  9] Round 4 | FedDyn(α=0.1) | loss=1.4780
  [Client  5] Round 4 | FedDyn(α=0.1) | loss=1.1980
  [Client  4] Round 4 | FedDyn(α=0.1) | loss=1.2869
  [Client  0] Round 4 | FedDyn(α=0.1) | loss=1.3819
  [Edge 0] G4 | E1 | loss=1.3587
  [Edge 0] G4 | E2 | Selected 4/6
  [Client  3] Round 4 | FedDyn(α=0.1) | loss=1.2311
  [Client  4] Round 4 | FedDyn(α=0.1) | loss=1.1646
  [Client  0] Round 4 | FedDyn(α=0.1) | loss=1.3068
  [Client  9] Round 4 | FedDyn(α=0.1) | loss=1.2366
  [Edge 0] G4 | E2 | loss=1.2259
  [Edge 1] G4 | E1 | Selected 2/4
  [Client  1] Round 4 | FedDyn(α=0.1) | loss=1.7604
  [Client  7] Round 4 | FedDyn(α=0.1) | loss=1.0578
  [Edge 1] G4 | E1 | loss=1.4690
  [Edge 1] G4 | E2 | Selected 2/4
  [Client  2] Round 4 | FedDyn(α=0.1) | loss=1.1985
  [Client  1] Round 4 | FedDyn(α=0.1) | loss=1.1918
  [Edge 1] G4 | E2 | loss=1.1941
  [Cloud] acc=0.3132 | loss=2.6639 | time=117.9s | comm=461.4MB (total=1846MB)

[Round   5] Broadcasting to 2 edges...
  [Edge 0] G5 | E1 | Selected 4/6
  [Client  3] Round 5 | FedDyn(α=0.1) | loss=1.1995
  [Client  9] Round 5 | FedDyn(α=0.1) | loss=1.2648
  [Client  6] Round 5 | FedDyn(α=0.1) | loss=1.4543
  [Client  4] Round 5 | FedDyn(α=0.1) | loss=1.1742
  [Edge 0] G5 | E1 | loss=1.2928
  [Edge 0] G5 | E2 | Selected 4/6
  [Client  6] Round 5 | FedDyn(α=0.1) | loss=1.0988
  [Client  4] Round 5 | FedDyn(α=0.1) | loss=1.1211
  [Client  0] Round 5 | FedDyn(α=0.1) | loss=1.2550
  [Client  3] Round 5 | FedDyn(α=0.1) | loss=1.0845
  [Edge 0] G5 | E2 | loss=1.1307
  [Edge 1] G5 | E1 | Selected 2/4
  [Client  1] Round 5 | FedDyn(α=0.1) | loss=1.1317
  [Client  8] Round 5 | FedDyn(α=0.1) | loss=1.5510
  [Edge 1] G5 | E1 | loss=1.2959
  [Edge 1] G5 | E2 | Selected 2/4
  [Client  8] Round 5 | FedDyn(α=0.1) | loss=1.2922
  [Client  7] Round 5 | FedDyn(α=0.1) | loss=1.0148
  [Edge 1] G5 | E2 | loss=1.1468
  [Cloud] acc=0.3871 | loss=2.5676 | time=119.4s | comm=461.4MB (total=2307MB)

[Round   6] Broadcasting to 2 edges...
  [Edge 0] G6 | E1 | Selected 4/6
  [Client  5] Round 6 | FedDyn(α=0.1) | loss=1.3331
  [Client  6] Round 6 | FedDyn(α=0.1) | loss=1.0298
  [Client  0] Round 6 | FedDyn(α=0.1) | loss=1.2319
  [Client  9] Round 6 | FedDyn(α=0.1) | loss=1.2390
  [Edge 0] G6 | E1 | loss=1.1855
  [Edge 0] G6 | E2 | Selected 4/6
  [Client  9] Round 6 | FedDyn(α=0.1) | loss=1.0711
  [Client  0] Round 6 | FedDyn(α=0.1) | loss=1.0422
  [Client  4] Round 6 | FedDyn(α=0.1) | loss=1.0935
  [Client  6] Round 6 | FedDyn(α=0.1) | loss=0.9494
  [Edge 0] G6 | E2 | loss=1.0366
  [Edge 1] G6 | E1 | Selected 2/4
  [Client  8] Round 6 | FedDyn(α=0.1) | loss=1.3173
  [Client  1] Round 6 | FedDyn(α=0.1) | loss=1.2441
  [Edge 1] G6 | E1 | loss=1.2727
  [Edge 1] G6 | E2 | Selected 2/4
  [Client  8] Round 6 | FedDyn(α=0.1) | loss=1.1793
  [Client  2] Round 6 | FedDyn(α=0.1) | loss=1.1463
  [Edge 1] G6 | E2 | loss=1.1648
  [Cloud] acc=0.3392 | loss=2.1430 | time=124.8s | comm=461.4MB (total=2768MB)

[Round   7] Broadcasting to 2 edges...
  [Edge 0] G7 | E1 | Selected 4/6
  [Client  4] Round 7 | FedDyn(α=0.1) | loss=1.0303
  [Client  6] Round 7 | FedDyn(α=0.1) | loss=1.0177
  [Client  3] Round 7 | FedDyn(α=0.1) | loss=1.1822
  [Client  5] Round 7 | FedDyn(α=0.1) | loss=1.0672
  [Edge 0] G7 | E1 | loss=1.0530
  [Edge 0] G7 | E2 | Selected 4/6
  [Client  6] Round 7 | FedDyn(α=0.1) | loss=0.8960
  [Client  9] Round 7 | FedDyn(α=0.1) | loss=1.0509
  [Client  4] Round 7 | FedDyn(α=0.1) | loss=0.9620
  [Client  3] Round 7 | FedDyn(α=0.1) | loss=0.9198
  [Edge 0] G7 | E2 | loss=0.9670
  [Edge 1] G7 | E1 | Selected 2/4
  [Client  8] Round 7 | FedDyn(α=0.1) | loss=1.1592
  [Client  1] Round 7 | FedDyn(α=0.1) | loss=0.9604
  [Edge 1] G7 | E1 | loss=1.0382
  [Edge 1] G7 | E2 | Selected 2/4
  [Client  1] Round 7 | FedDyn(α=0.1) | loss=0.8520
  [Client  7] Round 7 | FedDyn(α=0.1) | loss=0.9664
  [Edge 1] G7 | E2 | loss=0.8995
  [Cloud] acc=0.4463 | loss=1.7692 | time=124.0s | comm=461.4MB (total=3230MB)

[Round   8] Broadcasting to 2 edges...
  [Edge 0] G8 | E1 | Selected 4/6
  [Client  5] Round 8 | FedDyn(α=0.1) | loss=1.0093
  [Client  6] Round 8 | FedDyn(α=0.1) | loss=0.8789
  [Client  0] Round 8 | FedDyn(α=0.1) | loss=1.1198
  [Client  4] Round 8 | FedDyn(α=0.1) | loss=0.9547
  [Edge 0] G8 | E1 | loss=0.9644
  [Edge 0] G8 | E2 | Selected 4/6
  [Client  3] Round 8 | FedDyn(α=0.1) | loss=0.9438
  [Client  0] Round 8 | FedDyn(α=0.1) | loss=0.9438
  [Client  4] Round 8 | FedDyn(α=0.1) | loss=0.9291
  [Client  5] Round 8 | FedDyn(α=0.1) | loss=0.8237
  [Edge 0] G8 | E2 | loss=0.9094
  [Edge 1] G8 | E1 | Selected 2/4
  [Client  1] Round 8 | FedDyn(α=0.1) | loss=0.9286
  [Client  8] Round 8 | FedDyn(α=0.1) | loss=1.0978
  [Edge 1] G8 | E1 | loss=0.9948
  [Edge 1] G8 | E2 | Selected 2/4
  [Client  7] Round 8 | FedDyn(α=0.1) | loss=0.8319
  [Client  2] Round 8 | FedDyn(α=0.1) | loss=1.0366
  [Edge 1] G8 | E2 | loss=0.9170
  [Cloud] acc=0.3320 | loss=2.1088 | time=103.9s | comm=461.4MB (total=3691MB)

[Round   9] Broadcasting to 2 edges...
  [Edge 0] G9 | E1 | Selected 4/6
  [Client  6] Round 9 | FedDyn(α=0.1) | loss=0.8932
  [Client  3] Round 9 | FedDyn(α=0.1) | loss=0.8822
  [Client  9] Round 9 | FedDyn(α=0.1) | loss=1.0871
  [Client  0] Round 9 | FedDyn(α=0.1) | loss=1.0740
  [Edge 0] G9 | E1 | loss=0.9932
  [Edge 0] G9 | E2 | Selected 4/6
  [Client  4] Round 9 | FedDyn(α=0.1) | loss=0.9310
  [Client  9] Round 9 | FedDyn(α=0.1) | loss=0.9576
  [Client  5] Round 9 | FedDyn(α=0.1) | loss=0.8520
  [Client  0] Round 9 | FedDyn(α=0.1) | loss=0.8989
  [Edge 0] G9 | E2 | loss=0.9220
  [Edge 1] G9 | E1 | Selected 2/4
  [Client  1] Round 9 | FedDyn(α=0.1) | loss=0.8236
  [Client  8] Round 9 | FedDyn(α=0.1) | loss=1.0751
  [Edge 1] G9 | E1 | loss=0.9221
  [Edge 1] G9 | E2 | Selected 2/4
  [Client  8] Round 9 | FedDyn(α=0.1) | loss=0.9454
  [Client  7] Round 9 | FedDyn(α=0.1) | loss=0.7140
  [Edge 1] G9 | E2 | loss=0.8241
  [Cloud] acc=0.4397 | loss=1.7485 | time=117.8s | comm=461.4MB (total=4153MB)

[Round  10] Broadcasting to 2 edges...
  [Edge 0] G10 | E1 | Selected 4/6
  [Client  6] Round 10 | FedDyn(α=0.1) | loss=0.8264
  [Client  3] Round 10 | FedDyn(α=0.1) | loss=0.8818
  [Client  5] Round 10 | FedDyn(α=0.1) | loss=0.8303
  [Client  0] Round 10 | FedDyn(α=0.1) | loss=0.9609
  [Edge 0] G10 | E1 | loss=0.8620
  [Edge 0] G10 | E2 | Selected 4/6
  [Client  5] Round 10 | FedDyn(α=0.1) | loss=0.7334
  [Client  4] Round 10 | FedDyn(α=0.1) | loss=0.9013
  [Client  3] Round 10 | FedDyn(α=0.1) | loss=0.6936
  [Client  9] Round 10 | FedDyn(α=0.1) | loss=0.9644
  [Edge 0] G10 | E2 | loss=0.8684
  [Edge 1] G10 | E1 | Selected 2/4
  [Client  8] Round 10 | FedDyn(α=0.1) | loss=0.9796
  [Client  2] Round 10 | FedDyn(α=0.1) | loss=1.1606
  [Edge 1] G10 | E1 | loss=1.0592
  [Edge 1] G10 | E2 | Selected 2/4
  [Client  8] Round 10 | FedDyn(α=0.1) | loss=0.9346
  [Client  7] Round 10 | FedDyn(α=0.1) | loss=0.6962
  [Edge 1] G10 | E2 | loss=0.8096
  [Cloud] acc=0.5582 | loss=1.2810 | time=103.1s | comm=461.4MB (total=4614MB)

[Round  11] Broadcasting to 2 edges...
  [Edge 0] G11 | E1 | Selected 4/6
  [Client  4] Round 11 | FedDyn(α=0.1) | loss=0.8179
  [Client  3] Round 11 | FedDyn(α=0.1) | loss=0.6873
  [Client  0] Round 11 | FedDyn(α=0.1) | loss=0.9153
  [Client  6] Round 11 | FedDyn(α=0.1) | loss=0.7843
  [Edge 0] G11 | E1 | loss=0.8041
  [Edge 0] G11 | E2 | Selected 4/6
  [Client  4] Round 11 | FedDyn(α=0.1) | loss=0.7850
  [Client  9] Round 11 | FedDyn(α=0.1) | loss=0.9004
  [Client  5] Round 11 | FedDyn(α=0.1) | loss=0.7624
  [Client  0] Round 11 | FedDyn(α=0.1) | loss=0.8048
  [Edge 0] G11 | E2 | loss=0.8280
  [Edge 1] G11 | E1 | Selected 2/4
  [Client  2] Round 11 | FedDyn(α=0.1) | loss=0.7649
  [Client  7] Round 11 | FedDyn(α=0.1) | loss=0.6156
  [Edge 1] G11 | E1 | loss=0.6777
  [Edge 1] G11 | E2 | Selected 2/4
  [Client  1] Round 11 | FedDyn(α=0.1) | loss=0.8247
  [Client  8] Round 11 | FedDyn(α=0.1) | loss=0.9191
  [Edge 1] G11 | E2 | loss=0.8617
  [Cloud] acc=0.5352 | loss=1.3370 | time=112.4s | comm=461.4MB (total=5075MB)

[Round  12] Broadcasting to 2 edges...
  [Edge 0] G12 | E1 | Selected 4/6
  [Client  9] Round 12 | FedDyn(α=0.1) | loss=0.8458
  [Client  4] Round 12 | FedDyn(α=0.1) | loss=0.7760
  [Client  6] Round 12 | FedDyn(α=0.1) | loss=0.7521
  [Client  5] Round 12 | FedDyn(α=0.1) | loss=0.7278
  [Edge 0] G12 | E1 | loss=0.7841
  [Edge 0] G12 | E2 | Selected 4/6
  [Client  0] Round 12 | FedDyn(α=0.1) | loss=0.8267
  [Client  6] Round 12 | FedDyn(α=0.1) | loss=0.7419
  [Client  9] Round 12 | FedDyn(α=0.1) | loss=0.7984
  [Client  5] Round 12 | FedDyn(α=0.1) | loss=0.6752
  [Edge 0] G12 | E2 | loss=0.7635
  [Edge 1] G12 | E1 | Selected 2/4
  [Client  2] Round 12 | FedDyn(α=0.1) | loss=0.7661
  [Client  1] Round 12 | FedDyn(α=0.1) | loss=0.7044
  [Edge 1] G12 | E1 | loss=0.7251
  [Edge 1] G12 | E2 | Selected 2/4
  [Client  7] Round 12 | FedDyn(α=0.1) | loss=0.6109
  [Client  1] Round 12 | FedDyn(α=0.1) | loss=0.6439
  [Edge 1] G12 | E2 | loss=0.6302
  [Cloud] acc=0.4584 | loss=1.7161 | time=130.3s | comm=461.4MB (total=5537MB)

[Round  13] Broadcasting to 2 edges...
  [Edge 0] G13 | E1 | Selected 4/6
  [Client  9] Round 13 | FedDyn(α=0.1) | loss=0.8290
  [Client  4] Round 13 | FedDyn(α=0.1) | loss=0.7550
  [Client  0] Round 13 | FedDyn(α=0.1) | loss=0.8380
  [Client  5] Round 13 | FedDyn(α=0.1) | loss=0.7915
  [Edge 0] G13 | E1 | loss=0.8027
  [Edge 0] G13 | E2 | Selected 4/6
  [Client  6] Round 13 | FedDyn(α=0.1) | loss=0.7761
  [Client  3] Round 13 | FedDyn(α=0.1) | loss=0.8422
  [Client  9] Round 13 | FedDyn(α=0.1) | loss=0.7752
  [Client  5] Round 13 | FedDyn(α=0.1) | loss=0.6525
  [Edge 0] G13 | E2 | loss=0.7624
  [Edge 1] G13 | E1 | Selected 2/4
  [Client  1] Round 13 | FedDyn(α=0.1) | loss=0.6871
  [Client  8] Round 13 | FedDyn(α=0.1) | loss=0.9665
  [Edge 1] G13 | E1 | loss=0.7965
  [Edge 1] G13 | E2 | Selected 2/4
  [Client  1] Round 13 | FedDyn(α=0.1) | loss=0.5863
  [Client  7] Round 13 | FedDyn(α=0.1) | loss=0.5638
  [Edge 1] G13 | E2 | loss=0.5770
  [Cloud] acc=0.5975 | loss=1.1633 | time=122.5s | comm=461.4MB (total=5998MB)

[Round  14] Broadcasting to 2 edges...
  [Edge 0] G14 | E1 | Selected 4/6
  [Client  9] Round 14 | FedDyn(α=0.1) | loss=0.7803
  [Client  0] Round 14 | FedDyn(α=0.1) | loss=0.7607
  [Client  4] Round 14 | FedDyn(α=0.1) | loss=0.7013
  [Client  5] Round 14 | FedDyn(α=0.1) | loss=0.7007
  [Edge 0] G14 | E1 | loss=0.7406
  [Edge 0] G14 | E2 | Selected 4/6
  [Client  6] Round 14 | FedDyn(α=0.1) | loss=0.7159
  [Client  9] Round 14 | FedDyn(α=0.1) | loss=0.7525
  [Client  3] Round 14 | FedDyn(α=0.1) | loss=0.8219
  [Client  5] Round 14 | FedDyn(α=0.1) | loss=0.6371
  [Edge 0] G14 | E2 | loss=0.7286
  [Edge 1] G14 | E1 | Selected 2/4
  [Client  8] Round 14 | FedDyn(α=0.1) | loss=0.8163
  [Client  1] Round 14 | FedDyn(α=0.1) | loss=0.6276
  [Edge 1] G14 | E1 | loss=0.7015
  [Edge 1] G14 | E2 | Selected 2/4
  [Client  2] Round 14 | FedDyn(α=0.1) | loss=0.6591
  [Client  7] Round 14 | FedDyn(α=0.1) | loss=0.5373
  [Edge 1] G14 | E2 | loss=0.5879
  [Cloud] acc=0.5701 | loss=1.2796 | time=117.4s | comm=461.4MB (total=6459MB)

[Round  15] Broadcasting to 2 edges...
  [Edge 0] G15 | E1 | Selected 4/6
  [Client  9] Round 15 | FedDyn(α=0.1) | loss=0.7859
  [Client  5] Round 15 | FedDyn(α=0.1) | loss=0.6945
  [Client  0] Round 15 | FedDyn(α=0.1) | loss=0.7662
  [Client  6] Round 15 | FedDyn(α=0.1) | loss=0.6483
  [Edge 0] G15 | E1 | loss=0.7228
  [Edge 0] G15 | E2 | Selected 4/6
  [Client  0] Round 15 | FedDyn(α=0.1) | loss=0.6836
  [Client  4] Round 15 | FedDyn(α=0.1) | loss=0.7443
  [Client  9] Round 15 | FedDyn(α=0.1) | loss=0.7409
  [Client  3] Round 15 | FedDyn(α=0.1) | loss=0.7617
  [Edge 0] G15 | E2 | loss=0.7352
  [Edge 1] G15 | E1 | Selected 2/4
  [Client  7] Round 15 | FedDyn(α=0.1) | loss=0.4886
  [Client  8] Round 15 | FedDyn(α=0.1) | loss=0.7936
  [Edge 1] G15 | E1 | loss=0.6338
  [Edge 1] G15 | E2 | Selected 2/4
  [Client  7] Round 15 | FedDyn(α=0.1) | loss=0.4816
  [Client  2] Round 15 | FedDyn(α=0.1) | loss=0.6058
  [Edge 1] G15 | E2 | loss=0.5333
  [Cloud] acc=0.6405 | loss=1.0316 | time=113.6s | comm=461.4MB (total=6921MB)

[Round  16] Broadcasting to 2 edges...
  [Edge 0] G16 | E1 | Selected 4/6
  [Client  3] Round 16 | FedDyn(α=0.1) | loss=0.6873
  [Client  6] Round 16 | FedDyn(α=0.1) | loss=0.6108
  [Client  5] Round 16 | FedDyn(α=0.1) | loss=0.6662
  [Client  4] Round 16 | FedDyn(α=0.1) | loss=0.6781
  [Edge 0] G16 | E1 | loss=0.6521
  [Edge 0] G16 | E2 | Selected 4/6
  [Client  3] Round 16 | FedDyn(α=0.1) | loss=0.5412
  [Client  9] Round 16 | FedDyn(α=0.1) | loss=0.7430
  [Client  6] Round 16 | FedDyn(α=0.1) | loss=0.5921
  [Client  4] Round 16 | FedDyn(α=0.1) | loss=0.6798
  [Edge 0] G16 | E2 | loss=0.6590
  [Edge 1] G16 | E1 | Selected 2/4
  [Client  1] Round 16 | FedDyn(α=0.1) | loss=0.6725
  [Client  7] Round 16 | FedDyn(α=0.1) | loss=0.5062
  [Edge 1] G16 | E1 | loss=0.6035
  [Edge 1] G16 | E2 | Selected 2/4
  [Client  2] Round 16 | FedDyn(α=0.1) | loss=0.5272
  [Client  7] Round 16 | FedDyn(α=0.1) | loss=0.5028
  [Edge 1] G16 | E2 | loss=0.5129
  [Cloud] acc=0.5131 | loss=1.7078 | time=119.6s | comm=461.4MB (total=7382MB)

[Round  17] Broadcasting to 2 edges...
  [Edge 0] G17 | E1 | Selected 4/6
  [Client  5] Round 17 | FedDyn(α=0.1) | loss=0.7801
  [Client  9] Round 17 | FedDyn(α=0.1) | loss=0.7512
  [Client  3] Round 17 | FedDyn(α=0.1) | loss=0.6716
  [Client  4] Round 17 | FedDyn(α=0.1) | loss=0.6593
  [Edge 0] G17 | E1 | loss=0.7193
  [Edge 0] G17 | E2 | Selected 4/6
  [Client  0] Round 17 | FedDyn(α=0.1) | loss=0.8301
  [Client  9] Round 17 | FedDyn(α=0.1) | loss=0.7252
  [Client  5] Round 17 | FedDyn(α=0.1) | loss=0.6057
  [Client  4] Round 17 | FedDyn(α=0.1) | loss=0.6686
  [Edge 0] G17 | E2 | loss=0.7043
  [Edge 1] G17 | E1 | Selected 2/4
  [Client  1] Round 17 | FedDyn(α=0.1) | loss=0.6658
  [Client  8] Round 17 | FedDyn(α=0.1) | loss=0.8775
  [Edge 1] G17 | E1 | loss=0.7487
  [Edge 1] G17 | E2 | Selected 2/4
  [Client  7] Round 17 | FedDyn(α=0.1) | loss=0.5271
  [Client  1] Round 17 | FedDyn(α=0.1) | loss=0.4623
  [Edge 1] G17 | E2 | loss=0.4892
  [Cloud] acc=0.5481 | loss=1.3692 | time=119.9s | comm=461.4MB (total=7844MB)

[Round  18] Broadcasting to 2 edges...
  [Edge 0] G18 | E1 | Selected 4/6
  [Client  9] Round 18 | FedDyn(α=0.1) | loss=0.7201
  [Client  0] Round 18 | FedDyn(α=0.1) | loss=0.7210
  [Client  5] Round 18 | FedDyn(α=0.1) | loss=0.6799
  [Client  3] Round 18 | FedDyn(α=0.1) | loss=0.5906
  [Edge 0] G18 | E1 | loss=0.6925
  [Edge 0] G18 | E2 | Selected 4/6
  [Client  6] Round 18 | FedDyn(α=0.1) | loss=0.6778
  [Client  3] Round 18 | FedDyn(α=0.1) | loss=0.5270
  [Client  9] Round 18 | FedDyn(α=0.1) | loss=0.7085
  [Client  5] Round 18 | FedDyn(α=0.1) | loss=0.5857
  [Edge 0] G18 | E2 | loss=0.6549
  [Edge 1] G18 | E1 | Selected 2/4
  [Client  7] Round 18 | FedDyn(α=0.1) | loss=0.5490
  [Client  2] Round 18 | FedDyn(α=0.1) | loss=0.6044
  [Edge 1] G18 | E1 | loss=0.5720
  [Edge 1] G18 | E2 | Selected 2/4
  [Client  2] Round 18 | FedDyn(α=0.1) | loss=0.4383
  [Client  7] Round 18 | FedDyn(α=0.1) | loss=0.5273
  [Edge 1] G18 | E2 | loss=0.4903
  [Cloud] acc=0.4750 | loss=1.8166 | time=106.5s | comm=461.4MB (total=8305MB)

[Round  19] Broadcasting to 2 edges...
  [Edge 0] G19 | E1 | Selected 4/6
  [Client  3] Round 19 | FedDyn(α=0.1) | loss=0.5911
  [Client  5] Round 19 | FedDyn(α=0.1) | loss=0.6487
  [Client  6] Round 19 | FedDyn(α=0.1) | loss=0.6392
  [Client  9] Round 19 | FedDyn(α=0.1) | loss=0.7264
  [Edge 0] G19 | E1 | loss=0.6672
  [Edge 0] G19 | E2 | Selected 4/6
  [Client  0] Round 19 | FedDyn(α=0.1) | loss=0.6748
  [Client  4] Round 19 | FedDyn(α=0.1) | loss=0.6926
  [Client  5] Round 19 | FedDyn(α=0.1) | loss=0.5956
  [Client  9] Round 19 | FedDyn(α=0.1) | loss=0.6706
  [Edge 0] G19 | E2 | loss=0.6641
  [Edge 1] G19 | E1 | Selected 2/4
  [Client  2] Round 19 | FedDyn(α=0.1) | loss=0.5019
  [Client  7] Round 19 | FedDyn(α=0.1) | loss=0.5345
  [Edge 1] G19 | E1 | loss=0.5209
  [Edge 1] G19 | E2 | Selected 2/4
  [Client  8] Round 19 | FedDyn(α=0.1) | loss=0.9133
  [Client  2] Round 19 | FedDyn(α=0.1) | loss=0.3551
  [Edge 1] G19 | E2 | loss=0.6679
  [Cloud] acc=0.5850 | loss=1.2816 | time=112.4s | comm=461.4MB (total=8766MB)

[Round  20] Broadcasting to 2 edges...
  [Edge 0] G20 | E1 | Selected 4/6
  [Client  3] Round 20 | FedDyn(α=0.1) | loss=0.5016
  [Client  4] Round 20 | FedDyn(α=0.1) | loss=0.6116
  [Client  0] Round 20 | FedDyn(α=0.1) | loss=0.6351
  [Client  9] Round 20 | FedDyn(α=0.1) | loss=0.6387
  [Edge 0] G20 | E1 | loss=0.6119
  [Edge 0] G20 | E2 | Selected 4/6
  [Client  5] Round 20 | FedDyn(α=0.1) | loss=0.5719
  [Client  0] Round 20 | FedDyn(α=0.1) | loss=0.5718
  [Client  4] Round 20 | FedDyn(α=0.1) | loss=0.5766
  [Client  9] Round 20 | FedDyn(α=0.1) | loss=0.6331
  [Edge 0] G20 | E2 | loss=0.5965
  [Edge 1] G20 | E1 | Selected 2/4
  [Client  2] Round 20 | FedDyn(α=0.1) | loss=0.5042
  [Client  1] Round 20 | FedDyn(α=0.1) | loss=0.6009
  [Edge 1] G20 | E1 | loss=0.5684
  [Edge 1] G20 | E2 | Selected 2/4
  [Client  2] Round 20 | FedDyn(α=0.1) | loss=0.3351
  [Client  1] Round 20 | FedDyn(α=0.1) | loss=0.4385
  [Edge 1] G20 | E2 | loss=0.4038
  [Cloud] acc=0.5021 | loss=1.8225 | time=115.5s | comm=461.4MB (total=9228MB)

[Round  21] Broadcasting to 2 edges...
  [Edge 0] G21 | E1 | Selected 4/6
  [Client  6] Round 21 | FedDyn(α=0.1) | loss=0.7855
  [Client  5] Round 21 | FedDyn(α=0.1) | loss=0.7415
  [Client  3] Round 21 | FedDyn(α=0.1) | loss=0.5766
  [Client  4] Round 21 | FedDyn(α=0.1) | loss=0.6037
  [Edge 0] G21 | E1 | loss=0.6938
  [Edge 0] G21 | E2 | Selected 4/6
  [Client  9] Round 21 | FedDyn(α=0.1) | loss=0.6571
  [Client  3] Round 21 | FedDyn(α=0.1) | loss=0.3950
  [Client  5] Round 21 | FedDyn(α=0.1) | loss=0.6205
  [Client  4] Round 21 | FedDyn(α=0.1) | loss=0.5759
  [Edge 0] G21 | E2 | loss=0.5927
  [Edge 1] G21 | E1 | Selected 2/4
  [Client  2] Round 21 | FedDyn(α=0.1) | loss=0.3841
  [Client  8] Round 21 | FedDyn(α=0.1) | loss=0.9117
  [Edge 1] G21 | E1 | loss=0.6798
  [Edge 1] G21 | E2 | Selected 2/4
  [Client  2] Round 21 | FedDyn(α=0.1) | loss=0.3393
  [Client  7] Round 21 | FedDyn(α=0.1) | loss=0.5879
  [Edge 1] G21 | E2 | loss=0.4845
  [Cloud] acc=0.5987 | loss=1.3043 | time=106.8s | comm=461.4MB (total=9689MB)

[Round  22] Broadcasting to 2 edges...
  [Edge 0] G22 | E1 | Selected 4/6
  [Client  3] Round 22 | FedDyn(α=0.1) | loss=0.3893
  [Client  0] Round 22 | FedDyn(α=0.1) | loss=0.6927
  [Client  4] Round 22 | FedDyn(α=0.1) | loss=0.5494
  [Client  9] Round 22 | FedDyn(α=0.1) | loss=0.6439
  [Edge 0] G22 | E1 | loss=0.5901
  [Edge 0] G22 | E2 | Selected 4/6
  [Client  5] Round 22 | FedDyn(α=0.1) | loss=0.5937
  [Client  3] Round 22 | FedDyn(α=0.1) | loss=0.4248
  [Client  0] Round 22 | FedDyn(α=0.1) | loss=0.5829
  [Client  9] Round 22 | FedDyn(α=0.1) | loss=0.6362
  [Edge 0] G22 | E2 | loss=0.5858
  [Edge 1] G22 | E1 | Selected 2/4
  [Client  8] Round 22 | FedDyn(α=0.1) | loss=0.6145
  [Client  2] Round 22 | FedDyn(α=0.1) | loss=0.4604
  [Edge 1] G22 | E1 | loss=0.5468
  [Edge 1] G22 | E2 | Selected 2/4
  [Client  2] Round 22 | FedDyn(α=0.1) | loss=0.3334
  [Client  1] Round 22 | FedDyn(α=0.1) | loss=0.4524
  [Edge 1] G22 | E2 | loss=0.4125
  [Cloud] acc=0.4285 | loss=2.6218 | time=105.4s | comm=461.4MB (total=10151MB)

[Round  23] Broadcasting to 2 edges...
  [Edge 0] G23 | E1 | Selected 4/6
  [Client  9] Round 23 | FedDyn(α=0.1) | loss=0.6804
  [Client  4] Round 23 | FedDyn(α=0.1) | loss=0.6182
  [Client  3] Round 23 | FedDyn(α=0.1) | loss=0.4015
  [Client  5] Round 23 | FedDyn(α=0.1) | loss=0.8047
  [Edge 0] G23 | E1 | loss=0.6491
  [Edge 0] G23 | E2 | Selected 4/6
  [Client  9] Round 23 | FedDyn(α=0.1) | loss=0.6269
  [Client  0] Round 23 | FedDyn(α=0.1) | loss=0.6566
  [Client  5] Round 23 | FedDyn(α=0.1) | loss=0.5603
  [Client  3] Round 23 | FedDyn(α=0.1) | loss=0.3955
  [Edge 0] G23 | E2 | loss=0.5840
  [Edge 1] G23 | E1 | Selected 2/4
  [Client  2] Round 23 | FedDyn(α=0.1) | loss=0.3529
  [Client  8] Round 23 | FedDyn(α=0.1) | loss=0.6212
  [Edge 1] G23 | E1 | loss=0.5032
  [Edge 1] G23 | E2 | Selected 2/4
  [Client  8] Round 23 | FedDyn(α=0.1) | loss=0.4777
  [Client  7] Round 23 | FedDyn(α=0.1) | loss=0.6023
  [Edge 1] G23 | E2 | loss=0.5430
  [Cloud] acc=0.5676 | loss=1.5295 | time=104.5s | comm=461.4MB (total=10612MB)

[Round  24] Broadcasting to 2 edges...
  [Edge 0] G24 | E1 | Selected 4/6
  [Client  9] Round 24 | FedDyn(α=0.1) | loss=0.6337
  [Client  5] Round 24 | FedDyn(α=0.1) | loss=0.6826
  [Client  6] Round 24 | FedDyn(α=0.1) | loss=0.8401
  [Client  0] Round 24 | FedDyn(α=0.1) | loss=0.6056
  [Edge 0] G24 | E1 | loss=0.7051
  [Edge 0] G24 | E2 | Selected 4/6
  [Client  9] Round 24 | FedDyn(α=0.1) | loss=0.6124
  [Client  4] Round 24 | FedDyn(α=0.1) | loss=0.5770
  [Client  3] Round 24 | FedDyn(α=0.1) | loss=0.4028
  [Client  6] Round 24 | FedDyn(α=0.1) | loss=0.5114
  [Edge 0] G24 | E2 | loss=0.5497
  [Edge 1] G24 | E1 | Selected 2/4
  [Client  2] Round 24 | FedDyn(α=0.1) | loss=0.5880
  [Client  8] Round 24 | FedDyn(α=0.1) | loss=0.5578
  [Edge 1] G24 | E1 | loss=0.5711
  [Edge 1] G24 | E2 | Selected 2/4
  [Client  7] Round 24 | FedDyn(α=0.1) | loss=0.5309
  [Client  1] Round 24 | FedDyn(α=0.1) | loss=0.4336
  [Edge 1] G24 | E2 | loss=0.4740
  [Cloud] acc=0.6224 | loss=1.3052 | time=124.2s | comm=461.4MB (total=11073MB)

[Round  25] Broadcasting to 2 edges...
  [Edge 0] G25 | E1 | Selected 4/6
  [Client  9] Round 25 | FedDyn(α=0.1) | loss=0.6294
  [Client  0] Round 25 | FedDyn(α=0.1) | loss=0.5532
  [Client  4] Round 25 | FedDyn(α=0.1) | loss=0.5612
  [Client  5] Round 25 | FedDyn(α=0.1) | loss=0.7474
  [Edge 0] G25 | E1 | loss=0.6191
  [Edge 0] G25 | E2 | Selected 4/6
  [Client  6] Round 25 | FedDyn(α=0.1) | loss=0.4785
  [Client  5] Round 25 | FedDyn(α=0.1) | loss=0.5636
  [Client  9] Round 25 | FedDyn(α=0.1) | loss=0.6188
  [Client  4] Round 25 | FedDyn(α=0.1) | loss=0.5787
  [Edge 0] G25 | E2 | loss=0.5601
  [Edge 1] G25 | E1 | Selected 2/4
  [Client  2] Round 25 | FedDyn(α=0.1) | loss=0.3500
  [Client  1] Round 25 | FedDyn(α=0.1) | loss=0.4049
  [Edge 1] G25 | E1 | loss=0.3865
  [Edge 1] G25 | E2 | Selected 2/4
  [Client  2] Round 25 | FedDyn(α=0.1) | loss=0.3440
  [Client  7] Round 25 | FedDyn(α=0.1) | loss=0.4722
  [Edge 1] G25 | E2 | loss=0.4189
  [Cloud] acc=0.5576 | loss=1.3927 | time=122.8s | comm=461.4MB (total=11535MB)

[Round  26] Broadcasting to 2 edges...
  [Edge 0] G26 | E1 | Selected 4/6
  [Client  0] Round 26 | FedDyn(α=0.1) | loss=0.6371
  [Client  4] Round 26 | FedDyn(α=0.1) | loss=0.5642
  [Client  9] Round 26 | FedDyn(α=0.1) | loss=0.6173
  [Client  5] Round 26 | FedDyn(α=0.1) | loss=0.5839
  [Edge 0] G26 | E1 | loss=0.5994
  [Edge 0] G26 | E2 | Selected 4/6
  [Client  3] Round 26 | FedDyn(α=0.1) | loss=0.5841
  [Client  4] Round 26 | FedDyn(α=0.1) | loss=0.5476
  [Client  6] Round 26 | FedDyn(α=0.1) | loss=0.4433
  [Client  5] Round 26 | FedDyn(α=0.1) | loss=0.5786
  [Edge 0] G26 | E2 | loss=0.5197
  [Edge 1] G26 | E1 | Selected 2/4
  [Client  2] Round 26 | FedDyn(α=0.1) | loss=0.4655
  [Client  7] Round 26 | FedDyn(α=0.1) | loss=0.4108
  [Edge 1] G26 | E1 | loss=0.4335
  [Edge 1] G26 | E2 | Selected 2/4
  [Client  8] Round 26 | FedDyn(α=0.1) | loss=0.6331
  [Client  1] Round 26 | FedDyn(α=0.1) | loss=0.3975
  [Edge 1] G26 | E2 | loss=0.4897
  [Cloud] acc=0.5515 | loss=1.6218 | time=113.8s | comm=461.4MB (total=11996MB)

[Round  27] Broadcasting to 2 edges...
  [Edge 0] G27 | E1 | Selected 4/6
  [Client  6] Round 27 | FedDyn(α=0.1) | loss=0.4204
  [Client  0] Round 27 | FedDyn(α=0.1) | loss=0.6089
  [Client  4] Round 27 | FedDyn(α=0.1) | loss=0.5986
  [Client  9] Round 27 | FedDyn(α=0.1) | loss=0.6307
  [Edge 0] G27 | E1 | loss=0.5576
  [Edge 0] G27 | E2 | Selected 4/6
  [Client  5] Round 27 | FedDyn(α=0.1) | loss=0.5992
  [Client  6] Round 27 | FedDyn(α=0.1) | loss=0.3895
  [Client  9] Round 27 | FedDyn(α=0.1) | loss=0.5918
  [Client  0] Round 27 | FedDyn(α=0.1) | loss=0.5262
  [Edge 0] G27 | E2 | loss=0.5174
  [Edge 1] G27 | E1 | Selected 2/4
  [Client  7] Round 27 | FedDyn(α=0.1) | loss=0.4481
  [Client  1] Round 27 | FedDyn(α=0.1) | loss=0.3983
  [Edge 1] G27 | E1 | loss=0.4190
  [Edge 1] G27 | E2 | Selected 2/4
  [Client  8] Round 27 | FedDyn(α=0.1) | loss=0.5815
  [Client  7] Round 27 | FedDyn(α=0.1) | loss=0.3515
  [Edge 1] G27 | E2 | loss=0.4609
  [Cloud] acc=0.5800 | loss=1.4979 | time=127.7s | comm=461.4MB (total=12458MB)

[Round  28] Broadcasting to 2 edges...
  [Edge 0] G28 | E1 | Selected 4/6
  [Client  4] Round 28 | FedDyn(α=0.1) | loss=0.6180
  [Client  0] Round 28 | FedDyn(α=0.1) | loss=0.5526
  [Client  6] Round 28 | FedDyn(α=0.1) | loss=0.4035
  [Client  9] Round 28 | FedDyn(α=0.1) | loss=0.6196
  [Edge 0] G28 | E1 | loss=0.5461
  [Edge 0] G28 | E2 | Selected 4/6
  [Client  6] Round 28 | FedDyn(α=0.1) | loss=0.3447
  [Client  4] Round 28 | FedDyn(α=0.1) | loss=0.5627
  [Client  5] Round 28 | FedDyn(α=0.1) | loss=0.6190
  [Client  3] Round 28 | FedDyn(α=0.1) | loss=0.7674
  [Edge 0] G28 | E2 | loss=0.5199
  [Edge 1] G28 | E1 | Selected 2/4
  [Client  2] Round 28 | FedDyn(α=0.1) | loss=0.6329
  [Client  1] Round 28 | FedDyn(α=0.1) | loss=0.5064
  [Edge 1] G28 | E1 | loss=0.5488
  [Edge 1] G28 | E2 | Selected 2/4
  [Client  1] Round 28 | FedDyn(α=0.1) | loss=0.3492
  [Client  7] Round 28 | FedDyn(α=0.1) | loss=0.4210
  [Edge 1] G28 | E2 | loss=0.3790
  [Cloud] acc=0.5842 | loss=1.5539 | time=123.9s | comm=461.4MB (total=12919MB)

[Round  29] Broadcasting to 2 edges...
  [Edge 0] G29 | E1 | Selected 4/6
  [Client  0] Round 29 | FedDyn(α=0.1) | loss=0.5807
  [Client  6] Round 29 | FedDyn(α=0.1) | loss=0.3772
  [Client  5] Round 29 | FedDyn(α=0.1) | loss=0.7237
  [Client  4] Round 29 | FedDyn(α=0.1) | loss=0.5986
  [Edge 0] G29 | E1 | loss=0.5394
  [Edge 0] G29 | E2 | Selected 4/6
  [Client  0] Round 29 | FedDyn(α=0.1) | loss=0.5429
  [Client  9] Round 29 | FedDyn(α=0.1) | loss=0.5972
  [Client  4] Round 29 | FedDyn(α=0.1) | loss=0.6260
  [Client  3] Round 29 | FedDyn(α=0.1) | loss=0.7086
  [Edge 0] G29 | E2 | loss=0.6115
  [Edge 1] G29 | E1 | Selected 2/4
  [Client  7] Round 29 | FedDyn(α=0.1) | loss=0.3672
  [Client  2] Round 29 | FedDyn(α=0.1) | loss=0.4693
  [Edge 1] G29 | E1 | loss=0.4097
  [Edge 1] G29 | E2 | Selected 2/4
  [Client  1] Round 29 | FedDyn(α=0.1) | loss=0.3495
  [Client  7] Round 29 | FedDyn(α=0.1) | loss=0.3718
  [Edge 1] G29 | E2 | loss=0.3588
  [Cloud] acc=0.6659 | loss=1.0323 | time=113.2s | comm=461.4MB (total=13380MB)

[Round  30] Broadcasting to 2 edges...
  [Edge 0] G30 | E1 | Selected 4/6
  [Client  5] Round 30 | FedDyn(α=0.1) | loss=0.5685
  [Client  9] Round 30 | FedDyn(α=0.1) | loss=0.5964
  [Client  3] Round 30 | FedDyn(α=0.1) | loss=0.5891
  [Client  0] Round 30 | FedDyn(α=0.1) | loss=0.5090
  [Edge 0] G30 | E1 | loss=0.5731
  [Edge 0] G30 | E2 | Selected 4/6
  [Client  9] Round 30 | FedDyn(α=0.1) | loss=0.6114
  [Client  3] Round 30 | FedDyn(α=0.1) | loss=0.3512
  [Client  5] Round 30 | FedDyn(α=0.1) | loss=0.4652
  [Client  6] Round 30 | FedDyn(α=0.1) | loss=0.4273
  [Edge 0] G30 | E2 | loss=0.4927
  [Edge 1] G30 | E1 | Selected 2/4
  [Client  7] Round 30 | FedDyn(α=0.1) | loss=0.3793
  [Client  8] Round 30 | FedDyn(α=0.1) | loss=0.6636
  [Edge 1] G30 | E1 | loss=0.5146
  [Edge 1] G30 | E2 | Selected 2/4
  [Client  1] Round 30 | FedDyn(α=0.1) | loss=0.3433
  [Client  7] Round 30 | FedDyn(α=0.1) | loss=0.3753
  [Edge 1] G30 | E2 | loss=0.3566
  [Cloud] acc=0.6362 | loss=1.1430 | time=112.9s | comm=461.4MB (total=13842MB)

[Round  31] Broadcasting to 2 edges...
  [Edge 0] G31 | E1 | Selected 4/6
  [Client  3] Round 31 | FedDyn(α=0.1) | loss=0.3106
  [Client  9] Round 31 | FedDyn(α=0.1) | loss=0.5961
  [Client  4] Round 31 | FedDyn(α=0.1) | loss=0.5814
  [Client  6] Round 31 | FedDyn(α=0.1) | loss=0.3472
  [Edge 0] G31 | E1 | loss=0.4851
  [Edge 0] G31 | E2 | Selected 4/6
  [Client  4] Round 31 | FedDyn(α=0.1) | loss=0.5671
  [Client  9] Round 31 | FedDyn(α=0.1) | loss=0.6206
  [Client  3] Round 31 | FedDyn(α=0.1) | loss=0.2238
  [Client  0] Round 31 | FedDyn(α=0.1) | loss=0.5769
  [Edge 0] G31 | E2 | loss=0.5450
  [Edge 1] G31 | E1 | Selected 2/4
  [Client  2] Round 31 | FedDyn(α=0.1) | loss=0.4917
  [Client  7] Round 31 | FedDyn(α=0.1) | loss=0.3867
  [Edge 1] G31 | E1 | loss=0.4304
  [Edge 1] G31 | E2 | Selected 2/4
  [Client  8] Round 31 | FedDyn(α=0.1) | loss=0.5835
  [Client  7] Round 31 | FedDyn(α=0.1) | loss=0.4049
  [Edge 1] G31 | E2 | loss=0.4899
  [Cloud] acc=0.6541 | loss=1.1307 | time=116.6s | comm=461.4MB (total=14303MB)

[Round  32] Broadcasting to 2 edges...
  [Edge 0] G32 | E1 | Selected 4/6
  [Client  6] Round 32 | FedDyn(α=0.1) | loss=0.3757
  [Client  5] Round 32 | FedDyn(α=0.1) | loss=0.5996
  [Client  9] Round 32 | FedDyn(α=0.1) | loss=0.6331
  [Client  4] Round 32 | FedDyn(α=0.1) | loss=0.5826
  [Edge 0] G32 | E1 | loss=0.5411
  [Edge 0] G32 | E2 | Selected 4/6
  [Client  3] Round 32 | FedDyn(α=0.1) | loss=0.2039
  [Client  9] Round 32 | FedDyn(α=0.1) | loss=0.6149
  [Client  4] Round 32 | FedDyn(α=0.1) | loss=0.5667
  [Client  5] Round 32 | FedDyn(α=0.1) | loss=0.4608
  [Edge 0] G32 | E2 | loss=0.5194
  [Edge 1] G32 | E1 | Selected 2/4
  [Client  1] Round 32 | FedDyn(α=0.1) | loss=0.4329
  [Client  7] Round 32 | FedDyn(α=0.1) | loss=0.4215
  [Edge 1] G32 | E1 | loss=0.4282
  [Edge 1] G32 | E2 | Selected 2/4
  [Client  7] Round 32 | FedDyn(α=0.1) | loss=0.4222
  [Client  8] Round 32 | FedDyn(α=0.1) | loss=0.4733
  [Edge 1] G32 | E2 | loss=0.4465
  [Cloud] acc=0.6567 | loss=1.0593 | time=124.7s | comm=461.4MB (total=14765MB)

[Round  33] Broadcasting to 2 edges...
  [Edge 0] G33 | E1 | Selected 4/6
  [Client  3] Round 33 | FedDyn(α=0.1) | loss=0.1903
  [Client  9] Round 33 | FedDyn(α=0.1) | loss=0.6209
  [Client  5] Round 33 | FedDyn(α=0.1) | loss=0.5296
  [Client  4] Round 33 | FedDyn(α=0.1) | loss=0.5574
  [Edge 0] G33 | E1 | loss=0.5300
  [Edge 0] G33 | E2 | Selected 4/6
  [Client  5] Round 33 | FedDyn(α=0.1) | loss=0.4281
  [Client  0] Round 33 | FedDyn(α=0.1) | loss=0.7918
  [Client  6] Round 33 | FedDyn(α=0.1) | loss=0.5109
  [Client  3] Round 33 | FedDyn(α=0.1) | loss=0.1183
  [Edge 0] G33 | E2 | loss=0.4866
  [Edge 1] G33 | E1 | Selected 2/4
  [Client  7] Round 33 | FedDyn(α=0.1) | loss=0.4415
  [Client  8] Round 33 | FedDyn(α=0.1) | loss=0.4170
  [Edge 1] G33 | E1 | loss=0.4298
  [Edge 1] G33 | E2 | Selected 2/4
  [Client  1] Round 33 | FedDyn(α=0.1) | loss=0.3584
  [Client  2] Round 33 | FedDyn(α=0.1) | loss=0.5880
  [Edge 1] G33 | E2 | loss=0.4354
  [Cloud] acc=0.4692 | loss=2.3608 | time=107.0s | comm=461.4MB (total=15226MB)

[Round  34] Broadcasting to 2 edges...
  [Edge 0] G34 | E1 | Selected 4/6
  [Client  4] Round 34 | FedDyn(α=0.1) | loss=0.6125
  [Client  9] Round 34 | FedDyn(α=0.1) | loss=0.6672
  [Client  5] Round 34 | FedDyn(α=0.1) | loss=0.5939
  [Client  6] Round 34 | FedDyn(α=0.1) | loss=0.4012
  [Edge 0] G34 | E1 | loss=0.5657
  [Edge 0] G34 | E2 | Selected 4/6
  [Client  0] Round 34 | FedDyn(α=0.1) | loss=0.7278
  [Client  3] Round 34 | FedDyn(α=0.1) | loss=0.1327
  [Client  6] Round 34 | FedDyn(α=0.1) | loss=0.4446
  [Client  5] Round 34 | FedDyn(α=0.1) | loss=0.4344
  [Edge 0] G34 | E2 | loss=0.4492
  [Edge 1] G34 | E1 | Selected 2/4
  [Client  8] Round 34 | FedDyn(α=0.1) | loss=0.4113
  [Client  2] Round 34 | FedDyn(α=0.1) | loss=0.4888
  [Edge 1] G34 | E1 | loss=0.4454
  [Edge 1] G34 | E2 | Selected 2/4
  [Client  1] Round 34 | FedDyn(α=0.1) | loss=0.3073
  [Client  2] Round 34 | FedDyn(α=0.1) | loss=0.3569
  [Edge 1] G34 | E2 | loss=0.3239
  [Cloud] acc=0.6157 | loss=1.2701 | time=113.8s | comm=461.4MB (total=15687MB)

[Round  35] Broadcasting to 2 edges...
  [Edge 0] G35 | E1 | Selected 4/6
  [Client  0] Round 35 | FedDyn(α=0.1) | loss=0.5517
  [Client  3] Round 35 | FedDyn(α=0.1) | loss=0.0694
  [Client  9] Round 35 | FedDyn(α=0.1) | loss=0.6831
  [Client  5] Round 35 | FedDyn(α=0.1) | loss=0.4373
  [Edge 0] G35 | E1 | loss=0.5154
  [Edge 0] G35 | E2 | Selected 4/6
  [Client  4] Round 35 | FedDyn(α=0.1) | loss=0.6391
  [Client  5] Round 35 | FedDyn(α=0.1) | loss=0.4260
  [Client  3] Round 35 | FedDyn(α=0.1) | loss=0.0953
  [Client  9] Round 35 | FedDyn(α=0.1) | loss=0.7027
  [Edge 0] G35 | E2 | loss=0.5548
  [Edge 1] G35 | E1 | Selected 2/4
  [Client  8] Round 35 | FedDyn(α=0.1) | loss=0.3843
  [Client  2] Round 35 | FedDyn(α=0.1) | loss=0.3481
  [Edge 1] G35 | E1 | loss=0.3684
  [Edge 1] G35 | E2 | Selected 2/4
  [Client  1] Round 35 | FedDyn(α=0.1) | loss=0.2811
  [Client  7] Round 35 | FedDyn(α=0.1) | loss=0.4589
  [Edge 1] G35 | E2 | loss=0.3549
  [Cloud] acc=0.6791 | loss=0.9984 | time=108.0s | comm=461.4MB (total=16149MB)

[Round  36] Broadcasting to 2 edges...
  [Edge 0] G36 | E1 | Selected 4/6
  [Client  5] Round 36 | FedDyn(α=0.1) | loss=0.4908
  [Client  3] Round 36 | FedDyn(α=0.1) | loss=0.0904
  [Client  4] Round 36 | FedDyn(α=0.1) | loss=0.6153
  [Client  0] Round 36 | FedDyn(α=0.1) | loss=0.5399
  [Edge 0] G36 | E1 | loss=0.4816
  [Edge 0] G36 | E2 | Selected 4/6
  [Client  5] Round 36 | FedDyn(α=0.1) | loss=0.3807
  [Client  0] Round 36 | FedDyn(α=0.1) | loss=0.4783
  [Client  3] Round 36 | FedDyn(α=0.1) | loss=0.0517
  [Client  9] Round 36 | FedDyn(α=0.1) | loss=0.6732
  [Edge 0] G36 | E2 | loss=0.4826
  [Edge 1] G36 | E1 | Selected 2/4
  [Client  8] Round 36 | FedDyn(α=0.1) | loss=0.4073
  [Client  1] Round 36 | FedDyn(α=0.1) | loss=0.3091
  [Edge 1] G36 | E1 | loss=0.3475
  [Edge 1] G36 | E2 | Selected 2/4
  [Client  1] Round 36 | FedDyn(α=0.1) | loss=0.2296
  [Client  2] Round 36 | FedDyn(α=0.1) | loss=0.2897
  [Edge 1] G36 | E2 | loss=0.2498
  [Cloud] acc=0.4503 | loss=2.6697 | time=102.0s | comm=461.4MB (total=16610MB)

[Round  37] Broadcasting to 2 edges...
  [Edge 0] G37 | E1 | Selected 4/6
  [Client  9] Round 37 | FedDyn(α=0.1) | loss=0.7028
  [Client  6] Round 37 | FedDyn(α=0.1) | loss=0.5248
  [Client  3] Round 37 | FedDyn(α=0.1) | loss=0.1010
  [Client  0] Round 37 | FedDyn(α=0.1) | loss=0.4925
  [Edge 0] G37 | E1 | loss=0.5345
  [Edge 0] G37 | E2 | Selected 4/6
  [Client  4] Round 37 | FedDyn(α=0.1) | loss=0.6490
  [Client  5] Round 37 | FedDyn(α=0.1) | loss=0.4740
  [Client  0] Round 37 | FedDyn(α=0.1) | loss=0.3962
  [Client  6] Round 37 | FedDyn(α=0.1) | loss=0.4127
  [Edge 0] G37 | E2 | loss=0.4909
  [Edge 1] G37 | E1 | Selected 2/4
  [Client  1] Round 37 | FedDyn(α=0.1) | loss=0.2422
  [Client  7] Round 37 | FedDyn(α=0.1) | loss=0.5516
  [Edge 1] G37 | E1 | loss=0.3705
  [Edge 1] G37 | E2 | Selected 2/4
  [Client  1] Round 37 | FedDyn(α=0.1) | loss=0.2490
  [Client  2] Round 37 | FedDyn(α=0.1) | loss=0.2686
  [Edge 1] G37 | E2 | loss=0.2556
  [Cloud] acc=0.6390 | loss=1.3004 | time=118.8s | comm=461.4MB (total=17072MB)

[Round  38] Broadcasting to 2 edges...
  [Edge 0] G38 | E1 | Selected 4/6
  [Client  0] Round 38 | FedDyn(α=0.1) | loss=0.4100
  [Client  4] Round 38 | FedDyn(α=0.1) | loss=0.6128
  [Client  9] Round 38 | FedDyn(α=0.1) | loss=0.7294
  [Client  5] Round 38 | FedDyn(α=0.1) | loss=0.4897
  [Edge 0] G38 | E1 | loss=0.6034
  [Edge 0] G38 | E2 | Selected 4/6
  [Client  0] Round 38 | FedDyn(α=0.1) | loss=0.4199
  [Client  5] Round 38 | FedDyn(α=0.1) | loss=0.3093
  [Client  9] Round 38 | FedDyn(α=0.1) | loss=0.6820
  [Client  3] Round 38 | FedDyn(α=0.1) | loss=0.1683
  [Edge 0] G38 | E2 | loss=0.4778
  [Edge 1] G38 | E1 | Selected 2/4
  [Client  8] Round 38 | FedDyn(α=0.1) | loss=0.4225
  [Client  7] Round 38 | FedDyn(α=0.1) | loss=0.5245
  [Edge 1] G38 | E1 | loss=0.4760
  [Edge 1] G38 | E2 | Selected 2/4
  [Client  1] Round 38 | FedDyn(α=0.1) | loss=0.2332
  [Client  2] Round 38 | FedDyn(α=0.1) | loss=0.2409
  [Edge 1] G38 | E2 | loss=0.2358
  [Cloud] acc=0.5514 | loss=1.8219 | time=109.8s | comm=461.4MB (total=17533MB)

[Round  39] Broadcasting to 2 edges...
  [Edge 0] G39 | E1 | Selected 4/6
  [Client  3] Round 39 | FedDyn(α=0.1) | loss=0.1354
  [Client  4] Round 39 | FedDyn(α=0.1) | loss=0.6402
  [Client  9] Round 39 | FedDyn(α=0.1) | loss=0.6647
  [Client  0] Round 39 | FedDyn(α=0.1) | loss=0.3819
  [Edge 0] G39 | E1 | loss=0.5407
  [Edge 0] G39 | E2 | Selected 4/6
  [Client  6] Round 39 | FedDyn(α=0.1) | loss=0.4483
  [Client  4] Round 39 | FedDyn(α=0.1) | loss=0.6112
  [Client  0] Round 39 | FedDyn(α=0.1) | loss=0.4033
  [Client  5] Round 39 | FedDyn(α=0.1) | loss=0.3703
  [Edge 0] G39 | E2 | loss=0.4745
  [Edge 1] G39 | E1 | Selected 2/4
  [Client  8] Round 39 | FedDyn(α=0.1) | loss=0.4480
  [Client  2] Round 39 | FedDyn(α=0.1) | loss=0.2200
  [Edge 1] G39 | E1 | loss=0.3478
  [Edge 1] G39 | E2 | Selected 2/4
  [Client  7] Round 39 | FedDyn(α=0.1) | loss=0.4728
  [Client  2] Round 39 | FedDyn(α=0.1) | loss=0.2029
  [Edge 1] G39 | E2 | loss=0.3605
  [Cloud] acc=0.6059 | loss=1.4455 | time=107.4s | comm=461.4MB (total=17994MB)

[Round  40] Broadcasting to 2 edges...
  [Edge 0] G40 | E1 | Selected 4/6
  [Client  5] Round 40 | FedDyn(α=0.1) | loss=0.4735
  [Client  0] Round 40 | FedDyn(α=0.1) | loss=0.3811
  [Client  6] Round 40 | FedDyn(α=0.1) | loss=0.3720
  [Client  3] Round 40 | FedDyn(α=0.1) | loss=0.2261
  [Edge 0] G40 | E1 | loss=0.3736
  [Edge 0] G40 | E2 | Selected 4/6
  [Client  0] Round 40 | FedDyn(α=0.1) | loss=0.3473
  [Client  6] Round 40 | FedDyn(α=0.1) | loss=0.3484
  [Client  9] Round 40 | FedDyn(α=0.1) | loss=0.6813
  [Client  5] Round 40 | FedDyn(α=0.1) | loss=0.2505
  [Edge 0] G40 | E2 | loss=0.4510
  [Edge 1] G40 | E1 | Selected 2/4
  [Client  2] Round 40 | FedDyn(α=0.1) | loss=0.2850
  [Client  1] Round 40 | FedDyn(α=0.1) | loss=0.2817
  [Edge 1] G40 | E1 | loss=0.2828
  [Edge 1] G40 | E2 | Selected 2/4
  [Client  1] Round 40 | FedDyn(α=0.1) | loss=0.1975
  [Client  8] Round 40 | FedDyn(α=0.1) | loss=0.4569
  [Edge 1] G40 | E2 | loss=0.2991
  [Cloud] acc=0.6453 | loss=1.1310 | time=113.9s | comm=461.4MB (total=18456MB)

[Cloud] Training complete.

====================================================
 Experiment Summary
====================================================
  Best  global_acc : 0.6791  (round 35)
  Final global_acc : 0.6453
  Total rounds     : 40
====================================================
========================================
End Time : Fri Apr 10 08:29:44 CEST 2026
========================================
