This job can be monitored from: https://job.c3se.chalmers.se/alvis/6656430
========================================
Job ID      : 6656430
Job Name    : HierFLcifar10
Node        : alvis9-10
Start Time  : Thu May 21 01:25:48 CEST 2026
Working Dir : /cephyr/users/ziangg/Alvis/tf-dpfl
========================================
[Setup] Python: /cephyr/users/ziangg/Alvis/tf-dpfl/bin/python
[Setup] TF version: 2.15.1
[Setup] GPU available: [PhysicalDevice(name='/physical_device:GPU:0', device_type='GPU')]
[Config] Override: wandb.enabled = True
[Setup] Random seed: 42
[Setup] Loading dataset...
[Data] CIFAR-10 from Mimer: /mimer/NOBACKUP/Datasets/CIFAR
[Setup] Building global model...
Model: "fedavg_cnn"
_________________________________________________________________
 Layer (type)                Output Shape              Param #   
=================================================================
 input_1 (InputLayer)        [(None, 32, 32, 3)]       0         
                                                                 
 conv2d (Conv2D)             (None, 28, 28, 32)        2432      
                                                                 
 max_pooling2d (MaxPooling2  (None, 14, 14, 32)        0         
 D)                                                              
                                                                 
 conv2d_1 (Conv2D)           (None, 10, 10, 64)        51264     
                                                                 
 max_pooling2d_1 (MaxPoolin  (None, 5, 5, 64)          0         
 g2D)                                                            
                                                                 
 flatten (Flatten)           (None, 1600)              0         
                                                                 
 dense (Dense)               (None, 512)               819712    
                                                                 
 dense_1 (Dense)             (None, 10)                5130      
                                                                 
=================================================================
Total params: 878538 (3.35 MB)
Trainable params: 878538 (3.35 MB)
Non-trainable params: 0 (0.00 Byte)
_________________________________________________________________
[Setup] Building clients...

[Superclass-aware partition] 2 edges, 2 classes/client

  Edge 0 (class pool: [2, 3, 4, 5, 6, 7]):
  Client       Samples    Classes held                        Out-of-pool?
  ---------------------------------------------------------------------------
  client_0     4000       [3, 6]                              OK
  client_1     4000       [3, 6]                              OK
  client_2     4000       [2, 5]                              OK
  client_3     4000       [5, 7]                              OK
  client_4     4000       [2, 7]                              OK
  client_5     4000       [2, 4]                              OK
  client_6     4000       [6, 7]                              OK
  client_7     4000       [3, 5]                              OK
  client_8     2000       [4]                                 OK
  client_9     2000       [4]                                 OK

  Edge 1 (class pool: [0, 1, 8, 9]):
  Client       Samples    Classes held                        Out-of-pool?
  ---------------------------------------------------------------------------
  client_10    2400       [8, 9]                              OK
  client_11    2400       [0, 1]                              OK
  client_12    2400       [1, 8]                              OK
  client_13    2400       [0, 8]                              OK
  client_14    2400       [0, 9]                              OK
  client_15    2400       [0, 8]                              OK
  client_16    2400       [1, 8]                              OK
  client_17    2400       [1, 9]                              OK
  client_18    2400       [1, 9]                              OK
  client_19    2400       [0, 9]                              OK

[Train/Test split] 20 clients | avg train=2250, avg test=750 samples (ratio=0.25)
[Setup] 20 clients built (superclass_pathological) | per-client test sets injected
[Setup] Building edge servers...
[Assignment] Using pre-baked superclass assignments | 2 edges
[EdgeServer 0] 10 clients | 27000 samples
[EdgeServer 1] 10 clients | 18000 samples

[Setup] Built 2 edge servers (strategy=superclass_baked)
  Edge 0: 10 clients | 27000 samples
  Edge 1: 10 clients | 18000 samples
[Setup] Building per-edge test datasets (superclass-aware)...
[CloudServer] 2 edges | model: 3.35 MB

====================================================
 HierFAVG Training Start
====================================================

[Round   1] Broadcasting to 2 edges...
  [Edge 0] W_n reset to global weights for new round.
  [Edge 1] W_n reset to global weights for new round.
  [Edge 0] G1 | E1 | Hier-pFedMe | Selected 10/10
  [Client  3] Received edge weights.
[C3] Test set: samples=1000, class_dist={5: 506, 7: 494}
  [Client  6] Received edge weights.
[C6] Test set: samples=1000, class_dist={6: 493, 7: 507}
  [Client  9] Received edge weights.
[C9] Test set: samples=500, class_dist={4: 500}
  [Client  8] Received edge weights.
[C8] Test set: samples=500, class_dist={4: 500}
  [Client  7] Received edge weights.
[C7] Test set: samples=1000, class_dist={3: 485, 5: 515}
  [Client  1] Received edge weights.
[C1] Test set: samples=1000, class_dist={3: 515, 6: 485}
  [Client  4] Received edge weights.
[C4] Test set: samples=1000, class_dist={2: 507, 7: 493}
  [Client  0] Received edge weights.
[C0] Test set: samples=1000, class_dist={3: 511, 6: 489}
  [Client  5] Received edge weights.
[C5] Test set: samples=1000, class_dist={2: 510, 4: 490}
  [Client  2] Received edge weights.
[C2] Test set: samples=1000, class_dist={2: 507, 5: 493}
  [Client  3] Starting Hier-pFedMe | λ2=35.0, η2=0.02, inner_steps=1, epochs=1, batches/epoch=188
  [Client  6] Starting Hier-pFedMe | λ2=35.0, η2=0.02, inner_steps=1, epochs=1, batches/epoch=188
  [Client  8] Starting Hier-pFedMe | λ2=35.0, η2=0.02, inner_steps=1, epochs=1, batches/epoch=94
  [Client  9] Starting Hier-pFedMe | λ2=35.0, η2=0.02, inner_steps=1, epochs=1, batches/epoch=94
  [Client  9] Round 1 | Hier-pFedMe(λ2=35.0, K=1) | loss=0.0550
  [Client  7] Starting Hier-pFedMe | λ2=35.0, η2=0.02, inner_steps=1, epochs=1, batches/epoch=188
  [Client  8] Round 1 | Hier-pFedMe(λ2=35.0, K=1) | loss=0.0533
  [Client  1] Starting Hier-pFedMe | λ2=35.0, η2=0.02, inner_steps=1, epochs=1, batches/epoch=188
  [Client  3] Round 1 | Hier-pFedMe(λ2=35.0, K=1) | loss=0.7247
  [Client  4] Starting Hier-pFedMe | λ2=35.0, η2=0.02, inner_steps=1, epochs=1, batches/epoch=188
  [Client  6] Round 1 | Hier-pFedMe(λ2=35.0, K=1) | loss=0.6288
  [Client  0] Starting Hier-pFedMe | λ2=35.0, η2=0.02, inner_steps=1, epochs=1, batches/epoch=188
  [Client  7] Round 1 | Hier-pFedMe(λ2=35.0, K=1) | loss=0.7784
  [Client  5] Starting Hier-pFedMe | λ2=35.0, η2=0.02, inner_steps=1, epochs=1, batches/epoch=188
  [Client  1] Round 1 | Hier-pFedMe(λ2=35.0, K=1) | loss=0.7041
  [Client  2] Starting Hier-pFedMe | λ2=35.0, η2=0.02, inner_steps=1, epochs=1, batches/epoch=188
  [Client  4] Round 1 | Hier-pFedMe(λ2=35.0, K=1) | loss=0.7255
  [Client  0] Round 1 | Hier-pFedMe(λ2=35.0, K=1) | loss=0.6648
  [Client  5] Round 1 | Hier-pFedMe(λ2=35.0, K=1) | loss=0.7674
  [Client  2] Round 1 | Hier-pFedMe(λ2=35.0, K=1) | loss=0.7251
  [Edge 0] G1 | E1 | loss=0.6414
  [Edge 0] G1 | E2 | Hier-pFedMe | Selected 10/10
  [Client  3] Received edge weights.
[C3] Test set: samples=1000, class_dist={5: 506, 7: 494}
  [Client  0] Received edge weights.
[C0] Test set: samples=1000, class_dist={3: 511, 6: 489}
  [Client  7] Received edge weights.
[C7] Test set: samples=1000, class_dist={3: 485, 5: 515}
  [Client  9] Received edge weights.
[C9] Test set: samples=500, class_dist={4: 500}
  [Client  6] Received edge weights.
[C6] Test set: samples=1000, class_dist={6: 493, 7: 507}
  [Client  4] Received edge weights.
[C4] Test set: samples=1000, class_dist={2: 507, 7: 493}
  [Client  2] Received edge weights.
[C2] Test set: samples=1000, class_dist={2: 507, 5: 493}
  [Client  8] Received edge weights.
[C8] Test set: samples=500, class_dist={4: 500}
  [Client  5] Received edge weights.
[C5] Test set: samples=1000, class_dist={2: 510, 4: 490}
  [Client  1] Received edge weights.
[C1] Test set: samples=1000, class_dist={3: 515, 6: 485}
  [Client  3] Starting Hier-pFedMe | λ2=35.0, η2=0.02, inner_steps=1, epochs=1, batches/epoch=188
  [Client  0] Starting Hier-pFedMe | λ2=35.0, η2=0.02, inner_steps=1, epochs=1, batches/epoch=188
  [Client  7] Starting Hier-pFedMe | λ2=35.0, η2=0.02, inner_steps=1, epochs=1, batches/epoch=188  [Client  9] Starting Hier-pFedMe | λ2=35.0, η2=0.02, inner_steps=1, epochs=1, batches/epoch=94

  [Client  9] Round 1 | Hier-pFedMe(λ2=35.0, K=1) | loss=0.0355
  [Client  6] Starting Hier-pFedMe | λ2=35.0, η2=0.02, inner_steps=1, epochs=1, batches/epoch=188
  [Client  3] Round 1 | Hier-pFedMe(λ2=35.0, K=1) | loss=0.6921
  [Client  0] Round 1 | Hier-pFedMe(λ2=35.0, K=1) | loss=0.6141
  [Client  4] Starting Hier-pFedMe | λ2=35.0, η2=0.02, inner_steps=1, epochs=1, batches/epoch=188
  [Client  2] Starting Hier-pFedMe | λ2=35.0, η2=0.02, inner_steps=1, epochs=1, batches/epoch=188
  [Client  7] Round 1 | Hier-pFedMe(λ2=35.0, K=1) | loss=0.7722
  [Client  8] Starting Hier-pFedMe | λ2=35.0, η2=0.02, inner_steps=1, epochs=1, batches/epoch=94
  [Client  6] Round 1 | Hier-pFedMe(λ2=35.0, K=1) | loss=0.5635
  [Client  5] Starting Hier-pFedMe | λ2=35.0, η2=0.02, inner_steps=1, epochs=1, batches/epoch=188
  [Client  8] Round 1 | Hier-pFedMe(λ2=35.0, K=1) | loss=0.0355
  [Client  1] Starting Hier-pFedMe | λ2=35.0, η2=0.02, inner_steps=1, epochs=1, batches/epoch=188
  [Client  4] Round 1 | Hier-pFedMe(λ2=35.0, K=1) | loss=0.6667
  [Client  2] Round 1 | Hier-pFedMe(λ2=35.0, K=1) | loss=0.6753
  [Client  5] Round 1 | Hier-pFedMe(λ2=35.0, K=1) | loss=0.7629
  [Client  1] Round 1 | Hier-pFedMe(λ2=35.0, K=1) | loss=0.6468
  [Edge 0] G1 | E2 | loss=0.6032
  [Edge 0] G1 | E3 | Hier-pFedMe | Selected 10/10
  [Client  9] Received edge weights.
[C9] Test set: samples=500, class_dist={4: 500}
  [Client  7] Received edge weights.
[C7] Test set: samples=1000, class_dist={3: 485, 5: 515}
  [Client  8] Received edge weights.
[C8] Test set: samples=500, class_dist={4: 500}
  [Client  6] Received edge weights.
[C6] Test set: samples=1000, class_dist={6: 493, 7: 507}
  [Client  4] Received edge weights.
[C4] Test set: samples=1000, class_dist={2: 507, 7: 493}
  [Client  1] Received edge weights.
[C1] Test set: samples=1000, class_dist={3: 515, 6: 485}
  [Client  0] Received edge weights.
[C0] Test set: samples=1000, class_dist={3: 511, 6: 489}
  [Client  3] Received edge weights.
[C3] Test set: samples=1000, class_dist={5: 506, 7: 494}
  [Client  5] Received edge weights.
[C5] Test set: samples=1000, class_dist={2: 510, 4: 490}
  [Client  2] Received edge weights.
[C2] Test set: samples=1000, class_dist={2: 507, 5: 493}
  [Client  9] Starting Hier-pFedMe | λ2=35.0, η2=0.02, inner_steps=1, epochs=1, batches/epoch=94
  [Client  7] Starting Hier-pFedMe | λ2=35.0, η2=0.02, inner_steps=1, epochs=1, batches/epoch=188
  [Client  6] Starting Hier-pFedMe | λ2=35.0, η2=0.02, inner_steps=1, epochs=1, batches/epoch=188
  [Client  8] Starting Hier-pFedMe | λ2=35.0, η2=0.02, inner_steps=1, epochs=1, batches/epoch=94
  [Client  9] Round 1 | Hier-pFedMe(λ2=35.0, K=1) | loss=0.0355
  [Client  8] Round 1 | Hier-pFedMe(λ2=35.0, K=1) | loss=0.0369
  [Client  4] Starting Hier-pFedMe | λ2=35.0, η2=0.02, inner_steps=1, epochs=1, batches/epoch=188
  [Client  1] Starting Hier-pFedMe | λ2=35.0, η2=0.02, inner_steps=1, epochs=1, batches/epoch=188
  [Client  6] Round 1 | Hier-pFedMe(λ2=35.0, K=1) | loss=0.5160
  [Client  0] Starting Hier-pFedMe | λ2=35.0, η2=0.02, inner_steps=1, epochs=1, batches/epoch=188
  [Client  7] Round 1 | Hier-pFedMe(λ2=35.0, K=1) | loss=0.7543
  [Client  3] Starting Hier-pFedMe | λ2=35.0, η2=0.02, inner_steps=1, epochs=1, batches/epoch=188
  [Client  4] Round 1 | Hier-pFedMe(λ2=35.0, K=1) | loss=0.6518
  [Client  5] Starting Hier-pFedMe | λ2=35.0, η2=0.02, inner_steps=1, epochs=1, batches/epoch=188
  [Client  1] Round 1 | Hier-pFedMe(λ2=35.0, K=1) | loss=0.6301
  [Client  2] Starting Hier-pFedMe | λ2=35.0, η2=0.02, inner_steps=1, epochs=1, batches/epoch=188
  [Client  0] Round 1 | Hier-pFedMe(λ2=35.0, K=1) | loss=0.5845
  [Client  3] Round 1 | Hier-pFedMe(λ2=35.0, K=1) | loss=0.6531
  [Client  5] Round 1 | Hier-pFedMe(λ2=35.0, K=1) | loss=0.7598
  [Client  2] Round 1 | Hier-pFedMe(λ2=35.0, K=1) | loss=0.6592
  [Edge 0] G1 | E3 | loss=0.5828
  [Edge 0] G1 | E4 | Hier-pFedMe | Selected 10/10
  [Client  8] Received edge weights.
[C8] Test set: samples=500, class_dist={4: 500}
  [Client  6] Received edge weights.
[C6] Test set: samples=1000, class_dist={6: 493, 7: 507}
  [Client  0] Received edge weights.
[C0] Test set: samples=1000, class_dist={3: 511, 6: 489}
  [Client  9] Received edge weights.
[C9] Test set: samples=500, class_dist={4: 500}
  [Client  7] Received edge weights.
[C7] Test set: samples=1000, class_dist={3: 485, 5: 515}
  [Client  3] Received edge weights.
[C3] Test set: samples=1000, class_dist={5: 506, 7: 494}
  [Client  5] Received edge weights.
[C5] Test set: samples=1000, class_dist={2: 510, 4: 490}
  [Client  2] Received edge weights.
[C2] Test set: samples=1000, class_dist={2: 507, 5: 493}
  [Client  1] Received edge weights.
[C1] Test set: samples=1000, class_dist={3: 515, 6: 485}
  [Client  4] Received edge weights.
[C4] Test set: samples=1000, class_dist={2: 507, 7: 493}
  [Client  8] Starting Hier-pFedMe | λ2=35.0, η2=0.02, inner_steps=1, epochs=1, batches/epoch=94  [Client  6] Starting Hier-pFedMe | λ2=35.0, η2=0.02, inner_steps=1, epochs=1, batches/epoch=188

  [Client  0] Starting Hier-pFedMe | λ2=35.0, η2=0.02, inner_steps=1, epochs=1, batches/epoch=188  [Client  9] Starting Hier-pFedMe | λ2=35.0, η2=0.02, inner_steps=1, epochs=1, batches/epoch=94

  [Client  8] Round 1 | Hier-pFedMe(λ2=35.0, K=1) | loss=0.0329
  [Client  9] Round 1 | Hier-pFedMe(λ2=35.0, K=1) | loss=0.0331
  [Client  3] Starting Hier-pFedMe | λ2=35.0, η2=0.02, inner_steps=1, epochs=1, batches/epoch=188
  [Client  7] Starting Hier-pFedMe | λ2=35.0, η2=0.02, inner_steps=1, epochs=1, batches/epoch=188
  [Client  6] Round 1 | Hier-pFedMe(λ2=35.0, K=1) | loss=0.5001
  [Client  5] Starting Hier-pFedMe | λ2=35.0, η2=0.02, inner_steps=1, epochs=1, batches/epoch=188
  [Client  0] Round 1 | Hier-pFedMe(λ2=35.0, K=1) | loss=0.5771
  [Client  2] Starting Hier-pFedMe | λ2=35.0, η2=0.02, inner_steps=1, epochs=1, batches/epoch=188
  [Client  3] Round 1 | Hier-pFedMe(λ2=35.0, K=1) | loss=0.6398
  [Client  1] Starting Hier-pFedMe | λ2=35.0, η2=0.02, inner_steps=1, epochs=1, batches/epoch=188
  [Client  7] Round 1 | Hier-pFedMe(λ2=35.0, K=1) | loss=0.7487
  [Client  4] Starting Hier-pFedMe | λ2=35.0, η2=0.02, inner_steps=1, epochs=1, batches/epoch=188
  [Client  5] Round 1 | Hier-pFedMe(λ2=35.0, K=1) | loss=0.7465
  [Client  2] Round 1 | Hier-pFedMe(λ2=35.0, K=1) | loss=0.6437
  [Client  1] Round 1 | Hier-pFedMe(λ2=35.0, K=1) | loss=0.5953
  [Client  4] Round 1 | Hier-pFedMe(λ2=35.0, K=1) | loss=0.6237
  [Edge 0] G1 | E4 | loss=0.5675
  [Edge 0] G1 | E5 | Hier-pFedMe | Selected 10/10
  [Client  8] Received edge weights.
[C8] Test set: samples=500, class_dist={4: 500}
  [Client  1] Received edge weights.
[C1] Test set: samples=1000, class_dist={3: 515, 6: 485}
  [Client  7] Received edge weights.
[C7] Test set: samples=1000, class_dist={3: 485, 5: 515}
  [Client  4] Received edge weights.
[C4] Test set: samples=1000, class_dist={2: 507, 7: 493}
  [Client  5] Received edge weights.
[C5] Test set: samples=1000, class_dist={2: 510, 4: 490}
  [Client  9] Received edge weights.
[C9] Test set: samples=500, class_dist={4: 500}
  [Client  3] Received edge weights.
[C3] Test set: samples=1000, class_dist={5: 506, 7: 494}
  [Client  0] Received edge weights.
[C0] Test set: samples=1000, class_dist={3: 511, 6: 489}
  [Client  6] Received edge weights.
[C6] Test set: samples=1000, class_dist={6: 493, 7: 507}
  [Client  2] Received edge weights.
[C2] Test set: samples=1000, class_dist={2: 507, 5: 493}
  [Client  4] Starting Hier-pFedMe | λ2=35.0, η2=0.02, inner_steps=1, epochs=1, batches/epoch=188  [Client  8] Starting Hier-pFedMe | λ2=35.0, η2=0.02, inner_steps=1, epochs=1, batches/epoch=94
  [Client  7] Starting Hier-pFedMe | λ2=35.0, η2=0.02, inner_steps=1, epochs=1, batches/epoch=188  [Client  1] Starting Hier-pFedMe | λ2=35.0, η2=0.02, inner_steps=1, epochs=1, batches/epoch=188


  [Client  8] Round 1 | Hier-pFedMe(λ2=35.0, K=1) | loss=0.0330
  [Client  5] Starting Hier-pFedMe | λ2=35.0, η2=0.02, inner_steps=1, epochs=1, batches/epoch=188
  [Client  7] Round 1 | Hier-pFedMe(λ2=35.0, K=1) | loss=0.7388
  [Client  9] Starting Hier-pFedMe | λ2=35.0, η2=0.02, inner_steps=1, epochs=1, batches/epoch=94
  [Client  1] Round 1 | Hier-pFedMe(λ2=35.0, K=1) | loss=0.5964
  [Client  3] Starting Hier-pFedMe | λ2=35.0, η2=0.02, inner_steps=1, epochs=1, batches/epoch=188
  [Client  4] Round 1 | Hier-pFedMe(λ2=35.0, K=1) | loss=0.6060
  [Client  0] Starting Hier-pFedMe | λ2=35.0, η2=0.02, inner_steps=1, epochs=1, batches/epoch=188
  [Client  9] Round 1 | Hier-pFedMe(λ2=35.0, K=1) | loss=0.0334
  [Client  6] Starting Hier-pFedMe | λ2=35.0, η2=0.02, inner_steps=1, epochs=1, batches/epoch=188
  [Client  5] Round 1 | Hier-pFedMe(λ2=35.0, K=1) | loss=0.7442
  [Client  2] Starting Hier-pFedMe | λ2=35.0, η2=0.02, inner_steps=1, epochs=1, batches/epoch=188
  [Client  0] Round 1 | Hier-pFedMe(λ2=35.0, K=1) | loss=0.5621
  [Client  3] Round 1 | Hier-pFedMe(λ2=35.0, K=1) | loss=0.6229
  [Client  2] Round 1 | Hier-pFedMe(λ2=35.0, K=1) | loss=0.6183
  [Client  6] Round 1 | Hier-pFedMe(λ2=35.0, K=1) | loss=0.4835
  [Edge 0] G1 | E5 | loss=0.5562
  [Edge 1] G1 | E1 | Hier-pFedMe | Selected 10/10
  [Client 10] Received edge weights.
[C10] Test set: samples=600, class_dist={8: 292, 9: 308}
  [Client 19] Received edge weights.
[C19] Test set: samples=600, class_dist={0: 286, 9: 314}
  [Client 13] Received edge weights.
[C13] Test set: samples=600, class_dist={0: 311, 8: 289}
  [Client 17] Received edge weights.
[C17] Test set: samples=600, class_dist={1: 289, 9: 311}
  [Client 12] Received edge weights.
[C12] Test set: samples=600, class_dist={1: 308, 8: 292}
  [Client 14] Received edge weights.
[C14] Test set: samples=600, class_dist={0: 307, 9: 293}
  [Client 15] Received edge weights.
[C15] Test set: samples=600, class_dist={0: 305, 8: 295}
  [Client 11] Received edge weights.
[C11] Test set: samples=600, class_dist={0: 300, 1: 300}
  [Client 16] Received edge weights.
[C16] Test set: samples=600, class_dist={1: 291, 8: 309}
  [Client 18] Received edge weights.
[C18] Test set: samples=600, class_dist={1: 314, 9: 286}
  [Client 10] Starting Hier-pFedMe | λ2=35.0, η2=0.02, inner_steps=1, epochs=1, batches/epoch=113
  [Client 19] Starting Hier-pFedMe | λ2=35.0, η2=0.02, inner_steps=1, epochs=1, batches/epoch=113
  [Client 13] Starting Hier-pFedMe | λ2=35.0, η2=0.02, inner_steps=1, epochs=1, batches/epoch=113
  [Client 17] Starting Hier-pFedMe | λ2=35.0, η2=0.02, inner_steps=1, epochs=1, batches/epoch=113
  [Client 10] Round 1 | Hier-pFedMe(λ2=35.0, K=1) | loss=0.7108
  [Client 19] Round 1 | Hier-pFedMe(λ2=35.0, K=1) | loss=0.6561  [Client 12] Starting Hier-pFedMe | λ2=35.0, η2=0.02, inner_steps=1, epochs=1, batches/epoch=113

  [Client 14] Starting Hier-pFedMe | λ2=35.0, η2=0.02, inner_steps=1, epochs=1, batches/epoch=113
  [Client 13] Round 1 | Hier-pFedMe(λ2=35.0, K=1) | loss=0.7875
  [Client 15] Starting Hier-pFedMe | λ2=35.0, η2=0.02, inner_steps=1, epochs=1, batches/epoch=113
  [Client 17] Round 1 | Hier-pFedMe(λ2=35.0, K=1) | loss=0.8078
  [Client 11] Starting Hier-pFedMe | λ2=35.0, η2=0.02, inner_steps=1, epochs=1, batches/epoch=113
  [Client 14] Round 1 | Hier-pFedMe(λ2=35.0, K=1) | loss=0.6701
  [Client 16] Starting Hier-pFedMe | λ2=35.0, η2=0.02, inner_steps=1, epochs=1, batches/epoch=113
  [Client 12] Round 1 | Hier-pFedMe(λ2=35.0, K=1) | loss=0.7147
  [Client 18] Starting Hier-pFedMe | λ2=35.0, η2=0.02, inner_steps=1, epochs=1, batches/epoch=113
  [Client 15] Round 1 | Hier-pFedMe(λ2=35.0, K=1) | loss=0.7636
  [Client 11] Round 1 | Hier-pFedMe(λ2=35.0, K=1) | loss=0.6929
  [Client 16] Round 1 | Hier-pFedMe(λ2=35.0, K=1) | loss=0.7500
  [Client 18] Round 1 | Hier-pFedMe(λ2=35.0, K=1) | loss=0.7765
  [Edge 1] G1 | E1 | loss=0.7330
  [Edge 1] G1 | E2 | Hier-pFedMe | Selected 10/10
  [Client 11] Received edge weights.
[C11] Test set: samples=600, class_dist={0: 300, 1: 300}
  [Client 15] Received edge weights.
[C15] Test set: samples=600, class_dist={0: 305, 8: 295}
  [Client 19] Received edge weights.
[C19] Test set: samples=600, class_dist={0: 286, 9: 314}
  [Client 16] Received edge weights.
[C16] Test set: samples=600, class_dist={1: 291, 8: 309}
  [Client 18] Received edge weights.
[C18] Test set: samples=600, class_dist={1: 314, 9: 286}
  [Client 14] Received edge weights.
[C14] Test set: samples=600, class_dist={0: 307, 9: 293}
  [Client 17] Received edge weights.
[C17] Test set: samples=600, class_dist={1: 289, 9: 311}
  [Client 12] Received edge weights.
[C12] Test set: samples=600, class_dist={1: 308, 8: 292}
  [Client 13] Received edge weights.
[C13] Test set: samples=600, class_dist={0: 311, 8: 289}
  [Client 10] Received edge weights.
[C10] Test set: samples=600, class_dist={8: 292, 9: 308}
  [Client 11] Starting Hier-pFedMe | λ2=35.0, η2=0.02, inner_steps=1, epochs=1, batches/epoch=113  [Client 19] Starting Hier-pFedMe | λ2=35.0, η2=0.02, inner_steps=1, epochs=1, batches/epoch=113
  [Client 15] Starting Hier-pFedMe | λ2=35.0, η2=0.02, inner_steps=1, epochs=1, batches/epoch=113

  [Client 16] Starting Hier-pFedMe | λ2=35.0, η2=0.02, inner_steps=1, epochs=1, batches/epoch=113
  [Client 16] Round 1 | Hier-pFedMe(λ2=35.0, K=1) | loss=0.6728
  [Client 18] Starting Hier-pFedMe | λ2=35.0, η2=0.02, inner_steps=1, epochs=1, batches/epoch=113
  [Client 11] Round 1 | Hier-pFedMe(λ2=35.0, K=1) | loss=0.6079
  [Client 14] Starting Hier-pFedMe | λ2=35.0, η2=0.02, inner_steps=1, epochs=1, batches/epoch=113
  [Client 15] Round 1 | Hier-pFedMe(λ2=35.0, K=1) | loss=0.7202
  [Client 17] Starting Hier-pFedMe | λ2=35.0, η2=0.02, inner_steps=1, epochs=1, batches/epoch=113
  [Client 19] Round 1 | Hier-pFedMe(λ2=35.0, K=1) | loss=0.5961
  [Client 12] Starting Hier-pFedMe | λ2=35.0, η2=0.02, inner_steps=1, epochs=1, batches/epoch=113
  [Client 18] Round 1 | Hier-pFedMe(λ2=35.0, K=1) | loss=0.7479
  [Client 13] Starting Hier-pFedMe | λ2=35.0, η2=0.02, inner_steps=1, epochs=1, batches/epoch=113
  [Client 14] Round 1 | Hier-pFedMe(λ2=35.0, K=1) | loss=0.5901
  [Client 10] Starting Hier-pFedMe | λ2=35.0, η2=0.02, inner_steps=1, epochs=1, batches/epoch=113
  [Client 12] Round 1 | Hier-pFedMe(λ2=35.0, K=1) | loss=0.6415
  [Client 17] Round 1 | Hier-pFedMe(λ2=35.0, K=1) | loss=0.7404
  [Client 13] Round 1 | Hier-pFedMe(λ2=35.0, K=1) | loss=0.7330
  [Client 10] Round 1 | Hier-pFedMe(λ2=35.0, K=1) | loss=0.6484
  [Edge 1] G1 | E2 | loss=0.6698
  [Edge 1] G1 | E3 | Hier-pFedMe | Selected 10/10
  [Client 10] Received edge weights.
[C10] Test set: samples=600, class_dist={8: 292, 9: 308}
  [Client 14] Received edge weights.
[C14] Test set: samples=600, class_dist={0: 307, 9: 293}
  [Client 15] Received edge weights.
[C15] Test set: samples=600, class_dist={0: 305, 8: 295}
  [Client 12] Received edge weights.
[C12] Test set: samples=600, class_dist={1: 308, 8: 292}
  [Client 18] Received edge weights.
[C18] Test set: samples=600, class_dist={1: 314, 9: 286}
  [Client 11] Received edge weights.
[C11] Test set: samples=600, class_dist={0: 300, 1: 300}
  [Client 16] Received edge weights.
[C16] Test set: samples=600, class_dist={1: 291, 8: 309}
  [Client 13] Received edge weights.
[C13] Test set: samples=600, class_dist={0: 311, 8: 289}
  [Client 17] Received edge weights.
[C17] Test set: samples=600, class_dist={1: 289, 9: 311}
  [Client 19] Received edge weights.
[C19] Test set: samples=600, class_dist={0: 286, 9: 314}
  [Client 15] Starting Hier-pFedMe | λ2=35.0, η2=0.02, inner_steps=1, epochs=1, batches/epoch=113
  [Client 10] Starting Hier-pFedMe | λ2=35.0, η2=0.02, inner_steps=1, epochs=1, batches/epoch=113
  [Client 14] Starting Hier-pFedMe | λ2=35.0, η2=0.02, inner_steps=1, epochs=1, batches/epoch=113
  [Client 12] Starting Hier-pFedMe | λ2=35.0, η2=0.02, inner_steps=1, epochs=1, batches/epoch=113
  [Client 14] Round 1 | Hier-pFedMe(λ2=35.0, K=1) | loss=0.5553
  [Client 10] Round 1 | Hier-pFedMe(λ2=35.0, K=1) | loss=0.6259
  [Client 18] Starting Hier-pFedMe | λ2=35.0, η2=0.02, inner_steps=1, epochs=1, batches/epoch=113  [Client 11] Starting Hier-pFedMe | λ2=35.0, η2=0.02, inner_steps=1, epochs=1, batches/epoch=113

  [Client 15] Round 1 | Hier-pFedMe(λ2=35.0, K=1) | loss=0.6862
  [Client 12] Round 1 | Hier-pFedMe(λ2=35.0, K=1) | loss=0.6209
  [Client 13] Starting Hier-pFedMe | λ2=35.0, η2=0.02, inner_steps=1, epochs=1, batches/epoch=113
  [Client 16] Starting Hier-pFedMe | λ2=35.0, η2=0.02, inner_steps=1, epochs=1, batches/epoch=113
  [Client 11] Round 1 | Hier-pFedMe(λ2=35.0, K=1) | loss=0.5857  [Client 18] Round 1 | Hier-pFedMe(λ2=35.0, K=1) | loss=0.7314

  [Client 19] Starting Hier-pFedMe | λ2=35.0, η2=0.02, inner_steps=1, epochs=1, batches/epoch=113
  [Client 17] Starting Hier-pFedMe | λ2=35.0, η2=0.02, inner_steps=1, epochs=1, batches/epoch=113
  [Client 13] Round 1 | Hier-pFedMe(λ2=35.0, K=1) | loss=0.7219
  [Client 16] Round 1 | Hier-pFedMe(λ2=35.0, K=1) | loss=0.6382
  [Client 19] Round 1 | Hier-pFedMe(λ2=35.0, K=1) | loss=0.5625
  [Client 17] Round 1 | Hier-pFedMe(λ2=35.0, K=1) | loss=0.7250
  [Edge 1] G1 | E3 | loss=0.6453
  [Edge 1] G1 | E4 | Hier-pFedMe | Selected 10/10
  [Client 12] Received edge weights.
[C12] Test set: samples=600, class_dist={1: 308, 8: 292}
  [Client 18] Received edge weights.
[C18] Test set: samples=600, class_dist={1: 314, 9: 286}
  [Client 14] Received edge weights.
[C14] Test set: samples=600, class_dist={0: 307, 9: 293}
  [Client 15] Received edge weights.
[C15] Test set: samples=600, class_dist={0: 305, 8: 295}
  [Client 10] Received edge weights.
[C10] Test set: samples=600, class_dist={8: 292, 9: 308}
  [Client 13] Received edge weights.
[C13] Test set: samples=600, class_dist={0: 311, 8: 289}
  [Client 11] Received edge weights.
[C11] Test set: samples=600, class_dist={0: 300, 1: 300}
  [Client 16] Received edge weights.
[C16] Test set: samples=600, class_dist={1: 291, 8: 309}
  [Client 19] Received edge weights.
[C19] Test set: samples=600, class_dist={0: 286, 9: 314}
  [Client 17] Received edge weights.
[C17] Test set: samples=600, class_dist={1: 289, 9: 311}
  [Client 18] Starting Hier-pFedMe | λ2=35.0, η2=0.02, inner_steps=1, epochs=1, batches/epoch=113  [Client 12] Starting Hier-pFedMe | λ2=35.0, η2=0.02, inner_steps=1, epochs=1, batches/epoch=113

  [Client 14] Starting Hier-pFedMe | λ2=35.0, η2=0.02, inner_steps=1, epochs=1, batches/epoch=113  [Client 15] Starting Hier-pFedMe | λ2=35.0, η2=0.02, inner_steps=1, epochs=1, batches/epoch=113

  [Client 18] Round 1 | Hier-pFedMe(λ2=35.0, K=1) | loss=0.7137
  [Client 10] Starting Hier-pFedMe | λ2=35.0, η2=0.02, inner_steps=1, epochs=1, batches/epoch=113
  [Client 14] Round 1 | Hier-pFedMe(λ2=35.0, K=1) | loss=0.5482
  [Client 13] Starting Hier-pFedMe | λ2=35.0, η2=0.02, inner_steps=1, epochs=1, batches/epoch=113
  [Client 15] Round 1 | Hier-pFedMe(λ2=35.0, K=1) | loss=0.6850
  [Client 12] Round 1 | Hier-pFedMe(λ2=35.0, K=1) | loss=0.5802  [Client 11] Starting Hier-pFedMe | λ2=35.0, η2=0.02, inner_steps=1, epochs=1, batches/epoch=113

  [Client 16] Starting Hier-pFedMe | λ2=35.0, η2=0.02, inner_steps=1, epochs=1, batches/epoch=113
  [Client 10] Round 1 | Hier-pFedMe(λ2=35.0, K=1) | loss=0.6151
  [Client 19] Starting Hier-pFedMe | λ2=35.0, η2=0.02, inner_steps=1, epochs=1, batches/epoch=113
  [Client 13] Round 1 | Hier-pFedMe(λ2=35.0, K=1) | loss=0.7029
  [Client 17] Starting Hier-pFedMe | λ2=35.0, η2=0.02, inner_steps=1, epochs=1, batches/epoch=113
  [Client 11] Round 1 | Hier-pFedMe(λ2=35.0, K=1) | loss=0.5753
  [Client 16] Round 1 | Hier-pFedMe(λ2=35.0, K=1) | loss=0.6059
  [Client 19] Round 1 | Hier-pFedMe(λ2=35.0, K=1) | loss=0.5437
  [Client 17] Round 1 | Hier-pFedMe(λ2=35.0, K=1) | loss=0.7137
  [Edge 1] G1 | E4 | loss=0.6284
  [Edge 1] G1 | E5 | Hier-pFedMe | Selected 10/10
  [Client 13] Received edge weights.
[C13] Test set: samples=600, class_dist={0: 311, 8: 289}
  [Client 16] Received edge weights.
[C16] Test set: samples=600, class_dist={1: 291, 8: 309}
  [Client 18] Received edge weights.
[C18] Test set: samples=600, class_dist={1: 314, 9: 286}
  [Client 19] Received edge weights.
[C19] Test set: samples=600, class_dist={0: 286, 9: 314}
  [Client 17] Received edge weights.
[C17] Test set: samples=600, class_dist={1: 289, 9: 311}
  [Client 15] Received edge weights.
[C15] Test set: samples=600, class_dist={0: 305, 8: 295}
  [Client 12] Received edge weights.
[C12] Test set: samples=600, class_dist={1: 308, 8: 292}
  [Client 14] Received edge weights.
[C14] Test set: samples=600, class_dist={0: 307, 9: 293}
  [Client 11] Received edge weights.
[C11] Test set: samples=600, class_dist={0: 300, 1: 300}
  [Client 10] Received edge weights.
[C10] Test set: samples=600, class_dist={8: 292, 9: 308}
  [Client 13] Starting Hier-pFedMe | λ2=35.0, η2=0.02, inner_steps=1, epochs=1, batches/epoch=113
  [Client 16] Starting Hier-pFedMe | λ2=35.0, η2=0.02, inner_steps=1, epochs=1, batches/epoch=113
  [Client 18] Starting Hier-pFedMe | λ2=35.0, η2=0.02, inner_steps=1, epochs=1, batches/epoch=113
  [Client 19] Starting Hier-pFedMe | λ2=35.0, η2=0.02, inner_steps=1, epochs=1, batches/epoch=113
  [Client 13] Round 1 | Hier-pFedMe(λ2=35.0, K=1) | loss=0.6850
  [Client 17] Starting Hier-pFedMe | λ2=35.0, η2=0.02, inner_steps=1, epochs=1, batches/epoch=113
  [Client 18] Round 1 | Hier-pFedMe(λ2=35.0, K=1) | loss=0.6978
  [Client 15] Starting Hier-pFedMe | λ2=35.0, η2=0.02, inner_steps=1, epochs=1, batches/epoch=113
  [Client 19] Round 1 | Hier-pFedMe(λ2=35.0, K=1) | loss=0.5261
  [Client 12] Starting Hier-pFedMe | λ2=35.0, η2=0.02, inner_steps=1, epochs=1, batches/epoch=113
  [Client 16] Round 1 | Hier-pFedMe(λ2=35.0, K=1) | loss=0.5683
  [Client 14] Starting Hier-pFedMe | λ2=35.0, η2=0.02, inner_steps=1, epochs=1, batches/epoch=113
  [Client 17] Round 1 | Hier-pFedMe(λ2=35.0, K=1) | loss=0.6929
  [Client 11] Starting Hier-pFedMe | λ2=35.0, η2=0.02, inner_steps=1, epochs=1, batches/epoch=113
  [Client 12] Round 1 | Hier-pFedMe(λ2=35.0, K=1) | loss=0.5360
  [Client 10] Starting Hier-pFedMe | λ2=35.0, η2=0.02, inner_steps=1, epochs=1, batches/epoch=113
  [Client 14] Round 1 | Hier-pFedMe(λ2=35.0, K=1) | loss=0.5372
  [Client 15] Round 1 | Hier-pFedMe(λ2=35.0, K=1) | loss=0.6602
  [Client 11] Round 1 | Hier-pFedMe(λ2=35.0, K=1) | loss=0.5447
  [Client 10] Round 1 | Hier-pFedMe(λ2=35.0, K=1) | loss=0.5677
  [Edge 1] G1 | E5 | loss=0.6016
[C0] n=1000 | classes=[3, 6] | acc=0.7610 | per_class={3: '0.83', 6: '0.69'}
[C1] n=1000 | classes=[3, 6] | acc=0.7510 | per_class={3: '0.60', 6: '0.91'}
[C2] n=1000 | classes=[2, 5] | acc=0.7480 | per_class={2: '0.87', 5: '0.62'}
[C3] n=1000 | classes=[5, 7] | acc=0.7560 | per_class={5: '0.84', 7: '0.67'}
[C4] n=1000 | classes=[2, 7] | acc=0.7920 | per_class={2: '0.71', 7: '0.87'}
[C5] n=1000 | classes=[2, 4] | acc=0.6010 | per_class={2: '0.35', 4: '0.87'}
[C6] n=1000 | classes=[6, 7] | acc=0.8760 | per_class={6: '0.89', 7: '0.86'}
[C7] n=1000 | classes=[3, 5] | acc=0.6540 | per_class={3: '0.53', 5: '0.77'}
[C8] n=500 | classes=[4] | acc=1.0000 | per_class={4: '1.00'}
[C9] n=500 | classes=[4] | acc=1.0000 | per_class={4: '1.00'}
[C10] n=600 | classes=[8, 9] | acc=0.7683 | per_class={8: '0.89', 9: '0.65'}
[C11] n=600 | classes=[0, 1] | acc=0.8133 | per_class={0: '0.77', 1: '0.85'}
[C12] n=600 | classes=[1, 8] | acc=0.6983 | per_class={1: '0.44', 8: '0.98'}
[C13] n=600 | classes=[0, 8] | acc=0.7233 | per_class={0: '0.68', 8: '0.76'}
[C14] n=600 | classes=[0, 9] | acc=0.8400 | per_class={0: '0.82', 9: '0.86'}
[C15] n=600 | classes=[0, 8] | acc=0.7200 | per_class={0: '0.73', 8: '0.71'}
[C16] n=600 | classes=[1, 8] | acc=0.7867 | per_class={1: '0.97', 8: '0.62'}
[C17] n=600 | classes=[1, 9] | acc=0.6933 | per_class={1: '0.67', 9: '0.71'}
[C18] n=600 | classes=[1, 9] | acc=0.6917 | per_class={1: '0.75', 9: '0.63'}
[C19] n=600 | classes=[0, 9] | acc=0.8117 | per_class={0: '0.70', 9: '0.92'}
  [Cloud] GM=0.2013 | EM=0.4729 PM=0.7645 | loss=2.1630 | time=68.1s | comm=683.7MB (total=684MB)

[Round   2] Broadcasting to 2 edges...
  [Edge 0] W_n reset to global weights for new round.
  [Edge 1] W_n reset to global weights for new round.
  [Edge 0] G2 | E1 | Hier-pFedMe | Selected 10/10
  [Client  9] Received edge weights.
[C9] Test set: samples=500, class_dist={4: 500}
  [Client  2] Received edge weights.
[C2] Test set: samples=1000, class_dist={2: 507, 5: 493}
  [Client  6] Received edge weights.
[C6] Test set: samples=1000, class_dist={6: 493, 7: 507}
  [Client  8] Received edge weights.
[C8] Test set: samples=500, class_dist={4: 500}
  [Client  5] Received edge weights.
[C5] Test set: samples=1000, class_dist={2: 510, 4: 490}
  [Client  1] Received edge weights.
[C1] Test set: samples=1000, class_dist={3: 515, 6: 485}
  [Client  4] Received edge weights.
[C4] Test set: samples=1000, class_dist={2: 507, 7: 493}
  [Client  0] Received edge weights.
[C0] Test set: samples=1000, class_dist={3: 511, 6: 489}
  [Client  7] Received edge weights.
[C7] Test set: samples=1000, class_dist={3: 485, 5: 515}
  [Client  3] Received edge weights.
[C3] Test set: samples=1000, class_dist={5: 506, 7: 494}
  [Client  9] Starting Hier-pFedMe | λ2=35.0, η2=0.02, inner_steps=1, epochs=1, batches/epoch=94  [Client  6] Starting Hier-pFedMe | λ2=35.0, η2=0.02, inner_steps=1, epochs=1, batches/epoch=188

  [Client  2] Starting Hier-pFedMe | λ2=35.0, η2=0.02, inner_steps=1, epochs=1, batches/epoch=188
  [Client  8] Starting Hier-pFedMe | λ2=35.0, η2=0.02, inner_steps=1, epochs=1, batches/epoch=94
  [Client  8] Round 2 | Hier-pFedMe(λ2=35.0, K=1) | loss=0.0501
  [Client  5] Starting Hier-pFedMe | λ2=35.0, η2=0.02, inner_steps=1, epochs=1, batches/epoch=188
  [Client  9] Round 2 | Hier-pFedMe(λ2=35.0, K=1) | loss=0.0498
  [Client  1] Starting Hier-pFedMe | λ2=35.0, η2=0.02, inner_steps=1, epochs=1, batches/epoch=188
  [Client  6] Round 2 | Hier-pFedMe(λ2=35.0, K=1) | loss=0.5314
  [Client  4] Starting Hier-pFedMe | λ2=35.0, η2=0.02, inner_steps=1, epochs=1, batches/epoch=188
  [Client  2] Round 2 | Hier-pFedMe(λ2=35.0, K=1) | loss=0.6560
  [Client  0] Starting Hier-pFedMe | λ2=35.0, η2=0.02, inner_steps=1, epochs=1, batches/epoch=188
  [Client  5] Round 2 | Hier-pFedMe(λ2=35.0, K=1) | loss=0.7666
  [Client  7] Starting Hier-pFedMe | λ2=35.0, η2=0.02, inner_steps=1, epochs=1, batches/epoch=188
  [Client  1] Round 2 | Hier-pFedMe(λ2=35.0, K=1) | loss=0.6357
  [Client  3] Starting Hier-pFedMe | λ2=35.0, η2=0.02, inner_steps=1, epochs=1, batches/epoch=188
  [Client  4] Round 2 | Hier-pFedMe(λ2=35.0, K=1) | loss=0.6398
  [Client  0] Round 2 | Hier-pFedMe(λ2=35.0, K=1) | loss=0.6057
  [Client  7] Round 2 | Hier-pFedMe(λ2=35.0, K=1) | loss=0.7644
  [Client  3] Round 2 | Hier-pFedMe(λ2=35.0, K=1) | loss=0.6622
  [Edge 0] G2 | E1 | loss=0.5902
  [Edge 0] G2 | E2 | Hier-pFedMe | Selected 10/10
  [Client  1] Received edge weights.
[C1] Test set: samples=1000, class_dist={3: 515, 6: 485}
  [Client  5] Received edge weights.
[C5] Test set: samples=1000, class_dist={2: 510, 4: 490}
  [Client  6] Received edge weights.
[C6] Test set: samples=1000, class_dist={6: 493, 7: 507}
  [Client  8] Received edge weights.
[C8] Test set: samples=500, class_dist={4: 500}
  [Client  4] Received edge weights.
[C4] Test set: samples=1000, class_dist={2: 507, 7: 493}
  [Client  3] Received edge weights.
[C3] Test set: samples=1000, class_dist={5: 506, 7: 494}
  [Client  0] Received edge weights.
[C0] Test set: samples=1000, class_dist={3: 511, 6: 489}
  [Client  7] Received edge weights.
[C7] Test set: samples=1000, class_dist={3: 485, 5: 515}
  [Client  9] Received edge weights.
[C9] Test set: samples=500, class_dist={4: 500}
  [Client  2] Received edge weights.
[C2] Test set: samples=1000, class_dist={2: 507, 5: 493}
  [Client  1] Starting Hier-pFedMe | λ2=35.0, η2=0.02, inner_steps=1, epochs=1, batches/epoch=188
  [Client  5] Starting Hier-pFedMe | λ2=35.0, η2=0.02, inner_steps=1, epochs=1, batches/epoch=188
  [Client  6] Starting Hier-pFedMe | λ2=35.0, η2=0.02, inner_steps=1, epochs=1, batches/epoch=188
  [Client  8] Starting Hier-pFedMe | λ2=35.0, η2=0.02, inner_steps=1, epochs=1, batches/epoch=94
  [Client  8] Round 2 | Hier-pFedMe(λ2=35.0, K=1) | loss=0.0319
  [Client  4] Starting Hier-pFedMe | λ2=35.0, η2=0.02, inner_steps=1, epochs=1, batches/epoch=188
  [Client  1] Round 2 | Hier-pFedMe(λ2=35.0, K=1) | loss=0.5803
  [Client  3] Starting Hier-pFedMe | λ2=35.0, η2=0.02, inner_steps=1, epochs=1, batches/epoch=188
  [Client  5] Round 2 | Hier-pFedMe(λ2=35.0, K=1) | loss=0.7417
  [Client  0] Starting Hier-pFedMe | λ2=35.0, η2=0.02, inner_steps=1, epochs=1, batches/epoch=188
  [Client  6] Round 2 | Hier-pFedMe(λ2=35.0, K=1) | loss=0.4939
  [Client  7] Starting Hier-pFedMe | λ2=35.0, η2=0.02, inner_steps=1, epochs=1, batches/epoch=188
  [Client  4] Round 2 | Hier-pFedMe(λ2=35.0, K=1) | loss=0.6133
  [Client  9] Starting Hier-pFedMe | λ2=35.0, η2=0.02, inner_steps=1, epochs=1, batches/epoch=94
  [Client  0] Round 2 | Hier-pFedMe(λ2=35.0, K=1) | loss=0.5624
  [Client  2] Starting Hier-pFedMe | λ2=35.0, η2=0.02, inner_steps=1, epochs=1, batches/epoch=188
  [Client  3] Round 2 | Hier-pFedMe(λ2=35.0, K=1) | loss=0.6430
  [Client  7] Round 2 | Hier-pFedMe(λ2=35.0, K=1) | loss=0.7442
  [Client  9] Round 2 | Hier-pFedMe(λ2=35.0, K=1) | loss=0.0315
  [Client  2] Round 2 | Hier-pFedMe(λ2=35.0, K=1) | loss=0.6274
  [Edge 0] G2 | E2 | loss=0.5598
  [Edge 0] G2 | E3 | Hier-pFedMe | Selected 10/10
  [Client  6] Received edge weights.
[C6] Test set: samples=1000, class_dist={6: 493, 7: 507}
  [Client  8] Received edge weights.
[C8] Test set: samples=500, class_dist={4: 500}
  [Client  3] Received edge weights.
[C3] Test set: samples=1000, class_dist={5: 506, 7: 494}
  [Client  1] Received edge weights.
[C1] Test set: samples=1000, class_dist={3: 515, 6: 485}
  [Client  9] Received edge weights.
[C9] Test set: samples=500, class_dist={4: 500}
  [Client  0] Received edge weights.
[C0] Test set: samples=1000, class_dist={3: 511, 6: 489}
  [Client  5] Received edge weights.
[C5] Test set: samples=1000, class_dist={2: 510, 4: 490}
  [Client  4] Received edge weights.
[C4] Test set: samples=1000, class_dist={2: 507, 7: 493}
  [Client  7] Received edge weights.
[C7] Test set: samples=1000, class_dist={3: 485, 5: 515}
  [Client  2] Received edge weights.
[C2] Test set: samples=1000, class_dist={2: 507, 5: 493}
  [Client  6] Starting Hier-pFedMe | λ2=35.0, η2=0.02, inner_steps=1, epochs=1, batches/epoch=188
  [Client  3] Starting Hier-pFedMe | λ2=35.0, η2=0.02, inner_steps=1, epochs=1, batches/epoch=188
  [Client  8] Starting Hier-pFedMe | λ2=35.0, η2=0.02, inner_steps=1, epochs=1, batches/epoch=94
  [Client  1] Starting Hier-pFedMe | λ2=35.0, η2=0.02, inner_steps=1, epochs=1, batches/epoch=188
  [Client  8] Round 2 | Hier-pFedMe(λ2=35.0, K=1) | loss=0.0326
  [Client  9] Starting Hier-pFedMe | λ2=35.0, η2=0.02, inner_steps=1, epochs=1, batches/epoch=94
  [Client  6] Round 2 | Hier-pFedMe(λ2=35.0, K=1) | loss=0.4656
  [Client  0] Starting Hier-pFedMe | λ2=35.0, η2=0.02, inner_steps=1, epochs=1, batches/epoch=188
  [Client  3] Round 2 | Hier-pFedMe(λ2=35.0, K=1) | loss=0.6251
  [Client  5] Starting Hier-pFedMe | λ2=35.0, η2=0.02, inner_steps=1, epochs=1, batches/epoch=188
  [Client  1] Round 2 | Hier-pFedMe(λ2=35.0, K=1) | loss=0.5792
  [Client  4] Starting Hier-pFedMe | λ2=35.0, η2=0.02, inner_steps=1, epochs=1, batches/epoch=188
  [Client  9] Round 2 | Hier-pFedMe(λ2=35.0, K=1) | loss=0.0308
  [Client  7] Starting Hier-pFedMe | λ2=35.0, η2=0.02, inner_steps=1, epochs=1, batches/epoch=188
  [Client  5] Round 2 | Hier-pFedMe(λ2=35.0, K=1) | loss=0.7259
  [Client  2] Starting Hier-pFedMe | λ2=35.0, η2=0.02, inner_steps=1, epochs=1, batches/epoch=188
  [Client  0] Round 2 | Hier-pFedMe(λ2=35.0, K=1) | loss=0.5496
  [Client  4] Round 2 | Hier-pFedMe(λ2=35.0, K=1) | loss=0.5875
  [Client  7] Round 2 | Hier-pFedMe(λ2=35.0, K=1) | loss=0.7420
  [Client  2] Round 2 | Hier-pFedMe(λ2=35.0, K=1) | loss=0.6267
  [Edge 0] G2 | E3 | loss=0.5482
  [Edge 0] G2 | E4 | Hier-pFedMe | Selected 10/10
  [Client  5] Received edge weights.
[C5] Test set: samples=1000, class_dist={2: 510, 4: 490}
  [Client  1] Received edge weights.
[C1] Test set: samples=1000, class_dist={3: 515, 6: 485}
  [Client  6] Received edge weights.
[C6] Test set: samples=1000, class_dist={6: 493, 7: 507}
  [Client  2] Received edge weights.
[C2] Test set: samples=1000, class_dist={2: 507, 5: 493}
  [Client  8] Received edge weights.
[C8] Test set: samples=500, class_dist={4: 500}
  [Client  0] Received edge weights.
[C0] Test set: samples=1000, class_dist={3: 511, 6: 489}
  [Client  7] Received edge weights.
[C7] Test set: samples=1000, class_dist={3: 485, 5: 515}
  [Client  4] Received edge weights.
[C4] Test set: samples=1000, class_dist={2: 507, 7: 493}
  [Client  3] Received edge weights.
[C3] Test set: samples=1000, class_dist={5: 506, 7: 494}
  [Client  9] Received edge weights.
[C9] Test set: samples=500, class_dist={4: 500}
  [Client  1] Starting Hier-pFedMe | λ2=35.0, η2=0.02, inner_steps=1, epochs=1, batches/epoch=188
  [Client  2] Starting Hier-pFedMe | λ2=35.0, η2=0.02, inner_steps=1, epochs=1, batches/epoch=188
  [Client  5] Starting Hier-pFedMe | λ2=35.0, η2=0.02, inner_steps=1, epochs=1, batches/epoch=188
  [Client  6] Starting Hier-pFedMe | λ2=35.0, η2=0.02, inner_steps=1, epochs=1, batches/epoch=188
  [Client  2] Round 2 | Hier-pFedMe(λ2=35.0, K=1) | loss=0.6062
  [Client  8] Starting Hier-pFedMe | λ2=35.0, η2=0.02, inner_steps=1, epochs=1, batches/epoch=94
  [Client  5] Round 2 | Hier-pFedMe(λ2=35.0, K=1) | loss=0.7370
  [Client  0] Starting Hier-pFedMe | λ2=35.0, η2=0.02, inner_steps=1, epochs=1, batches/epoch=188
  [Client  6] Round 2 | Hier-pFedMe(λ2=35.0, K=1) | loss=0.4501
  [Client  1] Round 2 | Hier-pFedMe(λ2=35.0, K=1) | loss=0.5697
  [Client  7] Starting Hier-pFedMe | λ2=35.0, η2=0.02, inner_steps=1, epochs=1, batches/epoch=188
  [Client  4] Starting Hier-pFedMe | λ2=35.0, η2=0.02, inner_steps=1, epochs=1, batches/epoch=188
  [Client  8] Round 2 | Hier-pFedMe(λ2=35.0, K=1) | loss=0.0295
  [Client  3] Starting Hier-pFedMe | λ2=35.0, η2=0.02, inner_steps=1, epochs=1, batches/epoch=188
  [Client  7] Round 2 | Hier-pFedMe(λ2=35.0, K=1) | loss=0.7338
  [Client  9] Starting Hier-pFedMe | λ2=35.0, η2=0.02, inner_steps=1, epochs=1, batches/epoch=94
  [Client  4] Round 2 | Hier-pFedMe(λ2=35.0, K=1) | loss=0.5780
  [Client  0] Round 2 | Hier-pFedMe(λ2=35.0, K=1) | loss=0.5436
  [Client  3] Round 2 | Hier-pFedMe(λ2=35.0, K=1) | loss=0.5995
  [Client  9] Round 2 | Hier-pFedMe(λ2=35.0, K=1) | loss=0.0299
  [Edge 0] G2 | E4 | loss=0.5386
  [Edge 0] G2 | E5 | Hier-pFedMe | Selected 10/10
  [Client  6] Received edge weights.
[C6] Test set: samples=1000, class_dist={6: 493, 7: 507}
  [Client  2] Received edge weights.
[C2] Test set: samples=1000, class_dist={2: 507, 5: 493}
  [Client  5] Received edge weights.
[C5] Test set: samples=1000, class_dist={2: 510, 4: 490}
  [Client  1] Received edge weights.
[C1] Test set: samples=1000, class_dist={3: 515, 6: 485}
  [Client  8] Received edge weights.
[C8] Test set: samples=500, class_dist={4: 500}
  [Client  9] Received edge weights.
[C9] Test set: samples=500, class_dist={4: 500}
  [Client  3] Received edge weights.
[C3] Test set: samples=1000, class_dist={5: 506, 7: 494}
  [Client  7] Received edge weights.
[C7] Test set: samples=1000, class_dist={3: 485, 5: 515}
  [Client  4] Received edge weights.
[C4] Test set: samples=1000, class_dist={2: 507, 7: 493}
  [Client  0] Received edge weights.
[C0] Test set: samples=1000, class_dist={3: 511, 6: 489}
  [Client  6] Starting Hier-pFedMe | λ2=35.0, η2=0.02, inner_steps=1, epochs=1, batches/epoch=188
  [Client  5] Starting Hier-pFedMe | λ2=35.0, η2=0.02, inner_steps=1, epochs=1, batches/epoch=188
  [Client  1] Starting Hier-pFedMe | λ2=35.0, η2=0.02, inner_steps=1, epochs=1, batches/epoch=188
  [Client  2] Starting Hier-pFedMe | λ2=35.0, η2=0.02, inner_steps=1, epochs=1, batches/epoch=188
  [Client  6] Round 2 | Hier-pFedMe(λ2=35.0, K=1) | loss=0.4579
  [Client  1] Round 2 | Hier-pFedMe(λ2=35.0, K=1) | loss=0.5506
  [Client  8] Starting Hier-pFedMe | λ2=35.0, η2=0.02, inner_steps=1, epochs=1, batches/epoch=94
  [Client  9] Starting Hier-pFedMe | λ2=35.0, η2=0.02, inner_steps=1, epochs=1, batches/epoch=94
  [Client  5] Round 2 | Hier-pFedMe(λ2=35.0, K=1) | loss=0.7155
  [Client  3] Starting Hier-pFedMe | λ2=35.0, η2=0.02, inner_steps=1, epochs=1, batches/epoch=188
  [Client  2] Round 2 | Hier-pFedMe(λ2=35.0, K=1) | loss=0.6034
  [Client  7] Starting Hier-pFedMe | λ2=35.0, η2=0.02, inner_steps=1, epochs=1, batches/epoch=188
  [Client  9] Round 2 | Hier-pFedMe(λ2=35.0, K=1) | loss=0.0281
  [Client  4] Starting Hier-pFedMe | λ2=35.0, η2=0.02, inner_steps=1, epochs=1, batches/epoch=188
  [Client  8] Round 2 | Hier-pFedMe(λ2=35.0, K=1) | loss=0.0296
  [Client  0] Starting Hier-pFedMe | λ2=35.0, η2=0.02, inner_steps=1, epochs=1, batches/epoch=188
  [Client  3] Round 2 | Hier-pFedMe(λ2=35.0, K=1) | loss=0.6089
  [Client  7] Round 2 | Hier-pFedMe(λ2=35.0, K=1) | loss=0.7388
  [Client  0] Round 2 | Hier-pFedMe(λ2=35.0, K=1) | loss=0.5319
  [Client  4] Round 2 | Hier-pFedMe(λ2=35.0, K=1) | loss=0.5616
  [Edge 0] G2 | E5 | loss=0.5331
  [Edge 1] G2 | E1 | Hier-pFedMe | Selected 10/10
  [Client 14] Received edge weights.
[C14] Test set: samples=600, class_dist={0: 307, 9: 293}
  [Client 16] Received edge weights.
[C16] Test set: samples=600, class_dist={1: 291, 8: 309}
  [Client 17] Received edge weights.
[C17] Test set: samples=600, class_dist={1: 289, 9: 311}
  [Client 11] Received edge weights.
[C11] Test set: samples=600, class_dist={0: 300, 1: 300}
  [Client 13] Received edge weights.
[C13] Test set: samples=600, class_dist={0: 311, 8: 289}
  [Client 19] Received edge weights.
[C19] Test set: samples=600, class_dist={0: 286, 9: 314}
  [Client 12] Received edge weights.
[C12] Test set: samples=600, class_dist={1: 308, 8: 292}
  [Client 10] Received edge weights.
[C10] Test set: samples=600, class_dist={8: 292, 9: 308}
  [Client 15] Received edge weights.
[C15] Test set: samples=600, class_dist={0: 305, 8: 295}
  [Client 18] Received edge weights.
[C18] Test set: samples=600, class_dist={1: 314, 9: 286}
  [Client 17] Starting Hier-pFedMe | λ2=35.0, η2=0.02, inner_steps=1, epochs=1, batches/epoch=113
  [Client 14] Starting Hier-pFedMe | λ2=35.0, η2=0.02, inner_steps=1, epochs=1, batches/epoch=113
  [Client 16] Starting Hier-pFedMe | λ2=35.0, η2=0.02, inner_steps=1, epochs=1, batches/epoch=113
  [Client 11] Starting Hier-pFedMe | λ2=35.0, η2=0.02, inner_steps=1, epochs=1, batches/epoch=113
  [Client 14] Round 2 | Hier-pFedMe(λ2=35.0, K=1) | loss=0.5855
  [Client 13] Starting Hier-pFedMe | λ2=35.0, η2=0.02, inner_steps=1, epochs=1, batches/epoch=113
  [Client 16] Round 2 | Hier-pFedMe(λ2=35.0, K=1) | loss=0.6465
  [Client 19] Starting Hier-pFedMe | λ2=35.0, η2=0.02, inner_steps=1, epochs=1, batches/epoch=113
  [Client 17] Round 2 | Hier-pFedMe(λ2=35.0, K=1) | loss=0.7461
  [Client 12] Starting Hier-pFedMe | λ2=35.0, η2=0.02, inner_steps=1, epochs=1, batches/epoch=113
  [Client 11] Round 2 | Hier-pFedMe(λ2=35.0, K=1) | loss=0.5954
  [Client 10] Starting Hier-pFedMe | λ2=35.0, η2=0.02, inner_steps=1, epochs=1, batches/epoch=113
  [Client 13] Round 2 | Hier-pFedMe(λ2=35.0, K=1) | loss=0.7460
  [Client 19] Round 2 | Hier-pFedMe(λ2=35.0, K=1) | loss=0.5799
  [Client 15] Starting Hier-pFedMe | λ2=35.0, η2=0.02, inner_steps=1, epochs=1, batches/epoch=113
  [Client 18] Starting Hier-pFedMe | λ2=35.0, η2=0.02, inner_steps=1, epochs=1, batches/epoch=113
  [Client 12] Round 2 | Hier-pFedMe(λ2=35.0, K=1) | loss=0.6203
  [Client 10] Round 2 | Hier-pFedMe(λ2=35.0, K=1) | loss=0.6348
  [Client 15] Round 2 | Hier-pFedMe(λ2=35.0, K=1) | loss=0.7209
  [Client 18] Round 2 | Hier-pFedMe(λ2=35.0, K=1) | loss=0.7358
  [Edge 1] G2 | E1 | loss=0.6611
  [Edge 1] G2 | E2 | Hier-pFedMe | Selected 10/10
  [Client 12] Received edge weights.
[C12] Test set: samples=600, class_dist={1: 308, 8: 292}
  [Client 11] Received edge weights.
[C11] Test set: samples=600, class_dist={0: 300, 1: 300}
  [Client 10] Received edge weights.
[C10] Test set: samples=600, class_dist={8: 292, 9: 308}
  [Client 13] Received edge weights.
[C13] Test set: samples=600, class_dist={0: 311, 8: 289}
  [Client 17] Received edge weights.
[C17] Test set: samples=600, class_dist={1: 289, 9: 311}
  [Client 19] Received edge weights.
[C19] Test set: samples=600, class_dist={0: 286, 9: 314}
  [Client 16] Received edge weights.
[C16] Test set: samples=600, class_dist={1: 291, 8: 309}
  [Client 18] Received edge weights.
[C18] Test set: samples=600, class_dist={1: 314, 9: 286}
  [Client 15] Received edge weights.
[C15] Test set: samples=600, class_dist={0: 305, 8: 295}
  [Client 14] Received edge weights.
[C14] Test set: samples=600, class_dist={0: 307, 9: 293}
  [Client 11] Starting Hier-pFedMe | λ2=35.0, η2=0.02, inner_steps=1, epochs=1, batches/epoch=113
  [Client 12] Starting Hier-pFedMe | λ2=35.0, η2=0.02, inner_steps=1, epochs=1, batches/epoch=113
  [Client 13] Starting Hier-pFedMe | λ2=35.0, η2=0.02, inner_steps=1, epochs=1, batches/epoch=113
  [Client 10] Starting Hier-pFedMe | λ2=35.0, η2=0.02, inner_steps=1, epochs=1, batches/epoch=113
  [Client 12] Round 2 | Hier-pFedMe(λ2=35.0, K=1) | loss=0.5677
  [Client 17] Starting Hier-pFedMe | λ2=35.0, η2=0.02, inner_steps=1, epochs=1, batches/epoch=113
  [Client 11] Round 2 | Hier-pFedMe(λ2=35.0, K=1) | loss=0.5328
  [Client 19] Starting Hier-pFedMe | λ2=35.0, η2=0.02, inner_steps=1, epochs=1, batches/epoch=113
  [Client 10] Round 2 | Hier-pFedMe(λ2=35.0, K=1) | loss=0.5544
  [Client 13] Round 2 | Hier-pFedMe(λ2=35.0, K=1) | loss=0.6985
  [Client 16] Starting Hier-pFedMe | λ2=35.0, η2=0.02, inner_steps=1, epochs=1, batches/epoch=113
  [Client 18] Starting Hier-pFedMe | λ2=35.0, η2=0.02, inner_steps=1, epochs=1, batches/epoch=113
  [Client 19] Round 2 | Hier-pFedMe(λ2=35.0, K=1) | loss=0.5408
  [Client 15] Starting Hier-pFedMe | λ2=35.0, η2=0.02, inner_steps=1, epochs=1, batches/epoch=113
  [Client 17] Round 2 | Hier-pFedMe(λ2=35.0, K=1) | loss=0.7154
  [Client 14] Starting Hier-pFedMe | λ2=35.0, η2=0.02, inner_steps=1, epochs=1, batches/epoch=113
  [Client 16] Round 2 | Hier-pFedMe(λ2=35.0, K=1) | loss=0.5966
  [Client 18] Round 2 | Hier-pFedMe(λ2=35.0, K=1) | loss=0.7064
  [Client 15] Round 2 | Hier-pFedMe(λ2=35.0, K=1) | loss=0.6731
  [Client 14] Round 2 | Hier-pFedMe(λ2=35.0, K=1) | loss=0.5342
  [Edge 1] G2 | E2 | loss=0.6120
  [Edge 1] G2 | E3 | Hier-pFedMe | Selected 10/10
  [Client 13] Received edge weights.
[C13] Test set: samples=600, class_dist={0: 311, 8: 289}
  [Client 10] Received edge weights.
[C10] Test set: samples=600, class_dist={8: 292, 9: 308}
  [Client 14] Received edge weights.
[C14] Test set: samples=600, class_dist={0: 307, 9: 293}
  [Client 12] Received edge weights.
[C12] Test set: samples=600, class_dist={1: 308, 8: 292}
  [Client 17] Received edge weights.
[C17] Test set: samples=600, class_dist={1: 289, 9: 311}
  [Client 18] Received edge weights.
[C18] Test set: samples=600, class_dist={1: 314, 9: 286}
  [Client 16] Received edge weights.
[C16] Test set: samples=600, class_dist={1: 291, 8: 309}
  [Client 19] Received edge weights.
[C19] Test set: samples=600, class_dist={0: 286, 9: 314}
  [Client 15] Received edge weights.
[C15] Test set: samples=600, class_dist={0: 305, 8: 295}
  [Client 11] Received edge weights.
[C11] Test set: samples=600, class_dist={0: 300, 1: 300}
  [Client 13] Starting Hier-pFedMe | λ2=35.0, η2=0.02, inner_steps=1, epochs=1, batches/epoch=113
  [Client 10] Starting Hier-pFedMe | λ2=35.0, η2=0.02, inner_steps=1, epochs=1, batches/epoch=113
  [Client 12] Starting Hier-pFedMe | λ2=35.0, η2=0.02, inner_steps=1, epochs=1, batches/epoch=113
  [Client 14] Starting Hier-pFedMe | λ2=35.0, η2=0.02, inner_steps=1, epochs=1, batches/epoch=113
  [Client 12] Round 2 | Hier-pFedMe(λ2=35.0, K=1) | loss=0.5459
  [Client 17] Starting Hier-pFedMe | λ2=35.0, η2=0.02, inner_steps=1, epochs=1, batches/epoch=113
  [Client 13] Round 2 | Hier-pFedMe(λ2=35.0, K=1) | loss=0.6759
  [Client 10] Round 2 | Hier-pFedMe(λ2=35.0, K=1) | loss=0.5699  [Client 18] Starting Hier-pFedMe | λ2=35.0, η2=0.02, inner_steps=1, epochs=1, batches/epoch=113

  [Client 16] Starting Hier-pFedMe | λ2=35.0, η2=0.02, inner_steps=1, epochs=1, batches/epoch=113
  [Client 14] Round 2 | Hier-pFedMe(λ2=35.0, K=1) | loss=0.5243
  [Client 19] Starting Hier-pFedMe | λ2=35.0, η2=0.02, inner_steps=1, epochs=1, batches/epoch=113
  [Client 17] Round 2 | Hier-pFedMe(λ2=35.0, K=1) | loss=0.6797
  [Client 15] Starting Hier-pFedMe | λ2=35.0, η2=0.02, inner_steps=1, epochs=1, batches/epoch=113
  [Client 16] Round 2 | Hier-pFedMe(λ2=35.0, K=1) | loss=0.5505
  [Client 11] Starting Hier-pFedMe | λ2=35.0, η2=0.02, inner_steps=1, epochs=1, batches/epoch=113
  [Client 18] Round 2 | Hier-pFedMe(λ2=35.0, K=1) | loss=0.6876
  [Client 19] Round 2 | Hier-pFedMe(λ2=35.0, K=1) | loss=0.5016
  [Client 15] Round 2 | Hier-pFedMe(λ2=35.0, K=1) | loss=0.6577
  [Client 11] Round 2 | Hier-pFedMe(λ2=35.0, K=1) | loss=0.5278
  [Edge 1] G2 | E3 | loss=0.5921
  [Edge 1] G2 | E4 | Hier-pFedMe | Selected 10/10
  [Client 11] Received edge weights.
[C11] Test set: samples=600, class_dist={0: 300, 1: 300}
  [Client 15] Received edge weights.
[C15] Test set: samples=600, class_dist={0: 305, 8: 295}
  [Client 14] Received edge weights.
[C14] Test set: samples=600, class_dist={0: 307, 9: 293}
  [Client 19] Received edge weights.
[C19] Test set: samples=600, class_dist={0: 286, 9: 314}
  [Client 12] Received edge weights.
[C12] Test set: samples=600, class_dist={1: 308, 8: 292}
  [Client 17] Received edge weights.
[C17] Test set: samples=600, class_dist={1: 289, 9: 311}
  [Client 10] Received edge weights.
[C10] Test set: samples=600, class_dist={8: 292, 9: 308}
  [Client 13] Received edge weights.
[C13] Test set: samples=600, class_dist={0: 311, 8: 289}
  [Client 16] Received edge weights.
[C16] Test set: samples=600, class_dist={1: 291, 8: 309}
  [Client 18] Received edge weights.
[C18] Test set: samples=600, class_dist={1: 314, 9: 286}
  [Client 19] Starting Hier-pFedMe | λ2=35.0, η2=0.02, inner_steps=1, epochs=1, batches/epoch=113
  [Client 11] Starting Hier-pFedMe | λ2=35.0, η2=0.02, inner_steps=1, epochs=1, batches/epoch=113  [Client 14] Starting Hier-pFedMe | λ2=35.0, η2=0.02, inner_steps=1, epochs=1, batches/epoch=113

  [Client 15] Starting Hier-pFedMe | λ2=35.0, η2=0.02, inner_steps=1, epochs=1, batches/epoch=113
  [Client 11] Round 2 | Hier-pFedMe(λ2=35.0, K=1) | loss=0.5109
  [Client 12] Starting Hier-pFedMe | λ2=35.0, η2=0.02, inner_steps=1, epochs=1, batches/epoch=113
  [Client 14] Round 2 | Hier-pFedMe(λ2=35.0, K=1) | loss=0.4935
  [Client 17] Starting Hier-pFedMe | λ2=35.0, η2=0.02, inner_steps=1, epochs=1, batches/epoch=113
  [Client 15] Round 2 | Hier-pFedMe(λ2=35.0, K=1) | loss=0.6426
  [Client 10] Starting Hier-pFedMe | λ2=35.0, η2=0.02, inner_steps=1, epochs=1, batches/epoch=113
  [Client 19] Round 2 | Hier-pFedMe(λ2=35.0, K=1) | loss=0.4844
  [Client 13] Starting Hier-pFedMe | λ2=35.0, η2=0.02, inner_steps=1, epochs=1, batches/epoch=113
  [Client 12] Round 2 | Hier-pFedMe(λ2=35.0, K=1) | loss=0.5314
  [Client 16] Starting Hier-pFedMe | λ2=35.0, η2=0.02, inner_steps=1, epochs=1, batches/epoch=113
  [Client 13] Round 2 | Hier-pFedMe(λ2=35.0, K=1) | loss=0.6690
  [Client 18] Starting Hier-pFedMe | λ2=35.0, η2=0.02, inner_steps=1, epochs=1, batches/epoch=113
  [Client 17] Round 2 | Hier-pFedMe(λ2=35.0, K=1) | loss=0.6618
  [Client 10] Round 2 | Hier-pFedMe(λ2=35.0, K=1) | loss=0.5461
  [Client 16] Round 2 | Hier-pFedMe(λ2=35.0, K=1) | loss=0.5238
  [Client 18] Round 2 | Hier-pFedMe(λ2=35.0, K=1) | loss=0.6807
  [Edge 1] G2 | E4 | loss=0.5744
  [Edge 1] G2 | E5 | Hier-pFedMe | Selected 10/10
  [Client 14] Received edge weights.
[C14] Test set: samples=600, class_dist={0: 307, 9: 293}
  [Client 18] Received edge weights.
[C18] Test set: samples=600, class_dist={1: 314, 9: 286}
  [Client 11] Received edge weights.
[C11] Test set: samples=600, class_dist={0: 300, 1: 300}
  [Client 13] Received edge weights.
[C13] Test set: samples=600, class_dist={0: 311, 8: 289}
  [Client 17] Received edge weights.
[C17] Test set: samples=600, class_dist={1: 289, 9: 311}
  [Client 16] Received edge weights.
[C16] Test set: samples=600, class_dist={1: 291, 8: 309}
  [Client 10] Received edge weights.
[C10] Test set: samples=600, class_dist={8: 292, 9: 308}
  [Client 15] Received edge weights.
[C15] Test set: samples=600, class_dist={0: 305, 8: 295}
  [Client 19] Received edge weights.
[C19] Test set: samples=600, class_dist={0: 286, 9: 314}
  [Client 12] Received edge weights.
[C12] Test set: samples=600, class_dist={1: 308, 8: 292}
  [Client 14] Starting Hier-pFedMe | λ2=35.0, η2=0.02, inner_steps=1, epochs=1, batches/epoch=113
  [Client 11] Starting Hier-pFedMe | λ2=35.0, η2=0.02, inner_steps=1, epochs=1, batches/epoch=113
  [Client 18] Starting Hier-pFedMe | λ2=35.0, η2=0.02, inner_steps=1, epochs=1, batches/epoch=113
  [Client 13] Starting Hier-pFedMe | λ2=35.0, η2=0.02, inner_steps=1, epochs=1, batches/epoch=113
  [Client 14] Round 2 | Hier-pFedMe(λ2=35.0, K=1) | loss=0.4970
  [Client 17] Starting Hier-pFedMe | λ2=35.0, η2=0.02, inner_steps=1, epochs=1, batches/epoch=113
  [Client 18] Round 2 | Hier-pFedMe(λ2=35.0, K=1) | loss=0.6678  [Client 13] Round 2 | Hier-pFedMe(λ2=35.0, K=1) | loss=0.6590

  [Client 10] Starting Hier-pFedMe | λ2=35.0, η2=0.02, inner_steps=1, epochs=1, batches/epoch=113
  [Client 16] Starting Hier-pFedMe | λ2=35.0, η2=0.02, inner_steps=1, epochs=1, batches/epoch=113
  [Client 11] Round 2 | Hier-pFedMe(λ2=35.0, K=1) | loss=0.4717
  [Client 15] Starting Hier-pFedMe | λ2=35.0, η2=0.02, inner_steps=1, epochs=1, batches/epoch=113
  [Client 16] Round 2 | Hier-pFedMe(λ2=35.0, K=1) | loss=0.5238
  [Client 17] Round 2 | Hier-pFedMe(λ2=35.0, K=1) | loss=0.6751
  [Client 19] Starting Hier-pFedMe | λ2=35.0, η2=0.02, inner_steps=1, epochs=1, batches/epoch=113
  [Client 12] Starting Hier-pFedMe | λ2=35.0, η2=0.02, inner_steps=1, epochs=1, batches/epoch=113
  [Client 10] Round 2 | Hier-pFedMe(λ2=35.0, K=1) | loss=0.5109
  [Client 15] Round 2 | Hier-pFedMe(λ2=35.0, K=1) | loss=0.6129
  [Client 19] Round 2 | Hier-pFedMe(λ2=35.0, K=1) | loss=0.4732
  [Client 12] Round 2 | Hier-pFedMe(λ2=35.0, K=1) | loss=0.5010
  [Edge 1] G2 | E5 | loss=0.5593
[C0] n=1000 | classes=[3, 6] | acc=0.7730 | per_class={3: '0.69', 6: '0.86'}
[C1] n=1000 | classes=[3, 6] | acc=0.8010 | per_class={3: '0.78', 6: '0.82'}
[C2] n=1000 | classes=[2, 5] | acc=0.7640 | per_class={2: '0.71', 5: '0.82'}
[C3] n=1000 | classes=[5, 7] | acc=0.7710 | per_class={5: '0.72', 7: '0.83'}
[C4] n=1000 | classes=[2, 7] | acc=0.8000 | per_class={2: '0.88', 7: '0.71'}
[C5] n=1000 | classes=[2, 4] | acc=0.6620 | per_class={2: '0.72', 4: '0.60'}
[C6] n=1000 | classes=[6, 7] | acc=0.8830 | per_class={6: '0.87', 7: '0.89'}
[C7] n=1000 | classes=[3, 5] | acc=0.6540 | per_class={3: '0.65', 5: '0.65'}
[C8] n=500 | classes=[4] | acc=1.0000 | per_class={4: '1.00'}
[C9] n=500 | classes=[4] | acc=1.0000 | per_class={4: '1.00'}
[C10] n=600 | classes=[8, 9] | acc=0.8183 | per_class={8: '0.67', 9: '0.96'}
[C11] n=600 | classes=[0, 1] | acc=0.8150 | per_class={0: '0.71', 1: '0.92'}
[C12] n=600 | classes=[1, 8] | acc=0.8050 | per_class={1: '0.85', 8: '0.76'}
[C13] n=600 | classes=[0, 8] | acc=0.7233 | per_class={0: '0.68', 8: '0.77'}
[C14] n=600 | classes=[0, 9] | acc=0.8517 | per_class={0: '0.80', 9: '0.91'}
[C15] n=600 | classes=[0, 8] | acc=0.6667 | per_class={0: '0.38', 8: '0.97'}
[C16] n=600 | classes=[1, 8] | acc=0.8450 | per_class={1: '0.81', 8: '0.88'}
[C17] n=600 | classes=[1, 9] | acc=0.6433 | per_class={1: '0.93', 9: '0.38'}
[C18] n=600 | classes=[1, 9] | acc=0.7100 | per_class={1: '0.86', 9: '0.54'}
[C19] n=600 | classes=[0, 9] | acc=0.6550 | per_class={0: '0.98', 9: '0.36'}
  [Cloud] GM=0.2841 | EM=0.5087 PM=0.7752 | loss=2.0093 | time=56.4s | comm=683.7MB (total=1367MB)

[Round   3] Broadcasting to 2 edges...
  [Edge 0] W_n reset to global weights for new round.
  [Edge 1] W_n reset to global weights for new round.
  [Edge 0] G3 | E1 | Hier-pFedMe | Selected 10/10
  [Client  9] Received edge weights.
[C9] Test set: samples=500, class_dist={4: 500}
  [Client  4] Received edge weights.
[C4] Test set: samples=1000, class_dist={2: 507, 7: 493}
  [Client  3] Received edge weights.
[C3] Test set: samples=1000, class_dist={5: 506, 7: 494}
  [Client  6] Received edge weights.
[C6] Test set: samples=1000, class_dist={6: 493, 7: 507}
  [Client  1] Received edge weights.
[C1] Test set: samples=1000, class_dist={3: 515, 6: 485}
  [Client  5] Received edge weights.
[C5] Test set: samples=1000, class_dist={2: 510, 4: 490}
  [Client  0] Received edge weights.
[C0] Test set: samples=1000, class_dist={3: 511, 6: 489}
  [Client  7] Received edge weights.
[C7] Test set: samples=1000, class_dist={3: 485, 5: 515}
  [Client  8] Received edge weights.
[C8] Test set: samples=500, class_dist={4: 500}
  [Client  2] Received edge weights.
[C2] Test set: samples=1000, class_dist={2: 507, 5: 493}
  [Client  3] Starting Hier-pFedMe | λ2=35.0, η2=0.02, inner_steps=1, epochs=1, batches/epoch=188
  [Client  6] Starting Hier-pFedMe | λ2=35.0, η2=0.02, inner_steps=1, epochs=1, batches/epoch=188
  [Client  9] Starting Hier-pFedMe | λ2=35.0, η2=0.02, inner_steps=1, epochs=1, batches/epoch=94  [Client  4] Starting Hier-pFedMe | λ2=35.0, η2=0.02, inner_steps=1, epochs=1, batches/epoch=188

  [Client  9] Round 3 | Hier-pFedMe(λ2=35.0, K=1) | loss=0.0428
  [Client  1] Starting Hier-pFedMe | λ2=35.0, η2=0.02, inner_steps=1, epochs=1, batches/epoch=188
  [Client  3] Round 3 | Hier-pFedMe(λ2=35.0, K=1) | loss=0.6315
  [Client  5] Starting Hier-pFedMe | λ2=35.0, η2=0.02, inner_steps=1, epochs=1, batches/epoch=188  [Client  6] Round 3 | Hier-pFedMe(λ2=35.0, K=1) | loss=0.4767

  [Client  4] Round 3 | Hier-pFedMe(λ2=35.0, K=1) | loss=0.5995  [Client  0] Starting Hier-pFedMe | λ2=35.0, η2=0.02, inner_steps=1, epochs=1, batches/epoch=188

  [Client  7] Starting Hier-pFedMe | λ2=35.0, η2=0.02, inner_steps=1, epochs=1, batches/epoch=188
  [Client  1] Round 3 | Hier-pFedMe(λ2=35.0, K=1) | loss=0.5895
  [Client  8] Starting Hier-pFedMe | λ2=35.0, η2=0.02, inner_steps=1, epochs=1, batches/epoch=94
  [Client  5] Round 3 | Hier-pFedMe(λ2=35.0, K=1) | loss=0.7435
  [Client  0] Round 3 | Hier-pFedMe(λ2=35.0, K=1) | loss=0.5742  [Client  8] Round 3 | Hier-pFedMe(λ2=35.0, K=1) | loss=0.0433

  [Client  2] Starting Hier-pFedMe | λ2=35.0, η2=0.02, inner_steps=1, epochs=1, batches/epoch=188  [Client  7] Round 3 | Hier-pFedMe(λ2=35.0, K=1) | loss=0.7520

  [Client  2] Round 3 | Hier-pFedMe(λ2=35.0, K=1) | loss=0.6244
  [Edge 0] G3 | E1 | loss=0.5594
  [Edge 0] G3 | E2 | Hier-pFedMe | Selected 10/10
  [Client  4] Received edge weights.
[C4] Test set: samples=1000, class_dist={2: 507, 7: 493}
  [Client  9] Received edge weights.
[C9] Test set: samples=500, class_dist={4: 500}
  [Client  5] Received edge weights.
[C5] Test set: samples=1000, class_dist={2: 510, 4: 490}
  [Client  6] Received edge weights.
[C6] Test set: samples=1000, class_dist={6: 493, 7: 507}
  [Client  7] Received edge weights.
[C7] Test set: samples=1000, class_dist={3: 485, 5: 515}
  [Client  1] Received edge weights.
[C1] Test set: samples=1000, class_dist={3: 515, 6: 485}
  [Client  8] Received edge weights.
[C8] Test set: samples=500, class_dist={4: 500}
  [Client  0] Received edge weights.
[C0] Test set: samples=1000, class_dist={3: 511, 6: 489}
  [Client  3] Received edge weights.
[C3] Test set: samples=1000, class_dist={5: 506, 7: 494}
  [Client  2] Received edge weights.
[C2] Test set: samples=1000, class_dist={2: 507, 5: 493}
  [Client  6] Starting Hier-pFedMe | λ2=35.0, η2=0.02, inner_steps=1, epochs=1, batches/epoch=188  [Client  4] Starting Hier-pFedMe | λ2=35.0, η2=0.02, inner_steps=1, epochs=1, batches/epoch=188  [Client  9] Starting Hier-pFedMe | λ2=35.0, η2=0.02, inner_steps=1, epochs=1, batches/epoch=94  [Client  5] Starting Hier-pFedMe | λ2=35.0, η2=0.02, inner_steps=1, epochs=1, batches/epoch=188



  [Client  9] Round 3 | Hier-pFedMe(λ2=35.0, K=1) | loss=0.0289
  [Client  7] Starting Hier-pFedMe | λ2=35.0, η2=0.02, inner_steps=1, epochs=1, batches/epoch=188
  [Client  6] Round 3 | Hier-pFedMe(λ2=35.0, K=1) | loss=0.4588
  [Client  4] Round 3 | Hier-pFedMe(λ2=35.0, K=1) | loss=0.5717
  [Client  1] Starting Hier-pFedMe | λ2=35.0, η2=0.02, inner_steps=1, epochs=1, batches/epoch=188
  [Client  8] Starting Hier-pFedMe | λ2=35.0, η2=0.02, inner_steps=1, epochs=1, batches/epoch=94
  [Client  5] Round 3 | Hier-pFedMe(λ2=35.0, K=1) | loss=0.7370
  [Client  0] Starting Hier-pFedMe | λ2=35.0, η2=0.02, inner_steps=1, epochs=1, batches/epoch=188
  [Client  7] Round 3 | Hier-pFedMe(λ2=35.0, K=1) | loss=0.7385  [Client  8] Round 3 | Hier-pFedMe(λ2=35.0, K=1) | loss=0.0285

  [Client  3] Starting Hier-pFedMe | λ2=35.0, η2=0.02, inner_steps=1, epochs=1, batches/epoch=188
  [Client  2] Starting Hier-pFedMe | λ2=35.0, η2=0.02, inner_steps=1, epochs=1, batches/epoch=188
  [Client  1] Round 3 | Hier-pFedMe(λ2=35.0, K=1) | loss=0.5590
  [Client  0] Round 3 | Hier-pFedMe(λ2=35.0, K=1) | loss=0.5500
  [Client  2] Round 3 | Hier-pFedMe(λ2=35.0, K=1) | loss=0.6062
  [Client  3] Round 3 | Hier-pFedMe(λ2=35.0, K=1) | loss=0.6094
  [Edge 0] G3 | E2 | loss=0.5399
  [Edge 0] G3 | E3 | Hier-pFedMe | Selected 10/10
  [Client  7] Received edge weights.
[C7] Test set: samples=1000, class_dist={3: 485, 5: 515}
  [Client  6] Received edge weights.
[C6] Test set: samples=1000, class_dist={6: 493, 7: 507}
  [Client  5] Received edge weights.
[C5] Test set: samples=1000, class_dist={2: 510, 4: 490}
  [Client  9] Received edge weights.
[C9] Test set: samples=500, class_dist={4: 500}
  [Client  4] Received edge weights.
[C4] Test set: samples=1000, class_dist={2: 507, 7: 493}
  [Client  1] Received edge weights.
[C1] Test set: samples=1000, class_dist={3: 515, 6: 485}
  [Client  2] Received edge weights.
[C2] Test set: samples=1000, class_dist={2: 507, 5: 493}
  [Client  0] Received edge weights.
[C0] Test set: samples=1000, class_dist={3: 511, 6: 489}
  [Client  3] Received edge weights.
[C3] Test set: samples=1000, class_dist={5: 506, 7: 494}
  [Client  8] Received edge weights.
[C8] Test set: samples=500, class_dist={4: 500}
  [Client  7] Starting Hier-pFedMe | λ2=35.0, η2=0.02, inner_steps=1, epochs=1, batches/epoch=188  [Client  6] Starting Hier-pFedMe | λ2=35.0, η2=0.02, inner_steps=1, epochs=1, batches/epoch=188  [Client  9] Starting Hier-pFedMe | λ2=35.0, η2=0.02, inner_steps=1, epochs=1, batches/epoch=94  [Client  5] Starting Hier-pFedMe | λ2=35.0, η2=0.02, inner_steps=1, epochs=1, batches/epoch=188



  [Client  9] Round 3 | Hier-pFedMe(λ2=35.0, K=1) | loss=0.0288
  [Client  4] Starting Hier-pFedMe | λ2=35.0, η2=0.02, inner_steps=1, epochs=1, batches/epoch=188
  [Client  7] Round 3 | Hier-pFedMe(λ2=35.0, K=1) | loss=0.7312
  [Client  5] Round 3 | Hier-pFedMe(λ2=35.0, K=1) | loss=0.7243  [Client  1] Starting Hier-pFedMe | λ2=35.0, η2=0.02, inner_steps=1, epochs=1, batches/epoch=188

  [Client  6] Round 3 | Hier-pFedMe(λ2=35.0, K=1) | loss=0.4252
  [Client  2] Starting Hier-pFedMe | λ2=35.0, η2=0.02, inner_steps=1, epochs=1, batches/epoch=188  [Client  0] Starting Hier-pFedMe | λ2=35.0, η2=0.02, inner_steps=1, epochs=1, batches/epoch=188

  [Client  4] Round 3 | Hier-pFedMe(λ2=35.0, K=1) | loss=0.5669
  [Client  3] Starting Hier-pFedMe | λ2=35.0, η2=0.02, inner_steps=1, epochs=1, batches/epoch=188
  [Client  1] Round 3 | Hier-pFedMe(λ2=35.0, K=1) | loss=0.5533
  [Client  8] Starting Hier-pFedMe | λ2=35.0, η2=0.02, inner_steps=1, epochs=1, batches/epoch=94
  [Client  2] Round 3 | Hier-pFedMe(λ2=35.0, K=1) | loss=0.6083
  [Client  0] Round 3 | Hier-pFedMe(λ2=35.0, K=1) | loss=0.5360
  [Client  8] Round 3 | Hier-pFedMe(λ2=35.0, K=1) | loss=0.0289
  [Client  3] Round 3 | Hier-pFedMe(λ2=35.0, K=1) | loss=0.5980
  [Edge 0] G3 | E3 | loss=0.5302
  [Edge 0] G3 | E4 | Hier-pFedMe | Selected 10/10
  [Client  7] Received edge weights.
[C7] Test set: samples=1000, class_dist={3: 485, 5: 515}
  [Client  0] Received edge weights.
[C0] Test set: samples=1000, class_dist={3: 511, 6: 489}
  [Client  8] Received edge weights.
[C8] Test set: samples=500, class_dist={4: 500}
  [Client  1] Received edge weights.
[C1] Test set: samples=1000, class_dist={3: 515, 6: 485}
  [Client  2] Received edge weights.
[C2] Test set: samples=1000, class_dist={2: 507, 5: 493}
  [Client  3] Received edge weights.
[C3] Test set: samples=1000, class_dist={5: 506, 7: 494}
  [Client  9] Received edge weights.
[C9] Test set: samples=500, class_dist={4: 500}
  [Client  6] Received edge weights.
[C6] Test set: samples=1000, class_dist={6: 493, 7: 507}
  [Client  5] Received edge weights.
[C5] Test set: samples=1000, class_dist={2: 510, 4: 490}
  [Client  4] Received edge weights.
[C4] Test set: samples=1000, class_dist={2: 507, 7: 493}
  [Client  0] Starting Hier-pFedMe | λ2=35.0, η2=0.02, inner_steps=1, epochs=1, batches/epoch=188  [Client  7] Starting Hier-pFedMe | λ2=35.0, η2=0.02, inner_steps=1, epochs=1, batches/epoch=188

  [Client  8] Starting Hier-pFedMe | λ2=35.0, η2=0.02, inner_steps=1, epochs=1, batches/epoch=94  [Client  1] Starting Hier-pFedMe | λ2=35.0, η2=0.02, inner_steps=1, epochs=1, batches/epoch=188

  [Client  8] Round 3 | Hier-pFedMe(λ2=35.0, K=1) | loss=0.0266
  [Client  2] Starting Hier-pFedMe | λ2=35.0, η2=0.02, inner_steps=1, epochs=1, batches/epoch=188
  [Client  7] Round 3 | Hier-pFedMe(λ2=35.0, K=1) | loss=0.7227  [Client  0] Round 3 | Hier-pFedMe(λ2=35.0, K=1) | loss=0.5238

  [Client  3] Starting Hier-pFedMe | λ2=35.0, η2=0.02, inner_steps=1, epochs=1, batches/epoch=188  [Client  9] Starting Hier-pFedMe | λ2=35.0, η2=0.02, inner_steps=1, epochs=1, batches/epoch=94
  [Client  1] Round 3 | Hier-pFedMe(λ2=35.0, K=1) | loss=0.5297

  [Client  6] Starting Hier-pFedMe | λ2=35.0, η2=0.02, inner_steps=1, epochs=1, batches/epoch=188
  [Client  9] Round 3 | Hier-pFedMe(λ2=35.0, K=1) | loss=0.0258
  [Client  2] Round 3 | Hier-pFedMe(λ2=35.0, K=1) | loss=0.5964
  [Client  5] Starting Hier-pFedMe | λ2=35.0, η2=0.02, inner_steps=1, epochs=1, batches/epoch=188
  [Client  4] Starting Hier-pFedMe | λ2=35.0, η2=0.02, inner_steps=1, epochs=1, batches/epoch=188
  [Client  3] Round 3 | Hier-pFedMe(λ2=35.0, K=1) | loss=0.5810  [Client  6] Round 3 | Hier-pFedMe(λ2=35.0, K=1) | loss=0.4304

  [Client  5] Round 3 | Hier-pFedMe(λ2=35.0, K=1) | loss=0.7079
  [Client  4] Round 3 | Hier-pFedMe(λ2=35.0, K=1) | loss=0.5519
  [Edge 0] G3 | E4 | loss=0.5189
  [Edge 0] G3 | E5 | Hier-pFedMe | Selected 10/10
  [Client  4] Received edge weights.
[C4] Test set: samples=1000, class_dist={2: 507, 7: 493}
  [Client  5] Received edge weights.
[C5] Test set: samples=1000, class_dist={2: 510, 4: 490}
  [Client  9] Received edge weights.
[C9] Test set: samples=500, class_dist={4: 500}
  [Client  0] Received edge weights.
[C0] Test set: samples=1000, class_dist={3: 511, 6: 489}
  [Client  3] Received edge weights.
[C3] Test set: samples=1000, class_dist={5: 506, 7: 494}
  [Client  7] Received edge weights.
[C7] Test set: samples=1000, class_dist={3: 485, 5: 515}
  [Client  2] Received edge weights.
[C2] Test set: samples=1000, class_dist={2: 507, 5: 493}
  [Client  6] Received edge weights.
[C6] Test set: samples=1000, class_dist={6: 493, 7: 507}
  [Client  1] Received edge weights.
[C1] Test set: samples=1000, class_dist={3: 515, 6: 485}
  [Client  8] Received edge weights.
[C8] Test set: samples=500, class_dist={4: 500}
  [Client  4] Starting Hier-pFedMe | λ2=35.0, η2=0.02, inner_steps=1, epochs=1, batches/epoch=188  [Client  5] Starting Hier-pFedMe | λ2=35.0, η2=0.02, inner_steps=1, epochs=1, batches/epoch=188

  [Client  0] Starting Hier-pFedMe | λ2=35.0, η2=0.02, inner_steps=1, epochs=1, batches/epoch=188  [Client  9] Starting Hier-pFedMe | λ2=35.0, η2=0.02, inner_steps=1, epochs=1, batches/epoch=94

  [Client  9] Round 3 | Hier-pFedMe(λ2=35.0, K=1) | loss=0.0269
  [Client  3] Starting Hier-pFedMe | λ2=35.0, η2=0.02, inner_steps=1, epochs=1, batches/epoch=188
  [Client  5] Round 3 | Hier-pFedMe(λ2=35.0, K=1) | loss=0.6997
  [Client  4] Round 3 | Hier-pFedMe(λ2=35.0, K=1) | loss=0.5336
  [Client  7] Starting Hier-pFedMe | λ2=35.0, η2=0.02, inner_steps=1, epochs=1, batches/epoch=188
  [Client  2] Starting Hier-pFedMe | λ2=35.0, η2=0.02, inner_steps=1, epochs=1, batches/epoch=188
  [Client  0] Round 3 | Hier-pFedMe(λ2=35.0, K=1) | loss=0.5018
  [Client  6] Starting Hier-pFedMe | λ2=35.0, η2=0.02, inner_steps=1, epochs=1, batches/epoch=188
  [Client  3] Round 3 | Hier-pFedMe(λ2=35.0, K=1) | loss=0.5836
  [Client  1] Starting Hier-pFedMe | λ2=35.0, η2=0.02, inner_steps=1, epochs=1, batches/epoch=188
  [Client  2] Round 3 | Hier-pFedMe(λ2=35.0, K=1) | loss=0.5813
  [Client  6] Round 3 | Hier-pFedMe(λ2=35.0, K=1) | loss=0.4145
  [Client  8] Starting Hier-pFedMe | λ2=35.0, η2=0.02, inner_steps=1, epochs=1, batches/epoch=94  [Client  7] Round 3 | Hier-pFedMe(λ2=35.0, K=1) | loss=0.7290

  [Client  1] Round 3 | Hier-pFedMe(λ2=35.0, K=1) | loss=0.5279
  [Client  8] Round 3 | Hier-pFedMe(λ2=35.0, K=1) | loss=0.0280
  [Edge 0] G3 | E5 | loss=0.5110
  [Edge 1] G3 | E1 | Hier-pFedMe | Selected 10/10
  [Client 18] Received edge weights.
[C18] Test set: samples=600, class_dist={1: 314, 9: 286}
  [Client 11] Received edge weights.
[C11] Test set: samples=600, class_dist={0: 300, 1: 300}
  [Client 12] Received edge weights.
[C12] Test set: samples=600, class_dist={1: 308, 8: 292}
  [Client 17] Received edge weights.
[C17] Test set: samples=600, class_dist={1: 289, 9: 311}
  [Client 10] Received edge weights.
[C10] Test set: samples=600, class_dist={8: 292, 9: 308}
  [Client 15] Received edge weights.
[C15] Test set: samples=600, class_dist={0: 305, 8: 295}
  [Client 19] Received edge weights.
[C19] Test set: samples=600, class_dist={0: 286, 9: 314}
  [Client 13] Received edge weights.
[C13] Test set: samples=600, class_dist={0: 311, 8: 289}
  [Client 14] Received edge weights.
[C14] Test set: samples=600, class_dist={0: 307, 9: 293}
  [Client 16] Received edge weights.
[C16] Test set: samples=600, class_dist={1: 291, 8: 309}
  [Client 18] Starting Hier-pFedMe | λ2=35.0, η2=0.02, inner_steps=1, epochs=1, batches/epoch=113  [Client 11] Starting Hier-pFedMe | λ2=35.0, η2=0.02, inner_steps=1, epochs=1, batches/epoch=113  [Client 12] Starting Hier-pFedMe | λ2=35.0, η2=0.02, inner_steps=1, epochs=1, batches/epoch=113  [Client 17] Starting Hier-pFedMe | λ2=35.0, η2=0.02, inner_steps=1, epochs=1, batches/epoch=113



  [Client 18] Round 3 | Hier-pFedMe(λ2=35.0, K=1) | loss=0.7196
  [Client 17] Round 3 | Hier-pFedMe(λ2=35.0, K=1) | loss=0.7138
  [Client 10] Starting Hier-pFedMe | λ2=35.0, η2=0.02, inner_steps=1, epochs=1, batches/epoch=113  [Client 11] Round 3 | Hier-pFedMe(λ2=35.0, K=1) | loss=0.5392  [Client 12] Round 3 | Hier-pFedMe(λ2=35.0, K=1) | loss=0.5638


  [Client 15] Starting Hier-pFedMe | λ2=35.0, η2=0.02, inner_steps=1, epochs=1, batches/epoch=113
  [Client 19] Starting Hier-pFedMe | λ2=35.0, η2=0.02, inner_steps=1, epochs=1, batches/epoch=113
  [Client 13] Starting Hier-pFedMe | λ2=35.0, η2=0.02, inner_steps=1, epochs=1, batches/epoch=113
  [Client 10] Round 3 | Hier-pFedMe(λ2=35.0, K=1) | loss=0.5668  [Client 13] Round 3 | Hier-pFedMe(λ2=35.0, K=1) | loss=0.6976

  [Client 14] Starting Hier-pFedMe | λ2=35.0, η2=0.02, inner_steps=1, epochs=1, batches/epoch=113  [Client 16] Starting Hier-pFedMe | λ2=35.0, η2=0.02, inner_steps=1, epochs=1, batches/epoch=113

  [Client 15] Round 3 | Hier-pFedMe(λ2=35.0, K=1) | loss=0.6607
  [Client 19] Round 3 | Hier-pFedMe(λ2=35.0, K=1) | loss=0.5427
  [Client 16] Round 3 | Hier-pFedMe(λ2=35.0, K=1) | loss=0.5741
  [Client 14] Round 3 | Hier-pFedMe(λ2=35.0, K=1) | loss=0.5453
  [Edge 1] G3 | E1 | loss=0.6123
  [Edge 1] G3 | E2 | Hier-pFedMe | Selected 10/10
  [Client 15] Received edge weights.
[C15] Test set: samples=600, class_dist={0: 305, 8: 295}
  [Client 10] Received edge weights.
[C10] Test set: samples=600, class_dist={8: 292, 9: 308}
  [Client 13] Received edge weights.
[C13] Test set: samples=600, class_dist={0: 311, 8: 289}
  [Client 12] Received edge weights.
[C12] Test set: samples=600, class_dist={1: 308, 8: 292}
  [Client 17] Received edge weights.
[C17] Test set: samples=600, class_dist={1: 289, 9: 311}
  [Client 16] Received edge weights.
[C16] Test set: samples=600, class_dist={1: 291, 8: 309}
  [Client 19] Received edge weights.
[C19] Test set: samples=600, class_dist={0: 286, 9: 314}
  [Client 18] Received edge weights.
[C18] Test set: samples=600, class_dist={1: 314, 9: 286}
  [Client 14] Received edge weights.
[C14] Test set: samples=600, class_dist={0: 307, 9: 293}
  [Client 11] Received edge weights.
[C11] Test set: samples=600, class_dist={0: 300, 1: 300}
  [Client 13] Starting Hier-pFedMe | λ2=35.0, η2=0.02, inner_steps=1, epochs=1, batches/epoch=113  [Client 15] Starting Hier-pFedMe | λ2=35.0, η2=0.02, inner_steps=1, epochs=1, batches/epoch=113
  [Client 10] Starting Hier-pFedMe | λ2=35.0, η2=0.02, inner_steps=1, epochs=1, batches/epoch=113  [Client 12] Starting Hier-pFedMe | λ2=35.0, η2=0.02, inner_steps=1, epochs=1, batches/epoch=113


  [Client 15] Round 3 | Hier-pFedMe(λ2=35.0, K=1) | loss=0.6473
  [Client 13] Round 3 | Hier-pFedMe(λ2=35.0, K=1) | loss=0.6607
  [Client 17] Starting Hier-pFedMe | λ2=35.0, η2=0.02, inner_steps=1, epochs=1, batches/epoch=113  [Client 10] Round 3 | Hier-pFedMe(λ2=35.0, K=1) | loss=0.5438

  [Client 16] Starting Hier-pFedMe | λ2=35.0, η2=0.02, inner_steps=1, epochs=1, batches/epoch=113
  [Client 19] Starting Hier-pFedMe | λ2=35.0, η2=0.02, inner_steps=1, epochs=1, batches/epoch=113
  [Client 12] Round 3 | Hier-pFedMe(λ2=35.0, K=1) | loss=0.5211
  [Client 18] Starting Hier-pFedMe | λ2=35.0, η2=0.02, inner_steps=1, epochs=1, batches/epoch=113
  [Client 16] Round 3 | Hier-pFedMe(λ2=35.0, K=1) | loss=0.5361
  [Client 17] Round 3 | Hier-pFedMe(λ2=35.0, K=1) | loss=0.6666
  [Client 14] Starting Hier-pFedMe | λ2=35.0, η2=0.02, inner_steps=1, epochs=1, batches/epoch=113
  [Client 11] Starting Hier-pFedMe | λ2=35.0, η2=0.02, inner_steps=1, epochs=1, batches/epoch=113
  [Client 19] Round 3 | Hier-pFedMe(λ2=35.0, K=1) | loss=0.4605
  [Client 18] Round 3 | Hier-pFedMe(λ2=35.0, K=1) | loss=0.6668
  [Client 11] Round 3 | Hier-pFedMe(λ2=35.0, K=1) | loss=0.5055  [Client 14] Round 3 | Hier-pFedMe(λ2=35.0, K=1) | loss=0.5018

  [Edge 1] G3 | E2 | loss=0.5710
  [Edge 1] G3 | E3 | Hier-pFedMe | Selected 10/10
  [Client 15] Received edge weights.
[C15] Test set: samples=600, class_dist={0: 305, 8: 295}
  [Client 17] Received edge weights.
[C17] Test set: samples=600, class_dist={1: 289, 9: 311}
  [Client 16] Received edge weights.
[C16] Test set: samples=600, class_dist={1: 291, 8: 309}
  [Client 10] Received edge weights.
[C10] Test set: samples=600, class_dist={8: 292, 9: 308}
  [Client 12] Received edge weights.
[C12] Test set: samples=600, class_dist={1: 308, 8: 292}
  [Client 14] Received edge weights.
[C14] Test set: samples=600, class_dist={0: 307, 9: 293}
  [Client 18] Received edge weights.
[C18] Test set: samples=600, class_dist={1: 314, 9: 286}
  [Client 19] Received edge weights.
[C19] Test set: samples=600, class_dist={0: 286, 9: 314}
  [Client 13] Received edge weights.
[C13] Test set: samples=600, class_dist={0: 311, 8: 289}
  [Client 11] Received edge weights.
[C11] Test set: samples=600, class_dist={0: 300, 1: 300}
  [Client 15] Starting Hier-pFedMe | λ2=35.0, η2=0.02, inner_steps=1, epochs=1, batches/epoch=113  [Client 17] Starting Hier-pFedMe | λ2=35.0, η2=0.02, inner_steps=1, epochs=1, batches/epoch=113

  [Client 16] Starting Hier-pFedMe | λ2=35.0, η2=0.02, inner_steps=1, epochs=1, batches/epoch=113  [Client 10] Starting Hier-pFedMe | λ2=35.0, η2=0.02, inner_steps=1, epochs=1, batches/epoch=113

  [Client 17] Round 3 | Hier-pFedMe(λ2=35.0, K=1) | loss=0.6571
  [Client 15] Round 3 | Hier-pFedMe(λ2=35.0, K=1) | loss=0.6257  [Client 10] Round 3 | Hier-pFedMe(λ2=35.0, K=1) | loss=0.4999
  [Client 12] Starting Hier-pFedMe | λ2=35.0, η2=0.02, inner_steps=1, epochs=1, batches/epoch=113

  [Client 14] Starting Hier-pFedMe | λ2=35.0, η2=0.02, inner_steps=1, epochs=1, batches/epoch=113
  [Client 18] Starting Hier-pFedMe | λ2=35.0, η2=0.02, inner_steps=1, epochs=1, batches/epoch=113  [Client 16] Round 3 | Hier-pFedMe(λ2=35.0, K=1) | loss=0.5153

  [Client 19] Starting Hier-pFedMe | λ2=35.0, η2=0.02, inner_steps=1, epochs=1, batches/epoch=113
  [Client 14] Round 3 | Hier-pFedMe(λ2=35.0, K=1) | loss=0.4828
  [Client 13] Starting Hier-pFedMe | λ2=35.0, η2=0.02, inner_steps=1, epochs=1, batches/epoch=113
  [Client 19] Round 3 | Hier-pFedMe(λ2=35.0, K=1) | loss=0.4633  [Client 12] Round 3 | Hier-pFedMe(λ2=35.0, K=1) | loss=0.5055

  [Client 18] Round 3 | Hier-pFedMe(λ2=35.0, K=1) | loss=0.6714  [Client 11] Starting Hier-pFedMe | λ2=35.0, η2=0.02, inner_steps=1, epochs=1, batches/epoch=113

  [Client 13] Round 3 | Hier-pFedMe(λ2=35.0, K=1) | loss=0.6416
  [Client 11] Round 3 | Hier-pFedMe(λ2=35.0, K=1) | loss=0.4840
  [Edge 1] G3 | E3 | loss=0.5547