This job can be monitored from: https://job.c3se.chalmers.se/alvis/6635827
========================================
Job ID      : 6635827
Job Name    : HierFLcifar10
Node        : alvis5-04
Start Time  : Fri May 15 12:37:09 CEST 2026
Working Dir : /cephyr/users/ziangg/Alvis/tf-dpfl
========================================
[Setup] Python: /cephyr/users/ziangg/Alvis/tf-dpfl/bin/python
[Setup] TF version: 2.15.1
[Setup] GPU available: [PhysicalDevice(name='/physical_device:GPU:0', device_type='GPU')]
[Config] Override: wandb.enabled = True
[Setup] Random seed: 42
[Setup] Loading dataset...
[Data] CIFAR-10 from Mimer: /mimer/NOBACKUP/Datasets/CIFAR
[Setup] Building global model...
Model: "cifar_cnn_3conv"
_________________________________________________________________
 Layer (type)                Output Shape              Param #   
=================================================================
 input_1 (InputLayer)        [(None, 32, 32, 3)]       0         
                                                                 
 conv2d (Conv2D)             (None, 32, 32, 32)        896       
                                                                 
 batch_normalization (Batch  (None, 32, 32, 32)        128       
 Normalization)                                                  
                                                                 
 re_lu (ReLU)                (None, 32, 32, 32)        0         
                                                                 
 conv2d_1 (Conv2D)           (None, 32, 32, 64)        18496     
                                                                 
 batch_normalization_1 (Bat  (None, 32, 32, 64)        256       
 chNormalization)                                                
                                                                 
 re_lu_1 (ReLU)              (None, 32, 32, 64)        0         
                                                                 
 max_pooling2d (MaxPooling2  (None, 16, 16, 64)        0         
 D)                                                              
                                                                 
 conv2d_2 (Conv2D)           (None, 16, 16, 128)       73856     
                                                                 
 batch_normalization_2 (Bat  (None, 16, 16, 128)       512       
 chNormalization)                                                
                                                                 
 re_lu_2 (ReLU)              (None, 16, 16, 128)       0         
                                                                 
 conv2d_3 (Conv2D)           (None, 16, 16, 128)       147584    
                                                                 
 batch_normalization_3 (Bat  (None, 16, 16, 128)       512       
 chNormalization)                                                
                                                                 
 re_lu_3 (ReLU)              (None, 16, 16, 128)       0         
                                                                 
 max_pooling2d_1 (MaxPoolin  (None, 8, 8, 128)         0         
 g2D)                                                            
                                                                 
 spatial_dropout2d (Spatial  (None, 8, 8, 128)         0         
 Dropout2D)                                                      
                                                                 
 conv2d_4 (Conv2D)           (None, 8, 8, 256)         295168    
                                                                 
 batch_normalization_4 (Bat  (None, 8, 8, 256)         1024      
 chNormalization)                                                
                                                                 
 re_lu_4 (ReLU)              (None, 8, 8, 256)         0         
                                                                 
 conv2d_5 (Conv2D)           (None, 8, 8, 256)         590080    
                                                                 
 batch_normalization_5 (Bat  (None, 8, 8, 256)         1024      
 chNormalization)                                                
                                                                 
 re_lu_5 (ReLU)              (None, 8, 8, 256)         0         
                                                                 
 max_pooling2d_2 (MaxPoolin  (None, 4, 4, 256)         0         
 g2D)                                                            
                                                                 
 flatten (Flatten)           (None, 4096)              0         
                                                                 
 dropout (Dropout)           (None, 4096)              0         
                                                                 
 dense (Dense)               (None, 1024)              4195328   
                                                                 
 dense_1 (Dense)             (None, 512)               524800    
                                                                 
 dropout_1 (Dropout)         (None, 512)               0         
                                                                 
 dense_2 (Dense)             (None, 10)                5130      
                                                                 
=================================================================
Total params: 5854794 (22.33 MB)
Trainable params: 5853066 (22.33 MB)
Non-trainable params: 1728 (6.75 KB)
_________________________________________________________________
[Setup] Building clients...

[Superclass-aware partition] 2 edges, 2 classes/client

  Edge 0 (class pool: [2, 3, 4, 5, 6, 7]):
  Client       Samples    Classes held                        Out-of-pool?
  ---------------------------------------------------------------------------
  client_0     4000       [3, 6]                              OK
  client_1     4000       [3, 6]                              OK
  client_2     4000       [2, 5]                              OK
  client_3     4000       [5, 7]                              OK
  client_4     4000       [2, 7]                              OK
  client_5     4000       [2, 4]                              OK
  client_6     4000       [6, 7]                              OK
  client_7     4000       [3, 5]                              OK
  client_8     2000       [4]                                 OK
  client_9     2000       [4]                                 OK

  Edge 1 (class pool: [0, 1, 8, 9]):
  Client       Samples    Classes held                        Out-of-pool?
  ---------------------------------------------------------------------------
  client_10    2400       [8, 9]                              OK
  client_11    2400       [0, 1]                              OK
  client_12    2400       [1, 8]                              OK
  client_13    2400       [0, 8]                              OK
  client_14    2400       [0, 9]                              OK
  client_15    2400       [0, 8]                              OK
  client_16    2400       [1, 8]                              OK
  client_17    2400       [1, 9]                              OK
  client_18    2400       [1, 9]                              OK
  client_19    2400       [0, 9]                              OK

[Train/Test split] 20 clients | avg train=2250, avg test=750 samples (ratio=0.25)
[Setup] 20 clients built (superclass_pathological) | per-client test sets injected
[Setup] Building edge servers...
[Assignment] Using pre-baked superclass assignments | 2 edges
[EdgeServer 0] 10 clients | 27000 samples
[EdgeServer 1] 10 clients | 18000 samples

[Setup] Built 2 edge servers (strategy=superclass_baked)
  Edge 0: 10 clients | 27000 samples
  Edge 1: 10 clients | 18000 samples
[Setup] Building per-edge test datasets (superclass-aware)...
[CloudServer] 2 edges | model: 22.33 MB

====================================================
 HierFAVG Training Start
====================================================

[Round   1] Broadcasting to 2 edges...
  [Edge 0] W_n reset to global weights for new round.
  [Edge 1] W_n reset to global weights for new round.
  [Edge 0] G1 | E1 | Hier-pFedMe | Selected 10/10
  [Client  3] Received edge weights.
  [Client  6] Received edge weights.
  [Client  9] Received edge weights.
  [Client  8] Received edge weights.
  [Client  7] Received edge weights.
  [Client  1] Received edge weights.
  [Client  4] Received edge weights.
  [Client  0] Received edge weights.
  [Client  5] Received edge weights.
  [Client  2] Received edge weights.
  [Client  8] Round 1 | Hier-pFedMe(λ2=35.0,K=3) | loss=0.0000
  [Client  3] Round 1 | Hier-pFedMe(λ2=35.0,K=3) | loss=18.4816
  [Client  9] Round 1 | Hier-pFedMe(λ2=35.0,K=3) | loss=0.0000  [Client  6] Round 1 | Hier-pFedMe(λ2=35.0,K=3) | loss=12.5648

  [Client  7] Round 1 | Hier-pFedMe(λ2=35.0,K=3) | loss=21.2673
  [Client  1] Round 1 | Hier-pFedMe(λ2=35.0,K=3) | loss=22.7964
  [Client  4] Round 1 | Hier-pFedMe(λ2=35.0,K=3) | loss=20.6336
  [Client  0] Round 1 | Hier-pFedMe(λ2=35.0,K=3) | loss=17.0461
  [Client  5] Round 1 | Hier-pFedMe(λ2=35.0,K=3) | loss=1.1152
  [Client  2] Round 1 | Hier-pFedMe(λ2=35.0,K=3) | loss=5.9483
[C3] eval model[0] mean=0.000915 | θ̃ mean=0.000915 | edge mean=0.000023 |local ref=0.000648
[C3] n=1000 | classes=[5, 7] | acc=0.4990 | per_class={5: '0.79', 7: '0.20'}
  [Edge 0] G1 | E1 | Received update from Client 3
[C6] eval model[0] mean=-0.000234 | θ̃ mean=-0.000234 | edge mean=0.000023 |local ref=-0.000157
[C6] n=1000 | classes=[6, 7] | acc=0.5070 | per_class={6: '0.00', 7: '1.00'}
  [Edge 0] G1 | E1 | Received update from Client 6
[C9] eval model[0] mean=0.000234 | θ̃ mean=0.000234 | edge mean=0.000023 |local ref=0.000171
[C9] n=500 | classes=[4] | acc=1.0000 | per_class={4: '1.00'}
  [Edge 0] G1 | E1 | Received update from Client 9
[C8] eval model[0] mean=0.000774 | θ̃ mean=0.000774 | edge mean=0.000023 |local ref=0.000549
[C8] n=500 | classes=[4] | acc=1.0000 | per_class={4: '1.00'}
  [Edge 0] G1 | E1 | Received update from Client 8
[C7] eval model[0] mean=0.001292 | θ̃ mean=0.001292 | edge mean=0.000023 |local ref=0.000911
[C7] n=1000 | classes=[3, 5] | acc=0.1910 | per_class={3: '0.04', 5: '0.34'}
  [Edge 0] G1 | E1 | Received update from Client 7
[C1] eval model[0] mean=0.000711 | θ̃ mean=0.000711 | edge mean=0.000023 |local ref=0.000505
[C1] n=1000 | classes=[3, 6] | acc=0.4740 | per_class={3: '0.00', 6: '0.97'}
  [Edge 0] G1 | E1 | Received update from Client 1
[C4] eval model[0] mean=0.003037 | θ̃ mean=0.003037 | edge mean=0.000023 |local ref=0.002133
[C4] n=1000 | classes=[2, 7] | acc=0.4930 | per_class={2: '0.00', 7: '1.00'}
  [Edge 0] G1 | E1 | Received update from Client 4
[C0] eval model[0] mean=0.000662 | θ̃ mean=0.000662 | edge mean=0.000023 |local ref=0.000471
[C0] n=1000 | classes=[3, 6] | acc=0.4890 | per_class={3: '0.00', 6: '1.00'}
  [Edge 0] G1 | E1 | Received update from Client 0
[C5] eval model[0] mean=-0.001458 | θ̃ mean=-0.001458 | edge mean=0.000023 |local ref=-0.001013
[C5] n=1000 | classes=[2, 4] | acc=0.5100 | per_class={2: '1.00', 4: '0.00'}
  [Edge 0] G1 | E1 | Received update from Client 5
[C2] eval model[0] mean=-0.001297 | θ̃ mean=-0.001297 | edge mean=0.000023 |local ref=-0.000901
[C2] n=1000 | classes=[2, 5] | acc=0.5070 | per_class={2: '1.00', 5: '0.00'}
  [Edge 0] G1 | E1 | Received update from Client 2
  [Edge 0] G1 | E1 | loss=13.3170
  [Edge 0] G1 | E2 | Hier-pFedMe | Selected 10/10
  [Client  3] Received edge weights.
  [Client  0] Received edge weights.
  [Client  7] Received edge weights.
  [Client  9] Received edge weights.
  [Client  6] Received edge weights.
  [Client  4] Received edge weights.
  [Client  2] Received edge weights.
  [Client  8] Received edge weights.
  [Client  5] Received edge weights.
  [Client  1] Received edge weights.
  [Client  0] Round 1 | Hier-pFedMe(λ2=35.0,K=3) | loss=0.4902
  [Client  9] Round 1 | Hier-pFedMe(λ2=35.0,K=3) | loss=0.0000  [Client  7] Round 1 | Hier-pFedMe(λ2=35.0,K=3) | loss=0.4801

  [Client  3] Round 1 | Hier-pFedMe(λ2=35.0,K=3) | loss=0.3128
  [Client  6] Round 1 | Hier-pFedMe(λ2=35.0,K=3) | loss=1.2524
  [Client  2] Round 1 | Hier-pFedMe(λ2=35.0,K=3) | loss=3.2586
  [Client  4] Round 1 | Hier-pFedMe(λ2=35.0,K=3) | loss=3.6864
  [Client  8] Round 1 | Hier-pFedMe(λ2=35.0,K=3) | loss=0.0000
  [Client  5] Round 1 | Hier-pFedMe(λ2=35.0,K=3) | loss=6.0747
  [Client  1] Round 1 | Hier-pFedMe(λ2=35.0,K=3) | loss=1.0432
[C3] eval model[0] mean=0.000366 | θ̃ mean=0.000366 | edge mean=0.000332 |local ref=0.000356
[C3] n=1000 | classes=[5, 7] | acc=0.5060 | per_class={5: '1.00', 7: '0.00'}
  [Edge 0] G1 | E2 | Received update from Client 3
[C0] eval model[0] mean=-0.001053 | θ̃ mean=-0.001053 | edge mean=0.000332 |local ref=-0.000638
[C0] n=1000 | classes=[3, 6] | acc=0.5110 | per_class={3: '1.00', 6: '0.00'}
  [Edge 0] G1 | E2 | Received update from Client 0
[C7] eval model[0] mean=0.001314 | θ̃ mean=0.001314 | edge mean=0.000332 |local ref=0.001019
[C7] n=1000 | classes=[3, 5] | acc=0.5190 | per_class={3: '0.08', 5: '0.94'}
  [Edge 0] G1 | E2 | Received update from Client 7
[C9] eval model[0] mean=0.001656 | θ̃ mean=0.001656 | edge mean=0.000332 |local ref=0.001259
[C9] n=500 | classes=[4] | acc=1.0000 | per_class={4: '1.00'}
  [Edge 0] G1 | E2 | Received update from Client 9
[C6] eval model[0] mean=0.000495 | θ̃ mean=0.000495 | edge mean=0.000332 |local ref=0.000446
[C6] n=1000 | classes=[6, 7] | acc=0.4930 | per_class={6: '1.00', 7: '0.00'}
  [Edge 0] G1 | E2 | Received update from Client 6
[C4] eval model[0] mean=0.000553 | θ̃ mean=0.000553 | edge mean=0.000332 |local ref=0.000487
[C4] n=1000 | classes=[2, 7] | acc=0.5070 | per_class={2: '1.00', 7: '0.00'}
  [Edge 0] G1 | E2 | Received update from Client 4
[C2] eval model[0] mean=0.001003 | θ̃ mean=0.001003 | edge mean=0.000332 |local ref=0.000802
[C2] n=1000 | classes=[2, 5] | acc=0.4930 | per_class={2: '0.00', 5: '1.00'}
  [Edge 0] G1 | E2 | Received update from Client 2
[C8] eval model[0] mean=0.000931 | θ̃ mean=0.000931 | edge mean=0.000332 |local ref=0.000752
[C8] n=500 | classes=[4] | acc=1.0000 | per_class={4: '1.00'}
  [Edge 0] G1 | E2 | Received update from Client 8
[C5] eval model[0] mean=0.001557 | θ̃ mean=0.001557 | edge mean=0.000332 |local ref=0.001189
[C5] n=1000 | classes=[2, 4] | acc=0.5100 | per_class={2: '1.00', 4: '0.00'}
  [Edge 0] G1 | E2 | Received update from Client 5
[C1] eval model[0] mean=0.000319 | θ̃ mean=0.000319 | edge mean=0.000332 |local ref=0.000323
[C1] n=1000 | classes=[3, 6] | acc=0.5150 | per_class={3: '1.00', 6: '0.00'}
  [Edge 0] G1 | E2 | Received update from Client 1
  [Edge 0] G1 | E2 | loss=1.8443
  [Edge 0] G1 | E3 | Hier-pFedMe | Selected 10/10
  [Client  9] Received edge weights.
  [Client  7] Received edge weights.
  [Client  8] Received edge weights.
  [Client  6] Received edge weights.
  [Client  4] Received edge weights.
  [Client  1] Received edge weights.
  [Client  0] Received edge weights.
  [Client  3] Received edge weights.
  [Client  5] Received edge weights.
  [Client  2] Received edge weights.
  [Client  9] Round 1 | Hier-pFedMe(λ2=35.0,K=3) | loss=0.0000
  [Client  6] Round 1 | Hier-pFedMe(λ2=35.0,K=3) | loss=1.3709
  [Client  7] Round 1 | Hier-pFedMe(λ2=35.0,K=3) | loss=5.0467  [Client  8] Round 1 | Hier-pFedMe(λ2=35.0,K=3) | loss=0.0000

  [Client  0] Round 1 | Hier-pFedMe(λ2=35.0,K=3) | loss=7.2391  [Client  4] Round 1 | Hier-pFedMe(λ2=35.0,K=3) | loss=2.9566

  [Client  1] Round 1 | Hier-pFedMe(λ2=35.0,K=3) | loss=3.9377
  [Client  3] Round 1 | Hier-pFedMe(λ2=35.0,K=3) | loss=1.5208
  [Client  2] Round 1 | Hier-pFedMe(λ2=35.0,K=3) | loss=0.1836
  [Client  5] Round 1 | Hier-pFedMe(λ2=35.0,K=3) | loss=5.9109
[C9] eval model[0] mean=0.000496 | θ̃ mean=0.000496 | edge mean=0.000535 |local ref=0.000507
[C9] n=500 | classes=[4] | acc=1.0000 | per_class={4: '1.00'}
  [Edge 0] G1 | E3 | Received update from Client 9
[C7] eval model[0] mean=0.001138 | θ̃ mean=0.001138 | edge mean=0.000535 |local ref=0.000957
[C7] n=1000 | classes=[3, 5] | acc=0.5150 | per_class={3: '0.00', 5: '1.00'}
  [Edge 0] G1 | E3 | Received update from Client 7
[C8] eval model[0] mean=0.000710 | θ̃ mean=0.000710 | edge mean=0.000535 |local ref=0.000658
[C8] n=500 | classes=[4] | acc=1.0000 | per_class={4: '1.00'}
  [Edge 0] G1 | E3 | Received update from Client 8
[C6] eval model[0] mean=0.000748 | θ̃ mean=0.000748 | edge mean=0.000535 |local ref=0.000684
[C6] n=1000 | classes=[6, 7] | acc=0.5350 | per_class={6: '0.92', 7: '0.16'}
  [Edge 0] G1 | E3 | Received update from Client 6
[C4] eval model[0] mean=0.000818 | θ̃ mean=0.000818 | edge mean=0.000535 |local ref=0.000733
[C4] n=1000 | classes=[2, 7] | acc=0.1290 | per_class={2: '0.25', 7: '0.00'}
  [Edge 0] G1 | E3 | Received update from Client 4
[C1] eval model[0] mean=-0.002095 | θ̃ mean=-0.002095 | edge mean=0.000535 |local ref=-0.001306
[C1] n=1000 | classes=[3, 6] | acc=0.4780 | per_class={3: '0.93', 6: '0.00'}
  [Edge 0] G1 | E3 | Received update from Client 1
[C0] eval model[0] mean=-0.000118 | θ̃ mean=-0.000118 | edge mean=0.000535 |local ref=0.000078
[C0] n=1000 | classes=[3, 6] | acc=0.1500 | per_class={3: '0.29', 6: '0.00'}
  [Edge 0] G1 | E3 | Received update from Client 0
[C3] eval model[0] mean=-0.001336 | θ̃ mean=-0.001336 | edge mean=0.000535 |local ref=-0.000775
[C3] n=1000 | classes=[5, 7] | acc=0.4940 | per_class={5: '0.00', 7: '1.00'}
  [Edge 0] G1 | E3 | Received update from Client 3
[C5] eval model[0] mean=0.000548 | θ̃ mean=0.000548 | edge mean=0.000535 |local ref=0.000544
[C5] n=1000 | classes=[2, 4] | acc=0.4780 | per_class={2: '0.60', 4: '0.36'}
  [Edge 0] G1 | E3 | Received update from Client 5
[C2] eval model[0] mean=0.001287 | θ̃ mean=0.001287 | edge mean=0.000535 |local ref=0.001062
[C2] n=1000 | classes=[2, 5] | acc=0.5090 | per_class={2: '1.00', 5: '0.00'}
  [Edge 0] G1 | E3 | Received update from Client 2
  [Edge 0] G1 | E3 | loss=3.1296
  [Edge 0] G1 | E4 | Hier-pFedMe | Selected 10/10
  [Client  8] Received edge weights.
  [Client  6] Received edge weights.
  [Client  0] Received edge weights.
  [Client  9] Received edge weights.
  [Client  7] Received edge weights.
  [Client  3] Received edge weights.
  [Client  5] Received edge weights.
  [Client  2] Received edge weights.
  [Client  1] Received edge weights.
  [Client  4] Received edge weights.
  [Client  8] Round 1 | Hier-pFedMe(λ2=35.0,K=3) | loss=0.0058
  [Client  0] Round 1 | Hier-pFedMe(λ2=35.0,K=3) | loss=0.4790
  [Client  6] Round 1 | Hier-pFedMe(λ2=35.0,K=3) | loss=0.6540  [Client  9] Round 1 | Hier-pFedMe(λ2=35.0,K=3) | loss=0.0112

  [Client  7] Round 1 | Hier-pFedMe(λ2=35.0,K=3) | loss=0.3263
  [Client  3] Round 1 | Hier-pFedMe(λ2=35.0,K=3) | loss=2.2925
  [Client  5] Round 1 | Hier-pFedMe(λ2=35.0,K=3) | loss=1.0650
  [Client  2] Round 1 | Hier-pFedMe(λ2=35.0,K=3) | loss=1.5838
  [Client  1] Round 1 | Hier-pFedMe(λ2=35.0,K=3) | loss=0.6249
  [Client  4] Round 1 | Hier-pFedMe(λ2=35.0,K=3) | loss=0.7993
[C8] eval model[0] mean=0.000227 | θ̃ mean=0.000227 | edge mean=0.000252 |local ref=0.000235
[C8] n=500 | classes=[4] | acc=1.0000 | per_class={4: '1.00'}
  [Edge 0] G1 | E4 | Received update from Client 8
[C6] eval model[0] mean=-0.000049 | θ̃ mean=-0.000049 | edge mean=0.000252 |local ref=0.000041
[C6] n=1000 | classes=[6, 7] | acc=0.5020 | per_class={6: '0.02', 7: '0.97'}
  [Edge 0] G1 | E4 | Received update from Client 6
[C0] eval model[0] mean=0.000215 | θ̃ mean=0.000215 | edge mean=0.000252 |local ref=0.000226
[C0] n=1000 | classes=[3, 6] | acc=0.4890 | per_class={3: '0.00', 6: '1.00'}
  [Edge 0] G1 | E4 | Received update from Client 0
[C9] eval model[0] mean=0.000026 | θ̃ mean=0.000026 | edge mean=0.000252 |local ref=0.000094
[C9] n=500 | classes=[4] | acc=1.0000 | per_class={4: '1.00'}
  [Edge 0] G1 | E4 | Received update from Client 9
[C7] eval model[0] mean=0.000804 | θ̃ mean=0.000804 | edge mean=0.000252 |local ref=0.000639
[C7] n=1000 | classes=[3, 5] | acc=0.4850 | per_class={3: '1.00', 5: '0.00'}
  [Edge 0] G1 | E4 | Received update from Client 7
[C3] eval model[0] mean=-0.000311 | θ̃ mean=-0.000311 | edge mean=0.000252 |local ref=-0.000142
[C3] n=1000 | classes=[5, 7] | acc=0.5060 | per_class={5: '1.00', 7: '0.00'}
  [Edge 0] G1 | E4 | Received update from Client 3
[C5] eval model[0] mean=0.000269 | θ̃ mean=0.000269 | edge mean=0.000252 |local ref=0.000264
[C5] n=1000 | classes=[2, 4] | acc=0.4900 | per_class={2: '0.00', 4: '1.00'}
  [Edge 0] G1 | E4 | Received update from Client 5
[C2] eval model[0] mean=0.000682 | θ̃ mean=0.000682 | edge mean=0.000252 |local ref=0.000553
[C2] n=1000 | classes=[2, 5] | acc=0.5520 | per_class={2: '0.86', 5: '0.24'}
  [Edge 0] G1 | E4 | Received update from Client 2
[C1] eval model[0] mean=0.000393 | θ̃ mean=0.000393 | edge mean=0.000252 |local ref=0.000351
[C1] n=1000 | classes=[3, 6] | acc=0.5150 | per_class={3: '1.00', 6: '0.00'}
  [Edge 0] G1 | E4 | Received update from Client 1
[C4] eval model[0] mean=0.000200 | θ̃ mean=0.000200 | edge mean=0.000252 |local ref=0.000216
[C4] n=1000 | classes=[2, 7] | acc=0.4930 | per_class={2: '0.00', 7: '1.00'}
  [Edge 0] G1 | E4 | Received update from Client 4
  [Edge 0] G1 | E4 | loss=0.8704
  [Edge 0] G1 | E5 | Hier-pFedMe | Selected 10/10
  [Client  8] Received edge weights.
  [Client  1] Received edge weights.
  [Client  7] Received edge weights.
  [Client  4] Received edge weights.
  [Client  5] Received edge weights.
  [Client  9] Received edge weights.
  [Client  3] Received edge weights.
  [Client  0] Received edge weights.
  [Client  6] Received edge weights.
  [Client  2] Received edge weights.
  [Client  8] Round 1 | Hier-pFedMe(λ2=35.0,K=3) | loss=0.0026
  [Client  4] Round 1 | Hier-pFedMe(λ2=35.0,K=3) | loss=4.4257
  [Client  7] Round 1 | Hier-pFedMe(λ2=35.0,K=3) | loss=3.3950  [Client  1] Round 1 | Hier-pFedMe(λ2=35.0,K=3) | loss=2.9778

  [Client  5] Round 1 | Hier-pFedMe(λ2=35.0,K=3) | loss=1.4851
  [Client  9] Round 1 | Hier-pFedMe(λ2=35.0,K=3) | loss=0.0020
  [Client  0] Round 1 | Hier-pFedMe(λ2=35.0,K=3) | loss=4.6792
  [Client  3] Round 1 | Hier-pFedMe(λ2=35.0,K=3) | loss=2.0678
  [Client  6] Round 1 | Hier-pFedMe(λ2=35.0,K=3) | loss=1.9011  [Client  2] Round 1 | Hier-pFedMe(λ2=35.0,K=3) | loss=0.4628

[C8] eval model[0] mean=0.000541 | θ̃ mean=0.000541 | edge mean=0.000288 |local ref=0.000465
[C8] n=500 | classes=[4] | acc=1.0000 | per_class={4: '1.00'}
  [Edge 0] G1 | E5 | Received update from Client 8
[C1] eval model[0] mean=0.000469 | θ̃ mean=0.000469 | edge mean=0.000288 |local ref=0.000415
[C1] n=1000 | classes=[3, 6] | acc=0.5150 | per_class={3: '1.00', 6: '0.00'}
  [Edge 0] G1 | E5 | Received update from Client 1
[C7] eval model[0] mean=0.002482 | θ̃ mean=0.002482 | edge mean=0.000288 |local ref=0.001824
[C7] n=1000 | classes=[3, 5] | acc=0.4850 | per_class={3: '1.00', 5: '0.00'}
  [Edge 0] G1 | E5 | Received update from Client 7
[C4] eval model[0] mean=0.000580 | θ̃ mean=0.000580 | edge mean=0.000288 |local ref=0.000493
[C4] n=1000 | classes=[2, 7] | acc=0.5070 | per_class={2: '1.00', 7: '0.00'}
  [Edge 0] G1 | E5 | Received update from Client 4
[C5] eval model[0] mean=0.000326 | θ̃ mean=0.000326 | edge mean=0.000288 |local ref=0.000315
[C5] n=1000 | classes=[2, 4] | acc=0.5100 | per_class={2: '1.00', 4: '0.00'}
  [Edge 0] G1 | E5 | Received update from Client 5
[C9] eval model[0] mean=0.000511 | θ̃ mean=0.000511 | edge mean=0.000288 |local ref=0.000444
[C9] n=500 | classes=[4] | acc=1.0000 | per_class={4: '1.00'}
  [Edge 0] G1 | E5 | Received update from Client 9
[C3] eval model[0] mean=0.001045 | θ̃ mean=0.001045 | edge mean=0.000288 |local ref=0.000818
[C3] n=1000 | classes=[5, 7] | acc=0.5140 | per_class={5: '0.08', 7: '0.96'}
  [Edge 0] G1 | E5 | Received update from Client 3
[C0] eval model[0] mean=-0.000797 | θ̃ mean=-0.000797 | edge mean=0.000288 |local ref=-0.000471
[C0] n=1000 | classes=[3, 6] | acc=0.5800 | per_class={3: '0.31', 6: '0.86'}
  [Edge 0] G1 | E5 | Received update from Client 0
[C6] eval model[0] mean=0.000719 | θ̃ mean=0.000719 | edge mean=0.000288 |local ref=0.000590
[C6] n=1000 | classes=[6, 7] | acc=0.4930 | per_class={6: '1.00', 7: '0.00'}
  [Edge 0] G1 | E5 | Received update from Client 6
[C2] eval model[0] mean=-0.000135 | θ̃ mean=-0.000135 | edge mean=0.000288 |local ref=-0.000008
[C2] n=1000 | classes=[2, 5] | acc=0.5070 | per_class={2: '1.00', 5: '0.00'}
  [Edge 0] G1 | E5 | Received update from Client 2
  [Edge 0] G1 | E5 | loss=2.3774
  [Edge 1] G1 | E1 | Hier-pFedMe | Selected 10/10
  [Client 10] Received edge weights.
  [Client 19] Received edge weights.
  [Client 13] Received edge weights.
  [Client 17] Received edge weights.
  [Client 12] Received edge weights.
  [Client 14] Received edge weights.
  [Client 15] Received edge weights.
  [Client 11] Received edge weights.
  [Client 16] Received edge weights.
  [Client 18] Received edge weights.
  [Client 17] Round 1 | Hier-pFedMe(λ2=35.0,K=3) | loss=29.2384
  [Client 19] Round 1 | Hier-pFedMe(λ2=35.0,K=3) | loss=0.1125
  [Client 13] Round 1 | Hier-pFedMe(λ2=35.0,K=3) | loss=19.0268
  [Client 10] Round 1 | Hier-pFedMe(λ2=35.0,K=3) | loss=5.5624
  [Client 12] Round 1 | Hier-pFedMe(λ2=35.0,K=3) | loss=25.8583
  [Client 14] Round 1 | Hier-pFedMe(λ2=35.0,K=3) | loss=8.8768
  [Client 15] Round 1 | Hier-pFedMe(λ2=35.0,K=3) | loss=22.1322
  [Client 11] Round 1 | Hier-pFedMe(λ2=35.0,K=3) | loss=21.8163
  [Client 16] Round 1 | Hier-pFedMe(λ2=35.0,K=3) | loss=20.6892
  [Client 18] Round 1 | Hier-pFedMe(λ2=35.0,K=3) | loss=27.4225
[C10] eval model[0] mean=-0.000281 | θ̃ mean=-0.000281 | edge mean=0.000023 |local ref=-0.000189
[C10] n=600 | classes=[8, 9] | acc=0.4867 | per_class={8: '1.00', 9: '0.00'}
  [Edge 1] G1 | E1 | Received update from Client 10
[C19] eval model[0] mean=0.000085 | θ̃ mean=0.000085 | edge mean=0.000023 |local ref=0.000066
[C19] n=600 | classes=[0, 9] | acc=0.4767 | per_class={0: '1.00', 9: '0.00'}
  [Edge 1] G1 | E1 | Received update from Client 19
[C13] eval model[0] mean=-0.000747 | θ̃ mean=-0.000747 | edge mean=0.000023 |local ref=-0.000516
[C13] n=600 | classes=[0, 8] | acc=0.5183 | per_class={0: '1.00', 8: '0.00'}
  [Edge 1] G1 | E1 | Received update from Client 13
[C17] eval model[0] mean=0.000111 | θ̃ mean=0.000111 | edge mean=0.000023 |local ref=0.000084
[C17] n=600 | classes=[1, 9] | acc=0.5183 | per_class={1: '0.00', 9: '1.00'}
  [Edge 1] G1 | E1 | Received update from Client 17
[C12] eval model[0] mean=-0.000331 | θ̃ mean=-0.000331 | edge mean=0.000023 |local ref=-0.000224
[C12] n=600 | classes=[1, 8] | acc=0.6283 | per_class={1: '0.58', 8: '0.68'}
  [Edge 1] G1 | E1 | Received update from Client 12
[C14] eval model[0] mean=-0.000269 | θ̃ mean=-0.000269 | edge mean=0.000023 |local ref=-0.000182
[C14] n=600 | classes=[0, 9] | acc=0.4883 | per_class={0: '0.00', 9: '1.00'}
  [Edge 1] G1 | E1 | Received update from Client 14
[C15] eval model[0] mean=-0.002403 | θ̃ mean=-0.002403 | edge mean=0.000023 |local ref=-0.001675
[C15] n=600 | classes=[0, 8] | acc=0.4450 | per_class={0: '0.00', 8: '0.90'}
  [Edge 1] G1 | E1 | Received update from Client 15
[C11] eval model[0] mean=0.002706 | θ̃ mean=0.002706 | edge mean=0.000023 |local ref=0.001901
[C11] n=600 | classes=[0, 1] | acc=0.5867 | per_class={0: '0.46', 1: '0.72'}
  [Edge 1] G1 | E1 | Received update from Client 11
[C16] eval model[0] mean=0.000502 | θ̃ mean=0.000502 | edge mean=0.000023 |local ref=0.000358
[C16] n=600 | classes=[1, 8] | acc=0.4850 | per_class={1: '0.30', 8: '0.66'}
  [Edge 1] G1 | E1 | Received update from Client 16
[C18] eval model[0] mean=0.002320 | θ̃ mean=0.002320 | edge mean=0.000023 |local ref=0.001631
[C18] n=600 | classes=[1, 9] | acc=0.3567 | per_class={1: '0.68', 9: '0.01'}
  [Edge 1] G1 | E1 | Received update from Client 18
  [Edge 1] G1 | E1 | loss=18.0735
  [Edge 1] G1 | E2 | Hier-pFedMe | Selected 10/10
  [Client 11] Received edge weights.
  [Client 15] Received edge weights.
  [Client 19] Received edge weights.
  [Client 16] Received edge weights.
  [Client 18] Received edge weights.
  [Client 14] Received edge weights.
  [Client 17] Received edge weights.
  [Client 12] Received edge weights.
  [Client 13] Received edge weights.
  [Client 10] Received edge weights.
  [Client 16] Round 1 | Hier-pFedMe(λ2=35.0,K=3) | loss=3.2568  [Client 15] Round 1 | Hier-pFedMe(λ2=35.0,K=3) | loss=1.5502

  [Client 19] Round 1 | Hier-pFedMe(λ2=35.0,K=3) | loss=0.1723
  [Client 11] Round 1 | Hier-pFedMe(λ2=35.0,K=3) | loss=3.1001
  [Client 18] Round 1 | Hier-pFedMe(λ2=35.0,K=3) | loss=3.0594
  [Client 14] Round 1 | Hier-pFedMe(λ2=35.0,K=3) | loss=0.5248
  [Client 17] Round 1 | Hier-pFedMe(λ2=35.0,K=3) | loss=0.6492
  [Client 12] Round 1 | Hier-pFedMe(λ2=35.0,K=3) | loss=0.6718
  [Client 10] Round 1 | Hier-pFedMe(λ2=35.0,K=3) | loss=1.5819  [Client 13] Round 1 | Hier-pFedMe(λ2=35.0,K=3) | loss=2.3005

[C11] eval model[0] mean=0.000023 | θ̃ mean=0.000023 | edge mean=0.000125 |local ref=0.000053
[C11] n=600 | classes=[0, 1] | acc=0.5000 | per_class={0: '1.00', 1: '0.00'}
  [Edge 1] G1 | E2 | Received update from Client 11
[C15] eval model[0] mean=-0.000526 | θ̃ mean=-0.000526 | edge mean=0.000125 |local ref=-0.000331
[C15] n=600 | classes=[0, 8] | acc=0.5083 | per_class={0: '1.00', 8: '0.00'}
  [Edge 1] G1 | E2 | Received update from Client 15
[C19] eval model[0] mean=0.000080 | θ̃ mean=0.000080 | edge mean=0.000125 |local ref=0.000093
[C19] n=600 | classes=[0, 9] | acc=0.4767 | per_class={0: '1.00', 9: '0.00'}
  [Edge 1] G1 | E2 | Received update from Client 19
[C16] eval model[0] mean=-0.000361 | θ̃ mean=-0.000361 | edge mean=0.000125 |local ref=-0.000215
[C16] n=600 | classes=[1, 8] | acc=0.5150 | per_class={1: '0.00', 8: '1.00'}
  [Edge 1] G1 | E2 | Received update from Client 16
[C18] eval model[0] mean=0.000157 | θ̃ mean=0.000157 | edge mean=0.000125 |local ref=0.000147
[C18] n=600 | classes=[1, 9] | acc=0.4767 | per_class={1: '0.00', 9: '1.00'}
  [Edge 1] G1 | E2 | Received update from Client 18
[C14] eval model[0] mean=0.000321 | θ̃ mean=0.000321 | edge mean=0.000125 |local ref=0.000263
[C14] n=600 | classes=[0, 9] | acc=0.5117 | per_class={0: '1.00', 9: '0.00'}
  [Edge 1] G1 | E2 | Received update from Client 14
[C17] eval model[0] mean=0.001057 | θ̃ mean=0.001057 | edge mean=0.000125 |local ref=0.000777
[C17] n=600 | classes=[1, 9] | acc=0.5650 | per_class={1: '0.38', 9: '0.74'}
  [Edge 1] G1 | E2 | Received update from Client 17
[C12] eval model[0] mean=-0.000769 | θ̃ mean=-0.000769 | edge mean=0.000125 |local ref=-0.000501
[C12] n=600 | classes=[1, 8] | acc=0.4867 | per_class={1: '0.00', 8: '1.00'}
  [Edge 1] G1 | E2 | Received update from Client 12
[C13] eval model[0] mean=-0.000559 | θ̃ mean=-0.000559 | edge mean=0.000125 |local ref=-0.000354
[C13] n=600 | classes=[0, 8] | acc=0.4817 | per_class={0: '0.00', 8: '1.00'}
  [Edge 1] G1 | E2 | Received update from Client 13
[C10] eval model[0] mean=0.001496 | θ̃ mean=0.001496 | edge mean=0.000125 |local ref=0.001085
[C10] n=600 | classes=[8, 9] | acc=0.4867 | per_class={8: '1.00', 9: '0.00'}
  [Edge 1] G1 | E2 | Received update from Client 10
  [Edge 1] G1 | E2 | loss=1.6867
  [Edge 1] G1 | E3 | Hier-pFedMe | Selected 10/10
  [Client 10] Received edge weights.
  [Client 14] Received edge weights.
  [Client 15] Received edge weights.
  [Client 12] Received edge weights.
  [Client 18] Received edge weights.
  [Client 11] Received edge weights.
  [Client 16] Received edge weights.
  [Client 13] Received edge weights.
  [Client 17] Received edge weights.
  [Client 19] Received edge weights.
  [Client 14] Round 1 | Hier-pFedMe(λ2=35.0,K=3) | loss=1.6219
  [Client 15] Round 1 | Hier-pFedMe(λ2=35.0,K=3) | loss=0.9671  [Client 10] Round 1 | Hier-pFedMe(λ2=35.0,K=3) | loss=0.4421

  [Client 12] Round 1 | Hier-pFedMe(λ2=35.0,K=3) | loss=5.8651
  [Client 18] Round 1 | Hier-pFedMe(λ2=35.0,K=3) | loss=4.0501
  [Client 11] Round 1 | Hier-pFedMe(λ2=35.0,K=3) | loss=2.6867
  [Client 16] Round 1 | Hier-pFedMe(λ2=35.0,K=3) | loss=1.4590
  [Client 13] Round 1 | Hier-pFedMe(λ2=35.0,K=3) | loss=0.5595
  [Client 17] Round 1 | Hier-pFedMe(λ2=35.0,K=3) | loss=11.9080
  [Client 19] Round 1 | Hier-pFedMe(λ2=35.0,K=3) | loss=0.7334
[C10] eval model[0] mean=-0.000516 | θ̃ mean=-0.000516 | edge mean=0.000080 |local ref=-0.000337
[C10] n=600 | classes=[8, 9] | acc=0.4867 | per_class={8: '1.00', 9: '0.00'}
  [Edge 1] G1 | E3 | Received update from Client 10
[C14] eval model[0] mean=0.000946 | θ̃ mean=0.000946 | edge mean=0.000080 |local ref=0.000686
[C14] n=600 | classes=[0, 9] | acc=0.5117 | per_class={0: '1.00', 9: '0.00'}
  [Edge 1] G1 | E3 | Received update from Client 14
[C15] eval model[0] mean=0.002089 | θ̃ mean=0.002089 | edge mean=0.000080 |local ref=0.001487
[C15] n=600 | classes=[0, 8] | acc=0.5083 | per_class={0: '1.00', 8: '0.00'}
  [Edge 1] G1 | E3 | Received update from Client 15
[C12] eval model[0] mean=-0.001580 | θ̃ mean=-0.001580 | edge mean=0.000080 |local ref=-0.001082
[C12] n=600 | classes=[1, 8] | acc=0.4867 | per_class={1: '0.00', 8: '1.00'}
  [Edge 1] G1 | E3 | Received update from Client 12
[C18] eval model[0] mean=0.001388 | θ̃ mean=0.001388 | edge mean=0.000080 |local ref=0.000996
[C18] n=600 | classes=[1, 9] | acc=0.4767 | per_class={1: '0.00', 9: '1.00'}
  [Edge 1] G1 | E3 | Received update from Client 18
[C11] eval model[0] mean=-0.000205 | θ̃ mean=-0.000205 | edge mean=0.000080 |local ref=-0.000119
[C11] n=600 | classes=[0, 1] | acc=0.5000 | per_class={0: '1.00', 1: '0.00'}
  [Edge 1] G1 | E3 | Received update from Client 11
[C16] eval model[0] mean=0.001623 | θ̃ mean=0.001623 | edge mean=0.000080 |local ref=0.001160
[C16] n=600 | classes=[1, 8] | acc=0.5150 | per_class={1: '0.00', 8: '1.00'}
  [Edge 1] G1 | E3 | Received update from Client 16
[C13] eval model[0] mean=0.000857 | θ̃ mean=0.000857 | edge mean=0.000080 |local ref=0.000624
[C13] n=600 | classes=[0, 8] | acc=0.4850 | per_class={0: '0.88', 8: '0.06'}
  [Edge 1] G1 | E3 | Received update from Client 13
[C17] eval model[0] mean=0.000367 | θ̃ mean=0.000367 | edge mean=0.000080 |local ref=0.000281
[C17] n=600 | classes=[1, 9] | acc=0.4783 | per_class={1: '0.99', 9: '0.00'}
  [Edge 1] G1 | E3 | Received update from Client 17
[C19] eval model[0] mean=0.000412 | θ̃ mean=0.000412 | edge mean=0.000080 |local ref=0.000313
[C19] n=600 | classes=[0, 9] | acc=0.4767 | per_class={0: '1.00', 9: '0.00'}
  [Edge 1] G1 | E3 | Received update from Client 19
  [Edge 1] G1 | E3 | loss=3.0293
  [Edge 1] G1 | E4 | Hier-pFedMe | Selected 10/10
  [Client 12] Received edge weights.
  [Client 18] Received edge weights.
  [Client 14] Received edge weights.
  [Client 15] Received edge weights.
  [Client 10] Received edge weights.
  [Client 13] Received edge weights.
  [Client 11] Received edge weights.
  [Client 16] Received edge weights.
  [Client 19] Received edge weights.
  [Client 17] Received edge weights.
  [Client 18] Round 1 | Hier-pFedMe(λ2=35.0,K=3) | loss=0.5979
  [Client 15] Round 1 | Hier-pFedMe(λ2=35.0,K=3) | loss=0.4693
  [Client 12] Round 1 | Hier-pFedMe(λ2=35.0,K=3) | loss=0.4918
  [Client 14] Round 1 | Hier-pFedMe(λ2=35.0,K=3) | loss=0.3659
  [Client 10] Round 1 | Hier-pFedMe(λ2=35.0,K=3) | loss=0.3768
  [Client 13] Round 1 | Hier-pFedMe(λ2=35.0,K=3) | loss=0.9088
  [Client 11] Round 1 | Hier-pFedMe(λ2=35.0,K=3) | loss=0.4614
  [Client 16] Round 1 | Hier-pFedMe(λ2=35.0,K=3) | loss=1.5353
  [Client 19] Round 1 | Hier-pFedMe(λ2=35.0,K=3) | loss=0.2965
  [Client 17] Round 1 | Hier-pFedMe(λ2=35.0,K=3) | loss=0.5170
[C12] eval model[0] mean=0.000244 | θ̃ mean=0.000244 | edge mean=0.000404 |local ref=0.000292
[C12] n=600 | classes=[1, 8] | acc=0.6000 | per_class={1: '0.70', 8: '0.49'}
  [Edge 1] G1 | E4 | Received update from Client 12
[C18] eval model[0] mean=0.000987 | θ̃ mean=0.000987 | edge mean=0.000404 |local ref=0.000812
[C18] n=600 | classes=[1, 9] | acc=0.5233 | per_class={1: '1.00', 9: '0.00'}
  [Edge 1] G1 | E4 | Received update from Client 18
[C14] eval model[0] mean=-0.000167 | θ̃ mean=-0.000167 | edge mean=0.000404 |local ref=0.000004
[C14] n=600 | classes=[0, 9] | acc=0.5117 | per_class={0: '1.00', 9: '0.00'}
  [Edge 1] G1 | E4 | Received update from Client 14
[C15] eval model[0] mean=0.000034 | θ̃ mean=0.000034 | edge mean=0.000404 |local ref=0.000145
[C15] n=600 | classes=[0, 8] | acc=0.5083 | per_class={0: '1.00', 8: '0.00'}
  [Edge 1] G1 | E4 | Received update from Client 15
[C10] eval model[0] mean=0.000300 | θ̃ mean=0.000300 | edge mean=0.000404 |local ref=0.000331
[C10] n=600 | classes=[8, 9] | acc=0.5217 | per_class={8: '0.86', 9: '0.20'}
  [Edge 1] G1 | E4 | Received update from Client 10
[C13] eval model[0] mean=0.000890 | θ̃ mean=0.000890 | edge mean=0.000404 |local ref=0.000744
[C13] n=600 | classes=[0, 8] | acc=0.4817 | per_class={0: '0.00', 8: '1.00'}
  [Edge 1] G1 | E4 | Received update from Client 13
[C11] eval model[0] mean=0.000453 | θ̃ mean=0.000453 | edge mean=0.000404 |local ref=0.000439
[C11] n=600 | classes=[0, 1] | acc=0.5400 | per_class={0: '0.90', 1: '0.18'}
  [Edge 1] G1 | E4 | Received update from Client 11
[C16] eval model[0] mean=0.000776 | θ̃ mean=0.000776 | edge mean=0.000404 |local ref=0.000664
[C16] n=600 | classes=[1, 8] | acc=0.5550 | per_class={1: '0.10', 8: '0.98'}
  [Edge 1] G1 | E4 | Received update from Client 16
[C19] eval model[0] mean=0.000566 | θ̃ mean=0.000566 | edge mean=0.000404 |local ref=0.000517
[C19] n=600 | classes=[0, 9] | acc=0.5583 | per_class={0: '0.93', 9: '0.22'}
  [Edge 1] G1 | E4 | Received update from Client 19
[C17] eval model[0] mean=0.000598 | θ̃ mean=0.000598 | edge mean=0.000404 |local ref=0.000540
[C17] n=600 | classes=[1, 9] | acc=0.5567 | per_class={1: '0.79', 9: '0.34'}
  [Edge 1] G1 | E4 | Received update from Client 17
  [Edge 1] G1 | E4 | loss=0.6021
  [Edge 1] G1 | E5 | Hier-pFedMe | Selected 10/10
  [Client 13] Received edge weights.
  [Client 16] Received edge weights.
  [Client 18] Received edge weights.
  [Client 19] Received edge weights.
  [Client 17] Received edge weights.
  [Client 15] Received edge weights.
  [Client 12] Received edge weights.
  [Client 14] Received edge weights.
  [Client 11] Received edge weights.
  [Client 10] Received edge weights.
  [Client 16] Round 1 | Hier-pFedMe(λ2=35.0,K=3) | loss=0.0946  [Client 13] Round 1 | Hier-pFedMe(λ2=35.0,K=3) | loss=2.2159

  [Client 18] Round 1 | Hier-pFedMe(λ2=35.0,K=3) | loss=3.7238  [Client 19] Round 1 | Hier-pFedMe(λ2=35.0,K=3) | loss=0.5140

  [Client 15] Round 1 | Hier-pFedMe(λ2=35.0,K=3) | loss=1.6382  [Client 17] Round 1 | Hier-pFedMe(λ2=35.0,K=3) | loss=11.5541

  [Client 12] Round 1 | Hier-pFedMe(λ2=35.0,K=3) | loss=5.0230
  [Client 14] Round 1 | Hier-pFedMe(λ2=35.0,K=3) | loss=0.1891
  [Client 11] Round 1 | Hier-pFedMe(λ2=35.0,K=3) | loss=1.0383
  [Client 10] Round 1 | Hier-pFedMe(λ2=35.0,K=3) | loss=1.0645
[C13] eval model[0] mean=0.000359 | θ̃ mean=0.000359 | edge mean=0.000382 |local ref=0.000366
[C13] n=600 | classes=[0, 8] | acc=0.5117 | per_class={0: '0.83', 8: '0.17'}
  [Edge 1] G1 | E5 | Received update from Client 13
[C16] eval model[0] mean=0.000566 | θ̃ mean=0.000566 | edge mean=0.000382 |local ref=0.000510
[C16] n=600 | classes=[1, 8] | acc=0.5717 | per_class={1: '0.16', 8: '0.96'}
  [Edge 1] G1 | E5 | Received update from Client 16
[C18] eval model[0] mean=-0.000293 | θ̃ mean=-0.000293 | edge mean=0.000382 |local ref=-0.000090
[C18] n=600 | classes=[1, 9] | acc=0.4767 | per_class={1: '0.00', 9: '1.00'}
  [Edge 1] G1 | E5 | Received update from Client 18
[C19] eval model[0] mean=0.000850 | θ̃ mean=0.000850 | edge mean=0.000382 |local ref=0.000710
[C19] n=600 | classes=[0, 9] | acc=0.5117 | per_class={0: '0.98', 9: '0.09'}
  [Edge 1] G1 | E5 | Received update from Client 19
[C17] eval model[0] mean=-0.001086 | θ̃ mean=-0.001086 | edge mean=0.000382 |local ref=-0.000646
[C17] n=600 | classes=[1, 9] | acc=0.5283 | per_class={1: '0.14', 9: '0.89'}
  [Edge 1] G1 | E5 | Received update from Client 17
[C15] eval model[0] mean=0.000398 | θ̃ mean=0.000398 | edge mean=0.000382 |local ref=0.000393
[C15] n=600 | classes=[0, 8] | acc=0.5733 | per_class={0: '0.88', 8: '0.26'}
  [Edge 1] G1 | E5 | Received update from Client 15
[C12] eval model[0] mean=0.000087 | θ̃ mean=0.000087 | edge mean=0.000382 |local ref=0.000175
[C12] n=600 | classes=[1, 8] | acc=0.5133 | per_class={1: '1.00', 8: '0.00'}
  [Edge 1] G1 | E5 | Received update from Client 12
[C14] eval model[0] mean=0.000049 | θ̃ mean=0.000049 | edge mean=0.000382 |local ref=0.000149
[C14] n=600 | classes=[0, 9] | acc=0.5417 | per_class={0: '0.92', 9: '0.14'}
  [Edge 1] G1 | E5 | Received update from Client 14
[C11] eval model[0] mean=-0.000216 | θ̃ mean=-0.000216 | edge mean=0.000382 |local ref=-0.000037
[C11] n=600 | classes=[0, 1] | acc=0.5000 | per_class={0: '1.00', 1: '0.00'}
  [Edge 1] G1 | E5 | Received update from Client 11
[C10] eval model[0] mean=0.000240 | θ̃ mean=0.000240 | edge mean=0.000382 |local ref=0.000283
[C10] n=600 | classes=[8, 9] | acc=0.4867 | per_class={8: '1.00', 9: '0.00'}
  [Edge 1] G1 | E5 | Received update from Client 10
  [Edge 1] G1 | E5 | loss=2.7055
[C0] eval model[0] mean=-0.000797 | θ̃ mean=-0.000797 | edge mean=0.000288 |local ref=-0.000471
[C0] n=1000 | classes=[3, 6] | acc=0.5800 | per_class={3: '0.31', 6: '0.86'}
[C1] eval model[0] mean=0.000469 | θ̃ mean=0.000469 | edge mean=0.000288 |local ref=0.000415
[C1] n=1000 | classes=[3, 6] | acc=0.5150 | per_class={3: '1.00', 6: '0.00'}
[C2] eval model[0] mean=-0.000135 | θ̃ mean=-0.000135 | edge mean=0.000288 |local ref=-0.000008
[C2] n=1000 | classes=[2, 5] | acc=0.5070 | per_class={2: '1.00', 5: '0.00'}
[C3] eval model[0] mean=0.001045 | θ̃ mean=0.001045 | edge mean=0.000288 |local ref=0.000818
[C3] n=1000 | classes=[5, 7] | acc=0.5140 | per_class={5: '0.08', 7: '0.96'}
[C4] eval model[0] mean=0.000580 | θ̃ mean=0.000580 | edge mean=0.000288 |local ref=0.000493
[C4] n=1000 | classes=[2, 7] | acc=0.5070 | per_class={2: '1.00', 7: '0.00'}
[C5] eval model[0] mean=0.000326 | θ̃ mean=0.000326 | edge mean=0.000288 |local ref=0.000315
[C5] n=1000 | classes=[2, 4] | acc=0.5100 | per_class={2: '1.00', 4: '0.00'}
[C6] eval model[0] mean=0.000719 | θ̃ mean=0.000719 | edge mean=0.000288 |local ref=0.000590
[C6] n=1000 | classes=[6, 7] | acc=0.4930 | per_class={6: '1.00', 7: '0.00'}
[C7] eval model[0] mean=0.002482 | θ̃ mean=0.002482 | edge mean=0.000288 |local ref=0.001824
[C7] n=1000 | classes=[3, 5] | acc=0.4850 | per_class={3: '1.00', 5: '0.00'}
[C8] eval model[0] mean=0.000541 | θ̃ mean=0.000541 | edge mean=0.000288 |local ref=0.000465
[C8] n=500 | classes=[4] | acc=1.0000 | per_class={4: '1.00'}
[C9] eval model[0] mean=0.000511 | θ̃ mean=0.000511 | edge mean=0.000288 |local ref=0.000444
[C9] n=500 | classes=[4] | acc=1.0000 | per_class={4: '1.00'}
[C10] eval model[0] mean=0.000240 | θ̃ mean=0.000240 | edge mean=0.000382 |local ref=0.000283
[C10] n=600 | classes=[8, 9] | acc=0.4867 | per_class={8: '1.00', 9: '0.00'}
[C11] eval model[0] mean=-0.000216 | θ̃ mean=-0.000216 | edge mean=0.000382 |local ref=-0.000037
[C11] n=600 | classes=[0, 1] | acc=0.5000 | per_class={0: '1.00', 1: '0.00'}
[C12] eval model[0] mean=0.000087 | θ̃ mean=0.000087 | edge mean=0.000382 |local ref=0.000175
[C12] n=600 | classes=[1, 8] | acc=0.5133 | per_class={1: '1.00', 8: '0.00'}
[C13] eval model[0] mean=0.000359 | θ̃ mean=0.000359 | edge mean=0.000382 |local ref=0.000366
[C13] n=600 | classes=[0, 8] | acc=0.5117 | per_class={0: '0.83', 8: '0.17'}
[C14] eval model[0] mean=0.000049 | θ̃ mean=0.000049 | edge mean=0.000382 |local ref=0.000149
[C14] n=600 | classes=[0, 9] | acc=0.5417 | per_class={0: '0.92', 9: '0.14'}
[C15] eval model[0] mean=0.000398 | θ̃ mean=0.000398 | edge mean=0.000382 |local ref=0.000393
[C15] n=600 | classes=[0, 8] | acc=0.5733 | per_class={0: '0.88', 8: '0.26'}
[C16] eval model[0] mean=0.000566 | θ̃ mean=0.000566 | edge mean=0.000382 |local ref=0.000510
[C16] n=600 | classes=[1, 8] | acc=0.5717 | per_class={1: '0.16', 8: '0.96'}
[C17] eval model[0] mean=-0.001086 | θ̃ mean=-0.001086 | edge mean=0.000382 |local ref=-0.000646
[C17] n=600 | classes=[1, 9] | acc=0.5283 | per_class={1: '0.14', 9: '0.89'}
[C18] eval model[0] mean=-0.000293 | θ̃ mean=-0.000293 | edge mean=0.000382 |local ref=-0.000090
[C18] n=600 | classes=[1, 9] | acc=0.4767 | per_class={1: '0.00', 9: '1.00'}
[C19] eval model[0] mean=0.000850 | θ̃ mean=0.000850 | edge mean=0.000382 |local ref=0.000710
[C19] n=600 | classes=[0, 9] | acc=0.5117 | per_class={0: '0.98', 9: '0.09'}
  [Cloud] GM=0.1235 | EM=0.2017 PM=0.5493 | loss=2.3087 | time=141.8s | comm=4556.2MB (total=4556MB)

[Round   2] Broadcasting to 2 edges...
  [Edge 0] W_n reset to global weights for new round.
  [Edge 1] W_n reset to global weights for new round.
  [Edge 0] G2 | E1 | Hier-pFedMe | Selected 10/10
  [Client  9] Received edge weights.
  [Client  2] Received edge weights.
  [Client  6] Received edge weights.
  [Client  8] Received edge weights.
  [Client  5] Received edge weights.
  [Client  1] Received edge weights.
  [Client  4] Received edge weights.
  [Client  0] Received edge weights.
  [Client  7] Received edge weights.
  [Client  3] Received edge weights.
  [Client  9] Round 2 | Hier-pFedMe(λ2=35.0,K=3) | loss=0.0245
  [Client  2] Round 2 | Hier-pFedMe(λ2=35.0,K=3) | loss=0.3137
  [Client  8] Round 2 | Hier-pFedMe(λ2=35.0,K=3) | loss=0.0236
  [Client  6] Round 2 | Hier-pFedMe(λ2=35.0,K=3) | loss=0.3872
  [Client  5] Round 2 | Hier-pFedMe(λ2=35.0,K=3) | loss=0.4259
  [Client  1] Round 2 | Hier-pFedMe(λ2=35.0,K=3) | loss=0.4938
  [Client  4] Round 2 | Hier-pFedMe(λ2=35.0,K=3) | loss=0.4656
  [Client  0] Round 2 | Hier-pFedMe(λ2=35.0,K=3) | loss=0.5262
  [Client  7] Round 2 | Hier-pFedMe(λ2=35.0,K=3) | loss=0.5336
  [Client  3] Round 2 | Hier-pFedMe(λ2=35.0,K=3) | loss=1.0486
[C9] eval model[0] mean=0.000208 | θ̃ mean=0.000208 | edge mean=0.000329 |local ref=0.000244
[C9] n=500 | classes=[4] | acc=1.0000 | per_class={4: '1.00'}
  [Edge 0] G2 | E1 | Received update from Client 9
[C2] eval model[0] mean=0.000534 | θ̃ mean=0.000534 | edge mean=0.000329 |local ref=0.000472
[C2] n=1000 | classes=[2, 5] | acc=0.5260 | per_class={2: '0.96', 5: '0.08'}
  [Edge 0] G2 | E1 | Received update from Client 2
[C6] eval model[0] mean=0.000435 | θ̃ mean=0.000435 | edge mean=0.000329 |local ref=0.000403
[C6] n=1000 | classes=[6, 7] | acc=0.4930 | per_class={6: '1.00', 7: '0.00'}
  [Edge 0] G2 | E1 | Received update from Client 6
[C8] eval model[0] mean=0.000408 | θ̃ mean=0.000408 | edge mean=0.000329 |local ref=0.000385
[C8] n=500 | classes=[4] | acc=1.0000 | per_class={4: '1.00'}
  [Edge 0] G2 | E1 | Received update from Client 8
[C5] eval model[0] mean=0.000148 | θ̃ mean=0.000148 | edge mean=0.000329 |local ref=0.000202
[C5] n=1000 | classes=[2, 4] | acc=0.5100 | per_class={2: '1.00', 4: '0.00'}
  [Edge 0] G2 | E1 | Received update from Client 5
[C1] eval model[0] mean=0.000414 | θ̃ mean=0.000414 | edge mean=0.000329 |local ref=0.000388
[C1] n=1000 | classes=[3, 6] | acc=0.5260 | per_class={3: '0.84', 6: '0.19'}
  [Edge 0] G2 | E1 | Received update from Client 1
[C4] eval model[0] mean=0.000801 | θ̃ mean=0.000801 | edge mean=0.000329 |local ref=0.000660
[C4] n=1000 | classes=[2, 7] | acc=0.4900 | per_class={2: '0.00', 7: '0.99'}
  [Edge 0] G2 | E1 | Received update from Client 4
[C0] eval model[0] mean=-0.000512 | θ̃ mean=-0.000512 | edge mean=0.000329 |local ref=-0.000260
[C0] n=1000 | classes=[3, 6] | acc=0.4890 | per_class={3: '0.00', 6: '1.00'}
  [Edge 0] G2 | E1 | Received update from Client 0
[C7] eval model[0] mean=0.001097 | θ̃ mean=0.001097 | edge mean=0.000329 |local ref=0.000867
[C7] n=1000 | classes=[3, 5] | acc=0.5150 | per_class={3: '0.00', 5: '1.00'}
  [Edge 0] G2 | E1 | Received update from Client 7
[C3] eval model[0] mean=0.000513 | θ̃ mean=0.000513 | edge mean=0.000329 |local ref=0.000458
[C3] n=1000 | classes=[5, 7] | acc=0.5020 | per_class={5: '0.33', 7: '0.68'}
  [Edge 0] G2 | E1 | Received update from Client 3
  [Edge 0] G2 | E1 | loss=0.4687
  [Edge 0] G2 | E2 | Hier-pFedMe | Selected 10/10
  [Client  1] Received edge weights.
  [Client  5] Received edge weights.
  [Client  6] Received edge weights.
  [Client  8] Received edge weights.
  [Client  4] Received edge weights.
  [Client  3] Received edge weights.
  [Client  0] Received edge weights.
  [Client  7] Received edge weights.
  [Client  9] Received edge weights.
  [Client  2] Received edge weights.
  [Client  1] Round 2 | Hier-pFedMe(λ2=35.0,K=3) | loss=2.7499
  [Client  6] Round 2 | Hier-pFedMe(λ2=35.0,K=3) | loss=0.2771
  [Client  8] Round 2 | Hier-pFedMe(λ2=35.0,K=3) | loss=0.0180
  [Client  5] Round 2 | Hier-pFedMe(λ2=35.0,K=3) | loss=1.7363
  [Client  4] Round 2 | Hier-pFedMe(λ2=35.0,K=3) | loss=3.4165
  [Client  3] Round 2 | Hier-pFedMe(λ2=35.0,K=3) | loss=0.7913
  [Client  0] Round 2 | Hier-pFedMe(λ2=35.0,K=3) | loss=4.3649
  [Client  7] Round 2 | Hier-pFedMe(λ2=35.0,K=3) | loss=2.1318
  [Client  9] Round 2 | Hier-pFedMe(λ2=35.0,K=3) | loss=0.0166
  [Client  2] Round 2 | Hier-pFedMe(λ2=35.0,K=3) | loss=0.4879
[C1] eval model[0] mean=0.001605 | θ̃ mean=0.001605 | edge mean=0.000382 |local ref=0.001238
[C1] n=1000 | classes=[3, 6] | acc=0.4830 | per_class={3: '0.00', 6: '0.99'}
  [Edge 0] G2 | E2 | Received update from Client 1
[C5] eval model[0] mean=0.000496 | θ̃ mean=0.000496 | edge mean=0.000382 |local ref=0.000462
[C5] n=1000 | classes=[2, 4] | acc=0.5100 | per_class={2: '1.00', 4: '0.00'}
  [Edge 0] G2 | E2 | Received update from Client 5
[C6] eval model[0] mean=0.000089 | θ̃ mean=0.000089 | edge mean=0.000382 |local ref=0.000177
[C6] n=1000 | classes=[6, 7] | acc=0.5070 | per_class={6: '0.00', 7: '1.00'}
  [Edge 0] G2 | E2 | Received update from Client 6
[C8] eval model[0] mean=0.000590 | θ̃ mean=0.000590 | edge mean=0.000382 |local ref=0.000527
[C8] n=500 | classes=[4] | acc=1.0000 | per_class={4: '1.00'}
  [Edge 0] G2 | E2 | Received update from Client 8
[C4] eval model[0] mean=-0.001241 | θ̃ mean=-0.001241 | edge mean=0.000382 |local ref=-0.000754
[C4] n=1000 | classes=[2, 7] | acc=0.5070 | per_class={2: '1.00', 7: '0.00'}
  [Edge 0] G2 | E2 | Received update from Client 4
[C3] eval model[0] mean=0.000265 | θ̃ mean=0.000265 | edge mean=0.000382 |local ref=0.000300
[C3] n=1000 | classes=[5, 7] | acc=0.5060 | per_class={5: '1.00', 7: '0.00'}
  [Edge 0] G2 | E2 | Received update from Client 3
[C0] eval model[0] mean=0.000201 | θ̃ mean=0.000201 | edge mean=0.000382 |local ref=0.000255
[C0] n=1000 | classes=[3, 6] | acc=0.5110 | per_class={3: '1.00', 6: '0.00'}
  [Edge 0] G2 | E2 | Received update from Client 0
[C7] eval model[0] mean=-0.001499 | θ̃ mean=-0.001499 | edge mean=0.000382 |local ref=-0.000935
[C7] n=1000 | classes=[3, 5] | acc=0.4940 | per_class={3: '0.98', 5: '0.03'}
  [Edge 0] G2 | E2 | Received update from Client 7
[C9] eval model[0] mean=0.000404 | θ̃ mean=0.000404 | edge mean=0.000382 |local ref=0.000398
[C9] n=500 | classes=[4] | acc=1.0000 | per_class={4: '1.00'}
  [Edge 0] G2 | E2 | Received update from Client 9
[C2] eval model[0] mean=-0.000241 | θ̃ mean=-0.000241 | edge mean=0.000382 |local ref=-0.000054
[C2] n=1000 | classes=[2, 5] | acc=0.5470 | per_class={2: '0.47', 5: '0.62'}
  [Edge 0] G2 | E2 | Received update from Client 2
  [Edge 0] G2 | E2 | loss=1.7748
  [Edge 0] G2 | E3 | Hier-pFedMe | Selected 10/10
  [Client  6] Received edge weights.
  [Client  8] Received edge weights.
  [Client  3] Received edge weights.
  [Client  1] Received edge weights.
  [Client  9] Received edge weights.
  [Client  0] Received edge weights.
  [Client  5] Received edge weights.
  [Client  4] Received edge weights.
  [Client  7] Received edge weights.
  [Client  2] Received edge weights.
  [Client  6] Round 2 | Hier-pFedMe(λ2=35.0,K=3) | loss=0.3528
  [Client  1] Round 2 | Hier-pFedMe(λ2=35.0,K=3) | loss=0.4667
  [Client  3] Round 2 | Hier-pFedMe(λ2=35.0,K=3) | loss=0.3472
  [Client  8] Round 2 | Hier-pFedMe(λ2=35.0,K=3) | loss=0.0257
  [Client  9] Round 2 | Hier-pFedMe(λ2=35.0,K=3) | loss=0.0287
  [Client  5] Round 2 | Hier-pFedMe(λ2=35.0,K=3) | loss=0.5565
  [Client  4] Round 2 | Hier-pFedMe(λ2=35.0,K=3) | loss=0.5399
  [Client  0] Round 2 | Hier-pFedMe(λ2=35.0,K=3) | loss=0.7572
  [Client  7] Round 2 | Hier-pFedMe(λ2=35.0,K=3) | loss=0.4700
  [Client  2] Round 2 | Hier-pFedMe(λ2=35.0,K=3) | loss=0.3449
[C6] eval model[0] mean=0.000374 | θ̃ mean=0.000374 | edge mean=0.000150 |local ref=0.000307
[C6] n=1000 | classes=[6, 7] | acc=0.4870 | per_class={6: '0.66', 7: '0.32'}
  [Edge 0] G2 | E3 | Received update from Client 6
[C8] eval model[0] mean=0.000127 | θ̃ mean=0.000127 | edge mean=0.000150 |local ref=0.000134
[C8] n=500 | classes=[4] | acc=1.0000 | per_class={4: '1.00'}
  [Edge 0] G2 | E3 | Received update from Client 8
[C3] eval model[0] mean=-0.000422 | θ̃ mean=-0.000422 | edge mean=0.000150 |local ref=-0.000251
[C3] n=1000 | classes=[5, 7] | acc=0.5590 | per_class={5: '0.22', 7: '0.90'}
  [Edge 0] G2 | E3 | Received update from Client 3
[C1] eval model[0] mean=0.000148 | θ̃ mean=0.000148 | edge mean=0.000150 |local ref=0.000149
[C1] n=1000 | classes=[3, 6] | acc=0.5500 | per_class={3: '0.41', 6: '0.70'}
  [Edge 0] G2 | E3 | Received update from Client 1
[C9] eval model[0] mean=0.000321 | θ̃ mean=0.000321 | edge mean=0.000150 |local ref=0.000270
[C9] n=500 | classes=[4] | acc=1.0000 | per_class={4: '1.00'}
  [Edge 0] G2 | E3 | Received update from Client 9
[C0] eval model[0] mean=0.000142 | θ̃ mean=0.000142 | edge mean=0.000150 |local ref=0.000145
[C0] n=1000 | classes=[3, 6] | acc=0.4890 | per_class={3: '0.00', 6: '1.00'}
  [Edge 0] G2 | E3 | Received update from Client 0
[C5] eval model[0] mean=-0.000025 | θ̃ mean=-0.000025 | edge mean=0.000150 |local ref=0.000027
[C5] n=1000 | classes=[2, 4] | acc=0.5290 | per_class={2: '0.57', 4: '0.49'}
  [Edge 0] G2 | E3 | Received update from Client 5
[C4] eval model[0] mean=0.000305 | θ̃ mean=0.000305 | edge mean=0.000150 |local ref=0.000258
[C4] n=1000 | classes=[2, 7] | acc=0.5080 | per_class={2: '1.00', 7: '0.00'}
  [Edge 0] G2 | E3 | Received update from Client 4
[C7] eval model[0] mean=-0.000151 | θ̃ mean=-0.000151 | edge mean=0.000150 |local ref=-0.000061
[C7] n=1000 | classes=[3, 5] | acc=0.5200 | per_class={3: '0.02', 5: '0.99'}
  [Edge 0] G2 | E3 | Received update from Client 7
[C2] eval model[0] mean=0.000216 | θ̃ mean=0.000216 | edge mean=0.000150 |local ref=0.000196
[C2] n=1000 | classes=[2, 5] | acc=0.5410 | per_class={2: '0.84', 5: '0.23'}
  [Edge 0] G2 | E3 | Received update from Client 2
  [Edge 0] G2 | E3 | loss=0.4292
  [Edge 0] G2 | E4 | Hier-pFedMe | Selected 10/10
  [Client  5] Received edge weights.
  [Client  1] Received edge weights.
  [Client  6] Received edge weights.
  [Client  2] Received edge weights.
  [Client  8] Received edge weights.
  [Client  0] Received edge weights.
  [Client  7] Received edge weights.
  [Client  4] Received edge weights.
  [Client  3] Received edge weights.
  [Client  9] Received edge weights.
  [Client  2] Round 2 | Hier-pFedMe(λ2=35.0,K=3) | loss=0.6454
  [Client  6] Round 2 | Hier-pFedMe(λ2=35.0,K=3) | loss=0.2115
  [Client  1] Round 2 | Hier-pFedMe(λ2=35.0,K=3) | loss=1.1927
  [Client  5] Round 2 | Hier-pFedMe(λ2=35.0,K=3) | loss=0.6650
  [Client  8] Round 2 | Hier-pFedMe(λ2=35.0,K=3) | loss=0.0148
  [Client  7] Round 2 | Hier-pFedMe(λ2=35.0,K=3) | loss=1.1856
  [Client  0] Round 2 | Hier-pFedMe(λ2=35.0,K=3) | loss=3.0186
  [Client  4] Round 2 | Hier-pFedMe(λ2=35.0,K=3) | loss=4.2758
  [Client  3] Round 2 | Hier-pFedMe(λ2=35.0,K=3) | loss=0.4657
  [Client  9] Round 2 | Hier-pFedMe(λ2=35.0,K=3) | loss=0.0143
[C5] eval model[0] mean=0.000062 | θ̃ mean=0.000062 | edge mean=0.000163 |local ref=0.000092
[C5] n=1000 | classes=[2, 4] | acc=0.4900 | per_class={2: '0.00', 4: '1.00'}
  [Edge 0] G2 | E4 | Received update from Client 5
[C1] eval model[0] mean=-0.000401 | θ̃ mean=-0.000401 | edge mean=0.000163 |local ref=-0.000232
[C1] n=1000 | classes=[3, 6] | acc=0.6390 | per_class={3: '0.74', 6: '0.54'}
  [Edge 0] G2 | E4 | Received update from Client 1
[C6] eval model[0] mean=0.000330 | θ̃ mean=0.000330 | edge mean=0.000163 |local ref=0.000280
[C6] n=1000 | classes=[6, 7] | acc=0.4950 | per_class={6: '0.97', 7: '0.03'}
  [Edge 0] G2 | E4 | Received update from Client 6
[C2] eval model[0] mean=-0.000195 | θ̃ mean=-0.000195 | edge mean=0.000163 |local ref=-0.000088
[C2] n=1000 | classes=[2, 5] | acc=0.5380 | per_class={2: '0.96', 5: '0.11'}
  [Edge 0] G2 | E4 | Received update from Client 2
[C8] eval model[0] mean=0.000029 | θ̃ mean=0.000029 | edge mean=0.000163 |local ref=0.000069
[C8] n=500 | classes=[4] | acc=1.0000 | per_class={4: '1.00'}
  [Edge 0] G2 | E4 | Received update from Client 8
[C0] eval model[0] mean=-0.000550 | θ̃ mean=-0.000550 | edge mean=0.000163 |local ref=-0.000336
[C0] n=1000 | classes=[3, 6] | acc=0.5170 | per_class={3: '0.13', 6: '0.92'}
  [Edge 0] G2 | E4 | Received update from Client 0
[C7] eval model[0] mean=0.000126 | θ̃ mean=0.000126 | edge mean=0.000163 |local ref=0.000137
[C7] n=1000 | classes=[3, 5] | acc=0.4850 | per_class={3: '1.00', 5: '0.00'}
  [Edge 0] G2 | E4 | Received update from Client 7
[C4] eval model[0] mean=0.000341 | θ̃ mean=0.000341 | edge mean=0.000163 |local ref=0.000287
[C4] n=1000 | classes=[2, 7] | acc=0.5070 | per_class={2: '1.00', 7: '0.00'}
  [Edge 0] G2 | E4 | Received update from Client 4
[C3] eval model[0] mean=0.000264 | θ̃ mean=0.000264 | edge mean=0.000163 |local ref=0.000234
[C3] n=1000 | classes=[5, 7] | acc=0.5080 | per_class={5: '1.00', 7: '0.00'}
  [Edge 0] G2 | E4 | Received update from Client 3
[C9] eval model[0] mean=0.000182 | θ̃ mean=0.000182 | edge mean=0.000163 |local ref=0.000176
[C9] n=500 | classes=[4] | acc=1.0000 | per_class={4: '1.00'}
  [Edge 0] G2 | E4 | Received update from Client 9
  [Edge 0] G2 | E4 | loss=1.2972
  [Edge 0] G2 | E5 | Hier-pFedMe | Selected 10/10
  [Client  6] Received edge weights.
  [Client  2] Received edge weights.
  [Client  5] Received edge weights.
  [Client  1] Received edge weights.
  [Client  8] Received edge weights.
  [Client  9] Received edge weights.
  [Client  3] Received edge weights.
  [Client  7] Received edge weights.
  [Client  4] Received edge weights.
  [Client  0] Received edge weights.
  [Client  2] Round 2 | Hier-pFedMe(λ2=35.0,K=3) | loss=0.5910
  [Client  1] Round 2 | Hier-pFedMe(λ2=35.0,K=3) | loss=0.3488
  [Client  6] Round 2 | Hier-pFedMe(λ2=35.0,K=3) | loss=0.4919
  [Client  5] Round 2 | Hier-pFedMe(λ2=35.0,K=3) | loss=0.3736
  [Client  8] Round 2 | Hier-pFedMe(λ2=35.0,K=3) | loss=0.0286
  [Client  9] Round 2 | Hier-pFedMe(λ2=35.0,K=3) | loss=0.0160
  [Client  3] Round 2 | Hier-pFedMe(λ2=35.0,K=3) | loss=0.3107
  [Client  7] Round 2 | Hier-pFedMe(λ2=35.0,K=3) | loss=1.0497
  [Client  4] Round 2 | Hier-pFedMe(λ2=35.0,K=3) | loss=0.5551
  [Client  0] Round 2 | Hier-pFedMe(λ2=35.0,K=3) | loss=0.6175
[C6] eval model[0] mean=0.000403 | θ̃ mean=0.000403 | edge mean=0.000073 |local ref=0.000304
[C6] n=1000 | classes=[6, 7] | acc=0.5640 | per_class={6: '0.87', 7: '0.26'}
  [Edge 0] G2 | E5 | Received update from Client 6
[C2] eval model[0] mean=0.000336 | θ̃ mean=0.000336 | edge mean=0.000073 |local ref=0.000257
[C2] n=1000 | classes=[2, 5] | acc=0.5070 | per_class={2: '1.00', 5: '0.00'}
  [Edge 0] G2 | E5 | Received update from Client 2
[C5] eval model[0] mean=0.000509 | θ̃ mean=0.000509 | edge mean=0.000073 |local ref=0.000378
[C5] n=1000 | classes=[2, 4] | acc=0.5110 | per_class={2: '0.99', 4: '0.01'}
  [Edge 0] G2 | E5 | Received update from Client 5
[C1] eval model[0] mean=-0.000356 | θ̃ mean=-0.000356 | edge mean=0.000073 |local ref=-0.000227
[C1] n=1000 | classes=[3, 6] | acc=0.5090 | per_class={3: '0.06', 6: '0.99'}
  [Edge 0] G2 | E5 | Received update from Client 1
[C8] eval model[0] mean=0.000005 | θ̃ mean=0.000005 | edge mean=0.000073 |local ref=0.000025
[C8] n=500 | classes=[4] | acc=1.0000 | per_class={4: '1.00'}
  [Edge 0] G2 | E5 | Received update from Client 8
[C9] eval model[0] mean=0.000004 | θ̃ mean=0.000004 | edge mean=0.000073 |local ref=0.000024
[C9] n=500 | classes=[4] | acc=1.0000 | per_class={4: '1.00'}
  [Edge 0] G2 | E5 | Received update from Client 9
[C3] eval model[0] mean=-0.000410 | θ̃ mean=-0.000410 | edge mean=0.000073 |local ref=-0.000265
[C3] n=1000 | classes=[5, 7] | acc=0.5270 | per_class={5: '0.97', 7: '0.08'}
  [Edge 0] G2 | E5 | Received update from Client 3
[C7] eval model[0] mean=-0.000126 | θ̃ mean=-0.000126 | edge mean=0.000073 |local ref=-0.000066
[C7] n=1000 | classes=[3, 5] | acc=0.5380 | per_class={3: '0.38', 5: '0.69'}
  [Edge 0] G2 | E5 | Received update from Client 7
[C4] eval model[0] mean=-0.000255 | θ̃ mean=-0.000255 | edge mean=0.000073 |local ref=-0.000156
[C4] n=1000 | classes=[2, 7] | acc=0.5850 | per_class={2: '0.39', 7: '0.79'}
  [Edge 0] G2 | E5 | Received update from Client 4
[C0] eval model[0] mean=-0.000411 | θ̃ mean=-0.000411 | edge mean=0.000073 |local ref=-0.000266
[C0] n=1000 | classes=[3, 6] | acc=0.6090 | per_class={3: '0.53', 6: '0.69'}
  [Edge 0] G2 | E5 | Received update from Client 0
  [Edge 0] G2 | E5 | loss=0.4845
  [Edge 1] G2 | E1 | Hier-pFedMe | Selected 10/10
  [Client 14] Received edge weights.
  [Client 16] Received edge weights.
  [Client 17] Received edge weights.
  [Client 11] Received edge weights.
  [Client 13] Received edge weights.
  [Client 19] Received edge weights.
  [Client 12] Received edge weights.
  [Client 10] Received edge weights.
  [Client 15] Received edge weights.
  [Client 18] Received edge weights.
  [Client 16] Round 2 | Hier-pFedMe(λ2=35.0,K=3) | loss=0.5110
  [Client 11] Round 2 | Hier-pFedMe(λ2=35.0,K=3) | loss=0.2102
  [Client 17] Round 2 | Hier-pFedMe(λ2=35.0,K=3) | loss=0.7955
  [Client 14] Round 2 | Hier-pFedMe(λ2=35.0,K=3) | loss=0.2292
  [Client 13] Round 2 | Hier-pFedMe(λ2=35.0,K=3) | loss=0.4197
  [Client 19] Round 2 | Hier-pFedMe(λ2=35.0,K=3) | loss=0.2078
  [Client 12] Round 2 | Hier-pFedMe(λ2=35.0,K=3) | loss=0.5910
  [Client 10] Round 2 | Hier-pFedMe(λ2=35.0,K=3) | loss=0.4912
  [Client 15] Round 2 | Hier-pFedMe(λ2=35.0,K=3) | loss=0.3210
  [Client 18] Round 2 | Hier-pFedMe(λ2=35.0,K=3) | loss=0.5693
[C14] eval model[0] mean=0.000083 | θ̃ mean=0.000083 | edge mean=0.000329 |local ref=0.000157
[C14] n=600 | classes=[0, 9] | acc=0.5117 | per_class={0: '1.00', 9: '0.00'}
  [Edge 1] G2 | E1 | Received update from Client 14
[C16] eval model[0] mean=-0.000137 | θ̃ mean=-0.000137 | edge mean=0.000329 |local ref=0.000003
[C16] n=600 | classes=[1, 8] | acc=0.5150 | per_class={1: '0.00', 8: '1.00'}
  [Edge 1] G2 | E1 | Received update from Client 16
[C17] eval model[0] mean=0.000190 | θ̃ mean=0.000190 | edge mean=0.000329 |local ref=0.000232
[C17] n=600 | classes=[1, 9] | acc=0.5117 | per_class={1: '0.01', 9: '0.98'}
  [Edge 1] G2 | E1 | Received update from Client 17
[C11] eval model[0] mean=0.000350 | θ̃ mean=0.000350 | edge mean=0.000329 |local ref=0.000344
[C11] n=600 | classes=[0, 1] | acc=0.4983 | per_class={0: '1.00', 1: '0.00'}
  [Edge 1] G2 | E1 | Received update from Client 11
[C13] eval model[0] mean=0.000433 | θ̃ mean=0.000433 | edge mean=0.000329 |local ref=0.000402
[C13] n=600 | classes=[0, 8] | acc=0.4817 | per_class={0: '0.00', 8: '1.00'}
  [Edge 1] G2 | E1 | Received update from Client 13
[C19] eval model[0] mean=0.000215 | θ̃ mean=0.000215 | edge mean=0.000329 |local ref=0.000249
[C19] n=600 | classes=[0, 9] | acc=0.4767 | per_class={0: '1.00', 9: '0.00'}
  [Edge 1] G2 | E1 | Received update from Client 19
[C12] eval model[0] mean=0.000675 | θ̃ mean=0.000675 | edge mean=0.000329 |local ref=0.000571
[C12] n=600 | classes=[1, 8] | acc=0.4867 | per_class={1: '0.00', 8: '1.00'}
  [Edge 1] G2 | E1 | Received update from Client 12
[C10] eval model[0] mean=0.000593 | θ̃ mean=0.000593 | edge mean=0.000329 |local ref=0.000514
[C10] n=600 | classes=[8, 9] | acc=0.4867 | per_class={8: '1.00', 9: '0.00'}
  [Edge 1] G2 | E1 | Received update from Client 10
[C15] eval model[0] mean=0.000265 | θ̃ mean=0.000265 | edge mean=0.000329 |local ref=0.000284
[C15] n=600 | classes=[0, 8] | acc=0.5033 | per_class={0: '0.14', 8: '0.87'}
  [Edge 1] G2 | E1 | Received update from Client 15
[C18] eval model[0] mean=0.000397 | θ̃ mean=0.000397 | edge mean=0.000329 |local ref=0.000376
[C18] n=600 | classes=[1, 9] | acc=0.5917 | per_class={1: '0.69', 9: '0.48'}
  [Edge 1] G2 | E1 | Received update from Client 18
  [Edge 1] G2 | E1 | loss=0.4346
  [Edge 1] G2 | E2 | Hier-pFedMe | Selected 10/10
  [Client 12] Received edge weights.
  [Client 11] Received edge weights.
  [Client 10] Received edge weights.
  [Client 13] Received edge weights.
  [Client 17] Received edge weights.
  [Client 19] Received edge weights.
  [Client 16] Received edge weights.
  [Client 18] Received edge weights.
  [Client 15] Received edge weights.
  [Client 14] Received edge weights.
  [Client 12] Round 2 | Hier-pFedMe(λ2=35.0,K=3) | loss=2.2925
  [Client 10] Round 2 | Hier-pFedMe(λ2=35.0,K=3) | loss=0.2868
  [Client 13] Round 2 | Hier-pFedMe(λ2=35.0,K=3) | loss=1.9001
  [Client 11] Round 2 | Hier-pFedMe(λ2=35.0,K=3) | loss=1.0816
  [Client 17] Round 2 | Hier-pFedMe(λ2=35.0,K=3) | loss=9.7528
  [Client 19] Round 2 | Hier-pFedMe(λ2=35.0,K=3) | loss=0.2161
  [Client 16] Round 2 | Hier-pFedMe(λ2=35.0,K=3) | loss=0.6474
  [Client 18] Round 2 | Hier-pFedMe(λ2=35.0,K=3) | loss=1.6101
  [Client 15] Round 2 | Hier-pFedMe(λ2=35.0,K=3) | loss=0.6887
  [Client 14] Round 2 | Hier-pFedMe(λ2=35.0,K=3) | loss=0.1954
[C12] eval model[0] mean=0.001293 | θ̃ mean=0.001293 | edge mean=0.000313 |local ref=0.000999
[C12] n=600 | classes=[1, 8] | acc=0.4867 | per_class={1: '0.00', 8: '1.00'}
  [Edge 1] G2 | E2 | Received update from Client 12
[C11] eval model[0] mean=0.000144 | θ̃ mean=0.000144 | edge mean=0.000313 |local ref=0.000195
[C11] n=600 | classes=[0, 1] | acc=0.5700 | per_class={0: '0.92', 1: '0.22'}
  [Edge 1] G2 | E2 | Received update from Client 11
[C10] eval model[0] mean=0.000061 | θ̃ mean=0.000061 | edge mean=0.000313 |local ref=0.000137
[C10] n=600 | classes=[8, 9] | acc=0.4933 | per_class={8: '0.98', 9: '0.04'}
  [Edge 1] G2 | E2 | Received update from Client 10
[C13] eval model[0] mean=0.000403 | θ̃ mean=0.000403 | edge mean=0.000313 |local ref=0.000376
[C13] n=600 | classes=[0, 8] | acc=0.5183 | per_class={0: '1.00', 8: '0.00'}
  [Edge 1] G2 | E2 | Received update from Client 13
[C17] eval model[0] mean=0.000481 | θ̃ mean=0.000481 | edge mean=0.000313 |local ref=0.000431
[C17] n=600 | classes=[1, 9] | acc=0.3583 | per_class={1: '0.48', 9: '0.24'}
  [Edge 1] G2 | E2 | Received update from Client 17
[C19] eval model[0] mean=0.000397 | θ̃ mean=0.000397 | edge mean=0.000313 |local ref=0.000372
[C19] n=600 | classes=[0, 9] | acc=0.4767 | per_class={0: '0.99', 9: '0.01'}
  [Edge 1] G2 | E2 | Received update from Client 19
[C16] eval model[0] mean=0.000322 | θ̃ mean=0.000322 | edge mean=0.000313 |local ref=0.000320
[C16] n=600 | classes=[1, 8] | acc=0.5150 | per_class={1: '0.00', 8: '1.00'}
  [Edge 1] G2 | E2 | Received update from Client 16
[C18] eval model[0] mean=-0.000084 | θ̃ mean=-0.000084 | edge mean=0.000313 |local ref=0.000035
[C18] n=600 | classes=[1, 9] | acc=0.5233 | per_class={1: '1.00', 9: '0.00'}
  [Edge 1] G2 | E2 | Received update from Client 18
[C15] eval model[0] mean=0.000309 | θ̃ mean=0.000309 | edge mean=0.000313 |local ref=0.000310
[C15] n=600 | classes=[0, 8] | acc=0.5083 | per_class={0: '1.00', 8: '0.00'}
  [Edge 1] G2 | E2 | Received update from Client 15
[C14] eval model[0] mean=0.000455 | θ̃ mean=0.000455 | edge mean=0.000313 |local ref=0.000412
[C14] n=600 | classes=[0, 9] | acc=0.7083 | per_class={0: '0.59', 9: '0.83'}
  [Edge 1] G2 | E2 | Received update from Client 14
  [Edge 1] G2 | E2 | loss=1.8671
  [Edge 1] G2 | E3 | Hier-pFedMe | Selected 10/10
  [Client 13] Received edge weights.
  [Client 10] Received edge weights.
  [Client 14] Received edge weights.
  [Client 12] Received edge weights.
  [Client 17] Received edge weights.
  [Client 18] Received edge weights.
  [Client 16] Received edge weights.
  [Client 19] Received edge weights.
  [Client 15] Received edge weights.
  [Client 11] Received edge weights.
  [Client 13] Round 2 | Hier-pFedMe(λ2=35.0,K=3) | loss=0.7570
  [Client 10] Round 2 | Hier-pFedMe(λ2=35.0,K=3) | loss=0.3079
  [Client 14] Round 2 | Hier-pFedMe(λ2=35.0,K=3) | loss=0.2589
  [Client 12] Round 2 | Hier-pFedMe(λ2=35.0,K=3) | loss=0.1699
  [Client 17] Round 2 | Hier-pFedMe(λ2=35.0,K=3) | loss=0.4153
  [Client 18] Round 2 | Hier-pFedMe(λ2=35.0,K=3) | loss=0.6584
  [Client 16] Round 2 | Hier-pFedMe(λ2=35.0,K=3) | loss=0.2543
  [Client 19] Round 2 | Hier-pFedMe(λ2=35.0,K=3) | loss=0.4474
  [Client 15] Round 2 | Hier-pFedMe(λ2=35.0,K=3) | loss=0.2512
  [Client 11] Round 2 | Hier-pFedMe(λ2=35.0,K=3) | loss=0.4241
[C13] eval model[0] mean=0.000391 | θ̃ mean=0.000391 | edge mean=0.000362 |local ref=0.000382
[C13] n=600 | classes=[0, 8] | acc=0.5417 | per_class={0: '0.14', 8: '0.98'}
  [Edge 1] G2 | E3 | Received update from Client 13
[C10] eval model[0] mean=0.000688 | θ̃ mean=0.000688 | edge mean=0.000362 |local ref=0.000590
[C10] n=600 | classes=[8, 9] | acc=0.4883 | per_class={8: '1.00', 9: '0.01'}
  [Edge 1] G2 | E3 | Received update from Client 10
[C14] eval model[0] mean=0.000160 | θ̃ mean=0.000160 | edge mean=0.000362 |local ref=0.000220
[C14] n=600 | classes=[0, 9] | acc=0.5100 | per_class={0: '0.98', 9: '0.01'}
  [Edge 1] G2 | E3 | Received update from Client 14
[C12] eval model[0] mean=0.000591 | θ̃ mean=0.000591 | edge mean=0.000362 |local ref=0.000522
[C12] n=600 | classes=[1, 8] | acc=0.4933 | per_class={1: '0.02', 8: '0.99'}
  [Edge 1] G2 | E3 | Received update from Client 12
[C17] eval model[0] mean=0.000118 | θ̃ mean=0.000118 | edge mean=0.000362 |local ref=0.000191
[C17] n=600 | classes=[1, 9] | acc=0.5517 | per_class={1: '0.78', 9: '0.34'}
  [Edge 1] G2 | E3 | Received update from Client 17
[C18] eval model[0] mean=-0.000021 | θ̃ mean=-0.000021 | edge mean=0.000362 |local ref=0.000094
[C18] n=600 | classes=[1, 9] | acc=0.5167 | per_class={1: '0.92', 9: '0.07'}
  [Edge 1] G2 | E3 | Received update from Client 18
[C16] eval model[0] mean=0.000191 | θ̃ mean=0.000191 | edge mean=0.000362 |local ref=0.000243
[C16] n=600 | classes=[1, 8] | acc=0.6617 | per_class={1: '0.44', 8: '0.87'}
  [Edge 1] G2 | E3 | Received update from Client 16
[C19] eval model[0] mean=0.000814 | θ̃ mean=0.000814 | edge mean=0.000362 |local ref=0.000678
[C19] n=600 | classes=[0, 9] | acc=0.4767 | per_class={0: '1.00', 9: '0.00'}
  [Edge 1] G2 | E3 | Received update from Client 19
[C15] eval model[0] mean=0.000067 | θ̃ mean=0.000067 | edge mean=0.000362 |local ref=0.000156
[C15] n=600 | classes=[0, 8] | acc=0.5233 | per_class={0: '0.91', 8: '0.12'}
  [Edge 1] G2 | E3 | Received update from Client 15
[C11] eval model[0] mean=0.000261 | θ̃ mean=0.000261 | edge mean=0.000362 |local ref=0.000291
[C11] n=600 | classes=[0, 1] | acc=0.5033 | per_class={0: '0.99', 1: '0.02'}
  [Edge 1] G2 | E3 | Received update from Client 11
  [Edge 1] G2 | E3 | loss=0.3944
  [Edge 1] G2 | E4 | Hier-pFedMe | Selected 10/10
  [Client 11] Received edge weights.
  [Client 15] Received edge weights.
  [Client 14] Received edge weights.
  [Client 19] Received edge weights.
  [Client 12] Received edge weights.
  [Client 17] Received edge weights.
  [Client 10] Received edge weights.
  [Client 13] Received edge weights.
  [Client 16] Received edge weights.
  [Client 18] Received edge weights.
  [Client 11] Round 2 | Hier-pFedMe(λ2=35.0,K=3) | loss=1.6305
  [Client 14] Round 2 | Hier-pFedMe(λ2=35.0,K=3) | loss=0.1601
  [Client 19] Round 2 | Hier-pFedMe(λ2=35.0,K=3) | loss=0.4872  [Client 15] Round 2 | Hier-pFedMe(λ2=35.0,K=3) | loss=0.1527

  [Client 12] Round 2 | Hier-pFedMe(λ2=35.0,K=3) | loss=0.3386
  [Client 17] Round 2 | Hier-pFedMe(λ2=35.0,K=3) | loss=8.2203
  [Client 10] Round 2 | Hier-pFedMe(λ2=35.0,K=3) | loss=1.1955
  [Client 13] Round 2 | Hier-pFedMe(λ2=35.0,K=3) | loss=0.2697
  [Client 16] Round 2 | Hier-pFedMe(λ2=35.0,K=3) | loss=0.2203
  [Client 18] Round 2 | Hier-pFedMe(λ2=35.0,K=3) | loss=2.5097
[C11] eval model[0] mean=0.000138 | θ̃ mean=0.000138 | edge mean=0.000327 |local ref=0.000195
[C11] n=600 | classes=[0, 1] | acc=0.5067 | per_class={0: '1.00', 1: '0.01'}
  [Edge 1] G2 | E4 | Received update from Client 11
[C15] eval model[0] mean=0.000828 | θ̃ mean=0.000828 | edge mean=0.000327 |local ref=0.000678
[C15] n=600 | classes=[0, 8] | acc=0.5250 | per_class={0: '0.43', 8: '0.62'}
  [Edge 1] G2 | E4 | Received update from Client 15
[C14] eval model[0] mean=0.000244 | θ̃ mean=0.000244 | edge mean=0.000327 |local ref=0.000269
[C14] n=600 | classes=[0, 9] | acc=0.5167 | per_class={0: '1.00', 9: '0.01'}
  [Edge 1] G2 | E4 | Received update from Client 14
[C19] eval model[0] mean=0.000360 | θ̃ mean=0.000360 | edge mean=0.000327 |local ref=0.000350
[C19] n=600 | classes=[0, 9] | acc=0.4917 | per_class={0: '0.99', 9: '0.04'}
  [Edge 1] G2 | E4 | Received update from Client 19
[C12] eval model[0] mean=0.000372 | θ̃ mean=0.000372 | edge mean=0.000327 |local ref=0.000359
[C12] n=600 | classes=[1, 8] | acc=0.5783 | per_class={1: '0.98', 8: '0.15'}
  [Edge 1] G2 | E4 | Received update from Client 12
[C17] eval model[0] mean=0.000846 | θ̃ mean=0.000846 | edge mean=0.000327 |local ref=0.000690
[C17] n=600 | classes=[1, 9] | acc=0.5183 | per_class={1: '0.00', 9: '1.00'}
  [Edge 1] G2 | E4 | Received update from Client 17
[C10] eval model[0] mean=0.000653 | θ̃ mean=0.000653 | edge mean=0.000327 |local ref=0.000555
[C10] n=600 | classes=[8, 9] | acc=0.6433 | per_class={8: '0.65', 9: '0.64'}
  [Edge 1] G2 | E4 | Received update from Client 10
[C13] eval model[0] mean=0.000342 | θ̃ mean=0.000342 | edge mean=0.000327 |local ref=0.000337
[C13] n=600 | classes=[0, 8] | acc=0.5433 | per_class={0: '0.95', 8: '0.10'}
  [Edge 1] G2 | E4 | Received update from Client 13
[C16] eval model[0] mean=0.000688 | θ̃ mean=0.000688 | edge mean=0.000327 |local ref=0.000580
[C16] n=600 | classes=[1, 8] | acc=0.5367 | per_class={1: '0.05', 8: '1.00'}
  [Edge 1] G2 | E4 | Received update from Client 16
[C18] eval model[0] mean=-0.000233 | θ̃ mean=-0.000233 | edge mean=0.000327 |local ref=-0.000065
[C18] n=600 | classes=[1, 9] | acc=0.4700 | per_class={1: '0.01', 9: '0.98'}
  [Edge 1] G2 | E4 | Received update from Client 18
  [Edge 1] G2 | E4 | loss=1.5185
  [Edge 1] G2 | E5 | Hier-pFedMe | Selected 10/10
  [Client 14] Received edge weights.
  [Client 18] Received edge weights.
  [Client 11] Received edge weights.
  [Client 13] Received edge weights.
  [Client 17] Received edge weights.
  [Client 16] Received edge weights.
  [Client 10] Received edge weights.
  [Client 15] Received edge weights.
  [Client 19] Received edge weights.
  [Client 12] Received edge weights.
  [Client 18] Round 2 | Hier-pFedMe(λ2=35.0,K=3) | loss=0.6637
  [Client 11] Round 2 | Hier-pFedMe(λ2=35.0,K=3) | loss=0.5329
  [Client 14] Round 2 | Hier-pFedMe(λ2=35.0,K=3) | loss=0.1633
  [Client 13] Round 2 | Hier-pFedMe(λ2=35.0,K=3) | loss=0.7655
  [Client 17] Round 2 | Hier-pFedMe(λ2=35.0,K=3) | loss=0.4937
  [Client 16] Round 2 | Hier-pFedMe(λ2=35.0,K=3) | loss=0.3010  [Client 10] Round 2 | Hier-pFedMe(λ2=35.0,K=3) | loss=0.2693

  [Client 15] Round 2 | Hier-pFedMe(λ2=35.0,K=3) | loss=0.3005
  [Client 19] Round 2 | Hier-pFedMe(λ2=35.0,K=3) | loss=0.2991
  [Client 12] Round 2 | Hier-pFedMe(λ2=35.0,K=3) | loss=0.5098
[C14] eval model[0] mean=0.000706 | θ̃ mean=0.000706 | edge mean=0.000399 |local ref=0.000614
[C14] n=600 | classes=[0, 9] | acc=0.5183 | per_class={0: '1.00', 9: '0.01'}
  [Edge 1] G2 | E5 | Received update from Client 14
[C18] eval model[0] mean=0.000422 | θ̃ mean=0.000422 | edge mean=0.000399 |local ref=0.000415
[C18] n=600 | classes=[1, 9] | acc=0.5317 | per_class={1: '0.98', 9: '0.04'}
  [Edge 1] G2 | E5 | Received update from Client 18
[C11] eval model[0] mean=0.000102 | θ̃ mean=0.000102 | edge mean=0.000399 |local ref=0.000192
[C11] n=600 | classes=[0, 1] | acc=0.5717 | per_class={0: '0.84', 1: '0.31'}
  [Edge 1] G2 | E5 | Received update from Client 11
[C13] eval model[0] mean=0.000181 | θ̃ mean=0.000181 | edge mean=0.000399 |local ref=0.000247
[C13] n=600 | classes=[0, 8] | acc=0.4867 | per_class={0: '0.01', 8: '1.00'}
  [Edge 1] G2 | E5 | Received update from Client 13
[C17] eval model[0] mean=0.000396 | θ̃ mean=0.000396 | edge mean=0.000399 |local ref=0.000397
[C17] n=600 | classes=[1, 9] | acc=0.4850 | per_class={1: '0.98', 9: '0.02'}
  [Edge 1] G2 | E5 | Received update from Client 17
[C16] eval model[0] mean=0.000379 | θ̃ mean=0.000379 | edge mean=0.000399 |local ref=0.000385
[C16] n=600 | classes=[1, 8] | acc=0.5633 | per_class={1: '0.11', 8: '0.99'}
  [Edge 1] G2 | E5 | Received update from Client 16
[C10] eval model[0] mean=0.000610 | θ̃ mean=0.000610 | edge mean=0.000399 |local ref=0.000547
[C10] n=600 | classes=[8, 9] | acc=0.4933 | per_class={8: '1.00', 9: '0.01'}
  [Edge 1] G2 | E5 | Received update from Client 10
[C15] eval model[0] mean=0.000398 | θ̃ mean=0.000398 | edge mean=0.000399 |local ref=0.000398
[C15] n=600 | classes=[0, 8] | acc=0.5467 | per_class={0: '0.22', 8: '0.88'}
  [Edge 1] G2 | E5 | Received update from Client 15
[C19] eval model[0] mean=0.000608 | θ̃ mean=0.000608 | edge mean=0.000399 |local ref=0.000545
[C19] n=600 | classes=[0, 9] | acc=0.4900 | per_class={0: '1.00', 9: '0.03'}
  [Edge 1] G2 | E5 | Received update from Client 19
[C12] eval model[0] mean=0.000401 | θ̃ mean=0.000401 | edge mean=0.000399 |local ref=0.000401
[C12] n=600 | classes=[1, 8] | acc=0.4967 | per_class={1: '0.02', 8: '1.00'}
  [Edge 1] G2 | E5 | Received update from Client 12
  [Edge 1] G2 | E5 | loss=0.4299
