2026-04-10 05:12:22.188615: I tensorflow/core/util/port.cc:113] oneDNN custom operations are on. You may see slightly different numerical results due to floating-point round-off errors from different computation orders. To turn them off, set the environment variable `TF_ENABLE_ONEDNN_OPTS=0`.
2026-04-10 05:12:22.620272: E external/local_xla/xla/stream_executor/cuda/cuda_dnn.cc:9261] Unable to register cuDNN factory: Attempting to register factory for plugin cuDNN when one has already been registered
2026-04-10 05:12:22.620313: E external/local_xla/xla/stream_executor/cuda/cuda_fft.cc:607] Unable to register cuFFT factory: Attempting to register factory for plugin cuFFT when one has already been registered
2026-04-10 05:12:22.739004: E external/local_xla/xla/stream_executor/cuda/cuda_blas.cc:1515] Unable to register cuBLAS factory: Attempting to register factory for plugin cuBLAS when one has already been registered
2026-04-10 05:12:39.312019: I tensorflow/core/util/port.cc:113] oneDNN custom operations are on. You may see slightly different numerical results due to floating-point round-off errors from different computation orders. To turn them off, set the environment variable `TF_ENABLE_ONEDNN_OPTS=0`.
2026-04-10 05:12:39.349130: E external/local_xla/xla/stream_executor/cuda/cuda_dnn.cc:9261] Unable to register cuDNN factory: Attempting to register factory for plugin cuDNN when one has already been registered
2026-04-10 05:12:39.349170: E external/local_xla/xla/stream_executor/cuda/cuda_fft.cc:607] Unable to register cuFFT factory: Attempting to register factory for plugin cuFFT when one has already been registered
2026-04-10 05:12:39.349918: E external/local_xla/xla/stream_executor/cuda/cuda_blas.cc:1515] Unable to register cuBLAS factory: Attempting to register factory for plugin cuBLAS when one has already been registered
2026-04-10 05:12:50.689476: I tensorflow/core/util/port.cc:113] oneDNN custom operations are on. You may see slightly different numerical results due to floating-point round-off errors from different computation orders. To turn them off, set the environment variable `TF_ENABLE_ONEDNN_OPTS=0`.
2026-04-10 05:12:50.725561: E external/local_xla/xla/stream_executor/cuda/cuda_dnn.cc:9261] Unable to register cuDNN factory: Attempting to register factory for plugin cuDNN when one has already been registered
2026-04-10 05:12:50.725597: E external/local_xla/xla/stream_executor/cuda/cuda_fft.cc:607] Unable to register cuFFT factory: Attempting to register factory for plugin cuFFT when one has already been registered
2026-04-10 05:12:50.726337: E external/local_xla/xla/stream_executor/cuda/cuda_blas.cc:1515] Unable to register cuBLAS factory: Attempting to register factory for plugin cuBLAS when one has already been registered
2026-04-10 05:13:06.491484: I tensorflow/core/common_runtime/gpu/gpu_device.cc:1929] Created device /job:localhost/replica:0/task:0/device:GPU:0 with 43683 MB memory:  -> device: 0, name: NVIDIA A40, pci bus id: 0000:b1:00.0, compute capability: 8.6
wandb: [wandb.login()] Loaded credentials for https://api.wandb.ai from /cephyr/users/ziangg/Alvis/.netrc.
wandb: Currently logged in as: 3445339138 (3445339138-kth-royal-institute-of-technology) to https://api.wandb.ai. Use `wandb login --relogin` to force relogin
wandb: setting up run 0nldhjuc
wandb: Tracking run with wandb version 0.25.1
wandb: Run data is saved locally in /cephyr/users/ziangg/Alvis/tf-dpfl/fedavg/wandb/run-20260410_051325-0nldhjuc
wandb: Run `wandb offline` to turn off syncing.
wandb: Syncing run feddyn_test
wandb: ⭐️ View project at https://wandb.ai/3445339138-kth-royal-institute-of-technology/HierFL-cifar10
wandb: 🚀 View run at https://wandb.ai/3445339138-kth-royal-institute-of-technology/HierFL-cifar10/runs/0nldhjuc
Traceback (most recent call last):
  File "/cephyr/users/ziangg/Alvis/tf-dpfl/fedavg/main.py", line 213, in <module>
    run_experiment()
  File "/cephyr/users/ziangg/Alvis/tf-dpfl/fedavg/main.py", line 189, in run_experiment
    history = cloud.run(logger=logger)
              ^^^^^^^^^^^^^^^^^^^^^^^^
  File "/cephyr/users/ziangg/Alvis/tf-dpfl/fedavg/server/server.py", line 234, in run
    m = self.run_round(r)
        ^^^^^^^^^^^^^^^^^
  File "/cephyr/users/ziangg/Alvis/tf-dpfl/fedavg/server/server.py", line 195, in run_round
    avg_edge_loss, avg_ct, comm_ce = self.collect_and_aggregate(round_idx, prev_gw)
                                     ^^^^^^^^^^^^^^^^^^^^^^^^^^^^^^^^^^^^^^^^^^^^^^
  File "/cephyr/users/ziangg/Alvis/tf-dpfl/fedavg/server/server.py", line 152, in collect_and_aggregate
    w, n, loss, t, comm = edge.run(round_idx)
                          ^^^^^^^^^^^^^^^^^^^
  File "/cephyr/users/ziangg/Alvis/tf-dpfl/fedavg/server/edge_server.py", line 216, in run
    loss, t = self.run_edge_round(global_round_idx, er)
              ^^^^^^^^^^^^^^^^^^^^^^^^^^^^^^^^^^^^^^^^^
  File "/cephyr/users/ziangg/Alvis/tf-dpfl/fedavg/server/edge_server.py", line 194, in run_edge_round
    w, n, loss, t = client.local_train(global_round_idx)
                    ^^^^^^^^^^^^^^^^^^^^^^^^^^^^^^^^^^^^
  File "/cephyr/users/ziangg/Alvis/tf-dpfl/fedavg/client/client.py", line 98, in local_train
    return self._local_train_feddyn(round_idx, ref)
           ^^^^^^^^^^^^^^^^^^^^^^^^^^^^^^^^^^^^^^^^
  File "/cephyr/users/ziangg/Alvis/tf-dpfl/fedavg/client/client.py", line 208, in _local_train_feddyn
    bl = [float(self._train_step_feddyn(x, y, ref_tf, a_tf).numpy())
         ^^^^^^^^^^^^^^^^^^^^^^^^^^^^^^^^^^^^^^^^^^^^^^^^^^^^^^^^^^^
  File "/cephyr/users/ziangg/Alvis/tf-dpfl/fedavg/client/client.py", line 208, in <listcomp>
    bl = [float(self._train_step_feddyn(x, y, ref_tf, a_tf).numpy())
                ^^^^^^^^^^^^^^^^^^^^^^^^^^^^^^^^^^^^^^^^^^^
  File "/apps/Arch/software/TensorFlow/2.15.1-foss-2023a-CUDA-12.1.1/lib/python3.11/site-packages/tensorflow/python/util/traceback_utils.py", line 153, in error_handler
    raise e.with_traceback(filtered_tb) from None
  File "/local/tmp.6369429/__autograph_generated_filerk4odg77.py", line 11, in tf___train_step_feddyn
    task = ag__.converted_call(ag__.ld(self).loss_fn, (ag__.converted_call(ag__.ld(self).model, (ag__.ld(images),), dict(training=True), fscope), ag__.ld(labels)), None, fscope)
           ^^^^^^^^^^^^^^^^^^^^^^^^^^^^^^^^^^^^^^^^^^^^^^^^^^^^^^^^^^^^^^^^^^^^^^^^^^^^^^^^^^^^^^^^^^^^^^^^^^^^^^^^^^^^^^^^^^^^^^^^^^^^^^^^^^^^^^^^^^^^^^^^^^^^^^^^^^^^^^^^^^^^^^
  File "/apps/Arch/software/TensorFlow/2.15.1-foss-2023a-CUDA-12.1.1/lib/python3.11/site-packages/keras/src/losses.py", line 143, in __call__
    losses = call_fn(y_true, y_pred)
             ^^^^^^^^^^^^^^^^^^^^^^^
  File "/apps/Arch/software/TensorFlow/2.15.1-foss-2023a-CUDA-12.1.1/lib/python3.11/site-packages/keras/src/losses.py", line 270, in call
    return ag_fn(y_true, y_pred, **self._fn_kwargs)
           ^^^^^^^^^^^^^^^^^^^^^^^^^^^^^^^^^^^^^^^^
  File "/apps/Arch/software/TensorFlow/2.15.1-foss-2023a-CUDA-12.1.1/lib/python3.11/site-packages/keras/src/losses.py", line 2454, in sparse_categorical_crossentropy
    return backend.sparse_categorical_crossentropy(
           ^^^^^^^^^^^^^^^^^^^^^^^^^^^^^^^^^^^^^^^^
  File "/apps/Arch/software/TensorFlow/2.15.1-foss-2023a-CUDA-12.1.1/lib/python3.11/site-packages/keras/src/backend.py", line 5731, in sparse_categorical_crossentropy
    epsilon_ = _constant_to_tensor(epsilon(), output.dtype.base_dtype)
               ^^^^^^^^^^^^^^^^^^^^^^^^^^^^^^^^^^^^^^^^^^^^^^^^^^^^^^^
  File "/apps/Arch/software/TensorFlow/2.15.1-foss-2023a-CUDA-12.1.1/lib/python3.11/site-packages/keras/src/backend.py", line 986, in _constant_to_tensor
    return tf.constant(x, dtype=dtype)
           ^^^^^^^^^^^^^^^^^^^^^^^^^^^
TypeError: in user code:

    File "/cephyr/users/ziangg/Alvis/tf-dpfl/fedavg/client/client.py", line 222, in _train_step_feddyn  *
        task = self.loss_fn(self.model(images, training=True), labels)
    File "/apps/Arch/software/TensorFlow/2.15.1-foss-2023a-CUDA-12.1.1/lib/python3.11/site-packages/keras/src/losses.py", line 143, in __call__  **
        losses = call_fn(y_true, y_pred)
    File "/apps/Arch/software/TensorFlow/2.15.1-foss-2023a-CUDA-12.1.1/lib/python3.11/site-packages/keras/src/losses.py", line 270, in call  **
        return ag_fn(y_true, y_pred, **self._fn_kwargs)
    File "/apps/Arch/software/TensorFlow/2.15.1-foss-2023a-CUDA-12.1.1/lib/python3.11/site-packages/keras/src/losses.py", line 2454, in sparse_categorical_crossentropy
        return backend.sparse_categorical_crossentropy(
    File "/apps/Arch/software/TensorFlow/2.15.1-foss-2023a-CUDA-12.1.1/lib/python3.11/site-packages/keras/src/backend.py", line 5731, in sparse_categorical_crossentropy
        epsilon_ = _constant_to_tensor(epsilon(), output.dtype.base_dtype)
    File "/apps/Arch/software/TensorFlow/2.15.1-foss-2023a-CUDA-12.1.1/lib/python3.11/site-packages/keras/src/backend.py", line 986, in _constant_to_tensor
        return tf.constant(x, dtype=dtype)

    TypeError: Expected uint8, but got 1e-07 of type 'float'.

