This job can be monitored from: https://job.c3se.chalmers.se/alvis/6631260
========================================
Job ID      : 6631260
Job Name    : HierFLcifar10
Node        : alvis7-08
Start Time  : Thu May 14 05:43:47 CEST 2026
Working Dir : /cephyr/users/ziangg/Alvis/tf-dpfl
========================================
[Setup] Python: /cephyr/users/ziangg/Alvis/tf-dpfl/bin/python
[Setup] TF version: 2.15.1
[Setup] GPU available: [PhysicalDevice(name='/physical_device:GPU:0', device_type='GPU')]
[Config] Override: wandb.enabled = True
[Setup] Random seed: 42
[Setup] Loading dataset...
[Data] CIFAR-10 from Mimer: /mimer/NOBACKUP/Datasets/CIFAR
[Setup] Building global model...
Model: "cifar_cnn_3conv"
_________________________________________________________________
 Layer (type)                Output Shape              Param #   
=================================================================
 input_1 (InputLayer)        [(None, 32, 32, 3)]       0         
                                                                 
 conv2d (Conv2D)             (None, 32, 32, 32)        896       
                                                                 
 batch_normalization (Batch  (None, 32, 32, 32)        128       
 Normalization)                                                  
                                                                 
 re_lu (ReLU)                (None, 32, 32, 32)        0         
                                                                 
 conv2d_1 (Conv2D)           (None, 32, 32, 64)        18496     
                                                                 
 batch_normalization_1 (Bat  (None, 32, 32, 64)        256       
 chNormalization)                                                
                                                                 
 re_lu_1 (ReLU)              (None, 32, 32, 64)        0         
                                                                 
 max_pooling2d (MaxPooling2  (None, 16, 16, 64)        0         
 D)                                                              
                                                                 
 conv2d_2 (Conv2D)           (None, 16, 16, 128)       73856     
                                                                 
 batch_normalization_2 (Bat  (None, 16, 16, 128)       512       
 chNormalization)                                                
                                                                 
 re_lu_2 (ReLU)              (None, 16, 16, 128)       0         
                                                                 
 conv2d_3 (Conv2D)           (None, 16, 16, 128)       147584    
                                                                 
 batch_normalization_3 (Bat  (None, 16, 16, 128)       512       
 chNormalization)                                                
                                                                 
 re_lu_3 (ReLU)              (None, 16, 16, 128)       0         
                                                                 
 max_pooling2d_1 (MaxPoolin  (None, 8, 8, 128)         0         
 g2D)                                                            
                                                                 
 spatial_dropout2d (Spatial  (None, 8, 8, 128)         0         
 Dropout2D)                                                      
                                                                 
 conv2d_4 (Conv2D)           (None, 8, 8, 256)         295168    
                                                                 
 batch_normalization_4 (Bat  (None, 8, 8, 256)         1024      
 chNormalization)                                                
                                                                 
 re_lu_4 (ReLU)              (None, 8, 8, 256)         0         
                                                                 
 conv2d_5 (Conv2D)           (None, 8, 8, 256)         590080    
                                                                 
 batch_normalization_5 (Bat  (None, 8, 8, 256)         1024      
 chNormalization)                                                
                                                                 
 re_lu_5 (ReLU)              (None, 8, 8, 256)         0         
                                                                 
 max_pooling2d_2 (MaxPoolin  (None, 4, 4, 256)         0         
 g2D)                                                            
                                                                 
 flatten (Flatten)           (None, 4096)              0         
                                                                 
 dropout (Dropout)           (None, 4096)              0         
                                                                 
 dense (Dense)               (None, 1024)              4195328   
                                                                 
 dense_1 (Dense)             (None, 512)               524800    
                                                                 
 dropout_1 (Dropout)         (None, 512)               0         
                                                                 
 dense_2 (Dense)             (None, 10)                5130      
                                                                 
=================================================================
Total params: 5854794 (22.33 MB)
Trainable params: 5853066 (22.33 MB)
Non-trainable params: 1728 (6.75 KB)
_________________________________________________________________
[Setup] Building clients...

[Superclass-aware partition] 2 edges, 2 classes/client

  Edge 0 (class pool: [2, 3, 4, 5, 6, 7]):
  Client       Samples    Classes held                        Out-of-pool?
  ---------------------------------------------------------------------------
  client_0     4000       [3, 6]                              OK
  client_1     4000       [3, 6]                              OK
  client_2     4000       [2, 5]                              OK
  client_3     4000       [5, 7]                              OK
  client_4     4000       [2, 7]                              OK
  client_5     4000       [2, 4]                              OK
  client_6     4000       [6, 7]                              OK
  client_7     4000       [3, 5]                              OK
  client_8     2000       [4]                                 OK
  client_9     2000       [4]                                 OK

  Edge 1 (class pool: [0, 1, 8, 9]):
  Client       Samples    Classes held                        Out-of-pool?
  ---------------------------------------------------------------------------
  client_10    2400       [8, 9]                              OK
  client_11    2400       [0, 1]                              OK
  client_12    2400       [1, 8]                              OK
  client_13    2400       [0, 8]                              OK
  client_14    2400       [0, 9]                              OK
  client_15    2400       [0, 8]                              OK
  client_16    2400       [1, 8]                              OK
  client_17    2400       [1, 9]                              OK
  client_18    2400       [1, 9]                              OK
  client_19    2400       [0, 9]                              OK

[Train/Test split] 20 clients | avg train=2400, avg test=600 samples (ratio=0.2)
[Setup] 20 clients built (superclass_pathological) | per-client test sets injected
[Setup] Building edge servers...
[Assignment] Using pre-baked superclass assignments | 2 edges
[EdgeServer 0] 10 clients | 28800 samples
[EdgeServer 1] 10 clients | 19200 samples

[Setup] Built 2 edge servers (strategy=superclass_baked)
  Edge 0: 10 clients | 28800 samples
  Edge 1: 10 clients | 19200 samples
[Setup] Building per-edge test datasets (superclass-aware)...
  [Test split] Edge 0: 6000 test samples (6 classes)
  [Test split] Edge 1: 4000 test samples (4 classes)
[CloudServer] 2 edges | model: 22.33 MB

====================================================
 HierFAVG Training Start
====================================================

[Round   1] Broadcasting to 2 edges...
  [Edge 0] G1 | E1 | Hier-pFedMe | Selected 10/10
  [Client  8] Round 1 | Hier-pFedMe(λ2=35.0,K=5) | loss=0.0059
  [Client  6] Round 1 | Hier-pFedMe(λ2=35.0,K=5) | loss=1.5030
  [Client  9] Round 1 | Hier-pFedMe(λ2=35.0,K=5) | loss=0.0020
  [Client  3] Round 1 | Hier-pFedMe(λ2=35.0,K=5) | loss=1.6147
  [Client  4] Round 1 | Hier-pFedMe(λ2=35.0,K=5) | loss=1.3918
  [Client  7] Round 1 | Hier-pFedMe(λ2=35.0,K=5) | loss=1.2602
  [Client  1] Round 1 | Hier-pFedMe(λ2=35.0,K=5) | loss=0.6852
  [Client  0] Round 1 | Hier-pFedMe(λ2=35.0,K=5) | loss=1.0150
  [Client  5] Round 1 | Hier-pFedMe(λ2=35.0,K=5) | loss=0.6825
  [Client  2] Round 1 | Hier-pFedMe(λ2=35.0,K=5) | loss=1.1618
  [Edge 0] G1 | E1 | loss=1.0353
  [Edge 0] G1 | E2 | Hier-pFedMe | Selected 10/10
  [Client  3] Round 1 | Hier-pFedMe(λ2=35.0,K=5) | loss=0.8975  [Client  7] Round 1 | Hier-pFedMe(λ2=35.0,K=5) | loss=1.6539
  [Client  9] Round 1 | Hier-pFedMe(λ2=35.0,K=5) | loss=0.0063  [Client  0] Round 1 | Hier-pFedMe(λ2=35.0,K=5) | loss=1.0468


  [Client  6] Round 1 | Hier-pFedMe(λ2=35.0,K=5) | loss=1.2191  [Client  4] Round 1 | Hier-pFedMe(λ2=35.0,K=5) | loss=0.5722
  [Client  2] Round 1 | Hier-pFedMe(λ2=35.0,K=5) | loss=0.4704
  [Client  8] Round 1 | Hier-pFedMe(λ2=35.0,K=5) | loss=0.0017

  [Client  5] Round 1 | Hier-pFedMe(λ2=35.0,K=5) | loss=0.4353
  [Client  1] Round 1 | Hier-pFedMe(λ2=35.0,K=5) | loss=3.9089
  [Edge 0] G1 | E2 | loss=1.1342
  [Edge 0] G1 | E3 | Hier-pFedMe | Selected 10/10
  [Client  9] Round 1 | Hier-pFedMe(λ2=35.0,K=5) | loss=0.0072  [Client  8] Round 1 | Hier-pFedMe(λ2=35.0,K=5) | loss=0.0017

  [Client  7] Round 1 | Hier-pFedMe(λ2=35.0,K=5) | loss=3.1319  [Client  6] Round 1 | Hier-pFedMe(λ2=35.0,K=5) | loss=1.5506

  [Client  4] Round 1 | Hier-pFedMe(λ2=35.0,K=5) | loss=0.7482
  [Client  1] Round 1 | Hier-pFedMe(λ2=35.0,K=5) | loss=0.9922
  [Client  0] Round 1 | Hier-pFedMe(λ2=35.0,K=5) | loss=0.6780
  [Client  3] Round 1 | Hier-pFedMe(λ2=35.0,K=5) | loss=0.6783
  [Client  5] Round 1 | Hier-pFedMe(λ2=35.0,K=5) | loss=0.9091
  [Client  2] Round 1 | Hier-pFedMe(λ2=35.0,K=5) | loss=1.6032
  [Edge 0] G1 | E3 | loss=1.1440
  [Edge 0] G1 | E4 | Hier-pFedMe | Selected 10/10
  [Client  9] Round 1 | Hier-pFedMe(λ2=35.0,K=5) | loss=0.0014
  [Client  6] Round 1 | Hier-pFedMe(λ2=35.0,K=5) | loss=0.5684  [Client  0] Round 1 | Hier-pFedMe(λ2=35.0,K=5) | loss=0.9050  [Client  8] Round 1 | Hier-pFedMe(λ2=35.0,K=5) | loss=0.0001


  [Client  7] Round 1 | Hier-pFedMe(λ2=35.0,K=5) | loss=0.8366
  [Client  3] Round 1 | Hier-pFedMe(λ2=35.0,K=5) | loss=0.5246
  [Client  5] Round 1 | Hier-pFedMe(λ2=35.0,K=5) | loss=0.5593
  [Client  2] Round 1 | Hier-pFedMe(λ2=35.0,K=5) | loss=2.4682
  [Client  1] Round 1 | Hier-pFedMe(λ2=35.0,K=5) | loss=3.2104
  [Client  4] Round 1 | Hier-pFedMe(λ2=35.0,K=5) | loss=3.2541
  [Edge 0] G1 | E4 | loss=1.3697
  [Edge 0] G1 | E5 | Hier-pFedMe | Selected 10/10
  [Client  7] Round 1 | Hier-pFedMe(λ2=35.0,K=5) | loss=0.8824  [Client  8] Round 1 | Hier-pFedMe(λ2=35.0,K=5) | loss=0.0003  [Client  1] Round 1 | Hier-pFedMe(λ2=35.0,K=5) | loss=1.3815
  [Client  4] Round 1 | Hier-pFedMe(λ2=35.0,K=5) | loss=0.3891


  [Client  5] Round 1 | Hier-pFedMe(λ2=35.0,K=5) | loss=3.2843
  [Client  9] Round 1 | Hier-pFedMe(λ2=35.0,K=5) | loss=0.0002
  [Client  3] Round 1 | Hier-pFedMe(λ2=35.0,K=5) | loss=0.5880
  [Client  0] Round 1 | Hier-pFedMe(λ2=35.0,K=5) | loss=3.0862
  [Client  6] Round 1 | Hier-pFedMe(λ2=35.0,K=5) | loss=1.2661
  [Client  2] Round 1 | Hier-pFedMe(λ2=35.0,K=5) | loss=2.5363
  [Edge 0] G1 | E5 | loss=1.4905
  [Edge 1] G1 | E1 | Hier-pFedMe | Selected 10/10
  [Client 13] Round 1 | Hier-pFedMe(λ2=35.0,K=5) | loss=1.0617  [Client 19] Round 1 | Hier-pFedMe(λ2=35.0,K=5) | loss=1.3991
  [Client 17] Round 1 | Hier-pFedMe(λ2=35.0,K=5) | loss=1.3488
  [Client 10] Round 1 | Hier-pFedMe(λ2=35.0,K=5) | loss=5.2824

  [Client 12] Round 1 | Hier-pFedMe(λ2=35.0,K=5) | loss=3.9513
  [Client 14] Round 1 | Hier-pFedMe(λ2=35.0,K=5) | loss=1.4442
  [Client 15] Round 1 | Hier-pFedMe(λ2=35.0,K=5) | loss=2.5471
  [Client 11] Round 1 | Hier-pFedMe(λ2=35.0,K=5) | loss=0.6900
  [Client 16] Round 1 | Hier-pFedMe(λ2=35.0,K=5) | loss=0.8078
  [Client 18] Round 1 | Hier-pFedMe(λ2=35.0,K=5) | loss=1.6276
  [Edge 1] G1 | E1 | loss=2.0160
  [Edge 1] G1 | E2 | Hier-pFedMe | Selected 10/10
  [Client 15] Round 1 | Hier-pFedMe(λ2=35.0,K=5) | loss=0.4938
  [Client 11] Round 1 | Hier-pFedMe(λ2=35.0,K=5) | loss=0.3052  [Client 16] Round 1 | Hier-pFedMe(λ2=35.0,K=5) | loss=0.7288  [Client 19] Round 1 | Hier-pFedMe(λ2=35.0,K=5) | loss=0.3920


  [Client 18] Round 1 | Hier-pFedMe(λ2=35.0,K=5) | loss=2.4907
  [Client 14] Round 1 | Hier-pFedMe(λ2=35.0,K=5) | loss=0.9432
  [Client 17] Round 1 | Hier-pFedMe(λ2=35.0,K=5) | loss=0.9910
  [Client 12] Round 1 | Hier-pFedMe(λ2=35.0,K=5) | loss=1.8447
  [Client 13] Round 1 | Hier-pFedMe(λ2=35.0,K=5) | loss=0.8124  [Client 10] Round 1 | Hier-pFedMe(λ2=35.0,K=5) | loss=3.8428

  [Edge 1] G1 | E2 | loss=1.2845
  [Edge 1] G1 | E3 | Hier-pFedMe | Selected 10/10
  [Client 10] Round 1 | Hier-pFedMe(λ2=35.0,K=5) | loss=0.4875
  [Client 15] Round 1 | Hier-pFedMe(λ2=35.0,K=5) | loss=2.0907
  [Client 12] Round 1 | Hier-pFedMe(λ2=35.0,K=5) | loss=0.7467
  [Client 14] Round 1 | Hier-pFedMe(λ2=35.0,K=5) | loss=0.5211
  [Client 16] Round 1 | Hier-pFedMe(λ2=35.0,K=5) | loss=0.5982
  [Client 18] Round 1 | Hier-pFedMe(λ2=35.0,K=5) | loss=1.4134
  [Client 11] Round 1 | Hier-pFedMe(λ2=35.0,K=5) | loss=0.5805
  [Client 13] Round 1 | Hier-pFedMe(λ2=35.0,K=5) | loss=0.6027
  [Client 17] Round 1 | Hier-pFedMe(λ2=35.0,K=5) | loss=3.8740
  [Client 19] Round 1 | Hier-pFedMe(λ2=35.0,K=5) | loss=1.7525
  [Edge 1] G1 | E3 | loss=1.2667
  [Edge 1] G1 | E4 | Hier-pFedMe | Selected 10/10
  [Client 15] Round 1 | Hier-pFedMe(λ2=35.0,K=5) | loss=1.9011
  [Client 12] Round 1 | Hier-pFedMe(λ2=35.0,K=5) | loss=2.9819
  [Client 18] Round 1 | Hier-pFedMe(λ2=35.0,K=5) | loss=7.4170
  [Client 14] Round 1 | Hier-pFedMe(λ2=35.0,K=5) | loss=0.4063
  [Client 10] Round 1 | Hier-pFedMe(λ2=35.0,K=5) | loss=2.1890
  [Client 13] Round 1 | Hier-pFedMe(λ2=35.0,K=5) | loss=1.7685
  [Client 11] Round 1 | Hier-pFedMe(λ2=35.0,K=5) | loss=1.4603
  [Client 16] Round 1 | Hier-pFedMe(λ2=35.0,K=5) | loss=2.0415
  [Client 19] Round 1 | Hier-pFedMe(λ2=35.0,K=5) | loss=0.3735
  [Client 17] Round 1 | Hier-pFedMe(λ2=35.0,K=5) | loss=2.2273
  [Edge 1] G1 | E4 | loss=2.2766
  [Edge 1] G1 | E5 | Hier-pFedMe | Selected 10/10
  [Client 13] Round 1 | Hier-pFedMe(λ2=35.0,K=5) | loss=1.6440
  [Client 16] Round 1 | Hier-pFedMe(λ2=35.0,K=5) | loss=1.3857
  [Client 19] Round 1 | Hier-pFedMe(λ2=35.0,K=5) | loss=1.2506
  [Client 18] Round 1 | Hier-pFedMe(λ2=35.0,K=5) | loss=2.2113
  [Client 17] Round 1 | Hier-pFedMe(λ2=35.0,K=5) | loss=3.0497
  [Client 12] Round 1 | Hier-pFedMe(λ2=35.0,K=5) | loss=0.9583
  [Client 15] Round 1 | Hier-pFedMe(λ2=35.0,K=5) | loss=0.7312
  [Client 14] Round 1 | Hier-pFedMe(λ2=35.0,K=5) | loss=1.5846
  [Client 11] Round 1 | Hier-pFedMe(λ2=35.0,K=5) | loss=1.1575
  [Client 10] Round 1 | Hier-pFedMe(λ2=35.0,K=5) | loss=0.5174
  [Edge 1] G1 | E5 | loss=1.4490
[C0] eval model[0] mean=0.000475 | θ̃ mean=0.000475 | edge mean=0.000636
[C0] n=800 | classes=[3, 6] | acc=0.4913 | per_class={3: '0.00', 6: '1.00'}
[C1] eval model[0] mean=0.001213 | θ̃ mean=0.001213 | edge mean=0.000636
[C1] n=800 | classes=[3, 6] | acc=0.4825 | per_class={3: '0.00', 6: '1.00'}
[C2] eval model[0] mean=-0.000087 | θ̃ mean=-0.000087 | edge mean=0.000636
[C2] n=800 | classes=[2, 5] | acc=0.5000 | per_class={2: '0.97', 5: '0.03'}
[C3] eval model[0] mean=0.000633 | θ̃ mean=0.000633 | edge mean=0.000636
[C3] n=800 | classes=[5, 7] | acc=0.5088 | per_class={5: '1.00', 7: '0.00'}
[C4] eval model[0] mean=0.000333 | θ̃ mean=0.000333 | edge mean=0.000636
[C4] n=800 | classes=[2, 7] | acc=0.4913 | per_class={2: '1.00', 7: '0.00'}
[C5] eval model[0] mean=0.000446 | θ̃ mean=0.000446 | edge mean=0.000636
[C5] n=800 | classes=[2, 4] | acc=0.4913 | per_class={2: '0.05', 4: '0.97'}
[C6] eval model[0] mean=0.000282 | θ̃ mean=0.000282 | edge mean=0.000636
[C6] n=800 | classes=[6, 7] | acc=0.5075 | per_class={6: '0.00', 7: '1.00'}
[C7] eval model[0] mean=0.000624 | θ̃ mean=0.000624 | edge mean=0.000636
[C7] n=800 | classes=[3, 5] | acc=0.4763 | per_class={3: '1.00', 5: '0.00'}
[C8] eval model[0] mean=0.000593 | θ̃ mean=0.000593 | edge mean=0.000636
[C8] n=400 | classes=[4] | acc=1.0000 | per_class={4: '1.00'}
[C9] eval model[0] mean=0.000523 | θ̃ mean=0.000523 | edge mean=0.000636
[C9] n=400 | classes=[4] | acc=1.0000 | per_class={4: '1.00'}
[C10] eval model[0] mean=0.000741 | θ̃ mean=0.000741 | edge mean=0.000772
[C10] n=480 | classes=[8, 9] | acc=0.4917 | per_class={8: '1.00', 9: '0.00'}
[C11] eval model[0] mean=0.000009 | θ̃ mean=0.000009 | edge mean=0.000772
[C11] n=480 | classes=[0, 1] | acc=0.4875 | per_class={0: '0.00', 1: '1.00'}
[C12] eval model[0] mean=0.000306 | θ̃ mean=0.000306 | edge mean=0.000772
[C12] n=480 | classes=[1, 8] | acc=0.5521 | per_class={1: '0.96', 8: '0.16'}
[C13] eval model[0] mean=0.000718 | θ̃ mean=0.000718 | edge mean=0.000772
[C13] n=480 | classes=[0, 8] | acc=0.4875 | per_class={0: '0.00', 8: '1.00'}
[C14] eval model[0] mean=0.001538 | θ̃ mean=0.001538 | edge mean=0.000772
[C14] n=480 | classes=[0, 9] | acc=0.5729 | per_class={0: '0.16', 9: '0.99'}
[C15] eval model[0] mean=0.000532 | θ̃ mean=0.000532 | edge mean=0.000772
[C15] n=480 | classes=[0, 8] | acc=0.4875 | per_class={0: '0.00', 8: '1.00'}
[C16] eval model[0] mean=0.001633 | θ̃ mean=0.001633 | edge mean=0.000772
[C16] n=480 | classes=[1, 8] | acc=0.4938 | per_class={1: '1.00', 8: '0.00'}
[C17] eval model[0] mean=0.000848 | θ̃ mean=0.000848 | edge mean=0.000772
[C17] n=480 | classes=[1, 9] | acc=0.4938 | per_class={1: '0.01', 9: '0.98'}
[C18] eval model[0] mean=0.000096 | θ̃ mean=0.000096 | edge mean=0.000772
[C18] n=480 | classes=[1, 9] | acc=0.4917 | per_class={1: '0.00', 9: '1.00'}
[C19] eval model[0] mean=0.000808 | θ̃ mean=0.000808 | edge mean=0.000772
[C19] n=480 | classes=[0, 9] | acc=0.5104 | per_class={0: '0.00', 9: '1.00'}
  [Cloud] GM=0.1106 | EM=0.2120 PM=0.5327 | loss=2.3082 | time=225.6s | comm=4556.2MB (total=4556MB)

[Round   2] Broadcasting to 2 edges...
  [Edge 0] G2 | E1 | Hier-pFedMe | Selected 10/10
  [Client  9] Round 2 | Hier-pFedMe(λ2=35.0,K=5) | loss=0.0008
  [Client  8] Round 2 | Hier-pFedMe(λ2=35.0,K=5) | loss=0.0029
  [Client  2] Round 2 | Hier-pFedMe(λ2=35.0,K=5) | loss=1.0277
  [Client  6] Round 2 | Hier-pFedMe(λ2=35.0,K=5) | loss=2.9446
  [Client  5] Round 2 | Hier-pFedMe(λ2=35.0,K=5) | loss=2.9618
  [Client  1] Round 2 | Hier-pFedMe(λ2=35.0,K=5) | loss=1.0204
  [Client  4] Round 2 | Hier-pFedMe(λ2=35.0,K=5) | loss=5.6746
  [Client  0] Round 2 | Hier-pFedMe(λ2=35.0,K=5) | loss=6.8474  [Client  7] Round 2 | Hier-pFedMe(λ2=35.0,K=5) | loss=1.0515

  [Client  3] Round 2 | Hier-pFedMe(λ2=35.0,K=5) | loss=0.9345
  [Edge 0] G2 | E1 | loss=2.4960
  [Edge 0] G2 | E2 | Hier-pFedMe | Selected 10/10
  [Client  1] Round 2 | Hier-pFedMe(λ2=35.0,K=5) | loss=4.7681
  [Client  5] Round 2 | Hier-pFedMe(λ2=35.0,K=5) | loss=1.1442
  [Client  6] Round 2 | Hier-pFedMe(λ2=35.0,K=5) | loss=0.7235
  [Client  8] Round 2 | Hier-pFedMe(λ2=35.0,K=5) | loss=0.0049
  [Client  4] Round 2 | Hier-pFedMe(λ2=35.0,K=5) | loss=3.7743
  [Client  3] Round 2 | Hier-pFedMe(λ2=35.0,K=5) | loss=2.5970
  [Client  0] Round 2 | Hier-pFedMe(λ2=35.0,K=5) | loss=2.8358
  [Client  7] Round 2 | Hier-pFedMe(λ2=35.0,K=5) | loss=2.5875
  [Client  9] Round 2 | Hier-pFedMe(λ2=35.0,K=5) | loss=0.0637
  [Client  2] Round 2 | Hier-pFedMe(λ2=35.0,K=5) | loss=1.3800
  [Edge 0] G2 | E2 | loss=2.2050
  [Edge 0] G2 | E3 | Hier-pFedMe | Selected 10/10
  [Client  3] Round 2 | Hier-pFedMe(λ2=35.0,K=5) | loss=3.2711
  [Client  6] Round 2 | Hier-pFedMe(λ2=35.0,K=5) | loss=4.1749
  [Client  1] Round 2 | Hier-pFedMe(λ2=35.0,K=5) | loss=1.5074
  [Client  8] Round 2 | Hier-pFedMe(λ2=35.0,K=5) | loss=0.0934
  [Client  9] Round 2 | Hier-pFedMe(λ2=35.0,K=5) | loss=0.0082
  [Client  0] Round 2 | Hier-pFedMe(λ2=35.0,K=5) | loss=1.9607
  [Client  5] Round 2 | Hier-pFedMe(λ2=35.0,K=5) | loss=0.5450
  [Client  4] Round 2 | Hier-pFedMe(λ2=35.0,K=5) | loss=2.4201
  [Client  2] Round 2 | Hier-pFedMe(λ2=35.0,K=5) | loss=1.2444
  [Client  7] Round 2 | Hier-pFedMe(λ2=35.0,K=5) | loss=0.6686
  [Edge 0] G2 | E3 | loss=1.7603
  [Edge 0] G2 | E4 | Hier-pFedMe | Selected 10/10
  [Client  5] Round 2 | Hier-pFedMe(λ2=35.0,K=5) | loss=1.9254
  [Client  1] Round 2 | Hier-pFedMe(λ2=35.0,K=5) | loss=1.7402
  [Client  6] Round 2 | Hier-pFedMe(λ2=35.0,K=5) | loss=2.8529
  [Client  2] Round 2 | Hier-pFedMe(λ2=35.0,K=5) | loss=1.7383
  [Client  0] Round 2 | Hier-pFedMe(λ2=35.0,K=5) | loss=1.3128
  [Client  7] Round 2 | Hier-pFedMe(λ2=35.0,K=5) | loss=2.6294
  [Client  8] Round 2 | Hier-pFedMe(λ2=35.0,K=5) | loss=0.0428
  [Client  4] Round 2 | Hier-pFedMe(λ2=35.0,K=5) | loss=0.6954
  [Client  3] Round 2 | Hier-pFedMe(λ2=35.0,K=5) | loss=1.9260
  [Client  9] Round 2 | Hier-pFedMe(λ2=35.0,K=5) | loss=0.0192
  [Edge 0] G2 | E4 | loss=1.6501
  [Edge 0] G2 | E5 | Hier-pFedMe | Selected 10/10
  [Client  2] Round 2 | Hier-pFedMe(λ2=35.0,K=5) | loss=2.5825
  [Client  1] Round 2 | Hier-pFedMe(λ2=35.0,K=5) | loss=1.3278
  [Client  6] Round 2 | Hier-pFedMe(λ2=35.0,K=5) | loss=1.4975
  [Client  5] Round 2 | Hier-pFedMe(λ2=35.0,K=5) | loss=0.6884
  [Client  8] Round 2 | Hier-pFedMe(λ2=35.0,K=5) | loss=0.0327
  [Client  3] Round 2 | Hier-pFedMe(λ2=35.0,K=5) | loss=1.2697
  [Client  9] Round 2 | Hier-pFedMe(λ2=35.0,K=5) | loss=0.0228
  [Client  7] Round 2 | Hier-pFedMe(λ2=35.0,K=5) | loss=1.4095
  [Client  4] Round 2 | Hier-pFedMe(λ2=35.0,K=5) | loss=2.2186
  [Client  0] Round 2 | Hier-pFedMe(λ2=35.0,K=5) | loss=3.1574
  [Edge 0] G2 | E5 | loss=1.5755
  [Edge 1] G2 | E1 | Hier-pFedMe | Selected 10/10
  [Client 14] Round 2 | Hier-pFedMe(λ2=35.0,K=5) | loss=1.6449
  [Client 11] Round 2 | Hier-pFedMe(λ2=35.0,K=5) | loss=0.6586
  [Client 17] Round 2 | Hier-pFedMe(λ2=35.0,K=5) | loss=2.3679
  [Client 16] Round 2 | Hier-pFedMe(λ2=35.0,K=5) | loss=4.8136
  [Client 13] Round 2 | Hier-pFedMe(λ2=35.0,K=5) | loss=2.8830
  [Client 19] Round 2 | Hier-pFedMe(λ2=35.0,K=5) | loss=2.1646
  [Client 12] Round 2 | Hier-pFedMe(λ2=35.0,K=5) | loss=2.5961
  [Client 10] Round 2 | Hier-pFedMe(λ2=35.0,K=5) | loss=3.1813
  [Client 15] Round 2 | Hier-pFedMe(λ2=35.0,K=5) | loss=0.6929
  [Client 18] Round 2 | Hier-pFedMe(λ2=35.0,K=5) | loss=2.3980
  [Edge 1] G2 | E1 | loss=2.3401
  [Edge 1] G2 | E2 | Hier-pFedMe | Selected 10/10
  [Client 11] Round 2 | Hier-pFedMe(λ2=35.0,K=5) | loss=1.3453
  [Client 13] Round 2 | Hier-pFedMe(λ2=35.0,K=5) | loss=1.1609
  [Client 12] Round 2 | Hier-pFedMe(λ2=35.0,K=5) | loss=1.5973
  [Client 10] Round 2 | Hier-pFedMe(λ2=35.0,K=5) | loss=2.0518
  [Client 17] Round 2 | Hier-pFedMe(λ2=35.0,K=5) | loss=0.5644
  [Client 19] Round 2 | Hier-pFedMe(λ2=35.0,K=5) | loss=2.0320
  [Client 16] Round 2 | Hier-pFedMe(λ2=35.0,K=5) | loss=1.2533
  [Client 18] Round 2 | Hier-pFedMe(λ2=35.0,K=5) | loss=2.1189
  [Client 15] Round 2 | Hier-pFedMe(λ2=35.0,K=5) | loss=1.5333
  [Client 14] Round 2 | Hier-pFedMe(λ2=35.0,K=5) | loss=1.5251
  [Edge 1] G2 | E2 | loss=1.5182
  [Edge 1] G2 | E3 | Hier-pFedMe | Selected 10/10
  [Client 10] Round 2 | Hier-pFedMe(λ2=35.0,K=5) | loss=1.0688
  [Client 12] Round 2 | Hier-pFedMe(λ2=35.0,K=5) | loss=1.3434
  [Client 13] Round 2 | Hier-pFedMe(λ2=35.0,K=5) | loss=2.2837
  [Client 14] Round 2 | Hier-pFedMe(λ2=35.0,K=5) | loss=0.8165
  [Client 17] Round 2 | Hier-pFedMe(λ2=35.0,K=5) | loss=1.3170
  [Client 18] Round 2 | Hier-pFedMe(λ2=35.0,K=5) | loss=1.8070
  [Client 16] Round 2 | Hier-pFedMe(λ2=35.0,K=5) | loss=0.8260
  [Client 19] Round 2 | Hier-pFedMe(λ2=35.0,K=5) | loss=0.6620
  [Client 15] Round 2 | Hier-pFedMe(λ2=35.0,K=5) | loss=2.5453
  [Client 11] Round 2 | Hier-pFedMe(λ2=35.0,K=5) | loss=2.4612
  [Edge 1] G2 | E3 | loss=1.5131
  [Edge 1] G2 | E4 | Hier-pFedMe | Selected 10/10
  [Client 15] Round 2 | Hier-pFedMe(λ2=35.0,K=5) | loss=0.8622  [Client 14] Round 2 | Hier-pFedMe(λ2=35.0,K=5) | loss=1.2752  [Client 19] Round 2 | Hier-pFedMe(λ2=35.0,K=5) | loss=2.0171  [Client 11] Round 2 | Hier-pFedMe(λ2=35.0,K=5) | loss=1.2375



  [Client 12] Round 2 | Hier-pFedMe(λ2=35.0,K=5) | loss=1.2276
  [Client 17] Round 2 | Hier-pFedMe(λ2=35.0,K=5) | loss=2.1638  [Client 10] Round 2 | Hier-pFedMe(λ2=35.0,K=5) | loss=1.0888  [Client 13] Round 2 | Hier-pFedMe(λ2=35.0,K=5) | loss=0.6145


  [Client 16] Round 2 | Hier-pFedMe(λ2=35.0,K=5) | loss=0.9795
  [Client 18] Round 2 | Hier-pFedMe(λ2=35.0,K=5) | loss=2.3017
  [Edge 1] G2 | E4 | loss=1.3768
  [Edge 1] G2 | E5 | Hier-pFedMe | Selected 10/10
  [Client 14] Round 2 | Hier-pFedMe(λ2=35.0,K=5) | loss=1.4453  [Client 11] Round 2 | Hier-pFedMe(λ2=35.0,K=5) | loss=0.8736
  [Client 13] Round 2 | Hier-pFedMe(λ2=35.0,K=5) | loss=0.9671  [Client 18] Round 2 | Hier-pFedMe(λ2=35.0,K=5) | loss=1.1062


  [Client 17] Round 2 | Hier-pFedMe(λ2=35.0,K=5) | loss=1.3219
  [Client 16] Round 2 | Hier-pFedMe(λ2=35.0,K=5) | loss=1.3239
  [Client 10] Round 2 | Hier-pFedMe(λ2=35.0,K=5) | loss=2.3896
  [Client 15] Round 2 | Hier-pFedMe(λ2=35.0,K=5) | loss=1.0266
  [Client 19] Round 2 | Hier-pFedMe(λ2=35.0,K=5) | loss=1.8353
  [Client 12] Round 2 | Hier-pFedMe(λ2=35.0,K=5) | loss=1.0037
  [Edge 1] G2 | E5 | loss=1.3293
[C0] eval model[0] mean=0.000829 | θ̃ mean=0.000829 | edge mean=0.000563
[C0] n=800 | classes=[3, 6] | acc=0.4913 | per_class={3: '0.00', 6: '1.00'}
[C1] eval model[0] mean=0.000589 | θ̃ mean=0.000589 | edge mean=0.000563
[C1] n=800 | classes=[3, 6] | acc=0.4825 | per_class={3: '0.00', 6: '1.00'}
[C2] eval model[0] mean=0.000013 | θ̃ mean=0.000013 | edge mean=0.000563
[C2] n=800 | classes=[2, 5] | acc=0.5000 | per_class={2: '0.00', 5: '1.00'}
[C3] eval model[0] mean=0.001146 | θ̃ mean=0.001146 | edge mean=0.000563
[C3] n=800 | classes=[5, 7] | acc=0.4913 | per_class={5: '0.00', 7: '1.00'}
[C4] eval model[0] mean=0.000439 | θ̃ mean=0.000439 | edge mean=0.000563
[C4] n=800 | classes=[2, 7] | acc=0.4913 | per_class={2: '1.00', 7: '0.00'}
[C5] eval model[0] mean=0.000549 | θ̃ mean=0.000549 | edge mean=0.000563
[C5] n=800 | classes=[2, 4] | acc=0.5238 | per_class={2: '1.00', 4: '0.00'}
[C6] eval model[0] mean=0.000880 | θ̃ mean=0.000880 | edge mean=0.000563
[C6] n=800 | classes=[6, 7] | acc=0.5075 | per_class={6: '0.00', 7: '1.00'}
[C7] eval model[0] mean=0.000256 | θ̃ mean=0.000256 | edge mean=0.000563
[C7] n=800 | classes=[3, 5] | acc=0.4763 | per_class={3: '1.00', 5: '0.00'}
[C8] eval model[0] mean=0.000514 | θ̃ mean=0.000514 | edge mean=0.000563
[C8] n=400 | classes=[4] | acc=1.0000 | per_class={4: '1.00'}
[C9] eval model[0] mean=0.000522 | θ̃ mean=0.000522 | edge mean=0.000563
[C9] n=400 | classes=[4] | acc=1.0000 | per_class={4: '1.00'}
[C10] eval model[0] mean=0.001179 | θ̃ mean=0.001179 | edge mean=0.000562
[C10] n=480 | classes=[8, 9] | acc=0.4833 | per_class={8: '0.97', 9: '0.01'}
[C11] eval model[0] mean=0.000550 | θ̃ mean=0.000550 | edge mean=0.000562
[C11] n=480 | classes=[0, 1] | acc=0.5125 | per_class={0: '1.00', 1: '0.00'}
[C12] eval model[0] mean=0.000135 | θ̃ mean=0.000135 | edge mean=0.000562
[C12] n=480 | classes=[1, 8] | acc=0.5104 | per_class={1: '0.00', 8: '1.00'}
[C13] eval model[0] mean=0.000594 | θ̃ mean=0.000594 | edge mean=0.000562
[C13] n=480 | classes=[0, 8] | acc=0.5125 | per_class={0: '1.00', 8: '0.00'}
[C14] eval model[0] mean=0.000205 | θ̃ mean=0.000205 | edge mean=0.000562
[C14] n=480 | classes=[0, 9] | acc=0.5062 | per_class={0: '1.00', 9: '0.00'}
[C15] eval model[0] mean=0.000184 | θ̃ mean=0.000184 | edge mean=0.000562
[C15] n=480 | classes=[0, 8] | acc=0.4875 | per_class={0: '0.00', 8: '1.00'}
[C16] eval model[0] mean=0.000052 | θ̃ mean=0.000052 | edge mean=0.000562
[C16] n=480 | classes=[1, 8] | acc=0.5062 | per_class={1: '0.00', 8: '1.00'}
[C17] eval model[0] mean=0.001123 | θ̃ mean=0.001123 | edge mean=0.000562
[C17] n=480 | classes=[1, 9] | acc=0.4958 | per_class={1: '0.00', 9: '1.00'}
[C18] eval model[0] mean=0.000988 | θ̃ mean=0.000988 | edge mean=0.000562
[C18] n=480 | classes=[1, 9] | acc=0.5083 | per_class={1: '1.00', 9: '0.00'}
[C19] eval model[0] mean=0.000746 | θ̃ mean=0.000746 | edge mean=0.000562
[C19] n=480 | classes=[0, 9] | acc=0.5104 | per_class={0: '0.00', 9: '1.00'}
  [Cloud] GM=0.1270 | EM=0.2510 PM=0.5322 | loss=2.2771 | time=172.1s | comm=4556.2MB (total=9112MB)

[Round   3] Broadcasting to 2 edges...
  [Edge 0] G3 | E1 | Hier-pFedMe | Selected 10/10
  [Client  4] Round 3 | Hier-pFedMe(λ2=35.0,K=5) | loss=2.2266
  [Client  6] Round 3 | Hier-pFedMe(λ2=35.0,K=5) | loss=3.6042
  [Client  9] Round 3 | Hier-pFedMe(λ2=35.0,K=5) | loss=0.0810  [Client  3] Round 3 | Hier-pFedMe(λ2=35.0,K=5) | loss=2.5063

  [Client  1] Round 3 | Hier-pFedMe(λ2=35.0,K=5) | loss=2.9950
  [Client  5] Round 3 | Hier-pFedMe(λ2=35.0,K=5) | loss=0.5845
  [Client  8] Round 3 | Hier-pFedMe(λ2=35.0,K=5) | loss=0.6401
  [Client  7] Round 3 | Hier-pFedMe(λ2=35.0,K=5) | loss=3.3329
  [Client  0] Round 3 | Hier-pFedMe(λ2=35.0,K=5) | loss=3.4585
  [Client  2] Round 3 | Hier-pFedMe(λ2=35.0,K=5) | loss=1.9090
  [Edge 0] G3 | E1 | loss=2.3308
  [Edge 0] G3 | E2 | Hier-pFedMe | Selected 10/10
  [Client  9] Round 3 | Hier-pFedMe(λ2=35.0,K=5) | loss=0.5562
  [Client  4] Round 3 | Hier-pFedMe(λ2=35.0,K=5) | loss=1.4666
  [Client  5] Round 3 | Hier-pFedMe(λ2=35.0,K=5) | loss=0.6098
  [Client  6] Round 3 | Hier-pFedMe(λ2=35.0,K=5) | loss=0.6632
  [Client  7] Round 3 | Hier-pFedMe(λ2=35.0,K=5) | loss=0.9687
  [Client  8] Round 3 | Hier-pFedMe(λ2=35.0,K=5) | loss=0.3925
  [Client  0] Round 3 | Hier-pFedMe(λ2=35.0,K=5) | loss=2.3802
  [Client  1] Round 3 | Hier-pFedMe(λ2=35.0,K=5) | loss=2.3112
  [Client  3] Round 3 | Hier-pFedMe(λ2=35.0,K=5) | loss=1.5130
  [Client  2] Round 3 | Hier-pFedMe(λ2=35.0,K=5) | loss=2.4238
  [Edge 0] G3 | E2 | loss=1.4234
  [Edge 0] G3 | E3 | Hier-pFedMe | Selected 10/10
  [Client  9] Round 3 | Hier-pFedMe(λ2=35.0,K=5) | loss=0.1843
  [Client  5] Round 3 | Hier-pFedMe(λ2=35.0,K=5) | loss=1.2758
  [Client  7] Round 3 | Hier-pFedMe(λ2=35.0,K=5) | loss=2.1599
  [Client  6] Round 3 | Hier-pFedMe(λ2=35.0,K=5) | loss=1.3536
  [Client  4] Round 3 | Hier-pFedMe(λ2=35.0,K=5) | loss=1.4857
  [Client  2] Round 3 | Hier-pFedMe(λ2=35.0,K=5) | loss=0.5417
  [Client  0] Round 3 | Hier-pFedMe(λ2=35.0,K=5) | loss=2.2170
  [Client  1] Round 3 | Hier-pFedMe(λ2=35.0,K=5) | loss=1.9736
  [Client  3] Round 3 | Hier-pFedMe(λ2=35.0,K=5) | loss=2.4428
  [Client  8] Round 3 | Hier-pFedMe(λ2=35.0,K=5) | loss=0.1839
  [Edge 0] G3 | E3 | loss=1.5149
  [Edge 0] G3 | E4 | Hier-pFedMe | Selected 10/10
  [Client  7] Round 3 | Hier-pFedMe(λ2=35.0,K=5) | loss=1.5293
  [Client  0] Round 3 | Hier-pFedMe(λ2=35.0,K=5) | loss=2.0659
  [Client  8] Round 3 | Hier-pFedMe(λ2=35.0,K=5) | loss=0.1095
  [Client  1] Round 3 | Hier-pFedMe(λ2=35.0,K=5) | loss=2.3545
  [Client  2] Round 3 | Hier-pFedMe(λ2=35.0,K=5) | loss=2.4383
  [Client  3] Round 3 | Hier-pFedMe(λ2=35.0,K=5) | loss=1.3160
  [Client  6] Round 3 | Hier-pFedMe(λ2=35.0,K=5) | loss=1.7070
  [Client  5] Round 3 | Hier-pFedMe(λ2=35.0,K=5) | loss=1.6703
  [Client  9] Round 3 | Hier-pFedMe(λ2=35.0,K=5) | loss=0.1369
  [Client  4] Round 3 | Hier-pFedMe(λ2=35.0,K=5) | loss=1.4033
  [Edge 0] G3 | E4 | loss=1.6231
  [Edge 0] G3 | E5 | Hier-pFedMe | Selected 10/10
  [Client  5] Round 3 | Hier-pFedMe(λ2=35.0,K=5) | loss=0.5368
  [Client  4] Round 3 | Hier-pFedMe(λ2=35.0,K=5) | loss=1.3602
  [Client  9] Round 3 | Hier-pFedMe(λ2=35.0,K=5) | loss=0.3216
  [Client  0] Round 3 | Hier-pFedMe(λ2=35.0,K=5) | loss=1.1285
  [Client  3] Round 3 | Hier-pFedMe(λ2=35.0,K=5) | loss=2.3411
  [Client  7] Round 3 | Hier-pFedMe(λ2=35.0,K=5) | loss=2.0646
  [Client  2] Round 3 | Hier-pFedMe(λ2=35.0,K=5) | loss=0.7917
  [Client  6] Round 3 | Hier-pFedMe(λ2=35.0,K=5) | loss=1.2394
  [Client  1] Round 3 | Hier-pFedMe(λ2=35.0,K=5) | loss=0.8941
  [Client  8] Round 3 | Hier-pFedMe(λ2=35.0,K=5) | loss=0.0803
  [Edge 0] G3 | E5 | loss=1.1730
  [Edge 1] G3 | E1 | Hier-pFedMe | Selected 10/10
  [Client 17] Round 3 | Hier-pFedMe(λ2=35.0,K=5) | loss=0.9778
  [Client 12] Round 3 | Hier-pFedMe(λ2=35.0,K=5) | loss=0.9187
  [Client 11] Round 3 | Hier-pFedMe(λ2=35.0,K=5) | loss=0.7198
  [Client 18] Round 3 | Hier-pFedMe(λ2=35.0,K=5) | loss=0.9510
  [Client 10] Round 3 | Hier-pFedMe(λ2=35.0,K=5) | loss=2.1429
  [Client 15] Round 3 | Hier-pFedMe(λ2=35.0,K=5) | loss=1.4539
  [Client 13] Round 3 | Hier-pFedMe(λ2=35.0,K=5) | loss=0.7350
  [Client 19] Round 3 | Hier-pFedMe(λ2=35.0,K=5) | loss=1.1623
  [Client 14] Round 3 | Hier-pFedMe(λ2=35.0,K=5) | loss=2.5828
  [Client 16] Round 3 | Hier-pFedMe(λ2=35.0,K=5) | loss=1.7935
  [Edge 1] G3 | E1 | loss=1.3438
  [Edge 1] G3 | E2 | Hier-pFedMe | Selected 10/10
  [Client 10] Round 3 | Hier-pFedMe(λ2=35.0,K=5) | loss=2.3683
  [Client 13] Round 3 | Hier-pFedMe(λ2=35.0,K=5) | loss=1.8763
  [Client 12] Round 3 | Hier-pFedMe(λ2=35.0,K=5) | loss=1.0024
  [Client 15] Round 3 | Hier-pFedMe(λ2=35.0,K=5) | loss=1.9684
  [Client 17] Round 3 | Hier-pFedMe(λ2=35.0,K=5) | loss=1.6677
  [Client 16] Round 3 | Hier-pFedMe(λ2=35.0,K=5) | loss=2.2361
  [Client 19] Round 3 | Hier-pFedMe(λ2=35.0,K=5) | loss=2.5882
  [Client 18] Round 3 | Hier-pFedMe(λ2=35.0,K=5) | loss=2.0690
  [Client 14] Round 3 | Hier-pFedMe(λ2=35.0,K=5) | loss=2.3986
  [Client 11] Round 3 | Hier-pFedMe(λ2=35.0,K=5) | loss=0.5988
  [Edge 1] G3 | E2 | loss=1.8774
  [Edge 1] G3 | E3 | Hier-pFedMe | Selected 10/10
  [Client 15] Round 3 | Hier-pFedMe(λ2=35.0,K=5) | loss=2.2855
  [Client 17] Round 3 | Hier-pFedMe(λ2=35.0,K=5) | loss=1.6760
  [Client 10] Round 3 | Hier-pFedMe(λ2=35.0,K=5) | loss=1.4329
  [Client 16] Round 3 | Hier-pFedMe(λ2=35.0,K=5) | loss=0.4561
  [Client 12] Round 3 | Hier-pFedMe(λ2=35.0,K=5) | loss=1.7051
  [Client 14] Round 3 | Hier-pFedMe(λ2=35.0,K=5) | loss=1.3449
  [Client 18] Round 3 | Hier-pFedMe(λ2=35.0,K=5) | loss=1.8654
  [Client 19] Round 3 | Hier-pFedMe(λ2=35.0,K=5) | loss=1.5056
  [Client 13] Round 3 | Hier-pFedMe(λ2=35.0,K=5) | loss=1.8559
  [Client 11] Round 3 | Hier-pFedMe(λ2=35.0,K=5) | loss=1.4656
  [Edge 1] G3 | E3 | loss=1.5593
  [Edge 1] G3 | E4 | Hier-pFedMe | Selected 10/10
  [Client 10] Round 3 | Hier-pFedMe(λ2=35.0,K=5) | loss=1.1364
  [Client 19] Round 3 | Hier-pFedMe(λ2=35.0,K=5) | loss=1.8802
  [Client 13] Round 3 | Hier-pFedMe(λ2=35.0,K=5) | loss=0.5670
  [Client 15] Round 3 | Hier-pFedMe(λ2=35.0,K=5) | loss=1.8504
  [Client 17] Round 3 | Hier-pFedMe(λ2=35.0,K=5) | loss=1.8366
  [Client 16] Round 3 | Hier-pFedMe(λ2=35.0,K=5) | loss=0.6399
  [Client 12] Round 3 | Hier-pFedMe(λ2=35.0,K=5) | loss=2.4770
  [Client 11] Round 3 | Hier-pFedMe(λ2=35.0,K=5) | loss=1.3202
  [Client 14] Round 3 | Hier-pFedMe(λ2=35.0,K=5) | loss=1.3587
  [Client 18] Round 3 | Hier-pFedMe(λ2=35.0,K=5) | loss=1.2013
  [Edge 1] G3 | E4 | loss=1.4268
  [Edge 1] G3 | E5 | Hier-pFedMe | Selected 10/10
  [Client 12] Round 3 | Hier-pFedMe(λ2=35.0,K=5) | loss=1.3612
  [Client 10] Round 3 | Hier-pFedMe(λ2=35.0,K=5) | loss=1.6944
  [Client 14] Round 3 | Hier-pFedMe(λ2=35.0,K=5) | loss=1.3072  [Client 13] Round 3 | Hier-pFedMe(λ2=35.0,K=5) | loss=1.7181

  [Client 19] Round 3 | Hier-pFedMe(λ2=35.0,K=5) | loss=1.7579
  [Client 11] Round 3 | Hier-pFedMe(λ2=35.0,K=5) | loss=1.2490
  [Client 17] Round 3 | Hier-pFedMe(λ2=35.0,K=5) | loss=1.6814
  [Client 15] Round 3 | Hier-pFedMe(λ2=35.0,K=5) | loss=1.3410
  [Client 18] Round 3 | Hier-pFedMe(λ2=35.0,K=5) | loss=1.5348
  [Client 16] Round 3 | Hier-pFedMe(λ2=35.0,K=5) | loss=1.3206
  [Edge 1] G3 | E5 | loss=1.4966
[C0] eval model[0] mean=0.000404 | θ̃ mean=0.000404 | edge mean=0.000614
[C0] n=800 | classes=[3, 6] | acc=0.4913 | per_class={3: '0.00', 6: '1.00'}
[C1] eval model[0] mean=0.000756 | θ̃ mean=0.000756 | edge mean=0.000614
[C1] n=800 | classes=[3, 6] | acc=0.5175 | per_class={3: '1.00', 6: '0.00'}
[C2] eval model[0] mean=0.000632 | θ̃ mean=0.000632 | edge mean=0.000614
[C2] n=800 | classes=[2, 5] | acc=0.5000 | per_class={2: '0.00', 5: '1.00'}
[C3] eval model[0] mean=0.000314 | θ̃ mean=0.000314 | edge mean=0.000614
[C3] n=800 | classes=[5, 7] | acc=0.5088 | per_class={5: '1.00', 7: '0.00'}
[C4] eval model[0] mean=0.000292 | θ̃ mean=0.000292 | edge mean=0.000614
[C4] n=800 | classes=[2, 7] | acc=0.5088 | per_class={2: '0.00', 7: '1.00'}
[C5] eval model[0] mean=0.000535 | θ̃ mean=0.000535 | edge mean=0.000614
[C5] n=800 | classes=[2, 4] | acc=0.4888 | per_class={2: '0.05', 4: '0.97'}
[C6] eval model[0] mean=0.000814 | θ̃ mean=0.000814 | edge mean=0.000614
[C6] n=800 | classes=[6, 7] | acc=0.5075 | per_class={6: '0.00', 7: '1.00'}
[C7] eval model[0] mean=-0.000121 | θ̃ mean=-0.000121 | edge mean=0.000614
[C7] n=800 | classes=[3, 5] | acc=0.4763 | per_class={3: '1.00', 5: '0.00'}
[C8] eval model[0] mean=0.000610 | θ̃ mean=0.000610 | edge mean=0.000614
[C8] n=400 | classes=[4] | acc=1.0000 | per_class={4: '1.00'}
[C9] eval model[0] mean=0.000808 | θ̃ mean=0.000808 | edge mean=0.000614
[C9] n=400 | classes=[4] | acc=1.0000 | per_class={4: '1.00'}
[C10] eval model[0] mean=0.000425 | θ̃ mean=0.000425 | edge mean=0.000601
[C10] n=480 | classes=[8, 9] | acc=0.5083 | per_class={8: '0.00', 9: '1.00'}
[C11] eval model[0] mean=0.000468 | θ̃ mean=0.000468 | edge mean=0.000601
[C11] n=480 | classes=[0, 1] | acc=0.4917 | per_class={0: '0.01', 1: '1.00'}
[C12] eval model[0] mean=0.000483 | θ̃ mean=0.000483 | edge mean=0.000601
[C12] n=480 | classes=[1, 8] | acc=0.5104 | per_class={1: '0.00', 8: '1.00'}
[C13] eval model[0] mean=0.000667 | θ̃ mean=0.000667 | edge mean=0.000601
[C13] n=480 | classes=[0, 8] | acc=0.5125 | per_class={0: '1.00', 8: '0.00'}
[C14] eval model[0] mean=0.001405 | θ̃ mean=0.001405 | edge mean=0.000601
[C14] n=480 | classes=[0, 9] | acc=0.4958 | per_class={0: '0.00', 9: '1.00'}
[C15] eval model[0] mean=0.000710 | θ̃ mean=0.000710 | edge mean=0.000601
[C15] n=480 | classes=[0, 8] | acc=0.5125 | per_class={0: '1.00', 8: '0.00'}
[C16] eval model[0] mean=0.000984 | θ̃ mean=0.000984 | edge mean=0.000601
[C16] n=480 | classes=[1, 8] | acc=0.4938 | per_class={1: '1.00', 8: '0.00'}
[C17] eval model[0] mean=0.001015 | θ̃ mean=0.001015 | edge mean=0.000601
[C17] n=480 | classes=[1, 9] | acc=0.5042 | per_class={1: '1.00', 9: '0.00'}
[C18] eval model[0] mean=0.000711 | θ̃ mean=0.000711 | edge mean=0.000601
[C18] n=480 | classes=[1, 9] | acc=0.4917 | per_class={1: '0.00', 9: '1.00'}
[C19] eval model[0] mean=0.001088 | θ̃ mean=0.001088 | edge mean=0.000601
[C19] n=480 | classes=[0, 9] | acc=0.5146 | per_class={0: '0.01', 9: '1.00'}
  [Cloud] GM=0.1718 | EM=0.3022 PM=0.5347 | loss=2.2419 | time=243.6s | comm=4556.2MB (total=13669MB)

[Round   4] Broadcasting to 2 edges...
  [Edge 0] G4 | E1 | Hier-pFedMe | Selected 10/10
  [Client  6] Round 4 | Hier-pFedMe(λ2=35.0,K=5) | loss=1.8096
  [Client  7] Round 4 | Hier-pFedMe(λ2=35.0,K=5) | loss=2.0242
  [Client  5] Round 4 | Hier-pFedMe(λ2=35.0,K=5) | loss=1.1647
  [Client  2] Round 4 | Hier-pFedMe(λ2=35.0,K=5) | loss=1.2715
  [Client  1] Round 4 | Hier-pFedMe(λ2=35.0,K=5) | loss=1.4618
  [Client  8] Round 4 | Hier-pFedMe(λ2=35.0,K=5) | loss=0.7506
  [Client  0] Round 4 | Hier-pFedMe(λ2=35.0,K=5) | loss=2.2784
  [Client  4] Round 4 | Hier-pFedMe(λ2=35.0,K=5) | loss=0.8742
  [Client  9] Round 4 | Hier-pFedMe(λ2=35.0,K=5) | loss=0.7751
  [Client  3] Round 4 | Hier-pFedMe(λ2=35.0,K=5) | loss=2.0154
  [Edge 0] G4 | E1 | loss=1.5181
  [Edge 0] G4 | E2 | Hier-pFedMe | Selected 10/10
  [Client  1] Round 4 | Hier-pFedMe(λ2=35.0,K=5) | loss=1.3624  [Client  4] Round 4 | Hier-pFedMe(λ2=35.0,K=5) | loss=1.6389

  [Client  6] Round 4 | Hier-pFedMe(λ2=35.0,K=5) | loss=0.8102
  [Client  2] Round 4 | Hier-pFedMe(λ2=35.0,K=5) | loss=1.8157
  [Client  3] Round 4 | Hier-pFedMe(λ2=35.0,K=5) | loss=2.7162
  [Client  5] Round 4 | Hier-pFedMe(λ2=35.0,K=5) | loss=0.9176
  [Client  9] Round 4 | Hier-pFedMe(λ2=35.0,K=5) | loss=0.1152
  [Client  0] Round 4 | Hier-pFedMe(λ2=35.0,K=5) | loss=0.6540
  [Client  8] Round 4 | Hier-pFedMe(λ2=35.0,K=5) | loss=0.1438
  [Client  7] Round 4 | Hier-pFedMe(λ2=35.0,K=5) | loss=2.2483
  [Edge 0] G4 | E2 | loss=1.3659
  [Edge 0] G4 | E3 | Hier-pFedMe | Selected 10/10
  [Client  2] Round 4 | Hier-pFedMe(λ2=35.0,K=5) | loss=0.7662
  [Client  6] Round 4 | Hier-pFedMe(λ2=35.0,K=5) | loss=0.4809
  [Client  3] Round 4 | Hier-pFedMe(λ2=35.0,K=5) | loss=2.1320
  [Client  8] Round 4 | Hier-pFedMe(λ2=35.0,K=5) | loss=0.0586
  [Client  7] Round 4 | Hier-pFedMe(λ2=35.0,K=5) | loss=1.7689
  [Client  1] Round 4 | Hier-pFedMe(λ2=35.0,K=5) | loss=1.8425
  [Client  0] Round 4 | Hier-pFedMe(λ2=35.0,K=5) | loss=1.4682
  [Client  9] Round 4 | Hier-pFedMe(λ2=35.0,K=5) | loss=0.0785
  [Client  5] Round 4 | Hier-pFedMe(λ2=35.0,K=5) | loss=1.1314
  [Client  4] Round 4 | Hier-pFedMe(λ2=35.0,K=5) | loss=1.0589
  [Edge 0] G4 | E3 | loss=1.1908
  [Edge 0] G4 | E4 | Hier-pFedMe | Selected 10/10
  [Client  9] Round 4 | Hier-pFedMe(λ2=35.0,K=5) | loss=0.0271
  [Client  2] Round 4 | Hier-pFedMe(λ2=35.0,K=5) | loss=1.9188
  [Client  4] Round 4 | Hier-pFedMe(λ2=35.0,K=5) | loss=1.7978
  [Client  7] Round 4 | Hier-pFedMe(λ2=35.0,K=5) | loss=1.4202
  [Client  0] Round 4 | Hier-pFedMe(λ2=35.0,K=5) | loss=1.8495
  [Client  6] Round 4 | Hier-pFedMe(λ2=35.0,K=5) | loss=1.7980
  [Client  1] Round 4 | Hier-pFedMe(λ2=35.0,K=5) | loss=1.5301
  [Client  3] Round 4 | Hier-pFedMe(λ2=35.0,K=5) | loss=1.4752
  [Client  8] Round 4 | Hier-pFedMe(λ2=35.0,K=5) | loss=0.0747
  [Client  5] Round 4 | Hier-pFedMe(λ2=35.0,K=5) | loss=1.5357
  [Edge 0] G4 | E4 | loss=1.4863
  [Edge 0] G4 | E5 | Hier-pFedMe | Selected 10/10
  [Client  4] Round 4 | Hier-pFedMe(λ2=35.0,K=5) | loss=1.0628
  [Client  2] Round 4 | Hier-pFedMe(λ2=35.0,K=5) | loss=1.4930
  [Client  1] Round 4 | Hier-pFedMe(λ2=35.0,K=5) | loss=2.0692
  [Client  8] Round 4 | Hier-pFedMe(λ2=35.0,K=5) | loss=0.0664
  [Client  5] Round 4 | Hier-pFedMe(λ2=35.0,K=5) | loss=1.0008
  [Client  9] Round 4 | Hier-pFedMe(λ2=35.0,K=5) | loss=0.1591
  [Client  0] Round 4 | Hier-pFedMe(λ2=35.0,K=5) | loss=2.0621
  [Client  3] Round 4 | Hier-pFedMe(λ2=35.0,K=5) | loss=1.3279
  [Client  6] Round 4 | Hier-pFedMe(λ2=35.0,K=5) | loss=1.4858
  [Client  7] Round 4 | Hier-pFedMe(λ2=35.0,K=5) | loss=1.7399
  [Edge 0] G4 | E5 | loss=1.3727
  [Edge 1] G4 | E1 | Hier-pFedMe | Selected 10/10
  [Client 17] Round 4 | Hier-pFedMe(λ2=35.0,K=5) | loss=1.1701
  [Client 13] Round 4 | Hier-pFedMe(λ2=35.0,K=5) | loss=1.6987
  [Client 10] Round 4 | Hier-pFedMe(λ2=35.0,K=5) | loss=0.9999
  [Client 14] Round 4 | Hier-pFedMe(λ2=35.0,K=5) | loss=1.3818
  [Client 11] Round 4 | Hier-pFedMe(λ2=35.0,K=5) | loss=1.6720
  [Client 19] Round 4 | Hier-pFedMe(λ2=35.0,K=5) | loss=1.9287
  [Client 12] Round 4 | Hier-pFedMe(λ2=35.0,K=5) | loss=1.3416
  [Client 18] Round 4 | Hier-pFedMe(λ2=35.0,K=5) | loss=1.7660
  [Client 16] Round 4 | Hier-pFedMe(λ2=35.0,K=5) | loss=1.1631
  [Client 15] Round 4 | Hier-pFedMe(λ2=35.0,K=5) | loss=1.8292
  [Edge 1] G4 | E1 | loss=1.4951
  [Edge 1] G4 | E2 | Hier-pFedMe | Selected 10/10
  [Client 16] Round 4 | Hier-pFedMe(λ2=35.0,K=5) | loss=0.7055
  [Client 17] Round 4 | Hier-pFedMe(λ2=35.0,K=5) | loss=1.6404
  [Client 11] Round 4 | Hier-pFedMe(λ2=35.0,K=5) | loss=1.4068
  [Client 10] Round 4 | Hier-pFedMe(λ2=35.0,K=5) | loss=1.2764
  [Client 12] Round 4 | Hier-pFedMe(λ2=35.0,K=5) | loss=1.5874
  [Client 15] Round 4 | Hier-pFedMe(λ2=35.0,K=5) | loss=1.2633
  [Client 19] Round 4 | Hier-pFedMe(λ2=35.0,K=5) | loss=1.0847
  [Client 14] Round 4 | Hier-pFedMe(λ2=35.0,K=5) | loss=0.6434
  [Client 18] Round 4 | Hier-pFedMe(λ2=35.0,K=5) | loss=1.5711
  [Client 13] Round 4 | Hier-pFedMe(λ2=35.0,K=5) | loss=1.4179
  [Edge 1] G4 | E2 | loss=1.2597
  [Edge 1] G4 | E3 | Hier-pFedMe | Selected 10/10
  [Client 18] Round 4 | Hier-pFedMe(λ2=35.0,K=5) | loss=1.4778
  [Client 12] Round 4 | Hier-pFedMe(λ2=35.0,K=5) | loss=1.3246
  [Client 14] Round 4 | Hier-pFedMe(λ2=35.0,K=5) | loss=1.2411
  [Client 10] Round 4 | Hier-pFedMe(λ2=35.0,K=5) | loss=1.6444
  [Client 17] Round 4 | Hier-pFedMe(λ2=35.0,K=5) | loss=1.6648
  [Client 19] Round 4 | Hier-pFedMe(λ2=35.0,K=5) | loss=1.5035
  [Client 11] Round 4 | Hier-pFedMe(λ2=35.0,K=5) | loss=1.1630
  [Client 16] Round 4 | Hier-pFedMe(λ2=35.0,K=5) | loss=0.9418
  [Client 15] Round 4 | Hier-pFedMe(λ2=35.0,K=5) | loss=1.4380
  [Client 13] Round 4 | Hier-pFedMe(λ2=35.0,K=5) | loss=1.8161
  [Edge 1] G4 | E3 | loss=1.4215
  [Edge 1] G4 | E4 | Hier-pFedMe | Selected 10/10
  [Client 17] Round 4 | Hier-pFedMe(λ2=35.0,K=5) | loss=0.8525
  [Client 19] Round 4 | Hier-pFedMe(λ2=35.0,K=5) | loss=0.8960
  [Client 10] Round 4 | Hier-pFedMe(λ2=35.0,K=5) | loss=1.6256
  [Client 14] Round 4 | Hier-pFedMe(λ2=35.0,K=5) | loss=1.2120
  [Client 16] Round 4 | Hier-pFedMe(λ2=35.0,K=5) | loss=1.1454
  [Client 18] Round 4 | Hier-pFedMe(λ2=35.0,K=5) | loss=1.6774
  [Client 13] Round 4 | Hier-pFedMe(λ2=35.0,K=5) | loss=1.3041
  [Client 11] Round 4 | Hier-pFedMe(λ2=35.0,K=5) | loss=0.4952
  [Client 15] Round 4 | Hier-pFedMe(λ2=35.0,K=5) | loss=1.4567
  [Client 12] Round 4 | Hier-pFedMe(λ2=35.0,K=5) | loss=0.4943
  [Edge 1] G4 | E4 | loss=1.1159
  [Edge 1] G4 | E5 | Hier-pFedMe | Selected 10/10
  [Client 11] Round 4 | Hier-pFedMe(λ2=35.0,K=5) | loss=1.3531
  [Client 10] Round 4 | Hier-pFedMe(λ2=35.0,K=5) | loss=1.8532
  [Client 17] Round 4 | Hier-pFedMe(λ2=35.0,K=5) | loss=1.1333
  [Client 14] Round 4 | Hier-pFedMe(λ2=35.0,K=5) | loss=1.1601
  [Client 13] Round 4 | Hier-pFedMe(λ2=35.0,K=5) | loss=1.7245
  [Client 15] Round 4 | Hier-pFedMe(λ2=35.0,K=5) | loss=1.4733
  [Client 18] Round 4 | Hier-pFedMe(λ2=35.0,K=5) | loss=1.4201
  [Client 19] Round 4 | Hier-pFedMe(λ2=35.0,K=5) | loss=1.5372
  [Client 16] Round 4 | Hier-pFedMe(λ2=35.0,K=5) | loss=1.5685
  [Client 12] Round 4 | Hier-pFedMe(λ2=35.0,K=5) | loss=1.1238
  [Edge 1] G4 | E5 | loss=1.4347
[C0] eval model[0] mean=0.000323 | θ̃ mean=0.000323 | edge mean=0.000794
[C0] n=800 | classes=[3, 6] | acc=0.5088 | per_class={3: '1.00', 6: '0.00'}
[C1] eval model[0] mean=0.000649 | θ̃ mean=0.000649 | edge mean=0.000794
[C1] n=800 | classes=[3, 6] | acc=0.5100 | per_class={3: '0.99', 6: '0.00'}
[C2] eval model[0] mean=0.001330 | θ̃ mean=0.001330 | edge mean=0.000794
[C2] n=800 | classes=[2, 5] | acc=0.5000 | per_class={2: '0.00', 5: '1.00'}
[C3] eval model[0] mean=0.000808 | θ̃ mean=0.000808 | edge mean=0.000794
[C3] n=800 | classes=[5, 7] | acc=0.4913 | per_class={5: '0.00', 7: '1.00'}
[C4] eval model[0] mean=0.000956 | θ̃ mean=0.000956 | edge mean=0.000794
[C4] n=800 | classes=[2, 7] | acc=0.5088 | per_class={2: '0.00', 7: '1.00'}
[C5] eval model[0] mean=0.000954 | θ̃ mean=0.000954 | edge mean=0.000794
[C5] n=800 | classes=[2, 4] | acc=0.4763 | per_class={2: '0.00', 4: '1.00'}
[C6] eval model[0] mean=0.001384 | θ̃ mean=0.001384 | edge mean=0.000794
[C6] n=800 | classes=[6, 7] | acc=0.5075 | per_class={6: '0.00', 7: '1.00'}
[C7] eval model[0] mean=0.000315 | θ̃ mean=0.000315 | edge mean=0.000794
[C7] n=800 | classes=[3, 5] | acc=0.5238 | per_class={3: '0.00', 5: '1.00'}
[C8] eval model[0] mean=0.000791 | θ̃ mean=0.000791 | edge mean=0.000794
[C8] n=400 | classes=[4] | acc=1.0000 | per_class={4: '1.00'}
[C9] eval model[0] mean=0.000730 | θ̃ mean=0.000730 | edge mean=0.000794
[C9] n=400 | classes=[4] | acc=1.0000 | per_class={4: '1.00'}
[C10] eval model[0] mean=0.001018 | θ̃ mean=0.001018 | edge mean=0.000895
[C10] n=480 | classes=[8, 9] | acc=0.4917 | per_class={8: '1.00', 9: '0.00'}
[C11] eval model[0] mean=0.000619 | θ̃ mean=0.000619 | edge mean=0.000895
[C11] n=480 | classes=[0, 1] | acc=0.4958 | per_class={0: '0.02', 1: '1.00'}
[C12] eval model[0] mean=0.000748 | θ̃ mean=0.000748 | edge mean=0.000895
[C12] n=480 | classes=[1, 8] | acc=0.4896 | per_class={1: '1.00', 8: '0.00'}
[C13] eval model[0] mean=0.000462 | θ̃ mean=0.000462 | edge mean=0.000895
[C13] n=480 | classes=[0, 8] | acc=0.4875 | per_class={0: '0.00', 8: '1.00'}
[C14] eval model[0] mean=0.001041 | θ̃ mean=0.001041 | edge mean=0.000895
[C14] n=480 | classes=[0, 9] | acc=0.5062 | per_class={0: '1.00', 9: '0.00'}
[C15] eval model[0] mean=0.000790 | θ̃ mean=0.000790 | edge mean=0.000895
[C15] n=480 | classes=[0, 8] | acc=0.4875 | per_class={0: '0.00', 8: '1.00'}
[C16] eval model[0] mean=0.000740 | θ̃ mean=0.000740 | edge mean=0.000895
[C16] n=480 | classes=[1, 8] | acc=0.4938 | per_class={1: '1.00', 8: '0.00'}
[C17] eval model[0] mean=0.000857 | θ̃ mean=0.000857 | edge mean=0.000895
[C17] n=480 | classes=[1, 9] | acc=0.5042 | per_class={1: '1.00', 9: '0.00'}
[C18] eval model[0] mean=0.000483 | θ̃ mean=0.000483 | edge mean=0.000895
[C18] n=480 | classes=[1, 9] | acc=0.4917 | per_class={1: '0.00', 9: '1.00'}
[C19] eval model[0] mean=0.000898 | θ̃ mean=0.000898 | edge mean=0.000895
[C19] n=480 | classes=[0, 9] | acc=0.4896 | per_class={0: '1.00', 9: '0.00'}
  [Cloud] GM=0.1912 | EM=0.3123 PM=0.5326 | loss=2.2248 | time=213.6s | comm=4556.2MB (total=18225MB)

[Round   5] Broadcasting to 2 edges...
  [Edge 0] G5 | E1 | Hier-pFedMe | Selected 10/10
  [Client  2] Round 5 | Hier-pFedMe(λ2=35.0,K=5) | loss=1.6137
  [Client  0] Round 5 | Hier-pFedMe(λ2=35.0,K=5) | loss=1.7967
  [Client  1] Round 5 | Hier-pFedMe(λ2=35.0,K=5) | loss=1.6982
  [Client  8] Round 5 | Hier-pFedMe(λ2=35.0,K=5) | loss=0.5700
  [Client  7] Round 5 | Hier-pFedMe(λ2=35.0,K=5) | loss=1.2719
  [Client  6] Round 5 | Hier-pFedMe(λ2=35.0,K=5) | loss=1.6103
  [Client  9] Round 5 | Hier-pFedMe(λ2=35.0,K=5) | loss=0.7278
  [Client  4] Round 5 | Hier-pFedMe(λ2=35.0,K=5) | loss=0.8891
  [Client  3] Round 5 | Hier-pFedMe(λ2=35.0,K=5) | loss=1.5458
  [Client  5] Round 5 | Hier-pFedMe(λ2=35.0,K=5) | loss=1.0649
  [Edge 0] G5 | E1 | loss=1.3488
  [Edge 0] G5 | E2 | Hier-pFedMe | Selected 10/10
  [Client  5] Round 5 | Hier-pFedMe(λ2=35.0,K=5) | loss=2.0382
  [Client  9] Round 5 | Hier-pFedMe(λ2=35.0,K=5) | loss=0.1126
  [Client  1] Round 5 | Hier-pFedMe(λ2=35.0,K=5) | loss=1.5987
  [Client  7] Round 5 | Hier-pFedMe(λ2=35.0,K=5) | loss=0.9182
  [Client  3] Round 5 | Hier-pFedMe(λ2=35.0,K=5) | loss=2.6125
  [Client  0] Round 5 | Hier-pFedMe(λ2=35.0,K=5) | loss=1.9317
  [Client  2] Round 5 | Hier-pFedMe(λ2=35.0,K=5) | loss=2.5188
  [Client  4] Round 5 | Hier-pFedMe(λ2=35.0,K=5) | loss=1.8887
  [Client  6] Round 5 | Hier-pFedMe(λ2=35.0,K=5) | loss=1.9647
  [Client  8] Round 5 | Hier-pFedMe(λ2=35.0,K=5) | loss=0.1127
  [Edge 0] G5 | E2 | loss=1.7316
  [Edge 0] G5 | E3 | Hier-pFedMe | Selected 10/10
  [Client  8] Round 5 | Hier-pFedMe(λ2=35.0,K=5) | loss=0.1513
  [Client  7] Round 5 | Hier-pFedMe(λ2=35.0,K=5) | loss=2.0376
  [Client  9] Round 5 | Hier-pFedMe(λ2=35.0,K=5) | loss=0.1599
  [Client  0] Round 5 | Hier-pFedMe(λ2=35.0,K=5) | loss=1.7320
  [Client  4] Round 5 | Hier-pFedMe(λ2=35.0,K=5) | loss=1.5882  [Client  1] Round 5 | Hier-pFedMe(λ2=35.0,K=5) | loss=1.5832

  [Client  5] Round 5 | Hier-pFedMe(λ2=35.0,K=5) | loss=1.5178
  [Client  6] Round 5 | Hier-pFedMe(λ2=35.0,K=5) | loss=1.2907
  [Client  3] Round 5 | Hier-pFedMe(λ2=35.0,K=5) | loss=1.4604
  [Client  2] Round 5 | Hier-pFedMe(λ2=35.0,K=5) | loss=1.6410
  [Edge 0] G5 | E3 | loss=1.4452
  [Edge 0] G5 | E4 | Hier-pFedMe | Selected 10/10
  [Client  2] Round 5 | Hier-pFedMe(λ2=35.0,K=5) | loss=1.1407
  [Client  8] Round 5 | Hier-pFedMe(λ2=35.0,K=5) | loss=0.3203
  [Client  9] Round 5 | Hier-pFedMe(λ2=35.0,K=5) | loss=0.3599
  [Client  4] Round 5 | Hier-pFedMe(λ2=35.0,K=5) | loss=1.6883
  [Client  0] Round 5 | Hier-pFedMe(λ2=35.0,K=5) | loss=0.5340
  [Client  6] Round 5 | Hier-pFedMe(λ2=35.0,K=5) | loss=1.9651
  [Client  5] Round 5 | Hier-pFedMe(λ2=35.0,K=5) | loss=1.8233
  [Client  3] Round 5 | Hier-pFedMe(λ2=35.0,K=5) | loss=1.5504
  [Client  1] Round 5 | Hier-pFedMe(λ2=35.0,K=5) | loss=1.2373
  [Client  7] Round 5 | Hier-pFedMe(λ2=35.0,K=5) | loss=1.5653
  [Edge 0] G5 | E4 | loss=1.3160
  [Edge 0] G5 | E5 | Hier-pFedMe | Selected 10/10
  [Client  6] Round 5 | Hier-pFedMe(λ2=35.0,K=5) | loss=1.6991
  [Client  3] Round 5 | Hier-pFedMe(λ2=35.0,K=5) | loss=1.2611
  [Client  7] Round 5 | Hier-pFedMe(λ2=35.0,K=5) | loss=1.8186
  [Client  0] Round 5 | Hier-pFedMe(λ2=35.0,K=5) | loss=1.6839
  [Client  1] Round 5 | Hier-pFedMe(λ2=35.0,K=5) | loss=0.9033
  [Client  5] Round 5 | Hier-pFedMe(λ2=35.0,K=5) | loss=1.7619
  [Client  2] Round 5 | Hier-pFedMe(λ2=35.0,K=5) | loss=1.6179
  [Client  8] Round 5 | Hier-pFedMe(λ2=35.0,K=5) | loss=0.0712
  [Client  9] Round 5 | Hier-pFedMe(λ2=35.0,K=5) | loss=0.0839
  [Client  4] Round 5 | Hier-pFedMe(λ2=35.0,K=5) | loss=1.3393
