2026-04-10 15:29:16.198476: I tensorflow/core/util/port.cc:113] oneDNN custom operations are on. You may see slightly different numerical results due to floating-point round-off errors from different computation orders. To turn them off, set the environment variable `TF_ENABLE_ONEDNN_OPTS=0`.
2026-04-10 15:29:16.238769: E external/local_xla/xla/stream_executor/cuda/cuda_dnn.cc:9261] Unable to register cuDNN factory: Attempting to register factory for plugin cuDNN when one has already been registered
2026-04-10 15:29:16.238806: E external/local_xla/xla/stream_executor/cuda/cuda_fft.cc:607] Unable to register cuFFT factory: Attempting to register factory for plugin cuFFT when one has already been registered
2026-04-10 15:29:16.239518: E external/local_xla/xla/stream_executor/cuda/cuda_blas.cc:1515] Unable to register cuBLAS factory: Attempting to register factory for plugin cuBLAS when one has already been registered
2026-04-10 15:29:22.912352: I tensorflow/core/util/port.cc:113] oneDNN custom operations are on. You may see slightly different numerical results due to floating-point round-off errors from different computation orders. To turn them off, set the environment variable `TF_ENABLE_ONEDNN_OPTS=0`.
2026-04-10 15:29:22.951050: E external/local_xla/xla/stream_executor/cuda/cuda_dnn.cc:9261] Unable to register cuDNN factory: Attempting to register factory for plugin cuDNN when one has already been registered
2026-04-10 15:29:22.951094: E external/local_xla/xla/stream_executor/cuda/cuda_fft.cc:607] Unable to register cuFFT factory: Attempting to register factory for plugin cuFFT when one has already been registered
2026-04-10 15:29:22.951834: E external/local_xla/xla/stream_executor/cuda/cuda_blas.cc:1515] Unable to register cuBLAS factory: Attempting to register factory for plugin cuBLAS when one has already been registered
2026-04-10 15:29:28.101551: I tensorflow/core/util/port.cc:113] oneDNN custom operations are on. You may see slightly different numerical results due to floating-point round-off errors from different computation orders. To turn them off, set the environment variable `TF_ENABLE_ONEDNN_OPTS=0`.
2026-04-10 15:29:28.140106: E external/local_xla/xla/stream_executor/cuda/cuda_dnn.cc:9261] Unable to register cuDNN factory: Attempting to register factory for plugin cuDNN when one has already been registered
2026-04-10 15:29:28.140154: E external/local_xla/xla/stream_executor/cuda/cuda_fft.cc:607] Unable to register cuFFT factory: Attempting to register factory for plugin cuFFT when one has already been registered
2026-04-10 15:29:28.140899: E external/local_xla/xla/stream_executor/cuda/cuda_blas.cc:1515] Unable to register cuBLAS factory: Attempting to register factory for plugin cuBLAS when one has already been registered
2026-04-10 15:29:36.962523: I tensorflow/core/common_runtime/gpu/gpu_device.cc:1929] Created device /job:localhost/replica:0/task:0/device:GPU:0 with 31132 MB memory:  -> device: 0, name: Tesla V100-SXM2-32GB, pci bus id: 0000:61:00.0, compute capability: 7.0
wandb: [wandb.login()] Loaded credentials for https://api.wandb.ai from /cephyr/users/ziangg/Alvis/.netrc.
wandb: Currently logged in as: 3445339138 (3445339138-kth-royal-institute-of-technology) to https://api.wandb.ai. Use `wandb login --relogin` to force relogin
wandb: setting up run kq3j4vqx
wandb: Tracking run with wandb version 0.25.1
wandb: Run data is saved locally in /cephyr/users/ziangg/Alvis/tf-dpfl/fedavg/wandb/run-20260410_153004-kq3j4vqx
wandb: Run `wandb offline` to turn off syncing.
wandb: Syncing run feddyn-100-40
wandb: ⭐️ View project at https://wandb.ai/3445339138-kth-royal-institute-of-technology/HierFL-cifar10
wandb: 🚀 View run at https://wandb.ai/3445339138-kth-royal-institute-of-technology/HierFL-cifar10/runs/kq3j4vqx
Traceback (most recent call last):
  File "/cephyr/users/ziangg/Alvis/tf-dpfl/fedavg/main.py", line 213, in <module>
    run_experiment()
  File "/cephyr/users/ziangg/Alvis/tf-dpfl/fedavg/main.py", line 189, in run_experiment
    history = cloud.run(logger=logger)
              ^^^^^^^^^^^^^^^^^^^^^^^^
  File "/cephyr/users/ziangg/Alvis/tf-dpfl/fedavg/server/server.py", line 234, in run
    m = self.run_round(r)
        ^^^^^^^^^^^^^^^^^
  File "/cephyr/users/ziangg/Alvis/tf-dpfl/fedavg/server/server.py", line 195, in run_round
    avg_edge_loss, avg_ct, comm_ce = self.collect_and_aggregate(round_idx, prev_gw)
                                     ^^^^^^^^^^^^^^^^^^^^^^^^^^^^^^^^^^^^^^^^^^^^^^
  File "/cephyr/users/ziangg/Alvis/tf-dpfl/fedavg/server/server.py", line 152, in collect_and_aggregate
    w, n, loss, t, comm = edge.run(round_idx)
                          ^^^^^^^^^^^^^^^^^^^
  File "/cephyr/users/ziangg/Alvis/tf-dpfl/fedavg/server/edge_server.py", line 216, in run
    loss, t = self.run_edge_round(global_round_idx, er)
              ^^^^^^^^^^^^^^^^^^^^^^^^^^^^^^^^^^^^^^^^^
  File "/cephyr/users/ziangg/Alvis/tf-dpfl/fedavg/server/edge_server.py", line 194, in run_edge_round
    w, n, loss, t = client.local_train(global_round_idx)
                    ^^^^^^^^^^^^^^^^^^^^^^^^^^^^^^^^^^^^
  File "/cephyr/users/ziangg/Alvis/tf-dpfl/fedavg/client/client.py", line 98, in local_train
    return self._local_train_feddyn(round_idx, ref)
           ^^^^^^^^^^^^^^^^^^^^^^^^^^^^^^^^^^^^^^^^
  File "/cephyr/users/ziangg/Alvis/tf-dpfl/fedavg/client/client.py", line 208, in _local_train_feddyn
    bl = [float(self._train_step_feddyn(x, y, ref_tf, a_tf).numpy())
         ^^^^^^^^^^^^^^^^^^^^^^^^^^^^^^^^^^^^^^^^^^^^^^^^^^^^^^^^^^^
  File "/cephyr/users/ziangg/Alvis/tf-dpfl/fedavg/client/client.py", line 208, in <listcomp>
    bl = [float(self._train_step_feddyn(x, y, ref_tf, a_tf).numpy())
                ^^^^^^^^^^^^^^^^^^^^^^^^^^^^^^^^^^^^^^^^^^^
  File "/apps/Arch/software/TensorFlow/2.15.1-foss-2023a-CUDA-12.1.1/lib/python3.11/site-packages/tensorflow/python/util/traceback_utils.py", line 153, in error_handler
    raise e.with_traceback(filtered_tb) from None
  File "/local/tmp.6372622/__autograph_generated_filejbw7x60s.py", line 13, in tf___train_step_feddyn
    quad = ag__.converted_call(ag__.ld(tf).add_n, ([ag__.converted_call(ag__.ld(tf).reduce_sum, (ag__.converted_call(ag__.ld(tf).square, (ag__.ld(v) - ag__.ld(r),), None, fscope),), None, fscope) for v, r in ag__.converted_call(ag__.ld(zip), (ag__.ld(self).model.trainable_variables, ag__.ld(ref_tf)), None, fscope)],), None, fscope)
                                                   ^^^^^^^^^^^^^^^^^^^^^^^^^^^^^^^^^^^^^^^^^^^^^^^^^^^^^^^^^^^^^^^^^^^^^^^^^^^^^^^^^^^^^^^^^^^^^^^^^^^^^^^^^^^^^^^^^^^^^^^^^^^^^^^^^^^^^^^^^^^^^^^^^^^^^^^^^^^^^^^^^^^^^^^^^^^^^^^^^^^^^^^^^^^^^^^^^^^^^^^^^^^^^^^^^^^^^^^^^^^^^^^^^^^^^^^^^^^^^^^^^^^^^^^^^^^^^^^^^^^^^^^^^
  File "/local/tmp.6372622/__autograph_generated_filejbw7x60s.py", line 13, in <listcomp>
    quad = ag__.converted_call(ag__.ld(tf).add_n, ([ag__.converted_call(ag__.ld(tf).reduce_sum, (ag__.converted_call(ag__.ld(tf).square, (ag__.ld(v) - ag__.ld(r),), None, fscope),), None, fscope) for v, r in ag__.converted_call(ag__.ld(zip), (ag__.ld(self).model.trainable_variables, ag__.ld(ref_tf)), None, fscope)],), None, fscope)
                                                                                                                                          ~~~~~~~~~~~^~~~~~~~~~~~
ValueError: in user code:

    File "/cephyr/users/ziangg/Alvis/tf-dpfl/fedavg/client/client.py", line 226, in _train_step_feddyn  *
        quad = tf.add_n([tf.reduce_sum(tf.square(v - r))

    ValueError: Dimensions must be equal, but are 64 and 32 for '{{node sub_4}} = Sub[T=DT_FLOAT](ReadVariableOp_34, ref_tf_4)' with input shapes: [3,3,32,64], [32].

