This job can be monitored from: https://job.c3se.chalmers.se/alvis/6635657
========================================
Job ID      : 6635657
Job Name    : HierFLcifar10
Node        : alvis9-15
Start Time  : Fri May 15 11:22:13 CEST 2026
Working Dir : /cephyr/users/ziangg/Alvis/tf-dpfl
========================================
[Setup] Python: /cephyr/users/ziangg/Alvis/tf-dpfl/bin/python
[Setup] TF version: 2.15.1
[Setup] GPU available: [PhysicalDevice(name='/physical_device:GPU:0', device_type='GPU')]
[Config] Override: wandb.enabled = True
[Setup] Random seed: 42
[Setup] Loading dataset...
[Data] CIFAR-10 from Mimer: /mimer/NOBACKUP/Datasets/CIFAR
[Setup] Building global model...
Model: "cifar_cnn_3conv"
_________________________________________________________________
 Layer (type)                Output Shape              Param #   
=================================================================
 input_1 (InputLayer)        [(None, 32, 32, 3)]       0         
                                                                 
 conv2d (Conv2D)             (None, 32, 32, 32)        896       
                                                                 
 batch_normalization (Batch  (None, 32, 32, 32)        128       
 Normalization)                                                  
                                                                 
 re_lu (ReLU)                (None, 32, 32, 32)        0         
                                                                 
 conv2d_1 (Conv2D)           (None, 32, 32, 64)        18496     
                                                                 
 batch_normalization_1 (Bat  (None, 32, 32, 64)        256       
 chNormalization)                                                
                                                                 
 re_lu_1 (ReLU)              (None, 32, 32, 64)        0         
                                                                 
 max_pooling2d (MaxPooling2  (None, 16, 16, 64)        0         
 D)                                                              
                                                                 
 conv2d_2 (Conv2D)           (None, 16, 16, 128)       73856     
                                                                 
 batch_normalization_2 (Bat  (None, 16, 16, 128)       512       
 chNormalization)                                                
                                                                 
 re_lu_2 (ReLU)              (None, 16, 16, 128)       0         
                                                                 
 conv2d_3 (Conv2D)           (None, 16, 16, 128)       147584    
                                                                 
 batch_normalization_3 (Bat  (None, 16, 16, 128)       512       
 chNormalization)                                                
                                                                 
 re_lu_3 (ReLU)              (None, 16, 16, 128)       0         
                                                                 
 max_pooling2d_1 (MaxPoolin  (None, 8, 8, 128)         0         
 g2D)                                                            
                                                                 
 spatial_dropout2d (Spatial  (None, 8, 8, 128)         0         
 Dropout2D)                                                      
                                                                 
 conv2d_4 (Conv2D)           (None, 8, 8, 256)         295168    
                                                                 
 batch_normalization_4 (Bat  (None, 8, 8, 256)         1024      
 chNormalization)                                                
                                                                 
 re_lu_4 (ReLU)              (None, 8, 8, 256)         0         
                                                                 
 conv2d_5 (Conv2D)           (None, 8, 8, 256)         590080    
                                                                 
 batch_normalization_5 (Bat  (None, 8, 8, 256)         1024      
 chNormalization)                                                
                                                                 
 re_lu_5 (ReLU)              (None, 8, 8, 256)         0         
                                                                 
 max_pooling2d_2 (MaxPoolin  (None, 4, 4, 256)         0         
 g2D)                                                            
                                                                 
 flatten (Flatten)           (None, 4096)              0         
                                                                 
 dropout (Dropout)           (None, 4096)              0         
                                                                 
 dense (Dense)               (None, 1024)              4195328   
                                                                 
 dense_1 (Dense)             (None, 512)               524800    
                                                                 
 dropout_1 (Dropout)         (None, 512)               0         
                                                                 
 dense_2 (Dense)             (None, 10)                5130      
                                                                 
=================================================================
Total params: 5854794 (22.33 MB)
Trainable params: 5853066 (22.33 MB)
Non-trainable params: 1728 (6.75 KB)
_________________________________________________________________
[Setup] Building clients...

[Superclass-aware partition] 2 edges, 2 classes/client

  Edge 0 (class pool: [2, 3, 4, 5, 6, 7]):
  Client       Samples    Classes held                        Out-of-pool?
  ---------------------------------------------------------------------------
  client_0     4000       [3, 6]                              OK
  client_1     4000       [3, 6]                              OK
  client_2     4000       [2, 5]                              OK
  client_3     4000       [5, 7]                              OK
  client_4     4000       [2, 7]                              OK
  client_5     4000       [2, 4]                              OK
  client_6     4000       [6, 7]                              OK
  client_7     4000       [3, 5]                              OK
  client_8     2000       [4]                                 OK
  client_9     2000       [4]                                 OK

  Edge 1 (class pool: [0, 1, 8, 9]):
  Client       Samples    Classes held                        Out-of-pool?
  ---------------------------------------------------------------------------
  client_10    2400       [8, 9]                              OK
  client_11    2400       [0, 1]                              OK
  client_12    2400       [1, 8]                              OK
  client_13    2400       [0, 8]                              OK
  client_14    2400       [0, 9]                              OK
  client_15    2400       [0, 8]                              OK
  client_16    2400       [1, 8]                              OK
  client_17    2400       [1, 9]                              OK
  client_18    2400       [1, 9]                              OK
  client_19    2400       [0, 9]                              OK

[Train/Test split] 20 clients | avg train=2250, avg test=750 samples (ratio=0.25)
[Setup] 20 clients built (superclass_pathological) | per-client test sets injected
[Setup] Building edge servers...
[Assignment] Using pre-baked superclass assignments | 2 edges
[EdgeServer 0] 10 clients | 27000 samples
[EdgeServer 1] 10 clients | 18000 samples

[Setup] Built 2 edge servers (strategy=superclass_baked)
  Edge 0: 10 clients | 27000 samples
  Edge 1: 10 clients | 18000 samples
[Setup] Building per-edge test datasets (superclass-aware)...
[CloudServer] 2 edges | model: 22.33 MB

====================================================
 HierFAVG Training Start
====================================================

[Round   1] Broadcasting to 2 edges...
  [Edge 0] W_n reset to global weights for new round.
  [Edge 1] W_n reset to global weights for new round.
  [Edge 0] G1 | E1 | Hier-pFedMe | Selected 10/10
  [Client  3] Received edge weights.
  [Client  6] Received edge weights.
  [Client  9] Received edge weights.
  [Client  8] Received edge weights.
  [Client  7] Received edge weights.
  [Client  1] Received edge weights.
  [Client  4] Received edge weights.
  [Client  0] Received edge weights.
  [Client  5] Received edge weights.
  [Client  2] Received edge weights.
  [Client  8] Round 1 | Hier-pFedMe(λ2=35.0,K=3) | loss=0.0000
  [Client  6] Round 1 | Hier-pFedMe(λ2=35.0,K=3) | loss=23.7234
  [Client  3] Round 1 | Hier-pFedMe(λ2=35.0,K=3) | loss=13.8425
  [Client  9] Round 1 | Hier-pFedMe(λ2=35.0,K=3) | loss=0.0000
  [Client  7] Round 1 | Hier-pFedMe(λ2=35.0,K=3) | loss=12.9122
  [Client  1] Round 1 | Hier-pFedMe(λ2=35.0,K=3) | loss=2.7524
  [Client  0] Round 1 | Hier-pFedMe(λ2=35.0,K=3) | loss=13.4697
  [Client  4] Round 1 | Hier-pFedMe(λ2=35.0,K=3) | loss=15.5991
  [Client  5] Round 1 | Hier-pFedMe(λ2=35.0,K=3) | loss=14.0348
  [Client  2] Round 1 | Hier-pFedMe(λ2=35.0,K=3) | loss=11.2580
  [Edge 0] G1 | E1 | loss=11.9547
  [Edge 0] G1 | E2 | Hier-pFedMe | Selected 10/10
  [Client  3] Received edge weights.
  [Client  0] Received edge weights.
  [Client  7] Received edge weights.
  [Client  9] Received edge weights.
  [Client  6] Received edge weights.
  [Client  4] Received edge weights.
  [Client  2] Received edge weights.
  [Client  8] Received edge weights.
  [Client  5] Received edge weights.
  [Client  1] Received edge weights.
  [Client  9] Round 1 | Hier-pFedMe(λ2=35.0,K=3) | loss=0.0000
  [Client  0] Round 1 | Hier-pFedMe(λ2=35.0,K=3) | loss=0.9364
  [Client  7] Round 1 | Hier-pFedMe(λ2=35.0,K=3) | loss=0.4884
  [Client  3] Round 1 | Hier-pFedMe(λ2=35.0,K=3) | loss=0.4208
  [Client  4] Round 1 | Hier-pFedMe(λ2=35.0,K=3) | loss=1.0788
  [Client  6] Round 1 | Hier-pFedMe(λ2=35.0,K=3) | loss=1.7471
  [Client  8] Round 1 | Hier-pFedMe(λ2=35.0,K=3) | loss=0.0000
  [Client  2] Round 1 | Hier-pFedMe(λ2=35.0,K=3) | loss=0.6590
  [Client  5] Round 1 | Hier-pFedMe(λ2=35.0,K=3) | loss=0.3827
  [Client  1] Round 1 | Hier-pFedMe(λ2=35.0,K=3) | loss=5.8241
  [Edge 0] G1 | E2 | loss=1.2819
  [Edge 0] G1 | E3 | Hier-pFedMe | Selected 10/10
  [Client  9] Received edge weights.
  [Client  7] Received edge weights.
  [Client  8] Received edge weights.
  [Client  6] Received edge weights.
  [Client  4] Received edge weights.
  [Client  1] Received edge weights.
  [Client  0] Received edge weights.
  [Client  3] Received edge weights.
  [Client  5] Received edge weights.
  [Client  2] Received edge weights.
  [Client  7] Round 1 | Hier-pFedMe(λ2=35.0,K=3) | loss=6.0829
  [Client  9] Round 1 | Hier-pFedMe(λ2=35.0,K=3) | loss=0.0000
  [Client  8] Round 1 | Hier-pFedMe(λ2=35.0,K=3) | loss=0.0001
  [Client  6] Round 1 | Hier-pFedMe(λ2=35.0,K=3) | loss=6.8624
  [Client  4] Round 1 | Hier-pFedMe(λ2=35.0,K=3) | loss=9.5714
  [Client  1] Round 1 | Hier-pFedMe(λ2=35.0,K=3) | loss=2.6342
  [Client  0] Round 1 | Hier-pFedMe(λ2=35.0,K=3) | loss=6.7292
  [Client  3] Round 1 | Hier-pFedMe(λ2=35.0,K=3) | loss=4.6589
  [Client  5] Round 1 | Hier-pFedMe(λ2=35.0,K=3) | loss=7.7457
  [Client  2] Round 1 | Hier-pFedMe(λ2=35.0,K=3) | loss=3.2409
  [Edge 0] G1 | E3 | loss=5.2806
  [Edge 0] G1 | E4 | Hier-pFedMe | Selected 10/10
  [Client  8] Received edge weights.
  [Client  6] Received edge weights.
  [Client  0] Received edge weights.
  [Client  9] Received edge weights.
  [Client  7] Received edge weights.
  [Client  3] Received edge weights.
  [Client  5] Received edge weights.
  [Client  2] Received edge weights.
  [Client  1] Received edge weights.
  [Client  4] Received edge weights.
  [Client  0] Round 1 | Hier-pFedMe(λ2=35.0,K=3) | loss=0.4188
  [Client  9] Round 1 | Hier-pFedMe(λ2=35.0,K=3) | loss=0.0059
  [Client  8] Round 1 | Hier-pFedMe(λ2=35.0,K=3) | loss=0.0072
  [Client  6] Round 1 | Hier-pFedMe(λ2=35.0,K=3) | loss=0.7594
  [Client  7] Round 1 | Hier-pFedMe(λ2=35.0,K=3) | loss=0.6602
  [Client  3] Round 1 | Hier-pFedMe(λ2=35.0,K=3) | loss=0.4537
  [Client  5] Round 1 | Hier-pFedMe(λ2=35.0,K=3) | loss=0.8962
  [Client  2] Round 1 | Hier-pFedMe(λ2=35.0,K=3) | loss=0.5666
  [Client  1] Round 1 | Hier-pFedMe(λ2=35.0,K=3) | loss=1.6809
  [Client  4] Round 1 | Hier-pFedMe(λ2=35.0,K=3) | loss=0.4774
  [Edge 0] G1 | E4 | loss=0.6577
  [Edge 0] G1 | E5 | Hier-pFedMe | Selected 10/10
  [Client  8] Received edge weights.
  [Client  1] Received edge weights.
  [Client  7] Received edge weights.
  [Client  4] Received edge weights.
  [Client  5] Received edge weights.
  [Client  9] Received edge weights.
  [Client  3] Received edge weights.
  [Client  0] Received edge weights.
  [Client  6] Received edge weights.
  [Client  2] Received edge weights.
  [Client  4] Round 1 | Hier-pFedMe(λ2=35.0,K=3) | loss=9.7407
  [Client  7] Round 1 | Hier-pFedMe(λ2=35.0,K=3) | loss=0.2683
  [Client  1] Round 1 | Hier-pFedMe(λ2=35.0,K=3) | loss=1.7674
  [Client  8] Round 1 | Hier-pFedMe(λ2=35.0,K=3) | loss=0.0118
  [Client  5] Round 1 | Hier-pFedMe(λ2=35.0,K=3) | loss=3.1211
  [Client  9] Round 1 | Hier-pFedMe(λ2=35.0,K=3) | loss=0.0022
  [Client  3] Round 1 | Hier-pFedMe(λ2=35.0,K=3) | loss=7.8194
  [Client  0] Round 1 | Hier-pFedMe(λ2=35.0,K=3) | loss=2.4546
  [Client  6] Round 1 | Hier-pFedMe(λ2=35.0,K=3) | loss=10.1021
  [Client  2] Round 1 | Hier-pFedMe(λ2=35.0,K=3) | loss=1.4714
  [Edge 0] G1 | E5 | loss=4.0836
  [Edge 1] G1 | E1 | Hier-pFedMe | Selected 10/10
  [Client 10] Received edge weights.
  [Client 19] Received edge weights.
  [Client 13] Received edge weights.
  [Client 17] Received edge weights.
  [Client 12] Received edge weights.
  [Client 14] Received edge weights.
  [Client 15] Received edge weights.
  [Client 11] Received edge weights.
  [Client 16] Received edge weights.
  [Client 18] Received edge weights.
  [Client 10] Round 1 | Hier-pFedMe(λ2=35.0,K=3) | loss=19.5844
  [Client 13] Round 1 | Hier-pFedMe(λ2=35.0,K=3) | loss=15.1679
  [Client 19] Round 1 | Hier-pFedMe(λ2=35.0,K=3) | loss=18.5605
  [Client 17] Round 1 | Hier-pFedMe(λ2=35.0,K=3) | loss=20.0315
  [Client 12] Round 1 | Hier-pFedMe(λ2=35.0,K=3) | loss=0.8526
  [Client 14] Round 1 | Hier-pFedMe(λ2=35.0,K=3) | loss=21.0933
  [Client 15] Round 1 | Hier-pFedMe(λ2=35.0,K=3) | loss=20.6636
  [Client 11] Round 1 | Hier-pFedMe(λ2=35.0,K=3) | loss=19.6820
  [Client 16] Round 1 | Hier-pFedMe(λ2=35.0,K=3) | loss=0.8142
  [Client 18] Round 1 | Hier-pFedMe(λ2=35.0,K=3) | loss=23.3109
  [Edge 1] G1 | E1 | loss=15.9761
  [Edge 1] G1 | E2 | Hier-pFedMe | Selected 10/10
  [Client 11] Received edge weights.
  [Client 15] Received edge weights.
  [Client 19] Received edge weights.
  [Client 16] Received edge weights.
  [Client 18] Received edge weights.
  [Client 14] Received edge weights.
  [Client 17] Received edge weights.
  [Client 12] Received edge weights.
  [Client 13] Received edge weights.
  [Client 10] Received edge weights.
  [Client 15] Round 1 | Hier-pFedMe(λ2=35.0,K=3) | loss=2.1951
  [Client 16] Round 1 | Hier-pFedMe(λ2=35.0,K=3) | loss=2.2863
  [Client 19] Round 1 | Hier-pFedMe(λ2=35.0,K=3) | loss=0.4618
  [Client 11] Round 1 | Hier-pFedMe(λ2=35.0,K=3) | loss=1.3946
  [Client 18] Round 1 | Hier-pFedMe(λ2=35.0,K=3) | loss=1.9879
  [Client 14] Round 1 | Hier-pFedMe(λ2=35.0,K=3) | loss=2.0053
  [Client 17] Round 1 | Hier-pFedMe(λ2=35.0,K=3) | loss=0.7386
  [Client 12] Round 1 | Hier-pFedMe(λ2=35.0,K=3) | loss=1.5767
  [Client 13] Round 1 | Hier-pFedMe(λ2=35.0,K=3) | loss=1.8649
  [Client 10] Round 1 | Hier-pFedMe(λ2=35.0,K=3) | loss=1.5590
  [Edge 1] G1 | E2 | loss=1.6070
  [Edge 1] G1 | E3 | Hier-pFedMe | Selected 10/10
  [Client 10] Received edge weights.
  [Client 14] Received edge weights.
  [Client 15] Received edge weights.
  [Client 12] Received edge weights.
  [Client 18] Received edge weights.
  [Client 11] Received edge weights.
  [Client 16] Received edge weights.
  [Client 13] Received edge weights.
  [Client 17] Received edge weights.
  [Client 19] Received edge weights.
  [Client 14] Round 1 | Hier-pFedMe(λ2=35.0,K=3) | loss=3.7677
  [Client 12] Round 1 | Hier-pFedMe(λ2=35.0,K=3) | loss=0.5401
  [Client 10] Round 1 | Hier-pFedMe(λ2=35.0,K=3) | loss=1.6507
  [Client 15] Round 1 | Hier-pFedMe(λ2=35.0,K=3) | loss=0.7607
  [Client 11] Round 1 | Hier-pFedMe(λ2=35.0,K=3) | loss=2.1889
  [Client 18] Round 1 | Hier-pFedMe(λ2=35.0,K=3) | loss=6.5033
  [Client 16] Round 1 | Hier-pFedMe(λ2=35.0,K=3) | loss=7.2876
  [Client 13] Round 1 | Hier-pFedMe(λ2=35.0,K=3) | loss=1.6741
  [Client 17] Round 1 | Hier-pFedMe(λ2=35.0,K=3) | loss=6.3440
  [Client 19] Round 1 | Hier-pFedMe(λ2=35.0,K=3) | loss=6.6865
  [Edge 1] G1 | E3 | loss=3.7404
  [Edge 1] G1 | E4 | Hier-pFedMe | Selected 10/10
  [Client 12] Received edge weights.
  [Client 18] Received edge weights.
  [Client 14] Received edge weights.
  [Client 15] Received edge weights.
  [Client 10] Received edge weights.
  [Client 13] Received edge weights.
  [Client 11] Received edge weights.
  [Client 16] Received edge weights.
  [Client 19] Received edge weights.
  [Client 17] Received edge weights.
  [Client 18] Round 1 | Hier-pFedMe(λ2=35.0,K=3) | loss=0.5908
  [Client 14] Round 1 | Hier-pFedMe(λ2=35.0,K=3) | loss=0.6811
  [Client 12] Round 1 | Hier-pFedMe(λ2=35.0,K=3) | loss=0.9150
  [Client 15] Round 1 | Hier-pFedMe(λ2=35.0,K=3) | loss=0.7822
  [Client 13] Round 1 | Hier-pFedMe(λ2=35.0,K=3) | loss=0.5478
  [Client 10] Round 1 | Hier-pFedMe(λ2=35.0,K=3) | loss=0.6061
  [Client 11] Round 1 | Hier-pFedMe(λ2=35.0,K=3) | loss=0.2996
  [Client 16] Round 1 | Hier-pFedMe(λ2=35.0,K=3) | loss=0.6453
  [Client 19] Round 1 | Hier-pFedMe(λ2=35.0,K=3) | loss=0.7533
  [Client 17] Round 1 | Hier-pFedMe(λ2=35.0,K=3) | loss=0.8516
  [Edge 1] G1 | E4 | loss=0.6673
  [Edge 1] G1 | E5 | Hier-pFedMe | Selected 10/10
  [Client 13] Received edge weights.
  [Client 16] Received edge weights.
  [Client 18] Received edge weights.
  [Client 19] Received edge weights.
  [Client 17] Received edge weights.
  [Client 15] Received edge weights.
  [Client 12] Received edge weights.
  [Client 14] Received edge weights.
  [Client 11] Received edge weights.
  [Client 10] Received edge weights.
  [Client 16] Round 1 | Hier-pFedMe(λ2=35.0,K=3) | loss=3.0574
  [Client 18] Round 1 | Hier-pFedMe(λ2=35.0,K=3) | loss=3.2776
  [Client 13] Round 1 | Hier-pFedMe(λ2=35.0,K=3) | loss=2.2161
  [Client 19] Round 1 | Hier-pFedMe(λ2=35.0,K=3) | loss=2.6808
  [Client 17] Round 1 | Hier-pFedMe(λ2=35.0,K=3) | loss=1.2810
  [Client 15] Round 1 | Hier-pFedMe(λ2=35.0,K=3) | loss=2.6903
  [Client 12] Round 1 | Hier-pFedMe(λ2=35.0,K=3) | loss=1.3264
  [Client 14] Round 1 | Hier-pFedMe(λ2=35.0,K=3) | loss=2.8719
  [Client 11] Round 1 | Hier-pFedMe(λ2=35.0,K=3) | loss=1.9341
  [Client 10] Round 1 | Hier-pFedMe(λ2=35.0,K=3) | loss=1.7904
  [Edge 1] G1 | E5 | loss=2.3126
[C0] eval model[0] mean=0.005112 | θ̃ mean=0.005112 | edge mean=0.003458
[C0] n=1000 | classes=[3, 6] | acc=0.4890 | per_class={3: '0.00', 6: '1.00'}
[C1] eval model[0] mean=0.003144 | θ̃ mean=0.003144 | edge mean=0.003458
[C1] n=1000 | classes=[3, 6] | acc=0.5150 | per_class={3: '1.00', 6: '0.00'}
[C2] eval model[0] mean=0.003000 | θ̃ mean=0.003000 | edge mean=0.003458
[C2] n=1000 | classes=[2, 5] | acc=0.4930 | per_class={2: '0.00', 5: '1.00'}
[C3] eval model[0] mean=0.003093 | θ̃ mean=0.003093 | edge mean=0.003458
[C3] n=1000 | classes=[5, 7] | acc=0.4910 | per_class={5: '0.00', 7: '0.99'}
[C4] eval model[0] mean=0.003904 | θ̃ mean=0.003904 | edge mean=0.003458
[C4] n=1000 | classes=[2, 7] | acc=0.5530 | per_class={2: '0.40', 7: '0.71'}
[C5] eval model[0] mean=0.003656 | θ̃ mean=0.003656 | edge mean=0.003458
[C5] n=1000 | classes=[2, 4] | acc=0.5100 | per_class={2: '1.00', 4: '0.00'}
[C6] eval model[0] mean=0.004122 | θ̃ mean=0.004122 | edge mean=0.003458
[C6] n=1000 | classes=[6, 7] | acc=0.4930 | per_class={6: '1.00', 7: '0.00'}
[C7] eval model[0] mean=0.003591 | θ̃ mean=0.003591 | edge mean=0.003458
[C7] n=1000 | classes=[3, 5] | acc=0.4850 | per_class={3: '1.00', 5: '0.00'}
[C8] eval model[0] mean=0.004333 | θ̃ mean=0.004333 | edge mean=0.003458
[C8] n=500 | classes=[4] | acc=1.0000 | per_class={4: '1.00'}
[C9] eval model[0] mean=0.003500 | θ̃ mean=0.003500 | edge mean=0.003458
[C9] n=500 | classes=[4] | acc=1.0000 | per_class={4: '1.00'}
[C10] eval model[0] mean=0.001202 | θ̃ mean=0.001202 | edge mean=0.002334
[C10] n=600 | classes=[8, 9] | acc=0.4867 | per_class={8: '1.00', 9: '0.00'}
[C11] eval model[0] mean=0.001296 | θ̃ mean=0.001296 | edge mean=0.002334
[C11] n=600 | classes=[0, 1] | acc=0.5000 | per_class={0: '1.00', 1: '0.00'}
[C12] eval model[0] mean=0.002191 | θ̃ mean=0.002191 | edge mean=0.002334
[C12] n=600 | classes=[1, 8] | acc=0.5617 | per_class={1: '0.15', 8: '0.99'}
[C13] eval model[0] mean=0.001645 | θ̃ mean=0.001645 | edge mean=0.002334
[C13] n=600 | classes=[0, 8] | acc=0.5183 | per_class={0: '1.00', 8: '0.00'}
[C14] eval model[0] mean=0.001844 | θ̃ mean=0.001844 | edge mean=0.002334
[C14] n=600 | classes=[0, 9] | acc=0.5117 | per_class={0: '1.00', 9: '0.00'}
[C15] eval model[0] mean=0.002726 | θ̃ mean=0.002726 | edge mean=0.002334
[C15] n=600 | classes=[0, 8] | acc=0.4933 | per_class={0: '0.00', 8: '1.00'}
[C16] eval model[0] mean=0.001938 | θ̃ mean=0.001938 | edge mean=0.002334
[C16] n=600 | classes=[1, 8] | acc=0.4850 | per_class={1: '1.00', 8: '0.00'}
[C17] eval model[0] mean=0.003049 | θ̃ mean=0.003049 | edge mean=0.002334
[C17] n=600 | classes=[1, 9] | acc=0.5183 | per_class={1: '0.00', 9: '1.00'}
[C18] eval model[0] mean=0.002125 | θ̃ mean=0.002125 | edge mean=0.002334
[C18] n=600 | classes=[1, 9] | acc=0.5233 | per_class={1: '1.00', 9: '0.00'}
[C19] eval model[0] mean=0.002282 | θ̃ mean=0.002282 | edge mean=0.002334
[C19] n=600 | classes=[0, 9] | acc=0.4767 | per_class={0: '1.00', 9: '0.00'}
  [Cloud] GM=0.1136 | EM=0.2055 PM=0.5383 | loss=2.3071 | time=84.4s | comm=4556.2MB (total=4556MB)

[Round   2] Broadcasting to 2 edges...
  [Edge 0] W_n reset to global weights for new round.
  [Edge 1] W_n reset to global weights for new round.
  [Edge 0] G2 | E1 | Hier-pFedMe | Selected 10/10
  [Client  9] Received edge weights.
  [Client  2] Received edge weights.
  [Client  6] Received edge weights.
  [Client  8] Received edge weights.
  [Client  5] Received edge weights.
  [Client  1] Received edge weights.
  [Client  4] Received edge weights.
  [Client  0] Received edge weights.
  [Client  7] Received edge weights.
  [Client  3] Received edge weights.
  [Client  8] Round 2 | Hier-pFedMe(λ2=35.0,K=3) | loss=0.0088
  [Client  6] Round 2 | Hier-pFedMe(λ2=35.0,K=3) | loss=0.5905
  [Client  9] Round 2 | Hier-pFedMe(λ2=35.0,K=3) | loss=0.0213
  [Client  2] Round 2 | Hier-pFedMe(λ2=35.0,K=3) | loss=0.9415
  [Client  5] Round 2 | Hier-pFedMe(λ2=35.0,K=3) | loss=0.6756
  [Client  1] Round 2 | Hier-pFedMe(λ2=35.0,K=3) | loss=0.3251
  [Client  4] Round 2 | Hier-pFedMe(λ2=35.0,K=3) | loss=1.0512
  [Client  0] Round 2 | Hier-pFedMe(λ2=35.0,K=3) | loss=0.4197
  [Client  3] Round 2 | Hier-pFedMe(λ2=35.0,K=3) | loss=0.7160
  [Client  7] Round 2 | Hier-pFedMe(λ2=35.0,K=3) | loss=0.4264
  [Edge 0] G2 | E1 | loss=0.5735
  [Edge 0] G2 | E2 | Hier-pFedMe | Selected 10/10
  [Client  1] Received edge weights.
  [Client  5] Received edge weights.
  [Client  6] Received edge weights.
  [Client  8] Received edge weights.
  [Client  4] Received edge weights.
  [Client  3] Received edge weights.
  [Client  0] Received edge weights.
  [Client  7] Received edge weights.
  [Client  9] Received edge weights.
  [Client  2] Received edge weights.
  [Client  8] Round 2 | Hier-pFedMe(λ2=35.0,K=3) | loss=0.0180
  [Client  5] Round 2 | Hier-pFedMe(λ2=35.0,K=3) | loss=1.7763
  [Client  6] Round 2 | Hier-pFedMe(λ2=35.0,K=3) | loss=2.4953
  [Client  1] Round 2 | Hier-pFedMe(λ2=35.0,K=3) | loss=1.7535
  [Client  4] Round 2 | Hier-pFedMe(λ2=35.0,K=3) | loss=3.9373
  [Client  3] Round 2 | Hier-pFedMe(λ2=35.0,K=3) | loss=2.2792
  [Client  0] Round 2 | Hier-pFedMe(λ2=35.0,K=3) | loss=0.7965
  [Client  7] Round 2 | Hier-pFedMe(λ2=35.0,K=3) | loss=0.6968
  [Client  9] Round 2 | Hier-pFedMe(λ2=35.0,K=3) | loss=0.0115
  [Client  2] Round 2 | Hier-pFedMe(λ2=35.0,K=3) | loss=0.4979
  [Edge 0] G2 | E2 | loss=1.5831
  [Edge 0] G2 | E3 | Hier-pFedMe | Selected 10/10
  [Client  6] Received edge weights.
  [Client  8] Received edge weights.
  [Client  3] Received edge weights.
  [Client  1] Received edge weights.
  [Client  9] Received edge weights.
  [Client  0] Received edge weights.
  [Client  5] Received edge weights.
  [Client  4] Received edge weights.
  [Client  7] Received edge weights.
  [Client  2] Received edge weights.
  [Client  3] Round 2 | Hier-pFedMe(λ2=35.0,K=3) | loss=0.4026
  [Client  1] Round 2 | Hier-pFedMe(λ2=35.0,K=3) | loss=0.5325
  [Client  8] Round 2 | Hier-pFedMe(λ2=35.0,K=3) | loss=0.0264
  [Client  6] Round 2 | Hier-pFedMe(λ2=35.0,K=3) | loss=0.5488
  [Client  9] Round 2 | Hier-pFedMe(λ2=35.0,K=3) | loss=0.0081
  [Client  0] Round 2 | Hier-pFedMe(λ2=35.0,K=3) | loss=0.3806
  [Client  5] Round 2 | Hier-pFedMe(λ2=35.0,K=3) | loss=0.9585
  [Client  4] Round 2 | Hier-pFedMe(λ2=35.0,K=3) | loss=0.4689
  [Client  7] Round 2 | Hier-pFedMe(λ2=35.0,K=3) | loss=0.5874
  [Client  2] Round 2 | Hier-pFedMe(λ2=35.0,K=3) | loss=0.8672
  [Edge 0] G2 | E3 | loss=0.5293
  [Edge 0] G2 | E4 | Hier-pFedMe | Selected 10/10
  [Client  5] Received edge weights.
  [Client  1] Received edge weights.
  [Client  6] Received edge weights.
  [Client  2] Received edge weights.
  [Client  8] Received edge weights.
  [Client  0] Received edge weights.
  [Client  7] Received edge weights.
  [Client  4] Received edge weights.
  [Client  3] Received edge weights.
  [Client  9] Received edge weights.
  [Client  6] Round 2 | Hier-pFedMe(λ2=35.0,K=3) | loss=0.4654
  [Client  5] Round 2 | Hier-pFedMe(λ2=35.0,K=3) | loss=1.2208
  [Client  1] Round 2 | Hier-pFedMe(λ2=35.0,K=3) | loss=0.3953
  [Client  2] Round 2 | Hier-pFedMe(λ2=35.0,K=3) | loss=0.5406
  [Client  8] Round 2 | Hier-pFedMe(λ2=35.0,K=3) | loss=0.0098
  [Client  0] Round 2 | Hier-pFedMe(λ2=35.0,K=3) | loss=0.5706
  [Client  7] Round 2 | Hier-pFedMe(λ2=35.0,K=3) | loss=0.4745
  [Client  4] Round 2 | Hier-pFedMe(λ2=35.0,K=3) | loss=4.1325
  [Client  3] Round 2 | Hier-pFedMe(λ2=35.0,K=3) | loss=1.3911
  [Client  9] Round 2 | Hier-pFedMe(λ2=35.0,K=3) | loss=0.0121
  [Edge 0] G2 | E4 | loss=1.0224
  [Edge 0] G2 | E5 | Hier-pFedMe | Selected 10/10
  [Client  6] Received edge weights.
  [Client  2] Received edge weights.
  [Client  5] Received edge weights.
  [Client  1] Received edge weights.
  [Client  8] Received edge weights.
  [Client  9] Received edge weights.
  [Client  3] Received edge weights.
  [Client  7] Received edge weights.
  [Client  4] Received edge weights.
  [Client  0] Received edge weights.
  [Client  2] Round 2 | Hier-pFedMe(λ2=35.0,K=3) | loss=0.7262
  [Client  5] Round 2 | Hier-pFedMe(λ2=35.0,K=3) | loss=0.5274
  [Client  1] Round 2 | Hier-pFedMe(λ2=35.0,K=3) | loss=0.2915
  [Client  6] Round 2 | Hier-pFedMe(λ2=35.0,K=3) | loss=0.7192
  [Client  8] Round 2 | Hier-pFedMe(λ2=35.0,K=3) | loss=0.0240
  [Client  9] Round 2 | Hier-pFedMe(λ2=35.0,K=3) | loss=0.0228
  [Client  3] Round 2 | Hier-pFedMe(λ2=35.0,K=3) | loss=0.8637
  [Client  7] Round 2 | Hier-pFedMe(λ2=35.0,K=3) | loss=0.3787
  [Client  4] Round 2 | Hier-pFedMe(λ2=35.0,K=3) | loss=0.6480
  [Client  0] Round 2 | Hier-pFedMe(λ2=35.0,K=3) | loss=0.4367
  [Edge 0] G2 | E5 | loss=0.5128
  [Edge 1] G2 | E1 | Hier-pFedMe | Selected 10/10
  [Client 14] Received edge weights.
  [Client 16] Received edge weights.
  [Client 17] Received edge weights.
  [Client 11] Received edge weights.
  [Client 13] Received edge weights.
  [Client 19] Received edge weights.
  [Client 12] Received edge weights.
  [Client 10] Received edge weights.
  [Client 15] Received edge weights.
  [Client 18] Received edge weights.
  [Client 17] Round 2 | Hier-pFedMe(λ2=35.0,K=3) | loss=0.9481
  [Client 14] Round 2 | Hier-pFedMe(λ2=35.0,K=3) | loss=0.3796
  [Client 16] Round 2 | Hier-pFedMe(λ2=35.0,K=3) | loss=0.9633
  [Client 11] Round 2 | Hier-pFedMe(λ2=35.0,K=3) | loss=0.4088
  [Client 13] Round 2 | Hier-pFedMe(λ2=35.0,K=3) | loss=0.5163
  [Client 19] Round 2 | Hier-pFedMe(λ2=35.0,K=3) | loss=0.4159
  [Client 12] Round 2 | Hier-pFedMe(λ2=35.0,K=3) | loss=0.3720
  [Client 10] Round 2 | Hier-pFedMe(λ2=35.0,K=3) | loss=0.3985
  [Client 15] Round 2 | Hier-pFedMe(λ2=35.0,K=3) | loss=0.3839
  [Client 18] Round 2 | Hier-pFedMe(λ2=35.0,K=3) | loss=0.9428
  [Edge 1] G2 | E1 | loss=0.5729
  [Edge 1] G2 | E2 | Hier-pFedMe | Selected 10/10
  [Client 12] Received edge weights.
  [Client 11] Received edge weights.
  [Client 10] Received edge weights.
  [Client 13] Received edge weights.
  [Client 17] Received edge weights.
  [Client 19] Received edge weights.
  [Client 16] Received edge weights.
  [Client 18] Received edge weights.
  [Client 15] Received edge weights.
  [Client 14] Received edge weights.
  [Client 11] Round 2 | Hier-pFedMe(λ2=35.0,K=3) | loss=1.8176
  [Client 12] Round 2 | Hier-pFedMe(λ2=35.0,K=3) | loss=0.2027
  [Client 13] Round 2 | Hier-pFedMe(λ2=35.0,K=3) | loss=1.8189
  [Client 10] Round 2 | Hier-pFedMe(λ2=35.0,K=3) | loss=0.2376
  [Client 17] Round 2 | Hier-pFedMe(λ2=35.0,K=3) | loss=0.9222  [Client 19] Round 2 | Hier-pFedMe(λ2=35.0,K=3) | loss=2.1502

  [Client 16] Round 2 | Hier-pFedMe(λ2=35.0,K=3) | loss=2.6538
  [Client 18] Round 2 | Hier-pFedMe(λ2=35.0,K=3) | loss=1.1513
  [Client 14] Round 2 | Hier-pFedMe(λ2=35.0,K=3) | loss=1.5394
  [Client 15] Round 2 | Hier-pFedMe(λ2=35.0,K=3) | loss=2.3504
  [Edge 1] G2 | E2 | loss=1.4844
  [Edge 1] G2 | E3 | Hier-pFedMe | Selected 10/10
  [Client 13] Received edge weights.
  [Client 10] Received edge weights.
  [Client 14] Received edge weights.
  [Client 12] Received edge weights.
  [Client 17] Received edge weights.
  [Client 18] Received edge weights.
  [Client 16] Received edge weights.
  [Client 19] Received edge weights.
  [Client 15] Received edge weights.
  [Client 11] Received edge weights.
  [Client 10] Round 2 | Hier-pFedMe(λ2=35.0,K=3) | loss=0.3109  [Client 13] Round 2 | Hier-pFedMe(λ2=35.0,K=3) | loss=0.5100

  [Client 12] Round 2 | Hier-pFedMe(λ2=35.0,K=3) | loss=0.3098
  [Client 14] Round 2 | Hier-pFedMe(λ2=35.0,K=3) | loss=0.3128
  [Client 17] Round 2 | Hier-pFedMe(λ2=35.0,K=3) | loss=0.5210  [Client 18] Round 2 | Hier-pFedMe(λ2=35.0,K=3) | loss=0.4388

  [Client 16] Round 2 | Hier-pFedMe(λ2=35.0,K=3) | loss=0.5470
  [Client 19] Round 2 | Hier-pFedMe(λ2=35.0,K=3) | loss=0.2449
  [Client 15] Round 2 | Hier-pFedMe(λ2=35.0,K=3) | loss=0.2561
  [Client 11] Round 2 | Hier-pFedMe(λ2=35.0,K=3) | loss=0.3098
  [Edge 1] G2 | E3 | loss=0.3761
  [Edge 1] G2 | E4 | Hier-pFedMe | Selected 10/10
  [Client 11] Received edge weights.
  [Client 15] Received edge weights.
  [Client 14] Received edge weights.
  [Client 19] Received edge weights.
  [Client 12] Received edge weights.
  [Client 17] Received edge weights.
  [Client 10] Received edge weights.
  [Client 13] Received edge weights.
  [Client 16] Received edge weights.
  [Client 18] Received edge weights.
  [Client 15] Round 2 | Hier-pFedMe(λ2=35.0,K=3) | loss=2.2434
  [Client 11] Round 2 | Hier-pFedMe(λ2=35.0,K=3) | loss=0.4681
  [Client 19] Round 2 | Hier-pFedMe(λ2=35.0,K=3) | loss=2.1409
  [Client 14] Round 2 | Hier-pFedMe(λ2=35.0,K=3) | loss=0.9559
  [Client 12] Round 2 | Hier-pFedMe(λ2=35.0,K=3) | loss=0.1300  [Client 17] Round 2 | Hier-pFedMe(λ2=35.0,K=3) | loss=0.3563

  [Client 10] Round 2 | Hier-pFedMe(λ2=35.0,K=3) | loss=0.3509  [Client 13] Round 2 | Hier-pFedMe(λ2=35.0,K=3) | loss=0.2914

  [Client 16] Round 2 | Hier-pFedMe(λ2=35.0,K=3) | loss=1.8600
  [Client 18] Round 2 | Hier-pFedMe(λ2=35.0,K=3) | loss=1.0635
  [Edge 1] G2 | E4 | loss=0.9861
  [Edge 1] G2 | E5 | Hier-pFedMe | Selected 10/10
  [Client 14] Received edge weights.
  [Client 18] Received edge weights.
  [Client 11] Received edge weights.
  [Client 13] Received edge weights.
  [Client 17] Received edge weights.
  [Client 16] Received edge weights.
  [Client 10] Received edge weights.
  [Client 15] Received edge weights.
  [Client 19] Received edge weights.
  [Client 12] Received edge weights.
  [Client 11] Round 2 | Hier-pFedMe(λ2=35.0,K=3) | loss=0.4575  [Client 18] Round 2 | Hier-pFedMe(λ2=35.0,K=3) | loss=0.5499

  [Client 13] Round 2 | Hier-pFedMe(λ2=35.0,K=3) | loss=0.4402
  [Client 14] Round 2 | Hier-pFedMe(λ2=35.0,K=3) | loss=0.2958
  [Client 17] Round 2 | Hier-pFedMe(λ2=35.0,K=3) | loss=0.3135
  [Client 16] Round 2 | Hier-pFedMe(λ2=35.0,K=3) | loss=0.6146
  [Client 10] Round 2 | Hier-pFedMe(λ2=35.0,K=3) | loss=0.2436
  [Client 15] Round 2 | Hier-pFedMe(λ2=35.0,K=3) | loss=0.5629
  [Client 19] Round 2 | Hier-pFedMe(λ2=35.0,K=3) | loss=0.5214
  [Client 12] Round 2 | Hier-pFedMe(λ2=35.0,K=3) | loss=0.3524
  [Edge 1] G2 | E5 | loss=0.4352
