This job can be monitored from: https://job.c3se.chalmers.se/alvis/6656422
========================================
Job ID      : 6656422
Job Name    : HierFLcifar10
Node        : alvis9-10
Start Time  : Thu May 21 01:11:46 CEST 2026
Working Dir : /cephyr/users/ziangg/Alvis/tf-dpfl
========================================
[Setup] Python: /cephyr/users/ziangg/Alvis/tf-dpfl/bin/python
[Setup] TF version: 2.15.1
[Setup] GPU available: [PhysicalDevice(name='/physical_device:GPU:0', device_type='GPU')]
[Config] Override: wandb.enabled = True
[Setup] Random seed: 42
[Setup] Loading dataset...
[Data] CIFAR-10 from Mimer: /mimer/NOBACKUP/Datasets/CIFAR
[Setup] Building global model...
Model: "fedavg_cnn"
_________________________________________________________________
 Layer (type)                Output Shape              Param #   
=================================================================
 input_1 (InputLayer)        [(None, 32, 32, 3)]       0         
                                                                 
 conv2d (Conv2D)             (None, 28, 28, 32)        2432      
                                                                 
 max_pooling2d (MaxPooling2  (None, 14, 14, 32)        0         
 D)                                                              
                                                                 
 conv2d_1 (Conv2D)           (None, 10, 10, 64)        51264     
                                                                 
 max_pooling2d_1 (MaxPoolin  (None, 5, 5, 64)          0         
 g2D)                                                            
                                                                 
 flatten (Flatten)           (None, 1600)              0         
                                                                 
 dense (Dense)               (None, 512)               819712    
                                                                 
 dense_1 (Dense)             (None, 10)                5130      
                                                                 
=================================================================
Total params: 878538 (3.35 MB)
Trainable params: 878538 (3.35 MB)
Non-trainable params: 0 (0.00 Byte)
_________________________________________________________________
[Setup] Building clients...

[Superclass-aware partition] 2 edges, 2 classes/client

  Edge 0 (class pool: [2, 3, 4, 5, 6, 7]):
  Client       Samples    Classes held                        Out-of-pool?
  ---------------------------------------------------------------------------
  client_0     4000       [3, 6]                              OK
  client_1     4000       [3, 6]                              OK
  client_2     4000       [2, 5]                              OK
  client_3     4000       [5, 7]                              OK
  client_4     4000       [2, 7]                              OK
  client_5     4000       [2, 4]                              OK
  client_6     4000       [6, 7]                              OK
  client_7     4000       [3, 5]                              OK
  client_8     2000       [4]                                 OK
  client_9     2000       [4]                                 OK

  Edge 1 (class pool: [0, 1, 8, 9]):
  Client       Samples    Classes held                        Out-of-pool?
  ---------------------------------------------------------------------------
  client_10    2400       [8, 9]                              OK
  client_11    2400       [0, 1]                              OK
  client_12    2400       [1, 8]                              OK
  client_13    2400       [0, 8]                              OK
  client_14    2400       [0, 9]                              OK
  client_15    2400       [0, 8]                              OK
  client_16    2400       [1, 8]                              OK
  client_17    2400       [1, 9]                              OK
  client_18    2400       [1, 9]                              OK
  client_19    2400       [0, 9]                              OK

[Train/Test split] 20 clients | avg train=2250, avg test=750 samples (ratio=0.25)
[Setup] 20 clients built (superclass_pathological) | per-client test sets injected
[Setup] Building edge servers...
[Assignment] Using pre-baked superclass assignments | 2 edges
[EdgeServer 0] 10 clients | 27000 samples
[EdgeServer 1] 10 clients | 18000 samples

[Setup] Built 2 edge servers (strategy=superclass_baked)
  Edge 0: 10 clients | 27000 samples
  Edge 1: 10 clients | 18000 samples
[Setup] Building per-edge test datasets (superclass-aware)...
[CloudServer] 2 edges | model: 3.35 MB

====================================================
 HierFAVG Training Start
====================================================

[Round   1] Broadcasting to 2 edges...
  [Edge 0] W_n reset to global weights for new round.
  [Edge 1] W_n reset to global weights for new round.
  [Edge 0] G1 | E1 | Hier-pFedMe | Selected 10/10
  [Client  3] Received edge weights.
[C3] Test set: samples=1000, class_dist={5: 506, 7: 494}
  [Client  6] Received edge weights.
[C6] Test set: samples=1000, class_dist={6: 493, 7: 507}
  [Client  9] Received edge weights.
[C9] Test set: samples=500, class_dist={4: 500}
  [Client  8] Received edge weights.
[C8] Test set: samples=500, class_dist={4: 500}
  [Client  7] Received edge weights.
[C7] Test set: samples=1000, class_dist={3: 485, 5: 515}
  [Client  1] Received edge weights.
[C1] Test set: samples=1000, class_dist={3: 515, 6: 485}
  [Client  4] Received edge weights.
[C4] Test set: samples=1000, class_dist={2: 507, 7: 493}
  [Client  0] Received edge weights.
[C0] Test set: samples=1000, class_dist={3: 511, 6: 489}
  [Client  5] Received edge weights.
[C5] Test set: samples=1000, class_dist={2: 510, 4: 490}
  [Client  2] Received edge weights.
[C2] Test set: samples=1000, class_dist={2: 507, 5: 493}
  [Client  3] Starting Hier-pFedMe | λ2=35.0, η2=0.02, inner_steps=1, epochs=1, batches/epoch=188  [Client  9] Starting Hier-pFedMe | λ2=35.0, η2=0.02, inner_steps=1, epochs=1, batches/epoch=94

  [Client  8] Starting Hier-pFedMe | λ2=35.0, η2=0.02, inner_steps=1, epochs=1, batches/epoch=94
  [Client  6] Starting Hier-pFedMe | λ2=35.0, η2=0.02, inner_steps=1, epochs=1, batches/epoch=188
  [Client  8] Round 1 | Hier-pFedMe(λ2=35.0, K=1) | loss=0.1187
  [Client  7] Starting Hier-pFedMe | λ2=35.0, η2=0.02, inner_steps=1, epochs=1, batches/epoch=188
  [Client  9] Round 1 | Hier-pFedMe(λ2=35.0, K=1) | loss=0.1206
  [Client  1] Starting Hier-pFedMe | λ2=35.0, η2=0.02, inner_steps=1, epochs=1, batches/epoch=188
  [Client  6] Round 1 | Hier-pFedMe(λ2=35.0, K=1) | loss=0.8810
  [Client  4] Starting Hier-pFedMe | λ2=35.0, η2=0.02, inner_steps=1, epochs=1, batches/epoch=188
  [Client  3] Round 1 | Hier-pFedMe(λ2=35.0, K=1) | loss=0.8685
  [Client  0] Starting Hier-pFedMe | λ2=35.0, η2=0.02, inner_steps=1, epochs=1, batches/epoch=188
  [Client  7] Round 1 | Hier-pFedMe(λ2=35.0, K=1) | loss=0.8802
  [Client  5] Starting Hier-pFedMe | λ2=35.0, η2=0.02, inner_steps=1, epochs=1, batches/epoch=188
  [Client  1] Round 1 | Hier-pFedMe(λ2=35.0, K=1) | loss=0.8941
  [Client  2] Starting Hier-pFedMe | λ2=35.0, η2=0.02, inner_steps=1, epochs=1, batches/epoch=188
  [Client  0] Round 1 | Hier-pFedMe(λ2=35.0, K=1) | loss=0.8971
  [Client  4] Round 1 | Hier-pFedMe(λ2=35.0, K=1) | loss=0.8819
  [Client  5] Round 1 | Hier-pFedMe(λ2=35.0, K=1) | loss=0.8953
  [Client  2] Round 1 | Hier-pFedMe(λ2=35.0, K=1) | loss=0.9086
  [Edge 0] G1 | E1 | loss=0.8029
  [Edge 0] G1 | E2 | Hier-pFedMe | Selected 10/10
  [Client  3] Received edge weights.
[C3] Test set: samples=1000, class_dist={5: 506, 7: 494}
  [Client  0] Received edge weights.
[C0] Test set: samples=1000, class_dist={3: 511, 6: 489}
  [Client  7] Received edge weights.
[C7] Test set: samples=1000, class_dist={3: 485, 5: 515}
  [Client  9] Received edge weights.
[C9] Test set: samples=500, class_dist={4: 500}
  [Client  6] Received edge weights.
[C6] Test set: samples=1000, class_dist={6: 493, 7: 507}
  [Client  4] Received edge weights.
[C4] Test set: samples=1000, class_dist={2: 507, 7: 493}
  [Client  2] Received edge weights.
[C2] Test set: samples=1000, class_dist={2: 507, 5: 493}
  [Client  8] Received edge weights.
[C8] Test set: samples=500, class_dist={4: 500}
  [Client  5] Received edge weights.
[C5] Test set: samples=1000, class_dist={2: 510, 4: 490}
  [Client  1] Received edge weights.
[C1] Test set: samples=1000, class_dist={3: 515, 6: 485}
  [Client  3] Starting Hier-pFedMe | λ2=35.0, η2=0.02, inner_steps=1, epochs=1, batches/epoch=188  [Client  0] Starting Hier-pFedMe | λ2=35.0, η2=0.02, inner_steps=1, epochs=1, batches/epoch=188  [Client  7] Starting Hier-pFedMe | λ2=35.0, η2=0.02, inner_steps=1, epochs=1, batches/epoch=188


  [Client  9] Starting Hier-pFedMe | λ2=35.0, η2=0.02, inner_steps=1, epochs=1, batches/epoch=94
  [Client  9] Round 1 | Hier-pFedMe(λ2=35.0, K=1) | loss=0.1304
  [Client  6] Starting Hier-pFedMe | λ2=35.0, η2=0.02, inner_steps=1, epochs=1, batches/epoch=188
  [Client  3] Round 1 | Hier-pFedMe(λ2=35.0, K=1) | loss=0.8836
  [Client  7] Round 1 | Hier-pFedMe(λ2=35.0, K=1) | loss=0.9299  [Client  4] Starting Hier-pFedMe | λ2=35.0, η2=0.02, inner_steps=1, epochs=1, batches/epoch=188

  [Client  2] Starting Hier-pFedMe | λ2=35.0, η2=0.02, inner_steps=1, epochs=1, batches/epoch=188
  [Client  0] Round 1 | Hier-pFedMe(λ2=35.0, K=1) | loss=0.9081
  [Client  8] Starting Hier-pFedMe | λ2=35.0, η2=0.02, inner_steps=1, epochs=1, batches/epoch=94
  [Client  6] Round 1 | Hier-pFedMe(λ2=35.0, K=1) | loss=0.8928
  [Client  5] Starting Hier-pFedMe | λ2=35.0, η2=0.02, inner_steps=1, epochs=1, batches/epoch=188
  [Client  8] Round 1 | Hier-pFedMe(λ2=35.0, K=1) | loss=0.1296
  [Client  1] Starting Hier-pFedMe | λ2=35.0, η2=0.02, inner_steps=1, epochs=1, batches/epoch=188
  [Client  4] Round 1 | Hier-pFedMe(λ2=35.0, K=1) | loss=0.9036
  [Client  2] Round 1 | Hier-pFedMe(λ2=35.0, K=1) | loss=0.8975
  [Client  5] Round 1 | Hier-pFedMe(λ2=35.0, K=1) | loss=0.9073
  [Client  1] Round 1 | Hier-pFedMe(λ2=35.0, K=1) | loss=0.9030
  [Edge 0] G1 | E2 | loss=0.8173
  [Edge 0] G1 | E3 | Hier-pFedMe | Selected 10/10
  [Client  9] Received edge weights.
[C9] Test set: samples=500, class_dist={4: 500}
  [Client  7] Received edge weights.
[C7] Test set: samples=1000, class_dist={3: 485, 5: 515}
  [Client  8] Received edge weights.
[C8] Test set: samples=500, class_dist={4: 500}
  [Client  6] Received edge weights.
[C6] Test set: samples=1000, class_dist={6: 493, 7: 507}
  [Client  4] Received edge weights.
[C4] Test set: samples=1000, class_dist={2: 507, 7: 493}
  [Client  1] Received edge weights.
[C1] Test set: samples=1000, class_dist={3: 515, 6: 485}
  [Client  0] Received edge weights.
[C0] Test set: samples=1000, class_dist={3: 511, 6: 489}
  [Client  3] Received edge weights.
[C3] Test set: samples=1000, class_dist={5: 506, 7: 494}
  [Client  5] Received edge weights.
[C5] Test set: samples=1000, class_dist={2: 510, 4: 490}
  [Client  2] Received edge weights.
[C2] Test set: samples=1000, class_dist={2: 507, 5: 493}
  [Client  9] Starting Hier-pFedMe | λ2=35.0, η2=0.02, inner_steps=1, epochs=1, batches/epoch=94  [Client  7] Starting Hier-pFedMe | λ2=35.0, η2=0.02, inner_steps=1, epochs=1, batches/epoch=188

  [Client  8] Starting Hier-pFedMe | λ2=35.0, η2=0.02, inner_steps=1, epochs=1, batches/epoch=94
  [Client  6] Starting Hier-pFedMe | λ2=35.0, η2=0.02, inner_steps=1, epochs=1, batches/epoch=188
  [Client  9] Round 1 | Hier-pFedMe(λ2=35.0, K=1) | loss=0.1074
  [Client  4] Starting Hier-pFedMe | λ2=35.0, η2=0.02, inner_steps=1, epochs=1, batches/epoch=188
  [Client  8] Round 1 | Hier-pFedMe(λ2=35.0, K=1) | loss=0.1053
  [Client  1] Starting Hier-pFedMe | λ2=35.0, η2=0.02, inner_steps=1, epochs=1, batches/epoch=188
  [Client  7] Round 1 | Hier-pFedMe(λ2=35.0, K=1) | loss=0.8787
  [Client  0] Starting Hier-pFedMe | λ2=35.0, η2=0.02, inner_steps=1, epochs=1, batches/epoch=188
  [Client  6] Round 1 | Hier-pFedMe(λ2=35.0, K=1) | loss=0.8737
  [Client  3] Starting Hier-pFedMe | λ2=35.0, η2=0.02, inner_steps=1, epochs=1, batches/epoch=188
  [Client  4] Round 1 | Hier-pFedMe(λ2=35.0, K=1) | loss=0.8973
  [Client  5] Starting Hier-pFedMe | λ2=35.0, η2=0.02, inner_steps=1, epochs=1, batches/epoch=188
  [Client  1] Round 1 | Hier-pFedMe(λ2=35.0, K=1) | loss=0.8733
  [Client  2] Starting Hier-pFedMe | λ2=35.0, η2=0.02, inner_steps=1, epochs=1, batches/epoch=188
  [Client  0] Round 1 | Hier-pFedMe(λ2=35.0, K=1) | loss=0.8906
  [Client  3] Round 1 | Hier-pFedMe(λ2=35.0, K=1) | loss=0.8677
  [Client  5] Round 1 | Hier-pFedMe(λ2=35.0, K=1) | loss=0.8881
  [Client  2] Round 1 | Hier-pFedMe(λ2=35.0, K=1) | loss=0.8840
  [Edge 0] G1 | E3 | loss=0.7955
  [Edge 0] G1 | E4 | Hier-pFedMe | Selected 10/10
  [Client  8] Received edge weights.
[C8] Test set: samples=500, class_dist={4: 500}
  [Client  6] Received edge weights.
[C6] Test set: samples=1000, class_dist={6: 493, 7: 507}
  [Client  0] Received edge weights.
[C0] Test set: samples=1000, class_dist={3: 511, 6: 489}
  [Client  9] Received edge weights.
[C9] Test set: samples=500, class_dist={4: 500}
  [Client  7] Received edge weights.
[C7] Test set: samples=1000, class_dist={3: 485, 5: 515}
  [Client  3] Received edge weights.
[C3] Test set: samples=1000, class_dist={5: 506, 7: 494}
  [Client  5] Received edge weights.
[C5] Test set: samples=1000, class_dist={2: 510, 4: 490}
  [Client  2] Received edge weights.
[C2] Test set: samples=1000, class_dist={2: 507, 5: 493}
  [Client  1] Received edge weights.
[C1] Test set: samples=1000, class_dist={3: 515, 6: 485}
  [Client  4] Received edge weights.
[C4] Test set: samples=1000, class_dist={2: 507, 7: 493}
  [Client  6] Starting Hier-pFedMe | λ2=35.0, η2=0.02, inner_steps=1, epochs=1, batches/epoch=188  [Client  9] Starting Hier-pFedMe | λ2=35.0, η2=0.02, inner_steps=1, epochs=1, batches/epoch=94

  [Client  0] Starting Hier-pFedMe | λ2=35.0, η2=0.02, inner_steps=1, epochs=1, batches/epoch=188  [Client  8] Starting Hier-pFedMe | λ2=35.0, η2=0.02, inner_steps=1, epochs=1, batches/epoch=94

  [Client  9] Round 1 | Hier-pFedMe(λ2=35.0, K=1) | loss=0.1129
  [Client  7] Starting Hier-pFedMe | λ2=35.0, η2=0.02, inner_steps=1, epochs=1, batches/epoch=188
  [Client  8] Round 1 | Hier-pFedMe(λ2=35.0, K=1) | loss=0.1115
  [Client  3] Starting Hier-pFedMe | λ2=35.0, η2=0.02, inner_steps=1, epochs=1, batches/epoch=188
  [Client  6] Round 1 | Hier-pFedMe(λ2=35.0, K=1) | loss=0.8836
  [Client  5] Starting Hier-pFedMe | λ2=35.0, η2=0.02, inner_steps=1, epochs=1, batches/epoch=188
  [Client  0] Round 1 | Hier-pFedMe(λ2=35.0, K=1) | loss=0.8881
  [Client  2] Starting Hier-pFedMe | λ2=35.0, η2=0.02, inner_steps=1, epochs=1, batches/epoch=188
  [Client  7] Round 1 | Hier-pFedMe(λ2=35.0, K=1) | loss=0.8968
  [Client  1] Starting Hier-pFedMe | λ2=35.0, η2=0.02, inner_steps=1, epochs=1, batches/epoch=188
  [Client  3] Round 1 | Hier-pFedMe(λ2=35.0, K=1) | loss=0.8668
  [Client  4] Starting Hier-pFedMe | λ2=35.0, η2=0.02, inner_steps=1, epochs=1, batches/epoch=188
  [Client  5] Round 1 | Hier-pFedMe(λ2=35.0, K=1) | loss=0.9000
  [Client  2] Round 1 | Hier-pFedMe(λ2=35.0, K=1) | loss=0.8973
  [Client  1] Round 1 | Hier-pFedMe(λ2=35.0, K=1) | loss=0.8728
  [Client  4] Round 1 | Hier-pFedMe(λ2=35.0, K=1) | loss=0.8986
  [Edge 0] G1 | E4 | loss=0.8018
  [Edge 0] G1 | E5 | Hier-pFedMe | Selected 10/10
  [Client  8] Received edge weights.
[C8] Test set: samples=500, class_dist={4: 500}
  [Client  1] Received edge weights.
[C1] Test set: samples=1000, class_dist={3: 515, 6: 485}
  [Client  7] Received edge weights.
[C7] Test set: samples=1000, class_dist={3: 485, 5: 515}
  [Client  4] Received edge weights.
[C4] Test set: samples=1000, class_dist={2: 507, 7: 493}
  [Client  5] Received edge weights.
[C5] Test set: samples=1000, class_dist={2: 510, 4: 490}
  [Client  9] Received edge weights.
[C9] Test set: samples=500, class_dist={4: 500}
  [Client  3] Received edge weights.
[C3] Test set: samples=1000, class_dist={5: 506, 7: 494}
  [Client  0] Received edge weights.
[C0] Test set: samples=1000, class_dist={3: 511, 6: 489}
  [Client  6] Received edge weights.
[C6] Test set: samples=1000, class_dist={6: 493, 7: 507}
  [Client  2] Received edge weights.
[C2] Test set: samples=1000, class_dist={2: 507, 5: 493}
  [Client  1] Starting Hier-pFedMe | λ2=35.0, η2=0.02, inner_steps=1, epochs=1, batches/epoch=188  [Client  7] Starting Hier-pFedMe | λ2=35.0, η2=0.02, inner_steps=1, epochs=1, batches/epoch=188
  [Client  8] Starting Hier-pFedMe | λ2=35.0, η2=0.02, inner_steps=1, epochs=1, batches/epoch=94
  [Client  4] Starting Hier-pFedMe | λ2=35.0, η2=0.02, inner_steps=1, epochs=1, batches/epoch=188

  [Client  8] Round 1 | Hier-pFedMe(λ2=35.0, K=1) | loss=0.1087
  [Client  5] Starting Hier-pFedMe | λ2=35.0, η2=0.02, inner_steps=1, epochs=1, batches/epoch=188
  [Client  7] Round 1 | Hier-pFedMe(λ2=35.0, K=1) | loss=0.8875
  [Client  9] Starting Hier-pFedMe | λ2=35.0, η2=0.02, inner_steps=1, epochs=1, batches/epoch=94
  [Client  4] Round 1 | Hier-pFedMe(λ2=35.0, K=1) | loss=0.8919
  [Client  1] Round 1 | Hier-pFedMe(λ2=35.0, K=1) | loss=0.9044
  [Client  3] Starting Hier-pFedMe | λ2=35.0, η2=0.02, inner_steps=1, epochs=1, batches/epoch=188
  [Client  0] Starting Hier-pFedMe | λ2=35.0, η2=0.02, inner_steps=1, epochs=1, batches/epoch=188
  [Client  5] Round 1 | Hier-pFedMe(λ2=35.0, K=1) | loss=0.8904
  [Client  6] Starting Hier-pFedMe | λ2=35.0, η2=0.02, inner_steps=1, epochs=1, batches/epoch=188
  [Client  9] Round 1 | Hier-pFedMe(λ2=35.0, K=1) | loss=0.1076
  [Client  2] Starting Hier-pFedMe | λ2=35.0, η2=0.02, inner_steps=1, epochs=1, batches/epoch=188
  [Client  3] Round 1 | Hier-pFedMe(λ2=35.0, K=1) | loss=0.8893
  [Client  0] Round 1 | Hier-pFedMe(λ2=35.0, K=1) | loss=0.8738
  [Client  6] Round 1 | Hier-pFedMe(λ2=35.0, K=1) | loss=0.8910
  [Client  2] Round 1 | Hier-pFedMe(λ2=35.0, K=1) | loss=0.8975
  [Edge 0] G1 | E5 | loss=0.8038
  [Edge 1] G1 | E1 | Hier-pFedMe | Selected 10/10
  [Client 10] Received edge weights.
[C10] Test set: samples=600, class_dist={8: 292, 9: 308}
  [Client 19] Received edge weights.
[C19] Test set: samples=600, class_dist={0: 286, 9: 314}
  [Client 13] Received edge weights.
[C13] Test set: samples=600, class_dist={0: 311, 8: 289}
  [Client 17] Received edge weights.
[C17] Test set: samples=600, class_dist={1: 289, 9: 311}
  [Client 12] Received edge weights.
[C12] Test set: samples=600, class_dist={1: 308, 8: 292}
  [Client 14] Received edge weights.
[C14] Test set: samples=600, class_dist={0: 307, 9: 293}
  [Client 15] Received edge weights.
[C15] Test set: samples=600, class_dist={0: 305, 8: 295}
  [Client 11] Received edge weights.
[C11] Test set: samples=600, class_dist={0: 300, 1: 300}
  [Client 16] Received edge weights.
[C16] Test set: samples=600, class_dist={1: 291, 8: 309}
  [Client 18] Received edge weights.
[C18] Test set: samples=600, class_dist={1: 314, 9: 286}
  [Client 17] Starting Hier-pFedMe | λ2=35.0, η2=0.02, inner_steps=1, epochs=1, batches/epoch=113
  [Client 10] Starting Hier-pFedMe | λ2=35.0, η2=0.02, inner_steps=1, epochs=1, batches/epoch=113  [Client 19] Starting Hier-pFedMe | λ2=35.0, η2=0.02, inner_steps=1, epochs=1, batches/epoch=113  [Client 13] Starting Hier-pFedMe | λ2=35.0, η2=0.02, inner_steps=1, epochs=1, batches/epoch=113


  [Client 19] Round 1 | Hier-pFedMe(λ2=35.0, K=1) | loss=0.8156
  [Client 13] Round 1 | Hier-pFedMe(λ2=35.0, K=1) | loss=0.8885
  [Client 12] Starting Hier-pFedMe | λ2=35.0, η2=0.02, inner_steps=1, epochs=1, batches/epoch=113
  [Client 14] Starting Hier-pFedMe | λ2=35.0, η2=0.02, inner_steps=1, epochs=1, batches/epoch=113
  [Client 17] Round 1 | Hier-pFedMe(λ2=35.0, K=1) | loss=0.8708
  [Client 10] Round 1 | Hier-pFedMe(λ2=35.0, K=1) | loss=0.8999  [Client 15] Starting Hier-pFedMe | λ2=35.0, η2=0.02, inner_steps=1, epochs=1, batches/epoch=113

  [Client 11] Starting Hier-pFedMe | λ2=35.0, η2=0.02, inner_steps=1, epochs=1, batches/epoch=113
  [Client 12] Round 1 | Hier-pFedMe(λ2=35.0, K=1) | loss=0.8371
  [Client 16] Starting Hier-pFedMe | λ2=35.0, η2=0.02, inner_steps=1, epochs=1, batches/epoch=113
  [Client 14] Round 1 | Hier-pFedMe(λ2=35.0, K=1) | loss=0.8765
  [Client 18] Starting Hier-pFedMe | λ2=35.0, η2=0.02, inner_steps=1, epochs=1, batches/epoch=113
  [Client 11] Round 1 | Hier-pFedMe(λ2=35.0, K=1) | loss=0.8850
  [Client 15] Round 1 | Hier-pFedMe(λ2=35.0, K=1) | loss=0.8914
  [Client 16] Round 1 | Hier-pFedMe(λ2=35.0, K=1) | loss=0.8728
  [Client 18] Round 1 | Hier-pFedMe(λ2=35.0, K=1) | loss=0.8871
  [Edge 1] G1 | E1 | loss=0.8725
  [Edge 1] G1 | E2 | Hier-pFedMe | Selected 10/10
  [Client 11] Received edge weights.
[C11] Test set: samples=600, class_dist={0: 300, 1: 300}
  [Client 15] Received edge weights.
[C15] Test set: samples=600, class_dist={0: 305, 8: 295}
  [Client 19] Received edge weights.
[C19] Test set: samples=600, class_dist={0: 286, 9: 314}
  [Client 16] Received edge weights.
[C16] Test set: samples=600, class_dist={1: 291, 8: 309}
  [Client 18] Received edge weights.
[C18] Test set: samples=600, class_dist={1: 314, 9: 286}
  [Client 14] Received edge weights.
[C14] Test set: samples=600, class_dist={0: 307, 9: 293}
  [Client 17] Received edge weights.
[C17] Test set: samples=600, class_dist={1: 289, 9: 311}
  [Client 12] Received edge weights.
[C12] Test set: samples=600, class_dist={1: 308, 8: 292}
  [Client 13] Received edge weights.
[C13] Test set: samples=600, class_dist={0: 311, 8: 289}
  [Client 10] Received edge weights.
[C10] Test set: samples=600, class_dist={8: 292, 9: 308}
  [Client 15] Starting Hier-pFedMe | λ2=35.0, η2=0.02, inner_steps=1, epochs=1, batches/epoch=113  [Client 19] Starting Hier-pFedMe | λ2=35.0, η2=0.02, inner_steps=1, epochs=1, batches/epoch=113  [Client 11] Starting Hier-pFedMe | λ2=35.0, η2=0.02, inner_steps=1, epochs=1, batches/epoch=113  [Client 16] Starting Hier-pFedMe | λ2=35.0, η2=0.02, inner_steps=1, epochs=1, batches/epoch=113



  [Client 16] Round 1 | Hier-pFedMe(λ2=35.0, K=1) | loss=0.8708  [Client 19] Round 1 | Hier-pFedMe(λ2=35.0, K=1) | loss=0.8906

  [Client 18] Starting Hier-pFedMe | λ2=35.0, η2=0.02, inner_steps=1, epochs=1, batches/epoch=113  [Client 14] Starting Hier-pFedMe | λ2=35.0, η2=0.02, inner_steps=1, epochs=1, batches/epoch=113

  [Client 15] Round 1 | Hier-pFedMe(λ2=35.0, K=1) | loss=0.9082
  [Client 11] Round 1 | Hier-pFedMe(λ2=35.0, K=1) | loss=0.9082
  [Client 17] Starting Hier-pFedMe | λ2=35.0, η2=0.02, inner_steps=1, epochs=1, batches/epoch=113
  [Client 12] Starting Hier-pFedMe | λ2=35.0, η2=0.02, inner_steps=1, epochs=1, batches/epoch=113
  [Client 18] Round 1 | Hier-pFedMe(λ2=35.0, K=1) | loss=0.9130
  [Client 13] Starting Hier-pFedMe | λ2=35.0, η2=0.02, inner_steps=1, epochs=1, batches/epoch=113
  [Client 14] Round 1 | Hier-pFedMe(λ2=35.0, K=1) | loss=0.8936  [Client 17] Round 1 | Hier-pFedMe(λ2=35.0, K=1) | loss=0.9044

  [Client 10] Starting Hier-pFedMe | λ2=35.0, η2=0.02, inner_steps=1, epochs=1, batches/epoch=113  [Client 12] Round 1 | Hier-pFedMe(λ2=35.0, K=1) | loss=0.9119

  [Client 13] Round 1 | Hier-pFedMe(λ2=35.0, K=1) | loss=0.8999
  [Client 10] Round 1 | Hier-pFedMe(λ2=35.0, K=1) | loss=0.8999
  [Edge 1] G1 | E2 | loss=0.9000
  [Edge 1] G1 | E3 | Hier-pFedMe | Selected 10/10
  [Client 10] Received edge weights.
[C10] Test set: samples=600, class_dist={8: 292, 9: 308}
  [Client 14] Received edge weights.
[C14] Test set: samples=600, class_dist={0: 307, 9: 293}
  [Client 15] Received edge weights.
[C15] Test set: samples=600, class_dist={0: 305, 8: 295}
  [Client 12] Received edge weights.
[C12] Test set: samples=600, class_dist={1: 308, 8: 292}
  [Client 18] Received edge weights.
[C18] Test set: samples=600, class_dist={1: 314, 9: 286}
  [Client 11] Received edge weights.
[C11] Test set: samples=600, class_dist={0: 300, 1: 300}
  [Client 16] Received edge weights.
[C16] Test set: samples=600, class_dist={1: 291, 8: 309}
  [Client 13] Received edge weights.
[C13] Test set: samples=600, class_dist={0: 311, 8: 289}
  [Client 17] Received edge weights.
[C17] Test set: samples=600, class_dist={1: 289, 9: 311}
  [Client 19] Received edge weights.
[C19] Test set: samples=600, class_dist={0: 286, 9: 314}
  [Client 10] Starting Hier-pFedMe | λ2=35.0, η2=0.02, inner_steps=1, epochs=1, batches/epoch=113  [Client 12] Starting Hier-pFedMe | λ2=35.0, η2=0.02, inner_steps=1, epochs=1, batches/epoch=113

  [Client 15] Starting Hier-pFedMe | λ2=35.0, η2=0.02, inner_steps=1, epochs=1, batches/epoch=113
  [Client 14] Starting Hier-pFedMe | λ2=35.0, η2=0.02, inner_steps=1, epochs=1, batches/epoch=113
  [Client 10] Round 1 | Hier-pFedMe(λ2=35.0, K=1) | loss=0.8869  [Client 12] Round 1 | Hier-pFedMe(λ2=35.0, K=1) | loss=0.8899

  [Client 18] Starting Hier-pFedMe | λ2=35.0, η2=0.02, inner_steps=1, epochs=1, batches/epoch=113
  [Client 11] Starting Hier-pFedMe | λ2=35.0, η2=0.02, inner_steps=1, epochs=1, batches/epoch=113  [Client 15] Round 1 | Hier-pFedMe(λ2=35.0, K=1) | loss=0.9080

  [Client 14] Round 1 | Hier-pFedMe(λ2=35.0, K=1) | loss=0.8860
  [Client 16] Starting Hier-pFedMe | λ2=35.0, η2=0.02, inner_steps=1, epochs=1, batches/epoch=113
  [Client 13] Starting Hier-pFedMe | λ2=35.0, η2=0.02, inner_steps=1, epochs=1, batches/epoch=113
  [Client 18] Round 1 | Hier-pFedMe(λ2=35.0, K=1) | loss=0.8744  [Client 13] Round 1 | Hier-pFedMe(λ2=35.0, K=1) | loss=0.8823
  [Client 11] Round 1 | Hier-pFedMe(λ2=35.0, K=1) | loss=0.8818
  [Client 16] Round 1 | Hier-pFedMe(λ2=35.0, K=1) | loss=0.8773

  [Client 17] Starting Hier-pFedMe | λ2=35.0, η2=0.02, inner_steps=1, epochs=1, batches/epoch=113
  [Client 19] Starting Hier-pFedMe | λ2=35.0, η2=0.02, inner_steps=1, epochs=1, batches/epoch=113
  [Client 17] Round 1 | Hier-pFedMe(λ2=35.0, K=1) | loss=0.8769  [Client 19] Round 1 | Hier-pFedMe(λ2=35.0, K=1) | loss=0.8583

  [Edge 1] G1 | E3 | loss=0.8822
  [Edge 1] G1 | E4 | Hier-pFedMe | Selected 10/10
  [Client 12] Received edge weights.
[C12] Test set: samples=600, class_dist={1: 308, 8: 292}
  [Client 18] Received edge weights.
[C18] Test set: samples=600, class_dist={1: 314, 9: 286}
  [Client 14] Received edge weights.
[C14] Test set: samples=600, class_dist={0: 307, 9: 293}
  [Client 15] Received edge weights.
[C15] Test set: samples=600, class_dist={0: 305, 8: 295}
  [Client 10] Received edge weights.
[C10] Test set: samples=600, class_dist={8: 292, 9: 308}
  [Client 13] Received edge weights.
[C13] Test set: samples=600, class_dist={0: 311, 8: 289}
  [Client 11] Received edge weights.
[C11] Test set: samples=600, class_dist={0: 300, 1: 300}
  [Client 16] Received edge weights.
[C16] Test set: samples=600, class_dist={1: 291, 8: 309}
  [Client 19] Received edge weights.
[C19] Test set: samples=600, class_dist={0: 286, 9: 314}
  [Client 17] Received edge weights.
[C17] Test set: samples=600, class_dist={1: 289, 9: 311}
  [Client 12] Starting Hier-pFedMe | λ2=35.0, η2=0.02, inner_steps=1, epochs=1, batches/epoch=113  [Client 18] Starting Hier-pFedMe | λ2=35.0, η2=0.02, inner_steps=1, epochs=1, batches/epoch=113  [Client 14] Starting Hier-pFedMe | λ2=35.0, η2=0.02, inner_steps=1, epochs=1, batches/epoch=113

  [Client 15] Starting Hier-pFedMe | λ2=35.0, η2=0.02, inner_steps=1, epochs=1, batches/epoch=113

  [Client 18] Round 1 | Hier-pFedMe(λ2=35.0, K=1) | loss=0.8926
  [Client 15] Round 1 | Hier-pFedMe(λ2=35.0, K=1) | loss=0.9196
  [Client 10] Starting Hier-pFedMe | λ2=35.0, η2=0.02, inner_steps=1, epochs=1, batches/epoch=113  [Client 12] Round 1 | Hier-pFedMe(λ2=35.0, K=1) | loss=0.8895  [Client 14] Round 1 | Hier-pFedMe(λ2=35.0, K=1) | loss=0.9012
  [Client 13] Starting Hier-pFedMe | λ2=35.0, η2=0.02, inner_steps=1, epochs=1, batches/epoch=113


  [Client 11] Starting Hier-pFedMe | λ2=35.0, η2=0.02, inner_steps=1, epochs=1, batches/epoch=113
  [Client 16] Starting Hier-pFedMe | λ2=35.0, η2=0.02, inner_steps=1, epochs=1, batches/epoch=113
  [Client 10] Round 1 | Hier-pFedMe(λ2=35.0, K=1) | loss=0.8868  [Client 11] Round 1 | Hier-pFedMe(λ2=35.0, K=1) | loss=0.8765
  [Client 13] Round 1 | Hier-pFedMe(λ2=35.0, K=1) | loss=0.9088

  [Client 16] Round 1 | Hier-pFedMe(λ2=35.0, K=1) | loss=0.8615  [Client 19] Starting Hier-pFedMe | λ2=35.0, η2=0.02, inner_steps=1, epochs=1, batches/epoch=113  [Client 17] Starting Hier-pFedMe | λ2=35.0, η2=0.02, inner_steps=1, epochs=1, batches/epoch=113


  [Client 19] Round 1 | Hier-pFedMe(λ2=35.0, K=1) | loss=0.8557  [Client 17] Round 1 | Hier-pFedMe(λ2=35.0, K=1) | loss=0.8989

  [Edge 1] G1 | E4 | loss=0.8891
  [Edge 1] G1 | E5 | Hier-pFedMe | Selected 10/10
  [Client 13] Received edge weights.
[C13] Test set: samples=600, class_dist={0: 311, 8: 289}
  [Client 16] Received edge weights.
[C16] Test set: samples=600, class_dist={1: 291, 8: 309}
  [Client 18] Received edge weights.
[C18] Test set: samples=600, class_dist={1: 314, 9: 286}
  [Client 19] Received edge weights.
[C19] Test set: samples=600, class_dist={0: 286, 9: 314}
  [Client 17] Received edge weights.
[C17] Test set: samples=600, class_dist={1: 289, 9: 311}
  [Client 15] Received edge weights.
[C15] Test set: samples=600, class_dist={0: 305, 8: 295}
  [Client 12] Received edge weights.
[C12] Test set: samples=600, class_dist={1: 308, 8: 292}
  [Client 14] Received edge weights.
[C14] Test set: samples=600, class_dist={0: 307, 9: 293}
  [Client 11] Received edge weights.
[C11] Test set: samples=600, class_dist={0: 300, 1: 300}
  [Client 10] Received edge weights.
[C10] Test set: samples=600, class_dist={8: 292, 9: 308}
  [Client 13] Starting Hier-pFedMe | λ2=35.0, η2=0.02, inner_steps=1, epochs=1, batches/epoch=113  [Client 18] Starting Hier-pFedMe | λ2=35.0, η2=0.02, inner_steps=1, epochs=1, batches/epoch=113  [Client 16] Starting Hier-pFedMe | λ2=35.0, η2=0.02, inner_steps=1, epochs=1, batches/epoch=113
  [Client 19] Starting Hier-pFedMe | λ2=35.0, η2=0.02, inner_steps=1, epochs=1, batches/epoch=113


  [Client 16] Round 1 | Hier-pFedMe(λ2=35.0, K=1) | loss=0.8551
  [Client 17] Starting Hier-pFedMe | λ2=35.0, η2=0.02, inner_steps=1, epochs=1, batches/epoch=113
  [Client 13] Round 1 | Hier-pFedMe(λ2=35.0, K=1) | loss=0.8654
  [Client 18] Round 1 | Hier-pFedMe(λ2=35.0, K=1) | loss=0.8918
  [Client 15] Starting Hier-pFedMe | λ2=35.0, η2=0.02, inner_steps=1, epochs=1, batches/epoch=113
  [Client 12] Starting Hier-pFedMe | λ2=35.0, η2=0.02, inner_steps=1, epochs=1, batches/epoch=113
  [Client 19] Round 1 | Hier-pFedMe(λ2=35.0, K=1) | loss=0.8416
  [Client 14] Starting Hier-pFedMe | λ2=35.0, η2=0.02, inner_steps=1, epochs=1, batches/epoch=113
  [Client 17] Round 1 | Hier-pFedMe(λ2=35.0, K=1) | loss=0.8835
  [Client 11] Starting Hier-pFedMe | λ2=35.0, η2=0.02, inner_steps=1, epochs=1, batches/epoch=113
  [Client 15] Round 1 | Hier-pFedMe(λ2=35.0, K=1) | loss=0.9082
  [Client 10] Starting Hier-pFedMe | λ2=35.0, η2=0.02, inner_steps=1, epochs=1, batches/epoch=113
  [Client 12] Round 1 | Hier-pFedMe(λ2=35.0, K=1) | loss=0.8925
  [Client 14] Round 1 | Hier-pFedMe(λ2=35.0, K=1) | loss=0.8743
  [Client 11] Round 1 | Hier-pFedMe(λ2=35.0, K=1) | loss=0.8761
  [Client 10] Round 1 | Hier-pFedMe(λ2=35.0, K=1) | loss=0.8971
  [Edge 1] G1 | E5 | loss=0.8786
[C0] n=1000 | classes=[3, 6] | acc=0.5110 | per_class={3: '1.00', 6: '0.00'}
[C1] n=1000 | classes=[3, 6] | acc=0.5150 | per_class={3: '1.00', 6: '0.00'}
[C2] n=1000 | classes=[2, 5] | acc=0.5070 | per_class={2: '1.00', 5: '0.00'}
[C3] n=1000 | classes=[5, 7] | acc=0.4940 | per_class={5: '0.00', 7: '1.00'}
[C4] n=1000 | classes=[2, 7] | acc=0.4930 | per_class={2: '0.00', 7: '1.00'}
[C5] n=1000 | classes=[2, 4] | acc=0.4900 | per_class={2: '0.00', 4: '1.00'}
[C6] n=1000 | classes=[6, 7] | acc=0.5070 | per_class={6: '0.00', 7: '1.00'}
[C7] n=1000 | classes=[3, 5] | acc=0.4850 | per_class={3: '1.00', 5: '0.00'}
[C8] n=500 | classes=[4] | acc=1.0000 | per_class={4: '1.00'}
[C9] n=500 | classes=[4] | acc=1.0000 | per_class={4: '1.00'}
[C10] n=600 | classes=[8, 9] | acc=0.5133 | per_class={8: '0.00', 9: '1.00'}
[C11] n=600 | classes=[0, 1] | acc=0.5000 | per_class={0: '0.00', 1: '1.00'}
[C12] n=600 | classes=[1, 8] | acc=0.5133 | per_class={1: '1.00', 8: '0.00'}
[C13] n=600 | classes=[0, 8] | acc=0.4817 | per_class={0: '0.00', 8: '1.00'}
[C14] n=600 | classes=[0, 9] | acc=0.4883 | per_class={0: '0.00', 9: '1.00'}
[C15] n=600 | classes=[0, 8] | acc=0.5083 | per_class={0: '1.00', 8: '0.00'}
[C16] n=600 | classes=[1, 8] | acc=0.5150 | per_class={1: '0.00', 8: '1.00'}
[C17] n=600 | classes=[1, 9] | acc=0.4817 | per_class={1: '1.00', 9: '0.00'}
[C18] n=600 | classes=[1, 9] | acc=0.5233 | per_class={1: '1.00', 9: '0.00'}
[C19] n=600 | classes=[0, 9] | acc=0.5233 | per_class={0: '0.00', 9: '1.00'}
  [Cloud] GM=0.1001 | EM=0.2001 PM=0.5354 | loss=2.3049 | time=69.5s | comm=683.7MB (total=684MB)

[Round   2] Broadcasting to 2 edges...
  [Edge 0] W_n reset to global weights for new round.
  [Edge 1] W_n reset to global weights for new round.
  [Edge 0] G2 | E1 | Hier-pFedMe | Selected 10/10
  [Client  9] Received edge weights.
[C9] Test set: samples=500, class_dist={4: 500}
  [Client  2] Received edge weights.
[C2] Test set: samples=1000, class_dist={2: 507, 5: 493}
  [Client  6] Received edge weights.
[C6] Test set: samples=1000, class_dist={6: 493, 7: 507}
  [Client  8] Received edge weights.
[C8] Test set: samples=500, class_dist={4: 500}
  [Client  5] Received edge weights.
[C5] Test set: samples=1000, class_dist={2: 510, 4: 490}
  [Client  1] Received edge weights.
[C1] Test set: samples=1000, class_dist={3: 515, 6: 485}
  [Client  4] Received edge weights.
[C4] Test set: samples=1000, class_dist={2: 507, 7: 493}
  [Client  0] Received edge weights.
[C0] Test set: samples=1000, class_dist={3: 511, 6: 489}
  [Client  7] Received edge weights.
[C7] Test set: samples=1000, class_dist={3: 485, 5: 515}
  [Client  3] Received edge weights.
[C3] Test set: samples=1000, class_dist={5: 506, 7: 494}
  [Client  9] Starting Hier-pFedMe | λ2=35.0, η2=0.02, inner_steps=1, epochs=1, batches/epoch=94  [Client  2] Starting Hier-pFedMe | λ2=35.0, η2=0.02, inner_steps=1, epochs=1, batches/epoch=188
  [Client  6] Starting Hier-pFedMe | λ2=35.0, η2=0.02, inner_steps=1, epochs=1, batches/epoch=188  [Client  8] Starting Hier-pFedMe | λ2=35.0, η2=0.02, inner_steps=1, epochs=1, batches/epoch=94


  [Client  8] Round 2 | Hier-pFedMe(λ2=35.0, K=1) | loss=0.1325
  [Client  9] Round 2 | Hier-pFedMe(λ2=35.0, K=1) | loss=0.1364
  [Client  5] Starting Hier-pFedMe | λ2=35.0, η2=0.02, inner_steps=1, epochs=1, batches/epoch=188  [Client  1] Starting Hier-pFedMe | λ2=35.0, η2=0.02, inner_steps=1, epochs=1, batches/epoch=188

  [Client  6] Round 2 | Hier-pFedMe(λ2=35.0, K=1) | loss=0.8898
  [Client  2] Round 2 | Hier-pFedMe(λ2=35.0, K=1) | loss=0.9101
  [Client  0] Starting Hier-pFedMe | λ2=35.0, η2=0.02, inner_steps=1, epochs=1, batches/epoch=188
  [Client  4] Starting Hier-pFedMe | λ2=35.0, η2=0.02, inner_steps=1, epochs=1, batches/epoch=188
  [Client  5] Round 2 | Hier-pFedMe(λ2=35.0, K=1) | loss=0.8981  [Client  1] Round 2 | Hier-pFedMe(λ2=35.0, K=1) | loss=0.9026

  [Client  7] Starting Hier-pFedMe | λ2=35.0, η2=0.02, inner_steps=1, epochs=1, batches/epoch=188
  [Client  3] Starting Hier-pFedMe | λ2=35.0, η2=0.02, inner_steps=1, epochs=1, batches/epoch=188
  [Client  0] Round 2 | Hier-pFedMe(λ2=35.0, K=1) | loss=0.9072
  [Client  4] Round 2 | Hier-pFedMe(λ2=35.0, K=1) | loss=0.8982
  [Client  3] Round 2 | Hier-pFedMe(λ2=35.0, K=1) | loss=0.8818  [Client  7] Round 2 | Hier-pFedMe(λ2=35.0, K=1) | loss=0.9116

  [Edge 0] G2 | E1 | loss=0.8149
  [Edge 0] G2 | E2 | Hier-pFedMe | Selected 10/10
  [Client  1] Received edge weights.
[C1] Test set: samples=1000, class_dist={3: 515, 6: 485}
  [Client  5] Received edge weights.
[C5] Test set: samples=1000, class_dist={2: 510, 4: 490}
  [Client  6] Received edge weights.
[C6] Test set: samples=1000, class_dist={6: 493, 7: 507}
  [Client  8] Received edge weights.
[C8] Test set: samples=500, class_dist={4: 500}
  [Client  4] Received edge weights.
[C4] Test set: samples=1000, class_dist={2: 507, 7: 493}
  [Client  3] Received edge weights.
[C3] Test set: samples=1000, class_dist={5: 506, 7: 494}
  [Client  0] Received edge weights.
[C0] Test set: samples=1000, class_dist={3: 511, 6: 489}
  [Client  7] Received edge weights.
[C7] Test set: samples=1000, class_dist={3: 485, 5: 515}
  [Client  9] Received edge weights.
[C9] Test set: samples=500, class_dist={4: 500}
  [Client  2] Received edge weights.
[C2] Test set: samples=1000, class_dist={2: 507, 5: 493}
  [Client  1] Starting Hier-pFedMe | λ2=35.0, η2=0.02, inner_steps=1, epochs=1, batches/epoch=188  [Client  5] Starting Hier-pFedMe | λ2=35.0, η2=0.02, inner_steps=1, epochs=1, batches/epoch=188

  [Client  8] Starting Hier-pFedMe | λ2=35.0, η2=0.02, inner_steps=1, epochs=1, batches/epoch=94  [Client  6] Starting Hier-pFedMe | λ2=35.0, η2=0.02, inner_steps=1, epochs=1, batches/epoch=188

  [Client  8] Round 2 | Hier-pFedMe(λ2=35.0, K=1) | loss=0.1076
  [Client  4] Starting Hier-pFedMe | λ2=35.0, η2=0.02, inner_steps=1, epochs=1, batches/epoch=188
  [Client  6] Round 2 | Hier-pFedMe(λ2=35.0, K=1) | loss=0.8700  [Client  5] Round 2 | Hier-pFedMe(λ2=35.0, K=1) | loss=0.8799

  [Client  1] Round 2 | Hier-pFedMe(λ2=35.0, K=1) | loss=0.8881  [Client  3] Starting Hier-pFedMe | λ2=35.0, η2=0.02, inner_steps=1, epochs=1, batches/epoch=188  [Client  0] Starting Hier-pFedMe | λ2=35.0, η2=0.02, inner_steps=1, epochs=1, batches/epoch=188


  [Client  7] Starting Hier-pFedMe | λ2=35.0, η2=0.02, inner_steps=1, epochs=1, batches/epoch=188
  [Client  4] Round 2 | Hier-pFedMe(λ2=35.0, K=1) | loss=0.8991
  [Client  9] Starting Hier-pFedMe | λ2=35.0, η2=0.02, inner_steps=1, epochs=1, batches/epoch=94
  [Client  0] Round 2 | Hier-pFedMe(λ2=35.0, K=1) | loss=0.8985
  [Client  2] Starting Hier-pFedMe | λ2=35.0, η2=0.02, inner_steps=1, epochs=1, batches/epoch=188  [Client  3] Round 2 | Hier-pFedMe(λ2=35.0, K=1) | loss=0.8705
  [Client  7] Round 2 | Hier-pFedMe(λ2=35.0, K=1) | loss=0.8831
  [Client  9] Round 2 | Hier-pFedMe(λ2=35.0, K=1) | loss=0.1101

  [Client  2] Round 2 | Hier-pFedMe(λ2=35.0, K=1) | loss=0.8906
  [Edge 0] G2 | E2 | loss=0.7987
  [Edge 0] G2 | E3 | Hier-pFedMe | Selected 10/10
  [Client  6] Received edge weights.
[C6] Test set: samples=1000, class_dist={6: 493, 7: 507}
  [Client  8] Received edge weights.
[C8] Test set: samples=500, class_dist={4: 500}
  [Client  3] Received edge weights.
[C3] Test set: samples=1000, class_dist={5: 506, 7: 494}
  [Client  1] Received edge weights.
[C1] Test set: samples=1000, class_dist={3: 515, 6: 485}
  [Client  9] Received edge weights.
[C9] Test set: samples=500, class_dist={4: 500}
  [Client  0] Received edge weights.
[C0] Test set: samples=1000, class_dist={3: 511, 6: 489}
  [Client  5] Received edge weights.
[C5] Test set: samples=1000, class_dist={2: 510, 4: 490}
  [Client  4] Received edge weights.
[C4] Test set: samples=1000, class_dist={2: 507, 7: 493}
  [Client  7] Received edge weights.
[C7] Test set: samples=1000, class_dist={3: 485, 5: 515}
  [Client  2] Received edge weights.
[C2] Test set: samples=1000, class_dist={2: 507, 5: 493}
  [Client  6] Starting Hier-pFedMe | λ2=35.0, η2=0.02, inner_steps=1, epochs=1, batches/epoch=188  [Client  8] Starting Hier-pFedMe | λ2=35.0, η2=0.02, inner_steps=1, epochs=1, batches/epoch=94
  [Client  1] Starting Hier-pFedMe | λ2=35.0, η2=0.02, inner_steps=1, epochs=1, batches/epoch=188
  [Client  3] Starting Hier-pFedMe | λ2=35.0, η2=0.02, inner_steps=1, epochs=1, batches/epoch=188

  [Client  8] Round 2 | Hier-pFedMe(λ2=35.0, K=1) | loss=0.1066
  [Client  9] Starting Hier-pFedMe | λ2=35.0, η2=0.02, inner_steps=1, epochs=1, batches/epoch=94
  [Client  6] Round 2 | Hier-pFedMe(λ2=35.0, K=1) | loss=0.9055
  [Client  1] Round 2 | Hier-pFedMe(λ2=35.0, K=1) | loss=0.9132
  [Client  0] Starting Hier-pFedMe | λ2=35.0, η2=0.02, inner_steps=1, epochs=1, batches/epoch=188  [Client  5] Starting Hier-pFedMe | λ2=35.0, η2=0.02, inner_steps=1, epochs=1, batches/epoch=188
  [Client  3] Round 2 | Hier-pFedMe(λ2=35.0, K=1) | loss=0.8751

  [Client  4] Starting Hier-pFedMe | λ2=35.0, η2=0.02, inner_steps=1, epochs=1, batches/epoch=188
  [Client  9] Round 2 | Hier-pFedMe(λ2=35.0, K=1) | loss=0.1121
  [Client  7] Starting Hier-pFedMe | λ2=35.0, η2=0.02, inner_steps=1, epochs=1, batches/epoch=188
  [Client  0] Round 2 | Hier-pFedMe(λ2=35.0, K=1) | loss=0.8824  [Client  5] Round 2 | Hier-pFedMe(λ2=35.0, K=1) | loss=0.8978

  [Client  2] Starting Hier-pFedMe | λ2=35.0, η2=0.02, inner_steps=1, epochs=1, batches/epoch=188
  [Client  4] Round 2 | Hier-pFedMe(λ2=35.0, K=1) | loss=0.9035
  [Client  7] Round 2 | Hier-pFedMe(λ2=35.0, K=1) | loss=0.8900
  [Client  2] Round 2 | Hier-pFedMe(λ2=35.0, K=1) | loss=0.8869
  [Edge 0] G2 | E3 | loss=0.8071
  [Edge 0] G2 | E4 | Hier-pFedMe | Selected 10/10
  [Client  5] Received edge weights.
[C5] Test set: samples=1000, class_dist={2: 510, 4: 490}
  [Client  1] Received edge weights.
[C1] Test set: samples=1000, class_dist={3: 515, 6: 485}
  [Client  6] Received edge weights.
[C6] Test set: samples=1000, class_dist={6: 493, 7: 507}
  [Client  2] Received edge weights.
[C2] Test set: samples=1000, class_dist={2: 507, 5: 493}
  [Client  8] Received edge weights.
[C8] Test set: samples=500, class_dist={4: 500}
  [Client  0] Received edge weights.
[C0] Test set: samples=1000, class_dist={3: 511, 6: 489}
  [Client  7] Received edge weights.
[C7] Test set: samples=1000, class_dist={3: 485, 5: 515}
  [Client  4] Received edge weights.
[C4] Test set: samples=1000, class_dist={2: 507, 7: 493}
  [Client  3] Received edge weights.
[C3] Test set: samples=1000, class_dist={5: 506, 7: 494}
  [Client  9] Received edge weights.
[C9] Test set: samples=500, class_dist={4: 500}
  [Client  1] Starting Hier-pFedMe | λ2=35.0, η2=0.02, inner_steps=1, epochs=1, batches/epoch=188  [Client  5] Starting Hier-pFedMe | λ2=35.0, η2=0.02, inner_steps=1, epochs=1, batches/epoch=188
  [Client  6] Starting Hier-pFedMe | λ2=35.0, η2=0.02, inner_steps=1, epochs=1, batches/epoch=188  [Client  2] Starting Hier-pFedMe | λ2=35.0, η2=0.02, inner_steps=1, epochs=1, batches/epoch=188


  [Client  1] Round 2 | Hier-pFedMe(λ2=35.0, K=1) | loss=0.8846
  [Client  5] Round 2 | Hier-pFedMe(λ2=35.0, K=1) | loss=0.8948
  [Client  8] Starting Hier-pFedMe | λ2=35.0, η2=0.02, inner_steps=1, epochs=1, batches/epoch=94
  [Client  0] Starting Hier-pFedMe | λ2=35.0, η2=0.02, inner_steps=1, epochs=1, batches/epoch=188  [Client  2] Round 2 | Hier-pFedMe(λ2=35.0, K=1) | loss=0.8955

  [Client  6] Round 2 | Hier-pFedMe(λ2=35.0, K=1) | loss=0.8887  [Client  7] Starting Hier-pFedMe | λ2=35.0, η2=0.02, inner_steps=1, epochs=1, batches/epoch=188

  [Client  4] Starting Hier-pFedMe | λ2=35.0, η2=0.02, inner_steps=1, epochs=1, batches/epoch=188
  [Client  8] Round 2 | Hier-pFedMe(λ2=35.0, K=1) | loss=0.1034
  [Client  3] Starting Hier-pFedMe | λ2=35.0, η2=0.02, inner_steps=1, epochs=1, batches/epoch=188
  [Client  0] Round 2 | Hier-pFedMe(λ2=35.0, K=1) | loss=0.8735
  [Client  9] Starting Hier-pFedMe | λ2=35.0, η2=0.02, inner_steps=1, epochs=1, batches/epoch=94  [Client  7] Round 2 | Hier-pFedMe(λ2=35.0, K=1) | loss=0.8720

  [Client  4] Round 2 | Hier-pFedMe(λ2=35.0, K=1) | loss=0.8888
  [Client  3] Round 2 | Hier-pFedMe(λ2=35.0, K=1) | loss=0.8846
  [Client  9] Round 2 | Hier-pFedMe(λ2=35.0, K=1) | loss=0.1096
  [Edge 0] G2 | E4 | loss=0.7988
  [Edge 0] G2 | E5 | Hier-pFedMe | Selected 10/10
  [Client  6] Received edge weights.
[C6] Test set: samples=1000, class_dist={6: 493, 7: 507}
  [Client  2] Received edge weights.
[C2] Test set: samples=1000, class_dist={2: 507, 5: 493}
  [Client  5] Received edge weights.
[C5] Test set: samples=1000, class_dist={2: 510, 4: 490}
  [Client  1] Received edge weights.
[C1] Test set: samples=1000, class_dist={3: 515, 6: 485}
  [Client  8] Received edge weights.
[C8] Test set: samples=500, class_dist={4: 500}
  [Client  9] Received edge weights.
[C9] Test set: samples=500, class_dist={4: 500}
  [Client  3] Received edge weights.
[C3] Test set: samples=1000, class_dist={5: 506, 7: 494}
  [Client  7] Received edge weights.
[C7] Test set: samples=1000, class_dist={3: 485, 5: 515}
  [Client  4] Received edge weights.
[C4] Test set: samples=1000, class_dist={2: 507, 7: 493}
  [Client  0] Received edge weights.
[C0] Test set: samples=1000, class_dist={3: 511, 6: 489}
  [Client  2] Starting Hier-pFedMe | λ2=35.0, η2=0.02, inner_steps=1, epochs=1, batches/epoch=188
  [Client  6] Starting Hier-pFedMe | λ2=35.0, η2=0.02, inner_steps=1, epochs=1, batches/epoch=188
  [Client  1] Starting Hier-pFedMe | λ2=35.0, η2=0.02, inner_steps=1, epochs=1, batches/epoch=188
  [Client  5] Starting Hier-pFedMe | λ2=35.0, η2=0.02, inner_steps=1, epochs=1, batches/epoch=188
  [Client  2] Round 2 | Hier-pFedMe(λ2=35.0, K=1) | loss=0.8934  [Client  1] Round 2 | Hier-pFedMe(λ2=35.0, K=1) | loss=0.8929

  [Client  8] Starting Hier-pFedMe | λ2=35.0, η2=0.02, inner_steps=1, epochs=1, batches/epoch=94
  [Client  9] Starting Hier-pFedMe | λ2=35.0, η2=0.02, inner_steps=1, epochs=1, batches/epoch=94
  [Client  5] Round 2 | Hier-pFedMe(λ2=35.0, K=1) | loss=0.8808
  [Client  6] Round 2 | Hier-pFedMe(λ2=35.0, K=1) | loss=0.8775
  [Client  3] Starting Hier-pFedMe | λ2=35.0, η2=0.02, inner_steps=1, epochs=1, batches/epoch=188
  [Client  7] Starting Hier-pFedMe | λ2=35.0, η2=0.02, inner_steps=1, epochs=1, batches/epoch=188
  [Client  9] Round 2 | Hier-pFedMe(λ2=35.0, K=1) | loss=0.1047
  [Client  8] Round 2 | Hier-pFedMe(λ2=35.0, K=1) | loss=0.1047
  [Client  4] Starting Hier-pFedMe | λ2=35.0, η2=0.02, inner_steps=1, epochs=1, batches/epoch=188
  [Client  0] Starting Hier-pFedMe | λ2=35.0, η2=0.02, inner_steps=1, epochs=1, batches/epoch=188
  [Client  7] Round 2 | Hier-pFedMe(λ2=35.0, K=1) | loss=0.8779
  [Client  3] Round 2 | Hier-pFedMe(λ2=35.0, K=1) | loss=0.8675
  [Client  4] Round 2 | Hier-pFedMe(λ2=35.0, K=1) | loss=0.8751
  [Client  0] Round 2 | Hier-pFedMe(λ2=35.0, K=1) | loss=0.8941
  [Edge 0] G2 | E5 | loss=0.7960
  [Edge 1] G2 | E1 | Hier-pFedMe | Selected 10/10
  [Client 14] Received edge weights.
[C14] Test set: samples=600, class_dist={0: 307, 9: 293}
  [Client 16] Received edge weights.
[C16] Test set: samples=600, class_dist={1: 291, 8: 309}
  [Client 17] Received edge weights.
[C17] Test set: samples=600, class_dist={1: 289, 9: 311}
  [Client 11] Received edge weights.
[C11] Test set: samples=600, class_dist={0: 300, 1: 300}
  [Client 13] Received edge weights.
[C13] Test set: samples=600, class_dist={0: 311, 8: 289}
  [Client 19] Received edge weights.
[C19] Test set: samples=600, class_dist={0: 286, 9: 314}
  [Client 12] Received edge weights.
[C12] Test set: samples=600, class_dist={1: 308, 8: 292}
  [Client 10] Received edge weights.
[C10] Test set: samples=600, class_dist={8: 292, 9: 308}
  [Client 15] Received edge weights.
[C15] Test set: samples=600, class_dist={0: 305, 8: 295}
  [Client 18] Received edge weights.
[C18] Test set: samples=600, class_dist={1: 314, 9: 286}
  [Client 11] Starting Hier-pFedMe | λ2=35.0, η2=0.02, inner_steps=1, epochs=1, batches/epoch=113  [Client 16] Starting Hier-pFedMe | λ2=35.0, η2=0.02, inner_steps=1, epochs=1, batches/epoch=113
  [Client 17] Starting Hier-pFedMe | λ2=35.0, η2=0.02, inner_steps=1, epochs=1, batches/epoch=113  [Client 14] Starting Hier-pFedMe | λ2=35.0, η2=0.02, inner_steps=1, epochs=1, batches/epoch=113


  [Client 16] Round 2 | Hier-pFedMe(λ2=35.0, K=1) | loss=0.8720
  [Client 13] Starting Hier-pFedMe | λ2=35.0, η2=0.02, inner_steps=1, epochs=1, batches/epoch=113  [Client 17] Round 2 | Hier-pFedMe(λ2=35.0, K=1) | loss=0.8827
  [Client 14] Round 2 | Hier-pFedMe(λ2=35.0, K=1) | loss=0.8932
  [Client 11] Round 2 | Hier-pFedMe(λ2=35.0, K=1) | loss=0.8872

  [Client 19] Starting Hier-pFedMe | λ2=35.0, η2=0.02, inner_steps=1, epochs=1, batches/epoch=113  [Client 12] Starting Hier-pFedMe | λ2=35.0, η2=0.02, inner_steps=1, epochs=1, batches/epoch=113

  [Client 10] Starting Hier-pFedMe | λ2=35.0, η2=0.02, inner_steps=1, epochs=1, batches/epoch=113
  [Client 19] Round 2 | Hier-pFedMe(λ2=35.0, K=1) | loss=0.9043  [Client 13] Round 2 | Hier-pFedMe(λ2=35.0, K=1) | loss=0.8995
  [Client 12] Round 2 | Hier-pFedMe(λ2=35.0, K=1) | loss=0.8765

  [Client 15] Starting Hier-pFedMe | λ2=35.0, η2=0.02, inner_steps=1, epochs=1, batches/epoch=113  [Client 10] Round 2 | Hier-pFedMe(λ2=35.0, K=1) | loss=0.9268

  [Client 18] Starting Hier-pFedMe | λ2=35.0, η2=0.02, inner_steps=1, epochs=1, batches/epoch=113
  [Client 18] Round 2 | Hier-pFedMe(λ2=35.0, K=1) | loss=0.8935
  [Client 15] Round 2 | Hier-pFedMe(λ2=35.0, K=1) | loss=0.9330
  [Edge 1] G2 | E1 | loss=0.8969
  [Edge 1] G2 | E2 | Hier-pFedMe | Selected 10/10
  [Client 12] Received edge weights.
[C12] Test set: samples=600, class_dist={1: 308, 8: 292}
  [Client 11] Received edge weights.
[C11] Test set: samples=600, class_dist={0: 300, 1: 300}
  [Client 10] Received edge weights.
[C10] Test set: samples=600, class_dist={8: 292, 9: 308}
  [Client 13] Received edge weights.
[C13] Test set: samples=600, class_dist={0: 311, 8: 289}
  [Client 17] Received edge weights.
[C17] Test set: samples=600, class_dist={1: 289, 9: 311}
  [Client 19] Received edge weights.
[C19] Test set: samples=600, class_dist={0: 286, 9: 314}
  [Client 16] Received edge weights.
[C16] Test set: samples=600, class_dist={1: 291, 8: 309}
  [Client 18] Received edge weights.
[C18] Test set: samples=600, class_dist={1: 314, 9: 286}
  [Client 15] Received edge weights.
[C15] Test set: samples=600, class_dist={0: 305, 8: 295}
  [Client 14] Received edge weights.
[C14] Test set: samples=600, class_dist={0: 307, 9: 293}
  [Client 13] Starting Hier-pFedMe | λ2=35.0, η2=0.02, inner_steps=1, epochs=1, batches/epoch=113  [Client 12] Starting Hier-pFedMe | λ2=35.0, η2=0.02, inner_steps=1, epochs=1, batches/epoch=113  [Client 11] Starting Hier-pFedMe | λ2=35.0, η2=0.02, inner_steps=1, epochs=1, batches/epoch=113
  [Client 10] Starting Hier-pFedMe | λ2=35.0, η2=0.02, inner_steps=1, epochs=1, batches/epoch=113


  [Client 11] Round 2 | Hier-pFedMe(λ2=35.0, K=1) | loss=0.8774
  [Client 10] Round 2 | Hier-pFedMe(λ2=35.0, K=1) | loss=0.8743
  [Client 17] Starting Hier-pFedMe | λ2=35.0, η2=0.02, inner_steps=1, epochs=1, batches/epoch=113  [Client 19] Starting Hier-pFedMe | λ2=35.0, η2=0.02, inner_steps=1, epochs=1, batches/epoch=113

  [Client 12] Round 2 | Hier-pFedMe(λ2=35.0, K=1) | loss=0.8798  [Client 13] Round 2 | Hier-pFedMe(λ2=35.0, K=1) | loss=0.8843

  [Client 16] Starting Hier-pFedMe | λ2=35.0, η2=0.02, inner_steps=1, epochs=1, batches/epoch=113  [Client 18] Starting Hier-pFedMe | λ2=35.0, η2=0.02, inner_steps=1, epochs=1, batches/epoch=113

  [Client 19] Round 2 | Hier-pFedMe(λ2=35.0, K=1) | loss=0.8698
  [Client 15] Starting Hier-pFedMe | λ2=35.0, η2=0.02, inner_steps=1, epochs=1, batches/epoch=113
  [Client 17] Round 2 | Hier-pFedMe(λ2=35.0, K=1) | loss=0.8725
  [Client 14] Starting Hier-pFedMe | λ2=35.0, η2=0.02, inner_steps=1, epochs=1, batches/epoch=113
  [Client 16] Round 2 | Hier-pFedMe(λ2=35.0, K=1) | loss=0.8591  [Client 18] Round 2 | Hier-pFedMe(λ2=35.0, K=1) | loss=0.8924

  [Client 15] Round 2 | Hier-pFedMe(λ2=35.0, K=1) | loss=0.9040
  [Client 14] Round 2 | Hier-pFedMe(λ2=35.0, K=1) | loss=0.9189
  [Edge 1] G2 | E2 | loss=0.8833
  [Edge 1] G2 | E3 | Hier-pFedMe | Selected 10/10
  [Client 13] Received edge weights.
[C13] Test set: samples=600, class_dist={0: 311, 8: 289}
  [Client 10] Received edge weights.
[C10] Test set: samples=600, class_dist={8: 292, 9: 308}
  [Client 14] Received edge weights.
[C14] Test set: samples=600, class_dist={0: 307, 9: 293}
  [Client 12] Received edge weights.
[C12] Test set: samples=600, class_dist={1: 308, 8: 292}
  [Client 17] Received edge weights.
[C17] Test set: samples=600, class_dist={1: 289, 9: 311}
  [Client 18] Received edge weights.
[C18] Test set: samples=600, class_dist={1: 314, 9: 286}
  [Client 16] Received edge weights.
[C16] Test set: samples=600, class_dist={1: 291, 8: 309}
  [Client 19] Received edge weights.
[C19] Test set: samples=600, class_dist={0: 286, 9: 314}
  [Client 15] Received edge weights.
[C15] Test set: samples=600, class_dist={0: 305, 8: 295}
  [Client 11] Received edge weights.
[C11] Test set: samples=600, class_dist={0: 300, 1: 300}
  [Client 13] Starting Hier-pFedMe | λ2=35.0, η2=0.02, inner_steps=1, epochs=1, batches/epoch=113  [Client 14] Starting Hier-pFedMe | λ2=35.0, η2=0.02, inner_steps=1, epochs=1, batches/epoch=113  [Client 12] Starting Hier-pFedMe | λ2=35.0, η2=0.02, inner_steps=1, epochs=1, batches/epoch=113

  [Client 10] Starting Hier-pFedMe | λ2=35.0, η2=0.02, inner_steps=1, epochs=1, batches/epoch=113

  [Client 12] Round 2 | Hier-pFedMe(λ2=35.0, K=1) | loss=0.8843
  [Client 13] Round 2 | Hier-pFedMe(λ2=35.0, K=1) | loss=0.8965
  [Client 17] Starting Hier-pFedMe | λ2=35.0, η2=0.02, inner_steps=1, epochs=1, batches/epoch=113
  [Client 14] Round 2 | Hier-pFedMe(λ2=35.0, K=1) | loss=0.8746  [Client 18] Starting Hier-pFedMe | λ2=35.0, η2=0.02, inner_steps=1, epochs=1, batches/epoch=113

  [Client 10] Round 2 | Hier-pFedMe(λ2=35.0, K=1) | loss=0.8804
  [Client 16] Starting Hier-pFedMe | λ2=35.0, η2=0.02, inner_steps=1, epochs=1, batches/epoch=113
  [Client 19] Starting Hier-pFedMe | λ2=35.0, η2=0.02, inner_steps=1, epochs=1, batches/epoch=113
