This job can be monitored from: https://job.c3se.chalmers.se/alvis/6656424
========================================
Job ID      : 6656424
Job Name    : HierFLcifar10
Node        : alvis9-10
Start Time  : Thu May 21 01:18:17 CEST 2026
Working Dir : /cephyr/users/ziangg/Alvis/tf-dpfl
========================================
[Setup] Python: /cephyr/users/ziangg/Alvis/tf-dpfl/bin/python
[Setup] TF version: 2.15.1
[Setup] GPU available: [PhysicalDevice(name='/physical_device:GPU:0', device_type='GPU')]
[Config] Override: wandb.enabled = True
[Setup] Random seed: 42
[Setup] Loading dataset...
[Data] CIFAR-10 from Mimer: /mimer/NOBACKUP/Datasets/CIFAR
[Setup] Building global model...
Model: "fedavg_cnn"
_________________________________________________________________
 Layer (type)                Output Shape              Param #   
=================================================================
 input_1 (InputLayer)        [(None, 32, 32, 3)]       0         
                                                                 
 conv2d (Conv2D)             (None, 28, 28, 32)        2432      
                                                                 
 max_pooling2d (MaxPooling2  (None, 14, 14, 32)        0         
 D)                                                              
                                                                 
 conv2d_1 (Conv2D)           (None, 10, 10, 64)        51264     
                                                                 
 max_pooling2d_1 (MaxPoolin  (None, 5, 5, 64)          0         
 g2D)                                                            
                                                                 
 flatten (Flatten)           (None, 1600)              0         
                                                                 
 dense (Dense)               (None, 512)               819712    
                                                                 
 dense_1 (Dense)             (None, 10)                5130      
                                                                 
=================================================================
Total params: 878538 (3.35 MB)
Trainable params: 878538 (3.35 MB)
Non-trainable params: 0 (0.00 Byte)
_________________________________________________________________
[Setup] Building clients...

[Superclass-aware partition] 2 edges, 2 classes/client

  Edge 0 (class pool: [2, 3, 4, 5, 6, 7]):
  Client       Samples    Classes held                        Out-of-pool?
  ---------------------------------------------------------------------------
  client_0     4000       [3, 6]                              OK
  client_1     4000       [3, 6]                              OK
  client_2     4000       [2, 5]                              OK
  client_3     4000       [5, 7]                              OK
  client_4     4000       [2, 7]                              OK
  client_5     4000       [2, 4]                              OK
  client_6     4000       [6, 7]                              OK
  client_7     4000       [3, 5]                              OK
  client_8     2000       [4]                                 OK
  client_9     2000       [4]                                 OK

  Edge 1 (class pool: [0, 1, 8, 9]):
  Client       Samples    Classes held                        Out-of-pool?
  ---------------------------------------------------------------------------
  client_10    2400       [8, 9]                              OK
  client_11    2400       [0, 1]                              OK
  client_12    2400       [1, 8]                              OK
  client_13    2400       [0, 8]                              OK
  client_14    2400       [0, 9]                              OK
  client_15    2400       [0, 8]                              OK
  client_16    2400       [1, 8]                              OK
  client_17    2400       [1, 9]                              OK
  client_18    2400       [1, 9]                              OK
  client_19    2400       [0, 9]                              OK

[Train/Test split] 20 clients | avg train=2250, avg test=750 samples (ratio=0.25)
[Setup] 20 clients built (superclass_pathological) | per-client test sets injected
[Setup] Building edge servers...
[Assignment] Using pre-baked superclass assignments | 2 edges
[EdgeServer 0] 10 clients | 27000 samples
[EdgeServer 1] 10 clients | 18000 samples

[Setup] Built 2 edge servers (strategy=superclass_baked)
  Edge 0: 10 clients | 27000 samples
  Edge 1: 10 clients | 18000 samples
[Setup] Building per-edge test datasets (superclass-aware)...
[CloudServer] 2 edges | model: 3.35 MB

====================================================
 HierFAVG Training Start
====================================================

[Round   1] Broadcasting to 2 edges...
  [Edge 0] W_n reset to global weights for new round.
  [Edge 1] W_n reset to global weights for new round.
  [Edge 0] G1 | E1 | Hier-pFedMe | Selected 10/10
  [Client  3] Received edge weights.
[C3] Test set: samples=1000, class_dist={5: 506, 7: 494}
  [Client  6] Received edge weights.
[C6] Test set: samples=1000, class_dist={6: 493, 7: 507}
  [Client  9] Received edge weights.
[C9] Test set: samples=500, class_dist={4: 500}
  [Client  8] Received edge weights.
[C8] Test set: samples=500, class_dist={4: 500}
  [Client  7] Received edge weights.
[C7] Test set: samples=1000, class_dist={3: 485, 5: 515}
  [Client  1] Received edge weights.
[C1] Test set: samples=1000, class_dist={3: 515, 6: 485}
  [Client  4] Received edge weights.
[C4] Test set: samples=1000, class_dist={2: 507, 7: 493}
  [Client  0] Received edge weights.
[C0] Test set: samples=1000, class_dist={3: 511, 6: 489}
  [Client  5] Received edge weights.
[C5] Test set: samples=1000, class_dist={2: 510, 4: 490}
  [Client  2] Received edge weights.
[C2] Test set: samples=1000, class_dist={2: 507, 5: 493}
  [Client  9] Starting Hier-pFedMe | λ2=35.0, η2=0.02, inner_steps=1, epochs=1, batches/epoch=94  [Client  6] Starting Hier-pFedMe | λ2=35.0, η2=0.02, inner_steps=1, epochs=1, batches/epoch=188  [Client  3] Starting Hier-pFedMe | λ2=35.0, η2=0.02, inner_steps=1, epochs=1, batches/epoch=188
  [Client  8] Starting Hier-pFedMe | λ2=35.0, η2=0.02, inner_steps=1, epochs=1, batches/epoch=94


  [Client  8] Round 1 | Hier-pFedMe(λ2=35.0, K=1) | loss=0.1052
  [Client  7] Starting Hier-pFedMe | λ2=35.0, η2=0.02, inner_steps=1, epochs=1, batches/epoch=188
  [Client  9] Round 1 | Hier-pFedMe(λ2=35.0, K=1) | loss=0.1071
  [Client  1] Starting Hier-pFedMe | λ2=35.0, η2=0.02, inner_steps=1, epochs=1, batches/epoch=188
  [Client  6] Round 1 | Hier-pFedMe(λ2=35.0, K=1) | loss=0.8671
  [Client  4] Starting Hier-pFedMe | λ2=35.0, η2=0.02, inner_steps=1, epochs=1, batches/epoch=188
  [Client  3] Round 1 | Hier-pFedMe(λ2=35.0, K=1) | loss=0.8836
  [Client  0] Starting Hier-pFedMe | λ2=35.0, η2=0.02, inner_steps=1, epochs=1, batches/epoch=188
  [Client  1] Round 1 | Hier-pFedMe(λ2=35.0, K=1) | loss=0.9380
  [Client  5] Starting Hier-pFedMe | λ2=35.0, η2=0.02, inner_steps=1, epochs=1, batches/epoch=188
  [Client  7] Round 1 | Hier-pFedMe(λ2=35.0, K=1) | loss=0.8889
  [Client  2] Starting Hier-pFedMe | λ2=35.0, η2=0.02, inner_steps=1, epochs=1, batches/epoch=188
  [Client  4] Round 1 | Hier-pFedMe(λ2=35.0, K=1) | loss=0.9019
  [Client  0] Round 1 | Hier-pFedMe(λ2=35.0, K=1) | loss=0.8733
  [Client  5] Round 1 | Hier-pFedMe(λ2=35.0, K=1) | loss=0.8989
  [Client  2] Round 1 | Hier-pFedMe(λ2=35.0, K=1) | loss=0.9070
  [Edge 0] G1 | E1 | loss=0.8072
  [Edge 0] G1 | E2 | Hier-pFedMe | Selected 10/10
  [Client  3] Received edge weights.
[C3] Test set: samples=1000, class_dist={5: 506, 7: 494}
  [Client  0] Received edge weights.
[C0] Test set: samples=1000, class_dist={3: 511, 6: 489}
  [Client  7] Received edge weights.
[C7] Test set: samples=1000, class_dist={3: 485, 5: 515}
  [Client  9] Received edge weights.
[C9] Test set: samples=500, class_dist={4: 500}
  [Client  6] Received edge weights.
[C6] Test set: samples=1000, class_dist={6: 493, 7: 507}
  [Client  4] Received edge weights.
[C4] Test set: samples=1000, class_dist={2: 507, 7: 493}
  [Client  2] Received edge weights.
[C2] Test set: samples=1000, class_dist={2: 507, 5: 493}
  [Client  8] Received edge weights.
[C8] Test set: samples=500, class_dist={4: 500}
  [Client  5] Received edge weights.
[C5] Test set: samples=1000, class_dist={2: 510, 4: 490}
  [Client  1] Received edge weights.
[C1] Test set: samples=1000, class_dist={3: 515, 6: 485}
  [Client  3] Starting Hier-pFedMe | λ2=35.0, η2=0.02, inner_steps=1, epochs=1, batches/epoch=188  [Client  7] Starting Hier-pFedMe | λ2=35.0, η2=0.02, inner_steps=1, epochs=1, batches/epoch=188

  [Client  0] Starting Hier-pFedMe | λ2=35.0, η2=0.02, inner_steps=1, epochs=1, batches/epoch=188  [Client  9] Starting Hier-pFedMe | λ2=35.0, η2=0.02, inner_steps=1, epochs=1, batches/epoch=94

  [Client  9] Round 1 | Hier-pFedMe(λ2=35.0, K=1) | loss=0.1333
  [Client  6] Starting Hier-pFedMe | λ2=35.0, η2=0.02, inner_steps=1, epochs=1, batches/epoch=188
  [Client  3] Round 1 | Hier-pFedMe(λ2=35.0, K=1) | loss=0.8874
  [Client  4] Starting Hier-pFedMe | λ2=35.0, η2=0.02, inner_steps=1, epochs=1, batches/epoch=188
  [Client  7] Round 1 | Hier-pFedMe(λ2=35.0, K=1) | loss=0.8844
  [Client  2] Starting Hier-pFedMe | λ2=35.0, η2=0.02, inner_steps=1, epochs=1, batches/epoch=188
  [Client  0] Round 1 | Hier-pFedMe(λ2=35.0, K=1) | loss=0.8970
  [Client  8] Starting Hier-pFedMe | λ2=35.0, η2=0.02, inner_steps=1, epochs=1, batches/epoch=94
  [Client  8] Round 1 | Hier-pFedMe(λ2=35.0, K=1) | loss=0.1264
  [Client  6] Round 1 | Hier-pFedMe(λ2=35.0, K=1) | loss=0.8848
  [Client  5] Starting Hier-pFedMe | λ2=35.0, η2=0.02, inner_steps=1, epochs=1, batches/epoch=188  [Client  1] Starting Hier-pFedMe | λ2=35.0, η2=0.02, inner_steps=1, epochs=1, batches/epoch=188

  [Client  2] Round 1 | Hier-pFedMe(λ2=35.0, K=1) | loss=0.8881
  [Client  4] Round 1 | Hier-pFedMe(λ2=35.0, K=1) | loss=0.9211
  [Client  1] Round 1 | Hier-pFedMe(λ2=35.0, K=1) | loss=0.9140
  [Client  5] Round 1 | Hier-pFedMe(λ2=35.0, K=1) | loss=0.9112
  [Edge 0] G1 | E2 | loss=0.8131
  [Edge 0] G1 | E3 | Hier-pFedMe | Selected 10/10
  [Client  9] Received edge weights.
[C9] Test set: samples=500, class_dist={4: 500}
  [Client  7] Received edge weights.
[C7] Test set: samples=1000, class_dist={3: 485, 5: 515}
  [Client  8] Received edge weights.
[C8] Test set: samples=500, class_dist={4: 500}
  [Client  6] Received edge weights.
[C6] Test set: samples=1000, class_dist={6: 493, 7: 507}
  [Client  4] Received edge weights.
[C4] Test set: samples=1000, class_dist={2: 507, 7: 493}
  [Client  1] Received edge weights.
[C1] Test set: samples=1000, class_dist={3: 515, 6: 485}
  [Client  0] Received edge weights.
[C0] Test set: samples=1000, class_dist={3: 511, 6: 489}
  [Client  3] Received edge weights.
[C3] Test set: samples=1000, class_dist={5: 506, 7: 494}
  [Client  5] Received edge weights.
[C5] Test set: samples=1000, class_dist={2: 510, 4: 490}
  [Client  2] Received edge weights.
[C2] Test set: samples=1000, class_dist={2: 507, 5: 493}
  [Client  6] Starting Hier-pFedMe | λ2=35.0, η2=0.02, inner_steps=1, epochs=1, batches/epoch=188  [Client  9] Starting Hier-pFedMe | λ2=35.0, η2=0.02, inner_steps=1, epochs=1, batches/epoch=94  [Client  7] Starting Hier-pFedMe | λ2=35.0, η2=0.02, inner_steps=1, epochs=1, batches/epoch=188  [Client  8] Starting Hier-pFedMe | λ2=35.0, η2=0.02, inner_steps=1, epochs=1, batches/epoch=94



  [Client  9] Round 1 | Hier-pFedMe(λ2=35.0, K=1) | loss=0.1037
  [Client  8] Round 1 | Hier-pFedMe(λ2=35.0, K=1) | loss=0.1001
  [Client  4] Starting Hier-pFedMe | λ2=35.0, η2=0.02, inner_steps=1, epochs=1, batches/epoch=188  [Client  1] Starting Hier-pFedMe | λ2=35.0, η2=0.02, inner_steps=1, epochs=1, batches/epoch=188

  [Client  6] Round 1 | Hier-pFedMe(λ2=35.0, K=1) | loss=0.8815  [Client  7] Round 1 | Hier-pFedMe(λ2=35.0, K=1) | loss=0.8750

  [Client  0] Starting Hier-pFedMe | λ2=35.0, η2=0.02, inner_steps=1, epochs=1, batches/epoch=188  [Client  3] Starting Hier-pFedMe | λ2=35.0, η2=0.02, inner_steps=1, epochs=1, batches/epoch=188

  [Client  4] Round 1 | Hier-pFedMe(λ2=35.0, K=1) | loss=0.8946
  [Client  5] Starting Hier-pFedMe | λ2=35.0, η2=0.02, inner_steps=1, epochs=1, batches/epoch=188  [Client  1] Round 1 | Hier-pFedMe(λ2=35.0, K=1) | loss=0.8974

  [Client  2] Starting Hier-pFedMe | λ2=35.0, η2=0.02, inner_steps=1, epochs=1, batches/epoch=188
  [Client  3] Round 1 | Hier-pFedMe(λ2=35.0, K=1) | loss=0.8678
  [Client  0] Round 1 | Hier-pFedMe(λ2=35.0, K=1) | loss=0.8876
  [Client  5] Round 1 | Hier-pFedMe(λ2=35.0, K=1) | loss=0.9045
  [Client  2] Round 1 | Hier-pFedMe(λ2=35.0, K=1) | loss=0.9074
  [Edge 0] G1 | E3 | loss=0.8020
  [Edge 0] G1 | E4 | Hier-pFedMe | Selected 10/10
  [Client  8] Received edge weights.
[C8] Test set: samples=500, class_dist={4: 500}
  [Client  6] Received edge weights.
[C6] Test set: samples=1000, class_dist={6: 493, 7: 507}
  [Client  0] Received edge weights.
[C0] Test set: samples=1000, class_dist={3: 511, 6: 489}
  [Client  9] Received edge weights.
[C9] Test set: samples=500, class_dist={4: 500}
  [Client  7] Received edge weights.
[C7] Test set: samples=1000, class_dist={3: 485, 5: 515}
  [Client  3] Received edge weights.
[C3] Test set: samples=1000, class_dist={5: 506, 7: 494}
  [Client  5] Received edge weights.
[C5] Test set: samples=1000, class_dist={2: 510, 4: 490}
  [Client  2] Received edge weights.
[C2] Test set: samples=1000, class_dist={2: 507, 5: 493}
  [Client  1] Received edge weights.
[C1] Test set: samples=1000, class_dist={3: 515, 6: 485}
  [Client  4] Received edge weights.
[C4] Test set: samples=1000, class_dist={2: 507, 7: 493}
  [Client  6] Starting Hier-pFedMe | λ2=35.0, η2=0.02, inner_steps=1, epochs=1, batches/epoch=188  [Client  8] Starting Hier-pFedMe | λ2=35.0, η2=0.02, inner_steps=1, epochs=1, batches/epoch=94

  [Client  9] Starting Hier-pFedMe | λ2=35.0, η2=0.02, inner_steps=1, epochs=1, batches/epoch=94  [Client  0] Starting Hier-pFedMe | λ2=35.0, η2=0.02, inner_steps=1, epochs=1, batches/epoch=188

  [Client  8] Round 1 | Hier-pFedMe(λ2=35.0, K=1) | loss=0.1107
  [Client  7] Starting Hier-pFedMe | λ2=35.0, η2=0.02, inner_steps=1, epochs=1, batches/epoch=188
  [Client  9] Round 1 | Hier-pFedMe(λ2=35.0, K=1) | loss=0.1181
  [Client  3] Starting Hier-pFedMe | λ2=35.0, η2=0.02, inner_steps=1, epochs=1, batches/epoch=188
  [Client  6] Round 1 | Hier-pFedMe(λ2=35.0, K=1) | loss=0.8786
  [Client  5] Starting Hier-pFedMe | λ2=35.0, η2=0.02, inner_steps=1, epochs=1, batches/epoch=188
  [Client  0] Round 1 | Hier-pFedMe(λ2=35.0, K=1) | loss=0.8848
  [Client  2] Starting Hier-pFedMe | λ2=35.0, η2=0.02, inner_steps=1, epochs=1, batches/epoch=188
  [Client  7] Round 1 | Hier-pFedMe(λ2=35.0, K=1) | loss=0.8867
  [Client  3] Round 1 | Hier-pFedMe(λ2=35.0, K=1) | loss=0.8791
  [Client  1] Starting Hier-pFedMe | λ2=35.0, η2=0.02, inner_steps=1, epochs=1, batches/epoch=188
  [Client  4] Starting Hier-pFedMe | λ2=35.0, η2=0.02, inner_steps=1, epochs=1, batches/epoch=188
  [Client  2] Round 1 | Hier-pFedMe(λ2=35.0, K=1) | loss=0.9082
  [Client  5] Round 1 | Hier-pFedMe(λ2=35.0, K=1) | loss=0.8944
  [Client  4] Round 1 | Hier-pFedMe(λ2=35.0, K=1) | loss=0.9128
  [Client  1] Round 1 | Hier-pFedMe(λ2=35.0, K=1) | loss=0.8990
  [Edge 0] G1 | E4 | loss=0.8064
  [Edge 0] G1 | E5 | Hier-pFedMe | Selected 10/10
  [Client  8] Received edge weights.
[C8] Test set: samples=500, class_dist={4: 500}
  [Client  1] Received edge weights.
[C1] Test set: samples=1000, class_dist={3: 515, 6: 485}
  [Client  7] Received edge weights.
[C7] Test set: samples=1000, class_dist={3: 485, 5: 515}
  [Client  4] Received edge weights.
[C4] Test set: samples=1000, class_dist={2: 507, 7: 493}
  [Client  5] Received edge weights.
[C5] Test set: samples=1000, class_dist={2: 510, 4: 490}
  [Client  9] Received edge weights.
[C9] Test set: samples=500, class_dist={4: 500}
  [Client  3] Received edge weights.
[C3] Test set: samples=1000, class_dist={5: 506, 7: 494}
  [Client  0] Received edge weights.
[C0] Test set: samples=1000, class_dist={3: 511, 6: 489}
  [Client  6] Received edge weights.
[C6] Test set: samples=1000, class_dist={6: 493, 7: 507}
  [Client  2] Received edge weights.
[C2] Test set: samples=1000, class_dist={2: 507, 5: 493}
  [Client  1] Starting Hier-pFedMe | λ2=35.0, η2=0.02, inner_steps=1, epochs=1, batches/epoch=188  [Client  7] Starting Hier-pFedMe | λ2=35.0, η2=0.02, inner_steps=1, epochs=1, batches/epoch=188

  [Client  8] Starting Hier-pFedMe | λ2=35.0, η2=0.02, inner_steps=1, epochs=1, batches/epoch=94  [Client  4] Starting Hier-pFedMe | λ2=35.0, η2=0.02, inner_steps=1, epochs=1, batches/epoch=188

  [Client  8] Round 1 | Hier-pFedMe(λ2=35.0, K=1) | loss=0.1066
  [Client  5] Starting Hier-pFedMe | λ2=35.0, η2=0.02, inner_steps=1, epochs=1, batches/epoch=188
  [Client  7] Round 1 | Hier-pFedMe(λ2=35.0, K=1) | loss=0.8976
  [Client  1] Round 1 | Hier-pFedMe(λ2=35.0, K=1) | loss=0.8902
  [Client  9] Starting Hier-pFedMe | λ2=35.0, η2=0.02, inner_steps=1, epochs=1, batches/epoch=94
  [Client  3] Starting Hier-pFedMe | λ2=35.0, η2=0.02, inner_steps=1, epochs=1, batches/epoch=188
  [Client  4] Round 1 | Hier-pFedMe(λ2=35.0, K=1) | loss=0.8715
  [Client  0] Starting Hier-pFedMe | λ2=35.0, η2=0.02, inner_steps=1, epochs=1, batches/epoch=188
  [Client  9] Round 1 | Hier-pFedMe(λ2=35.0, K=1) | loss=0.1080
  [Client  6] Starting Hier-pFedMe | λ2=35.0, η2=0.02, inner_steps=1, epochs=1, batches/epoch=188
  [Client  5] Round 1 | Hier-pFedMe(λ2=35.0, K=1) | loss=0.9029
  [Client  2] Starting Hier-pFedMe | λ2=35.0, η2=0.02, inner_steps=1, epochs=1, batches/epoch=188
  [Client  3] Round 1 | Hier-pFedMe(λ2=35.0, K=1) | loss=0.8913  [Client  0] Round 1 | Hier-pFedMe(λ2=35.0, K=1) | loss=0.8788

  [Client  6] Round 1 | Hier-pFedMe(λ2=35.0, K=1) | loss=0.8689
  [Client  2] Round 1 | Hier-pFedMe(λ2=35.0, K=1) | loss=0.8963
  [Edge 0] G1 | E5 | loss=0.8005
  [Edge 1] G1 | E1 | Hier-pFedMe | Selected 10/10
  [Client 10] Received edge weights.
[C10] Test set: samples=600, class_dist={8: 292, 9: 308}
  [Client 19] Received edge weights.
[C19] Test set: samples=600, class_dist={0: 286, 9: 314}
  [Client 13] Received edge weights.
[C13] Test set: samples=600, class_dist={0: 311, 8: 289}
  [Client 17] Received edge weights.
[C17] Test set: samples=600, class_dist={1: 289, 9: 311}
  [Client 12] Received edge weights.
[C12] Test set: samples=600, class_dist={1: 308, 8: 292}
  [Client 14] Received edge weights.
[C14] Test set: samples=600, class_dist={0: 307, 9: 293}
  [Client 15] Received edge weights.
[C15] Test set: samples=600, class_dist={0: 305, 8: 295}
  [Client 11] Received edge weights.
[C11] Test set: samples=600, class_dist={0: 300, 1: 300}
  [Client 16] Received edge weights.
[C16] Test set: samples=600, class_dist={1: 291, 8: 309}
  [Client 18] Received edge weights.
[C18] Test set: samples=600, class_dist={1: 314, 9: 286}
  [Client 10] Starting Hier-pFedMe | λ2=35.0, η2=0.02, inner_steps=1, epochs=1, batches/epoch=113  [Client 19] Starting Hier-pFedMe | λ2=35.0, η2=0.02, inner_steps=1, epochs=1, batches/epoch=113  [Client 13] Starting Hier-pFedMe | λ2=35.0, η2=0.02, inner_steps=1, epochs=1, batches/epoch=113
  [Client 17] Starting Hier-pFedMe | λ2=35.0, η2=0.02, inner_steps=1, epochs=1, batches/epoch=113


  [Client 17] Round 1 | Hier-pFedMe(λ2=35.0, K=1) | loss=0.8765
  [Client 12] Starting Hier-pFedMe | λ2=35.0, η2=0.02, inner_steps=1, epochs=1, batches/epoch=113
  [Client 10] Round 1 | Hier-pFedMe(λ2=35.0, K=1) | loss=0.8777
  [Client 14] Starting Hier-pFedMe | λ2=35.0, η2=0.02, inner_steps=1, epochs=1, batches/epoch=113
  [Client 13] Round 1 | Hier-pFedMe(λ2=35.0, K=1) | loss=0.9083
  [Client 15] Starting Hier-pFedMe | λ2=35.0, η2=0.02, inner_steps=1, epochs=1, batches/epoch=113
  [Client 19] Round 1 | Hier-pFedMe(λ2=35.0, K=1) | loss=0.8440
  [Client 11] Starting Hier-pFedMe | λ2=35.0, η2=0.02, inner_steps=1, epochs=1, batches/epoch=113
  [Client 12] Round 1 | Hier-pFedMe(λ2=35.0, K=1) | loss=0.8977
  [Client 16] Starting Hier-pFedMe | λ2=35.0, η2=0.02, inner_steps=1, epochs=1, batches/epoch=113
  [Client 15] Round 1 | Hier-pFedMe(λ2=35.0, K=1) | loss=0.9109
  [Client 18] Starting Hier-pFedMe | λ2=35.0, η2=0.02, inner_steps=1, epochs=1, batches/epoch=113
  [Client 14] Round 1 | Hier-pFedMe(λ2=35.0, K=1) | loss=0.8382
  [Client 11] Round 1 | Hier-pFedMe(λ2=35.0, K=1) | loss=0.8405
  [Client 16] Round 1 | Hier-pFedMe(λ2=35.0, K=1) | loss=0.8843
  [Client 18] Round 1 | Hier-pFedMe(λ2=35.0, K=1) | loss=0.8777
  [Edge 1] G1 | E1 | loss=0.8756
  [Edge 1] G1 | E2 | Hier-pFedMe | Selected 10/10
  [Client 11] Received edge weights.
[C11] Test set: samples=600, class_dist={0: 300, 1: 300}
  [Client 15] Received edge weights.
[C15] Test set: samples=600, class_dist={0: 305, 8: 295}
  [Client 19] Received edge weights.
[C19] Test set: samples=600, class_dist={0: 286, 9: 314}
  [Client 16] Received edge weights.
[C16] Test set: samples=600, class_dist={1: 291, 8: 309}
  [Client 18] Received edge weights.
[C18] Test set: samples=600, class_dist={1: 314, 9: 286}
  [Client 14] Received edge weights.
[C14] Test set: samples=600, class_dist={0: 307, 9: 293}
  [Client 17] Received edge weights.
[C17] Test set: samples=600, class_dist={1: 289, 9: 311}
  [Client 12] Received edge weights.
[C12] Test set: samples=600, class_dist={1: 308, 8: 292}
  [Client 13] Received edge weights.
[C13] Test set: samples=600, class_dist={0: 311, 8: 289}
  [Client 10] Received edge weights.
[C10] Test set: samples=600, class_dist={8: 292, 9: 308}
  [Client 15] Starting Hier-pFedMe | λ2=35.0, η2=0.02, inner_steps=1, epochs=1, batches/epoch=113
  [Client 11] Starting Hier-pFedMe | λ2=35.0, η2=0.02, inner_steps=1, epochs=1, batches/epoch=113
  [Client 16] Starting Hier-pFedMe | λ2=35.0, η2=0.02, inner_steps=1, epochs=1, batches/epoch=113  [Client 19] Starting Hier-pFedMe | λ2=35.0, η2=0.02, inner_steps=1, epochs=1, batches/epoch=113

  [Client 15] Round 1 | Hier-pFedMe(λ2=35.0, K=1) | loss=0.9171
  [Client 18] Starting Hier-pFedMe | λ2=35.0, η2=0.02, inner_steps=1, epochs=1, batches/epoch=113
  [Client 16] Round 1 | Hier-pFedMe(λ2=35.0, K=1) | loss=0.8843
  [Client 14] Starting Hier-pFedMe | λ2=35.0, η2=0.02, inner_steps=1, epochs=1, batches/epoch=113
  [Client 11] Round 1 | Hier-pFedMe(λ2=35.0, K=1) | loss=0.8882  [Client 19] Round 1 | Hier-pFedMe(λ2=35.0, K=1) | loss=0.8906

  [Client 17] Starting Hier-pFedMe | λ2=35.0, η2=0.02, inner_steps=1, epochs=1, batches/epoch=113  [Client 12] Starting Hier-pFedMe | λ2=35.0, η2=0.02, inner_steps=1, epochs=1, batches/epoch=113

  [Client 18] Round 1 | Hier-pFedMe(λ2=35.0, K=1) | loss=0.8987
  [Client 13] Starting Hier-pFedMe | λ2=35.0, η2=0.02, inner_steps=1, epochs=1, batches/epoch=113
  [Client 14] Round 1 | Hier-pFedMe(λ2=35.0, K=1) | loss=0.8791
  [Client 10] Starting Hier-pFedMe | λ2=35.0, η2=0.02, inner_steps=1, epochs=1, batches/epoch=113
  [Client 12] Round 1 | Hier-pFedMe(λ2=35.0, K=1) | loss=0.8997
  [Client 17] Round 1 | Hier-pFedMe(λ2=35.0, K=1) | loss=0.9200
  [Client 13] Round 1 | Hier-pFedMe(λ2=35.0, K=1) | loss=0.8852
  [Client 10] Round 1 | Hier-pFedMe(λ2=35.0, K=1) | loss=0.8929
  [Edge 1] G1 | E2 | loss=0.8956
  [Edge 1] G1 | E3 | Hier-pFedMe | Selected 10/10
  [Client 10] Received edge weights.
[C10] Test set: samples=600, class_dist={8: 292, 9: 308}
  [Client 14] Received edge weights.
[C14] Test set: samples=600, class_dist={0: 307, 9: 293}
  [Client 15] Received edge weights.
[C15] Test set: samples=600, class_dist={0: 305, 8: 295}
  [Client 12] Received edge weights.
[C12] Test set: samples=600, class_dist={1: 308, 8: 292}
  [Client 18] Received edge weights.
[C18] Test set: samples=600, class_dist={1: 314, 9: 286}
  [Client 11] Received edge weights.
[C11] Test set: samples=600, class_dist={0: 300, 1: 300}
  [Client 16] Received edge weights.
[C16] Test set: samples=600, class_dist={1: 291, 8: 309}
  [Client 13] Received edge weights.
[C13] Test set: samples=600, class_dist={0: 311, 8: 289}
  [Client 17] Received edge weights.
[C17] Test set: samples=600, class_dist={1: 289, 9: 311}
  [Client 19] Received edge weights.
[C19] Test set: samples=600, class_dist={0: 286, 9: 314}
  [Client 14] Starting Hier-pFedMe | λ2=35.0, η2=0.02, inner_steps=1, epochs=1, batches/epoch=113  [Client 15] Starting Hier-pFedMe | λ2=35.0, η2=0.02, inner_steps=1, epochs=1, batches/epoch=113  [Client 12] Starting Hier-pFedMe | λ2=35.0, η2=0.02, inner_steps=1, epochs=1, batches/epoch=113  [Client 10] Starting Hier-pFedMe | λ2=35.0, η2=0.02, inner_steps=1, epochs=1, batches/epoch=113



  [Client 15] Round 1 | Hier-pFedMe(λ2=35.0, K=1) | loss=0.9039
  [Client 18] Starting Hier-pFedMe | λ2=35.0, η2=0.02, inner_steps=1, epochs=1, batches/epoch=113
  [Client 10] Round 1 | Hier-pFedMe(λ2=35.0, K=1) | loss=0.9020
  [Client 14] Round 1 | Hier-pFedMe(λ2=35.0, K=1) | loss=0.8912
  [Client 12] Round 1 | Hier-pFedMe(λ2=35.0, K=1) | loss=0.8694  [Client 11] Starting Hier-pFedMe | λ2=35.0, η2=0.02, inner_steps=1, epochs=1, batches/epoch=113
  [Client 16] Starting Hier-pFedMe | λ2=35.0, η2=0.02, inner_steps=1, epochs=1, batches/epoch=113

  [Client 13] Starting Hier-pFedMe | λ2=35.0, η2=0.02, inner_steps=1, epochs=1, batches/epoch=113
  [Client 18] Round 1 | Hier-pFedMe(λ2=35.0, K=1) | loss=0.8803
  [Client 11] Round 1 | Hier-pFedMe(λ2=35.0, K=1) | loss=0.8613
  [Client 17] Starting Hier-pFedMe | λ2=35.0, η2=0.02, inner_steps=1, epochs=1, batches/epoch=113
  [Client 19] Starting Hier-pFedMe | λ2=35.0, η2=0.02, inner_steps=1, epochs=1, batches/epoch=113
  [Client 16] Round 1 | Hier-pFedMe(λ2=35.0, K=1) | loss=0.8761
  [Client 13] Round 1 | Hier-pFedMe(λ2=35.0, K=1) | loss=0.8921
  [Client 17] Round 1 | Hier-pFedMe(λ2=35.0, K=1) | loss=0.8643
  [Client 19] Round 1 | Hier-pFedMe(λ2=35.0, K=1) | loss=0.8749
  [Edge 1] G1 | E3 | loss=0.8816
  [Edge 1] G1 | E4 | Hier-pFedMe | Selected 10/10
  [Client 12] Received edge weights.
[C12] Test set: samples=600, class_dist={1: 308, 8: 292}
  [Client 18] Received edge weights.
[C18] Test set: samples=600, class_dist={1: 314, 9: 286}
  [Client 14] Received edge weights.
[C14] Test set: samples=600, class_dist={0: 307, 9: 293}
  [Client 15] Received edge weights.
[C15] Test set: samples=600, class_dist={0: 305, 8: 295}
  [Client 10] Received edge weights.
[C10] Test set: samples=600, class_dist={8: 292, 9: 308}
  [Client 13] Received edge weights.
[C13] Test set: samples=600, class_dist={0: 311, 8: 289}
  [Client 11] Received edge weights.
[C11] Test set: samples=600, class_dist={0: 300, 1: 300}
  [Client 16] Received edge weights.
[C16] Test set: samples=600, class_dist={1: 291, 8: 309}
  [Client 19] Received edge weights.
[C19] Test set: samples=600, class_dist={0: 286, 9: 314}
  [Client 17] Received edge weights.
[C17] Test set: samples=600, class_dist={1: 289, 9: 311}
  [Client 18] Starting Hier-pFedMe | λ2=35.0, η2=0.02, inner_steps=1, epochs=1, batches/epoch=113  [Client 12] Starting Hier-pFedMe | λ2=35.0, η2=0.02, inner_steps=1, epochs=1, batches/epoch=113  [Client 15] Starting Hier-pFedMe | λ2=35.0, η2=0.02, inner_steps=1, epochs=1, batches/epoch=113

  [Client 14] Starting Hier-pFedMe | λ2=35.0, η2=0.02, inner_steps=1, epochs=1, batches/epoch=113

  [Client 15] Round 1 | Hier-pFedMe(λ2=35.0, K=1) | loss=0.9179  [Client 18] Round 1 | Hier-pFedMe(λ2=35.0, K=1) | loss=0.8813

  [Client 12] Round 1 | Hier-pFedMe(λ2=35.0, K=1) | loss=0.8969
  [Client 10] Starting Hier-pFedMe | λ2=35.0, η2=0.02, inner_steps=1, epochs=1, batches/epoch=113  [Client 11] Starting Hier-pFedMe | λ2=35.0, η2=0.02, inner_steps=1, epochs=1, batches/epoch=113
  [Client 13] Starting Hier-pFedMe | λ2=35.0, η2=0.02, inner_steps=1, epochs=1, batches/epoch=113
  [Client 14] Round 1 | Hier-pFedMe(λ2=35.0, K=1) | loss=0.8948

  [Client 16] Starting Hier-pFedMe | λ2=35.0, η2=0.02, inner_steps=1, epochs=1, batches/epoch=113
  [Client 11] Round 1 | Hier-pFedMe(λ2=35.0, K=1) | loss=0.8656
  [Client 13] Round 1 | Hier-pFedMe(λ2=35.0, K=1) | loss=0.8818
  [Client 19] Starting Hier-pFedMe | λ2=35.0, η2=0.02, inner_steps=1, epochs=1, batches/epoch=113
  [Client 17] Starting Hier-pFedMe | λ2=35.0, η2=0.02, inner_steps=1, epochs=1, batches/epoch=113
  [Client 16] Round 1 | Hier-pFedMe(λ2=35.0, K=1) | loss=0.8791
  [Client 10] Round 1 | Hier-pFedMe(λ2=35.0, K=1) | loss=0.8926
  [Client 19] Round 1 | Hier-pFedMe(λ2=35.0, K=1) | loss=0.8772
  [Client 17] Round 1 | Hier-pFedMe(λ2=35.0, K=1) | loss=0.8841
  [Edge 1] G1 | E4 | loss=0.8871
  [Edge 1] G1 | E5 | Hier-pFedMe | Selected 10/10
  [Client 13] Received edge weights.
[C13] Test set: samples=600, class_dist={0: 311, 8: 289}
  [Client 16] Received edge weights.
[C16] Test set: samples=600, class_dist={1: 291, 8: 309}
  [Client 18] Received edge weights.
[C18] Test set: samples=600, class_dist={1: 314, 9: 286}
  [Client 19] Received edge weights.
[C19] Test set: samples=600, class_dist={0: 286, 9: 314}
  [Client 17] Received edge weights.
[C17] Test set: samples=600, class_dist={1: 289, 9: 311}
  [Client 15] Received edge weights.
[C15] Test set: samples=600, class_dist={0: 305, 8: 295}
  [Client 12] Received edge weights.
[C12] Test set: samples=600, class_dist={1: 308, 8: 292}
  [Client 14] Received edge weights.
[C14] Test set: samples=600, class_dist={0: 307, 9: 293}
  [Client 11] Received edge weights.
[C11] Test set: samples=600, class_dist={0: 300, 1: 300}
  [Client 10] Received edge weights.
[C10] Test set: samples=600, class_dist={8: 292, 9: 308}
  [Client 16] Starting Hier-pFedMe | λ2=35.0, η2=0.02, inner_steps=1, epochs=1, batches/epoch=113  [Client 13] Starting Hier-pFedMe | λ2=35.0, η2=0.02, inner_steps=1, epochs=1, batches/epoch=113  [Client 19] Starting Hier-pFedMe | λ2=35.0, η2=0.02, inner_steps=1, epochs=1, batches/epoch=113  [Client 18] Starting Hier-pFedMe | λ2=35.0, η2=0.02, inner_steps=1, epochs=1, batches/epoch=113



  [Client 16] Round 1 | Hier-pFedMe(λ2=35.0, K=1) | loss=0.8816
  [Client 17] Starting Hier-pFedMe | λ2=35.0, η2=0.02, inner_steps=1, epochs=1, batches/epoch=113
  [Client 18] Round 1 | Hier-pFedMe(λ2=35.0, K=1) | loss=0.8880
  [Client 13] Round 1 | Hier-pFedMe(λ2=35.0, K=1) | loss=0.8914
  [Client 15] Starting Hier-pFedMe | λ2=35.0, η2=0.02, inner_steps=1, epochs=1, batches/epoch=113
  [Client 12] Starting Hier-pFedMe | λ2=35.0, η2=0.02, inner_steps=1, epochs=1, batches/epoch=113  [Client 19] Round 1 | Hier-pFedMe(λ2=35.0, K=1) | loss=0.8504

  [Client 14] Starting Hier-pFedMe | λ2=35.0, η2=0.02, inner_steps=1, epochs=1, batches/epoch=113
  [Client 17] Round 1 | Hier-pFedMe(λ2=35.0, K=1) | loss=0.8751
  [Client 11] Starting Hier-pFedMe | λ2=35.0, η2=0.02, inner_steps=1, epochs=1, batches/epoch=113
  [Client 12] Round 1 | Hier-pFedMe(λ2=35.0, K=1) | loss=0.8741
  [Client 10] Starting Hier-pFedMe | λ2=35.0, η2=0.02, inner_steps=1, epochs=1, batches/epoch=113
  [Client 14] Round 1 | Hier-pFedMe(λ2=35.0, K=1) | loss=0.9187
  [Client 15] Round 1 | Hier-pFedMe(λ2=35.0, K=1) | loss=0.9000
  [Client 11] Round 1 | Hier-pFedMe(λ2=35.0, K=1) | loss=0.8778
  [Client 10] Round 1 | Hier-pFedMe(λ2=35.0, K=1) | loss=0.8981
  [Edge 1] G1 | E5 | loss=0.8855
[C0] n=1000 | classes=[3, 6] | acc=0.5110 | per_class={3: '1.00', 6: '0.00'}
[C1] n=1000 | classes=[3, 6] | acc=0.5150 | per_class={3: '1.00', 6: '0.00'}
[C2] n=1000 | classes=[2, 5] | acc=0.4930 | per_class={2: '0.00', 5: '1.00'}
[C3] n=1000 | classes=[5, 7] | acc=0.4940 | per_class={5: '0.00', 7: '1.00'}
[C4] n=1000 | classes=[2, 7] | acc=0.5070 | per_class={2: '1.00', 7: '0.00'}
[C5] n=1000 | classes=[2, 4] | acc=0.5060 | per_class={2: '0.99', 4: '0.00'}
[C6] n=1000 | classes=[6, 7] | acc=0.5070 | per_class={6: '0.00', 7: '1.00'}
[C7] n=1000 | classes=[3, 5] | acc=0.5150 | per_class={3: '0.00', 5: '1.00'}
[C8] n=500 | classes=[4] | acc=1.0000 | per_class={4: '1.00'}
[C9] n=500 | classes=[4] | acc=1.0000 | per_class={4: '1.00'}
[C10] n=600 | classes=[8, 9] | acc=0.4867 | per_class={8: '1.00', 9: '0.00'}
[C11] n=600 | classes=[0, 1] | acc=0.5000 | per_class={0: '1.00', 1: '0.00'}
[C12] n=600 | classes=[1, 8] | acc=0.5133 | per_class={1: '1.00', 8: '0.00'}
[C13] n=600 | classes=[0, 8] | acc=0.5183 | per_class={0: '1.00', 8: '0.00'}
[C14] n=600 | classes=[0, 9] | acc=0.4883 | per_class={0: '0.00', 9: '1.00'}
[C15] n=600 | classes=[0, 8] | acc=0.5083 | per_class={0: '1.00', 8: '0.00'}
[C16] n=600 | classes=[1, 8] | acc=0.5150 | per_class={1: '0.00', 8: '1.00'}
[C17] n=600 | classes=[1, 9] | acc=0.5183 | per_class={1: '0.00', 9: '1.00'}
[C18] n=600 | classes=[1, 9] | acc=0.4767 | per_class={1: '0.00', 9: '1.00'}
[C19] n=600 | classes=[0, 9] | acc=0.4767 | per_class={0: '1.00', 9: '0.00'}
  [Cloud] GM=0.1006 | EM=0.1999 PM=0.5366 | loss=2.3053 | time=72.4s | comm=683.7MB (total=684MB)

[Round   2] Broadcasting to 2 edges...
  [Edge 0] W_n reset to global weights for new round.
  [Edge 1] W_n reset to global weights for new round.
  [Edge 0] G2 | E1 | Hier-pFedMe | Selected 10/10
  [Client  9] Received edge weights.
[C9] Test set: samples=500, class_dist={4: 500}
  [Client  2] Received edge weights.
[C2] Test set: samples=1000, class_dist={2: 507, 5: 493}
  [Client  6] Received edge weights.
[C6] Test set: samples=1000, class_dist={6: 493, 7: 507}
  [Client  8] Received edge weights.
[C8] Test set: samples=500, class_dist={4: 500}
  [Client  5] Received edge weights.
[C5] Test set: samples=1000, class_dist={2: 510, 4: 490}
  [Client  1] Received edge weights.
[C1] Test set: samples=1000, class_dist={3: 515, 6: 485}
  [Client  4] Received edge weights.
[C4] Test set: samples=1000, class_dist={2: 507, 7: 493}
  [Client  0] Received edge weights.
[C0] Test set: samples=1000, class_dist={3: 511, 6: 489}
  [Client  7] Received edge weights.
[C7] Test set: samples=1000, class_dist={3: 485, 5: 515}
  [Client  3] Received edge weights.
[C3] Test set: samples=1000, class_dist={5: 506, 7: 494}
  [Client  9] Starting Hier-pFedMe | λ2=35.0, η2=0.02, inner_steps=1, epochs=1, batches/epoch=94
  [Client  6] Starting Hier-pFedMe | λ2=35.0, η2=0.02, inner_steps=1, epochs=1, batches/epoch=188  [Client  2] Starting Hier-pFedMe | λ2=35.0, η2=0.02, inner_steps=1, epochs=1, batches/epoch=188  [Client  8] Starting Hier-pFedMe | λ2=35.0, η2=0.02, inner_steps=1, epochs=1, batches/epoch=94


  [Client  9] Round 2 | Hier-pFedMe(λ2=35.0, K=1) | loss=0.1400
  [Client  5] Starting Hier-pFedMe | λ2=35.0, η2=0.02, inner_steps=1, epochs=1, batches/epoch=188
  [Client  8] Round 2 | Hier-pFedMe(λ2=35.0, K=1) | loss=0.1443
  [Client  1] Starting Hier-pFedMe | λ2=35.0, η2=0.02, inner_steps=1, epochs=1, batches/epoch=188
  [Client  6] Round 2 | Hier-pFedMe(λ2=35.0, K=1) | loss=0.8799
  [Client  4] Starting Hier-pFedMe | λ2=35.0, η2=0.02, inner_steps=1, epochs=1, batches/epoch=188
  [Client  2] Round 2 | Hier-pFedMe(λ2=35.0, K=1) | loss=0.8969
  [Client  0] Starting Hier-pFedMe | λ2=35.0, η2=0.02, inner_steps=1, epochs=1, batches/epoch=188
  [Client  5] Round 2 | Hier-pFedMe(λ2=35.0, K=1) | loss=0.9297
  [Client  7] Starting Hier-pFedMe | λ2=35.0, η2=0.02, inner_steps=1, epochs=1, batches/epoch=188
  [Client  1] Round 2 | Hier-pFedMe(λ2=35.0, K=1) | loss=0.8888
  [Client  3] Starting Hier-pFedMe | λ2=35.0, η2=0.02, inner_steps=1, epochs=1, batches/epoch=188
  [Client  4] Round 2 | Hier-pFedMe(λ2=35.0, K=1) | loss=0.8987  [Client  0] Round 2 | Hier-pFedMe(λ2=35.0, K=1) | loss=0.9201

  [Client  7] Round 2 | Hier-pFedMe(λ2=35.0, K=1) | loss=0.8951
  [Client  3] Round 2 | Hier-pFedMe(λ2=35.0, K=1) | loss=0.8944
  [Edge 0] G2 | E1 | loss=0.8162
  [Edge 0] G2 | E2 | Hier-pFedMe | Selected 10/10
  [Client  1] Received edge weights.
[C1] Test set: samples=1000, class_dist={3: 515, 6: 485}
  [Client  5] Received edge weights.
[C5] Test set: samples=1000, class_dist={2: 510, 4: 490}
  [Client  6] Received edge weights.
[C6] Test set: samples=1000, class_dist={6: 493, 7: 507}
  [Client  8] Received edge weights.
[C8] Test set: samples=500, class_dist={4: 500}
  [Client  4] Received edge weights.
[C4] Test set: samples=1000, class_dist={2: 507, 7: 493}
  [Client  3] Received edge weights.
[C3] Test set: samples=1000, class_dist={5: 506, 7: 494}
  [Client  0] Received edge weights.
[C0] Test set: samples=1000, class_dist={3: 511, 6: 489}
  [Client  7] Received edge weights.
[C7] Test set: samples=1000, class_dist={3: 485, 5: 515}
  [Client  9] Received edge weights.
[C9] Test set: samples=500, class_dist={4: 500}
  [Client  2] Received edge weights.
[C2] Test set: samples=1000, class_dist={2: 507, 5: 493}
  [Client  1] Starting Hier-pFedMe | λ2=35.0, η2=0.02, inner_steps=1, epochs=1, batches/epoch=188
  [Client  8] Starting Hier-pFedMe | λ2=35.0, η2=0.02, inner_steps=1, epochs=1, batches/epoch=94
  [Client  6] Starting Hier-pFedMe | λ2=35.0, η2=0.02, inner_steps=1, epochs=1, batches/epoch=188  [Client  5] Starting Hier-pFedMe | λ2=35.0, η2=0.02, inner_steps=1, epochs=1, batches/epoch=188

  [Client  8] Round 2 | Hier-pFedMe(λ2=35.0, K=1) | loss=0.1061
  [Client  4] Starting Hier-pFedMe | λ2=35.0, η2=0.02, inner_steps=1, epochs=1, batches/epoch=188
  [Client  1] Round 2 | Hier-pFedMe(λ2=35.0, K=1) | loss=0.8984
  [Client  3] Starting Hier-pFedMe | λ2=35.0, η2=0.02, inner_steps=1, epochs=1, batches/epoch=188
  [Client  6] Round 2 | Hier-pFedMe(λ2=35.0, K=1) | loss=0.8883
  [Client  0] Starting Hier-pFedMe | λ2=35.0, η2=0.02, inner_steps=1, epochs=1, batches/epoch=188  [Client  5] Round 2 | Hier-pFedMe(λ2=35.0, K=1) | loss=0.8974

  [Client  7] Starting Hier-pFedMe | λ2=35.0, η2=0.02, inner_steps=1, epochs=1, batches/epoch=188
  [Client  4] Round 2 | Hier-pFedMe(λ2=35.0, K=1) | loss=0.8948
  [Client  9] Starting Hier-pFedMe | λ2=35.0, η2=0.02, inner_steps=1, epochs=1, batches/epoch=94
  [Client  3] Round 2 | Hier-pFedMe(λ2=35.0, K=1) | loss=0.8742
  [Client  2] Starting Hier-pFedMe | λ2=35.0, η2=0.02, inner_steps=1, epochs=1, batches/epoch=188
  [Client  0] Round 2 | Hier-pFedMe(λ2=35.0, K=1) | loss=0.8799
  [Client  9] Round 2 | Hier-pFedMe(λ2=35.0, K=1) | loss=0.1098
  [Client  7] Round 2 | Hier-pFedMe(λ2=35.0, K=1) | loss=0.8853
  [Client  2] Round 2 | Hier-pFedMe(λ2=35.0, K=1) | loss=0.9032
  [Edge 0] G2 | E2 | loss=0.8033
  [Edge 0] G2 | E3 | Hier-pFedMe | Selected 10/10
  [Client  6] Received edge weights.
[C6] Test set: samples=1000, class_dist={6: 493, 7: 507}
  [Client  8] Received edge weights.
[C8] Test set: samples=500, class_dist={4: 500}
  [Client  3] Received edge weights.
[C3] Test set: samples=1000, class_dist={5: 506, 7: 494}
  [Client  1] Received edge weights.
[C1] Test set: samples=1000, class_dist={3: 515, 6: 485}
  [Client  9] Received edge weights.
[C9] Test set: samples=500, class_dist={4: 500}
  [Client  0] Received edge weights.
[C0] Test set: samples=1000, class_dist={3: 511, 6: 489}
  [Client  5] Received edge weights.
[C5] Test set: samples=1000, class_dist={2: 510, 4: 490}
  [Client  4] Received edge weights.
[C4] Test set: samples=1000, class_dist={2: 507, 7: 493}
  [Client  7] Received edge weights.
[C7] Test set: samples=1000, class_dist={3: 485, 5: 515}
  [Client  2] Received edge weights.
[C2] Test set: samples=1000, class_dist={2: 507, 5: 493}
  [Client  8] Starting Hier-pFedMe | λ2=35.0, η2=0.02, inner_steps=1, epochs=1, batches/epoch=94  [Client  6] Starting Hier-pFedMe | λ2=35.0, η2=0.02, inner_steps=1, epochs=1, batches/epoch=188
  [Client  3] Starting Hier-pFedMe | λ2=35.0, η2=0.02, inner_steps=1, epochs=1, batches/epoch=188

  [Client  1] Starting Hier-pFedMe | λ2=35.0, η2=0.02, inner_steps=1, epochs=1, batches/epoch=188
  [Client  8] Round 2 | Hier-pFedMe(λ2=35.0, K=1) | loss=0.1114
  [Client  9] Starting Hier-pFedMe | λ2=35.0, η2=0.02, inner_steps=1, epochs=1, batches/epoch=94
  [Client  3] Round 2 | Hier-pFedMe(λ2=35.0, K=1) | loss=0.8703
  [Client  0] Starting Hier-pFedMe | λ2=35.0, η2=0.02, inner_steps=1, epochs=1, batches/epoch=188
  [Client  6] Round 2 | Hier-pFedMe(λ2=35.0, K=1) | loss=0.8848
  [Client  5] Starting Hier-pFedMe | λ2=35.0, η2=0.02, inner_steps=1, epochs=1, batches/epoch=188
  [Client  1] Round 2 | Hier-pFedMe(λ2=35.0, K=1) | loss=0.9035
  [Client  4] Starting Hier-pFedMe | λ2=35.0, η2=0.02, inner_steps=1, epochs=1, batches/epoch=188
  [Client  9] Round 2 | Hier-pFedMe(λ2=35.0, K=1) | loss=0.1101
  [Client  7] Starting Hier-pFedMe | λ2=35.0, η2=0.02, inner_steps=1, epochs=1, batches/epoch=188
  [Client  0] Round 2 | Hier-pFedMe(λ2=35.0, K=1) | loss=0.9042
  [Client  2] Starting Hier-pFedMe | λ2=35.0, η2=0.02, inner_steps=1, epochs=1, batches/epoch=188
  [Client  5] Round 2 | Hier-pFedMe(λ2=35.0, K=1) | loss=0.8893
  [Client  4] Round 2 | Hier-pFedMe(λ2=35.0, K=1) | loss=0.8981
  [Client  7] Round 2 | Hier-pFedMe(λ2=35.0, K=1) | loss=0.8791
  [Client  2] Round 2 | Hier-pFedMe(λ2=35.0, K=1) | loss=0.8918
  [Edge 0] G2 | E3 | loss=0.8035
  [Edge 0] G2 | E4 | Hier-pFedMe | Selected 10/10
  [Client  5] Received edge weights.
[C5] Test set: samples=1000, class_dist={2: 510, 4: 490}
  [Client  1] Received edge weights.
[C1] Test set: samples=1000, class_dist={3: 515, 6: 485}
  [Client  6] Received edge weights.
[C6] Test set: samples=1000, class_dist={6: 493, 7: 507}
  [Client  2] Received edge weights.
[C2] Test set: samples=1000, class_dist={2: 507, 5: 493}
  [Client  8] Received edge weights.
[C8] Test set: samples=500, class_dist={4: 500}
  [Client  0] Received edge weights.
[C0] Test set: samples=1000, class_dist={3: 511, 6: 489}
  [Client  7] Received edge weights.
[C7] Test set: samples=1000, class_dist={3: 485, 5: 515}
  [Client  4] Received edge weights.
[C4] Test set: samples=1000, class_dist={2: 507, 7: 493}
  [Client  3] Received edge weights.
[C3] Test set: samples=1000, class_dist={5: 506, 7: 494}
  [Client  9] Received edge weights.
[C9] Test set: samples=500, class_dist={4: 500}
  [Client  5] Starting Hier-pFedMe | λ2=35.0, η2=0.02, inner_steps=1, epochs=1, batches/epoch=188
  [Client  1] Starting Hier-pFedMe | λ2=35.0, η2=0.02, inner_steps=1, epochs=1, batches/epoch=188  [Client  6] Starting Hier-pFedMe | λ2=35.0, η2=0.02, inner_steps=1, epochs=1, batches/epoch=188  [Client  2] Starting Hier-pFedMe | λ2=35.0, η2=0.02, inner_steps=1, epochs=1, batches/epoch=188


  [Client  6] Round 2 | Hier-pFedMe(λ2=35.0, K=1) | loss=0.8763  [Client  2] Round 2 | Hier-pFedMe(λ2=35.0, K=1) | loss=0.8937

  [Client  8] Starting Hier-pFedMe | λ2=35.0, η2=0.02, inner_steps=1, epochs=1, batches/epoch=94
  [Client  5] Round 2 | Hier-pFedMe(λ2=35.0, K=1) | loss=0.8959  [Client  0] Starting Hier-pFedMe | λ2=35.0, η2=0.02, inner_steps=1, epochs=1, batches/epoch=188

  [Client  7] Starting Hier-pFedMe | λ2=35.0, η2=0.02, inner_steps=1, epochs=1, batches/epoch=188
  [Client  1] Round 2 | Hier-pFedMe(λ2=35.0, K=1) | loss=0.8944
  [Client  4] Starting Hier-pFedMe | λ2=35.0, η2=0.02, inner_steps=1, epochs=1, batches/epoch=188
  [Client  8] Round 2 | Hier-pFedMe(λ2=35.0, K=1) | loss=0.1053
  [Client  3] Starting Hier-pFedMe | λ2=35.0, η2=0.02, inner_steps=1, epochs=1, batches/epoch=188
  [Client  7] Round 2 | Hier-pFedMe(λ2=35.0, K=1) | loss=0.8722
  [Client  9] Starting Hier-pFedMe | λ2=35.0, η2=0.02, inner_steps=1, epochs=1, batches/epoch=94
  [Client  0] Round 2 | Hier-pFedMe(λ2=35.0, K=1) | loss=0.8832
  [Client  4] Round 2 | Hier-pFedMe(λ2=35.0, K=1) | loss=0.8860
  [Client  9] Round 2 | Hier-pFedMe(λ2=35.0, K=1) | loss=0.1060
  [Client  3] Round 2 | Hier-pFedMe(λ2=35.0, K=1) | loss=0.8693
  [Edge 0] G2 | E4 | loss=0.7974
  [Edge 0] G2 | E5 | Hier-pFedMe | Selected 10/10
  [Client  6] Received edge weights.
[C6] Test set: samples=1000, class_dist={6: 493, 7: 507}
  [Client  2] Received edge weights.
[C2] Test set: samples=1000, class_dist={2: 507, 5: 493}
  [Client  5] Received edge weights.
[C5] Test set: samples=1000, class_dist={2: 510, 4: 490}
  [Client  1] Received edge weights.
[C1] Test set: samples=1000, class_dist={3: 515, 6: 485}
  [Client  8] Received edge weights.
[C8] Test set: samples=500, class_dist={4: 500}
  [Client  9] Received edge weights.
[C9] Test set: samples=500, class_dist={4: 500}
  [Client  3] Received edge weights.
[C3] Test set: samples=1000, class_dist={5: 506, 7: 494}
  [Client  7] Received edge weights.
[C7] Test set: samples=1000, class_dist={3: 485, 5: 515}
  [Client  4] Received edge weights.
[C4] Test set: samples=1000, class_dist={2: 507, 7: 493}
  [Client  0] Received edge weights.
[C0] Test set: samples=1000, class_dist={3: 511, 6: 489}
  [Client  6] Starting Hier-pFedMe | λ2=35.0, η2=0.02, inner_steps=1, epochs=1, batches/epoch=188  [Client  5] Starting Hier-pFedMe | λ2=35.0, η2=0.02, inner_steps=1, epochs=1, batches/epoch=188  [Client  2] Starting Hier-pFedMe | λ2=35.0, η2=0.02, inner_steps=1, epochs=1, batches/epoch=188

  [Client  1] Starting Hier-pFedMe | λ2=35.0, η2=0.02, inner_steps=1, epochs=1, batches/epoch=188

  [Client  6] Round 2 | Hier-pFedMe(λ2=35.0, K=1) | loss=0.8660  [Client  5] Round 2 | Hier-pFedMe(λ2=35.0, K=1) | loss=0.9020
  [Client  2] Round 2 | Hier-pFedMe(λ2=35.0, K=1) | loss=0.8929

  [Client  8] Starting Hier-pFedMe | λ2=35.0, η2=0.02, inner_steps=1, epochs=1, batches/epoch=94
  [Client  9] Starting Hier-pFedMe | λ2=35.0, η2=0.02, inner_steps=1, epochs=1, batches/epoch=94  [Client  3] Starting Hier-pFedMe | λ2=35.0, η2=0.02, inner_steps=1, epochs=1, batches/epoch=188
  [Client  1] Round 2 | Hier-pFedMe(λ2=35.0, K=1) | loss=0.9113

  [Client  7] Starting Hier-pFedMe | λ2=35.0, η2=0.02, inner_steps=1, epochs=1, batches/epoch=188
  [Client  9] Round 2 | Hier-pFedMe(λ2=35.0, K=1) | loss=0.1134  [Client  8] Round 2 | Hier-pFedMe(λ2=35.0, K=1) | loss=0.1087

  [Client  4] Starting Hier-pFedMe | λ2=35.0, η2=0.02, inner_steps=1, epochs=1, batches/epoch=188
  [Client  0] Starting Hier-pFedMe | λ2=35.0, η2=0.02, inner_steps=1, epochs=1, batches/epoch=188
  [Client  3] Round 2 | Hier-pFedMe(λ2=35.0, K=1) | loss=0.8793
  [Client  7] Round 2 | Hier-pFedMe(λ2=35.0, K=1) | loss=0.8850
  [Client  4] Round 2 | Hier-pFedMe(λ2=35.0, K=1) | loss=0.8986
  [Client  0] Round 2 | Hier-pFedMe(λ2=35.0, K=1) | loss=0.8744
  [Edge 0] G2 | E5 | loss=0.8023
  [Edge 1] G2 | E1 | Hier-pFedMe | Selected 10/10
  [Client 14] Received edge weights.
[C14] Test set: samples=600, class_dist={0: 307, 9: 293}
  [Client 16] Received edge weights.
[C16] Test set: samples=600, class_dist={1: 291, 8: 309}
  [Client 17] Received edge weights.
[C17] Test set: samples=600, class_dist={1: 289, 9: 311}
  [Client 11] Received edge weights.
[C11] Test set: samples=600, class_dist={0: 300, 1: 300}
  [Client 13] Received edge weights.
[C13] Test set: samples=600, class_dist={0: 311, 8: 289}
  [Client 19] Received edge weights.
[C19] Test set: samples=600, class_dist={0: 286, 9: 314}
  [Client 12] Received edge weights.
[C12] Test set: samples=600, class_dist={1: 308, 8: 292}
  [Client 10] Received edge weights.
[C10] Test set: samples=600, class_dist={8: 292, 9: 308}
  [Client 15] Received edge weights.
[C15] Test set: samples=600, class_dist={0: 305, 8: 295}
  [Client 18] Received edge weights.
[C18] Test set: samples=600, class_dist={1: 314, 9: 286}
  [Client 14] Starting Hier-pFedMe | λ2=35.0, η2=0.02, inner_steps=1, epochs=1, batches/epoch=113  [Client 16] Starting Hier-pFedMe | λ2=35.0, η2=0.02, inner_steps=1, epochs=1, batches/epoch=113  [Client 17] Starting Hier-pFedMe | λ2=35.0, η2=0.02, inner_steps=1, epochs=1, batches/epoch=113
  [Client 11] Starting Hier-pFedMe | λ2=35.0, η2=0.02, inner_steps=1, epochs=1, batches/epoch=113


  [Client 14] Round 2 | Hier-pFedMe(λ2=35.0, K=1) | loss=0.9148  [Client 17] Round 2 | Hier-pFedMe(λ2=35.0, K=1) | loss=0.8849

  [Client 16] Round 2 | Hier-pFedMe(λ2=35.0, K=1) | loss=0.8940
  [Client 19] Starting Hier-pFedMe | λ2=35.0, η2=0.02, inner_steps=1, epochs=1, batches/epoch=113  [Client 12] Starting Hier-pFedMe | λ2=35.0, η2=0.02, inner_steps=1, epochs=1, batches/epoch=113  [Client 11] Round 2 | Hier-pFedMe(λ2=35.0, K=1) | loss=0.9265
  [Client 13] Starting Hier-pFedMe | λ2=35.0, η2=0.02, inner_steps=1, epochs=1, batches/epoch=113


  [Client 10] Starting Hier-pFedMe | λ2=35.0, η2=0.02, inner_steps=1, epochs=1, batches/epoch=113
  [Client 13] Round 2 | Hier-pFedMe(λ2=35.0, K=1) | loss=0.8954
  [Client 19] Round 2 | Hier-pFedMe(λ2=35.0, K=1) | loss=0.8677
  [Client 12] Round 2 | Hier-pFedMe(λ2=35.0, K=1) | loss=0.9190  [Client 15] Starting Hier-pFedMe | λ2=35.0, η2=0.02, inner_steps=1, epochs=1, batches/epoch=113

  [Client 18] Starting Hier-pFedMe | λ2=35.0, η2=0.02, inner_steps=1, epochs=1, batches/epoch=113
  [Client 10] Round 2 | Hier-pFedMe(λ2=35.0, K=1) | loss=0.9051
  [Client 15] Round 2 | Hier-pFedMe(λ2=35.0, K=1) | loss=0.9477  [Client 18] Round 2 | Hier-pFedMe(λ2=35.0, K=1) | loss=0.8820

  [Edge 1] G2 | E1 | loss=0.9037
  [Edge 1] G2 | E2 | Hier-pFedMe | Selected 10/10
  [Client 12] Received edge weights.
[C12] Test set: samples=600, class_dist={1: 308, 8: 292}
  [Client 11] Received edge weights.
[C11] Test set: samples=600, class_dist={0: 300, 1: 300}
  [Client 10] Received edge weights.
[C10] Test set: samples=600, class_dist={8: 292, 9: 308}
  [Client 13] Received edge weights.
[C13] Test set: samples=600, class_dist={0: 311, 8: 289}
  [Client 17] Received edge weights.
[C17] Test set: samples=600, class_dist={1: 289, 9: 311}
  [Client 19] Received edge weights.
[C19] Test set: samples=600, class_dist={0: 286, 9: 314}
  [Client 16] Received edge weights.
[C16] Test set: samples=600, class_dist={1: 291, 8: 309}
  [Client 18] Received edge weights.
[C18] Test set: samples=600, class_dist={1: 314, 9: 286}
  [Client 15] Received edge weights.
[C15] Test set: samples=600, class_dist={0: 305, 8: 295}
  [Client 14] Received edge weights.
[C14] Test set: samples=600, class_dist={0: 307, 9: 293}
  [Client 13] Starting Hier-pFedMe | λ2=35.0, η2=0.02, inner_steps=1, epochs=1, batches/epoch=113
  [Client 10] Starting Hier-pFedMe | λ2=35.0, η2=0.02, inner_steps=1, epochs=1, batches/epoch=113
  [Client 12] Starting Hier-pFedMe | λ2=35.0, η2=0.02, inner_steps=1, epochs=1, batches/epoch=113
  [Client 11] Starting Hier-pFedMe | λ2=35.0, η2=0.02, inner_steps=1, epochs=1, batches/epoch=113
  [Client 12] Round 2 | Hier-pFedMe(λ2=35.0, K=1) | loss=0.8953
  [Client 17] Starting Hier-pFedMe | λ2=35.0, η2=0.02, inner_steps=1, epochs=1, batches/epoch=113
  [Client 10] Round 2 | Hier-pFedMe(λ2=35.0, K=1) | loss=0.8895  [Client 11] Round 2 | Hier-pFedMe(λ2=35.0, K=1) | loss=0.9104
  [Client 13] Round 2 | Hier-pFedMe(λ2=35.0, K=1) | loss=0.8652

  [Client 19] Starting Hier-pFedMe | λ2=35.0, η2=0.02, inner_steps=1, epochs=1, batches/epoch=113
  [Client 18] Starting Hier-pFedMe | λ2=35.0, η2=0.02, inner_steps=1, epochs=1, batches/epoch=113
  [Client 16] Starting Hier-pFedMe | λ2=35.0, η2=0.02, inner_steps=1, epochs=1, batches/epoch=113
  [Client 17] Round 2 | Hier-pFedMe(λ2=35.0, K=1) | loss=0.8724
  [Client 15] Starting Hier-pFedMe | λ2=35.0, η2=0.02, inner_steps=1, epochs=1, batches/epoch=113
  [Client 18] Round 2 | Hier-pFedMe(λ2=35.0, K=1) | loss=0.8777  [Client 16] Round 2 | Hier-pFedMe(λ2=35.0, K=1) | loss=0.8613

  [Client 19] Round 2 | Hier-pFedMe(λ2=35.0, K=1) | loss=0.8603
  [Client 14] Starting Hier-pFedMe | λ2=35.0, η2=0.02, inner_steps=1, epochs=1, batches/epoch=113
  [Client 15] Round 2 | Hier-pFedMe(λ2=35.0, K=1) | loss=0.8807
  [Client 14] Round 2 | Hier-pFedMe(λ2=35.0, K=1) | loss=0.8685
  [Edge 1] G2 | E2 | loss=0.8781
  [Edge 1] G2 | E3 | Hier-pFedMe | Selected 10/10
  [Client 13] Received edge weights.
[C13] Test set: samples=600, class_dist={0: 311, 8: 289}
  [Client 10] Received edge weights.
[C10] Test set: samples=600, class_dist={8: 292, 9: 308}
  [Client 14] Received edge weights.
[C14] Test set: samples=600, class_dist={0: 307, 9: 293}
  [Client 12] Received edge weights.
[C12] Test set: samples=600, class_dist={1: 308, 8: 292}
  [Client 17] Received edge weights.
[C17] Test set: samples=600, class_dist={1: 289, 9: 311}
  [Client 18] Received edge weights.
[C18] Test set: samples=600, class_dist={1: 314, 9: 286}
  [Client 16] Received edge weights.
[C16] Test set: samples=600, class_dist={1: 291, 8: 309}
  [Client 19] Received edge weights.
[C19] Test set: samples=600, class_dist={0: 286, 9: 314}
  [Client 15] Received edge weights.
[C15] Test set: samples=600, class_dist={0: 305, 8: 295}
  [Client 11] Received edge weights.
[C11] Test set: samples=600, class_dist={0: 300, 1: 300}
  [Client 13] Starting Hier-pFedMe | λ2=35.0, η2=0.02, inner_steps=1, epochs=1, batches/epoch=113  [Client 14] Starting Hier-pFedMe | λ2=35.0, η2=0.02, inner_steps=1, epochs=1, batches/epoch=113  [Client 12] Starting Hier-pFedMe | λ2=35.0, η2=0.02, inner_steps=1, epochs=1, batches/epoch=113

  [Client 10] Starting Hier-pFedMe | λ2=35.0, η2=0.02, inner_steps=1, epochs=1, batches/epoch=113

  [Client 12] Round 2 | Hier-pFedMe(λ2=35.0, K=1) | loss=0.8657  [Client 14] Round 2 | Hier-pFedMe(λ2=35.0, K=1) | loss=0.8753

  [Client 13] Round 2 | Hier-pFedMe(λ2=35.0, K=1) | loss=0.8823  [Client 10] Round 2 | Hier-pFedMe(λ2=35.0, K=1) | loss=0.9046
  [Client 18] Starting Hier-pFedMe | λ2=35.0, η2=0.02, inner_steps=1, epochs=1, batches/epoch=113
  [Client 17] Starting Hier-pFedMe | λ2=35.0, η2=0.02, inner_steps=1, epochs=1, batches/epoch=113

  [Client 16] Starting Hier-pFedMe | λ2=35.0, η2=0.02, inner_steps=1, epochs=1, batches/epoch=113
  [Client 19] Starting Hier-pFedMe | λ2=35.0, η2=0.02, inner_steps=1, epochs=1, batches/epoch=113
  [Client 19] Round 2 | Hier-pFedMe(λ2=35.0, K=1) | loss=0.8741
  [Client 18] Round 2 | Hier-pFedMe(λ2=35.0, K=1) | loss=0.8825  [Client 16] Round 2 | Hier-pFedMe(λ2=35.0, K=1) | loss=0.8603
  [Client 15] Starting Hier-pFedMe | λ2=35.0, η2=0.02, inner_steps=1, epochs=1, batches/epoch=113

  [Client 17] Round 2 | Hier-pFedMe(λ2=35.0, K=1) | loss=0.8735  [Client 11] Starting Hier-pFedMe | λ2=35.0, η2=0.02, inner_steps=1, epochs=1, batches/epoch=113

  [Client 15] Round 2 | Hier-pFedMe(λ2=35.0, K=1) | loss=0.9151
  [Client 11] Round 2 | Hier-pFedMe(λ2=35.0, K=1) | loss=0.8963
  [Edge 1] G2 | E3 | loss=0.8830
  [Edge 1] G2 | E4 | Hier-pFedMe | Selected 10/10
  [Client 11] Received edge weights.
[C11] Test set: samples=600, class_dist={0: 300, 1: 300}
  [Client 15] Received edge weights.
[C15] Test set: samples=600, class_dist={0: 305, 8: 295}
  [Client 14] Received edge weights.
[C14] Test set: samples=600, class_dist={0: 307, 9: 293}
  [Client 19] Received edge weights.
[C19] Test set: samples=600, class_dist={0: 286, 9: 314}
  [Client 12] Received edge weights.
[C12] Test set: samples=600, class_dist={1: 308, 8: 292}
  [Client 17] Received edge weights.
[C17] Test set: samples=600, class_dist={1: 289, 9: 311}
  [Client 10] Received edge weights.
[C10] Test set: samples=600, class_dist={8: 292, 9: 308}
  [Client 13] Received edge weights.
[C13] Test set: samples=600, class_dist={0: 311, 8: 289}
  [Client 16] Received edge weights.
[C16] Test set: samples=600, class_dist={1: 291, 8: 309}
  [Client 18] Received edge weights.
[C18] Test set: samples=600, class_dist={1: 314, 9: 286}
  [Client 15] Starting Hier-pFedMe | λ2=35.0, η2=0.02, inner_steps=1, epochs=1, batches/epoch=113  [Client 11] Starting Hier-pFedMe | λ2=35.0, η2=0.02, inner_steps=1, epochs=1, batches/epoch=113  [Client 14] Starting Hier-pFedMe | λ2=35.0, η2=0.02, inner_steps=1, epochs=1, batches/epoch=113  [Client 19] Starting Hier-pFedMe | λ2=35.0, η2=0.02, inner_steps=1, epochs=1, batches/epoch=113



  [Client 11] Round 2 | Hier-pFedMe(λ2=35.0, K=1) | loss=0.8776  [Client 15] Round 2 | Hier-pFedMe(λ2=35.0, K=1) | loss=0.8954  [Client 14] Round 2 | Hier-pFedMe(λ2=35.0, K=1) | loss=0.8744

  [Client 19] Round 2 | Hier-pFedMe(λ2=35.0, K=1) | loss=0.8599

  [Client 12] Starting Hier-pFedMe | λ2=35.0, η2=0.02, inner_steps=1, epochs=1, batches/epoch=113  [Client 10] Starting Hier-pFedMe | λ2=35.0, η2=0.02, inner_steps=1, epochs=1, batches/epoch=113

  [Client 17] Starting Hier-pFedMe | λ2=35.0, η2=0.02, inner_steps=1, epochs=1, batches/epoch=113
  [Client 13] Starting Hier-pFedMe | λ2=35.0, η2=0.02, inner_steps=1, epochs=1, batches/epoch=113
  [Client 17] Round 2 | Hier-pFedMe(λ2=35.0, K=1) | loss=0.8523
  [Client 12] Round 2 | Hier-pFedMe(λ2=35.0, K=1) | loss=0.8910  [Client 13] Round 2 | Hier-pFedMe(λ2=35.0, K=1) | loss=0.8803
  [Client 10] Round 2 | Hier-pFedMe(λ2=35.0, K=1) | loss=0.9028  [Client 16] Starting Hier-pFedMe | λ2=35.0, η2=0.02, inner_steps=1, epochs=1, batches/epoch=113
  [Client 18] Starting Hier-pFedMe | λ2=35.0, η2=0.02, inner_steps=1, epochs=1, batches/epoch=113


  [Client 18] Round 2 | Hier-pFedMe(λ2=35.0, K=1) | loss=0.8867
  [Client 16] Round 2 | Hier-pFedMe(λ2=35.0, K=1) | loss=0.8753
  [Edge 1] G2 | E4 | loss=0.8796
  [Edge 1] G2 | E5 | Hier-pFedMe | Selected 10/10
  [Client 14] Received edge weights.
[C14] Test set: samples=600, class_dist={0: 307, 9: 293}
  [Client 18] Received edge weights.
[C18] Test set: samples=600, class_dist={1: 314, 9: 286}
  [Client 11] Received edge weights.
[C11] Test set: samples=600, class_dist={0: 300, 1: 300}
  [Client 13] Received edge weights.
[C13] Test set: samples=600, class_dist={0: 311, 8: 289}
  [Client 17] Received edge weights.
[C17] Test set: samples=600, class_dist={1: 289, 9: 311}
  [Client 16] Received edge weights.
[C16] Test set: samples=600, class_dist={1: 291, 8: 309}
  [Client 10] Received edge weights.
[C10] Test set: samples=600, class_dist={8: 292, 9: 308}
  [Client 15] Received edge weights.
[C15] Test set: samples=600, class_dist={0: 305, 8: 295}
  [Client 19] Received edge weights.
[C19] Test set: samples=600, class_dist={0: 286, 9: 314}
  [Client 12] Received edge weights.
[C12] Test set: samples=600, class_dist={1: 308, 8: 292}
  [Client 18] Starting Hier-pFedMe | λ2=35.0, η2=0.02, inner_steps=1, epochs=1, batches/epoch=113  [Client 11] Starting Hier-pFedMe | λ2=35.0, η2=0.02, inner_steps=1, epochs=1, batches/epoch=113  [Client 14] Starting Hier-pFedMe | λ2=35.0, η2=0.02, inner_steps=1, epochs=1, batches/epoch=113  [Client 13] Starting Hier-pFedMe | λ2=35.0, η2=0.02, inner_steps=1, epochs=1, batches/epoch=113



  [Client 18] Round 2 | Hier-pFedMe(λ2=35.0, K=1) | loss=0.8905
  [Client 17] Starting Hier-pFedMe | λ2=35.0, η2=0.02, inner_steps=1, epochs=1, batches/epoch=113  [Client 13] Round 2 | Hier-pFedMe(λ2=35.0, K=1) | loss=0.8734

  [Client 11] Round 2 | Hier-pFedMe(λ2=35.0, K=1) | loss=0.8925
  [Client 16] Starting Hier-pFedMe | λ2=35.0, η2=0.02, inner_steps=1, epochs=1, batches/epoch=113  [Client 14] Round 2 | Hier-pFedMe(λ2=35.0, K=1) | loss=0.9089

  [Client 10] Starting Hier-pFedMe | λ2=35.0, η2=0.02, inner_steps=1, epochs=1, batches/epoch=113
  [Client 15] Starting Hier-pFedMe | λ2=35.0, η2=0.02, inner_steps=1, epochs=1, batches/epoch=113
  [Client 17] Round 2 | Hier-pFedMe(λ2=35.0, K=1) | loss=0.8752  [Client 10] Round 2 | Hier-pFedMe(λ2=35.0, K=1) | loss=0.8962

  [Client 12] Starting Hier-pFedMe | λ2=35.0, η2=0.02, inner_steps=1, epochs=1, batches/epoch=113  [Client 19] Starting Hier-pFedMe | λ2=35.0, η2=0.02, inner_steps=1, epochs=1, batches/epoch=113

  [Client 16] Round 2 | Hier-pFedMe(λ2=35.0, K=1) | loss=0.8774
  [Client 15] Round 2 | Hier-pFedMe(λ2=35.0, K=1) | loss=0.9012
  [Client 19] Round 2 | Hier-pFedMe(λ2=35.0, K=1) | loss=0.8672
  [Client 12] Round 2 | Hier-pFedMe(λ2=35.0, K=1) | loss=0.8578
  [Edge 1] G2 | E5 | loss=0.8840
[C0] n=1000 | classes=[3, 6] | acc=0.4890 | per_class={3: '0.00', 6: '1.00'}
[C1] n=1000 | classes=[3, 6] | acc=0.4850 | per_class={3: '0.00', 6: '1.00'}
[C2] n=1000 | classes=[2, 5] | acc=0.4930 | per_class={2: '0.00', 5: '1.00'}
[C3] n=1000 | classes=[5, 7] | acc=0.4940 | per_class={5: '0.00', 7: '1.00'}
[C4] n=1000 | classes=[2, 7] | acc=0.4930 | per_class={2: '0.00', 7: '1.00'}
[C5] n=1000 | classes=[2, 4] | acc=0.5100 | per_class={2: '1.00', 4: '0.00'}
[C6] n=1000 | classes=[6, 7] | acc=0.4930 | per_class={6: '1.00', 7: '0.00'}
[C7] n=1000 | classes=[3, 5] | acc=0.4850 | per_class={3: '1.00', 5: '0.00'}
[C8] n=500 | classes=[4] | acc=1.0000 | per_class={4: '1.00'}
[C9] n=500 | classes=[4] | acc=1.0000 | per_class={4: '1.00'}
[C10] n=600 | classes=[8, 9] | acc=0.4867 | per_class={8: '1.00', 9: '0.00'}
[C11] n=600 | classes=[0, 1] | acc=0.5000 | per_class={0: '1.00', 1: '0.00'}
[C12] n=600 | classes=[1, 8] | acc=0.5133 | per_class={1: '1.00', 8: '0.00'}
[C13] n=600 | classes=[0, 8] | acc=0.4817 | per_class={0: '0.00', 8: '1.00'}
[C14] n=600 | classes=[0, 9] | acc=0.5117 | per_class={0: '1.00', 9: '0.00'}
[C15] n=600 | classes=[0, 8] | acc=0.4917 | per_class={0: '0.00', 8: '1.00'}
[C16] n=600 | classes=[1, 8] | acc=0.4850 | per_class={1: '1.00', 8: '0.00'}
[C17] n=600 | classes=[1, 9] | acc=0.5183 | per_class={1: '0.00', 9: '1.00'}
[C18] n=600 | classes=[1, 9] | acc=0.4767 | per_class={1: '0.00', 9: '1.00'}
[C19] n=600 | classes=[0, 9] | acc=0.5233 | per_class={0: '0.00', 9: '1.00'}
  [Cloud] GM=0.1008 | EM=0.2001 PM=0.5290 | loss=2.3131 | time=58.6s | comm=683.7MB (total=1367MB)

[Round   3] Broadcasting to 2 edges...
  [Edge 0] W_n reset to global weights for new round.
  [Edge 1] W_n reset to global weights for new round.
  [Edge 0] G3 | E1 | Hier-pFedMe | Selected 10/10
  [Client  9] Received edge weights.
[C9] Test set: samples=500, class_dist={4: 500}
  [Client  4] Received edge weights.
[C4] Test set: samples=1000, class_dist={2: 507, 7: 493}
  [Client  3] Received edge weights.
[C3] Test set: samples=1000, class_dist={5: 506, 7: 494}
  [Client  6] Received edge weights.
[C6] Test set: samples=1000, class_dist={6: 493, 7: 507}
  [Client  1] Received edge weights.
[C1] Test set: samples=1000, class_dist={3: 515, 6: 485}
  [Client  5] Received edge weights.
[C5] Test set: samples=1000, class_dist={2: 510, 4: 490}
  [Client  0] Received edge weights.
[C0] Test set: samples=1000, class_dist={3: 511, 6: 489}
  [Client  7] Received edge weights.
[C7] Test set: samples=1000, class_dist={3: 485, 5: 515}
  [Client  8] Received edge weights.
[C8] Test set: samples=500, class_dist={4: 500}
  [Client  2] Received edge weights.
[C2] Test set: samples=1000, class_dist={2: 507, 5: 493}
  [Client  9] Starting Hier-pFedMe | λ2=35.0, η2=0.02, inner_steps=1, epochs=1, batches/epoch=94
  [Client  4] Starting Hier-pFedMe | λ2=35.0, η2=0.02, inner_steps=1, epochs=1, batches/epoch=188  [Client  3] Starting Hier-pFedMe | λ2=35.0, η2=0.02, inner_steps=1, epochs=1, batches/epoch=188  [Client  6] Starting Hier-pFedMe | λ2=35.0, η2=0.02, inner_steps=1, epochs=1, batches/epoch=188


  [Client  9] Round 3 | Hier-pFedMe(λ2=35.0, K=1) | loss=0.1287
  [Client  1] Starting Hier-pFedMe | λ2=35.0, η2=0.02, inner_steps=1, epochs=1, batches/epoch=188
  [Client  6] Round 3 | Hier-pFedMe(λ2=35.0, K=1) | loss=0.8964
  [Client  5] Starting Hier-pFedMe | λ2=35.0, η2=0.02, inner_steps=1, epochs=1, batches/epoch=188
  [Client  3] Round 3 | Hier-pFedMe(λ2=35.0, K=1) | loss=0.8888
  [Client  4] Round 3 | Hier-pFedMe(λ2=35.0, K=1) | loss=0.9061
  [Client  0] Starting Hier-pFedMe | λ2=35.0, η2=0.02, inner_steps=1, epochs=1, batches/epoch=188
  [Client  7] Starting Hier-pFedMe | λ2=35.0, η2=0.02, inner_steps=1, epochs=1, batches/epoch=188
  [Client  1] Round 3 | Hier-pFedMe(λ2=35.0, K=1) | loss=0.8986
  [Client  8] Starting Hier-pFedMe | λ2=35.0, η2=0.02, inner_steps=1, epochs=1, batches/epoch=94
  [Client  5] Round 3 | Hier-pFedMe(λ2=35.0, K=1) | loss=0.9017
  [Client  2] Starting Hier-pFedMe | λ2=35.0, η2=0.02, inner_steps=1, epochs=1, batches/epoch=188
  [Client  0] Round 3 | Hier-pFedMe(λ2=35.0, K=1) | loss=0.9000
  [Client  7] Round 3 | Hier-pFedMe(λ2=35.0, K=1) | loss=0.9041
  [Client  8] Round 3 | Hier-pFedMe(λ2=35.0, K=1) | loss=0.1204
  [Client  2] Round 3 | Hier-pFedMe(λ2=35.0, K=1) | loss=0.9031
  [Edge 0] G3 | E1 | loss=0.8137
  [Edge 0] G3 | E2 | Hier-pFedMe | Selected 10/10
  [Client  4] Received edge weights.
[C4] Test set: samples=1000, class_dist={2: 507, 7: 493}
  [Client  9] Received edge weights.
[C9] Test set: samples=500, class_dist={4: 500}
  [Client  5] Received edge weights.
[C5] Test set: samples=1000, class_dist={2: 510, 4: 490}
  [Client  6] Received edge weights.
[C6] Test set: samples=1000, class_dist={6: 493, 7: 507}
  [Client  7] Received edge weights.
[C7] Test set: samples=1000, class_dist={3: 485, 5: 515}
  [Client  1] Received edge weights.
[C1] Test set: samples=1000, class_dist={3: 515, 6: 485}
  [Client  8] Received edge weights.
[C8] Test set: samples=500, class_dist={4: 500}
  [Client  0] Received edge weights.
[C0] Test set: samples=1000, class_dist={3: 511, 6: 489}
  [Client  3] Received edge weights.
[C3] Test set: samples=1000, class_dist={5: 506, 7: 494}
  [Client  2] Received edge weights.
[C2] Test set: samples=1000, class_dist={2: 507, 5: 493}
  [Client  4] Starting Hier-pFedMe | λ2=35.0, η2=0.02, inner_steps=1, epochs=1, batches/epoch=188
  [Client  6] Starting Hier-pFedMe | λ2=35.0, η2=0.02, inner_steps=1, epochs=1, batches/epoch=188
  [Client  9] Starting Hier-pFedMe | λ2=35.0, η2=0.02, inner_steps=1, epochs=1, batches/epoch=94  [Client  5] Starting Hier-pFedMe | λ2=35.0, η2=0.02, inner_steps=1, epochs=1, batches/epoch=188

  [Client  9] Round 3 | Hier-pFedMe(λ2=35.0, K=1) | loss=0.1092
  [Client  7] Starting Hier-pFedMe | λ2=35.0, η2=0.02, inner_steps=1, epochs=1, batches/epoch=188
  [Client  6] Round 3 | Hier-pFedMe(λ2=35.0, K=1) | loss=0.8780
  [Client  5] Round 3 | Hier-pFedMe(λ2=35.0, K=1) | loss=0.8846  [Client  4] Round 3 | Hier-pFedMe(λ2=35.0, K=1) | loss=0.8874

  [Client  1] Starting Hier-pFedMe | λ2=35.0, η2=0.02, inner_steps=1, epochs=1, batches/epoch=188
  [Client  0] Starting Hier-pFedMe | λ2=35.0, η2=0.02, inner_steps=1, epochs=1, batches/epoch=188
  [Client  8] Starting Hier-pFedMe | λ2=35.0, η2=0.02, inner_steps=1, epochs=1, batches/epoch=94
  [Client  8] Round 3 | Hier-pFedMe(λ2=35.0, K=1) | loss=0.1040
  [Client  3] Starting Hier-pFedMe | λ2=35.0, η2=0.02, inner_steps=1, epochs=1, batches/epoch=188
  [Client  7] Round 3 | Hier-pFedMe(λ2=35.0, K=1) | loss=0.8731
  [Client  2] Starting Hier-pFedMe | λ2=35.0, η2=0.02, inner_steps=1, epochs=1, batches/epoch=188
  [Client  1] Round 3 | Hier-pFedMe(λ2=35.0, K=1) | loss=0.8888
  [Client  0] Round 3 | Hier-pFedMe(λ2=35.0, K=1) | loss=0.8891
  [Client  3] Round 3 | Hier-pFedMe(λ2=35.0, K=1) | loss=0.8714
  [Client  2] Round 3 | Hier-pFedMe(λ2=35.0, K=1) | loss=0.8915
  [Edge 0] G3 | E2 | loss=0.7967
  [Edge 0] G3 | E3 | Hier-pFedMe | Selected 10/10
  [Client  7] Received edge weights.
[C7] Test set: samples=1000, class_dist={3: 485, 5: 515}
  [Client  6] Received edge weights.
[C6] Test set: samples=1000, class_dist={6: 493, 7: 507}
  [Client  5] Received edge weights.
[C5] Test set: samples=1000, class_dist={2: 510, 4: 490}
  [Client  9] Received edge weights.
[C9] Test set: samples=500, class_dist={4: 500}
  [Client  4] Received edge weights.
[C4] Test set: samples=1000, class_dist={2: 507, 7: 493}
  [Client  1] Received edge weights.
[C1] Test set: samples=1000, class_dist={3: 515, 6: 485}
  [Client  2] Received edge weights.
[C2] Test set: samples=1000, class_dist={2: 507, 5: 493}
  [Client  0] Received edge weights.
[C0] Test set: samples=1000, class_dist={3: 511, 6: 489}
  [Client  3] Received edge weights.
[C3] Test set: samples=1000, class_dist={5: 506, 7: 494}
  [Client  8] Received edge weights.
[C8] Test set: samples=500, class_dist={4: 500}
  [Client  7] Starting Hier-pFedMe | λ2=35.0, η2=0.02, inner_steps=1, epochs=1, batches/epoch=188
  [Client  5] Starting Hier-pFedMe | λ2=35.0, η2=0.02, inner_steps=1, epochs=1, batches/epoch=188  [Client  9] Starting Hier-pFedMe | λ2=35.0, η2=0.02, inner_steps=1, epochs=1, batches/epoch=94

  [Client  6] Starting Hier-pFedMe | λ2=35.0, η2=0.02, inner_steps=1, epochs=1, batches/epoch=188
  [Client  9] Round 3 | Hier-pFedMe(λ2=35.0, K=1) | loss=0.1104
  [Client  4] Starting Hier-pFedMe | λ2=35.0, η2=0.02, inner_steps=1, epochs=1, batches/epoch=188
  [Client  6] Round 3 | Hier-pFedMe(λ2=35.0, K=1) | loss=0.8780
  [Client  1] Starting Hier-pFedMe | λ2=35.0, η2=0.02, inner_steps=1, epochs=1, batches/epoch=188
  [Client  7] Round 3 | Hier-pFedMe(λ2=35.0, K=1) | loss=0.8726
  [Client  2] Starting Hier-pFedMe | λ2=35.0, η2=0.02, inner_steps=1, epochs=1, batches/epoch=188
  [Client  5] Round 3 | Hier-pFedMe(λ2=35.0, K=1) | loss=0.9018
  [Client  0] Starting Hier-pFedMe | λ2=35.0, η2=0.02, inner_steps=1, epochs=1, batches/epoch=188
  [Client  4] Round 3 | Hier-pFedMe(λ2=35.0, K=1) | loss=0.8769
  [Client  3] Starting Hier-pFedMe | λ2=35.0, η2=0.02, inner_steps=1, epochs=1, batches/epoch=188
  [Client  1] Round 3 | Hier-pFedMe(λ2=35.0, K=1) | loss=0.8903
  [Client  8] Starting Hier-pFedMe | λ2=35.0, η2=0.02, inner_steps=1, epochs=1, batches/epoch=94
  [Client  2] Round 3 | Hier-pFedMe(λ2=35.0, K=1) | loss=0.8833
  [Client  0] Round 3 | Hier-pFedMe(λ2=35.0, K=1) | loss=0.8765
