This job can be monitored from: https://job.c3se.chalmers.se/alvis/6369463
========================================
Job ID      : 6369463
Job Name    : HierFLcifar10
Node        : alvis5-08
Start Time  : Fri Apr 10 05:38:03 CEST 2026
Working Dir : /cephyr/users/ziangg/Alvis/tf-dpfl
========================================
[Setup] Python: /cephyr/users/ziangg/Alvis/TF_DPFL_2026/bin/python
[Setup] TF version: 2.15.1
[Setup] GPU available: [PhysicalDevice(name='/physical_device:GPU:0', device_type='GPU')]
[Config] Override: wandb.enabled = True
[Setup] Random seed: 42
[Setup] Loading CIFAR-10...
[Setup] Building global model...
Model: "wideresnet28_4"
__________________________________________________________________________________________________
 Layer (type)                Output Shape                 Param #   Connected to                  
==================================================================================================
 input_1 (InputLayer)        [(None, 32, 32, 3)]          0         []                            
                                                                                                  
 conv2d (Conv2D)             (None, 32, 32, 16)           432       ['input_1[0][0]']             
                                                                                                  
 group_normalization (Group  (None, 32, 32, 16)           32        ['conv2d[0][0]']              
 Normalization)                                                                                   
                                                                                                  
 re_lu (ReLU)                (None, 32, 32, 16)           0         ['group_normalization[0][0]'] 
                                                                                                  
 conv2d_1 (Conv2D)           (None, 32, 32, 64)           9216      ['re_lu[0][0]']               
                                                                                                  
 dropout (Dropout)           (None, 32, 32, 64)           0         ['conv2d_1[0][0]']            
                                                                                                  
 group_normalization_1 (Gro  (None, 32, 32, 64)           128       ['dropout[0][0]']             
 upNormalization)                                                                                 
                                                                                                  
 re_lu_1 (ReLU)              (None, 32, 32, 64)           0         ['group_normalization_1[0][0]'
                                                                    ]                             
                                                                                                  
 conv2d_2 (Conv2D)           (None, 32, 32, 64)           36864     ['re_lu_1[0][0]']             
                                                                                                  
 conv2d_3 (Conv2D)           (None, 32, 32, 64)           1024      ['conv2d[0][0]']              
                                                                                                  
 tf.__operators__.add (TFOp  (None, 32, 32, 64)           0         ['conv2d_2[0][0]',            
 Lambda)                                                             'conv2d_3[0][0]']            
                                                                                                  
 group_normalization_2 (Gro  (None, 32, 32, 64)           128       ['tf.__operators__.add[0][0]']
 upNormalization)                                                                                 
                                                                                                  
 re_lu_2 (ReLU)              (None, 32, 32, 64)           0         ['group_normalization_2[0][0]'
                                                                    ]                             
                                                                                                  
 conv2d_4 (Conv2D)           (None, 32, 32, 64)           36864     ['re_lu_2[0][0]']             
                                                                                                  
 dropout_1 (Dropout)         (None, 32, 32, 64)           0         ['conv2d_4[0][0]']            
                                                                                                  
 group_normalization_3 (Gro  (None, 32, 32, 64)           128       ['dropout_1[0][0]']           
 upNormalization)                                                                                 
                                                                                                  
 re_lu_3 (ReLU)              (None, 32, 32, 64)           0         ['group_normalization_3[0][0]'
                                                                    ]                             
                                                                                                  
 conv2d_5 (Conv2D)           (None, 32, 32, 64)           36864     ['re_lu_3[0][0]']             
                                                                                                  
 tf.__operators__.add_1 (TF  (None, 32, 32, 64)           0         ['conv2d_5[0][0]',            
 OpLambda)                                                           'tf.__operators__.add[0][0]']
                                                                                                  
 group_normalization_4 (Gro  (None, 32, 32, 64)           128       ['tf.__operators__.add_1[0][0]
 upNormalization)                                                   ']                            
                                                                                                  
 re_lu_4 (ReLU)              (None, 32, 32, 64)           0         ['group_normalization_4[0][0]'
                                                                    ]                             
                                                                                                  
 conv2d_6 (Conv2D)           (None, 16, 16, 128)          73728     ['re_lu_4[0][0]']             
                                                                                                  
 dropout_2 (Dropout)         (None, 16, 16, 128)          0         ['conv2d_6[0][0]']            
                                                                                                  
 group_normalization_5 (Gro  (None, 16, 16, 128)          256       ['dropout_2[0][0]']           
 upNormalization)                                                                                 
                                                                                                  
 re_lu_5 (ReLU)              (None, 16, 16, 128)          0         ['group_normalization_5[0][0]'
                                                                    ]                             
                                                                                                  
 conv2d_7 (Conv2D)           (None, 16, 16, 128)          147456    ['re_lu_5[0][0]']             
                                                                                                  
 conv2d_8 (Conv2D)           (None, 16, 16, 128)          8192      ['tf.__operators__.add_1[0][0]
                                                                    ']                            
                                                                                                  
 tf.__operators__.add_2 (TF  (None, 16, 16, 128)          0         ['conv2d_7[0][0]',            
 OpLambda)                                                           'conv2d_8[0][0]']            
                                                                                                  
 group_normalization_6 (Gro  (None, 16, 16, 128)          256       ['tf.__operators__.add_2[0][0]
 upNormalization)                                                   ']                            
                                                                                                  
 re_lu_6 (ReLU)              (None, 16, 16, 128)          0         ['group_normalization_6[0][0]'
                                                                    ]                             
                                                                                                  
 conv2d_9 (Conv2D)           (None, 16, 16, 128)          147456    ['re_lu_6[0][0]']             
                                                                                                  
 dropout_3 (Dropout)         (None, 16, 16, 128)          0         ['conv2d_9[0][0]']            
                                                                                                  
 group_normalization_7 (Gro  (None, 16, 16, 128)          256       ['dropout_3[0][0]']           
 upNormalization)                                                                                 
                                                                                                  
 re_lu_7 (ReLU)              (None, 16, 16, 128)          0         ['group_normalization_7[0][0]'
                                                                    ]                             
                                                                                                  
 conv2d_10 (Conv2D)          (None, 16, 16, 128)          147456    ['re_lu_7[0][0]']             
                                                                                                  
 tf.__operators__.add_3 (TF  (None, 16, 16, 128)          0         ['conv2d_10[0][0]',           
 OpLambda)                                                           'tf.__operators__.add_2[0][0]
                                                                    ']                            
                                                                                                  
 group_normalization_8 (Gro  (None, 16, 16, 128)          256       ['tf.__operators__.add_3[0][0]
 upNormalization)                                                   ']                            
                                                                                                  
 re_lu_8 (ReLU)              (None, 16, 16, 128)          0         ['group_normalization_8[0][0]'
                                                                    ]                             
                                                                                                  
 conv2d_11 (Conv2D)          (None, 8, 8, 256)            294912    ['re_lu_8[0][0]']             
                                                                                                  
 dropout_4 (Dropout)         (None, 8, 8, 256)            0         ['conv2d_11[0][0]']           
                                                                                                  
 group_normalization_9 (Gro  (None, 8, 8, 256)            512       ['dropout_4[0][0]']           
 upNormalization)                                                                                 
                                                                                                  
 re_lu_9 (ReLU)              (None, 8, 8, 256)            0         ['group_normalization_9[0][0]'
                                                                    ]                             
                                                                                                  
 conv2d_12 (Conv2D)          (None, 8, 8, 256)            589824    ['re_lu_9[0][0]']             
                                                                                                  
 conv2d_13 (Conv2D)          (None, 8, 8, 256)            32768     ['tf.__operators__.add_3[0][0]
                                                                    ']                            
                                                                                                  
 tf.__operators__.add_4 (TF  (None, 8, 8, 256)            0         ['conv2d_12[0][0]',           
 OpLambda)                                                           'conv2d_13[0][0]']           
                                                                                                  
 group_normalization_10 (Gr  (None, 8, 8, 256)            512       ['tf.__operators__.add_4[0][0]
 oupNormalization)                                                  ']                            
                                                                                                  
 re_lu_10 (ReLU)             (None, 8, 8, 256)            0         ['group_normalization_10[0][0]
                                                                    ']                            
                                                                                                  
 conv2d_14 (Conv2D)          (None, 8, 8, 256)            589824    ['re_lu_10[0][0]']            
                                                                                                  
 dropout_5 (Dropout)         (None, 8, 8, 256)            0         ['conv2d_14[0][0]']           
                                                                                                  
 group_normalization_11 (Gr  (None, 8, 8, 256)            512       ['dropout_5[0][0]']           
 oupNormalization)                                                                                
                                                                                                  
 re_lu_11 (ReLU)             (None, 8, 8, 256)            0         ['group_normalization_11[0][0]
                                                                    ']                            
                                                                                                  
 conv2d_15 (Conv2D)          (None, 8, 8, 256)            589824    ['re_lu_11[0][0]']            
                                                                                                  
 tf.__operators__.add_5 (TF  (None, 8, 8, 256)            0         ['conv2d_15[0][0]',           
 OpLambda)                                                           'tf.__operators__.add_4[0][0]
                                                                    ']                            
                                                                                                  
 group_normalization_12 (Gr  (None, 8, 8, 256)            512       ['tf.__operators__.add_5[0][0]
 oupNormalization)                                                  ']                            
                                                                                                  
 re_lu_12 (ReLU)             (None, 8, 8, 256)            0         ['group_normalization_12[0][0]
                                                                    ']                            
                                                                                                  
 global_average_pooling2d (  (None, 256)                  0         ['re_lu_12[0][0]']            
 GlobalAveragePooling2D)                                                                          
                                                                                                  
 dense (Dense)               (None, 10)                   2570      ['global_average_pooling2d[0][
                                                                    0]']                          
                                                                                                  
==================================================================================================
Total params: 2748890 (10.49 MB)
Trainable params: 2748890 (10.49 MB)
Non-trainable params: 0 (0.00 Byte)
__________________________________________________________________________________________________
[Setup] Building clients...

[Non-IID] α=0.5, 10 clients, 10 classes
Client       Samples    Top-3 classes
----------------------------------------------------
client_0     3597       cls9:1461, cls7:941, cls5:343
client_1     5704       cls4:3063, cls6:1108, cls8:456
client_2     2879       cls1:1113, cls4:911, cls6:520
client_3     2857       cls0:1266, cls1:545, cls9:435
client_4     6512       cls0:2148, cls2:1687, cls8:1321
client_5     4084       cls3:2404, cls2:907, cls1:350
client_6     7936       cls7:3402, cls5:1951, cls6:1507
client_7     4043       cls1:2304, cls8:583, cls2:322
client_8     3670       cls6:1117, cls5:718, cls0:437
client_9     8718       cls8:2259, cls9:1870, cls3:1815

[Setup] 10 clients built (noniid, α=0.5)
[Setup] Building edge servers...

[Assignment] Histogram clustering | 10 clients → 2 edges | no DP
  Edge 0: clients [0, 3, 4, 5, 6, 9]
  Edge 1: clients [1, 2, 7, 8]
[EdgeServer 0] 6 clients | 33704 samples
[EdgeServer 1] 4 clients | 16296 samples

[Setup] Built 2 edge servers (strategy=histogram)
  Edge 0: 6 clients | 33704 samples
  Edge 1: 4 clients | 16296 samples
[CloudServer] 2 edges | model: 10.49 MB

====================================================
 HierFAVG Training Start
====================================================

[Round   1] Broadcasting to 2 edges...
  [Edge 0] G1 | E1 | Selected 4/6
  [Client  5] Round 1 | pFedMe(λ=15.0,β=1.0) | loss=1.5738
  [Client  4] Round 1 | pFedMe(λ=15.0,β=1.0) | loss=1.9347
  [Client  9] Round 1 | pFedMe(λ=15.0,β=1.0) | loss=2.0667
  [Client  0] Round 1 | pFedMe(λ=15.0,β=1.0) | loss=1.9554
  [Edge 0] G1 | E1 | loss=1.9239
  [Edge 0] G1 | E2 | Selected 4/6
  [Client  3] Round 1 | pFedMe(λ=15.0,β=1.0) | loss=3.8585
  [Client  9] Round 1 | pFedMe(λ=15.0,β=1.0) | loss=2.7829
  [Client  5] Round 1 | pFedMe(λ=15.0,β=1.0) | loss=3.1079
  [Client  6] Round 1 | pFedMe(λ=15.0,β=1.0) | loss=4.8569
  [Edge 0] G1 | E2 | loss=3.6669
  [Edge 1] G1 | E1 | Selected 2/4
  [Client  1] Round 1 | pFedMe(λ=15.0,β=1.0) | loss=1.7634
  [Client  2] Round 1 | pFedMe(λ=15.0,β=1.0) | loss=1.8726
  [Edge 1] G1 | E1 | loss=1.8000
  [Edge 1] G1 | E2 | Selected 2/4
  [Client  7] Round 1 | pFedMe(λ=15.0,β=1.0) | loss=5.4849
  [Client  1] Round 1 | pFedMe(λ=15.0,β=1.0) | loss=3.6330
  [Edge 1] G1 | E2 | loss=4.4012
  [Cloud] acc=0.1000 | loss=6.4051 | time=216.7s | comm=461.4MB (total=461MB)

[Round   2] Broadcasting to 2 edges...
  [Edge 0] G2 | E1 | Selected 4/6
  [Client  4] Round 2 | pFedMe(λ=15.0,β=1.0) | loss=5.3284
  [Client  0] Round 2 | pFedMe(λ=15.0,β=1.0) | loss=4.2241
  [Client  5] Round 2 | pFedMe(λ=15.0,β=1.0) | loss=3.9851
  [Client  6] Round 2 | pFedMe(λ=15.0,β=1.0) | loss=2.0805
  [Edge 0] G2 | E1 | loss=3.7362
  [Edge 0] G2 | E2 | Selected 4/6
  [Client  0] Round 2 | pFedMe(λ=15.0,β=1.0) | loss=6.8221
  [Client  4] Round 2 | pFedMe(λ=15.0,β=1.0) | loss=3.9593
  [Client  6] Round 2 | pFedMe(λ=15.0,β=1.0) | loss=10.0764
  [Client  3] Round 2 | pFedMe(λ=15.0,β=1.0) | loss=4.9175
  [Edge 0] G2 | E2 | loss=6.9054
  [Edge 1] G2 | E1 | Selected 2/4
  [Client  7] Round 2 | pFedMe(λ=15.0,β=1.0) | loss=3.3639
  [Client  2] Round 2 | pFedMe(λ=15.0,β=1.0) | loss=5.0957
  [Edge 1] G2 | E1 | loss=4.0842
  [Edge 1] G2 | E2 | Selected 2/4
  [Client  8] Round 2 | pFedMe(λ=15.0,β=1.0) | loss=9.8727
  [Client  7] Round 2 | pFedMe(λ=15.0,β=1.0) | loss=4.6591
  [Edge 1] G2 | E2 | loss=7.1398
  [Cloud] acc=0.1000 | loss=6.4753 | time=118.7s | comm=461.4MB (total=923MB)

[Round   3] Broadcasting to 2 edges...
  [Edge 0] G3 | E1 | Selected 4/6
  [Client  0] Round 3 | pFedMe(λ=15.0,β=1.0) | loss=4.2246
  [Client  4] Round 3 | pFedMe(λ=15.0,β=1.0) | loss=5.4981
  [Client  6] Round 3 | pFedMe(λ=15.0,β=1.0) | loss=2.0301
  [Client  9] Round 3 | pFedMe(λ=15.0,β=1.0) | loss=5.4481
  [Edge 0] G3 | E1 | loss=4.2823
  [Edge 0] G3 | E2 | Selected 4/6
  [Client  0] Round 3 | pFedMe(λ=15.0,β=1.0) | loss=7.2405
  [Client  3] Round 3 | pFedMe(λ=15.0,β=1.0) | loss=4.4635
  [Client  6] Round 3 | pFedMe(λ=15.0,β=1.0) | loss=12.6429
  [Client  5] Round 3 | pFedMe(λ=15.0,β=1.0) | loss=2.9506
  [Edge 0] G3 | E2 | loss=8.1835
  [Edge 1] G3 | E1 | Selected 2/4
  [Client  2] Round 3 | pFedMe(λ=15.0,β=1.0) | loss=6.0220
  [Client  7] Round 3 | pFedMe(λ=15.0,β=1.0) | loss=5.5465
  [Edge 1] G3 | E1 | loss=5.7443
  [Edge 1] G3 | E2 | Selected 2/4
  [Client  8] Round 3 | pFedMe(λ=15.0,β=1.0) | loss=17.8249
  [Client  7] Round 3 | pFedMe(λ=15.0,β=1.0) | loss=8.3585
  [Edge 1] G3 | E2 | loss=12.8628
  [Cloud] acc=0.1000 | loss=3.1689 | time=112.9s | comm=461.4MB (total=1384MB)

[Round   4] Broadcasting to 2 edges...
  [Edge 0] G4 | E1 | Selected 4/6
  [Client  9] Round 4 | pFedMe(λ=15.0,β=1.0) | loss=3.0189
  [Client  5] Round 4 | pFedMe(λ=15.0,β=1.0) | loss=1.9066
  [Client  4] Round 4 | pFedMe(λ=15.0,β=1.0) | loss=2.3255
  [Client  0] Round 4 | pFedMe(λ=15.0,β=1.0) | loss=3.6295
  [Edge 0] G4 | E1 | loss=2.7194
  [Edge 0] G4 | E2 | Selected 4/6
  [Client  3] Round 4 | pFedMe(λ=15.0,β=1.0) | loss=4.7125
  [Client  4] Round 4 | pFedMe(λ=15.0,β=1.0) | loss=3.2735
  [Client  0] Round 4 | pFedMe(λ=15.0,β=1.0) | loss=4.1480
  [Client  9] Round 4 | pFedMe(λ=15.0,β=1.0) | loss=3.1202
  [Edge 0] G4 | E2 | loss=3.5465
  [Edge 1] G4 | E1 | Selected 2/4
  [Client  1] Round 4 | pFedMe(λ=15.0,β=1.0) | loss=2.5447
  [Client  7] Round 4 | pFedMe(λ=15.0,β=1.0) | loss=4.4230
  [Edge 1] G4 | E1 | loss=3.3238
  [Edge 1] G4 | E2 | Selected 2/4
  [Client  2] Round 4 | pFedMe(λ=15.0,β=1.0) | loss=1.7534
  [Client  1] Round 4 | pFedMe(λ=15.0,β=1.0) | loss=2.2490
  [Edge 1] G4 | E2 | loss=2.0827
  [Cloud] acc=0.0997 | loss=2.7621 | time=118.4s | comm=461.4MB (total=1846MB)

[Round   5] Broadcasting to 2 edges...
  [Edge 0] G5 | E1 | Selected 4/6
  [Client  3] Round 5 | pFedMe(λ=15.0,β=1.0) | loss=2.2398
  [Client  9] Round 5 | pFedMe(λ=15.0,β=1.0) | loss=3.1659
  [Client  6] Round 5 | pFedMe(λ=15.0,β=1.0) | loss=1.9650
  [Client  4] Round 5 | pFedMe(λ=15.0,β=1.0) | loss=2.6934
  [Edge 0] G5 | E1 | loss=2.5798
  [Edge 0] G5 | E2 | Selected 4/6
  [Client  6] Round 5 | pFedMe(λ=15.0,β=1.0) | loss=2.4561
  [Client  4] Round 5 | pFedMe(λ=15.0,β=1.0) | loss=2.1763
  [Client  0] Round 5 | pFedMe(λ=15.0,β=1.0) | loss=2.1155
  [Client  3] Round 5 | pFedMe(λ=15.0,β=1.0) | loss=2.5440
  [Edge 0] G5 | E2 | loss=2.3223
  [Edge 1] G5 | E1 | Selected 2/4
  [Client  1] Round 5 | pFedMe(λ=15.0,β=1.0) | loss=2.1197
  [Client  8] Round 5 | pFedMe(λ=15.0,β=1.0) | loss=2.1861
  [Edge 1] G5 | E1 | loss=2.1457
  [Edge 1] G5 | E2 | Selected 2/4
  [Client  8] Round 5 | pFedMe(λ=15.0,β=1.0) | loss=3.6609
  [Client  7] Round 5 | pFedMe(λ=15.0,β=1.0) | loss=4.5006
  [Edge 1] G5 | E2 | loss=4.1010
  [Cloud] acc=0.1000 | loss=2.8467 | time=120.5s | comm=461.4MB (total=2307MB)

[Round   6] Broadcasting to 2 edges...
  [Edge 0] G6 | E1 | Selected 4/6
  [Client  5] Round 6 | pFedMe(λ=15.0,β=1.0) | loss=3.0643
  [Client  6] Round 6 | pFedMe(λ=15.0,β=1.0) | loss=2.0898
  [Client  0] Round 6 | pFedMe(λ=15.0,β=1.0) | loss=2.9365
  [Client  9] Round 6 | pFedMe(λ=15.0,β=1.0) | loss=2.9097
  [Edge 0] G6 | E1 | loss=2.6722
  [Edge 0] G6 | E2 | Selected 4/6
  [Client  9] Round 6 | pFedMe(λ=15.0,β=1.0) | loss=2.3252
  [Client  0] Round 6 | pFedMe(λ=15.0,β=1.0) | loss=2.1151
  [Client  4] Round 6 | pFedMe(λ=15.0,β=1.0) | loss=3.2007
  [Client  6] Round 6 | pFedMe(λ=15.0,β=1.0) | loss=1.9799
  [Edge 0] G6 | E2 | loss=2.4076
  [Edge 1] G6 | E1 | Selected 2/4
  [Client  8] Round 6 | pFedMe(λ=15.0,β=1.0) | loss=2.5692
  [Client  1] Round 6 | pFedMe(λ=15.0,β=1.0) | loss=4.4074
  [Edge 1] G6 | E1 | loss=3.6878
  [Edge 1] G6 | E2 | Selected 2/4
  [Client  8] Round 6 | pFedMe(λ=15.0,β=1.0) | loss=2.1717
  [Client  2] Round 6 | pFedMe(λ=15.0,β=1.0) | loss=2.2852
  [Edge 1] G6 | E2 | loss=2.2216
  [Cloud] acc=0.1000 | loss=2.4486 | time=125.7s | comm=461.4MB (total=2768MB)

[Round   7] Broadcasting to 2 edges...
  [Edge 0] G7 | E1 | Selected 4/6
  [Client  4] Round 7 | pFedMe(λ=15.0,β=1.0) | loss=2.0322
  [Client  6] Round 7 | pFedMe(λ=15.0,β=1.0) | loss=2.2620
  [Client  3] Round 7 | pFedMe(λ=15.0,β=1.0) | loss=2.3649
  [Client  5] Round 7 | pFedMe(λ=15.0,β=1.0) | loss=2.5825
  [Edge 0] G7 | E1 | loss=2.2669
  [Edge 0] G7 | E2 | Selected 4/6
  [Client  6] Round 7 | pFedMe(λ=15.0,β=1.0) | loss=2.0629
  [Client  9] Round 7 | pFedMe(λ=15.0,β=1.0) | loss=2.3992
  [Client  4] Round 7 | pFedMe(λ=15.0,β=1.0) | loss=2.0560
  [Client  3] Round 7 | pFedMe(λ=15.0,β=1.0) | loss=2.0799
  [Edge 0] G7 | E2 | loss=2.1757
  [Edge 1] G7 | E1 | Selected 2/4
  [Client  8] Round 7 | pFedMe(λ=15.0,β=1.0) | loss=2.3295
  [Client  1] Round 7 | pFedMe(λ=15.0,β=1.0) | loss=2.9542
  [Edge 1] G7 | E1 | loss=2.7097
  [Edge 1] G7 | E2 | Selected 2/4
  [Client  1] Round 7 | pFedMe(λ=15.0,β=1.0) | loss=1.6262
  [Client  7] Round 7 | pFedMe(λ=15.0,β=1.0) | loss=2.8168
  [Edge 1] G7 | E2 | loss=2.1200
  [Cloud] acc=0.1000 | loss=2.3343 | time=125.2s | comm=461.4MB (total=3230MB)

[Round   8] Broadcasting to 2 edges...
  [Edge 0] G8 | E1 | Selected 4/6
  [Client  5] Round 8 | pFedMe(λ=15.0,β=1.0) | loss=2.4530
  [Client  6] Round 8 | pFedMe(λ=15.0,β=1.0) | loss=2.1972
  [Client  0] Round 8 | pFedMe(λ=15.0,β=1.0) | loss=2.3282
  [Client  4] Round 8 | pFedMe(λ=15.0,β=1.0) | loss=2.1286
  [Edge 0] G8 | E1 | loss=2.2455
  [Edge 0] G8 | E2 | Selected 4/6
  [Client  3] Round 8 | pFedMe(λ=15.0,β=1.0) | loss=2.6071
  [Client  0] Round 8 | pFedMe(λ=15.0,β=1.0) | loss=2.1193
  [Client  4] Round 8 | pFedMe(λ=15.0,β=1.0) | loss=2.4364
  [Client  5] Round 8 | pFedMe(λ=15.0,β=1.0) | loss=2.3132
  [Edge 0] G8 | E2 | loss=2.3686
  [Edge 1] G8 | E1 | Selected 2/4
  [Client  1] Round 8 | pFedMe(λ=15.0,β=1.0) | loss=2.5404
  [Client  8] Round 8 | pFedMe(λ=15.0,β=1.0) | loss=2.2587
  [Edge 1] G8 | E1 | loss=2.4301
  [Edge 1] G8 | E2 | Selected 2/4
  [Client  7] Round 8 | pFedMe(λ=15.0,β=1.0) | loss=2.9210
  [Client  2] Round 8 | pFedMe(λ=15.0,β=1.0) | loss=2.1699
  [Edge 1] G8 | E2 | loss=2.6086
  [Cloud] acc=0.1000 | loss=2.5394 | time=104.7s | comm=461.4MB (total=3691MB)

[Round   9] Broadcasting to 2 edges...
  [Edge 0] G9 | E1 | Selected 4/6
  [Client  6] Round 9 | pFedMe(λ=15.0,β=1.0) | loss=3.1838
  [Client  3] Round 9 | pFedMe(λ=15.0,β=1.0) | loss=1.7829
  [Client  9] Round 9 | pFedMe(λ=15.0,β=1.0) | loss=2.3056
  [Client  0] Round 9 | pFedMe(λ=15.0,β=1.0) | loss=2.8139
  [Edge 0] G9 | E1 | loss=2.6217
  [Edge 0] G9 | E2 | Selected 4/6
  [Client  4] Round 9 | pFedMe(λ=15.0,β=1.0) | loss=2.5870
  [Client  9] Round 9 | pFedMe(λ=15.0,β=1.0) | loss=2.1981
  [Client  5] Round 9 | pFedMe(λ=15.0,β=1.0) | loss=2.2882
  [Client  0] Round 9 | pFedMe(λ=15.0,β=1.0) | loss=2.0211
  [Edge 0] G9 | E2 | loss=2.2969
  [Edge 1] G9 | E1 | Selected 2/4
  [Client  1] Round 9 | pFedMe(λ=15.0,β=1.0) | loss=2.8413
  [Client  8] Round 9 | pFedMe(λ=15.0,β=1.0) | loss=2.5503
  [Edge 1] G9 | E1 | loss=2.7273
  [Edge 1] G9 | E2 | Selected 2/4
  [Client  8] Round 9 | pFedMe(λ=15.0,β=1.0) | loss=2.2468
  [Client  7] Round 9 | pFedMe(λ=15.0,β=1.0) | loss=2.5417
  [Edge 1] G9 | E2 | loss=2.4013
  [Cloud] acc=0.1105 | loss=2.3465 | time=118.4s | comm=461.4MB (total=4153MB)

[Round  10] Broadcasting to 2 edges...
  [Edge 0] G10 | E1 | Selected 4/6
  [Client  6] Round 10 | pFedMe(λ=15.0,β=1.0) | loss=2.5202
  [Client  3] Round 10 | pFedMe(λ=15.0,β=1.0) | loss=2.3478
  [Client  5] Round 10 | pFedMe(λ=15.0,β=1.0) | loss=2.0124
  [Client  0] Round 10 | pFedMe(λ=15.0,β=1.0) | loss=2.4584
  [Edge 0] G10 | E1 | loss=2.3692
  [Edge 0] G10 | E2 | Selected 4/6
  [Client  5] Round 10 | pFedMe(λ=15.0,β=1.0) | loss=2.1569
  [Client  4] Round 10 | pFedMe(λ=15.0,β=1.0) | loss=2.6491
  [Client  3] Round 10 | pFedMe(λ=15.0,β=1.0) | loss=2.5474
  [Client  9] Round 10 | pFedMe(λ=15.0,β=1.0) | loss=2.4360
  [Edge 0] G10 | E2 | loss=2.4615
  [Edge 1] G10 | E1 | Selected 2/4
  [Client  8] Round 10 | pFedMe(λ=15.0,β=1.0) | loss=2.3961
  [Client  2] Round 10 | pFedMe(λ=15.0,β=1.0) | loss=2.4500
  [Edge 1] G10 | E1 | loss=2.4198
  [Edge 1] G10 | E2 | Selected 2/4
  [Client  8] Round 10 | pFedMe(λ=15.0,β=1.0) | loss=2.1377
  [Client  7] Round 10 | pFedMe(λ=15.0,β=1.0) | loss=2.0198
  [Edge 1] G10 | E2 | loss=2.0759
  [Cloud] acc=0.0999 | loss=2.3490 | time=103.9s | comm=461.4MB (total=4614MB)

[Round  11] Broadcasting to 2 edges...
  [Edge 0] G11 | E1 | Selected 4/6
  [Client  4] Round 11 | pFedMe(λ=15.0,β=1.0) | loss=2.0548
  [Client  3] Round 11 | pFedMe(λ=15.0,β=1.0) | loss=2.0054
  [Client  0] Round 11 | pFedMe(λ=15.0,β=1.0) | loss=2.4809
  [Client  6] Round 11 | pFedMe(λ=15.0,β=1.0) | loss=2.6698
  [Edge 0] G11 | E1 | loss=2.3549
  [Edge 0] G11 | E2 | Selected 4/6
  [Client  4] Round 11 | pFedMe(λ=15.0,β=1.0) | loss=2.0499
  [Client  9] Round 11 | pFedMe(λ=15.0,β=1.0) | loss=2.3548
  [Client  5] Round 11 | pFedMe(λ=15.0,β=1.0) | loss=2.5561
  [Client  0] Round 11 | pFedMe(λ=15.0,β=1.0) | loss=2.2026
  [Edge 0] G11 | E2 | loss=2.2801
  [Edge 1] G11 | E1 | Selected 2/4
  [Client  2] Round 11 | pFedMe(λ=15.0,β=1.0) | loss=2.4093
  [Client  7] Round 11 | pFedMe(λ=15.0,β=1.0) | loss=2.2042
  [Edge 1] G11 | E1 | loss=2.2895
  [Edge 1] G11 | E2 | Selected 2/4
  [Client  1] Round 11 | pFedMe(λ=15.0,β=1.0) | loss=2.8157
  [Client  8] Round 11 | pFedMe(λ=15.0,β=1.0) | loss=2.8463
  [Edge 1] G11 | E2 | loss=2.8277
  [Cloud] acc=0.1162 | loss=2.3182 | time=113.3s | comm=461.4MB (total=5075MB)

[Round  12] Broadcasting to 2 edges...
  [Edge 0] G12 | E1 | Selected 4/6
  [Client  9] Round 12 | pFedMe(λ=15.0,β=1.0) | loss=2.1071
  [Client  4] Round 12 | pFedMe(λ=15.0,β=1.0) | loss=2.0840
  [Client  6] Round 12 | pFedMe(λ=15.0,β=1.0) | loss=2.4492
  [Client  5] Round 12 | pFedMe(λ=15.0,β=1.0) | loss=2.1322
  [Edge 0] G12 | E1 | loss=2.2050
  [Edge 0] G12 | E2 | Selected 4/6
  [Client  0] Round 12 | pFedMe(λ=15.0,β=1.0) | loss=2.3121
  [Client  6] Round 12 | pFedMe(λ=15.0,β=1.0) | loss=2.3290
  [Client  9] Round 12 | pFedMe(λ=15.0,β=1.0) | loss=2.0502
  [Client  5] Round 12 | pFedMe(λ=15.0,β=1.0) | loss=1.9857
  [Edge 0] G12 | E2 | loss=2.1690
  [Edge 1] G12 | E1 | Selected 2/4
  [Client  2] Round 12 | pFedMe(λ=15.0,β=1.0) | loss=2.5057
  [Client  1] Round 12 | pFedMe(λ=15.0,β=1.0) | loss=2.3229
  [Edge 1] G12 | E1 | loss=2.3842
  [Edge 1] G12 | E2 | Selected 2/4
  [Client  7] Round 12 | pFedMe(λ=15.0,β=1.0) | loss=2.5883
  [Client  1] Round 12 | pFedMe(λ=15.0,β=1.0) | loss=1.6444
  [Edge 1] G12 | E2 | loss=2.0359
  [Cloud] acc=0.1037 | loss=2.3086 | time=130.7s | comm=461.4MB (total=5537MB)

[Round  13] Broadcasting to 2 edges...
  [Edge 0] G13 | E1 | Selected 4/6
  [Client  9] Round 13 | pFedMe(λ=15.0,β=1.0) | loss=2.2089
  [Client  4] Round 13 | pFedMe(λ=15.0,β=1.0) | loss=2.3684
  [Client  0] Round 13 | pFedMe(λ=15.0,β=1.0) | loss=2.1340
  [Client  5] Round 13 | pFedMe(λ=15.0,β=1.0) | loss=2.1332
  [Edge 0] G13 | E1 | loss=2.2290
  [Edge 0] G13 | E2 | Selected 4/6
  [Client  6] Round 13 | pFedMe(λ=15.0,β=1.0) | loss=2.5934
  [Client  3] Round 13 | pFedMe(λ=15.0,β=1.0) | loss=2.3333
  [Client  9] Round 13 | pFedMe(λ=15.0,β=1.0) | loss=1.9954
  [Client  5] Round 13 | pFedMe(λ=15.0,β=1.0) | loss=1.8801
  [Edge 0] G13 | E2 | loss=2.2175
  [Edge 1] G13 | E1 | Selected 2/4
  [Client  1] Round 13 | pFedMe(λ=15.0,β=1.0) | loss=2.3017
  [Client  8] Round 13 | pFedMe(λ=15.0,β=1.0) | loss=2.3393
  [Edge 1] G13 | E1 | loss=2.3164
  [Edge 1] G13 | E2 | Selected 2/4
  [Client  1] Round 13 | pFedMe(λ=15.0,β=1.0) | loss=1.6254
  [Client  7] Round 13 | pFedMe(λ=15.0,β=1.0) | loss=2.6239
  [Edge 1] G13 | E2 | loss=2.0396
  [Cloud] acc=0.1034 | loss=2.2877 | time=123.1s | comm=461.4MB (total=5998MB)

[Round  14] Broadcasting to 2 edges...
  [Edge 0] G14 | E1 | Selected 4/6
  [Client  9] Round 14 | pFedMe(λ=15.0,β=1.0) | loss=2.1938
  [Client  0] Round 14 | pFedMe(λ=15.0,β=1.0) | loss=2.2457
  [Client  4] Round 14 | pFedMe(λ=15.0,β=1.0) | loss=2.2355
  [Client  5] Round 14 | pFedMe(λ=15.0,β=1.0) | loss=2.1256
  [Edge 0] G14 | E1 | loss=2.2016
  [Edge 0] G14 | E2 | Selected 4/6
  [Client  6] Round 14 | pFedMe(λ=15.0,β=1.0) | loss=2.5813
  [Client  9] Round 14 | pFedMe(λ=15.0,β=1.0) | loss=1.9875
  [Client  3] Round 14 | pFedMe(λ=15.0,β=1.0) | loss=2.2852
  [Client  5] Round 14 | pFedMe(λ=15.0,β=1.0) | loss=1.8921
  [Edge 0] G14 | E2 | loss=2.2068
  [Edge 1] G14 | E1 | Selected 2/4
  [Client  8] Round 14 | pFedMe(λ=15.0,β=1.0) | loss=2.2919
  [Client  1] Round 14 | pFedMe(λ=15.0,β=1.0) | loss=2.3016
  [Edge 1] G14 | E1 | loss=2.2978
  [Edge 1] G14 | E2 | Selected 2/4
  [Client  2] Round 14 | pFedMe(λ=15.0,β=1.0) | loss=2.0486
  [Client  7] Round 14 | pFedMe(λ=15.0,β=1.0) | loss=2.7358
  [Edge 1] G14 | E2 | loss=2.4500
  [Cloud] acc=0.1000 | loss=2.3083 | time=117.9s | comm=461.4MB (total=6459MB)

[Round  15] Broadcasting to 2 edges...
  [Edge 0] G15 | E1 | Selected 4/6
  [Client  9] Round 15 | pFedMe(λ=15.0,β=1.0) | loss=2.1741
  [Client  5] Round 15 | pFedMe(λ=15.0,β=1.0) | loss=2.1049
  [Client  0] Round 15 | pFedMe(λ=15.0,β=1.0) | loss=2.2922
  [Client  6] Round 15 | pFedMe(λ=15.0,β=1.0) | loss=2.2933
  [Edge 0] G15 | E1 | loss=2.2188
  [Edge 0] G15 | E2 | Selected 4/6
  [Client  0] Round 15 | pFedMe(λ=15.0,β=1.0) | loss=1.9410
  [Client  4] Round 15 | pFedMe(λ=15.0,β=1.0) | loss=2.5459
