This job can be monitored from: https://job.c3se.chalmers.se/alvis/6635798
========================================
Job ID      : 6635798
Job Name    : HierFLcifar10
Node        : alvis5-04
Start Time  : Fri May 15 12:21:34 CEST 2026
Working Dir : /cephyr/users/ziangg/Alvis/tf-dpfl
========================================
[Setup] Python: /cephyr/users/ziangg/Alvis/tf-dpfl/bin/python
[Setup] TF version: 2.15.1
[Setup] GPU available: [PhysicalDevice(name='/physical_device:GPU:0', device_type='GPU')]
[Config] Override: wandb.enabled = True
[Setup] Random seed: 42
[Setup] Loading dataset...
[Data] CIFAR-10 from Mimer: /mimer/NOBACKUP/Datasets/CIFAR
[Setup] Building global model...
Model: "cifar_cnn_3conv"
_________________________________________________________________
 Layer (type)                Output Shape              Param #   
=================================================================
 input_1 (InputLayer)        [(None, 32, 32, 3)]       0         
                                                                 
 conv2d (Conv2D)             (None, 32, 32, 32)        896       
                                                                 
 batch_normalization (Batch  (None, 32, 32, 32)        128       
 Normalization)                                                  
                                                                 
 re_lu (ReLU)                (None, 32, 32, 32)        0         
                                                                 
 conv2d_1 (Conv2D)           (None, 32, 32, 64)        18496     
                                                                 
 batch_normalization_1 (Bat  (None, 32, 32, 64)        256       
 chNormalization)                                                
                                                                 
 re_lu_1 (ReLU)              (None, 32, 32, 64)        0         
                                                                 
 max_pooling2d (MaxPooling2  (None, 16, 16, 64)        0         
 D)                                                              
                                                                 
 conv2d_2 (Conv2D)           (None, 16, 16, 128)       73856     
                                                                 
 batch_normalization_2 (Bat  (None, 16, 16, 128)       512       
 chNormalization)                                                
                                                                 
 re_lu_2 (ReLU)              (None, 16, 16, 128)       0         
                                                                 
 conv2d_3 (Conv2D)           (None, 16, 16, 128)       147584    
                                                                 
 batch_normalization_3 (Bat  (None, 16, 16, 128)       512       
 chNormalization)                                                
                                                                 
 re_lu_3 (ReLU)              (None, 16, 16, 128)       0         
                                                                 
 max_pooling2d_1 (MaxPoolin  (None, 8, 8, 128)         0         
 g2D)                                                            
                                                                 
 spatial_dropout2d (Spatial  (None, 8, 8, 128)         0         
 Dropout2D)                                                      
                                                                 
 conv2d_4 (Conv2D)           (None, 8, 8, 256)         295168    
                                                                 
 batch_normalization_4 (Bat  (None, 8, 8, 256)         1024      
 chNormalization)                                                
                                                                 
 re_lu_4 (ReLU)              (None, 8, 8, 256)         0         
                                                                 
 conv2d_5 (Conv2D)           (None, 8, 8, 256)         590080    
                                                                 
 batch_normalization_5 (Bat  (None, 8, 8, 256)         1024      
 chNormalization)                                                
                                                                 
 re_lu_5 (ReLU)              (None, 8, 8, 256)         0         
                                                                 
 max_pooling2d_2 (MaxPoolin  (None, 4, 4, 256)         0         
 g2D)                                                            
                                                                 
 flatten (Flatten)           (None, 4096)              0         
                                                                 
 dropout (Dropout)           (None, 4096)              0         
                                                                 
 dense (Dense)               (None, 1024)              4195328   
                                                                 
 dense_1 (Dense)             (None, 512)               524800    
                                                                 
 dropout_1 (Dropout)         (None, 512)               0         
                                                                 
 dense_2 (Dense)             (None, 10)                5130      
                                                                 
=================================================================
Total params: 5854794 (22.33 MB)
Trainable params: 5853066 (22.33 MB)
Non-trainable params: 1728 (6.75 KB)
_________________________________________________________________
[Setup] Building clients...

[Superclass-aware partition] 2 edges, 2 classes/client

  Edge 0 (class pool: [2, 3, 4, 5, 6, 7]):
  Client       Samples    Classes held                        Out-of-pool?
  ---------------------------------------------------------------------------
  client_0     4000       [3, 6]                              OK
  client_1     4000       [3, 6]                              OK
  client_2     4000       [2, 5]                              OK
  client_3     4000       [5, 7]                              OK
  client_4     4000       [2, 7]                              OK
  client_5     4000       [2, 4]                              OK
  client_6     4000       [6, 7]                              OK
  client_7     4000       [3, 5]                              OK
  client_8     2000       [4]                                 OK
  client_9     2000       [4]                                 OK

  Edge 1 (class pool: [0, 1, 8, 9]):
  Client       Samples    Classes held                        Out-of-pool?
  ---------------------------------------------------------------------------
  client_10    2400       [8, 9]                              OK
  client_11    2400       [0, 1]                              OK
  client_12    2400       [1, 8]                              OK
  client_13    2400       [0, 8]                              OK
  client_14    2400       [0, 9]                              OK
  client_15    2400       [0, 8]                              OK
  client_16    2400       [1, 8]                              OK
  client_17    2400       [1, 9]                              OK
  client_18    2400       [1, 9]                              OK
  client_19    2400       [0, 9]                              OK

[Train/Test split] 20 clients | avg train=2250, avg test=750 samples (ratio=0.25)
[Setup] 20 clients built (superclass_pathological) | per-client test sets injected
[Setup] Building edge servers...
[Assignment] Using pre-baked superclass assignments | 2 edges
[EdgeServer 0] 10 clients | 27000 samples
[EdgeServer 1] 10 clients | 18000 samples

[Setup] Built 2 edge servers (strategy=superclass_baked)
  Edge 0: 10 clients | 27000 samples
  Edge 1: 10 clients | 18000 samples
[Setup] Building per-edge test datasets (superclass-aware)...
[CloudServer] 2 edges | model: 22.33 MB

====================================================
 HierFAVG Training Start
====================================================

[Round   1] Broadcasting to 2 edges...
  [Edge 0] W_n reset to global weights for new round.
  [Edge 1] W_n reset to global weights for new round.
  [Edge 0] G1 | E1 | Hier-pFedMe | Selected 10/10
  [Client  3] Received edge weights.
  [Client  6] Received edge weights.
  [Client  9] Received edge weights.
  [Client  8] Received edge weights.
  [Client  7] Received edge weights.
  [Client  1] Received edge weights.
  [Client  4] Received edge weights.
  [Client  0] Received edge weights.
  [Client  5] Received edge weights.
  [Client  2] Received edge weights.
  [Client  8] Round 1 | Hier-pFedMe(λ2=35.0,K=30) | loss=0.0000
  [Client  6] Round 1 | Hier-pFedMe(λ2=35.0,K=30) | loss=0.0042
  [Client  9] Round 1 | Hier-pFedMe(λ2=35.0,K=30) | loss=0.0000
  [Client  3] Round 1 | Hier-pFedMe(λ2=35.0,K=30) | loss=0.0015
  [Client  7] Round 1 | Hier-pFedMe(λ2=35.0,K=30) | loss=0.0028
  [Client  4] Round 1 | Hier-pFedMe(λ2=35.0,K=30) | loss=0.0032
  [Client  1] Round 1 | Hier-pFedMe(λ2=35.0,K=30) | loss=0.0043
  [Client  0] Round 1 | Hier-pFedMe(λ2=35.0,K=30) | loss=0.0041
  [Client  5] Round 1 | Hier-pFedMe(λ2=35.0,K=30) | loss=0.0312
  [Client  2] Round 1 | Hier-pFedMe(λ2=35.0,K=30) | loss=0.0026
  [Edge 0] G1 | E1 | loss=0.0060
  [Edge 0] G1 | E2 | Hier-pFedMe | Selected 10/10
  [Client  3] Received edge weights.
  [Client  0] Received edge weights.
  [Client  7] Received edge weights.
  [Client  9] Received edge weights.
  [Client  6] Received edge weights.
  [Client  4] Received edge weights.
  [Client  2] Received edge weights.
  [Client  8] Received edge weights.
  [Client  5] Received edge weights.
  [Client  1] Received edge weights.
  [Client  0] Round 1 | Hier-pFedMe(λ2=35.0,K=30) | loss=0.0023
  [Client  3] Round 1 | Hier-pFedMe(λ2=35.0,K=30) | loss=0.0026
  [Client  9] Round 1 | Hier-pFedMe(λ2=35.0,K=30) | loss=0.0000
  [Client  7] Round 1 | Hier-pFedMe(λ2=35.0,K=30) | loss=0.0024
  [Client  6] Round 1 | Hier-pFedMe(λ2=35.0,K=30) | loss=0.0011
  [Client  4] Round 1 | Hier-pFedMe(λ2=35.0,K=30) | loss=0.0024
  [Client  2] Round 1 | Hier-pFedMe(λ2=35.0,K=30) | loss=0.0017
  [Client  8] Round 1 | Hier-pFedMe(λ2=35.0,K=30) | loss=0.0000
  [Client  5] Round 1 | Hier-pFedMe(λ2=35.0,K=30) | loss=0.0023
  [Client  1] Round 1 | Hier-pFedMe(λ2=35.0,K=30) | loss=0.0016
  [Edge 0] G1 | E2 | loss=0.0018
  [Edge 0] G1 | E3 | Hier-pFedMe | Selected 10/10
  [Client  9] Received edge weights.
  [Client  7] Received edge weights.
  [Client  8] Received edge weights.
  [Client  6] Received edge weights.
  [Client  4] Received edge weights.
  [Client  1] Received edge weights.
  [Client  0] Received edge weights.
  [Client  3] Received edge weights.
  [Client  5] Received edge weights.
  [Client  2] Received edge weights.
  [Client  9] Round 1 | Hier-pFedMe(λ2=35.0,K=30) | loss=0.0000
  [Client  8] Round 1 | Hier-pFedMe(λ2=35.0,K=30) | loss=0.0000
  [Client  7] Round 1 | Hier-pFedMe(λ2=35.0,K=30) | loss=0.0015
  [Client  6] Round 1 | Hier-pFedMe(λ2=35.0,K=30) | loss=0.0008
  [Client  4] Round 1 | Hier-pFedMe(λ2=35.0,K=30) | loss=0.0010
  [Client  1] Round 1 | Hier-pFedMe(λ2=35.0,K=30) | loss=0.0015
  [Client  0] Round 1 | Hier-pFedMe(λ2=35.0,K=30) | loss=0.0010
  [Client  3] Round 1 | Hier-pFedMe(λ2=35.0,K=30) | loss=0.0008
  [Client  5] Round 1 | Hier-pFedMe(λ2=35.0,K=30) | loss=0.0019
  [Client  2] Round 1 | Hier-pFedMe(λ2=35.0,K=30) | loss=0.0012
  [Edge 0] G1 | E3 | loss=0.0011
  [Edge 0] G1 | E4 | Hier-pFedMe | Selected 10/10
  [Client  8] Received edge weights.
  [Client  6] Received edge weights.
  [Client  0] Received edge weights.
  [Client  9] Received edge weights.
  [Client  7] Received edge weights.
  [Client  3] Received edge weights.
  [Client  5] Received edge weights.
  [Client  2] Received edge weights.
  [Client  1] Received edge weights.
  [Client  4] Received edge weights.
  [Client  0] Round 1 | Hier-pFedMe(λ2=35.0,K=30) | loss=0.0017
  [Client  6] Round 1 | Hier-pFedMe(λ2=35.0,K=30) | loss=0.0012
  [Client  9] Round 1 | Hier-pFedMe(λ2=35.0,K=30) | loss=0.0000  [Client  8] Round 1 | Hier-pFedMe(λ2=35.0,K=30) | loss=0.0000

  [Client  7] Round 1 | Hier-pFedMe(λ2=35.0,K=30) | loss=0.0011
  [Client  3] Round 1 | Hier-pFedMe(λ2=35.0,K=30) | loss=0.0006
  [Client  2] Round 1 | Hier-pFedMe(λ2=35.0,K=30) | loss=0.0021
  [Client  5] Round 1 | Hier-pFedMe(λ2=35.0,K=30) | loss=0.0028
  [Client  1] Round 1 | Hier-pFedMe(λ2=35.0,K=30) | loss=0.0010
  [Client  4] Round 1 | Hier-pFedMe(λ2=35.0,K=30) | loss=0.0012
  [Edge 0] G1 | E4 | loss=0.0013
  [Edge 0] G1 | E5 | Hier-pFedMe | Selected 10/10
  [Client  8] Received edge weights.
  [Client  1] Received edge weights.
  [Client  7] Received edge weights.
  [Client  4] Received edge weights.
  [Client  5] Received edge weights.
  [Client  9] Received edge weights.
  [Client  3] Received edge weights.
  [Client  0] Received edge weights.
  [Client  6] Received edge weights.
  [Client  2] Received edge weights.
  [Client  8] Round 1 | Hier-pFedMe(λ2=35.0,K=30) | loss=0.0000  [Client  7] Round 1 | Hier-pFedMe(λ2=35.0,K=30) | loss=0.0010

  [Client  1] Round 1 | Hier-pFedMe(λ2=35.0,K=30) | loss=0.0017
  [Client  4] Round 1 | Hier-pFedMe(λ2=35.0,K=30) | loss=0.0011
  [Client  5] Round 1 | Hier-pFedMe(λ2=35.0,K=30) | loss=0.0020
  [Client  9] Round 1 | Hier-pFedMe(λ2=35.0,K=30) | loss=0.0000
  [Client  3] Round 1 | Hier-pFedMe(λ2=35.0,K=30) | loss=0.0009
  [Client  0] Round 1 | Hier-pFedMe(λ2=35.0,K=30) | loss=0.0020
  [Client  6] Round 1 | Hier-pFedMe(λ2=35.0,K=30) | loss=0.0012
  [Client  2] Round 1 | Hier-pFedMe(λ2=35.0,K=30) | loss=0.0018
  [Edge 0] G1 | E5 | loss=0.0013
  [Edge 1] G1 | E1 | Hier-pFedMe | Selected 10/10
  [Client 10] Received edge weights.
  [Client 19] Received edge weights.
  [Client 13] Received edge weights.
  [Client 17] Received edge weights.
  [Client 12] Received edge weights.
  [Client 14] Received edge weights.
  [Client 15] Received edge weights.
  [Client 11] Received edge weights.
  [Client 16] Received edge weights.
  [Client 18] Received edge weights.
  [Client 19] Round 1 | Hier-pFedMe(λ2=35.0,K=30) | loss=0.0026
  [Client 17] Round 1 | Hier-pFedMe(λ2=35.0,K=30) | loss=0.0027
  [Client 13] Round 1 | Hier-pFedMe(λ2=35.0,K=30) | loss=0.0022
  [Client 10] Round 1 | Hier-pFedMe(λ2=35.0,K=30) | loss=0.0022
  [Client 12] Round 1 | Hier-pFedMe(λ2=35.0,K=30) | loss=0.0018
  [Client 14] Round 1 | Hier-pFedMe(λ2=35.0,K=30) | loss=0.0015
  [Client 15] Round 1 | Hier-pFedMe(λ2=35.0,K=30) | loss=0.0066
  [Client 11] Round 1 | Hier-pFedMe(λ2=35.0,K=30) | loss=0.0011
  [Client 16] Round 1 | Hier-pFedMe(λ2=35.0,K=30) | loss=0.0009
  [Client 18] Round 1 | Hier-pFedMe(λ2=35.0,K=30) | loss=0.0033
  [Edge 1] G1 | E1 | loss=0.0025
  [Edge 1] G1 | E2 | Hier-pFedMe | Selected 10/10
  [Client 11] Received edge weights.
  [Client 15] Received edge weights.
  [Client 19] Received edge weights.
  [Client 16] Received edge weights.
  [Client 18] Received edge weights.
  [Client 14] Received edge weights.
  [Client 17] Received edge weights.
  [Client 12] Received edge weights.
  [Client 13] Received edge weights.
  [Client 10] Received edge weights.
  [Client 11] Round 1 | Hier-pFedMe(λ2=35.0,K=30) | loss=0.0020
  [Client 16] Round 1 | Hier-pFedMe(λ2=35.0,K=30) | loss=0.0013
  [Client 19] Round 1 | Hier-pFedMe(λ2=35.0,K=30) | loss=0.0024  [Client 15] Round 1 | Hier-pFedMe(λ2=35.0,K=30) | loss=0.0019

  [Client 18] Round 1 | Hier-pFedMe(λ2=35.0,K=30) | loss=0.0016
  [Client 14] Round 1 | Hier-pFedMe(λ2=35.0,K=30) | loss=0.0028
  [Client 17] Round 1 | Hier-pFedMe(λ2=35.0,K=30) | loss=0.0026
  [Client 12] Round 1 | Hier-pFedMe(λ2=35.0,K=30) | loss=0.0009
  [Client 13] Round 1 | Hier-pFedMe(λ2=35.0,K=30) | loss=0.0018
  [Client 10] Round 1 | Hier-pFedMe(λ2=35.0,K=30) | loss=0.0063
  [Edge 1] G1 | E2 | loss=0.0024
  [Edge 1] G1 | E3 | Hier-pFedMe | Selected 10/10
  [Client 10] Received edge weights.
  [Client 14] Received edge weights.
  [Client 15] Received edge weights.
  [Client 12] Received edge weights.
  [Client 18] Received edge weights.
  [Client 11] Received edge weights.
  [Client 16] Received edge weights.
  [Client 13] Received edge weights.
  [Client 17] Received edge weights.
  [Client 19] Received edge weights.
  [Client 14] Round 1 | Hier-pFedMe(λ2=35.0,K=30) | loss=0.0011
  [Client 10] Round 1 | Hier-pFedMe(λ2=35.0,K=30) | loss=0.0009
  [Client 12] Round 1 | Hier-pFedMe(λ2=35.0,K=30) | loss=0.0011  [Client 15] Round 1 | Hier-pFedMe(λ2=35.0,K=30) | loss=0.0020

  [Client 11] Round 1 | Hier-pFedMe(λ2=35.0,K=30) | loss=0.0003
  [Client 18] Round 1 | Hier-pFedMe(λ2=35.0,K=30) | loss=0.0023
  [Client 16] Round 1 | Hier-pFedMe(λ2=35.0,K=30) | loss=0.0010
  [Client 13] Round 1 | Hier-pFedMe(λ2=35.0,K=30) | loss=0.0010
  [Client 17] Round 1 | Hier-pFedMe(λ2=35.0,K=30) | loss=0.0016
  [Client 19] Round 1 | Hier-pFedMe(λ2=35.0,K=30) | loss=0.0018
  [Edge 1] G1 | E3 | loss=0.0013
  [Edge 1] G1 | E4 | Hier-pFedMe | Selected 10/10
  [Client 12] Received edge weights.
  [Client 18] Received edge weights.
  [Client 14] Received edge weights.
  [Client 15] Received edge weights.
  [Client 10] Received edge weights.
  [Client 13] Received edge weights.
  [Client 11] Received edge weights.
  [Client 16] Received edge weights.
  [Client 19] Received edge weights.
  [Client 17] Received edge weights.
  [Client 18] Round 1 | Hier-pFedMe(λ2=35.0,K=30) | loss=0.0012
  [Client 14] Round 1 | Hier-pFedMe(λ2=35.0,K=30) | loss=0.0007
  [Client 15] Round 1 | Hier-pFedMe(λ2=35.0,K=30) | loss=0.0009  [Client 12] Round 1 | Hier-pFedMe(λ2=35.0,K=30) | loss=0.0012

  [Client 10] Round 1 | Hier-pFedMe(λ2=35.0,K=30) | loss=0.0009
  [Client 13] Round 1 | Hier-pFedMe(λ2=35.0,K=30) | loss=0.0015  [Client 11] Round 1 | Hier-pFedMe(λ2=35.0,K=30) | loss=0.0006

  [Client 16] Round 1 | Hier-pFedMe(λ2=35.0,K=30) | loss=0.0007
  [Client 19] Round 1 | Hier-pFedMe(λ2=35.0,K=30) | loss=0.0012
  [Client 17] Round 1 | Hier-pFedMe(λ2=35.0,K=30) | loss=0.0009
  [Edge 1] G1 | E4 | loss=0.0010
  [Edge 1] G1 | E5 | Hier-pFedMe | Selected 10/10
  [Client 13] Received edge weights.
  [Client 16] Received edge weights.
  [Client 18] Received edge weights.
  [Client 19] Received edge weights.
  [Client 17] Received edge weights.
  [Client 15] Received edge weights.
  [Client 12] Received edge weights.
  [Client 14] Received edge weights.
  [Client 11] Received edge weights.
  [Client 10] Received edge weights.
  [Client 13] Round 1 | Hier-pFedMe(λ2=35.0,K=30) | loss=0.0020
  [Client 18] Round 1 | Hier-pFedMe(λ2=35.0,K=30) | loss=0.0017
  [Client 19] Round 1 | Hier-pFedMe(λ2=35.0,K=30) | loss=0.0006
  [Client 16] Round 1 | Hier-pFedMe(λ2=35.0,K=30) | loss=0.0010
  [Client 17] Round 1 | Hier-pFedMe(λ2=35.0,K=30) | loss=0.0012
  [Client 15] Round 1 | Hier-pFedMe(λ2=35.0,K=30) | loss=0.0019
  [Client 12] Round 1 | Hier-pFedMe(λ2=35.0,K=30) | loss=0.0016
  [Client 14] Round 1 | Hier-pFedMe(λ2=35.0,K=30) | loss=0.0011
  [Client 11] Round 1 | Hier-pFedMe(λ2=35.0,K=30) | loss=0.0006
  [Client 10] Round 1 | Hier-pFedMe(λ2=35.0,K=30) | loss=0.0010
  [Edge 1] G1 | E5 | loss=0.0013
[C0] eval model[0] mean=-0.001104 | θ̃ mean=-0.001104 | edge mean=-0.000814 |local ref=-0.001104
[C0] n=1000 | classes=[3, 6] | acc=0.6300 | per_class={3: '0.65', 6: '0.61'}
[C1] eval model[0] mean=-0.000935 | θ̃ mean=-0.000935 | edge mean=-0.000814 |local ref=-0.000935
[C1] n=1000 | classes=[3, 6] | acc=0.6600 | per_class={3: '0.66', 6: '0.66'}
[C2] eval model[0] mean=-0.000014 | θ̃ mean=-0.000014 | edge mean=-0.000814 |local ref=-0.000013
[C2] n=1000 | classes=[2, 5] | acc=0.5680 | per_class={2: '0.85', 5: '0.27'}
[C3] eval model[0] mean=-0.000244 | θ̃ mean=-0.000244 | edge mean=-0.000814 |local ref=-0.000244
[C3] n=1000 | classes=[5, 7] | acc=0.5710 | per_class={5: '0.38', 7: '0.77'}
[C4] eval model[0] mean=-0.000128 | θ̃ mean=-0.000128 | edge mean=-0.000814 |local ref=-0.000129
[C4] n=1000 | classes=[2, 7] | acc=0.6540 | per_class={2: '0.76', 7: '0.54'}
[C5] eval model[0] mean=-0.001385 | θ̃ mean=-0.001385 | edge mean=-0.000814 |local ref=-0.001385
[C5] n=1000 | classes=[2, 4] | acc=0.5230 | per_class={2: '0.73', 4: '0.31'}
[C6] eval model[0] mean=-0.000562 | θ̃ mean=-0.000562 | edge mean=-0.000814 |local ref=-0.000562
[C6] n=1000 | classes=[6, 7] | acc=0.5610 | per_class={6: '0.87', 7: '0.26'}
[C7] eval model[0] mean=-0.001136 | θ̃ mean=-0.001136 | edge mean=-0.000814 |local ref=-0.001136
[C7] n=1000 | classes=[3, 5] | acc=0.5080 | per_class={3: '0.80', 5: '0.23'}
[C8] eval model[0] mean=-0.000529 | θ̃ mean=-0.000529 | edge mean=-0.000814 |local ref=-0.000529
[C8] n=500 | classes=[4] | acc=1.0000 | per_class={4: '1.00'}
[C9] eval model[0] mean=-0.001601 | θ̃ mean=-0.001601 | edge mean=-0.000814 |local ref=-0.001601
[C9] n=500 | classes=[4] | acc=1.0000 | per_class={4: '1.00'}
[C10] eval model[0] mean=-0.000451 | θ̃ mean=-0.000451 | edge mean=-0.001061 |local ref=-0.000449
[C10] n=600 | classes=[8, 9] | acc=0.7983 | per_class={8: '0.86', 9: '0.74'}
[C11] eval model[0] mean=-0.001375 | θ̃ mean=-0.001375 | edge mean=-0.001061 |local ref=-0.001375
[C11] n=600 | classes=[0, 1] | acc=0.6117 | per_class={0: '0.90', 1: '0.33'}
[C12] eval model[0] mean=-0.000998 | θ̃ mean=-0.000998 | edge mean=-0.001061 |local ref=-0.000998
[C12] n=600 | classes=[1, 8] | acc=0.8117 | per_class={1: '0.82', 8: '0.80'}
[C13] eval model[0] mean=-0.001401 | θ̃ mean=-0.001401 | edge mean=-0.001061 |local ref=-0.001401
[C13] n=600 | classes=[0, 8] | acc=0.5483 | per_class={0: '0.90', 8: '0.17'}
[C14] eval model[0] mean=-0.000763 | θ̃ mean=-0.000763 | edge mean=-0.001061 |local ref=-0.000763
[C14] n=600 | classes=[0, 9] | acc=0.6950 | per_class={0: '0.44', 9: '0.96'}
[C15] eval model[0] mean=-0.001444 | θ̃ mean=-0.001444 | edge mean=-0.001061 |local ref=-0.001444
[C15] n=600 | classes=[0, 8] | acc=0.5517 | per_class={0: '0.23', 8: '0.89'}
[C16] eval model[0] mean=-0.001354 | θ̃ mean=-0.001354 | edge mean=-0.001061 |local ref=-0.001353
[C16] n=600 | classes=[1, 8] | acc=0.7667 | per_class={1: '0.67', 8: '0.85'}
[C17] eval model[0] mean=-0.000834 | θ̃ mean=-0.000834 | edge mean=-0.001061 |local ref=-0.000834
[C17] n=600 | classes=[1, 9] | acc=0.5717 | per_class={1: '0.52', 9: '0.62'}
[C18] eval model[0] mean=-0.000573 | θ̃ mean=-0.000573 | edge mean=-0.001061 |local ref=-0.000573
[C18] n=600 | classes=[1, 9] | acc=0.6500 | per_class={1: '0.68', 9: '0.62'}
[C19] eval model[0] mean=-0.000922 | θ̃ mean=-0.000922 | edge mean=-0.001061 |local ref=-0.000922
[C19] n=600 | classes=[0, 9] | acc=0.7667 | per_class={0: '0.74', 9: '0.79'}
  [Cloud] GM=0.1197 | EM=0.2765 PM=0.6492 | loss=2.2707 | time=91.3s | comm=4556.2MB (total=4556MB)

[Round   2] Broadcasting to 2 edges...
  [Edge 0] W_n reset to global weights for new round.
  [Edge 1] W_n reset to global weights for new round.
  [Edge 0] G2 | E1 | Hier-pFedMe | Selected 10/10
  [Client  9] Received edge weights.
  [Client  2] Received edge weights.
  [Client  6] Received edge weights.
  [Client  8] Received edge weights.
  [Client  5] Received edge weights.
  [Client  1] Received edge weights.
  [Client  4] Received edge weights.
  [Client  0] Received edge weights.
  [Client  7] Received edge weights.
  [Client  3] Received edge weights.
  [Client  2] Round 2 | Hier-pFedMe(λ2=35.0,K=30) | loss=0.0008  [Client  8] Round 2 | Hier-pFedMe(λ2=35.0,K=30) | loss=0.0000  [Client  9] Round 2 | Hier-pFedMe(λ2=35.0,K=30) | loss=0.0000

  [Client  6] Round 2 | Hier-pFedMe(λ2=35.0,K=30) | loss=0.0012

  [Client  1] Round 2 | Hier-pFedMe(λ2=35.0,K=30) | loss=0.0010  [Client  5] Round 2 | Hier-pFedMe(λ2=35.0,K=30) | loss=0.0010

  [Client  4] Round 2 | Hier-pFedMe(λ2=35.0,K=30) | loss=0.0025
  [Client  0] Round 2 | Hier-pFedMe(λ2=35.0,K=30) | loss=0.0009
  [Client  7] Round 2 | Hier-pFedMe(λ2=35.0,K=30) | loss=0.0012
  [Client  3] Round 2 | Hier-pFedMe(λ2=35.0,K=30) | loss=0.0009
  [Edge 0] G2 | E1 | loss=0.0011
  [Edge 0] G2 | E2 | Hier-pFedMe | Selected 10/10
  [Client  1] Received edge weights.
  [Client  5] Received edge weights.
  [Client  6] Received edge weights.
  [Client  8] Received edge weights.
  [Client  4] Received edge weights.
  [Client  3] Received edge weights.
  [Client  0] Received edge weights.
  [Client  7] Received edge weights.
  [Client  9] Received edge weights.
  [Client  2] Received edge weights.
  [Client  5] Round 2 | Hier-pFedMe(λ2=35.0,K=30) | loss=0.0008
  [Client  8] Round 2 | Hier-pFedMe(λ2=35.0,K=30) | loss=0.0000  [Client  6] Round 2 | Hier-pFedMe(λ2=35.0,K=30) | loss=0.0015

  [Client  1] Round 2 | Hier-pFedMe(λ2=35.0,K=30) | loss=0.0006
  [Client  4] Round 2 | Hier-pFedMe(λ2=35.0,K=30) | loss=0.0003
  [Client  3] Round 2 | Hier-pFedMe(λ2=35.0,K=30) | loss=0.0009
  [Client  7] Round 2 | Hier-pFedMe(λ2=35.0,K=30) | loss=0.0003
  [Client  0] Round 2 | Hier-pFedMe(λ2=35.0,K=30) | loss=0.0013
  [Client  9] Round 2 | Hier-pFedMe(λ2=35.0,K=30) | loss=0.0000
  [Client  2] Round 2 | Hier-pFedMe(λ2=35.0,K=30) | loss=0.0021
  [Edge 0] G2 | E2 | loss=0.0009
  [Edge 0] G2 | E3 | Hier-pFedMe | Selected 10/10
  [Client  6] Received edge weights.
  [Client  8] Received edge weights.
  [Client  3] Received edge weights.
  [Client  1] Received edge weights.
  [Client  9] Received edge weights.
  [Client  0] Received edge weights.
  [Client  5] Received edge weights.
  [Client  4] Received edge weights.
  [Client  7] Received edge weights.
  [Client  2] Received edge weights.
  [Client  6] Round 2 | Hier-pFedMe(λ2=35.0,K=30) | loss=0.0014
  [Client  3] Round 2 | Hier-pFedMe(λ2=35.0,K=30) | loss=0.0008
  [Client  1] Round 2 | Hier-pFedMe(λ2=35.0,K=30) | loss=0.0007
  [Client  8] Round 2 | Hier-pFedMe(λ2=35.0,K=30) | loss=0.0000
  [Client  9] Round 2 | Hier-pFedMe(λ2=35.0,K=30) | loss=0.0000
  [Client  0] Round 2 | Hier-pFedMe(λ2=35.0,K=30) | loss=0.0005
  [Client  5] Round 2 | Hier-pFedMe(λ2=35.0,K=30) | loss=0.0012
  [Client  4] Round 2 | Hier-pFedMe(λ2=35.0,K=30) | loss=0.0008
  [Client  7] Round 2 | Hier-pFedMe(λ2=35.0,K=30) | loss=0.0016
  [Client  2] Round 2 | Hier-pFedMe(λ2=35.0,K=30) | loss=0.0011
  [Edge 0] G2 | E3 | loss=0.0009
  [Edge 0] G2 | E4 | Hier-pFedMe | Selected 10/10
  [Client  5] Received edge weights.
  [Client  1] Received edge weights.
  [Client  6] Received edge weights.
  [Client  2] Received edge weights.
  [Client  8] Received edge weights.
  [Client  0] Received edge weights.
  [Client  7] Received edge weights.
  [Client  4] Received edge weights.
  [Client  3] Received edge weights.
  [Client  9] Received edge weights.
  [Client  1] Round 2 | Hier-pFedMe(λ2=35.0,K=30) | loss=0.0010
  [Client  2] Round 2 | Hier-pFedMe(λ2=35.0,K=30) | loss=0.0012  [Client  5] Round 2 | Hier-pFedMe(λ2=35.0,K=30) | loss=0.0014

  [Client  6] Round 2 | Hier-pFedMe(λ2=35.0,K=30) | loss=0.0003
  [Client  8] Round 2 | Hier-pFedMe(λ2=35.0,K=30) | loss=0.0000
  [Client  0] Round 2 | Hier-pFedMe(λ2=35.0,K=30) | loss=0.0012
  [Client  7] Round 2 | Hier-pFedMe(λ2=35.0,K=30) | loss=0.0009
  [Client  4] Round 2 | Hier-pFedMe(λ2=35.0,K=30) | loss=0.0005
  [Client  3] Round 2 | Hier-pFedMe(λ2=35.0,K=30) | loss=0.0010
  [Client  9] Round 2 | Hier-pFedMe(λ2=35.0,K=30) | loss=0.0000
  [Edge 0] G2 | E4 | loss=0.0008
  [Edge 0] G2 | E5 | Hier-pFedMe | Selected 10/10
  [Client  6] Received edge weights.
  [Client  2] Received edge weights.
  [Client  5] Received edge weights.
  [Client  1] Received edge weights.
  [Client  8] Received edge weights.
  [Client  9] Received edge weights.
  [Client  3] Received edge weights.
  [Client  7] Received edge weights.
  [Client  4] Received edge weights.
  [Client  0] Received edge weights.
  [Client  5] Round 2 | Hier-pFedMe(λ2=35.0,K=30) | loss=0.0010  [Client  2] Round 2 | Hier-pFedMe(λ2=35.0,K=30) | loss=0.0009  [Client  6] Round 2 | Hier-pFedMe(λ2=35.0,K=30) | loss=0.0013


  [Client  1] Round 2 | Hier-pFedMe(λ2=35.0,K=30) | loss=0.0008
  [Client  8] Round 2 | Hier-pFedMe(λ2=35.0,K=30) | loss=0.0000
  [Client  9] Round 2 | Hier-pFedMe(λ2=35.0,K=30) | loss=0.0000
  [Client  3] Round 2 | Hier-pFedMe(λ2=35.0,K=30) | loss=0.0006
  [Client  7] Round 2 | Hier-pFedMe(λ2=35.0,K=30) | loss=0.0007
  [Client  4] Round 2 | Hier-pFedMe(λ2=35.0,K=30) | loss=0.0026
  [Client  0] Round 2 | Hier-pFedMe(λ2=35.0,K=30) | loss=0.0010
  [Edge 0] G2 | E5 | loss=0.0010
  [Edge 1] G2 | E1 | Hier-pFedMe | Selected 10/10
  [Client 14] Received edge weights.
  [Client 16] Received edge weights.
  [Client 17] Received edge weights.
  [Client 11] Received edge weights.
  [Client 13] Received edge weights.
  [Client 19] Received edge weights.
  [Client 12] Received edge weights.
  [Client 10] Received edge weights.
  [Client 15] Received edge weights.
  [Client 18] Received edge weights.
  [Client 16] Round 2 | Hier-pFedMe(λ2=35.0,K=30) | loss=0.0006
  [Client 11] Round 2 | Hier-pFedMe(λ2=35.0,K=30) | loss=0.0008
  [Client 17] Round 2 | Hier-pFedMe(λ2=35.0,K=30) | loss=0.0008
  [Client 14] Round 2 | Hier-pFedMe(λ2=35.0,K=30) | loss=0.0004
  [Client 13] Round 2 | Hier-pFedMe(λ2=35.0,K=30) | loss=0.0008
  [Client 12] Round 2 | Hier-pFedMe(λ2=35.0,K=30) | loss=0.0008
  [Client 19] Round 2 | Hier-pFedMe(λ2=35.0,K=30) | loss=0.0006
  [Client 10] Round 2 | Hier-pFedMe(λ2=35.0,K=30) | loss=0.0010
  [Client 15] Round 2 | Hier-pFedMe(λ2=35.0,K=30) | loss=0.0005
  [Client 18] Round 2 | Hier-pFedMe(λ2=35.0,K=30) | loss=0.0006
  [Edge 1] G2 | E1 | loss=0.0007
  [Edge 1] G2 | E2 | Hier-pFedMe | Selected 10/10
  [Client 12] Received edge weights.
  [Client 11] Received edge weights.
  [Client 10] Received edge weights.
  [Client 13] Received edge weights.
  [Client 17] Received edge weights.
  [Client 19] Received edge weights.
  [Client 16] Received edge weights.
  [Client 18] Received edge weights.
  [Client 15] Received edge weights.
  [Client 14] Received edge weights.
  [Client 13] Round 2 | Hier-pFedMe(λ2=35.0,K=30) | loss=0.0005  [Client 12] Round 2 | Hier-pFedMe(λ2=35.0,K=30) | loss=0.0007
  [Client 11] Round 2 | Hier-pFedMe(λ2=35.0,K=30) | loss=0.0003

  [Client 10] Round 2 | Hier-pFedMe(λ2=35.0,K=30) | loss=0.0003
  [Client 17] Round 2 | Hier-pFedMe(λ2=35.0,K=30) | loss=0.0010
  [Client 19] Round 2 | Hier-pFedMe(λ2=35.0,K=30) | loss=0.0010
  [Client 16] Round 2 | Hier-pFedMe(λ2=35.0,K=30) | loss=0.0007
  [Client 18] Round 2 | Hier-pFedMe(λ2=35.0,K=30) | loss=0.0007
  [Client 15] Round 2 | Hier-pFedMe(λ2=35.0,K=30) | loss=0.0011
  [Client 14] Round 2 | Hier-pFedMe(λ2=35.0,K=30) | loss=0.0003
  [Edge 1] G2 | E2 | loss=0.0007
  [Edge 1] G2 | E3 | Hier-pFedMe | Selected 10/10
  [Client 13] Received edge weights.
  [Client 10] Received edge weights.
  [Client 14] Received edge weights.
  [Client 12] Received edge weights.
  [Client 17] Received edge weights.
  [Client 18] Received edge weights.
  [Client 16] Received edge weights.
  [Client 19] Received edge weights.
  [Client 15] Received edge weights.
  [Client 11] Received edge weights.
  [Client 10] Round 2 | Hier-pFedMe(λ2=35.0,K=30) | loss=0.0005
  [Client 12] Round 2 | Hier-pFedMe(λ2=35.0,K=30) | loss=0.0004
  [Client 13] Round 2 | Hier-pFedMe(λ2=35.0,K=30) | loss=0.0013
  [Client 14] Round 2 | Hier-pFedMe(λ2=35.0,K=30) | loss=0.0007
  [Client 17] Round 2 | Hier-pFedMe(λ2=35.0,K=30) | loss=0.0006
  [Client 18] Round 2 | Hier-pFedMe(λ2=35.0,K=30) | loss=0.0009
  [Client 16] Round 2 | Hier-pFedMe(λ2=35.0,K=30) | loss=0.0003
  [Client 19] Round 2 | Hier-pFedMe(λ2=35.0,K=30) | loss=0.0007
  [Client 15] Round 2 | Hier-pFedMe(λ2=35.0,K=30) | loss=0.0006
  [Client 11] Round 2 | Hier-pFedMe(λ2=35.0,K=30) | loss=0.0006
  [Edge 1] G2 | E3 | loss=0.0007
  [Edge 1] G2 | E4 | Hier-pFedMe | Selected 10/10
  [Client 11] Received edge weights.
  [Client 15] Received edge weights.
  [Client 14] Received edge weights.
  [Client 19] Received edge weights.
  [Client 12] Received edge weights.
  [Client 17] Received edge weights.
  [Client 10] Received edge weights.
  [Client 13] Received edge weights.
  [Client 16] Received edge weights.
  [Client 18] Received edge weights.
  [Client 14] Round 2 | Hier-pFedMe(λ2=35.0,K=30) | loss=0.0005
  [Client 19] Round 2 | Hier-pFedMe(λ2=35.0,K=30) | loss=0.0009
  [Client 11] Round 2 | Hier-pFedMe(λ2=35.0,K=30) | loss=0.0012
  [Client 15] Round 2 | Hier-pFedMe(λ2=35.0,K=30) | loss=0.0007
  [Client 12] Round 2 | Hier-pFedMe(λ2=35.0,K=30) | loss=0.0003
  [Client 17] Round 2 | Hier-pFedMe(λ2=35.0,K=30) | loss=0.0016
  [Client 10] Round 2 | Hier-pFedMe(λ2=35.0,K=30) | loss=0.0020
  [Client 13] Round 2 | Hier-pFedMe(λ2=35.0,K=30) | loss=0.0007
  [Client 16] Round 2 | Hier-pFedMe(λ2=35.0,K=30) | loss=0.0009
  [Client 18] Round 2 | Hier-pFedMe(λ2=35.0,K=30) | loss=0.0019
  [Edge 1] G2 | E4 | loss=0.0011
  [Edge 1] G2 | E5 | Hier-pFedMe | Selected 10/10
  [Client 14] Received edge weights.
  [Client 18] Received edge weights.
  [Client 11] Received edge weights.
  [Client 13] Received edge weights.
  [Client 17] Received edge weights.
  [Client 16] Received edge weights.
  [Client 10] Received edge weights.
  [Client 15] Received edge weights.
  [Client 19] Received edge weights.
  [Client 12] Received edge weights.
  [Client 13] Round 2 | Hier-pFedMe(λ2=35.0,K=30) | loss=0.0009
  [Client 18] Round 2 | Hier-pFedMe(λ2=35.0,K=30) | loss=0.0024
  [Client 14] Round 2 | Hier-pFedMe(λ2=35.0,K=30) | loss=0.0009
  [Client 11] Round 2 | Hier-pFedMe(λ2=35.0,K=30) | loss=0.0008
  [Client 17] Round 2 | Hier-pFedMe(λ2=35.0,K=30) | loss=0.0010
  [Client 16] Round 2 | Hier-pFedMe(λ2=35.0,K=30) | loss=0.0005
  [Client 10] Round 2 | Hier-pFedMe(λ2=35.0,K=30) | loss=0.0010
  [Client 15] Round 2 | Hier-pFedMe(λ2=35.0,K=30) | loss=0.0011
  [Client 19] Round 2 | Hier-pFedMe(λ2=35.0,K=30) | loss=0.0009
  [Client 12] Round 2 | Hier-pFedMe(λ2=35.0,K=30) | loss=0.0010
  [Edge 1] G2 | E5 | loss=0.0011
[C0] eval model[0] mean=-0.001596 | θ̃ mean=-0.001596 | edge mean=-0.001181 |local ref=-0.001596
[C0] n=1000 | classes=[3, 6] | acc=0.6070 | per_class={3: '0.52', 6: '0.70'}
[C1] eval model[0] mean=-0.000792 | θ̃ mean=-0.000792 | edge mean=-0.001181 |local ref=-0.000792
[C1] n=1000 | classes=[3, 6] | acc=0.5690 | per_class={3: '0.32', 6: '0.84'}
[C2] eval model[0] mean=-0.001456 | θ̃ mean=-0.001456 | edge mean=-0.001181 |local ref=-0.001456
[C2] n=1000 | classes=[2, 5] | acc=0.5790 | per_class={2: '0.39', 5: '0.77'}
[C3] eval model[0] mean=-0.001478 | θ̃ mean=-0.001478 | edge mean=-0.001181 |local ref=-0.001479
[C3] n=1000 | classes=[5, 7] | acc=0.5690 | per_class={5: '0.37', 7: '0.78'}
[C4] eval model[0] mean=-0.001057 | θ̃ mean=-0.001057 | edge mean=-0.001181 |local ref=-0.001057
[C4] n=1000 | classes=[2, 7] | acc=0.6410 | per_class={2: '0.53', 7: '0.75'}
[C5] eval model[0] mean=-0.001288 | θ̃ mean=-0.001288 | edge mean=-0.001181 |local ref=-0.001288
[C5] n=1000 | classes=[2, 4] | acc=0.5180 | per_class={2: '0.57', 4: '0.46'}
[C6] eval model[0] mean=-0.001485 | θ̃ mean=-0.001485 | edge mean=-0.001181 |local ref=-0.001485
[C6] n=1000 | classes=[6, 7] | acc=0.6830 | per_class={6: '0.66', 7: '0.71'}
[C7] eval model[0] mean=-0.000763 | θ̃ mean=-0.000763 | edge mean=-0.001181 |local ref=-0.000763
[C7] n=1000 | classes=[3, 5] | acc=0.5410 | per_class={3: '0.85', 5: '0.25'}
[C8] eval model[0] mean=-0.001750 | θ̃ mean=-0.001750 | edge mean=-0.001181 |local ref=-0.001750
[C8] n=500 | classes=[4] | acc=1.0000 | per_class={4: '1.00'}
[C9] eval model[0] mean=-0.001286 | θ̃ mean=-0.001286 | edge mean=-0.001181 |local ref=-0.001286
[C9] n=500 | classes=[4] | acc=1.0000 | per_class={4: '1.00'}
[C10] eval model[0] mean=-0.000136 | θ̃ mean=-0.000136 | edge mean=-0.000631 |local ref=-0.000135
[C10] n=600 | classes=[8, 9] | acc=0.8083 | per_class={8: '0.78', 9: '0.83'}
[C11] eval model[0] mean=-0.000165 | θ̃ mean=-0.000165 | edge mean=-0.000631 |local ref=-0.000165
[C11] n=600 | classes=[0, 1] | acc=0.7700 | per_class={0: '0.71', 1: '0.83'}
[C12] eval model[0] mean=-0.000128 | θ̃ mean=-0.000128 | edge mean=-0.000631 |local ref=-0.000128
[C12] n=600 | classes=[1, 8] | acc=0.8133 | per_class={1: '0.85', 8: '0.77'}
[C13] eval model[0] mean=0.000021 | θ̃ mean=0.000021 | edge mean=-0.000631 |local ref=0.000021
[C13] n=600 | classes=[0, 8] | acc=0.6000 | per_class={0: '0.71', 8: '0.48'}
[C14] eval model[0] mean=-0.000618 | θ̃ mean=-0.000618 | edge mean=-0.000631 |local ref=-0.000618
[C14] n=600 | classes=[0, 9] | acc=0.7917 | per_class={0: '0.70', 9: '0.89'}
[C15] eval model[0] mean=-0.000861 | θ̃ mean=-0.000861 | edge mean=-0.000631 |local ref=-0.000862
[C15] n=600 | classes=[0, 8] | acc=0.6733 | per_class={0: '0.66', 8: '0.69'}
[C16] eval model[0] mean=-0.000767 | θ̃ mean=-0.000767 | edge mean=-0.000631 |local ref=-0.000768
[C16] n=600 | classes=[1, 8] | acc=0.7850 | per_class={1: '0.70', 8: '0.86'}
[C17] eval model[0] mean=-0.000747 | θ̃ mean=-0.000747 | edge mean=-0.000631 |local ref=-0.000747
[C17] n=600 | classes=[1, 9] | acc=0.5267 | per_class={1: '0.93', 9: '0.15'}
[C18] eval model[0] mean=-0.001151 | θ̃ mean=-0.001151 | edge mean=-0.000631 |local ref=-0.001151
[C18] n=600 | classes=[1, 9] | acc=0.5850 | per_class={1: '0.47', 9: '0.71'}
[C19] eval model[0] mean=0.000103 | θ̃ mean=0.000103 | edge mean=-0.000631 |local ref=0.000103
[C19] n=600 | classes=[0, 9] | acc=0.7883 | per_class={0: '0.71', 9: '0.86'}
  [Cloud] GM=0.2011 | EM=0.3087 PM=0.6661 | loss=2.1991 | time=57.5s | comm=4556.2MB (total=9112MB)

[Round   3] Broadcasting to 2 edges...
  [Edge 0] W_n reset to global weights for new round.
  [Edge 1] W_n reset to global weights for new round.
  [Edge 0] G3 | E1 | Hier-pFedMe | Selected 10/10
  [Client  9] Received edge weights.
  [Client  4] Received edge weights.
  [Client  3] Received edge weights.
  [Client  6] Received edge weights.
  [Client  1] Received edge weights.
  [Client  5] Received edge weights.
  [Client  0] Received edge weights.
  [Client  7] Received edge weights.
  [Client  8] Received edge weights.
  [Client  2] Received edge weights.
  [Client  6] Round 3 | Hier-pFedMe(λ2=35.0,K=30) | loss=0.0018  [Client  3] Round 3 | Hier-pFedMe(λ2=35.0,K=30) | loss=0.0011

  [Client  9] Round 3 | Hier-pFedMe(λ2=35.0,K=30) | loss=0.0000
  [Client  4] Round 3 | Hier-pFedMe(λ2=35.0,K=30) | loss=0.0010
  [Client  5] Round 3 | Hier-pFedMe(λ2=35.0,K=30) | loss=0.0010
  [Client  1] Round 3 | Hier-pFedMe(λ2=35.0,K=30) | loss=0.0014  [Client  0] Round 3 | Hier-pFedMe(λ2=35.0,K=30) | loss=0.0009

  [Client  7] Round 3 | Hier-pFedMe(λ2=35.0,K=30) | loss=0.0007
  [Client  8] Round 3 | Hier-pFedMe(λ2=35.0,K=30) | loss=0.0000
  [Client  2] Round 3 | Hier-pFedMe(λ2=35.0,K=30) | loss=0.0018
  [Edge 0] G3 | E1 | loss=0.0011
  [Edge 0] G3 | E2 | Hier-pFedMe | Selected 10/10
  [Client  4] Received edge weights.
  [Client  9] Received edge weights.
  [Client  5] Received edge weights.
  [Client  6] Received edge weights.
  [Client  7] Received edge weights.
  [Client  1] Received edge weights.
  [Client  8] Received edge weights.
  [Client  0] Received edge weights.
  [Client  3] Received edge weights.
  [Client  2] Received edge weights.
  [Client  6] Round 3 | Hier-pFedMe(λ2=35.0,K=30) | loss=0.0013  [Client  4] Round 3 | Hier-pFedMe(λ2=35.0,K=30) | loss=0.0009  [Client  5] Round 3 | Hier-pFedMe(λ2=35.0,K=30) | loss=0.0023
  [Client  9] Round 3 | Hier-pFedMe(λ2=35.0,K=30) | loss=0.0000


  [Client  7] Round 3 | Hier-pFedMe(λ2=35.0,K=30) | loss=0.0016  [Client  1] Round 3 | Hier-pFedMe(λ2=35.0,K=30) | loss=0.0007

  [Client  8] Round 3 | Hier-pFedMe(λ2=35.0,K=30) | loss=0.0000
  [Client  0] Round 3 | Hier-pFedMe(λ2=35.0,K=30) | loss=0.0006
  [Client  3] Round 3 | Hier-pFedMe(λ2=35.0,K=30) | loss=0.0010
  [Client  2] Round 3 | Hier-pFedMe(λ2=35.0,K=30) | loss=0.0010
  [Edge 0] G3 | E2 | loss=0.0011
  [Edge 0] G3 | E3 | Hier-pFedMe | Selected 10/10
  [Client  7] Received edge weights.
  [Client  6] Received edge weights.
  [Client  5] Received edge weights.
  [Client  9] Received edge weights.
  [Client  4] Received edge weights.
  [Client  1] Received edge weights.
  [Client  2] Received edge weights.
  [Client  0] Received edge weights.
  [Client  3] Received edge weights.
  [Client  8] Received edge weights.
  [Client  9] Round 3 | Hier-pFedMe(λ2=35.0,K=30) | loss=0.0000
  [Client  5] Round 3 | Hier-pFedMe(λ2=35.0,K=30) | loss=0.0010
  [Client  6] Round 3 | Hier-pFedMe(λ2=35.0,K=30) | loss=0.0004  [Client  7] Round 3 | Hier-pFedMe(λ2=35.0,K=30) | loss=0.0015

  [Client  4] Round 3 | Hier-pFedMe(λ2=35.0,K=30) | loss=0.0008
  [Client  1] Round 3 | Hier-pFedMe(λ2=35.0,K=30) | loss=0.0023
  [Client  2] Round 3 | Hier-pFedMe(λ2=35.0,K=30) | loss=0.0008
  [Client  0] Round 3 | Hier-pFedMe(λ2=35.0,K=30) | loss=0.0012
  [Client  3] Round 3 | Hier-pFedMe(λ2=35.0,K=30) | loss=0.0010
  [Client  8] Round 3 | Hier-pFedMe(λ2=35.0,K=30) | loss=0.0000
  [Edge 0] G3 | E3 | loss=0.0010
  [Edge 0] G3 | E4 | Hier-pFedMe | Selected 10/10
  [Client  7] Received edge weights.
  [Client  0] Received edge weights.
  [Client  8] Received edge weights.
  [Client  1] Received edge weights.
  [Client  2] Received edge weights.
  [Client  3] Received edge weights.
  [Client  9] Received edge weights.
  [Client  6] Received edge weights.
  [Client  5] Received edge weights.
  [Client  4] Received edge weights.
  [Client  8] Round 3 | Hier-pFedMe(λ2=35.0,K=30) | loss=0.0000  [Client  7] Round 3 | Hier-pFedMe(λ2=35.0,K=30) | loss=0.0009

  [Client  1] Round 3 | Hier-pFedMe(λ2=35.0,K=30) | loss=0.0009
  [Client  0] Round 3 | Hier-pFedMe(λ2=35.0,K=30) | loss=0.0009
  [Client  2] Round 3 | Hier-pFedMe(λ2=35.0,K=30) | loss=0.0021
  [Client  3] Round 3 | Hier-pFedMe(λ2=35.0,K=30) | loss=0.0007
  [Client  9] Round 3 | Hier-pFedMe(λ2=35.0,K=30) | loss=0.0000
  [Client  6] Round 3 | Hier-pFedMe(λ2=35.0,K=30) | loss=0.0007
  [Client  5] Round 3 | Hier-pFedMe(λ2=35.0,K=30) | loss=0.0011
  [Client  4] Round 3 | Hier-pFedMe(λ2=35.0,K=30) | loss=0.0012
  [Edge 0] G3 | E4 | loss=0.0009
  [Edge 0] G3 | E5 | Hier-pFedMe | Selected 10/10
  [Client  4] Received edge weights.
  [Client  5] Received edge weights.
  [Client  9] Received edge weights.
  [Client  0] Received edge weights.
  [Client  3] Received edge weights.
  [Client  7] Received edge weights.
  [Client  2] Received edge weights.
  [Client  6] Received edge weights.
  [Client  1] Received edge weights.
  [Client  8] Received edge weights.
  [Client  5] Round 3 | Hier-pFedMe(λ2=35.0,K=30) | loss=0.0040  [Client  9] Round 3 | Hier-pFedMe(λ2=35.0,K=30) | loss=0.0000  [Client  4] Round 3 | Hier-pFedMe(λ2=35.0,K=30) | loss=0.0009


  [Client  0] Round 3 | Hier-pFedMe(λ2=35.0,K=30) | loss=0.0016
  [Client  3] Round 3 | Hier-pFedMe(λ2=35.0,K=30) | loss=0.0005
  [Client  7] Round 3 | Hier-pFedMe(λ2=35.0,K=30) | loss=0.0003
  [Client  2] Round 3 | Hier-pFedMe(λ2=35.0,K=30) | loss=0.0008
  [Client  6] Round 3 | Hier-pFedMe(λ2=35.0,K=30) | loss=0.0011
  [Client  1] Round 3 | Hier-pFedMe(λ2=35.0,K=30) | loss=0.0011
  [Client  8] Round 3 | Hier-pFedMe(λ2=35.0,K=30) | loss=0.0000
  [Edge 0] G3 | E5 | loss=0.0012
  [Edge 1] G3 | E1 | Hier-pFedMe | Selected 10/10
  [Client 18] Received edge weights.
  [Client 11] Received edge weights.
  [Client 12] Received edge weights.
  [Client 17] Received edge weights.
  [Client 10] Received edge weights.
  [Client 15] Received edge weights.
  [Client 19] Received edge weights.
  [Client 13] Received edge weights.
  [Client 14] Received edge weights.
  [Client 16] Received edge weights.
  [Client 18] Round 3 | Hier-pFedMe(λ2=35.0,K=30) | loss=0.0012
  [Client 11] Round 3 | Hier-pFedMe(λ2=35.0,K=30) | loss=0.0006
  [Client 12] Round 3 | Hier-pFedMe(λ2=35.0,K=30) | loss=0.0009
  [Client 17] Round 3 | Hier-pFedMe(λ2=35.0,K=30) | loss=0.0006
  [Client 10] Round 3 | Hier-pFedMe(λ2=35.0,K=30) | loss=0.0011
  [Client 15] Round 3 | Hier-pFedMe(λ2=35.0,K=30) | loss=0.0012
  [Client 19] Round 3 | Hier-pFedMe(λ2=35.0,K=30) | loss=0.0007  [Client 13] Round 3 | Hier-pFedMe(λ2=35.0,K=30) | loss=0.0010

  [Client 14] Round 3 | Hier-pFedMe(λ2=35.0,K=30) | loss=0.0006
  [Client 16] Round 3 | Hier-pFedMe(λ2=35.0,K=30) | loss=0.0006
  [Edge 1] G3 | E1 | loss=0.0008
  [Edge 1] G3 | E2 | Hier-pFedMe | Selected 10/10
  [Client 15] Received edge weights.
  [Client 10] Received edge weights.
  [Client 13] Received edge weights.
  [Client 12] Received edge weights.
  [Client 17] Received edge weights.
  [Client 16] Received edge weights.
  [Client 19] Received edge weights.
  [Client 18] Received edge weights.
  [Client 14] Received edge weights.
  [Client 11] Received edge weights.
  [Client 15] Round 3 | Hier-pFedMe(λ2=35.0,K=30) | loss=0.0012
  [Client 13] Round 3 | Hier-pFedMe(λ2=35.0,K=30) | loss=0.0010  [Client 12] Round 3 | Hier-pFedMe(λ2=35.0,K=30) | loss=0.0005

  [Client 10] Round 3 | Hier-pFedMe(λ2=35.0,K=30) | loss=0.0005
  [Client 17] Round 3 | Hier-pFedMe(λ2=35.0,K=30) | loss=0.0005
  [Client 16] Round 3 | Hier-pFedMe(λ2=35.0,K=30) | loss=0.0005
  [Client 19] Round 3 | Hier-pFedMe(λ2=35.0,K=30) | loss=0.0013  [Client 18] Round 3 | Hier-pFedMe(λ2=35.0,K=30) | loss=0.0010

  [Client 14] Round 3 | Hier-pFedMe(λ2=35.0,K=30) | loss=0.0007
  [Client 11] Round 3 | Hier-pFedMe(λ2=35.0,K=30) | loss=0.0008
  [Edge 1] G3 | E2 | loss=0.0008
  [Edge 1] G3 | E3 | Hier-pFedMe | Selected 10/10
  [Client 15] Received edge weights.
  [Client 17] Received edge weights.
  [Client 16] Received edge weights.
  [Client 10] Received edge weights.
  [Client 12] Received edge weights.
  [Client 14] Received edge weights.
  [Client 18] Received edge weights.
  [Client 19] Received edge weights.
  [Client 13] Received edge weights.
  [Client 11] Received edge weights.
  [Client 16] Round 3 | Hier-pFedMe(λ2=35.0,K=30) | loss=0.0006
  [Client 15] Round 3 | Hier-pFedMe(λ2=35.0,K=30) | loss=0.0008
  [Client 17] Round 3 | Hier-pFedMe(λ2=35.0,K=30) | loss=0.0008
  [Client 10] Round 3 | Hier-pFedMe(λ2=35.0,K=30) | loss=0.0008
  [Client 12] Round 3 | Hier-pFedMe(λ2=35.0,K=30) | loss=0.0007
  [Client 14] Round 3 | Hier-pFedMe(λ2=35.0,K=30) | loss=0.0009
  [Client 18] Round 3 | Hier-pFedMe(λ2=35.0,K=30) | loss=0.0008
  [Client 19] Round 3 | Hier-pFedMe(λ2=35.0,K=30) | loss=0.0007
  [Client 13] Round 3 | Hier-pFedMe(λ2=35.0,K=30) | loss=0.0009
  [Client 11] Round 3 | Hier-pFedMe(λ2=35.0,K=30) | loss=0.0007
  [Edge 1] G3 | E3 | loss=0.0008
  [Edge 1] G3 | E4 | Hier-pFedMe | Selected 10/10
  [Client 10] Received edge weights.
  [Client 19] Received edge weights.
  [Client 13] Received edge weights.
  [Client 15] Received edge weights.
  [Client 17] Received edge weights.
  [Client 16] Received edge weights.
  [Client 12] Received edge weights.
  [Client 11] Received edge weights.
  [Client 14] Received edge weights.
  [Client 18] Received edge weights.
  [Client 10] Round 3 | Hier-pFedMe(λ2=35.0,K=30) | loss=0.0006  [Client 19] Round 3 | Hier-pFedMe(λ2=35.0,K=30) | loss=0.0007

  [Client 15] Round 3 | Hier-pFedMe(λ2=35.0,K=30) | loss=0.0011
  [Client 13] Round 3 | Hier-pFedMe(λ2=35.0,K=30) | loss=0.0009
  [Client 17] Round 3 | Hier-pFedMe(λ2=35.0,K=30) | loss=0.0018
  [Client 12] Round 3 | Hier-pFedMe(λ2=35.0,K=30) | loss=0.0008
  [Client 16] Round 3 | Hier-pFedMe(λ2=35.0,K=30) | loss=0.0003
  [Client 11] Round 3 | Hier-pFedMe(λ2=35.0,K=30) | loss=0.0011
  [Client 14] Round 3 | Hier-pFedMe(λ2=35.0,K=30) | loss=0.0005
  [Client 18] Round 3 | Hier-pFedMe(λ2=35.0,K=30) | loss=0.0011
  [Edge 1] G3 | E4 | loss=0.0009
  [Edge 1] G3 | E5 | Hier-pFedMe | Selected 10/10
  [Client 12] Received edge weights.
  [Client 14] Received edge weights.
  [Client 13] Received edge weights.
  [Client 10] Received edge weights.
  [Client 19] Received edge weights.
  [Client 11] Received edge weights.
  [Client 17] Received edge weights.
  [Client 15] Received edge weights.
  [Client 18] Received edge weights.
  [Client 16] Received edge weights.
  [Client 14] Round 3 | Hier-pFedMe(λ2=35.0,K=30) | loss=0.0016  [Client 10] Round 3 | Hier-pFedMe(λ2=35.0,K=30) | loss=0.0013
  [Client 12] Round 3 | Hier-pFedMe(λ2=35.0,K=30) | loss=0.0012

  [Client 13] Round 3 | Hier-pFedMe(λ2=35.0,K=30) | loss=0.0008
  [Client 11] Round 3 | Hier-pFedMe(λ2=35.0,K=30) | loss=0.0004  [Client 19] Round 3 | Hier-pFedMe(λ2=35.0,K=30) | loss=0.0013

  [Client 17] Round 3 | Hier-pFedMe(λ2=35.0,K=30) | loss=0.0012
  [Client 15] Round 3 | Hier-pFedMe(λ2=35.0,K=30) | loss=0.0009
  [Client 18] Round 3 | Hier-pFedMe(λ2=35.0,K=30) | loss=0.0011
  [Client 16] Round 3 | Hier-pFedMe(λ2=35.0,K=30) | loss=0.0006
  [Edge 1] G3 | E5 | loss=0.0010
[C0] eval model[0] mean=-0.001094 | θ̃ mean=-0.001094 | edge mean=-0.000666 |local ref=-0.001094
[C0] n=1000 | classes=[3, 6] | acc=0.6270 | per_class={3: '0.52', 6: '0.74'}
[C1] eval model[0] mean=-0.001508 | θ̃ mean=-0.001508 | edge mean=-0.000666 |local ref=-0.001508
[C1] n=1000 | classes=[3, 6] | acc=0.6550 | per_class={3: '0.41', 6: '0.91'}
[C2] eval model[0] mean=0.000025 | θ̃ mean=0.000025 | edge mean=-0.000666 |local ref=0.000026
[C2] n=1000 | classes=[2, 5] | acc=0.6690 | per_class={2: '0.59', 5: '0.75'}
[C3] eval model[0] mean=-0.000835 | θ̃ mean=-0.000835 | edge mean=-0.000666 |local ref=-0.000835
[C3] n=1000 | classes=[5, 7] | acc=0.5380 | per_class={5: '0.56', 7: '0.52'}
[C4] eval model[0] mean=-0.000843 | θ̃ mean=-0.000843 | edge mean=-0.000666 |local ref=-0.000844
[C4] n=1000 | classes=[2, 7] | acc=0.6870 | per_class={2: '0.81', 7: '0.56'}
[C5] eval model[0] mean=-0.001496 | θ̃ mean=-0.001496 | edge mean=-0.000666 |local ref=-0.001497
[C5] n=1000 | classes=[2, 4] | acc=0.4760 | per_class={2: '0.30', 4: '0.66'}
[C6] eval model[0] mean=-0.000995 | θ̃ mean=-0.000995 | edge mean=-0.000666 |local ref=-0.000995
[C6] n=1000 | classes=[6, 7] | acc=0.6270 | per_class={6: '0.98', 7: '0.28'}
[C7] eval model[0] mean=0.000147 | θ̃ mean=0.000147 | edge mean=-0.000666 |local ref=0.000147
[C7] n=1000 | classes=[3, 5] | acc=0.5200 | per_class={3: '0.35', 5: '0.68'}
[C8] eval model[0] mean=-0.001089 | θ̃ mean=-0.001089 | edge mean=-0.000666 |local ref=-0.001089
[C8] n=500 | classes=[4] | acc=1.0000 | per_class={4: '1.00'}
[C9] eval model[0] mean=-0.000400 | θ̃ mean=-0.000400 | edge mean=-0.000666 |local ref=-0.000400
[C9] n=500 | classes=[4] | acc=1.0000 | per_class={4: '1.00'}
[C10] eval model[0] mean=-0.000115 | θ̃ mean=-0.000115 | edge mean=-0.000761 |local ref=-0.000115
[C10] n=600 | classes=[8, 9] | acc=0.7783 | per_class={8: '0.88', 9: '0.68'}
[C11] eval model[0] mean=0.000616 | θ̃ mean=0.000616 | edge mean=-0.000761 |local ref=0.000616
[C11] n=600 | classes=[0, 1] | acc=0.7350 | per_class={0: '0.53', 1: '0.94'}
[C12] eval model[0] mean=-0.000603 | θ̃ mean=-0.000603 | edge mean=-0.000761 |local ref=-0.000603
[C12] n=600 | classes=[1, 8] | acc=0.7550 | per_class={1: '0.78', 8: '0.73'}
[C13] eval model[0] mean=-0.001203 | θ̃ mean=-0.001203 | edge mean=-0.000761 |local ref=-0.001203
[C13] n=600 | classes=[0, 8] | acc=0.6233 | per_class={0: '0.68', 8: '0.57'}
[C14] eval model[0] mean=-0.000581 | θ̃ mean=-0.000581 | edge mean=-0.000761 |local ref=-0.000581
[C14] n=600 | classes=[0, 9] | acc=0.7750 | per_class={0: '0.67', 9: '0.88'}
[C15] eval model[0] mean=-0.000200 | θ̃ mean=-0.000200 | edge mean=-0.000761 |local ref=-0.000199
[C15] n=600 | classes=[0, 8] | acc=0.6750 | per_class={0: '0.56', 8: '0.79'}
[C16] eval model[0] mean=-0.000929 | θ̃ mean=-0.000929 | edge mean=-0.000761 |local ref=-0.000929
[C16] n=600 | classes=[1, 8] | acc=0.7950 | per_class={1: '0.86', 8: '0.74'}
[C17] eval model[0] mean=-0.000482 | θ̃ mean=-0.000482 | edge mean=-0.000761 |local ref=-0.000482
[C17] n=600 | classes=[1, 9] | acc=0.5967 | per_class={1: '0.51', 9: '0.68'}
[C18] eval model[0] mean=-0.000379 | θ̃ mean=-0.000379 | edge mean=-0.000761 |local ref=-0.000379
[C18] n=600 | classes=[1, 9] | acc=0.4933 | per_class={1: '0.73', 9: '0.23'}
[C19] eval model[0] mean=-0.000640 | θ̃ mean=-0.000640 | edge mean=-0.000761 |local ref=-0.000640
[C19] n=600 | classes=[0, 9] | acc=0.8117 | per_class={0: '0.83', 9: '0.80'}
  [Cloud] GM=0.2185 | EM=0.2813 PM=0.6681 | loss=2.1710 | time=58.6s | comm=4556.2MB (total=13669MB)

[Round   4] Broadcasting to 2 edges...
  [Edge 0] W_n reset to global weights for new round.
  [Edge 1] W_n reset to global weights for new round.
  [Edge 0] G4 | E1 | Hier-pFedMe | Selected 10/10
  [Client  5] Received edge weights.
  [Client  6] Received edge weights.
  [Client  2] Received edge weights.
  [Client  7] Received edge weights.
  [Client  1] Received edge weights.
  [Client  8] Received edge weights.
  [Client  0] Received edge weights.
  [Client  4] Received edge weights.
  [Client  9] Received edge weights.
  [Client  3] Received edge weights.
  [Client  6] Round 4 | Hier-pFedMe(λ2=35.0,K=30) | loss=0.0008
  [Client  7] Round 4 | Hier-pFedMe(λ2=35.0,K=30) | loss=0.0010
  [Client  2] Round 4 | Hier-pFedMe(λ2=35.0,K=30) | loss=0.0015  [Client  5] Round 4 | Hier-pFedMe(λ2=35.0,K=30) | loss=0.0013

  [Client  1] Round 4 | Hier-pFedMe(λ2=35.0,K=30) | loss=0.0015
  [Client  0] Round 4 | Hier-pFedMe(λ2=35.0,K=30) | loss=0.0006
  [Client  8] Round 4 | Hier-pFedMe(λ2=35.0,K=30) | loss=0.0000
  [Client  4] Round 4 | Hier-pFedMe(λ2=35.0,K=30) | loss=0.0013
  [Client  9] Round 4 | Hier-pFedMe(λ2=35.0,K=30) | loss=0.0000
  [Client  3] Round 4 | Hier-pFedMe(λ2=35.0,K=30) | loss=0.0008
  [Edge 0] G4 | E1 | loss=0.0010
  [Edge 0] G4 | E2 | Hier-pFedMe | Selected 10/10
  [Client  1] Received edge weights.
  [Client  6] Received edge weights.
  [Client  2] Received edge weights.
  [Client  4] Received edge weights.
  [Client  3] Received edge weights.
  [Client  5] Received edge weights.
  [Client  9] Received edge weights.
  [Client  0] Received edge weights.
  [Client  8] Received edge weights.
  [Client  7] Received edge weights.
  [Client  2] Round 4 | Hier-pFedMe(λ2=35.0,K=30) | loss=0.0006
  [Client  6] Round 4 | Hier-pFedMe(λ2=35.0,K=30) | loss=0.0007
  [Client  4] Round 4 | Hier-pFedMe(λ2=35.0,K=30) | loss=0.0010
  [Client  1] Round 4 | Hier-pFedMe(λ2=35.0,K=30) | loss=0.0010
  [Client  3] Round 4 | Hier-pFedMe(λ2=35.0,K=30) | loss=0.0012
  [Client  5] Round 4 | Hier-pFedMe(λ2=35.0,K=30) | loss=0.0017
  [Client  0] Round 4 | Hier-pFedMe(λ2=35.0,K=30) | loss=0.0005
  [Client  9] Round 4 | Hier-pFedMe(λ2=35.0,K=30) | loss=0.0000
  [Client  8] Round 4 | Hier-pFedMe(λ2=35.0,K=30) | loss=0.0000
  [Client  7] Round 4 | Hier-pFedMe(λ2=35.0,K=30) | loss=0.0009
  [Edge 0] G4 | E2 | loss=0.0008
  [Edge 0] G4 | E3 | Hier-pFedMe | Selected 10/10
  [Client  6] Received edge weights.
  [Client  3] Received edge weights.
  [Client  8] Received edge weights.
  [Client  2] Received edge weights.
  [Client  7] Received edge weights.
  [Client  1] Received edge weights.
  [Client  0] Received edge weights.
  [Client  9] Received edge weights.
  [Client  5] Received edge weights.
  [Client  4] Received edge weights.
  [Client  6] Round 4 | Hier-pFedMe(λ2=35.0,K=30) | loss=0.0004
  [Client  3] Round 4 | Hier-pFedMe(λ2=35.0,K=30) | loss=0.0017
  [Client  2] Round 4 | Hier-pFedMe(λ2=35.0,K=30) | loss=0.0012
  [Client  8] Round 4 | Hier-pFedMe(λ2=35.0,K=30) | loss=0.0000
  [Client  7] Round 4 | Hier-pFedMe(λ2=35.0,K=30) | loss=0.0009
  [Client  1] Round 4 | Hier-pFedMe(λ2=35.0,K=30) | loss=0.0011
  [Client  0] Round 4 | Hier-pFedMe(λ2=35.0,K=30) | loss=0.0010
  [Client  9] Round 4 | Hier-pFedMe(λ2=35.0,K=30) | loss=0.0000
  [Client  5] Round 4 | Hier-pFedMe(λ2=35.0,K=30) | loss=0.0018
  [Client  4] Round 4 | Hier-pFedMe(λ2=35.0,K=30) | loss=0.0011
  [Edge 0] G4 | E3 | loss=0.0010
  [Edge 0] G4 | E4 | Hier-pFedMe | Selected 10/10
  [Client  2] Received edge weights.
  [Client  9] Received edge weights.
  [Client  4] Received edge weights.
  [Client  7] Received edge weights.
  [Client  0] Received edge weights.
  [Client  6] Received edge weights.
  [Client  1] Received edge weights.
  [Client  3] Received edge weights.
  [Client  8] Received edge weights.
  [Client  5] Received edge weights.
  [Client  4] Round 4 | Hier-pFedMe(λ2=35.0,K=30) | loss=0.0009
  [Client  9] Round 4 | Hier-pFedMe(λ2=35.0,K=30) | loss=0.0000
  [Client  2] Round 4 | Hier-pFedMe(λ2=35.0,K=30) | loss=0.0002
  [Client  7] Round 4 | Hier-pFedMe(λ2=35.0,K=30) | loss=0.0006
  [Client  0] Round 4 | Hier-pFedMe(λ2=35.0,K=30) | loss=0.0005
  [Client  6] Round 4 | Hier-pFedMe(λ2=35.0,K=30) | loss=0.0005
  [Client  1] Round 4 | Hier-pFedMe(λ2=35.0,K=30) | loss=0.0005
  [Client  3] Round 4 | Hier-pFedMe(λ2=35.0,K=30) | loss=0.0016
  [Client  8] Round 4 | Hier-pFedMe(λ2=35.0,K=30) | loss=0.0000
  [Client  5] Round 4 | Hier-pFedMe(λ2=35.0,K=30) | loss=0.0011
  [Edge 0] G4 | E4 | loss=0.0007
  [Edge 0] G4 | E5 | Hier-pFedMe | Selected 10/10
  [Client  8] Received edge weights.
  [Client  1] Received edge weights.
  [Client  4] Received edge weights.
  [Client  2] Received edge weights.
  [Client  5] Received edge weights.
  [Client  9] Received edge weights.
  [Client  0] Received edge weights.
  [Client  3] Received edge weights.
  [Client  7] Received edge weights.
  [Client  6] Received edge weights.
  [Client  2] Round 4 | Hier-pFedMe(λ2=35.0,K=30) | loss=0.0011
  [Client  4] Round 4 | Hier-pFedMe(λ2=35.0,K=30) | loss=0.0010
  [Client  8] Round 4 | Hier-pFedMe(λ2=35.0,K=30) | loss=0.0000
  [Client  1] Round 4 | Hier-pFedMe(λ2=35.0,K=30) | loss=0.0006
  [Client  5] Round 4 | Hier-pFedMe(λ2=35.0,K=30) | loss=0.0016
  [Client  9] Round 4 | Hier-pFedMe(λ2=35.0,K=30) | loss=0.0000
  [Client  0] Round 4 | Hier-pFedMe(λ2=35.0,K=30) | loss=0.0005
  [Client  3] Round 4 | Hier-pFedMe(λ2=35.0,K=30) | loss=0.0006
  [Client  7] Round 4 | Hier-pFedMe(λ2=35.0,K=30) | loss=0.0008
  [Client  6] Round 4 | Hier-pFedMe(λ2=35.0,K=30) | loss=0.0009
  [Edge 0] G4 | E5 | loss=0.0008
  [Edge 1] G4 | E1 | Hier-pFedMe | Selected 10/10
  [Client 10] Received edge weights.
  [Client 17] Received edge weights.
  [Client 14] Received edge weights.
  [Client 13] Received edge weights.
  [Client 12] Received edge weights.
  [Client 11] Received edge weights.
  [Client 18] Received edge weights.
  [Client 19] Received edge weights.
  [Client 16] Received edge weights.
  [Client 15] Received edge weights.
  [Client 10] Round 4 | Hier-pFedMe(λ2=35.0,K=30) | loss=0.0006
  [Client 17] Round 4 | Hier-pFedMe(λ2=35.0,K=30) | loss=0.0010
  [Client 14] Round 4 | Hier-pFedMe(λ2=35.0,K=30) | loss=0.0006
  [Client 13] Round 4 | Hier-pFedMe(λ2=35.0,K=30) | loss=0.0010
  [Client 12] Round 4 | Hier-pFedMe(λ2=35.0,K=30) | loss=0.0009
  [Client 11] Round 4 | Hier-pFedMe(λ2=35.0,K=30) | loss=0.0011
  [Client 18] Round 4 | Hier-pFedMe(λ2=35.0,K=30) | loss=0.0006
  [Client 19] Round 4 | Hier-pFedMe(λ2=35.0,K=30) | loss=0.0009
  [Client 16] Round 4 | Hier-pFedMe(λ2=35.0,K=30) | loss=0.0008
  [Client 15] Round 4 | Hier-pFedMe(λ2=35.0,K=30) | loss=0.0011
  [Edge 1] G4 | E1 | loss=0.0009
  [Edge 1] G4 | E2 | Hier-pFedMe | Selected 10/10
  [Client 16] Received edge weights.
  [Client 10] Received edge weights.
  [Client 17] Received edge weights.
  [Client 11] Received edge weights.
  [Client 19] Received edge weights.
  [Client 15] Received edge weights.
  [Client 12] Received edge weights.
  [Client 14] Received edge weights.
  [Client 13] Received edge weights.
  [Client 18] Received edge weights.
  [Client 17] Round 4 | Hier-pFedMe(λ2=35.0,K=30) | loss=0.0006
  [Client 10] Round 4 | Hier-pFedMe(λ2=35.0,K=30) | loss=0.0006
  [Client 16] Round 4 | Hier-pFedMe(λ2=35.0,K=30) | loss=0.0002
  [Client 11] Round 4 | Hier-pFedMe(λ2=35.0,K=30) | loss=0.0003
  [Client 19] Round 4 | Hier-pFedMe(λ2=35.0,K=30) | loss=0.0012
  [Client 15] Round 4 | Hier-pFedMe(λ2=35.0,K=30) | loss=0.0008
  [Client 12] Round 4 | Hier-pFedMe(λ2=35.0,K=30) | loss=0.0005
  [Client 14] Round 4 | Hier-pFedMe(λ2=35.0,K=30) | loss=0.0012
  [Client 13] Round 4 | Hier-pFedMe(λ2=35.0,K=30) | loss=0.0008
  [Client 18] Round 4 | Hier-pFedMe(λ2=35.0,K=30) | loss=0.0021
  [Edge 1] G4 | E2 | loss=0.0008
  [Edge 1] G4 | E3 | Hier-pFedMe | Selected 10/10
  [Client 14] Received edge weights.
  [Client 10] Received edge weights.
  [Client 12] Received edge weights.
  [Client 18] Received edge weights.
  [Client 16] Received edge weights.
  [Client 17] Received edge weights.
  [Client 19] Received edge weights.
  [Client 11] Received edge weights.
  [Client 15] Received edge weights.
  [Client 13] Received edge weights.
  [Client 10] Round 4 | Hier-pFedMe(λ2=35.0,K=30) | loss=0.0008
  [Client 14] Round 4 | Hier-pFedMe(λ2=35.0,K=30) | loss=0.0006
  [Client 18] Round 4 | Hier-pFedMe(λ2=35.0,K=30) | loss=0.0013
  [Client 12] Round 4 | Hier-pFedMe(λ2=35.0,K=30) | loss=0.0008
  [Client 16] Round 4 | Hier-pFedMe(λ2=35.0,K=30) | loss=0.0006
  [Client 17] Round 4 | Hier-pFedMe(λ2=35.0,K=30) | loss=0.0011
  [Client 19] Round 4 | Hier-pFedMe(λ2=35.0,K=30) | loss=0.0009
  [Client 11] Round 4 | Hier-pFedMe(λ2=35.0,K=30) | loss=0.0008
  [Client 13] Round 4 | Hier-pFedMe(λ2=35.0,K=30) | loss=0.0008
  [Client 15] Round 4 | Hier-pFedMe(λ2=35.0,K=30) | loss=0.0006
  [Edge 1] G4 | E3 | loss=0.0008
  [Edge 1] G4 | E4 | Hier-pFedMe | Selected 10/10
  [Client 19] Received edge weights.
  [Client 17] Received edge weights.
  [Client 10] Received edge weights.
  [Client 14] Received edge weights.
  [Client 16] Received edge weights.
  [Client 18] Received edge weights.
  [Client 13] Received edge weights.
  [Client 11] Received edge weights.
  [Client 15] Received edge weights.
  [Client 12] Received edge weights.
  [Client 17] Round 4 | Hier-pFedMe(λ2=35.0,K=30) | loss=0.0006
  [Client 14] Round 4 | Hier-pFedMe(λ2=35.0,K=30) | loss=0.0011
  [Client 19] Round 4 | Hier-pFedMe(λ2=35.0,K=30) | loss=0.0006
  [Client 10] Round 4 | Hier-pFedMe(λ2=35.0,K=30) | loss=0.0009
  [Client 13] Round 4 | Hier-pFedMe(λ2=35.0,K=30) | loss=0.0008
  [Client 16] Round 4 | Hier-pFedMe(λ2=35.0,K=30) | loss=0.0007
  [Client 18] Round 4 | Hier-pFedMe(λ2=35.0,K=30) | loss=0.0013
  [Client 11] Round 4 | Hier-pFedMe(λ2=35.0,K=30) | loss=0.0007
  [Client 12] Round 4 | Hier-pFedMe(λ2=35.0,K=30) | loss=0.0003
  [Client 15] Round 4 | Hier-pFedMe(λ2=35.0,K=30) | loss=0.0005
  [Edge 1] G4 | E4 | loss=0.0007
  [Edge 1] G4 | E5 | Hier-pFedMe | Selected 10/10
  [Client 11] Received edge weights.
  [Client 10] Received edge weights.
  [Client 14] Received edge weights.
  [Client 17] Received edge weights.
  [Client 13] Received edge weights.
  [Client 15] Received edge weights.
  [Client 18] Received edge weights.
  [Client 19] Received edge weights.
  [Client 16] Received edge weights.
  [Client 12] Received edge weights.
  [Client 10] Round 4 | Hier-pFedMe(λ2=35.0,K=30) | loss=0.0003
  [Client 11] Round 4 | Hier-pFedMe(λ2=35.0,K=30) | loss=0.0007
  [Client 14] Round 4 | Hier-pFedMe(λ2=35.0,K=30) | loss=0.0005
  [Client 17] Round 4 | Hier-pFedMe(λ2=35.0,K=30) | loss=0.0011
  [Client 13] Round 4 | Hier-pFedMe(λ2=35.0,K=30) | loss=0.0010
  [Client 15] Round 4 | Hier-pFedMe(λ2=35.0,K=30) | loss=0.0006
  [Client 18] Round 4 | Hier-pFedMe(λ2=35.0,K=30) | loss=0.0011
  [Client 19] Round 4 | Hier-pFedMe(λ2=35.0,K=30) | loss=0.0007
  [Client 16] Round 4 | Hier-pFedMe(λ2=35.0,K=30) | loss=0.0007
  [Client 12] Round 4 | Hier-pFedMe(λ2=35.0,K=30) | loss=0.0007
  [Edge 1] G4 | E5 | loss=0.0007
[C0] eval model[0] mean=-0.000863 | θ̃ mean=-0.000863 | edge mean=-0.000480 |local ref=-0.000863
[C0] n=1000 | classes=[3, 6] | acc=0.6260 | per_class={3: '0.51', 6: '0.75'}
[C1] eval model[0] mean=-0.000418 | θ̃ mean=-0.000418 | edge mean=-0.000480 |local ref=-0.000419
[C1] n=1000 | classes=[3, 6] | acc=0.6470 | per_class={3: '0.54', 6: '0.76'}
[C2] eval model[0] mean=-0.001045 | θ̃ mean=-0.001045 | edge mean=-0.000480 |local ref=-0.001044
[C2] n=1000 | classes=[2, 5] | acc=0.6240 | per_class={2: '0.45', 5: '0.81'}
[C3] eval model[0] mean=0.000035 | θ̃ mean=0.000035 | edge mean=-0.000480 |local ref=0.000035
[C3] n=1000 | classes=[5, 7] | acc=0.6360 | per_class={5: '0.72', 7: '0.55'}
[C4] eval model[0] mean=0.000216 | θ̃ mean=0.000216 | edge mean=-0.000480 |local ref=0.000216
[C4] n=1000 | classes=[2, 7] | acc=0.7140 | per_class={2: '0.75', 7: '0.68'}
[C5] eval model[0] mean=-0.000949 | θ̃ mean=-0.000949 | edge mean=-0.000480 |local ref=-0.000948
[C5] n=1000 | classes=[2, 4] | acc=0.5190 | per_class={2: '0.28', 4: '0.77'}
[C6] eval model[0] mean=-0.000927 | θ̃ mean=-0.000927 | edge mean=-0.000480 |local ref=-0.000927
[C6] n=1000 | classes=[6, 7] | acc=0.7130 | per_class={6: '0.58', 7: '0.85'}
[C7] eval model[0] mean=-0.000418 | θ̃ mean=-0.000418 | edge mean=-0.000480 |local ref=-0.000418
[C7] n=1000 | classes=[3, 5] | acc=0.5320 | per_class={3: '0.73', 5: '0.35'}
[C8] eval model[0] mean=-0.000236 | θ̃ mean=-0.000236 | edge mean=-0.000480 |local ref=-0.000236
[C8] n=500 | classes=[4] | acc=1.0000 | per_class={4: '1.00'}
[C9] eval model[0] mean=-0.000808 | θ̃ mean=-0.000808 | edge mean=-0.000480 |local ref=-0.000808
[C9] n=500 | classes=[4] | acc=1.0000 | per_class={4: '1.00'}
[C10] eval model[0] mean=-0.000229 | θ̃ mean=-0.000229 | edge mean=-0.000869 |local ref=-0.000229
[C10] n=600 | classes=[8, 9] | acc=0.7683 | per_class={8: '0.66', 9: '0.87'}
[C11] eval model[0] mean=-0.000267 | θ̃ mean=-0.000267 | edge mean=-0.000869 |local ref=-0.000267
[C11] n=600 | classes=[0, 1] | acc=0.7600 | per_class={0: '0.63', 1: '0.89'}
[C12] eval model[0] mean=-0.000803 | θ̃ mean=-0.000803 | edge mean=-0.000869 |local ref=-0.000803
[C12] n=600 | classes=[1, 8] | acc=0.8017 | per_class={1: '0.76', 8: '0.85'}
[C13] eval model[0] mean=-0.000893 | θ̃ mean=-0.000893 | edge mean=-0.000869 |local ref=-0.000893
[C13] n=600 | classes=[0, 8] | acc=0.5950 | per_class={0: '0.51', 8: '0.69'}
[C14] eval model[0] mean=-0.000465 | θ̃ mean=-0.000465 | edge mean=-0.000869 |local ref=-0.000465
[C14] n=600 | classes=[0, 9] | acc=0.7700 | per_class={0: '0.76', 9: '0.78'}
[C15] eval model[0] mean=-0.001013 | θ̃ mean=-0.001013 | edge mean=-0.000869 |local ref=-0.001013
[C15] n=600 | classes=[0, 8] | acc=0.6217 | per_class={0: '0.74', 8: '0.49'}
[C16] eval model[0] mean=-0.001894 | θ̃ mean=-0.001894 | edge mean=-0.000869 |local ref=-0.001894
[C16] n=600 | classes=[1, 8] | acc=0.7950 | per_class={1: '0.84', 8: '0.75'}
[C17] eval model[0] mean=-0.001814 | θ̃ mean=-0.001814 | edge mean=-0.000869 |local ref=-0.001814
[C17] n=600 | classes=[1, 9] | acc=0.5483 | per_class={1: '0.67', 9: '0.43'}
[C18] eval model[0] mean=-0.000632 | θ̃ mean=-0.000632 | edge mean=-0.000869 |local ref=-0.000632
[C18] n=600 | classes=[1, 9] | acc=0.6017 | per_class={1: '0.88', 9: '0.30'}
[C19] eval model[0] mean=-0.001220 | θ̃ mean=-0.001220 | edge mean=-0.000869 |local ref=-0.001221
[C19] n=600 | classes=[0, 9] | acc=0.7117 | per_class={0: '0.86', 9: '0.57'}
  [Cloud] GM=0.2146 | EM=0.2761 PM=0.6797 | loss=2.1362 | time=58.3s | comm=4556.2MB (total=18225MB)

[Round   5] Broadcasting to 2 edges...
  [Edge 0] W_n reset to global weights for new round.
  [Edge 1] W_n reset to global weights for new round.
  [Edge 0] G5 | E1 | Hier-pFedMe | Selected 10/10
  [Client  0] Received edge weights.
  [Client  2] Received edge weights.
  [Client  1] Received edge weights.
  [Client  8] Received edge weights.
  [Client  7] Received edge weights.
  [Client  6] Received edge weights.
  [Client  9] Received edge weights.
  [Client  4] Received edge weights.
  [Client  3] Received edge weights.
  [Client  5] Received edge weights.
  [Client  1] Round 5 | Hier-pFedMe(λ2=35.0,K=30) | loss=0.0005
  [Client  2] Round 5 | Hier-pFedMe(λ2=35.0,K=30) | loss=0.0006
  [Client  8] Round 5 | Hier-pFedMe(λ2=35.0,K=30) | loss=0.0000
  [Client  0] Round 5 | Hier-pFedMe(λ2=35.0,K=30) | loss=0.0005
  [Client  7] Round 5 | Hier-pFedMe(λ2=35.0,K=30) | loss=0.0011
  [Client  6] Round 5 | Hier-pFedMe(λ2=35.0,K=30) | loss=0.0004
  [Client  4] Round 5 | Hier-pFedMe(λ2=35.0,K=30) | loss=0.0004
  [Client  9] Round 5 | Hier-pFedMe(λ2=35.0,K=30) | loss=0.0000
  [Client  3] Round 5 | Hier-pFedMe(λ2=35.0,K=30) | loss=0.0007
  [Client  5] Round 5 | Hier-pFedMe(λ2=35.0,K=30) | loss=0.0016
  [Edge 0] G5 | E1 | loss=0.0006
  [Edge 0] G5 | E2 | Hier-pFedMe | Selected 10/10
  [Client  9] Received edge weights.
  [Client  1] Received edge weights.
  [Client  7] Received edge weights.
  [Client  5] Received edge weights.
  [Client  3] Received edge weights.
  [Client  0] Received edge weights.
  [Client  2] Received edge weights.
  [Client  8] Received edge weights.
  [Client  4] Received edge weights.
  [Client  6] Received edge weights.
  [Client  1] Round 5 | Hier-pFedMe(λ2=35.0,K=30) | loss=0.0007
  [Client  9] Round 5 | Hier-pFedMe(λ2=35.0,K=30) | loss=0.0000
  [Client  5] Round 5 | Hier-pFedMe(λ2=35.0,K=30) | loss=0.0014
  [Client  7] Round 5 | Hier-pFedMe(λ2=35.0,K=30) | loss=0.0009
  [Client  3] Round 5 | Hier-pFedMe(λ2=35.0,K=30) | loss=0.0005
  [Client  0] Round 5 | Hier-pFedMe(λ2=35.0,K=30) | loss=0.0003
  [Client  2] Round 5 | Hier-pFedMe(λ2=35.0,K=30) | loss=0.0009
  [Client  8] Round 5 | Hier-pFedMe(λ2=35.0,K=30) | loss=0.0000
  [Client  4] Round 5 | Hier-pFedMe(λ2=35.0,K=30) | loss=0.0005
  [Client  6] Round 5 | Hier-pFedMe(λ2=35.0,K=30) | loss=0.0006
  [Edge 0] G5 | E2 | loss=0.0006
  [Edge 0] G5 | E3 | Hier-pFedMe | Selected 10/10
  [Client  9] Received edge weights.
  [Client  0] Received edge weights.
  [Client  8] Received edge weights.
  [Client  7] Received edge weights.
  [Client  4] Received edge weights.
  [Client  5] Received edge weights.
  [Client  6] Received edge weights.
  [Client  1] Received edge weights.
  [Client  3] Received edge weights.
  [Client  2] Received edge weights.
  [Client  0] Round 5 | Hier-pFedMe(λ2=35.0,K=30) | loss=0.0003
  [Client  9] Round 5 | Hier-pFedMe(λ2=35.0,K=30) | loss=0.0000
  [Client  8] Round 5 | Hier-pFedMe(λ2=35.0,K=30) | loss=0.0000
  [Client  7] Round 5 | Hier-pFedMe(λ2=35.0,K=30) | loss=0.0011
  [Client  4] Round 5 | Hier-pFedMe(λ2=35.0,K=30) | loss=0.0008
  [Client  5] Round 5 | Hier-pFedMe(λ2=35.0,K=30) | loss=0.0017
  [Client  6] Round 5 | Hier-pFedMe(λ2=35.0,K=30) | loss=0.0007
  [Client  1] Round 5 | Hier-pFedMe(λ2=35.0,K=30) | loss=0.0009
  [Client  3] Round 5 | Hier-pFedMe(λ2=35.0,K=30) | loss=0.0005
  [Client  2] Round 5 | Hier-pFedMe(λ2=35.0,K=30) | loss=0.0010
  [Edge 0] G5 | E3 | loss=0.0008
  [Edge 0] G5 | E4 | Hier-pFedMe | Selected 10/10
  [Client  2] Received edge weights.
  [Client  8] Received edge weights.
  [Client  9] Received edge weights.
  [Client  4] Received edge weights.
  [Client  0] Received edge weights.
  [Client  6] Received edge weights.
  [Client  1] Received edge weights.
  [Client  5] Received edge weights.
  [Client  3] Received edge weights.
  [Client  7] Received edge weights.
  [Client  8] Round 5 | Hier-pFedMe(λ2=35.0,K=30) | loss=0.0000
  [Client  4] Round 5 | Hier-pFedMe(λ2=35.0,K=30) | loss=0.0005
  [Client  9] Round 5 | Hier-pFedMe(λ2=35.0,K=30) | loss=0.0000
  [Client  2] Round 5 | Hier-pFedMe(λ2=35.0,K=30) | loss=0.0004
  [Client  0] Round 5 | Hier-pFedMe(λ2=35.0,K=30) | loss=0.0004
  [Client  6] Round 5 | Hier-pFedMe(λ2=35.0,K=30) | loss=0.0006
  [Client  1] Round 5 | Hier-pFedMe(λ2=35.0,K=30) | loss=0.0004
  [Client  5] Round 5 | Hier-pFedMe(λ2=35.0,K=30) | loss=0.0013
  [Client  3] Round 5 | Hier-pFedMe(λ2=35.0,K=30) | loss=0.0009
  [Client  7] Round 5 | Hier-pFedMe(λ2=35.0,K=30) | loss=0.0003
  [Edge 0] G5 | E4 | loss=0.0005
  [Edge 0] G5 | E5 | Hier-pFedMe | Selected 10/10
  [Client  6] Received edge weights.
  [Client  3] Received edge weights.
  [Client  0] Received edge weights.
  [Client  7] Received edge weights.
  [Client  1] Received edge weights.
  [Client  5] Received edge weights.
  [Client  2] Received edge weights.
  [Client  8] Received edge weights.
  [Client  9] Received edge weights.
  [Client  4] Received edge weights.
  [Client  0] Round 5 | Hier-pFedMe(λ2=35.0,K=30) | loss=0.0006
  [Client  6] Round 5 | Hier-pFedMe(λ2=35.0,K=30) | loss=0.0007
  [Client  3] Round 5 | Hier-pFedMe(λ2=35.0,K=30) | loss=0.0005
  [Client  7] Round 5 | Hier-pFedMe(λ2=35.0,K=30) | loss=0.0008
  [Client  1] Round 5 | Hier-pFedMe(λ2=35.0,K=30) | loss=0.0008
  [Client  5] Round 5 | Hier-pFedMe(λ2=35.0,K=30) | loss=0.0011
  [Client  2] Round 5 | Hier-pFedMe(λ2=35.0,K=30) | loss=0.0007
  [Client  8] Round 5 | Hier-pFedMe(λ2=35.0,K=30) | loss=0.0000
  [Client  9] Round 5 | Hier-pFedMe(λ2=35.0,K=30) | loss=0.0000
  [Client  4] Round 5 | Hier-pFedMe(λ2=35.0,K=30) | loss=0.0009
  [Edge 0] G5 | E5 | loss=0.0007
  [Edge 1] G5 | E1 | Hier-pFedMe | Selected 10/10
  [Client 16] Received edge weights.
  [Client 10] Received edge weights.
  [Client 18] Received edge weights.
  [Client 12] Received edge weights.
  [Client 13] Received edge weights.
  [Client 15] Received edge weights.
  [Client 19] Received edge weights.
  [Client 17] Received edge weights.
  [Client 14] Received edge weights.
  [Client 11] Received edge weights.
  [Client 10] Round 5 | Hier-pFedMe(λ2=35.0,K=30) | loss=0.0010
  [Client 16] Round 5 | Hier-pFedMe(λ2=35.0,K=30) | loss=0.0006
  [Client 18] Round 5 | Hier-pFedMe(λ2=35.0,K=30) | loss=0.0013
  [Client 12] Round 5 | Hier-pFedMe(λ2=35.0,K=30) | loss=0.0005
  [Client 15] Round 5 | Hier-pFedMe(λ2=35.0,K=30) | loss=0.0004
  [Client 13] Round 5 | Hier-pFedMe(λ2=35.0,K=30) | loss=0.0008
  [Client 19] Round 5 | Hier-pFedMe(λ2=35.0,K=30) | loss=0.0007
  [Client 17] Round 5 | Hier-pFedMe(λ2=35.0,K=30) | loss=0.0012
  [Client 14] Round 5 | Hier-pFedMe(λ2=35.0,K=30) | loss=0.0004
  [Client 11] Round 5 | Hier-pFedMe(λ2=35.0,K=30) | loss=0.0007
  [Edge 1] G5 | E1 | loss=0.0008
  [Edge 1] G5 | E2 | Hier-pFedMe | Selected 10/10
  [Client 10] Received edge weights.
  [Client 12] Received edge weights.
  [Client 19] Received edge weights.
  [Client 15] Received edge weights.
  [Client 14] Received edge weights.
  [Client 13] Received edge weights.
  [Client 16] Received edge weights.
  [Client 11] Received edge weights.
  [Client 17] Received edge weights.
  [Client 18] Received edge weights.
  [Client 15] Round 5 | Hier-pFedMe(λ2=35.0,K=30) | loss=0.0001
  [Client 10] Round 5 | Hier-pFedMe(λ2=35.0,K=30) | loss=0.0002
  [Client 19] Round 5 | Hier-pFedMe(λ2=35.0,K=30) | loss=0.0009
  [Client 12] Round 5 | Hier-pFedMe(λ2=35.0,K=30) | loss=0.0010
  [Client 14] Round 5 | Hier-pFedMe(λ2=35.0,K=30) | loss=0.0013
  [Client 13] Round 5 | Hier-pFedMe(λ2=35.0,K=30) | loss=0.0005
  [Client 16] Round 5 | Hier-pFedMe(λ2=35.0,K=30) | loss=0.0007
  [Client 11] Round 5 | Hier-pFedMe(λ2=35.0,K=30) | loss=0.0006
  [Client 17] Round 5 | Hier-pFedMe(λ2=35.0,K=30) | loss=0.0016
  [Client 18] Round 5 | Hier-pFedMe(λ2=35.0,K=30) | loss=0.0009
  [Edge 1] G5 | E2 | loss=0.0008
  [Edge 1] G5 | E3 | Hier-pFedMe | Selected 10/10
  [Client 15] Received edge weights.
  [Client 14] Received edge weights.
  [Client 17] Received edge weights.
  [Client 16] Received edge weights.
  [Client 10] Received edge weights.
  [Client 19] Received edge weights.
  [Client 12] Received edge weights.
  [Client 13] Received edge weights.
  [Client 11] Received edge weights.
  [Client 18] Received edge weights.
  [Client 15] Round 5 | Hier-pFedMe(λ2=35.0,K=30) | loss=0.0009
  [Client 14] Round 5 | Hier-pFedMe(λ2=35.0,K=30) | loss=0.0013
  [Client 17] Round 5 | Hier-pFedMe(λ2=35.0,K=30) | loss=0.0006
  [Client 16] Round 5 | Hier-pFedMe(λ2=35.0,K=30) | loss=0.0006
  [Client 10] Round 5 | Hier-pFedMe(λ2=35.0,K=30) | loss=0.0006
  [Client 19] Round 5 | Hier-pFedMe(λ2=35.0,K=30) | loss=0.0008
  [Client 12] Round 5 | Hier-pFedMe(λ2=35.0,K=30) | loss=0.0008
  [Client 13] Round 5 | Hier-pFedMe(λ2=35.0,K=30) | loss=0.0010
  [Client 11] Round 5 | Hier-pFedMe(λ2=35.0,K=30) | loss=0.0010
  [Client 18] Round 5 | Hier-pFedMe(λ2=35.0,K=30) | loss=0.0022
  [Edge 1] G5 | E3 | loss=0.0010
  [Edge 1] G5 | E4 | Hier-pFedMe | Selected 10/10
  [Client 12] Received edge weights.
  [Client 13] Received edge weights.
  [Client 10] Received edge weights.
  [Client 11] Received edge weights.
  [Client 14] Received edge weights.
  [Client 16] Received edge weights.
  [Client 19] Received edge weights.
  [Client 15] Received edge weights.
  [Client 17] Received edge weights.
  [Client 18] Received edge weights.
  [Client 13] Round 5 | Hier-pFedMe(λ2=35.0,K=30) | loss=0.0010
  [Client 11] Round 5 | Hier-pFedMe(λ2=35.0,K=30) | loss=0.0006
  [Client 10] Round 5 | Hier-pFedMe(λ2=35.0,K=30) | loss=0.0003
  [Client 12] Round 5 | Hier-pFedMe(λ2=35.0,K=30) | loss=0.0013
  [Client 14] Round 5 | Hier-pFedMe(λ2=35.0,K=30) | loss=0.0005
  [Client 16] Round 5 | Hier-pFedMe(λ2=35.0,K=30) | loss=0.0008
  [Client 19] Round 5 | Hier-pFedMe(λ2=35.0,K=30) | loss=0.0004
  [Client 15] Round 5 | Hier-pFedMe(λ2=35.0,K=30) | loss=0.0010
  [Client 17] Round 5 | Hier-pFedMe(λ2=35.0,K=30) | loss=0.0011
  [Client 18] Round 5 | Hier-pFedMe(λ2=35.0,K=30) | loss=0.0011
  [Edge 1] G5 | E4 | loss=0.0008
  [Edge 1] G5 | E5 | Hier-pFedMe | Selected 10/10
  [Client 12] Received edge weights.
  [Client 13] Received edge weights.
  [Client 17] Received edge weights.
  [Client 16] Received edge weights.
  [Client 19] Received edge weights.
  [Client 10] Received edge weights.
  [Client 18] Received edge weights.
  [Client 14] Received edge weights.
  [Client 11] Received edge weights.
  [Client 15] Received edge weights.
  [Client 12] Round 5 | Hier-pFedMe(λ2=35.0,K=30) | loss=0.0006
  [Client 17] Round 5 | Hier-pFedMe(λ2=35.0,K=30) | loss=0.0007
  [Client 16] Round 5 | Hier-pFedMe(λ2=35.0,K=30) | loss=0.0008
  [Client 13] Round 5 | Hier-pFedMe(λ2=35.0,K=30) | loss=0.0007
  [Client 19] Round 5 | Hier-pFedMe(λ2=35.0,K=30) | loss=0.0007
  [Client 10] Round 5 | Hier-pFedMe(λ2=35.0,K=30) | loss=0.0011
  [Client 18] Round 5 | Hier-pFedMe(λ2=35.0,K=30) | loss=0.0008
  [Client 14] Round 5 | Hier-pFedMe(λ2=35.0,K=30) | loss=0.0006
  [Client 11] Round 5 | Hier-pFedMe(λ2=35.0,K=30) | loss=0.0008
  [Client 15] Round 5 | Hier-pFedMe(λ2=35.0,K=30) | loss=0.0015
  [Edge 1] G5 | E5 | loss=0.0008
[C0] eval model[0] mean=-0.001225 | θ̃ mean=-0.001225 | edge mean=-0.000906 |local ref=-0.001225
[C0] n=1000 | classes=[3, 6] | acc=0.6260 | per_class={3: '0.59', 6: '0.67'}
[C1] eval model[0] mean=-0.000250 | θ̃ mean=-0.000250 | edge mean=-0.000906 |local ref=-0.000250
[C1] n=1000 | classes=[3, 6] | acc=0.6640 | per_class={3: '0.51', 6: '0.83'}
[C2] eval model[0] mean=-0.000887 | θ̃ mean=-0.000887 | edge mean=-0.000906 |local ref=-0.000887
[C2] n=1000 | classes=[2, 5] | acc=0.6900 | per_class={2: '0.71', 5: '0.67'}
[C3] eval model[0] mean=-0.000661 | θ̃ mean=-0.000661 | edge mean=-0.000906 |local ref=-0.000661
[C3] n=1000 | classes=[5, 7] | acc=0.6190 | per_class={5: '0.54', 7: '0.70'}
[C4] eval model[0] mean=-0.000422 | θ̃ mean=-0.000422 | edge mean=-0.000906 |local ref=-0.000421
[C4] n=1000 | classes=[2, 7] | acc=0.6970 | per_class={2: '0.49', 7: '0.91'}
[C5] eval model[0] mean=-0.001640 | θ̃ mean=-0.001640 | edge mean=-0.000906 |local ref=-0.001640
[C5] n=1000 | classes=[2, 4] | acc=0.5760 | per_class={2: '0.45', 4: '0.71'}
[C6] eval model[0] mean=-0.001529 | θ̃ mean=-0.001529 | edge mean=-0.000906 |local ref=-0.001529
[C6] n=1000 | classes=[6, 7] | acc=0.7850 | per_class={6: '0.77', 7: '0.79'}
[C7] eval model[0] mean=-0.001218 | θ̃ mean=-0.001218 | edge mean=-0.000906 |local ref=-0.001217
[C7] n=1000 | classes=[3, 5] | acc=0.5160 | per_class={3: '0.36', 5: '0.66'}
[C8] eval model[0] mean=-0.001405 | θ̃ mean=-0.001405 | edge mean=-0.000906 |local ref=-0.001405
[C8] n=500 | classes=[4] | acc=1.0000 | per_class={4: '1.00'}
[C9] eval model[0] mean=0.000167 | θ̃ mean=0.000167 | edge mean=-0.000906 |local ref=0.000167
[C9] n=500 | classes=[4] | acc=1.0000 | per_class={4: '1.00'}
[C10] eval model[0] mean=-0.000189 | θ̃ mean=-0.000189 | edge mean=-0.000451 |local ref=-0.000188
[C10] n=600 | classes=[8, 9] | acc=0.7700 | per_class={8: '0.75', 9: '0.79'}
[C11] eval model[0] mean=-0.000514 | θ̃ mean=-0.000514 | edge mean=-0.000451 |local ref=-0.000514
[C11] n=600 | classes=[0, 1] | acc=0.7450 | per_class={0: '0.67', 1: '0.82'}
[C12] eval model[0] mean=-0.001027 | θ̃ mean=-0.001027 | edge mean=-0.000451 |local ref=-0.001027
[C12] n=600 | classes=[1, 8] | acc=0.7500 | per_class={1: '0.82', 8: '0.68'}
[C13] eval model[0] mean=-0.000219 | θ̃ mean=-0.000219 | edge mean=-0.000451 |local ref=-0.000218
[C13] n=600 | classes=[0, 8] | acc=0.6817 | per_class={0: '0.77', 8: '0.59'}
[C14] eval model[0] mean=0.000165 | θ̃ mean=0.000165 | edge mean=-0.000451 |local ref=0.000165
[C14] n=600 | classes=[0, 9] | acc=0.8267 | per_class={0: '0.74', 9: '0.91'}
[C15] eval model[0] mean=0.000671 | θ̃ mean=0.000671 | edge mean=-0.000451 |local ref=0.000671
[C15] n=600 | classes=[0, 8] | acc=0.5750 | per_class={0: '0.45', 8: '0.70'}
[C16] eval model[0] mean=-0.000156 | θ̃ mean=-0.000156 | edge mean=-0.000451 |local ref=-0.000157
[C16] n=600 | classes=[1, 8] | acc=0.7317 | per_class={1: '0.59', 8: '0.86'}
[C17] eval model[0] mean=-0.000796 | θ̃ mean=-0.000796 | edge mean=-0.000451 |local ref=-0.000796
[C17] n=600 | classes=[1, 9] | acc=0.5450 | per_class={1: '0.60', 9: '0.49'}
[C18] eval model[0] mean=-0.000920 | θ̃ mean=-0.000920 | edge mean=-0.000451 |local ref=-0.000920
[C18] n=600 | classes=[1, 9] | acc=0.6050 | per_class={1: '0.59', 9: '0.62'}
[C19] eval model[0] mean=-0.001164 | θ̃ mean=-0.001164 | edge mean=-0.000451 |local ref=-0.001165
[C19] n=600 | classes=[0, 9] | acc=0.7783 | per_class={0: '0.78', 9: '0.78'}
  [Cloud] GM=0.2469 | EM=0.3327 PM=0.6919 | loss=2.1043 | time=57.6s | comm=4556.2MB (total=22781MB)

[Round   6] Broadcasting to 2 edges...
  [Edge 0] W_n reset to global weights for new round.
  [Edge 1] W_n reset to global weights for new round.
  [Edge 0] G6 | E1 | Hier-pFedMe | Selected 10/10
  [Client  9] Received edge weights.
  [Client  5] Received edge weights.
  [Client  3] Received edge weights.
  [Client  4] Received edge weights.
  [Client  6] Received edge weights.
  [Client  2] Received edge weights.
  [Client  0] Received edge weights.
  [Client  7] Received edge weights.
  [Client  8] Received edge weights.
  [Client  1] Received edge weights.
  [Client  5] Round 6 | Hier-pFedMe(λ2=35.0,K=30) | loss=0.0012
  [Client  9] Round 6 | Hier-pFedMe(λ2=35.0,K=30) | loss=0.0000
  [Client  3] Round 6 | Hier-pFedMe(λ2=35.0,K=30) | loss=0.0008
  [Client  4] Round 6 | Hier-pFedMe(λ2=35.0,K=30) | loss=0.0012
  [Client  6] Round 6 | Hier-pFedMe(λ2=35.0,K=30) | loss=0.0025
  [Client  2] Round 6 | Hier-pFedMe(λ2=35.0,K=30) | loss=0.0006
  [Client  0] Round 6 | Hier-pFedMe(λ2=35.0,K=30) | loss=0.0006
  [Client  7] Round 6 | Hier-pFedMe(λ2=35.0,K=30) | loss=0.0013
  [Client  8] Round 6 | Hier-pFedMe(λ2=35.0,K=30) | loss=0.0000
  [Client  1] Round 6 | Hier-pFedMe(λ2=35.0,K=30) | loss=0.0004
  [Edge 0] G6 | E1 | loss=0.0010
  [Edge 0] G6 | E2 | Hier-pFedMe | Selected 10/10
  [Client  8] Received edge weights.
  [Client  4] Received edge weights.
  [Client  0] Received edge weights.
  [Client  7] Received edge weights.
  [Client  6] Received edge weights.
  [Client  2] Received edge weights.
  [Client  1] Received edge weights.
  [Client  3] Received edge weights.
  [Client  9] Received edge weights.
  [Client  5] Received edge weights.
  [Client  7] Round 6 | Hier-pFedMe(λ2=35.0,K=30) | loss=0.0006
  [Client  4] Round 6 | Hier-pFedMe(λ2=35.0,K=30) | loss=0.0004
  [Client  0] Round 6 | Hier-pFedMe(λ2=35.0,K=30) | loss=0.0005
  [Client  8] Round 6 | Hier-pFedMe(λ2=35.0,K=30) | loss=0.0000
  [Client  6] Round 6 | Hier-pFedMe(λ2=35.0,K=30) | loss=0.0005
  [Client  2] Round 6 | Hier-pFedMe(λ2=35.0,K=30) | loss=0.0008
  [Client  1] Round 6 | Hier-pFedMe(λ2=35.0,K=30) | loss=0.0004
  [Client  3] Round 6 | Hier-pFedMe(λ2=35.0,K=30) | loss=0.0006
  [Client  9] Round 6 | Hier-pFedMe(λ2=35.0,K=30) | loss=0.0000
  [Client  5] Round 6 | Hier-pFedMe(λ2=35.0,K=30) | loss=0.0013
  [Edge 0] G6 | E2 | loss=0.0006
  [Edge 0] G6 | E3 | Hier-pFedMe | Selected 10/10
  [Client  5] Received edge weights.
  [Client  2] Received edge weights.
  [Client  8] Received edge weights.
  [Client  0] Received edge weights.
  [Client  9] Received edge weights.
  [Client  1] Received edge weights.
  [Client  4] Received edge weights.
  [Client  3] Received edge weights.
  [Client  6] Received edge weights.
  [Client  7] Received edge weights.
  [Client  8] Round 6 | Hier-pFedMe(λ2=35.0,K=30) | loss=0.0000
  [Client  2] Round 6 | Hier-pFedMe(λ2=35.0,K=30) | loss=0.0003
  [Client  0] Round 6 | Hier-pFedMe(λ2=35.0,K=30) | loss=0.0006
  [Client  5] Round 6 | Hier-pFedMe(λ2=35.0,K=30) | loss=0.0018
  [Client  9] Round 6 | Hier-pFedMe(λ2=35.0,K=30) | loss=0.0000
  [Client  1] Round 6 | Hier-pFedMe(λ2=35.0,K=30) | loss=0.0008
  [Client  3] Round 6 | Hier-pFedMe(λ2=35.0,K=30) | loss=0.0002
  [Client  4] Round 6 | Hier-pFedMe(λ2=35.0,K=30) | loss=0.0008
  [Client  6] Round 6 | Hier-pFedMe(λ2=35.0,K=30) | loss=0.0009
  [Client  7] Round 6 | Hier-pFedMe(λ2=35.0,K=30) | loss=0.0006
  [Edge 0] G6 | E3 | loss=0.0007
  [Edge 0] G6 | E4 | Hier-pFedMe | Selected 10/10
  [Client  2] Received edge weights.
  [Client  6] Received edge weights.
  [Client  8] Received edge weights.
  [Client  0] Received edge weights.
  [Client  1] Received edge weights.
  [Client  3] Received edge weights.
  [Client  4] Received edge weights.
  [Client  5] Received edge weights.
  [Client  7] Received edge weights.
  [Client  9] Received edge weights.
  [Client  8] Round 6 | Hier-pFedMe(λ2=35.0,K=30) | loss=0.0000
  [Client  0] Round 6 | Hier-pFedMe(λ2=35.0,K=30) | loss=0.0007
  [Client  2] Round 6 | Hier-pFedMe(λ2=35.0,K=30) | loss=0.0008
  [Client  6] Round 6 | Hier-pFedMe(λ2=35.0,K=30) | loss=0.0009
  [Client  1] Round 6 | Hier-pFedMe(λ2=35.0,K=30) | loss=0.0004
  [Client  3] Round 6 | Hier-pFedMe(λ2=35.0,K=30) | loss=0.0006
  [Client  4] Round 6 | Hier-pFedMe(λ2=35.0,K=30) | loss=0.0006
  [Client  5] Round 6 | Hier-pFedMe(λ2=35.0,K=30) | loss=0.0010
  [Client  7] Round 6 | Hier-pFedMe(λ2=35.0,K=30) | loss=0.0010
  [Client  9] Round 6 | Hier-pFedMe(λ2=35.0,K=30) | loss=0.0000
  [Edge 0] G6 | E4 | loss=0.0006
  [Edge 0] G6 | E5 | Hier-pFedMe | Selected 10/10
  [Client  1] Received edge weights.
  [Client  3] Received edge weights.
  [Client  9] Received edge weights.
  [Client  5] Received edge weights.
  [Client  2] Received edge weights.
  [Client  6] Received edge weights.
  [Client  7] Received edge weights.
  [Client  4] Received edge weights.
  [Client  0] Received edge weights.
  [Client  8] Received edge weights.
  [Client  1] Round 6 | Hier-pFedMe(λ2=35.0,K=30) | loss=0.0008
  [Client  9] Round 6 | Hier-pFedMe(λ2=35.0,K=30) | loss=0.0000
  [Client  5] Round 6 | Hier-pFedMe(λ2=35.0,K=30) | loss=0.0017
  [Client  3] Round 6 | Hier-pFedMe(λ2=35.0,K=30) | loss=0.0007
  [Client  2] Round 6 | Hier-pFedMe(λ2=35.0,K=30) | loss=0.0004
  [Client  6] Round 6 | Hier-pFedMe(λ2=35.0,K=30) | loss=0.0009
  [Client  7] Round 6 | Hier-pFedMe(λ2=35.0,K=30) | loss=0.0007
  [Client  4] Round 6 | Hier-pFedMe(λ2=35.0,K=30) | loss=0.0010
  [Client  0] Round 6 | Hier-pFedMe(λ2=35.0,K=30) | loss=0.0011
  [Client  8] Round 6 | Hier-pFedMe(λ2=35.0,K=30) | loss=0.0000
  [Edge 0] G6 | E5 | loss=0.0008
  [Edge 1] G6 | E1 | Hier-pFedMe | Selected 10/10
  [Client 19] Received edge weights.
  [Client 13] Received edge weights.
  [Client 14] Received edge weights.
  [Client 18] Received edge weights.
  [Client 16] Received edge weights.
  [Client 12] Received edge weights.
  [Client 15] Received edge weights.
  [Client 11] Received edge weights.
  [Client 10] Received edge weights.
  [Client 17] Received edge weights.
  [Client 19] Round 6 | Hier-pFedMe(λ2=35.0,K=30) | loss=0.0006
  [Client 14] Round 6 | Hier-pFedMe(λ2=35.0,K=30) | loss=0.0003
  [Client 13] Round 6 | Hier-pFedMe(λ2=35.0,K=30) | loss=0.0007
  [Client 18] Round 6 | Hier-pFedMe(λ2=35.0,K=30) | loss=0.0007
  [Client 16] Round 6 | Hier-pFedMe(λ2=35.0,K=30) | loss=0.0015
  [Client 12] Round 6 | Hier-pFedMe(λ2=35.0,K=30) | loss=0.0005
  [Client 15] Round 6 | Hier-pFedMe(λ2=35.0,K=30) | loss=0.0004
  [Client 11] Round 6 | Hier-pFedMe(λ2=35.0,K=30) | loss=0.0009
  [Client 10] Round 6 | Hier-pFedMe(λ2=35.0,K=30) | loss=0.0007
  [Client 17] Round 6 | Hier-pFedMe(λ2=35.0,K=30) | loss=0.0006
  [Edge 1] G6 | E1 | loss=0.0007
  [Edge 1] G6 | E2 | Hier-pFedMe | Selected 10/10
  [Client 13] Received edge weights.
  [Client 18] Received edge weights.
  [Client 19] Received edge weights.
  [Client 10] Received edge weights.
  [Client 17] Received edge weights.
  [Client 15] Received edge weights.
  [Client 12] Received edge weights.
  [Client 11] Received edge weights.
  [Client 16] Received edge weights.
  [Client 14] Received edge weights.
  [Client 19] Round 6 | Hier-pFedMe(λ2=35.0,K=30) | loss=0.0004
  [Client 18] Round 6 | Hier-pFedMe(λ2=35.0,K=30) | loss=0.0007
  [Client 13] Round 6 | Hier-pFedMe(λ2=35.0,K=30) | loss=0.0002
  [Client 10] Round 6 | Hier-pFedMe(λ2=35.0,K=30) | loss=0.0006
  [Client 17] Round 6 | Hier-pFedMe(λ2=35.0,K=30) | loss=0.0003
  [Client 15] Round 6 | Hier-pFedMe(λ2=35.0,K=30) | loss=0.0003
  [Client 12] Round 6 | Hier-pFedMe(λ2=35.0,K=30) | loss=0.0003
  [Client 11] Round 6 | Hier-pFedMe(λ2=35.0,K=30) | loss=0.0004
  [Client 16] Round 6 | Hier-pFedMe(λ2=35.0,K=30) | loss=0.0008
  [Client 14] Round 6 | Hier-pFedMe(λ2=35.0,K=30) | loss=0.0004
  [Edge 1] G6 | E2 | loss=0.0004
  [Edge 1] G6 | E3 | Hier-pFedMe | Selected 10/10
  [Client 10] Received edge weights.
  [Client 16] Received edge weights.
  [Client 13] Received edge weights.
  [Client 18] Received edge weights.
  [Client 17] Received edge weights.
  [Client 11] Received edge weights.
  [Client 14] Received edge weights.
  [Client 12] Received edge weights.
  [Client 15] Received edge weights.
  [Client 19] Received edge weights.
  [Client 10] Round 6 | Hier-pFedMe(λ2=35.0,K=30) | loss=0.0003
  [Client 18] Round 6 | Hier-pFedMe(λ2=35.0,K=30) | loss=0.0007
  [Client 13] Round 6 | Hier-pFedMe(λ2=35.0,K=30) | loss=0.0003
  [Client 16] Round 6 | Hier-pFedMe(λ2=35.0,K=30) | loss=0.0009
