This job can be monitored from: https://job.c3se.chalmers.se/alvis/6635171
========================================
Job ID      : 6635171
Job Name    : HierFLcifar10
Node        : alvis6-04
Start Time  : Fri May 15 09:33:07 CEST 2026
Working Dir : /cephyr/users/ziangg/Alvis/tf-dpfl
========================================
[Setup] Python: /cephyr/users/ziangg/Alvis/tf-dpfl/bin/python
[Setup] TF version: 2.15.1
[Setup] GPU available: [PhysicalDevice(name='/physical_device:GPU:0', device_type='GPU')]
[Config] Override: wandb.enabled = True
[Setup] Random seed: 42
[Setup] Loading dataset...
[Data] CIFAR-10 from Mimer: /mimer/NOBACKUP/Datasets/CIFAR
[Setup] Building global model...
Model: "cifar_cnn_3conv"
_________________________________________________________________
 Layer (type)                Output Shape              Param #   
=================================================================
 input_1 (InputLayer)        [(None, 32, 32, 3)]       0         
                                                                 
 conv2d (Conv2D)             (None, 32, 32, 32)        896       
                                                                 
 batch_normalization (Batch  (None, 32, 32, 32)        128       
 Normalization)                                                  
                                                                 
 re_lu (ReLU)                (None, 32, 32, 32)        0         
                                                                 
 conv2d_1 (Conv2D)           (None, 32, 32, 64)        18496     
                                                                 
 batch_normalization_1 (Bat  (None, 32, 32, 64)        256       
 chNormalization)                                                
                                                                 
 re_lu_1 (ReLU)              (None, 32, 32, 64)        0         
                                                                 
 max_pooling2d (MaxPooling2  (None, 16, 16, 64)        0         
 D)                                                              
                                                                 
 conv2d_2 (Conv2D)           (None, 16, 16, 128)       73856     
                                                                 
 batch_normalization_2 (Bat  (None, 16, 16, 128)       512       
 chNormalization)                                                
                                                                 
 re_lu_2 (ReLU)              (None, 16, 16, 128)       0         
                                                                 
 conv2d_3 (Conv2D)           (None, 16, 16, 128)       147584    
                                                                 
 batch_normalization_3 (Bat  (None, 16, 16, 128)       512       
 chNormalization)                                                
                                                                 
 re_lu_3 (ReLU)              (None, 16, 16, 128)       0         
                                                                 
 max_pooling2d_1 (MaxPoolin  (None, 8, 8, 128)         0         
 g2D)                                                            
                                                                 
 spatial_dropout2d (Spatial  (None, 8, 8, 128)         0         
 Dropout2D)                                                      
                                                                 
 conv2d_4 (Conv2D)           (None, 8, 8, 256)         295168    
                                                                 
 batch_normalization_4 (Bat  (None, 8, 8, 256)         1024      
 chNormalization)                                                
                                                                 
 re_lu_4 (ReLU)              (None, 8, 8, 256)         0         
                                                                 
 conv2d_5 (Conv2D)           (None, 8, 8, 256)         590080    
                                                                 
 batch_normalization_5 (Bat  (None, 8, 8, 256)         1024      
 chNormalization)                                                
                                                                 
 re_lu_5 (ReLU)              (None, 8, 8, 256)         0         
                                                                 
 max_pooling2d_2 (MaxPoolin  (None, 4, 4, 256)         0         
 g2D)                                                            
                                                                 
 flatten (Flatten)           (None, 4096)              0         
                                                                 
 dropout (Dropout)           (None, 4096)              0         
                                                                 
 dense (Dense)               (None, 1024)              4195328   
                                                                 
 dense_1 (Dense)             (None, 512)               524800    
                                                                 
 dropout_1 (Dropout)         (None, 512)               0         
                                                                 
 dense_2 (Dense)             (None, 10)                5130      
                                                                 
=================================================================
Total params: 5854794 (22.33 MB)
Trainable params: 5853066 (22.33 MB)
Non-trainable params: 1728 (6.75 KB)
_________________________________________________________________
[Setup] Building clients...

[Superclass-aware partition] 2 edges, 2 classes/client

  Edge 0 (class pool: [2, 3, 4, 5, 6, 7]):
  Client       Samples    Classes held                        Out-of-pool?
  ---------------------------------------------------------------------------
  client_0     4000       [3, 6]                              OK
  client_1     4000       [3, 6]                              OK
  client_2     4000       [2, 5]                              OK
  client_3     4000       [5, 7]                              OK
  client_4     4000       [2, 7]                              OK
  client_5     4000       [2, 4]                              OK
  client_6     4000       [6, 7]                              OK
  client_7     4000       [3, 5]                              OK
  client_8     2000       [4]                                 OK
  client_9     2000       [4]                                 OK

  Edge 1 (class pool: [0, 1, 8, 9]):
  Client       Samples    Classes held                        Out-of-pool?
  ---------------------------------------------------------------------------
  client_10    2400       [8, 9]                              OK
  client_11    2400       [0, 1]                              OK
  client_12    2400       [1, 8]                              OK
  client_13    2400       [0, 8]                              OK
  client_14    2400       [0, 9]                              OK
  client_15    2400       [0, 8]                              OK
  client_16    2400       [1, 8]                              OK
  client_17    2400       [1, 9]                              OK
  client_18    2400       [1, 9]                              OK
  client_19    2400       [0, 9]                              OK

[Train/Test split] 20 clients | avg train=2250, avg test=750 samples (ratio=0.25)
[Setup] 20 clients built (superclass_pathological) | per-client test sets injected
[Setup] Building edge servers...
[Assignment] Using pre-baked superclass assignments | 2 edges
[EdgeServer 0] 10 clients | 27000 samples
[EdgeServer 1] 10 clients | 18000 samples

[Setup] Built 2 edge servers (strategy=superclass_baked)
  Edge 0: 10 clients | 27000 samples
  Edge 1: 10 clients | 18000 samples
[Setup] Building per-edge test datasets (superclass-aware)...
[CloudServer] 2 edges | model: 22.33 MB

====================================================
 HierFAVG Training Start
====================================================

[Round   1] Broadcasting to 2 edges...
  [Edge 0] W_n reset to global weights for new round.
  [Edge 1] W_n reset to global weights for new round.
  [Edge 0] G1 | E1 | Hier-pFedMe | Selected 10/10
  [Client  3] Received edge weights.
  [Client  6] Received edge weights.
  [Client  9] Received edge weights.
  [Client  8] Received edge weights.
  [Client  7] Received edge weights.
  [Client  1] Received edge weights.
  [Client  4] Received edge weights.
  [Client  0] Received edge weights.
  [Client  5] Received edge weights.
  [Client  2] Received edge weights.
  [Client  3] Round 1 | Hier-pFedMe(λ2=35.0,K=3) | loss=23.4828
  [Client  9] Round 1 | Hier-pFedMe(λ2=35.0,K=3) | loss=0.0000
  [Client  6] Round 1 | Hier-pFedMe(λ2=35.0,K=3) | loss=4.8055
  [Client  8] Round 1 | Hier-pFedMe(λ2=35.0,K=3) | loss=0.0000
  [Client  7] Round 1 | Hier-pFedMe(λ2=35.0,K=3) | loss=16.6373
  [Client  1] Round 1 | Hier-pFedMe(λ2=35.0,K=3) | loss=8.9797
  [Client  4] Round 1 | Hier-pFedMe(λ2=35.0,K=3) | loss=18.6372
  [Client  0] Round 1 | Hier-pFedMe(λ2=35.0,K=3) | loss=23.3371
  [Client  5] Round 1 | Hier-pFedMe(λ2=35.0,K=3) | loss=23.5456
  [Client  2] Round 1 | Hier-pFedMe(λ2=35.0,K=3) | loss=17.1153
  [Edge 0] G1 | E1 | loss=15.1712
  [Edge 0] G1 | E2 | Hier-pFedMe | Selected 10/10
  [Client  3] Received edge weights.
  [Client  0] Received edge weights.
  [Client  7] Received edge weights.
  [Client  9] Received edge weights.
  [Client  6] Received edge weights.
  [Client  4] Received edge weights.
  [Client  2] Received edge weights.
  [Client  8] Received edge weights.
  [Client  5] Received edge weights.
  [Client  1] Received edge weights.
  [Client  3] Round 1 | Hier-pFedMe(λ2=35.0,K=3) | loss=1.3931
  [Client  0] Round 1 | Hier-pFedMe(λ2=35.0,K=3) | loss=0.9983
  [Client  7] Round 1 | Hier-pFedMe(λ2=35.0,K=3) | loss=1.5962
  [Client  9] Round 1 | Hier-pFedMe(λ2=35.0,K=3) | loss=2.4211
  [Client  6] Round 1 | Hier-pFedMe(λ2=35.0,K=3) | loss=1.4366
  [Client  4] Round 1 | Hier-pFedMe(λ2=35.0,K=3) | loss=3.1926
  [Client  2] Round 1 | Hier-pFedMe(λ2=35.0,K=3) | loss=1.0730
  [Client  8] Round 1 | Hier-pFedMe(λ2=35.0,K=3) | loss=2.6610
  [Client  5] Round 1 | Hier-pFedMe(λ2=35.0,K=3) | loss=1.3189
  [Client  1] Round 1 | Hier-pFedMe(λ2=35.0,K=3) | loss=1.6153
  [Edge 0] G1 | E2 | loss=1.6850
  [Edge 0] G1 | E3 | Hier-pFedMe | Selected 10/10
  [Client  9] Received edge weights.
  [Client  7] Received edge weights.
  [Client  8] Received edge weights.
  [Client  6] Received edge weights.
  [Client  4] Received edge weights.
  [Client  1] Received edge weights.
  [Client  0] Received edge weights.
  [Client  3] Received edge weights.
  [Client  5] Received edge weights.
  [Client  2] Received edge weights.
  [Client  8] Round 1 | Hier-pFedMe(λ2=35.0,K=3) | loss=0.0002
  [Client  7] Round 1 | Hier-pFedMe(λ2=35.0,K=3) | loss=0.7129  [Client  9] Round 1 | Hier-pFedMe(λ2=35.0,K=3) | loss=0.0003

  [Client  6] Round 1 | Hier-pFedMe(λ2=35.0,K=3) | loss=6.2346
  [Client  4] Round 1 | Hier-pFedMe(λ2=35.0,K=3) | loss=21.8113
  [Client  1] Round 1 | Hier-pFedMe(λ2=35.0,K=3) | loss=8.2904
  [Client  0] Round 1 | Hier-pFedMe(λ2=35.0,K=3) | loss=2.0284
  [Client  3] Round 1 | Hier-pFedMe(λ2=35.0,K=3) | loss=40.6124
  [Client  5] Round 1 | Hier-pFedMe(λ2=35.0,K=3) | loss=67.3603
  [Client  2] Round 1 | Hier-pFedMe(λ2=35.0,K=3) | loss=2.8421
  [Edge 0] G1 | E3 | loss=16.6547
  [Edge 0] G1 | E4 | Hier-pFedMe | Selected 10/10
  [Client  8] Received edge weights.
  [Client  6] Received edge weights.
  [Client  0] Received edge weights.
  [Client  9] Received edge weights.
  [Client  7] Received edge weights.
  [Client  3] Received edge weights.
  [Client  5] Received edge weights.
  [Client  2] Received edge weights.
  [Client  1] Received edge weights.
  [Client  4] Received edge weights.
  [Client  0] Round 1 | Hier-pFedMe(λ2=35.0,K=3) | loss=0.9630
  [Client  8] Round 1 | Hier-pFedMe(λ2=35.0,K=3) | loss=0.0007
  [Client  9] Round 1 | Hier-pFedMe(λ2=35.0,K=3) | loss=0.0003
  [Client  6] Round 1 | Hier-pFedMe(λ2=35.0,K=3) | loss=0.6639
  [Client  5] Round 1 | Hier-pFedMe(λ2=35.0,K=3) | loss=1.5718
  [Client  3] Round 1 | Hier-pFedMe(λ2=35.0,K=3) | loss=0.9452
  [Client  7] Round 1 | Hier-pFedMe(λ2=35.0,K=3) | loss=1.6552
  [Client  2] Round 1 | Hier-pFedMe(λ2=35.0,K=3) | loss=1.5138
  [Client  1] Round 1 | Hier-pFedMe(λ2=35.0,K=3) | loss=1.1382
  [Client  4] Round 1 | Hier-pFedMe(λ2=35.0,K=3) | loss=0.8363
  [Edge 0] G1 | E4 | loss=1.0320
  [Edge 0] G1 | E5 | Hier-pFedMe | Selected 10/10
  [Client  8] Received edge weights.
  [Client  1] Received edge weights.
  [Client  7] Received edge weights.
  [Client  4] Received edge weights.
  [Client  5] Received edge weights.
  [Client  9] Received edge weights.
  [Client  3] Received edge weights.
  [Client  0] Received edge weights.
  [Client  6] Received edge weights.
  [Client  2] Received edge weights.
  [Client  7] Round 1 | Hier-pFedMe(λ2=35.0,K=3) | loss=0.9419
  [Client  4] Round 1 | Hier-pFedMe(λ2=35.0,K=3) | loss=6.9046
  [Client  1] Round 1 | Hier-pFedMe(λ2=35.0,K=3) | loss=1.4916
  [Client  8] Round 1 | Hier-pFedMe(λ2=35.0,K=3) | loss=0.3467
  [Client  5] Round 1 | Hier-pFedMe(λ2=35.0,K=3) | loss=176.9885
  [Client  3] Round 1 | Hier-pFedMe(λ2=35.0,K=3) | loss=23.1608
  [Client  9] Round 1 | Hier-pFedMe(λ2=35.0,K=3) | loss=0.2112
  [Client  0] Round 1 | Hier-pFedMe(λ2=35.0,K=3) | loss=2.6485
  [Client  2] Round 1 | Hier-pFedMe(λ2=35.0,K=3) | loss=4.1959
  [Client  6] Round 1 | Hier-pFedMe(λ2=35.0,K=3) | loss=2.9943
  [Edge 0] G1 | E5 | loss=24.4006
  [Edge 1] G1 | E1 | Hier-pFedMe | Selected 10/10
  [Client 10] Received edge weights.
  [Client 19] Received edge weights.
  [Client 13] Received edge weights.
  [Client 17] Received edge weights.
  [Client 12] Received edge weights.
  [Client 14] Received edge weights.
  [Client 15] Received edge weights.
  [Client 11] Received edge weights.
  [Client 16] Received edge weights.
  [Client 18] Received edge weights.
  [Client 17] Round 1 | Hier-pFedMe(λ2=35.0,K=3) | loss=25.5551
  [Client 13] Round 1 | Hier-pFedMe(λ2=35.0,K=3) | loss=11.1579
  [Client 10] Round 1 | Hier-pFedMe(λ2=35.0,K=3) | loss=18.5046
  [Client 19] Round 1 | Hier-pFedMe(λ2=35.0,K=3) | loss=11.1965
  [Client 12] Round 1 | Hier-pFedMe(λ2=35.0,K=3) | loss=5.7428
  [Client 14] Round 1 | Hier-pFedMe(λ2=35.0,K=3) | loss=15.2061
  [Client 15] Round 1 | Hier-pFedMe(λ2=35.0,K=3) | loss=18.7218
  [Client 11] Round 1 | Hier-pFedMe(λ2=35.0,K=3) | loss=9.2089
  [Client 16] Round 1 | Hier-pFedMe(λ2=35.0,K=3) | loss=20.1739
  [Client 18] Round 1 | Hier-pFedMe(λ2=35.0,K=3) | loss=25.3244
  [Edge 1] G1 | E1 | loss=16.0792
  [Edge 1] G1 | E2 | Hier-pFedMe | Selected 10/10
  [Client 11] Received edge weights.
  [Client 15] Received edge weights.
  [Client 19] Received edge weights.
  [Client 16] Received edge weights.
  [Client 18] Received edge weights.
  [Client 14] Received edge weights.
  [Client 17] Received edge weights.
  [Client 12] Received edge weights.
  [Client 13] Received edge weights.
  [Client 10] Received edge weights.
  [Client 11] Round 1 | Hier-pFedMe(λ2=35.0,K=3) | loss=1.0983
  [Client 19] Round 1 | Hier-pFedMe(λ2=35.0,K=3) | loss=2.0768
  [Client 15] Round 1 | Hier-pFedMe(λ2=35.0,K=3) | loss=1.0546
  [Client 16] Round 1 | Hier-pFedMe(λ2=35.0,K=3) | loss=0.7817
  [Client 18] Round 1 | Hier-pFedMe(λ2=35.0,K=3) | loss=1.0570
  [Client 14] Round 1 | Hier-pFedMe(λ2=35.0,K=3) | loss=1.7603
  [Client 17] Round 1 | Hier-pFedMe(λ2=35.0,K=3) | loss=1.1682
  [Client 12] Round 1 | Hier-pFedMe(λ2=35.0,K=3) | loss=1.7618
  [Client 13] Round 1 | Hier-pFedMe(λ2=35.0,K=3) | loss=2.3419
  [Client 10] Round 1 | Hier-pFedMe(λ2=35.0,K=3) | loss=1.7416
  [Edge 1] G1 | E2 | loss=1.4842
  [Edge 1] G1 | E3 | Hier-pFedMe | Selected 10/10
  [Client 10] Received edge weights.
  [Client 14] Received edge weights.
  [Client 15] Received edge weights.
  [Client 12] Received edge weights.
  [Client 18] Received edge weights.
  [Client 11] Received edge weights.
  [Client 16] Received edge weights.
  [Client 13] Received edge weights.
  [Client 17] Received edge weights.
  [Client 19] Received edge weights.
  [Client 10] Round 1 | Hier-pFedMe(λ2=35.0,K=3) | loss=1.0447
  [Client 12] Round 1 | Hier-pFedMe(λ2=35.0,K=3) | loss=16.6094
  [Client 14] Round 1 | Hier-pFedMe(λ2=35.0,K=3) | loss=4.0970
  [Client 15] Round 1 | Hier-pFedMe(λ2=35.0,K=3) | loss=11.7633
  [Client 18] Round 1 | Hier-pFedMe(λ2=35.0,K=3) | loss=125.4233
  [Client 11] Round 1 | Hier-pFedMe(λ2=35.0,K=3) | loss=5.8504
  [Client 16] Round 1 | Hier-pFedMe(λ2=35.0,K=3) | loss=7.8219
  [Client 13] Round 1 | Hier-pFedMe(λ2=35.0,K=3) | loss=2.2456
  [Client 17] Round 1 | Hier-pFedMe(λ2=35.0,K=3) | loss=2.8179
  [Client 19] Round 1 | Hier-pFedMe(λ2=35.0,K=3) | loss=13.7696
  [Edge 1] G1 | E3 | loss=19.1443
  [Edge 1] G1 | E4 | Hier-pFedMe | Selected 10/10
  [Client 12] Received edge weights.
  [Client 18] Received edge weights.
  [Client 14] Received edge weights.
  [Client 15] Received edge weights.
  [Client 10] Received edge weights.
  [Client 13] Received edge weights.
  [Client 11] Received edge weights.
  [Client 16] Received edge weights.
  [Client 19] Received edge weights.
  [Client 17] Received edge weights.
  [Client 14] Round 1 | Hier-pFedMe(λ2=35.0,K=3) | loss=1.9102
  [Client 12] Round 1 | Hier-pFedMe(λ2=35.0,K=3) | loss=1.2378
  [Client 18] Round 1 | Hier-pFedMe(λ2=35.0,K=3) | loss=1.4253
  [Client 15] Round 1 | Hier-pFedMe(λ2=35.0,K=3) | loss=0.8505
  [Client 10] Round 1 | Hier-pFedMe(λ2=35.0,K=3) | loss=0.8984
  [Client 13] Round 1 | Hier-pFedMe(λ2=35.0,K=3) | loss=1.0379
  [Client 16] Round 1 | Hier-pFedMe(λ2=35.0,K=3) | loss=1.3623
  [Client 11] Round 1 | Hier-pFedMe(λ2=35.0,K=3) | loss=1.7518
  [Client 19] Round 1 | Hier-pFedMe(λ2=35.0,K=3) | loss=1.8290
  [Client 17] Round 1 | Hier-pFedMe(λ2=35.0,K=3) | loss=1.0906
  [Edge 1] G1 | E4 | loss=1.3394
  [Edge 1] G1 | E5 | Hier-pFedMe | Selected 10/10
  [Client 13] Received edge weights.
  [Client 16] Received edge weights.
  [Client 18] Received edge weights.
  [Client 19] Received edge weights.
  [Client 17] Received edge weights.
  [Client 15] Received edge weights.
  [Client 12] Received edge weights.
  [Client 14] Received edge weights.
  [Client 11] Received edge weights.
  [Client 10] Received edge weights.
  [Client 16] Round 1 | Hier-pFedMe(λ2=35.0,K=3) | loss=0.3382
  [Client 13] Round 1 | Hier-pFedMe(λ2=35.0,K=3) | loss=1.8345
  [Client 18] Round 1 | Hier-pFedMe(λ2=35.0,K=3) | loss=120.8203
  [Client 19] Round 1 | Hier-pFedMe(λ2=35.0,K=3) | loss=11.4943
  [Client 17] Round 1 | Hier-pFedMe(λ2=35.0,K=3) | loss=6.2112
  [Client 15] Round 1 | Hier-pFedMe(λ2=35.0,K=3) | loss=6.4968
  [Client 12] Round 1 | Hier-pFedMe(λ2=35.0,K=3) | loss=0.6994
  [Client 14] Round 1 | Hier-pFedMe(λ2=35.0,K=3) | loss=0.8448
  [Client 11] Round 1 | Hier-pFedMe(λ2=35.0,K=3) | loss=7.7720
  [Client 10] Round 1 | Hier-pFedMe(λ2=35.0,K=3) | loss=2.7016
  [Edge 1] G1 | E5 | loss=15.9213
[C0] eval model[0] mean=-0.004057 | θ̃ mean=-0.004057 | edge mean=-0.004360
[C0] n=1000 | classes=[3, 6] | acc=0.4650 | per_class={3: '0.24', 6: '0.70'}
[C1] eval model[0] mean=-0.003130 | θ̃ mean=-0.003130 | edge mean=-0.004360
[C1] n=1000 | classes=[3, 6] | acc=0.5410 | per_class={3: '0.70', 6: '0.37'}
[C2] eval model[0] mean=-0.002562 | θ̃ mean=-0.002562 | edge mean=-0.004360
[C2] n=1000 | classes=[2, 5] | acc=0.5060 | per_class={2: '0.99', 5: '0.01'}
[C3] eval model[0] mean=-0.003080 | θ̃ mean=-0.003080 | edge mean=-0.004360
[C3] n=1000 | classes=[5, 7] | acc=0.0000 | per_class={5: '0.00', 7: '0.00'}
[C4] eval model[0] mean=-0.003741 | θ̃ mean=-0.003741 | edge mean=-0.004360
[C4] n=1000 | classes=[2, 7] | acc=0.5070 | per_class={2: '1.00', 7: '0.00'}
[C5] eval model[0] mean=-0.004053 | θ̃ mean=-0.004053 | edge mean=-0.004360
[C5] n=1000 | classes=[2, 4] | acc=0.0000 | per_class={2: '0.00', 4: '0.00'}
[C6] eval model[0] mean=-0.004718 | θ̃ mean=-0.004718 | edge mean=-0.004360
[C6] n=1000 | classes=[6, 7] | acc=0.4930 | per_class={6: '1.00', 7: '0.00'}
[C7] eval model[0] mean=-0.004798 | θ̃ mean=-0.004798 | edge mean=-0.004360
[C7] n=1000 | classes=[3, 5] | acc=0.4840 | per_class={3: '0.97', 5: '0.02'}
[C8] eval model[0] mean=-0.005477 | θ̃ mean=-0.005477 | edge mean=-0.004360
[C8] n=500 | classes=[4] | acc=0.0000 | per_class={4: '0.00'}
[C9] eval model[0] mean=-0.005710 | θ̃ mean=-0.005710 | edge mean=-0.004360
[C9] n=500 | classes=[4] | acc=0.0000 | per_class={4: '0.00'}
[C10] eval model[0] mean=-0.004273 | θ̃ mean=-0.004273 | edge mean=-0.004273
[C10] n=600 | classes=[8, 9] | acc=0.4867 | per_class={8: '1.00', 9: '0.00'}
[C11] eval model[0] mean=-0.001431 | θ̃ mean=-0.001431 | edge mean=-0.004273
[C11] n=600 | classes=[0, 1] | acc=0.0017 | per_class={0: '0.00', 1: '0.00'}
[C12] eval model[0] mean=-0.003564 | θ̃ mean=-0.003564 | edge mean=-0.004273
[C12] n=600 | classes=[1, 8] | acc=0.4867 | per_class={1: '0.00', 8: '1.00'}
[C13] eval model[0] mean=-0.003422 | θ̃ mean=-0.003422 | edge mean=-0.004273
[C13] n=600 | classes=[0, 8] | acc=0.5183 | per_class={0: '1.00', 8: '0.00'}
[C14] eval model[0] mean=-0.004762 | θ̃ mean=-0.004762 | edge mean=-0.004273
[C14] n=600 | classes=[0, 9] | acc=0.5117 | per_class={0: '1.00', 9: '0.00'}
[C15] eval model[0] mean=-0.007069 | θ̃ mean=-0.007069 | edge mean=-0.004273
[C15] n=600 | classes=[0, 8] | acc=0.4917 | per_class={0: '0.00', 8: '1.00'}
[C16] eval model[0] mean=-0.005388 | θ̃ mean=-0.005388 | edge mean=-0.004273
[C16] n=600 | classes=[1, 8] | acc=0.5150 | per_class={1: '0.00', 8: '1.00'}
[C17] eval model[0] mean=-0.003412 | θ̃ mean=-0.003412 | edge mean=-0.004273
[C17] n=600 | classes=[1, 9] | acc=0.0000 | per_class={1: '0.00', 9: '0.00'}
[C18] eval model[0] mean=-0.009351 | θ̃ mean=-0.009351 | edge mean=-0.004273
[C18] n=600 | classes=[1, 9] | acc=0.0000 | per_class={1: '0.00', 9: '0.00'}
[C19] eval model[0] mean=-0.001692 | θ̃ mean=-0.001692 | edge mean=-0.004273
[C19] n=600 | classes=[0, 9] | acc=0.2767 | per_class={0: '0.00', 9: '0.53'}
  [Cloud] GM=0.1005 | EM=0.2119 PM=0.3313 | loss=2.3073 | time=76.4s | comm=4556.2MB (total=4556MB)

[Round   2] Broadcasting to 2 edges...
  [Edge 0] W_n reset to global weights for new round.
  [Edge 1] W_n reset to global weights for new round.
  [Edge 0] G2 | E1 | Hier-pFedMe | Selected 10/10
  [Client  9] Received edge weights.
  [Client  2] Received edge weights.
  [Client  6] Received edge weights.
  [Client  8] Received edge weights.
  [Client  5] Received edge weights.
  [Client  1] Received edge weights.
  [Client  4] Received edge weights.
  [Client  0] Received edge weights.
  [Client  7] Received edge weights.
  [Client  3] Received edge weights.
  [Client  9] Round 2 | Hier-pFedMe(λ2=35.0,K=3) | loss=0.0883
  [Client  6] Round 2 | Hier-pFedMe(λ2=35.0,K=3) | loss=0.7543
  [Client  8] Round 2 | Hier-pFedMe(λ2=35.0,K=3) | loss=0.0492
  [Client  2] Round 2 | Hier-pFedMe(λ2=35.0,K=3) | loss=2.3615
  [Client  5] Round 2 | Hier-pFedMe(λ2=35.0,K=3) | loss=3.1708
  [Client  1] Round 2 | Hier-pFedMe(λ2=35.0,K=3) | loss=0.7526
  [Client  4] Round 2 | Hier-pFedMe(λ2=35.0,K=3) | loss=2.1916
  [Client  0] Round 2 | Hier-pFedMe(λ2=35.0,K=3) | loss=1.3373
  [Client  7] Round 2 | Hier-pFedMe(λ2=35.0,K=3) | loss=1.4000
  [Client  3] Round 2 | Hier-pFedMe(λ2=35.0,K=3) | loss=1.0751
  [Edge 0] G2 | E1 | loss=1.4569
  [Edge 0] G2 | E2 | Hier-pFedMe | Selected 10/10
  [Client  1] Received edge weights.
  [Client  5] Received edge weights.
  [Client  6] Received edge weights.
  [Client  8] Received edge weights.
  [Client  4] Received edge weights.
  [Client  3] Received edge weights.
  [Client  0] Received edge weights.
  [Client  7] Received edge weights.
  [Client  9] Received edge weights.
  [Client  2] Received edge weights.
  [Client  1] Round 2 | Hier-pFedMe(λ2=35.0,K=3) | loss=2.6562
  [Client  5] Round 2 | Hier-pFedMe(λ2=35.0,K=3) | loss=14.9923
  [Client  6] Round 2 | Hier-pFedMe(λ2=35.0,K=3) | loss=1.2614
  [Client  8] Round 2 | Hier-pFedMe(λ2=35.0,K=3) | loss=153.5148
  [Client  4] Round 2 | Hier-pFedMe(λ2=35.0,K=3) | loss=8.5951
  [Client  3] Round 2 | Hier-pFedMe(λ2=35.0,K=3) | loss=80.1596
  [Client  7] Round 2 | Hier-pFedMe(λ2=35.0,K=3) | loss=1.6801
  [Client  0] Round 2 | Hier-pFedMe(λ2=35.0,K=3) | loss=4.6808
  [Client  9] Round 2 | Hier-pFedMe(λ2=35.0,K=3) | loss=105.0201
  [Client  2] Round 2 | Hier-pFedMe(λ2=35.0,K=3) | loss=8.4766
  [Edge 0] G2 | E2 | loss=27.9744
  [Edge 0] G2 | E3 | Hier-pFedMe | Selected 10/10
  [Client  6] Received edge weights.
  [Client  8] Received edge weights.
  [Client  3] Received edge weights.
  [Client  1] Received edge weights.
  [Client  9] Received edge weights.
  [Client  0] Received edge weights.
  [Client  5] Received edge weights.
  [Client  4] Received edge weights.
  [Client  7] Received edge weights.
  [Client  2] Received edge weights.
  [Client  8] Round 2 | Hier-pFedMe(λ2=35.0,K=3) | loss=0.9841
  [Client  6] Round 2 | Hier-pFedMe(λ2=35.0,K=3) | loss=1.7050
  [Client  3] Round 2 | Hier-pFedMe(λ2=35.0,K=3) | loss=2.0306
  [Client  1] Round 2 | Hier-pFedMe(λ2=35.0,K=3) | loss=0.8905
  [Client  0] Round 2 | Hier-pFedMe(λ2=35.0,K=3) | loss=1.3261
  [Client  9] Round 2 | Hier-pFedMe(λ2=35.0,K=3) | loss=0.6948
  [Client  5] Round 2 | Hier-pFedMe(λ2=35.0,K=3) | loss=15.8645
  [Client  4] Round 2 | Hier-pFedMe(λ2=35.0,K=3) | loss=1.7287
  [Client  7] Round 2 | Hier-pFedMe(λ2=35.0,K=3) | loss=0.8563
  [Client  2] Round 2 | Hier-pFedMe(λ2=35.0,K=3) | loss=1.7504
  [Edge 0] G2 | E3 | loss=2.9991
  [Edge 0] G2 | E4 | Hier-pFedMe | Selected 10/10
  [Client  5] Received edge weights.
  [Client  1] Received edge weights.
  [Client  6] Received edge weights.
  [Client  2] Received edge weights.
  [Client  8] Received edge weights.
  [Client  0] Received edge weights.
  [Client  7] Received edge weights.
  [Client  4] Received edge weights.
  [Client  3] Received edge weights.
  [Client  9] Received edge weights.
  [Client  5] Round 2 | Hier-pFedMe(λ2=35.0,K=3) | loss=21.9188
  [Client  6] Round 2 | Hier-pFedMe(λ2=35.0,K=3) | loss=1.6933
  [Client  2] Round 2 | Hier-pFedMe(λ2=35.0,K=3) | loss=1.1387
  [Client  1] Round 2 | Hier-pFedMe(λ2=35.0,K=3) | loss=1.0146
  [Client  8] Round 2 | Hier-pFedMe(λ2=35.0,K=3) | loss=0.0000
  [Client  7] Round 2 | Hier-pFedMe(λ2=35.0,K=3) | loss=1.4177
  [Client  0] Round 2 | Hier-pFedMe(λ2=35.0,K=3) | loss=2.0569
  [Client  4] Round 2 | Hier-pFedMe(λ2=35.0,K=3) | loss=4.8363
  [Client  3] Round 2 | Hier-pFedMe(λ2=35.0,K=3) | loss=17.4320
  [Client  9] Round 2 | Hier-pFedMe(λ2=35.0,K=3) | loss=0.0001
  [Edge 0] G2 | E4 | loss=5.7232
  [Edge 0] G2 | E5 | Hier-pFedMe | Selected 10/10
  [Client  6] Received edge weights.
  [Client  2] Received edge weights.
  [Client  5] Received edge weights.
  [Client  1] Received edge weights.
  [Client  8] Received edge weights.
  [Client  9] Received edge weights.
  [Client  3] Received edge weights.
  [Client  7] Received edge weights.
  [Client  4] Received edge weights.
  [Client  0] Received edge weights.
  [Client  2] Round 2 | Hier-pFedMe(λ2=35.0,K=3) | loss=2.4339
  [Client  5] Round 2 | Hier-pFedMe(λ2=35.0,K=3) | loss=4.5013
  [Client  6] Round 2 | Hier-pFedMe(λ2=35.0,K=3) | loss=1.3771
  [Client  1] Round 2 | Hier-pFedMe(λ2=35.0,K=3) | loss=0.9634
  [Client  8] Round 2 | Hier-pFedMe(λ2=35.0,K=3) | loss=0.0025
  [Client  9] Round 2 | Hier-pFedMe(λ2=35.0,K=3) | loss=0.0265
  [Client  3] Round 2 | Hier-pFedMe(λ2=35.0,K=3) | loss=2.5029
  [Client  7] Round 2 | Hier-pFedMe(λ2=35.0,K=3) | loss=0.9056
  [Client  4] Round 2 | Hier-pFedMe(λ2=35.0,K=3) | loss=1.6542
  [Client  0] Round 2 | Hier-pFedMe(λ2=35.0,K=3) | loss=1.1845
  [Edge 0] G2 | E5 | loss=1.7264
  [Edge 1] G2 | E1 | Hier-pFedMe | Selected 10/10
  [Client 14] Received edge weights.
  [Client 16] Received edge weights.
  [Client 17] Received edge weights.
  [Client 11] Received edge weights.
  [Client 13] Received edge weights.
  [Client 19] Received edge weights.
  [Client 12] Received edge weights.
  [Client 10] Received edge weights.
  [Client 15] Received edge weights.
  [Client 18] Received edge weights.
  [Client 11] Round 2 | Hier-pFedMe(λ2=35.0,K=3) | loss=1.0387
  [Client 14] Round 2 | Hier-pFedMe(λ2=35.0,K=3) | loss=0.8821
  [Client 16] Round 2 | Hier-pFedMe(λ2=35.0,K=3) | loss=1.7503
  [Client 17] Round 2 | Hier-pFedMe(λ2=35.0,K=3) | loss=1.5056
  [Client 13] Round 2 | Hier-pFedMe(λ2=35.0,K=3) | loss=1.9815
  [Client 19] Round 2 | Hier-pFedMe(λ2=35.0,K=3) | loss=0.6999
  [Client 12] Round 2 | Hier-pFedMe(λ2=35.0,K=3) | loss=0.9574
  [Client 10] Round 2 | Hier-pFedMe(λ2=35.0,K=3) | loss=1.0311
  [Client 15] Round 2 | Hier-pFedMe(λ2=35.0,K=3) | loss=0.9243
  [Client 18] Round 2 | Hier-pFedMe(λ2=35.0,K=3) | loss=3.0155
  [Edge 1] G2 | E1 | loss=1.3786
  [Edge 1] G2 | E2 | Hier-pFedMe | Selected 10/10
  [Client 12] Received edge weights.
  [Client 11] Received edge weights.
  [Client 10] Received edge weights.
  [Client 13] Received edge weights.
  [Client 17] Received edge weights.
  [Client 19] Received edge weights.
  [Client 16] Received edge weights.
  [Client 18] Received edge weights.
  [Client 15] Received edge weights.
  [Client 14] Received edge weights.
  [Client 12] Round 2 | Hier-pFedMe(λ2=35.0,K=3) | loss=3.1660
  [Client 11] Round 2 | Hier-pFedMe(λ2=35.0,K=3) | loss=3.3567
  [Client 10] Round 2 | Hier-pFedMe(λ2=35.0,K=3) | loss=1.6801
  [Client 13] Round 2 | Hier-pFedMe(λ2=35.0,K=3) | loss=0.7935
  [Client 17] Round 2 | Hier-pFedMe(λ2=35.0,K=3) | loss=3.4129
  [Client 19] Round 2 | Hier-pFedMe(λ2=35.0,K=3) | loss=3.5579
  [Client 16] Round 2 | Hier-pFedMe(λ2=35.0,K=3) | loss=12.7146
  [Client 18] Round 2 | Hier-pFedMe(λ2=35.0,K=3) | loss=18.8409
  [Client 15] Round 2 | Hier-pFedMe(λ2=35.0,K=3) | loss=1.8570
  [Client 14] Round 2 | Hier-pFedMe(λ2=35.0,K=3) | loss=1.3368
  [Edge 1] G2 | E2 | loss=5.0716
  [Edge 1] G2 | E3 | Hier-pFedMe | Selected 10/10
  [Client 13] Received edge weights.
  [Client 10] Received edge weights.
  [Client 14] Received edge weights.
  [Client 12] Received edge weights.
  [Client 17] Received edge weights.
  [Client 18] Received edge weights.
  [Client 16] Received edge weights.
  [Client 19] Received edge weights.
  [Client 15] Received edge weights.
  [Client 11] Received edge weights.
  [Client 13] Round 2 | Hier-pFedMe(λ2=35.0,K=3) | loss=1.2286
  [Client 10] Round 2 | Hier-pFedMe(λ2=35.0,K=3) | loss=1.2232
  [Client 12] Round 2 | Hier-pFedMe(λ2=35.0,K=3) | loss=0.8341
  [Client 14] Round 2 | Hier-pFedMe(λ2=35.0,K=3) | loss=1.0177
  [Client 17] Round 2 | Hier-pFedMe(λ2=35.0,K=3) | loss=1.8677
  [Client 18] Round 2 | Hier-pFedMe(λ2=35.0,K=3) | loss=59.8852
  [Client 16] Round 2 | Hier-pFedMe(λ2=35.0,K=3) | loss=1.1238
  [Client 19] Round 2 | Hier-pFedMe(λ2=35.0,K=3) | loss=0.8310
  [Client 15] Round 2 | Hier-pFedMe(λ2=35.0,K=3) | loss=0.6548
  [Client 11] Round 2 | Hier-pFedMe(λ2=35.0,K=3) | loss=1.3229
  [Edge 1] G2 | E3 | loss=6.9989
  [Edge 1] G2 | E4 | Hier-pFedMe | Selected 10/10
  [Client 11] Received edge weights.
  [Client 15] Received edge weights.
  [Client 14] Received edge weights.
  [Client 19] Received edge weights.
  [Client 12] Received edge weights.
  [Client 17] Received edge weights.
  [Client 10] Received edge weights.
  [Client 13] Received edge weights.
  [Client 16] Received edge weights.
  [Client 18] Received edge weights.
  [Client 11] Round 2 | Hier-pFedMe(λ2=35.0,K=3) | loss=16.6715
  [Client 15] Round 2 | Hier-pFedMe(λ2=35.0,K=3) | loss=3.5815
  [Client 14] Round 2 | Hier-pFedMe(λ2=35.0,K=3) | loss=0.8943
  [Client 19] Round 2 | Hier-pFedMe(λ2=35.0,K=3) | loss=2.6099
  [Client 17] Round 2 | Hier-pFedMe(λ2=35.0,K=3) | loss=12.0216
  [Client 12] Round 2 | Hier-pFedMe(λ2=35.0,K=3) | loss=1.0671
  [Client 10] Round 2 | Hier-pFedMe(λ2=35.0,K=3) | loss=2.1422
  [Client 13] Round 2 | Hier-pFedMe(λ2=35.0,K=3) | loss=1.7075
  [Client 16] Round 2 | Hier-pFedMe(λ2=35.0,K=3) | loss=3.0421
  [Client 18] Round 2 | Hier-pFedMe(λ2=35.0,K=3) | loss=28.3544
  [Edge 1] G2 | E4 | loss=7.2092
  [Edge 1] G2 | E5 | Hier-pFedMe | Selected 10/10
  [Client 14] Received edge weights.
  [Client 18] Received edge weights.
  [Client 11] Received edge weights.
  [Client 13] Received edge weights.
  [Client 17] Received edge weights.
  [Client 16] Received edge weights.
  [Client 10] Received edge weights.
  [Client 15] Received edge weights.
  [Client 19] Received edge weights.
  [Client 12] Received edge weights.
  [Client 11] Round 2 | Hier-pFedMe(λ2=35.0,K=3) | loss=2.8114
  [Client 14] Round 2 | Hier-pFedMe(λ2=35.0,K=3) | loss=0.8520
  [Client 13] Round 2 | Hier-pFedMe(λ2=35.0,K=3) | loss=1.0599
  [Client 18] Round 2 | Hier-pFedMe(λ2=35.0,K=3) | loss=71.7050
  [Client 17] Round 2 | Hier-pFedMe(λ2=35.0,K=3) | loss=1.2427
  [Client 16] Round 2 | Hier-pFedMe(λ2=35.0,K=3) | loss=1.4720
  [Client 10] Round 2 | Hier-pFedMe(λ2=35.0,K=3) | loss=1.1443
  [Client 15] Round 2 | Hier-pFedMe(λ2=35.0,K=3) | loss=1.2052
  [Client 19] Round 2 | Hier-pFedMe(λ2=35.0,K=3) | loss=0.9900
  [Client 12] Round 2 | Hier-pFedMe(λ2=35.0,K=3) | loss=2.0603
  [Edge 1] G2 | E5 | loss=8.4543
[C0] eval model[0] mean=-0.003124 | θ̃ mean=-0.003124 | edge mean=-0.003732
[C0] n=1000 | classes=[3, 6] | acc=0.4890 | per_class={3: '0.00', 6: '1.00'}
[C1] eval model[0] mean=-0.002918 | θ̃ mean=-0.002918 | edge mean=-0.003732
[C1] n=1000 | classes=[3, 6] | acc=0.4850 | per_class={3: '0.00', 6: '1.00'}
[C2] eval model[0] mean=-0.003630 | θ̃ mean=-0.003630 | edge mean=-0.003732
[C2] n=1000 | classes=[2, 5] | acc=0.0080 | per_class={2: '0.00', 5: '0.02'}
[C3] eval model[0] mean=0.002678 | θ̃ mean=0.002678 | edge mean=-0.003732
[C3] n=1000 | classes=[5, 7] | acc=0.0000 | per_class={5: '0.00', 7: '0.00'}
[C4] eval model[0] mean=-0.002814 | θ̃ mean=-0.002814 | edge mean=-0.003732
[C4] n=1000 | classes=[2, 7] | acc=0.4930 | per_class={2: '0.00', 7: '1.00'}
[C5] eval model[0] mean=-0.004904 | θ̃ mean=-0.004904 | edge mean=-0.003732
[C5] n=1000 | classes=[2, 4] | acc=0.4900 | per_class={2: '0.00', 4: '1.00'}
[C6] eval model[0] mean=-0.001960 | θ̃ mean=-0.001960 | edge mean=-0.003732
[C6] n=1000 | classes=[6, 7] | acc=0.4930 | per_class={6: '1.00', 7: '0.00'}
[C7] eval model[0] mean=-0.003426 | θ̃ mean=-0.003426 | edge mean=-0.003732
[C7] n=1000 | classes=[3, 5] | acc=0.4850 | per_class={3: '1.00', 5: '0.00'}
[C8] eval model[0] mean=-0.010042 | θ̃ mean=-0.010042 | edge mean=-0.003732
[C8] n=500 | classes=[4] | acc=0.0000 | per_class={4: '0.00'}
[C9] eval model[0] mean=-0.007860 | θ̃ mean=-0.007860 | edge mean=-0.003732
[C9] n=500 | classes=[4] | acc=0.0000 | per_class={4: '0.00'}
[C10] eval model[0] mean=-0.005471 | θ̃ mean=-0.005471 | edge mean=-0.004903
[C10] n=600 | classes=[8, 9] | acc=0.6683 | per_class={8: '0.87', 9: '0.48'}
[C11] eval model[0] mean=-0.006920 | θ̃ mean=-0.006920 | edge mean=-0.004903
[C11] n=600 | classes=[0, 1] | acc=0.5033 | per_class={0: '0.01', 1: '1.00'}
[C12] eval model[0] mean=-0.007364 | θ̃ mean=-0.007364 | edge mean=-0.004903
[C12] n=600 | classes=[1, 8] | acc=0.5133 | per_class={1: '1.00', 8: '0.00'}
[C13] eval model[0] mean=-0.005267 | θ̃ mean=-0.005267 | edge mean=-0.004903
[C13] n=600 | classes=[0, 8] | acc=0.5183 | per_class={0: '1.00', 8: '0.00'}
[C14] eval model[0] mean=-0.005417 | θ̃ mean=-0.005417 | edge mean=-0.004903
[C14] n=600 | classes=[0, 9] | acc=0.7067 | per_class={0: '0.58', 9: '0.84'}
[C15] eval model[0] mean=-0.007674 | θ̃ mean=-0.007674 | edge mean=-0.004903
[C15] n=600 | classes=[0, 8] | acc=0.5083 | per_class={0: '1.00', 8: '0.00'}
[C16] eval model[0] mean=-0.007223 | θ̃ mean=-0.007223 | edge mean=-0.004903
[C16] n=600 | classes=[1, 8] | acc=0.5267 | per_class={1: '0.05', 8: '0.97'}
[C17] eval model[0] mean=-0.006070 | θ̃ mean=-0.006070 | edge mean=-0.004903
[C17] n=600 | classes=[1, 9] | acc=0.4817 | per_class={1: '1.00', 9: '0.00'}
[C18] eval model[0] mean=0.015997 | θ̃ mean=0.015997 | edge mean=-0.004903
[C18] n=600 | classes=[1, 9] | acc=0.4767 | per_class={1: '0.00', 9: '1.00'}
[C19] eval model[0] mean=-0.004951 | θ̃ mean=-0.004951 | edge mean=-0.004903
[C19] n=600 | classes=[0, 9] | acc=0.4767 | per_class={0: '1.00', 9: '0.00'}
  [Cloud] GM=0.1033 | EM=0.2059 PM=0.4114 | loss=2.3058 | time=42.7s | comm=4556.2MB (total=9112MB)

[Round   3] Broadcasting to 2 edges...
  [Edge 0] W_n reset to global weights for new round.
  [Edge 1] W_n reset to global weights for new round.
  [Edge 0] G3 | E1 | Hier-pFedMe | Selected 10/10
  [Client  9] Received edge weights.
  [Client  4] Received edge weights.
  [Client  3] Received edge weights.
  [Client  6] Received edge weights.
  [Client  1] Received edge weights.
  [Client  5] Received edge weights.
  [Client  0] Received edge weights.
  [Client  7] Received edge weights.
  [Client  8] Received edge weights.
  [Client  2] Received edge weights.
  [Client  9] Round 3 | Hier-pFedMe(λ2=35.0,K=3) | loss=0.0000
  [Client  4] Round 3 | Hier-pFedMe(λ2=35.0,K=3) | loss=4.8828
  [Client  3] Round 3 | Hier-pFedMe(λ2=35.0,K=3) | loss=3.7276
  [Client  6] Round 3 | Hier-pFedMe(λ2=35.0,K=3) | loss=3.4671
  [Client  5] Round 3 | Hier-pFedMe(λ2=35.0,K=3) | loss=26.4440
  [Client  1] Round 3 | Hier-pFedMe(λ2=35.0,K=3) | loss=1.9269
  [Client  0] Round 3 | Hier-pFedMe(λ2=35.0,K=3) | loss=1.9713
  [Client  7] Round 3 | Hier-pFedMe(λ2=35.0,K=3) | loss=2.4007
  [Client  8] Round 3 | Hier-pFedMe(λ2=35.0,K=3) | loss=0.0002
  [Client  2] Round 3 | Hier-pFedMe(λ2=35.0,K=3) | loss=1.1920
  [Edge 0] G3 | E1 | loss=5.1125
  [Edge 0] G3 | E2 | Hier-pFedMe | Selected 10/10
  [Client  4] Received edge weights.
  [Client  9] Received edge weights.
  [Client  5] Received edge weights.
  [Client  6] Received edge weights.
  [Client  7] Received edge weights.
  [Client  1] Received edge weights.
  [Client  8] Received edge weights.
  [Client  0] Received edge weights.
  [Client  3] Received edge weights.
  [Client  2] Received edge weights.
  [Client  6] Round 3 | Hier-pFedMe(λ2=35.0,K=3) | loss=1.2194
  [Client  4] Round 3 | Hier-pFedMe(λ2=35.0,K=3) | loss=2.1296
  [Client  9] Round 3 | Hier-pFedMe(λ2=35.0,K=3) | loss=117.3073
  [Client  5] Round 3 | Hier-pFedMe(λ2=35.0,K=3) | loss=2.4736
  [Client  7] Round 3 | Hier-pFedMe(λ2=35.0,K=3) | loss=1.1148
  [Client  1] Round 3 | Hier-pFedMe(λ2=35.0,K=3) | loss=1.3377
  [Client  8] Round 3 | Hier-pFedMe(λ2=35.0,K=3) | loss=125455.3281
  [Client  0] Round 3 | Hier-pFedMe(λ2=35.0,K=3) | loss=1.7274
  [Client  3] Round 3 | Hier-pFedMe(λ2=35.0,K=3) | loss=5.2992
  [Client  2] Round 3 | Hier-pFedMe(λ2=35.0,K=3) | loss=1.9487
  [Edge 0] G3 | E2 | loss=6978.1743
  [Edge 0] G3 | E3 | Hier-pFedMe | Selected 10/10
  [Client  7] Received edge weights.
  [Client  6] Received edge weights.
  [Client  5] Received edge weights.
  [Client  9] Received edge weights.
  [Client  4] Received edge weights.
  [Client  1] Received edge weights.
  [Client  2] Received edge weights.
  [Client  0] Received edge weights.
  [Client  3] Received edge weights.
  [Client  8] Received edge weights.
  [Client  6] Round 3 | Hier-pFedMe(λ2=35.0,K=3) | loss=2.7278
  [Client  5] Round 3 | Hier-pFedMe(λ2=35.0,K=3) | loss=1.6708
  [Client  7] Round 3 | Hier-pFedMe(λ2=35.0,K=3) | loss=2.3172
  [Client  9] Round 3 | Hier-pFedMe(λ2=35.0,K=3) | loss=0.7945
  [Client  4] Round 3 | Hier-pFedMe(λ2=35.0,K=3) | loss=3.6079
  [Client  1] Round 3 | Hier-pFedMe(λ2=35.0,K=3) | loss=2.2795
  [Client  0] Round 3 | Hier-pFedMe(λ2=35.0,K=3) | loss=2.3065
  [Client  2] Round 3 | Hier-pFedMe(λ2=35.0,K=3) | loss=2.3813
  [Client  3] Round 3 | Hier-pFedMe(λ2=35.0,K=3) | loss=2.3583
  [Client  8] Round 3 | Hier-pFedMe(λ2=35.0,K=3) | loss=0.0000
  [Edge 0] G3 | E3 | loss=2.2274
  [Edge 0] G3 | E4 | Hier-pFedMe | Selected 10/10
  [Client  7] Received edge weights.
  [Client  0] Received edge weights.
  [Client  8] Received edge weights.
  [Client  1] Received edge weights.
  [Client  2] Received edge weights.
  [Client  3] Received edge weights.
  [Client  9] Received edge weights.
  [Client  6] Received edge weights.
  [Client  5] Received edge weights.
  [Client  4] Received edge weights.
  [Client  7] Round 3 | Hier-pFedMe(λ2=35.0,K=3) | loss=2.3146
  [Client  1] Round 3 | Hier-pFedMe(λ2=35.0,K=3) | loss=2.2226
  [Client  0] Round 3 | Hier-pFedMe(λ2=35.0,K=3) | loss=2.3935
  [Client  8] Round 3 | Hier-pFedMe(λ2=35.0,K=3) | loss=0.0000
  [Client  2] Round 3 | Hier-pFedMe(λ2=35.0,K=3) | loss=2.4849
  [Client  3] Round 3 | Hier-pFedMe(λ2=35.0,K=3) | loss=1.7566
  [Client  9] Round 3 | Hier-pFedMe(λ2=35.0,K=3) | loss=30.9062
  [Client  6] Round 3 | Hier-pFedMe(λ2=35.0,K=3) | loss=2.6449
  [Client  5] Round 3 | Hier-pFedMe(λ2=35.0,K=3) | loss=2.9246
  [Client  4] Round 3 | Hier-pFedMe(λ2=35.0,K=3) | loss=2.2301
  [Edge 0] G3 | E4 | loss=3.8250
  [Edge 0] G3 | E5 | Hier-pFedMe | Selected 10/10
  [Client  4] Received edge weights.
  [Client  5] Received edge weights.
  [Client  9] Received edge weights.
  [Client  0] Received edge weights.
  [Client  3] Received edge weights.
  [Client  7] Received edge weights.
  [Client  2] Received edge weights.
  [Client  6] Received edge weights.
  [Client  1] Received edge weights.
  [Client  8] Received edge weights.
  [Client  9] Round 3 | Hier-pFedMe(λ2=35.0,K=3) | loss=0.0000
  [Client  0] Round 3 | Hier-pFedMe(λ2=35.0,K=3) | loss=214299.2500
  [Client  4] Round 3 | Hier-pFedMe(λ2=35.0,K=3) | loss=547030.8125
  [Client  5] Round 3 | Hier-pFedMe(λ2=35.0,K=3) | loss=1583901.5000
  [Client  3] Round 3 | Hier-pFedMe(λ2=35.0,K=3) | loss=137269.0469
  [Client  7] Round 3 | Hier-pFedMe(λ2=35.0,K=3) | loss=117355.0156
  [Client  2] Round 3 | Hier-pFedMe(λ2=35.0,K=3) | loss=55648.0078
  [Client  6] Round 3 | Hier-pFedMe(λ2=35.0,K=3) | loss=90559.8828
  [Client  8] Round 3 | Hier-pFedMe(λ2=35.0,K=3) | loss=0.0000
  [Client  1] Round 3 | Hier-pFedMe(λ2=35.0,K=3) | loss=31616.5723
  [Edge 0] G3 | E5 | loss=308631.1209
  [Edge 1] G3 | E1 | Hier-pFedMe | Selected 10/10
  [Client 18] Received edge weights.
  [Client 11] Received edge weights.
  [Client 12] Received edge weights.
  [Client 17] Received edge weights.
  [Client 10] Received edge weights.
  [Client 15] Received edge weights.
  [Client 19] Received edge weights.
  [Client 13] Received edge weights.
  [Client 14] Received edge weights.
  [Client 16] Received edge weights.
  [Client 11] Round 3 | Hier-pFedMe(λ2=35.0,K=3) | loss=1.0630
  [Client 17] Round 3 | Hier-pFedMe(λ2=35.0,K=3) | loss=5.2501
  [Client 18] Round 3 | Hier-pFedMe(λ2=35.0,K=3) | loss=12.3420
  [Client 12] Round 3 | Hier-pFedMe(λ2=35.0,K=3) | loss=5.9188
  [Client 10] Round 3 | Hier-pFedMe(λ2=35.0,K=3) | loss=1.6204
  [Client 15] Round 3 | Hier-pFedMe(λ2=35.0,K=3) | loss=2.6512
  [Client 19] Round 3 | Hier-pFedMe(λ2=35.0,K=3) | loss=1.4457
  [Client 13] Round 3 | Hier-pFedMe(λ2=35.0,K=3) | loss=1.4537
  [Client 14] Round 3 | Hier-pFedMe(λ2=35.0,K=3) | loss=1.2973
  [Client 16] Round 3 | Hier-pFedMe(λ2=35.0,K=3) | loss=1.2877
  [Edge 1] G3 | E1 | loss=3.4330
  [Edge 1] G3 | E2 | Hier-pFedMe | Selected 10/10
  [Client 15] Received edge weights.
  [Client 10] Received edge weights.
  [Client 13] Received edge weights.
  [Client 12] Received edge weights.
  [Client 17] Received edge weights.
  [Client 16] Received edge weights.
  [Client 19] Received edge weights.
  [Client 18] Received edge weights.
  [Client 14] Received edge weights.
  [Client 11] Received edge weights.
  [Client 13] Round 3 | Hier-pFedMe(λ2=35.0,K=3) | loss=0.9066
  [Client 12] Round 3 | Hier-pFedMe(λ2=35.0,K=3) | loss=0.5006
  [Client 15] Round 3 | Hier-pFedMe(λ2=35.0,K=3) | loss=0.9102
  [Client 10] Round 3 | Hier-pFedMe(λ2=35.0,K=3) | loss=0.8880
  [Client 16] Round 3 | Hier-pFedMe(λ2=35.0,K=3) | loss=1.3697  [Client 19] Round 3 | Hier-pFedMe(λ2=35.0,K=3) | loss=0.8868

  [Client 17] Round 3 | Hier-pFedMe(λ2=35.0,K=3) | loss=1.1551
  [Client 18] Round 3 | Hier-pFedMe(λ2=35.0,K=3) | loss=41.1600
  [Client 14] Round 3 | Hier-pFedMe(λ2=35.0,K=3) | loss=0.9905
  [Client 11] Round 3 | Hier-pFedMe(λ2=35.0,K=3) | loss=2.1718
  [Edge 1] G3 | E2 | loss=5.0939
  [Edge 1] G3 | E3 | Hier-pFedMe | Selected 10/10
  [Client 15] Received edge weights.
  [Client 17] Received edge weights.
  [Client 16] Received edge weights.
  [Client 10] Received edge weights.
  [Client 12] Received edge weights.
  [Client 14] Received edge weights.
  [Client 18] Received edge weights.
  [Client 19] Received edge weights.
  [Client 13] Received edge weights.
  [Client 11] Received edge weights.
  [Client 17] Round 3 | Hier-pFedMe(λ2=35.0,K=3) | loss=9.8044
  [Client 16] Round 3 | Hier-pFedMe(λ2=35.0,K=3) | loss=1.0444
  [Client 10] Round 3 | Hier-pFedMe(λ2=35.0,K=3) | loss=0.9617
  [Client 15] Round 3 | Hier-pFedMe(λ2=35.0,K=3) | loss=1.1873
  [Client 12] Round 3 | Hier-pFedMe(λ2=35.0,K=3) | loss=1.6020
  [Client 14] Round 3 | Hier-pFedMe(λ2=35.0,K=3) | loss=1.1474
  [Client 18] Round 3 | Hier-pFedMe(λ2=35.0,K=3) | loss=4.0462
  [Client 19] Round 3 | Hier-pFedMe(λ2=35.0,K=3) | loss=0.9554
  [Client 11] Round 3 | Hier-pFedMe(λ2=35.0,K=3) | loss=1.2863
  [Client 13] Round 3 | Hier-pFedMe(λ2=35.0,K=3) | loss=0.8328
  [Edge 1] G3 | E3 | loss=2.2868
  [Edge 1] G3 | E4 | Hier-pFedMe | Selected 10/10
  [Client 10] Received edge weights.
  [Client 19] Received edge weights.
  [Client 13] Received edge weights.
  [Client 15] Received edge weights.
  [Client 17] Received edge weights.
  [Client 16] Received edge weights.
  [Client 12] Received edge weights.
  [Client 11] Received edge weights.
  [Client 14] Received edge weights.
  [Client 18] Received edge weights.
  [Client 19] Round 3 | Hier-pFedMe(λ2=35.0,K=3) | loss=0.6527
  [Client 13] Round 3 | Hier-pFedMe(λ2=35.0,K=3) | loss=0.6791
  [Client 15] Round 3 | Hier-pFedMe(λ2=35.0,K=3) | loss=0.8141
  [Client 10] Round 3 | Hier-pFedMe(λ2=35.0,K=3) | loss=0.7250
  [Client 12] Round 3 | Hier-pFedMe(λ2=35.0,K=3) | loss=1.0518
  [Client 17] Round 3 | Hier-pFedMe(λ2=35.0,K=3) | loss=2.2095
  [Client 16] Round 3 | Hier-pFedMe(λ2=35.0,K=3) | loss=0.7367
  [Client 11] Round 3 | Hier-pFedMe(λ2=35.0,K=3) | loss=3.3328
  [Client 14] Round 3 | Hier-pFedMe(λ2=35.0,K=3) | loss=0.8928
  [Client 18] Round 3 | Hier-pFedMe(λ2=35.0,K=3) | loss=8.6367
  [Edge 1] G3 | E4 | loss=1.9731
  [Edge 1] G3 | E5 | Hier-pFedMe | Selected 10/10
  [Client 12] Received edge weights.
  [Client 14] Received edge weights.
  [Client 13] Received edge weights.
  [Client 10] Received edge weights.
  [Client 19] Received edge weights.
  [Client 11] Received edge weights.
  [Client 17] Received edge weights.
  [Client 15] Received edge weights.
  [Client 18] Received edge weights.
  [Client 16] Received edge weights.
  [Client 14] Round 3 | Hier-pFedMe(λ2=35.0,K=3) | loss=0.9496
  [Client 13] Round 3 | Hier-pFedMe(λ2=35.0,K=3) | loss=0.9359
  [Client 12] Round 3 | Hier-pFedMe(λ2=35.0,K=3) | loss=0.7297
  [Client 10] Round 3 | Hier-pFedMe(λ2=35.0,K=3) | loss=1.0933
  [Client 19] Round 3 | Hier-pFedMe(λ2=35.0,K=3) | loss=0.9789
  [Client 11] Round 3 | Hier-pFedMe(λ2=35.0,K=3) | loss=1.1855
  [Client 17] Round 3 | Hier-pFedMe(λ2=35.0,K=3) | loss=0.7924
  [Client 15] Round 3 | Hier-pFedMe(λ2=35.0,K=3) | loss=0.8608
  [Client 18] Round 3 | Hier-pFedMe(λ2=35.0,K=3) | loss=2.4596
  [Client 16] Round 3 | Hier-pFedMe(λ2=35.0,K=3) | loss=0.8534
  [Edge 1] G3 | E5 | loss=1.0839
[C0] eval model[0] mean=1.332178 | θ̃ mean=1.332178 | edge mean=1.141908
[C0] n=1000 | classes=[3, 6] | acc=0.5110 | per_class={3: '1.00', 6: '0.00'}
[C1] eval model[0] mean=2.755503 | θ̃ mean=2.755503 | edge mean=1.141908
[C1] n=1000 | classes=[3, 6] | acc=0.4390 | per_class={3: '0.00', 6: '0.91'}
[C2] eval model[0] mean=2.438498 | θ̃ mean=2.438498 | edge mean=1.141908
[C2] n=1000 | classes=[2, 5] | acc=0.5070 | per_class={2: '1.00', 5: '0.00'}
[C3] eval model[0] mean=2.233778 | θ̃ mean=2.233778 | edge mean=1.141908
[C3] n=1000 | classes=[5, 7] | acc=0.4940 | per_class={5: '0.00', 7: '1.00'}
[C4] eval model[0] mean=0.430659 | θ̃ mean=0.430659 | edge mean=1.141908
[C4] n=1000 | classes=[2, 7] | acc=0.4930 | per_class={2: '0.00', 7: '1.00'}
[C5] eval model[0] mean=5.562665 | θ̃ mean=5.562665 | edge mean=1.141908
[C5] n=1000 | classes=[2, 4] | acc=0.4900 | per_class={2: '0.00', 4: '1.00'}
[C6] eval model[0] mean=2.289356 | θ̃ mean=2.289356 | edge mean=1.141908
[C6] n=1000 | classes=[6, 7] | acc=0.5070 | per_class={6: '0.00', 7: '1.00'}
[C7] eval model[0] mean=3.353032 | θ̃ mean=3.353032 | edge mean=1.141908
[C7] n=1000 | classes=[3, 5] | acc=0.4850 | per_class={3: '1.00', 5: '0.00'}
[C8] eval model[0] mean=15686009.000000 | θ̃ mean=15686009.000000 | edge mean=1.141908
[C8] n=500 | classes=[4] | acc=1.0000 | per_class={4: '1.00'}
[C9] eval model[0] mean=2.157721 | θ̃ mean=2.157721 | edge mean=1.141908
[C9] n=500 | classes=[4] | acc=1.0000 | per_class={4: '1.00'}
[C10] eval model[0] mean=-0.004490 | θ̃ mean=-0.004490 | edge mean=-0.004216
[C10] n=600 | classes=[8, 9] | acc=0.5283 | per_class={8: '0.97', 9: '0.11'}
[C11] eval model[0] mean=-0.005730 | θ̃ mean=-0.005730 | edge mean=-0.004216
[C11] n=600 | classes=[0, 1] | acc=0.5017 | per_class={0: '1.00', 1: '0.01'}
[C12] eval model[0] mean=-0.004676 | θ̃ mean=-0.004676 | edge mean=-0.004216
[C12] n=600 | classes=[1, 8] | acc=0.6000 | per_class={1: '0.28', 8: '0.94'}
[C13] eval model[0] mean=-0.005114 | θ̃ mean=-0.005114 | edge mean=-0.004216
[C13] n=600 | classes=[0, 8] | acc=0.5433 | per_class={0: '0.32', 8: '0.78'}
[C14] eval model[0] mean=-0.004968 | θ̃ mean=-0.004968 | edge mean=-0.004216
[C14] n=600 | classes=[0, 9] | acc=0.6700 | per_class={0: '0.87', 9: '0.46'}
[C15] eval model[0] mean=-0.005207 | θ̃ mean=-0.005207 | edge mean=-0.004216
[C15] n=600 | classes=[0, 8] | acc=0.4767 | per_class={0: '0.67', 8: '0.27'}
[C16] eval model[0] mean=-0.005119 | θ̃ mean=-0.005119 | edge mean=-0.004216
[C16] n=600 | classes=[1, 8] | acc=0.6167 | per_class={1: '0.26', 8: '0.95'}
[C17] eval model[0] mean=-0.005227 | θ̃ mean=-0.005227 | edge mean=-0.004216
[C17] n=600 | classes=[1, 9] | acc=0.5367 | per_class={1: '0.38', 9: '0.68'}
[C18] eval model[0] mean=0.004449 | θ̃ mean=0.004449 | edge mean=-0.004216
[C18] n=600 | classes=[1, 9] | acc=0.1183 | per_class={1: '0.18', 9: '0.05'}
[C19] eval model[0] mean=-0.003996 | θ̃ mean=-0.003996 | edge mean=-0.004216
[C19] n=600 | classes=[0, 9] | acc=0.5217 | per_class={0: '0.96', 9: '0.12'}
  [Cloud] GM=0.0993 | EM=0.1987 PM=0.5329 | loss=587439592677345.3750 | time=43.5s | comm=4556.2MB (total=13669MB)

[Round   4] Broadcasting to 2 edges...
  [Edge 0] W_n reset to global weights for new round.
  [Edge 1] W_n reset to global weights for new round.
  [Edge 0] G4 | E1 | Hier-pFedMe | Selected 10/10
  [Client  5] Received edge weights.
  [Client  6] Received edge weights.
  [Client  2] Received edge weights.
  [Client  7] Received edge weights.
  [Client  1] Received edge weights.
  [Client  8] Received edge weights.
  [Client  0] Received edge weights.
  [Client  4] Received edge weights.
  [Client  9] Received edge weights.
  [Client  3] Received edge weights.
  [Client  6] Round 4 | Hier-pFedMe(λ2=35.0,K=3) | loss=nan
  [Client  5] Round 4 | Hier-pFedMe(λ2=35.0,K=3) | loss=nan
  [Client  2] Round 4 | Hier-pFedMe(λ2=35.0,K=3) | loss=nan
  [Client  7] Round 4 | Hier-pFedMe(λ2=35.0,K=3) | loss=nan
  [Client  1] Round 4 | Hier-pFedMe(λ2=35.0,K=3) | loss=nan
  [Client  8] Round 4 | Hier-pFedMe(λ2=35.0,K=3) | loss=nan  [Client  0] Round 4 | Hier-pFedMe(λ2=35.0,K=3) | loss=nan

  [Client  4] Round 4 | Hier-pFedMe(λ2=35.0,K=3) | loss=nan
  [Client  9] Round 4 | Hier-pFedMe(λ2=35.0,K=3) | loss=0.0000
  [Client  3] Round 4 | Hier-pFedMe(λ2=35.0,K=3) | loss=nan
  [Edge 0] G4 | E1 | loss=nan
  [Edge 0] G4 | E2 | Hier-pFedMe | Selected 10/10
  [Client  1] Received edge weights.
  [Client  6] Received edge weights.
  [Client  2] Received edge weights.
  [Client  4] Received edge weights.
  [Client  3] Received edge weights.
  [Client  5] Received edge weights.
  [Client  9] Received edge weights.
  [Client  0] Received edge weights.
  [Client  8] Received edge weights.
  [Client  7] Received edge weights.
  [Client  1] Round 4 | Hier-pFedMe(λ2=35.0,K=3) | loss=nan
  [Client  2] Round 4 | Hier-pFedMe(λ2=35.0,K=3) | loss=nan
  [Client  4] Round 4 | Hier-pFedMe(λ2=35.0,K=3) | loss=nan
  [Client  6] Round 4 | Hier-pFedMe(λ2=35.0,K=3) | loss=nan
  [Client  3] Round 4 | Hier-pFedMe(λ2=35.0,K=3) | loss=nan
  [Client  5] Round 4 | Hier-pFedMe(λ2=35.0,K=3) | loss=nan
  [Client  9] Round 4 | Hier-pFedMe(λ2=35.0,K=3) | loss=nan
  [Client  0] Round 4 | Hier-pFedMe(λ2=35.0,K=3) | loss=nan
  [Client  8] Round 4 | Hier-pFedMe(λ2=35.0,K=3) | loss=nan
  [Client  7] Round 4 | Hier-pFedMe(λ2=35.0,K=3) | loss=nan
  [Edge 0] G4 | E2 | loss=nan
  [Edge 0] G4 | E3 | Hier-pFedMe | Selected 10/10
  [Client  6] Received edge weights.
  [Client  3] Received edge weights.
  [Client  8] Received edge weights.
  [Client  2] Received edge weights.
  [Client  7] Received edge weights.
  [Client  1] Received edge weights.
  [Client  0] Received edge weights.
  [Client  9] Received edge weights.
  [Client  5] Received edge weights.
  [Client  4] Received edge weights.
  [Client  3] Round 4 | Hier-pFedMe(λ2=35.0,K=3) | loss=nan  [Client  2] Round 4 | Hier-pFedMe(λ2=35.0,K=3) | loss=nan

  [Client  6] Round 4 | Hier-pFedMe(λ2=35.0,K=3) | loss=nan
  [Client  8] Round 4 | Hier-pFedMe(λ2=35.0,K=3) | loss=nan
  [Client  7] Round 4 | Hier-pFedMe(λ2=35.0,K=3) | loss=nan
  [Client  1] Round 4 | Hier-pFedMe(λ2=35.0,K=3) | loss=nan
  [Client  0] Round 4 | Hier-pFedMe(λ2=35.0,K=3) | loss=nan
  [Client  9] Round 4 | Hier-pFedMe(λ2=35.0,K=3) | loss=nan
  [Client  5] Round 4 | Hier-pFedMe(λ2=35.0,K=3) | loss=nan
  [Client  4] Round 4 | Hier-pFedMe(λ2=35.0,K=3) | loss=nan
  [Edge 0] G4 | E3 | loss=nan
  [Edge 0] G4 | E4 | Hier-pFedMe | Selected 10/10
  [Client  2] Received edge weights.
  [Client  9] Received edge weights.
  [Client  4] Received edge weights.
  [Client  7] Received edge weights.
  [Client  0] Received edge weights.
  [Client  6] Received edge weights.
  [Client  1] Received edge weights.
  [Client  3] Received edge weights.
  [Client  8] Received edge weights.
  [Client  5] Received edge weights.
  [Client  7] Round 4 | Hier-pFedMe(λ2=35.0,K=3) | loss=nan
  [Client  9] Round 4 | Hier-pFedMe(λ2=35.0,K=3) | loss=nan
  [Client  4] Round 4 | Hier-pFedMe(λ2=35.0,K=3) | loss=nan  [Client  2] Round 4 | Hier-pFedMe(λ2=35.0,K=3) | loss=nan

  [Client  0] Round 4 | Hier-pFedMe(λ2=35.0,K=3) | loss=nan
  [Client  6] Round 4 | Hier-pFedMe(λ2=35.0,K=3) | loss=nan
  [Client  1] Round 4 | Hier-pFedMe(λ2=35.0,K=3) | loss=nan
  [Client  3] Round 4 | Hier-pFedMe(λ2=35.0,K=3) | loss=nan
  [Client  8] Round 4 | Hier-pFedMe(λ2=35.0,K=3) | loss=nan
  [Client  5] Round 4 | Hier-pFedMe(λ2=35.0,K=3) | loss=nan
  [Edge 0] G4 | E4 | loss=nan
  [Edge 0] G4 | E5 | Hier-pFedMe | Selected 10/10
  [Client  8] Received edge weights.
  [Client  1] Received edge weights.
  [Client  4] Received edge weights.
  [Client  2] Received edge weights.
  [Client  5] Received edge weights.
  [Client  9] Received edge weights.
  [Client  0] Received edge weights.
  [Client  3] Received edge weights.
  [Client  7] Received edge weights.
  [Client  6] Received edge weights.
  [Client  8] Round 4 | Hier-pFedMe(λ2=35.0,K=3) | loss=nan
  [Client  4] Round 4 | Hier-pFedMe(λ2=35.0,K=3) | loss=nan
  [Client  2] Round 4 | Hier-pFedMe(λ2=35.0,K=3) | loss=nan
  [Client  1] Round 4 | Hier-pFedMe(λ2=35.0,K=3) | loss=nan
  [Client  5] Round 4 | Hier-pFedMe(λ2=35.0,K=3) | loss=nan
  [Client  9] Round 4 | Hier-pFedMe(λ2=35.0,K=3) | loss=nan
  [Client  0] Round 4 | Hier-pFedMe(λ2=35.0,K=3) | loss=nan
  [Client  3] Round 4 | Hier-pFedMe(λ2=35.0,K=3) | loss=nan
  [Client  7] Round 4 | Hier-pFedMe(λ2=35.0,K=3) | loss=nan
  [Client  6] Round 4 | Hier-pFedMe(λ2=35.0,K=3) | loss=nan
  [Edge 0] G4 | E5 | loss=nan
  [Edge 1] G4 | E1 | Hier-pFedMe | Selected 10/10
  [Client 10] Received edge weights.
  [Client 17] Received edge weights.
  [Client 14] Received edge weights.
  [Client 13] Received edge weights.
  [Client 12] Received edge weights.
  [Client 11] Received edge weights.
  [Client 18] Received edge weights.
  [Client 19] Received edge weights.
  [Client 16] Received edge weights.
  [Client 15] Received edge weights.
  [Client 17] Round 4 | Hier-pFedMe(λ2=35.0,K=3) | loss=nan  [Client 14] Round 4 | Hier-pFedMe(λ2=35.0,K=3) | loss=nan  [Client 10] Round 4 | Hier-pFedMe(λ2=35.0,K=3) | loss=nan


  [Client 13] Round 4 | Hier-pFedMe(λ2=35.0,K=3) | loss=nan
  [Client 12] Round 4 | Hier-pFedMe(λ2=35.0,K=3) | loss=nan
  [Client 11] Round 4 | Hier-pFedMe(λ2=35.0,K=3) | loss=nan
  [Client 18] Round 4 | Hier-pFedMe(λ2=35.0,K=3) | loss=nan
  [Client 19] Round 4 | Hier-pFedMe(λ2=35.0,K=3) | loss=nan
  [Client 16] Round 4 | Hier-pFedMe(λ2=35.0,K=3) | loss=nan
  [Client 15] Round 4 | Hier-pFedMe(λ2=35.0,K=3) | loss=nan
  [Edge 1] G4 | E1 | loss=nan
  [Edge 1] G4 | E2 | Hier-pFedMe | Selected 10/10
  [Client 16] Received edge weights.
  [Client 10] Received edge weights.
  [Client 17] Received edge weights.
  [Client 11] Received edge weights.
  [Client 19] Received edge weights.
  [Client 15] Received edge weights.
  [Client 12] Received edge weights.
  [Client 14] Received edge weights.
  [Client 13] Received edge weights.
  [Client 18] Received edge weights.
  [Client 11] Round 4 | Hier-pFedMe(λ2=35.0,K=3) | loss=nan
  [Client 17] Round 4 | Hier-pFedMe(λ2=35.0,K=3) | loss=nan  [Client 10] Round 4 | Hier-pFedMe(λ2=35.0,K=3) | loss=nan
  [Client 16] Round 4 | Hier-pFedMe(λ2=35.0,K=3) | loss=nan

  [Client 19] Round 4 | Hier-pFedMe(λ2=35.0,K=3) | loss=nan
  [Client 12] Round 4 | Hier-pFedMe(λ2=35.0,K=3) | loss=nan  [Client 15] Round 4 | Hier-pFedMe(λ2=35.0,K=3) | loss=nan

  [Client 14] Round 4 | Hier-pFedMe(λ2=35.0,K=3) | loss=nan
  [Client 13] Round 4 | Hier-pFedMe(λ2=35.0,K=3) | loss=nan
  [Client 18] Round 4 | Hier-pFedMe(λ2=35.0,K=3) | loss=nan
  [Edge 1] G4 | E2 | loss=nan
  [Edge 1] G4 | E3 | Hier-pFedMe | Selected 10/10
  [Client 14] Received edge weights.
  [Client 10] Received edge weights.
  [Client 12] Received edge weights.
  [Client 18] Received edge weights.
  [Client 16] Received edge weights.
  [Client 17] Received edge weights.
  [Client 19] Received edge weights.
  [Client 11] Received edge weights.
  [Client 15] Received edge weights.
  [Client 13] Received edge weights.
  [Client 18] Round 4 | Hier-pFedMe(λ2=35.0,K=3) | loss=nan
  [Client 12] Round 4 | Hier-pFedMe(λ2=35.0,K=3) | loss=nan
  [Client 14] Round 4 | Hier-pFedMe(λ2=35.0,K=3) | loss=nan
  [Client 10] Round 4 | Hier-pFedMe(λ2=35.0,K=3) | loss=nan
  [Client 16] Round 4 | Hier-pFedMe(λ2=35.0,K=3) | loss=nan
  [Client 17] Round 4 | Hier-pFedMe(λ2=35.0,K=3) | loss=nan
  [Client 19] Round 4 | Hier-pFedMe(λ2=35.0,K=3) | loss=nan
  [Client 11] Round 4 | Hier-pFedMe(λ2=35.0,K=3) | loss=nan
  [Client 15] Round 4 | Hier-pFedMe(λ2=35.0,K=3) | loss=nan
  [Client 13] Round 4 | Hier-pFedMe(λ2=35.0,K=3) | loss=nan
  [Edge 1] G4 | E3 | loss=nan
  [Edge 1] G4 | E4 | Hier-pFedMe | Selected 10/10
  [Client 19] Received edge weights.
  [Client 17] Received edge weights.
  [Client 10] Received edge weights.
  [Client 14] Received edge weights.
  [Client 16] Received edge weights.
  [Client 18] Received edge weights.
  [Client 13] Received edge weights.
  [Client 11] Received edge weights.
  [Client 15] Received edge weights.
  [Client 12] Received edge weights.
  [Client 17] Round 4 | Hier-pFedMe(λ2=35.0,K=3) | loss=nan
  [Client 19] Round 4 | Hier-pFedMe(λ2=35.0,K=3) | loss=nan  [Client 10] Round 4 | Hier-pFedMe(λ2=35.0,K=3) | loss=nan

  [Client 14] Round 4 | Hier-pFedMe(λ2=35.0,K=3) | loss=nan
  [Client 16] Round 4 | Hier-pFedMe(λ2=35.0,K=3) | loss=nan  [Client 18] Round 4 | Hier-pFedMe(λ2=35.0,K=3) | loss=nan

  [Client 13] Round 4 | Hier-pFedMe(λ2=35.0,K=3) | loss=nan
  [Client 11] Round 4 | Hier-pFedMe(λ2=35.0,K=3) | loss=nan
  [Client 15] Round 4 | Hier-pFedMe(λ2=35.0,K=3) | loss=nan
  [Client 12] Round 4 | Hier-pFedMe(λ2=35.0,K=3) | loss=nan
  [Edge 1] G4 | E4 | loss=nan
  [Edge 1] G4 | E5 | Hier-pFedMe | Selected 10/10
  [Client 11] Received edge weights.
  [Client 10] Received edge weights.
  [Client 14] Received edge weights.
  [Client 17] Received edge weights.
  [Client 13] Received edge weights.
  [Client 15] Received edge weights.
  [Client 18] Received edge weights.
  [Client 19] Received edge weights.
  [Client 16] Received edge weights.
  [Client 12] Received edge weights.
  [Client 14] Round 4 | Hier-pFedMe(λ2=35.0,K=3) | loss=nan
  [Client 11] Round 4 | Hier-pFedMe(λ2=35.0,K=3) | loss=nan
  [Client 17] Round 4 | Hier-pFedMe(λ2=35.0,K=3) | loss=nan  [Client 10] Round 4 | Hier-pFedMe(λ2=35.0,K=3) | loss=nan

  [Client 13] Round 4 | Hier-pFedMe(λ2=35.0,K=3) | loss=nan
  [Client 15] Round 4 | Hier-pFedMe(λ2=35.0,K=3) | loss=nan
  [Client 18] Round 4 | Hier-pFedMe(λ2=35.0,K=3) | loss=nan
  [Client 19] Round 4 | Hier-pFedMe(λ2=35.0,K=3) | loss=nan
  [Client 16] Round 4 | Hier-pFedMe(λ2=35.0,K=3) | loss=nan
  [Client 12] Round 4 | Hier-pFedMe(λ2=35.0,K=3) | loss=nan
  [Edge 1] G4 | E5 | loss=nan
[C0] eval model[0] mean=nan | θ̃ mean=nan | edge mean=nan
[C0] n=1000 | classes=[3, 6] | acc=0.0000 | per_class={3: '0.00', 6: '0.00'}
[C1] eval model[0] mean=nan | θ̃ mean=nan | edge mean=nan
[C1] n=1000 | classes=[3, 6] | acc=0.0000 | per_class={3: '0.00', 6: '0.00'}
[C2] eval model[0] mean=nan | θ̃ mean=nan | edge mean=nan
[C2] n=1000 | classes=[2, 5] | acc=0.0000 | per_class={2: '0.00', 5: '0.00'}
[C3] eval model[0] mean=nan | θ̃ mean=nan | edge mean=nan
[C3] n=1000 | classes=[5, 7] | acc=0.0000 | per_class={5: '0.00', 7: '0.00'}
[C4] eval model[0] mean=nan | θ̃ mean=nan | edge mean=nan
[C4] n=1000 | classes=[2, 7] | acc=0.0000 | per_class={2: '0.00', 7: '0.00'}
[C5] eval model[0] mean=nan | θ̃ mean=nan | edge mean=nan
[C5] n=1000 | classes=[2, 4] | acc=0.0000 | per_class={2: '0.00', 4: '0.00'}
[C6] eval model[0] mean=nan | θ̃ mean=nan | edge mean=nan
