This job can be monitored from: https://job.c3se.chalmers.se/alvis/6369483
========================================
Job ID      : 6369483
Job Name    : HierFLcifar10
Node        : alvis7-01
Start Time  : Fri Apr 10 05:47:27 CEST 2026
Working Dir : /cephyr/users/ziangg/Alvis/tf-dpfl
========================================
[Setup] Python: /cephyr/users/ziangg/Alvis/TF_DPFL_2026/bin/python
[Setup] TF version: 2.15.1
[Setup] GPU available: [PhysicalDevice(name='/physical_device:GPU:0', device_type='GPU')]
[Config] Override: wandb.enabled = True
[Setup] Random seed: 42
[Setup] Loading CIFAR-10...
[Setup] Building global model...
Model: "wideresnet28_4"
__________________________________________________________________________________________________
 Layer (type)                Output Shape                 Param #   Connected to                  
==================================================================================================
 input_1 (InputLayer)        [(None, 32, 32, 3)]          0         []                            
                                                                                                  
 conv2d (Conv2D)             (None, 32, 32, 16)           432       ['input_1[0][0]']             
                                                                                                  
 group_normalization (Group  (None, 32, 32, 16)           32        ['conv2d[0][0]']              
 Normalization)                                                                                   
                                                                                                  
 re_lu (ReLU)                (None, 32, 32, 16)           0         ['group_normalization[0][0]'] 
                                                                                                  
 conv2d_1 (Conv2D)           (None, 32, 32, 64)           9216      ['re_lu[0][0]']               
                                                                                                  
 dropout (Dropout)           (None, 32, 32, 64)           0         ['conv2d_1[0][0]']            
                                                                                                  
 group_normalization_1 (Gro  (None, 32, 32, 64)           128       ['dropout[0][0]']             
 upNormalization)                                                                                 
                                                                                                  
 re_lu_1 (ReLU)              (None, 32, 32, 64)           0         ['group_normalization_1[0][0]'
                                                                    ]                             
                                                                                                  
 conv2d_2 (Conv2D)           (None, 32, 32, 64)           36864     ['re_lu_1[0][0]']             
                                                                                                  
 conv2d_3 (Conv2D)           (None, 32, 32, 64)           1024      ['conv2d[0][0]']              
                                                                                                  
 tf.__operators__.add (TFOp  (None, 32, 32, 64)           0         ['conv2d_2[0][0]',            
 Lambda)                                                             'conv2d_3[0][0]']            
                                                                                                  
 group_normalization_2 (Gro  (None, 32, 32, 64)           128       ['tf.__operators__.add[0][0]']
 upNormalization)                                                                                 
                                                                                                  
 re_lu_2 (ReLU)              (None, 32, 32, 64)           0         ['group_normalization_2[0][0]'
                                                                    ]                             
                                                                                                  
 conv2d_4 (Conv2D)           (None, 32, 32, 64)           36864     ['re_lu_2[0][0]']             
                                                                                                  
 dropout_1 (Dropout)         (None, 32, 32, 64)           0         ['conv2d_4[0][0]']            
                                                                                                  
 group_normalization_3 (Gro  (None, 32, 32, 64)           128       ['dropout_1[0][0]']           
 upNormalization)                                                                                 
                                                                                                  
 re_lu_3 (ReLU)              (None, 32, 32, 64)           0         ['group_normalization_3[0][0]'
                                                                    ]                             
                                                                                                  
 conv2d_5 (Conv2D)           (None, 32, 32, 64)           36864     ['re_lu_3[0][0]']             
                                                                                                  
 tf.__operators__.add_1 (TF  (None, 32, 32, 64)           0         ['conv2d_5[0][0]',            
 OpLambda)                                                           'tf.__operators__.add[0][0]']
                                                                                                  
 group_normalization_4 (Gro  (None, 32, 32, 64)           128       ['tf.__operators__.add_1[0][0]
 upNormalization)                                                   ']                            
                                                                                                  
 re_lu_4 (ReLU)              (None, 32, 32, 64)           0         ['group_normalization_4[0][0]'
                                                                    ]                             
                                                                                                  
 conv2d_6 (Conv2D)           (None, 16, 16, 128)          73728     ['re_lu_4[0][0]']             
                                                                                                  
 dropout_2 (Dropout)         (None, 16, 16, 128)          0         ['conv2d_6[0][0]']            
                                                                                                  
 group_normalization_5 (Gro  (None, 16, 16, 128)          256       ['dropout_2[0][0]']           
 upNormalization)                                                                                 
                                                                                                  
 re_lu_5 (ReLU)              (None, 16, 16, 128)          0         ['group_normalization_5[0][0]'
                                                                    ]                             
                                                                                                  
 conv2d_7 (Conv2D)           (None, 16, 16, 128)          147456    ['re_lu_5[0][0]']             
                                                                                                  
 conv2d_8 (Conv2D)           (None, 16, 16, 128)          8192      ['tf.__operators__.add_1[0][0]
                                                                    ']                            
                                                                                                  
 tf.__operators__.add_2 (TF  (None, 16, 16, 128)          0         ['conv2d_7[0][0]',            
 OpLambda)                                                           'conv2d_8[0][0]']            
                                                                                                  
 group_normalization_6 (Gro  (None, 16, 16, 128)          256       ['tf.__operators__.add_2[0][0]
 upNormalization)                                                   ']                            
                                                                                                  
 re_lu_6 (ReLU)              (None, 16, 16, 128)          0         ['group_normalization_6[0][0]'
                                                                    ]                             
                                                                                                  
 conv2d_9 (Conv2D)           (None, 16, 16, 128)          147456    ['re_lu_6[0][0]']             
                                                                                                  
 dropout_3 (Dropout)         (None, 16, 16, 128)          0         ['conv2d_9[0][0]']            
                                                                                                  
 group_normalization_7 (Gro  (None, 16, 16, 128)          256       ['dropout_3[0][0]']           
 upNormalization)                                                                                 
                                                                                                  
 re_lu_7 (ReLU)              (None, 16, 16, 128)          0         ['group_normalization_7[0][0]'
                                                                    ]                             
                                                                                                  
 conv2d_10 (Conv2D)          (None, 16, 16, 128)          147456    ['re_lu_7[0][0]']             
                                                                                                  
 tf.__operators__.add_3 (TF  (None, 16, 16, 128)          0         ['conv2d_10[0][0]',           
 OpLambda)                                                           'tf.__operators__.add_2[0][0]
                                                                    ']                            
                                                                                                  
 group_normalization_8 (Gro  (None, 16, 16, 128)          256       ['tf.__operators__.add_3[0][0]
 upNormalization)                                                   ']                            
                                                                                                  
 re_lu_8 (ReLU)              (None, 16, 16, 128)          0         ['group_normalization_8[0][0]'
                                                                    ]                             
                                                                                                  
 conv2d_11 (Conv2D)          (None, 8, 8, 256)            294912    ['re_lu_8[0][0]']             
                                                                                                  
 dropout_4 (Dropout)         (None, 8, 8, 256)            0         ['conv2d_11[0][0]']           
                                                                                                  
 group_normalization_9 (Gro  (None, 8, 8, 256)            512       ['dropout_4[0][0]']           
 upNormalization)                                                                                 
                                                                                                  
 re_lu_9 (ReLU)              (None, 8, 8, 256)            0         ['group_normalization_9[0][0]'
                                                                    ]                             
                                                                                                  
 conv2d_12 (Conv2D)          (None, 8, 8, 256)            589824    ['re_lu_9[0][0]']             
                                                                                                  
 conv2d_13 (Conv2D)          (None, 8, 8, 256)            32768     ['tf.__operators__.add_3[0][0]
                                                                    ']                            
                                                                                                  
 tf.__operators__.add_4 (TF  (None, 8, 8, 256)            0         ['conv2d_12[0][0]',           
 OpLambda)                                                           'conv2d_13[0][0]']           
                                                                                                  
 group_normalization_10 (Gr  (None, 8, 8, 256)            512       ['tf.__operators__.add_4[0][0]
 oupNormalization)                                                  ']                            
                                                                                                  
 re_lu_10 (ReLU)             (None, 8, 8, 256)            0         ['group_normalization_10[0][0]
                                                                    ']                            
                                                                                                  
 conv2d_14 (Conv2D)          (None, 8, 8, 256)            589824    ['re_lu_10[0][0]']            
                                                                                                  
 dropout_5 (Dropout)         (None, 8, 8, 256)            0         ['conv2d_14[0][0]']           
                                                                                                  
 group_normalization_11 (Gr  (None, 8, 8, 256)            512       ['dropout_5[0][0]']           
 oupNormalization)                                                                                
                                                                                                  
 re_lu_11 (ReLU)             (None, 8, 8, 256)            0         ['group_normalization_11[0][0]
                                                                    ']                            
                                                                                                  
 conv2d_15 (Conv2D)          (None, 8, 8, 256)            589824    ['re_lu_11[0][0]']            
                                                                                                  
 tf.__operators__.add_5 (TF  (None, 8, 8, 256)            0         ['conv2d_15[0][0]',           
 OpLambda)                                                           'tf.__operators__.add_4[0][0]
                                                                    ']                            
                                                                                                  
 group_normalization_12 (Gr  (None, 8, 8, 256)            512       ['tf.__operators__.add_5[0][0]
 oupNormalization)                                                  ']                            
                                                                                                  
 re_lu_12 (ReLU)             (None, 8, 8, 256)            0         ['group_normalization_12[0][0]
                                                                    ']                            
                                                                                                  
 global_average_pooling2d (  (None, 256)                  0         ['re_lu_12[0][0]']            
 GlobalAveragePooling2D)                                                                          
                                                                                                  
 dense (Dense)               (None, 10)                   2570      ['global_average_pooling2d[0][
                                                                    0]']                          
                                                                                                  
==================================================================================================
Total params: 2748890 (10.49 MB)
Trainable params: 2748890 (10.49 MB)
Non-trainable params: 0 (0.00 Byte)
__________________________________________________________________________________________________
[Setup] Building clients...

[Non-IID] α=0.5, 10 clients, 10 classes
Client       Samples    Top-3 classes
----------------------------------------------------
client_0     3597       cls9:1461, cls7:941, cls5:343
client_1     5704       cls4:3063, cls6:1108, cls8:456
client_2     2879       cls1:1113, cls4:911, cls6:520
client_3     2857       cls0:1266, cls1:545, cls9:435
client_4     6512       cls0:2148, cls2:1687, cls8:1321
client_5     4084       cls3:2404, cls2:907, cls1:350
client_6     7936       cls7:3402, cls5:1951, cls6:1507
client_7     4043       cls1:2304, cls8:583, cls2:322
client_8     3670       cls6:1117, cls5:718, cls0:437
client_9     8718       cls8:2259, cls9:1870, cls3:1815

[Setup] 10 clients built (noniid, α=0.5)
[Setup] Building edge servers...

[Assignment] Histogram clustering | 10 clients → 2 edges | no DP
  Edge 0: clients [0, 3, 4, 5, 6, 9]
  Edge 1: clients [1, 2, 7, 8]
[EdgeServer 0] 6 clients | 33704 samples
[EdgeServer 1] 4 clients | 16296 samples

[Setup] Built 2 edge servers (strategy=histogram)
  Edge 0: 6 clients | 33704 samples
  Edge 1: 4 clients | 16296 samples
[CloudServer] 2 edges | model: 10.49 MB

====================================================
 HierFAVG Training Start
====================================================

[Round   1] Broadcasting to 2 edges...
  [Edge 0] G1 | E1 | Selected 4/6
  [Client  5] Round 1 | FedDyn(α=0.1) | loss=1.3150
  [Client  4] Round 1 | FedDyn(α=0.1) | loss=1.3743
  [Client  9] Round 1 | FedDyn(α=0.1) | loss=1.5226
  [Client  0] Round 1 | FedDyn(α=0.1) | loss=1.5786
  [Edge 0] G1 | E1 | loss=1.4522
  [Edge 0] G1 | E2 | Selected 4/6
  [Client  3] Round 1 | FedDyn(α=0.1) | loss=1.3256
  [Client  9] Round 1 | FedDyn(α=0.1) | loss=1.5749
  [Client  5] Round 1 | FedDyn(α=0.1) | loss=1.0706
  [Client  6] Round 1 | FedDyn(α=0.1) | loss=1.2914
  [Edge 0] G1 | E2 | loss=1.3621
  [Edge 1] G1 | E1 | Selected 2/4
  [Client  1] Round 1 | FedDyn(α=0.1) | loss=1.3745
  [Client  2] Round 1 | FedDyn(α=0.1) | loss=1.4051
  [Edge 1] G1 | E1 | loss=1.3848
  [Edge 1] G1 | E2 | Selected 2/4
  [Client  7] Round 1 | FedDyn(α=0.1) | loss=1.4266
  [Client  1] Round 1 | FedDyn(α=0.1) | loss=1.2858
  [Edge 1] G1 | E2 | loss=1.3442
  [Cloud] acc=0.2701 | loss=2.1380 | time=222.1s | comm=461.4MB (total=461MB)

[Round   2] Broadcasting to 2 edges...
  [Edge 0] G2 | E1 | Selected 4/6
  [Client  4] Round 2 | FedDyn(α=0.1) | loss=1.4329
  [Client  0] Round 2 | FedDyn(α=0.1) | loss=1.5627
  [Client  5] Round 2 | FedDyn(α=0.1) | loss=1.3359
  [Client  6] Round 2 | FedDyn(α=0.1) | loss=1.4093
  [Edge 0] G2 | E1 | loss=1.4276
  [Edge 0] G2 | E2 | Selected 4/6
  [Client  0] Round 2 | FedDyn(α=0.1) | loss=1.4778
  [Client  4] Round 2 | FedDyn(α=0.1) | loss=1.3506
  [Client  6] Round 2 | FedDyn(α=0.1) | loss=1.3687
  [Client  3] Round 2 | FedDyn(α=0.1) | loss=1.2951
  [Edge 0] G2 | E2 | loss=1.3718
  [Edge 1] G2 | E1 | Selected 2/4
  [Client  7] Round 2 | FedDyn(α=0.1) | loss=1.1198
  [Client  2] Round 2 | FedDyn(α=0.1) | loss=1.2672
  [Edge 1] G2 | E1 | loss=1.1811
  [Edge 1] G2 | E2 | Selected 2/4
  [Client  8] Round 2 | FedDyn(α=0.1) | loss=1.4441
  [Client  7] Round 2 | FedDyn(α=0.1) | loss=1.0825
  [Edge 1] G2 | E2 | loss=1.2546
  [Cloud] acc=0.2144 | loss=3.0991 | time=119.0s | comm=461.4MB (total=923MB)

[Round   3] Broadcasting to 2 edges...
  [Edge 0] G3 | E1 | Selected 4/6
  [Client  0] Round 3 | FedDyn(α=0.1) | loss=1.6048
  [Client  4] Round 3 | FedDyn(α=0.1) | loss=1.3291
  [Client  6] Round 3 | FedDyn(α=0.1) | loss=1.4393
  [Client  9] Round 3 | FedDyn(α=0.1) | loss=1.9803
  [Edge 0] G3 | E1 | loss=1.6109
  [Edge 0] G3 | E2 | Selected 4/6
  [Client  0] Round 3 | FedDyn(α=0.1) | loss=1.3170
  [Client  3] Round 3 | FedDyn(α=0.1) | loss=1.2553
  [Client  6] Round 3 | FedDyn(α=0.1) | loss=1.2215
  [Client  5] Round 3 | FedDyn(α=0.1) | loss=1.2117
  [Edge 0] G3 | E2 | loss=1.2432
  [Edge 1] G3 | E1 | Selected 2/4
  [Client  2] Round 3 | FedDyn(α=0.1) | loss=1.5747
  [Client  7] Round 3 | FedDyn(α=0.1) | loss=1.3847
  [Edge 1] G3 | E1 | loss=1.4638
  [Edge 1] G3 | E2 | Selected 2/4
  [Client  8] Round 3 | FedDyn(α=0.1) | loss=1.5294
  [Client  7] Round 3 | FedDyn(α=0.1) | loss=1.1301
  [Edge 1] G3 | E2 | loss=1.3201
  [Cloud] acc=0.3474 | loss=1.8790 | time=112.0s | comm=461.4MB (total=1384MB)

[Round   4] Broadcasting to 2 edges...
  [Edge 0] G4 | E1 | Selected 4/6
  [Client  9] Round 4 | FedDyn(α=0.1) | loss=1.4717
  [Client  5] Round 4 | FedDyn(α=0.1) | loss=1.1933
  [Client  4] Round 4 | FedDyn(α=0.1) | loss=1.2897
  [Client  0] Round 4 | FedDyn(α=0.1) | loss=1.3733
  [Edge 0] G4 | E1 | loss=1.3549
  [Edge 0] G4 | E2 | Selected 4/6
  [Client  3] Round 4 | FedDyn(α=0.1) | loss=1.2538
  [Client  4] Round 4 | FedDyn(α=0.1) | loss=1.1517
  [Client  0] Round 4 | FedDyn(α=0.1) | loss=1.3071
  [Client  9] Round 4 | FedDyn(α=0.1) | loss=1.2199
  [Edge 0] G4 | E2 | loss=1.2184
  [Edge 1] G4 | E1 | Selected 2/4
  [Client  1] Round 4 | FedDyn(α=0.1) | loss=1.6903
  [Client  7] Round 4 | FedDyn(α=0.1) | loss=1.0639
  [Edge 1] G4 | E1 | loss=1.4304
  [Edge 1] G4 | E2 | Selected 2/4
  [Client  2] Round 4 | FedDyn(α=0.1) | loss=1.2753
  [Client  1] Round 4 | FedDyn(α=0.1) | loss=1.1580
  [Edge 1] G4 | E2 | loss=1.1973
  [Cloud] acc=0.3514 | loss=2.3623 | time=117.7s | comm=461.4MB (total=1846MB)

[Round   5] Broadcasting to 2 edges...
  [Edge 0] G5 | E1 | Selected 4/6
  [Client  3] Round 5 | FedDyn(α=0.1) | loss=1.1777
  [Client  9] Round 5 | FedDyn(α=0.1) | loss=1.2400
  [Client  6] Round 5 | FedDyn(α=0.1) | loss=1.4188
  [Client  4] Round 5 | FedDyn(α=0.1) | loss=1.1473
  [Edge 0] G5 | E1 | loss=1.2645
  [Edge 0] G5 | E2 | Selected 4/6
  [Client  6] Round 5 | FedDyn(α=0.1) | loss=1.0720
  [Client  4] Round 5 | FedDyn(α=0.1) | loss=1.0959
  [Client  0] Round 5 | FedDyn(α=0.1) | loss=1.2304
  [Client  3] Round 5 | FedDyn(α=0.1) | loss=1.0521
  [Edge 0] G5 | E2 | loss=1.1040
  [Edge 1] G5 | E1 | Selected 2/4
  [Client  1] Round 5 | FedDyn(α=0.1) | loss=1.0892
  [Client  8] Round 5 | FedDyn(α=0.1) | loss=1.5371
  [Edge 1] G5 | E1 | loss=1.2646
  [Edge 1] G5 | E2 | Selected 2/4
  [Client  8] Round 5 | FedDyn(α=0.1) | loss=1.2623
  [Client  7] Round 5 | FedDyn(α=0.1) | loss=0.9956
  [Edge 1] G5 | E2 | loss=1.1225
  [Cloud] acc=0.3901 | loss=2.5867 | time=119.5s | comm=461.4MB (total=2307MB)

[Round   6] Broadcasting to 2 edges...
  [Edge 0] G6 | E1 | Selected 4/6
  [Client  5] Round 6 | FedDyn(α=0.1) | loss=1.3227
  [Client  6] Round 6 | FedDyn(α=0.1) | loss=1.0023
  [Client  0] Round 6 | FedDyn(α=0.1) | loss=1.2049
  [Client  9] Round 6 | FedDyn(α=0.1) | loss=1.2248
  [Edge 0] G6 | E1 | loss=1.1657
  [Edge 0] G6 | E2 | Selected 4/6
  [Client  9] Round 6 | FedDyn(α=0.1) | loss=1.0617
  [Client  0] Round 6 | FedDyn(α=0.1) | loss=1.0459
  [Client  4] Round 6 | FedDyn(α=0.1) | loss=1.0683
  [Client  6] Round 6 | FedDyn(α=0.1) | loss=0.9406
  [Edge 0] G6 | E2 | loss=1.0252
  [Edge 1] G6 | E1 | Selected 2/4
  [Client  8] Round 6 | FedDyn(α=0.1) | loss=1.3049
  [Client  1] Round 6 | FedDyn(α=0.1) | loss=1.2438
  [Edge 1] G6 | E1 | loss=1.2677
  [Edge 1] G6 | E2 | Selected 2/4
  [Client  8] Round 6 | FedDyn(α=0.1) | loss=1.1685
  [Client  2] Round 6 | FedDyn(α=0.1) | loss=1.2031
  [Edge 1] G6 | E2 | loss=1.1837
  [Cloud] acc=0.3512 | loss=2.2093 | time=124.8s | comm=461.4MB (total=2768MB)

[Round   7] Broadcasting to 2 edges...
  [Edge 0] G7 | E1 | Selected 4/6
  [Client  4] Round 7 | FedDyn(α=0.1) | loss=1.0362
  [Client  6] Round 7 | FedDyn(α=0.1) | loss=1.0088
  [Client  3] Round 7 | FedDyn(α=0.1) | loss=1.1556
  [Client  5] Round 7 | FedDyn(α=0.1) | loss=1.0745
  [Edge 0] G7 | E1 | loss=1.0493
  [Edge 0] G7 | E2 | Selected 4/6
  [Client  6] Round 7 | FedDyn(α=0.1) | loss=0.8880
  [Client  9] Round 7 | FedDyn(α=0.1) | loss=1.0434
  [Client  4] Round 7 | FedDyn(α=0.1) | loss=0.9748
  [Client  3] Round 7 | FedDyn(α=0.1) | loss=0.9010
  [Edge 0] G7 | E2 | loss=0.9632
  [Edge 1] G7 | E1 | Selected 2/4
  [Client  8] Round 7 | FedDyn(α=0.1) | loss=1.1529
  [Client  1] Round 7 | FedDyn(α=0.1) | loss=0.9302
  [Edge 1] G7 | E1 | loss=1.0174
  [Edge 1] G7 | E2 | Selected 2/4
  [Client  1] Round 7 | FedDyn(α=0.1) | loss=0.8527
  [Client  7] Round 7 | FedDyn(α=0.1) | loss=0.9454
  [Edge 1] G7 | E2 | loss=0.8912
  [Cloud] acc=0.4328 | loss=1.8342 | time=123.8s | comm=461.4MB (total=3230MB)

[Round   8] Broadcasting to 2 edges...
  [Edge 0] G8 | E1 | Selected 4/6
  [Client  5] Round 8 | FedDyn(α=0.1) | loss=1.0317
  [Client  6] Round 8 | FedDyn(α=0.1) | loss=0.8704
  [Client  0] Round 8 | FedDyn(α=0.1) | loss=1.1273
  [Client  4] Round 8 | FedDyn(α=0.1) | loss=0.9601
  [Edge 0] G8 | E1 | loss=0.9683
  [Edge 0] G8 | E2 | Selected 4/6
  [Client  3] Round 8 | FedDyn(α=0.1) | loss=0.9282
  [Client  0] Round 8 | FedDyn(α=0.1) | loss=0.9429
  [Client  4] Round 8 | FedDyn(α=0.1) | loss=0.9269
  [Client  5] Round 8 | FedDyn(α=0.1) | loss=0.8312
  [Edge 0] G8 | E2 | loss=0.9076
  [Edge 1] G8 | E1 | Selected 2/4
  [Client  1] Round 8 | FedDyn(α=0.1) | loss=0.9428
  [Client  8] Round 8 | FedDyn(α=0.1) | loss=1.1208
  [Edge 1] G8 | E1 | loss=1.0125
  [Edge 1] G8 | E2 | Selected 2/4
  [Client  7] Round 8 | FedDyn(α=0.1) | loss=0.8371
  [Client  2] Round 8 | FedDyn(α=0.1) | loss=1.0616
  [Edge 1] G8 | E2 | loss=0.9304
  [Cloud] acc=0.3600 | loss=1.9733 | time=104.3s | comm=461.4MB (total=3691MB)

[Round   9] Broadcasting to 2 edges...
  [Edge 0] G9 | E1 | Selected 4/6
  [Client  6] Round 9 | FedDyn(α=0.1) | loss=0.8932
  [Client  3] Round 9 | FedDyn(α=0.1) | loss=0.9015
  [Client  9] Round 9 | FedDyn(α=0.1) | loss=1.0936
  [Client  0] Round 9 | FedDyn(α=0.1) | loss=1.0844
  [Edge 0] G9 | E1 | loss=0.9996
  [Edge 0] G9 | E2 | Selected 4/6
  [Client  4] Round 9 | FedDyn(α=0.1) | loss=0.9097
  [Client  9] Round 9 | FedDyn(α=0.1) | loss=0.9424
  [Client  5] Round 9 | FedDyn(α=0.1) | loss=0.8794
  [Client  0] Round 9 | FedDyn(α=0.1) | loss=0.8967
  [Edge 0] G9 | E2 | loss=0.9147
  [Edge 1] G9 | E1 | Selected 2/4
  [Client  1] Round 9 | FedDyn(α=0.1) | loss=0.8248
  [Client  8] Round 9 | FedDyn(α=0.1) | loss=1.1008
  [Edge 1] G9 | E1 | loss=0.9329
  [Edge 1] G9 | E2 | Selected 2/4
  [Client  8] Round 9 | FedDyn(α=0.1) | loss=0.9489
  [Client  7] Round 9 | FedDyn(α=0.1) | loss=0.7177
  [Edge 1] G9 | E2 | loss=0.8277
  [Cloud] acc=0.3858 | loss=2.1087 | time=118.0s | comm=461.4MB (total=4153MB)

[Round  10] Broadcasting to 2 edges...
  [Edge 0] G10 | E1 | Selected 4/6
  [Client  6] Round 10 | FedDyn(α=0.1) | loss=0.8194
  [Client  3] Round 10 | FedDyn(α=0.1) | loss=0.9132
  [Client  5] Round 10 | FedDyn(α=0.1) | loss=0.8664
  [Client  0] Round 10 | FedDyn(α=0.1) | loss=0.9857
  [Edge 0] G10 | E1 | loss=0.8767
  [Edge 0] G10 | E2 | Selected 4/6
  [Client  5] Round 10 | FedDyn(α=0.1) | loss=0.7689
  [Client  4] Round 10 | FedDyn(α=0.1) | loss=0.8762
  [Client  3] Round 10 | FedDyn(α=0.1) | loss=0.7152
  [Client  9] Round 10 | FedDyn(α=0.1) | loss=0.9372
  [Edge 0] G10 | E2 | loss=0.8597
  [Edge 1] G10 | E1 | Selected 2/4
  [Client  8] Round 10 | FedDyn(α=0.1) | loss=0.9990
  [Client  2] Round 10 | FedDyn(α=0.1) | loss=1.2046
  [Edge 1] G10 | E1 | loss=1.0894
  [Edge 1] G10 | E2 | Selected 2/4
  [Client  8] Round 10 | FedDyn(α=0.1) | loss=0.9531
  [Client  7] Round 10 | FedDyn(α=0.1) | loss=0.6880
  [Edge 1] G10 | E2 | loss=0.8141
  [Cloud] acc=0.5702 | loss=1.1869 | time=103.2s | comm=461.4MB (total=4614MB)

[Round  11] Broadcasting to 2 edges...
  [Edge 0] G11 | E1 | Selected 4/6
  [Client  4] Round 11 | FedDyn(α=0.1) | loss=0.7785
  [Client  3] Round 11 | FedDyn(α=0.1) | loss=0.7134
  [Client  0] Round 11 | FedDyn(α=0.1) | loss=0.9071
  [Client  6] Round 11 | FedDyn(α=0.1) | loss=0.7597
  [Edge 0] G11 | E1 | loss=0.7846
  [Edge 0] G11 | E2 | Selected 4/6
  [Client  4] Round 11 | FedDyn(α=0.1) | loss=0.7687
  [Client  9] Round 11 | FedDyn(α=0.1) | loss=0.8736
  [Client  5] Round 11 | FedDyn(α=0.1) | loss=0.7937
  [Client  0] Round 11 | FedDyn(α=0.1) | loss=0.8096
  [Edge 0] G11 | E2 | loss=0.8195
  [Edge 1] G11 | E1 | Selected 2/4
  [Client  2] Round 11 | FedDyn(α=0.1) | loss=0.7560
  [Client  7] Round 11 | FedDyn(α=0.1) | loss=0.6079
  [Edge 1] G11 | E1 | loss=0.6695
  [Edge 1] G11 | E2 | Selected 2/4
  [Client  1] Round 11 | FedDyn(α=0.1) | loss=0.8142
  [Client  8] Round 11 | FedDyn(α=0.1) | loss=0.9358
  [Edge 1] G11 | E2 | loss=0.8618
  [Cloud] acc=0.5444 | loss=1.3173 | time=112.6s | comm=461.4MB (total=5075MB)

[Round  12] Broadcasting to 2 edges...
  [Edge 0] G12 | E1 | Selected 4/6
  [Client  9] Round 12 | FedDyn(α=0.1) | loss=0.8334
  [Client  4] Round 12 | FedDyn(α=0.1) | loss=0.7479
  [Client  6] Round 12 | FedDyn(α=0.1) | loss=0.7438
  [Client  5] Round 12 | FedDyn(α=0.1) | loss=0.7817
  [Edge 0] G12 | E1 | loss=0.7791
  [Edge 0] G12 | E2 | Selected 4/6
  [Client  0] Round 12 | FedDyn(α=0.1) | loss=0.8510
  [Client  6] Round 12 | FedDyn(α=0.1) | loss=0.7174
  [Client  9] Round 12 | FedDyn(α=0.1) | loss=0.8051
  [Client  5] Round 12 | FedDyn(α=0.1) | loss=0.7279
  [Edge 0] G12 | E2 | loss=0.7703
  [Edge 1] G12 | E1 | Selected 2/4
  [Client  2] Round 12 | FedDyn(α=0.1) | loss=0.8024
  [Client  1] Round 12 | FedDyn(α=0.1) | loss=0.7043
  [Edge 1] G12 | E1 | loss=0.7372
  [Edge 1] G12 | E2 | Selected 2/4
  [Client  7] Round 12 | FedDyn(α=0.1) | loss=0.6325
  [Client  1] Round 12 | FedDyn(α=0.1) | loss=0.6574
  [Edge 1] G12 | E2 | loss=0.6471
  [Cloud] acc=0.5021 | loss=1.5179 | time=130.0s | comm=461.4MB (total=5537MB)

[Round  13] Broadcasting to 2 edges...
  [Edge 0] G13 | E1 | Selected 4/6
  [Client  9] Round 13 | FedDyn(α=0.1) | loss=0.8253
  [Client  4] Round 13 | FedDyn(α=0.1) | loss=0.7340
  [Client  0] Round 13 | FedDyn(α=0.1) | loss=0.8700
  [Client  5] Round 13 | FedDyn(α=0.1) | loss=0.8337
  [Edge 0] G13 | E1 | loss=0.8079
  [Edge 0] G13 | E2 | Selected 4/6
  [Client  6] Round 13 | FedDyn(α=0.1) | loss=0.7765
  [Client  3] Round 13 | FedDyn(α=0.1) | loss=0.8940
  [Client  9] Round 13 | FedDyn(α=0.1) | loss=0.7758
  [Client  5] Round 13 | FedDyn(α=0.1) | loss=0.7012
  [Edge 0] G13 | E2 | loss=0.7774
  [Edge 1] G13 | E1 | Selected 2/4
  [Client  1] Round 13 | FedDyn(α=0.1) | loss=0.6846
  [Client  8] Round 13 | FedDyn(α=0.1) | loss=0.9395
  [Edge 1] G13 | E1 | loss=0.7844
  [Edge 1] G13 | E2 | Selected 2/4
  [Client  1] Round 13 | FedDyn(α=0.1) | loss=0.5996
  [Client  7] Round 13 | FedDyn(α=0.1) | loss=0.5853
  [Edge 1] G13 | E2 | loss=0.5937
  [Cloud] acc=0.5904 | loss=1.2135 | time=122.3s | comm=461.4MB (total=5998MB)

[Round  14] Broadcasting to 2 edges...
  [Edge 0] G14 | E1 | Selected 4/6
  [Client  9] Round 14 | FedDyn(α=0.1) | loss=0.7741
  [Client  0] Round 14 | FedDyn(α=0.1) | loss=0.8288
  [Client  4] Round 14 | FedDyn(α=0.1) | loss=0.6603
  [Client  5] Round 14 | FedDyn(α=0.1) | loss=0.7484
  [Edge 0] G14 | E1 | loss=0.7458
  [Edge 0] G14 | E2 | Selected 4/6
  [Client  6] Round 14 | FedDyn(α=0.1) | loss=0.7036
  [Client  9] Round 14 | FedDyn(α=0.1) | loss=0.7538
  [Client  3] Round 14 | FedDyn(α=0.1) | loss=0.8587
  [Client  5] Round 14 | FedDyn(α=0.1) | loss=0.6902
  [Edge 0] G14 | E2 | loss=0.7386
  [Edge 1] G14 | E1 | Selected 2/4
  [Client  8] Round 14 | FedDyn(α=0.1) | loss=0.8245
  [Client  1] Round 14 | FedDyn(α=0.1) | loss=0.6431
  [Edge 1] G14 | E1 | loss=0.7141
  [Edge 1] G14 | E2 | Selected 2/4
  [Client  2] Round 14 | FedDyn(α=0.1) | loss=0.7034
  [Client  7] Round 14 | FedDyn(α=0.1) | loss=0.5376
  [Edge 1] G14 | E2 | loss=0.6066
  [Cloud] acc=0.5900 | loss=1.2016 | time=117.0s | comm=461.4MB (total=6459MB)

[Round  15] Broadcasting to 2 edges...
  [Edge 0] G15 | E1 | Selected 4/6
  [Client  9] Round 15 | FedDyn(α=0.1) | loss=0.7629
  [Client  5] Round 15 | FedDyn(α=0.1) | loss=0.7295
  [Client  0] Round 15 | FedDyn(α=0.1) | loss=0.8048
  [Client  6] Round 15 | FedDyn(α=0.1) | loss=0.6230
  [Edge 0] G15 | E1 | loss=0.7178
  [Edge 0] G15 | E2 | Selected 4/6
  [Client  0] Round 15 | FedDyn(α=0.1) | loss=0.7203
  [Client  4] Round 15 | FedDyn(α=0.1) | loss=0.6918
  [Client  9] Round 15 | FedDyn(α=0.1) | loss=0.7250
  [Client  3] Round 15 | FedDyn(α=0.1) | loss=0.7893
  [Edge 0] G15 | E2 | loss=0.7227
  [Edge 1] G15 | E1 | Selected 2/4
  [Client  7] Round 15 | FedDyn(α=0.1) | loss=0.4818
  [Client  8] Round 15 | FedDyn(α=0.1) | loss=0.7740
  [Edge 1] G15 | E1 | loss=0.6208
  [Edge 1] G15 | E2 | Selected 2/4
  [Client  7] Round 15 | FedDyn(α=0.1) | loss=0.4818
  [Client  2] Round 15 | FedDyn(α=0.1) | loss=0.6309
  [Edge 1] G15 | E2 | loss=0.5438
  [Cloud] acc=0.6511 | loss=0.9915 | time=113.5s | comm=461.4MB (total=6921MB)

[Round  16] Broadcasting to 2 edges...
  [Edge 0] G16 | E1 | Selected 4/6
  [Client  3] Round 16 | FedDyn(α=0.1) | loss=0.6763
  [Client  6] Round 16 | FedDyn(α=0.1) | loss=0.5863
  [Client  5] Round 16 | FedDyn(α=0.1) | loss=0.7252
  [Client  4] Round 16 | FedDyn(α=0.1) | loss=0.6280
  [Edge 0] G16 | E1 | loss=0.6375
  [Edge 0] G16 | E2 | Selected 4/6
  [Client  3] Round 16 | FedDyn(α=0.1) | loss=0.5653
  [Client  9] Round 16 | FedDyn(α=0.1) | loss=0.7231
  [Client  6] Round 16 | FedDyn(α=0.1) | loss=0.5350
  [Client  4] Round 16 | FedDyn(α=0.1) | loss=0.6358
  [Edge 0] G16 | E2 | loss=0.6265
  [Edge 1] G16 | E1 | Selected 2/4
  [Client  1] Round 16 | FedDyn(α=0.1) | loss=0.6709
  [Client  7] Round 16 | FedDyn(α=0.1) | loss=0.4811
  [Edge 1] G16 | E1 | loss=0.5922
  [Edge 1] G16 | E2 | Selected 2/4
  [Client  2] Round 16 | FedDyn(α=0.1) | loss=0.5405
  [Client  7] Round 16 | FedDyn(α=0.1) | loss=0.4726
  [Edge 1] G16 | E2 | loss=0.5008
  [Cloud] acc=0.5601 | loss=1.3573 | time=119.5s | comm=461.4MB (total=7382MB)

[Round  17] Broadcasting to 2 edges...
  [Edge 0] G17 | E1 | Selected 4/6
  [Client  5] Round 17 | FedDyn(α=0.1) | loss=0.7704
  [Client  9] Round 17 | FedDyn(α=0.1) | loss=0.7399
  [Client  3] Round 17 | FedDyn(α=0.1) | loss=0.6564
  [Client  4] Round 17 | FedDyn(α=0.1) | loss=0.6137
  [Edge 0] G17 | E1 | loss=0.6977
  [Edge 0] G17 | E2 | Selected 4/6
  [Client  0] Round 17 | FedDyn(α=0.1) | loss=0.8619
  [Client  9] Round 17 | FedDyn(α=0.1) | loss=0.7295
  [Client  5] Round 17 | FedDyn(α=0.1) | loss=0.6388
  [Client  4] Round 17 | FedDyn(α=0.1) | loss=0.6110
  [Edge 0] G17 | E2 | loss=0.7004
  [Edge 1] G17 | E1 | Selected 2/4
  [Client  1] Round 17 | FedDyn(α=0.1) | loss=0.6320
  [Client  8] Round 17 | FedDyn(α=0.1) | loss=0.8303
  [Edge 1] G17 | E1 | loss=0.7096
  [Edge 1] G17 | E2 | Selected 2/4
  [Client  7] Round 17 | FedDyn(α=0.1) | loss=0.4951
  [Client  1] Round 17 | FedDyn(α=0.1) | loss=0.4849
  [Edge 1] G17 | E2 | loss=0.4891
  [Cloud] acc=0.6092 | loss=1.1582 | time=119.9s | comm=461.4MB (total=7844MB)

[Round  18] Broadcasting to 2 edges...
  [Edge 0] G18 | E1 | Selected 4/6
  [Client  9] Round 18 | FedDyn(α=0.1) | loss=0.7044
  [Client  0] Round 18 | FedDyn(α=0.1) | loss=0.7275
  [Client  5] Round 18 | FedDyn(α=0.1) | loss=0.6876
  [Client  3] Round 18 | FedDyn(α=0.1) | loss=0.5909
  [Edge 0] G18 | E1 | loss=0.6883
  [Edge 0] G18 | E2 | Selected 4/6
  [Client  6] Round 18 | FedDyn(α=0.1) | loss=0.6088
  [Client  3] Round 18 | FedDyn(α=0.1) | loss=0.5288
  [Client  9] Round 18 | FedDyn(α=0.1) | loss=0.6959
  [Client  5] Round 18 | FedDyn(α=0.1) | loss=0.6218
  [Edge 0] G18 | E2 | loss=0.6335
  [Edge 1] G18 | E1 | Selected 2/4
  [Client  7] Round 18 | FedDyn(α=0.1) | loss=0.4861
  [Client  2] Round 18 | FedDyn(α=0.1) | loss=0.6088
  [Edge 1] G18 | E1 | loss=0.5371
  [Edge 1] G18 | E2 | Selected 2/4
  [Client  2] Round 18 | FedDyn(α=0.1) | loss=0.4568
  [Client  7] Round 18 | FedDyn(α=0.1) | loss=0.4771
  [Edge 1] G18 | E2 | loss=0.4687
  [Cloud] acc=0.4836 | loss=1.8501 | time=106.0s | comm=461.4MB (total=8305MB)

[Round  19] Broadcasting to 2 edges...
  [Edge 0] G19 | E1 | Selected 4/6
  [Client  3] Round 19 | FedDyn(α=0.1) | loss=0.5963
  [Client  5] Round 19 | FedDyn(α=0.1) | loss=0.6657
  [Client  6] Round 19 | FedDyn(α=0.1) | loss=0.5743
  [Client  9] Round 19 | FedDyn(α=0.1) | loss=0.7267
  [Edge 0] G19 | E1 | loss=0.6491
  [Edge 0] G19 | E2 | Selected 4/6
  [Client  0] Round 19 | FedDyn(α=0.1) | loss=0.7011
  [Client  4] Round 19 | FedDyn(α=0.1) | loss=0.6254
  [Client  5] Round 19 | FedDyn(α=0.1) | loss=0.6430
  [Client  9] Round 19 | FedDyn(α=0.1) | loss=0.6858
  [Edge 0] G19 | E2 | loss=0.6634
  [Edge 1] G19 | E1 | Selected 2/4
  [Client  2] Round 19 | FedDyn(α=0.1) | loss=0.5506
  [Client  7] Round 19 | FedDyn(α=0.1) | loss=0.4593
  [Edge 1] G19 | E1 | loss=0.4973
  [Edge 1] G19 | E2 | Selected 2/4
  [Client  8] Round 19 | FedDyn(α=0.1) | loss=0.9226
  [Client  2] Round 19 | FedDyn(α=0.1) | loss=0.4043
  [Edge 1] G19 | E2 | loss=0.6948
  [Cloud] acc=0.5380 | loss=1.4391 | time=112.2s | comm=461.4MB (total=8766MB)

[Round  20] Broadcasting to 2 edges...
  [Edge 0] G20 | E1 | Selected 4/6
  [Client  3] Round 20 | FedDyn(α=0.1) | loss=0.5563
  [Client  4] Round 20 | FedDyn(α=0.1) | loss=0.6105
  [Client  0] Round 20 | FedDyn(α=0.1) | loss=0.6781
  [Client  9] Round 20 | FedDyn(α=0.1) | loss=0.6712
  [Edge 0] G20 | E1 | loss=0.6390
  [Edge 0] G20 | E2 | Selected 4/6
  [Client  5] Round 20 | FedDyn(α=0.1) | loss=0.6198
  [Client  0] Round 20 | FedDyn(α=0.1) | loss=0.5704
  [Client  4] Round 20 | FedDyn(α=0.1) | loss=0.6089
  [Client  9] Round 20 | FedDyn(α=0.1) | loss=0.6696
  [Edge 0] G20 | E2 | loss=0.6279
  [Edge 1] G20 | E1 | Selected 2/4
  [Client  2] Round 20 | FedDyn(α=0.1) | loss=0.5780
  [Client  1] Round 20 | FedDyn(α=0.1) | loss=0.6573
  [Edge 1] G20 | E1 | loss=0.6307
  [Edge 1] G20 | E2 | Selected 2/4
  [Client  2] Round 20 | FedDyn(α=0.1) | loss=0.3812
  [Client  1] Round 20 | FedDyn(α=0.1) | loss=0.4765
  [Edge 1] G20 | E2 | loss=0.4445
  [Cloud] acc=0.5141 | loss=1.6387 | time=115.4s | comm=461.4MB (total=9228MB)

[Cloud] Training complete.

====================================================
 Experiment Summary
====================================================
  Best  global_acc : 0.6511  (round 15)
  Final global_acc : 0.5141
  Total rounds     : 20
====================================================
========================================
End Time : Fri Apr 10 06:28:50 CEST 2026
========================================
