This job can be monitored from: https://job.c3se.chalmers.se/alvis/6631255
========================================
Job ID      : 6631255
Job Name    : HierFLcifar10
Node        : alvis7-13
Start Time  : Thu May 14 05:39:44 CEST 2026
Working Dir : /cephyr/users/ziangg/Alvis/tf-dpfl
========================================
[Setup] Python: /cephyr/users/ziangg/Alvis/tf-dpfl/bin/python
[Setup] TF version: 2.15.1
[Setup] GPU available: [PhysicalDevice(name='/physical_device:GPU:0', device_type='GPU')]
[Config] Override: wandb.enabled = True
[Setup] Random seed: 42
[Setup] Loading dataset...
[Data] CIFAR-10 from Mimer: /mimer/NOBACKUP/Datasets/CIFAR
[Setup] Building global model...
Model: "cifar_cnn_3conv"
_________________________________________________________________
 Layer (type)                Output Shape              Param #   
=================================================================
 input_1 (InputLayer)        [(None, 32, 32, 3)]       0         
                                                                 
 conv2d (Conv2D)             (None, 32, 32, 32)        896       
                                                                 
 batch_normalization (Batch  (None, 32, 32, 32)        128       
 Normalization)                                                  
                                                                 
 re_lu (ReLU)                (None, 32, 32, 32)        0         
                                                                 
 conv2d_1 (Conv2D)           (None, 32, 32, 64)        18496     
                                                                 
 batch_normalization_1 (Bat  (None, 32, 32, 64)        256       
 chNormalization)                                                
                                                                 
 re_lu_1 (ReLU)              (None, 32, 32, 64)        0         
                                                                 
 max_pooling2d (MaxPooling2  (None, 16, 16, 64)        0         
 D)                                                              
                                                                 
 conv2d_2 (Conv2D)           (None, 16, 16, 128)       73856     
                                                                 
 batch_normalization_2 (Bat  (None, 16, 16, 128)       512       
 chNormalization)                                                
                                                                 
 re_lu_2 (ReLU)              (None, 16, 16, 128)       0         
                                                                 
 conv2d_3 (Conv2D)           (None, 16, 16, 128)       147584    
                                                                 
 batch_normalization_3 (Bat  (None, 16, 16, 128)       512       
 chNormalization)                                                
                                                                 
 re_lu_3 (ReLU)              (None, 16, 16, 128)       0         
                                                                 
 max_pooling2d_1 (MaxPoolin  (None, 8, 8, 128)         0         
 g2D)                                                            
                                                                 
 spatial_dropout2d (Spatial  (None, 8, 8, 128)         0         
 Dropout2D)                                                      
                                                                 
 conv2d_4 (Conv2D)           (None, 8, 8, 256)         295168    
                                                                 
 batch_normalization_4 (Bat  (None, 8, 8, 256)         1024      
 chNormalization)                                                
                                                                 
 re_lu_4 (ReLU)              (None, 8, 8, 256)         0         
                                                                 
 conv2d_5 (Conv2D)           (None, 8, 8, 256)         590080    
                                                                 
 batch_normalization_5 (Bat  (None, 8, 8, 256)         1024      
 chNormalization)                                                
                                                                 
 re_lu_5 (ReLU)              (None, 8, 8, 256)         0         
                                                                 
 max_pooling2d_2 (MaxPoolin  (None, 4, 4, 256)         0         
 g2D)                                                            
                                                                 
 flatten (Flatten)           (None, 4096)              0         
                                                                 
 dropout (Dropout)           (None, 4096)              0         
                                                                 
 dense (Dense)               (None, 1024)              4195328   
                                                                 
 dense_1 (Dense)             (None, 512)               524800    
                                                                 
 dropout_1 (Dropout)         (None, 512)               0         
                                                                 
 dense_2 (Dense)             (None, 10)                5130      
                                                                 
=================================================================
Total params: 5854794 (22.33 MB)
Trainable params: 5853066 (22.33 MB)
Non-trainable params: 1728 (6.75 KB)
_________________________________________________________________
[Setup] Building clients...

[Superclass-aware partition] 2 edges, 2 classes/client

  Edge 0 (class pool: [2, 3, 4, 5, 6, 7]):
  Client       Samples    Classes held                        Out-of-pool?
  ---------------------------------------------------------------------------
  client_0     4000       [3, 6]                              OK
  client_1     4000       [3, 6]                              OK
  client_2     4000       [2, 5]                              OK
  client_3     4000       [5, 7]                              OK
  client_4     4000       [2, 7]                              OK
  client_5     4000       [2, 4]                              OK
  client_6     4000       [6, 7]                              OK
  client_7     4000       [3, 5]                              OK
  client_8     2000       [4]                                 OK
  client_9     2000       [4]                                 OK

  Edge 1 (class pool: [0, 1, 8, 9]):
  Client       Samples    Classes held                        Out-of-pool?
  ---------------------------------------------------------------------------
  client_10    2400       [8, 9]                              OK
  client_11    2400       [0, 1]                              OK
  client_12    2400       [1, 8]                              OK
  client_13    2400       [0, 8]                              OK
  client_14    2400       [0, 9]                              OK
  client_15    2400       [0, 8]                              OK
  client_16    2400       [1, 8]                              OK
  client_17    2400       [1, 9]                              OK
  client_18    2400       [1, 9]                              OK
  client_19    2400       [0, 9]                              OK

[Train/Test split] 20 clients | avg train=2400, avg test=600 samples (ratio=0.2)
[Setup] 20 clients built (superclass_pathological) | per-client test sets injected
[Setup] Building edge servers...
[Assignment] Using pre-baked superclass assignments | 2 edges
[EdgeServer 0] 10 clients | 28800 samples
[EdgeServer 1] 10 clients | 19200 samples

[Setup] Built 2 edge servers (strategy=superclass_baked)
  Edge 0: 10 clients | 28800 samples
  Edge 1: 10 clients | 19200 samples
[Setup] Building per-edge test datasets (superclass-aware)...
  [Test split] Edge 0: 6000 test samples (6 classes)
  [Test split] Edge 1: 4000 test samples (4 classes)
[CloudServer] 2 edges | model: 22.33 MB

====================================================
 HierFAVG Training Start
====================================================

[Round   1] Broadcasting to 2 edges...
  [Edge 0] G1 | E1 | Hier-pFedMe | Selected 10/10
  [Client  8] Round 1 | Hier-pFedMe(λ2=35.0,K=2) | loss=0.0000
  [Client  9] Round 1 | Hier-pFedMe(λ2=35.0,K=2) | loss=0.0000
  [Client  6] Round 1 | Hier-pFedMe(λ2=35.0,K=2) | loss=8.2203
  [Client  3] Round 1 | Hier-pFedMe(λ2=35.0,K=2) | loss=9.3493
  [Client  7] Round 1 | Hier-pFedMe(λ2=35.0,K=2) | loss=0.9067
  [Client  1] Round 1 | Hier-pFedMe(λ2=35.0,K=2) | loss=4.5369
  [Client  4] Round 1 | Hier-pFedMe(λ2=35.0,K=2) | loss=6.9490
  [Client  0] Round 1 | Hier-pFedMe(λ2=35.0,K=2) | loss=0.7727
  [Client  5] Round 1 | Hier-pFedMe(λ2=35.0,K=2) | loss=1.1489
  [Client  2] Round 1 | Hier-pFedMe(λ2=35.0,K=2) | loss=0.8946
  [Edge 0] G1 | E1 | loss=3.6420
  [Edge 0] G1 | E2 | Hier-pFedMe | Selected 10/10
  [Client  0] Round 1 | Hier-pFedMe(λ2=35.0,K=2) | loss=2.6346
  [Client  7] Round 1 | Hier-pFedMe(λ2=35.0,K=2) | loss=0.4042
  [Client  3] Round 1 | Hier-pFedMe(λ2=35.0,K=2) | loss=2.4142
  [Client  9] Round 1 | Hier-pFedMe(λ2=35.0,K=2) | loss=0.0000
  [Client  6] Round 1 | Hier-pFedMe(λ2=35.0,K=2) | loss=2.5296
  [Client  4] Round 1 | Hier-pFedMe(λ2=35.0,K=2) | loss=4.6988
  [Client  2] Round 1 | Hier-pFedMe(λ2=35.0,K=2) | loss=1.1191
  [Client  8] Round 1 | Hier-pFedMe(λ2=35.0,K=2) | loss=0.0000
  [Client  5] Round 1 | Hier-pFedMe(λ2=35.0,K=2) | loss=0.5216
  [Client  1] Round 1 | Hier-pFedMe(λ2=35.0,K=2) | loss=0.4166
  [Edge 0] G1 | E2 | loss=1.6376
  [Edge 0] G1 | E3 | Hier-pFedMe | Selected 10/10
  [Client  8] Round 1 | Hier-pFedMe(λ2=35.0,K=2) | loss=0.0000
  [Client  9] Round 1 | Hier-pFedMe(λ2=35.0,K=2) | loss=0.0000
  [Client  6] Round 1 | Hier-pFedMe(λ2=35.0,K=2) | loss=3.3784
  [Client  7] Round 1 | Hier-pFedMe(λ2=35.0,K=2) | loss=2.7907
  [Client  4] Round 1 | Hier-pFedMe(λ2=35.0,K=2) | loss=4.7568
  [Client  0] Round 1 | Hier-pFedMe(λ2=35.0,K=2) | loss=2.6907
  [Client  1] Round 1 | Hier-pFedMe(λ2=35.0,K=2) | loss=0.4751
  [Client  3] Round 1 | Hier-pFedMe(λ2=35.0,K=2) | loss=1.3633
  [Client  2] Round 1 | Hier-pFedMe(λ2=35.0,K=2) | loss=1.8373
  [Client  5] Round 1 | Hier-pFedMe(λ2=35.0,K=2) | loss=2.4251
  [Edge 0] G1 | E3 | loss=2.1908
  [Edge 0] G1 | E4 | Hier-pFedMe | Selected 10/10
  [Client  8] Round 1 | Hier-pFedMe(λ2=35.0,K=2) | loss=0.0000
  [Client  6] Round 1 | Hier-pFedMe(λ2=35.0,K=2) | loss=1.6457
  [Client  9] Round 1 | Hier-pFedMe(λ2=35.0,K=2) | loss=0.0000
  [Client  0] Round 1 | Hier-pFedMe(λ2=35.0,K=2) | loss=0.6072
  [Client  7] Round 1 | Hier-pFedMe(λ2=35.0,K=2) | loss=1.1524
  [Client  3] Round 1 | Hier-pFedMe(λ2=35.0,K=2) | loss=1.1590
  [Client  5] Round 1 | Hier-pFedMe(λ2=35.0,K=2) | loss=1.0254
  [Client  2] Round 1 | Hier-pFedMe(λ2=35.0,K=2) | loss=1.4180
  [Client  1] Round 1 | Hier-pFedMe(λ2=35.0,K=2) | loss=0.4182
  [Client  4] Round 1 | Hier-pFedMe(λ2=35.0,K=2) | loss=2.0146
  [Edge 0] G1 | E4 | loss=1.0489
  [Edge 0] G1 | E5 | Hier-pFedMe | Selected 10/10
  [Client  4] Round 1 | Hier-pFedMe(λ2=35.0,K=2) | loss=2.7744
  [Client  1] Round 1 | Hier-pFedMe(λ2=35.0,K=2) | loss=0.6447
  [Client  7] Round 1 | Hier-pFedMe(λ2=35.0,K=2) | loss=0.7247
  [Client  8] Round 1 | Hier-pFedMe(λ2=35.0,K=2) | loss=0.0000
  [Client  5] Round 1 | Hier-pFedMe(λ2=35.0,K=2) | loss=0.3949
  [Client  9] Round 1 | Hier-pFedMe(λ2=35.0,K=2) | loss=0.0000
  [Client  3] Round 1 | Hier-pFedMe(λ2=35.0,K=2) | loss=1.4206
  [Client  0] Round 1 | Hier-pFedMe(λ2=35.0,K=2) | loss=0.5924
  [Client  6] Round 1 | Hier-pFedMe(λ2=35.0,K=2) | loss=2.0457
  [Client  2] Round 1 | Hier-pFedMe(λ2=35.0,K=2) | loss=0.6901
  [Edge 0] G1 | E5 | loss=1.0320
  [Edge 1] G1 | E1 | Hier-pFedMe | Selected 10/10
  [Client 10] Round 1 | Hier-pFedMe(λ2=35.0,K=2) | loss=1.4840
  [Client 17] Round 1 | Hier-pFedMe(λ2=35.0,K=2) | loss=4.8137
  [Client 19] Round 1 | Hier-pFedMe(λ2=35.0,K=2) | loss=1.3936
  [Client 13] Round 1 | Hier-pFedMe(λ2=35.0,K=2) | loss=2.8389
  [Client 12] Round 1 | Hier-pFedMe(λ2=35.0,K=2) | loss=0.5491
  [Client 14] Round 1 | Hier-pFedMe(λ2=35.0,K=2) | loss=2.2682
  [Client 15] Round 1 | Hier-pFedMe(λ2=35.0,K=2) | loss=3.6797
  [Client 11] Round 1 | Hier-pFedMe(λ2=35.0,K=2) | loss=3.8760
  [Client 16] Round 1 | Hier-pFedMe(λ2=35.0,K=2) | loss=0.9338
  [Client 18] Round 1 | Hier-pFedMe(λ2=35.0,K=2) | loss=0.6894
  [Edge 1] G1 | E1 | loss=2.2526
  [Edge 1] G1 | E2 | Hier-pFedMe | Selected 10/10
  [Client 19] Round 1 | Hier-pFedMe(λ2=35.0,K=2) | loss=6.4178
  [Client 15] Round 1 | Hier-pFedMe(λ2=35.0,K=2) | loss=0.4858
  [Client 16] Round 1 | Hier-pFedMe(λ2=35.0,K=2) | loss=1.0583
  [Client 11] Round 1 | Hier-pFedMe(λ2=35.0,K=2) | loss=1.2492
  [Client 18] Round 1 | Hier-pFedMe(λ2=35.0,K=2) | loss=7.8481
  [Client 14] Round 1 | Hier-pFedMe(λ2=35.0,K=2) | loss=3.9900
  [Client 17] Round 1 | Hier-pFedMe(λ2=35.0,K=2) | loss=4.7246
  [Client 12] Round 1 | Hier-pFedMe(λ2=35.0,K=2) | loss=1.6253
  [Client 13] Round 1 | Hier-pFedMe(λ2=35.0,K=2) | loss=0.3532
  [Client 10] Round 1 | Hier-pFedMe(λ2=35.0,K=2) | loss=8.6889
  [Edge 1] G1 | E2 | loss=3.6441
  [Edge 1] G1 | E3 | Hier-pFedMe | Selected 10/10
  [Client 15] Round 1 | Hier-pFedMe(λ2=35.0,K=2) | loss=1.2571
  [Client 10] Round 1 | Hier-pFedMe(λ2=35.0,K=2) | loss=6.1436
  [Client 14] Round 1 | Hier-pFedMe(λ2=35.0,K=2) | loss=2.4588
  [Client 12] Round 1 | Hier-pFedMe(λ2=35.0,K=2) | loss=1.5399
  [Client 18] Round 1 | Hier-pFedMe(λ2=35.0,K=2) | loss=3.6892
  [Client 11] Round 1 | Hier-pFedMe(λ2=35.0,K=2) | loss=0.5514
  [Client 16] Round 1 | Hier-pFedMe(λ2=35.0,K=2) | loss=2.1865
  [Client 13] Round 1 | Hier-pFedMe(λ2=35.0,K=2) | loss=0.8473
  [Client 17] Round 1 | Hier-pFedMe(λ2=35.0,K=2) | loss=3.5378
  [Client 19] Round 1 | Hier-pFedMe(λ2=35.0,K=2) | loss=5.4425
  [Edge 1] G1 | E3 | loss=2.7654
  [Edge 1] G1 | E4 | Hier-pFedMe | Selected 10/10
  [Client 18] Round 1 | Hier-pFedMe(λ2=35.0,K=2) | loss=3.0053
  [Client 12] Round 1 | Hier-pFedMe(λ2=35.0,K=2) | loss=0.4815
  [Client 15] Round 1 | Hier-pFedMe(λ2=35.0,K=2) | loss=0.7772  [Client 14] Round 1 | Hier-pFedMe(λ2=35.0,K=2) | loss=0.7372

  [Client 10] Round 1 | Hier-pFedMe(λ2=35.0,K=2) | loss=0.1127
  [Client 13] Round 1 | Hier-pFedMe(λ2=35.0,K=2) | loss=0.7615
  [Client 11] Round 1 | Hier-pFedMe(λ2=35.0,K=2) | loss=0.5241
  [Client 16] Round 1 | Hier-pFedMe(λ2=35.0,K=2) | loss=0.2853
  [Client 19] Round 1 | Hier-pFedMe(λ2=35.0,K=2) | loss=1.3618
  [Client 17] Round 1 | Hier-pFedMe(λ2=35.0,K=2) | loss=3.5047
  [Edge 1] G1 | E4 | loss=1.1552
  [Edge 1] G1 | E5 | Hier-pFedMe | Selected 10/10
  [Client 16] Round 1 | Hier-pFedMe(λ2=35.0,K=2) | loss=0.3586
  [Client 18] Round 1 | Hier-pFedMe(λ2=35.0,K=2) | loss=2.3134
  [Client 19] Round 1 | Hier-pFedMe(λ2=35.0,K=2) | loss=1.3108
  [Client 13] Round 1 | Hier-pFedMe(λ2=35.0,K=2) | loss=1.0664
  [Client 17] Round 1 | Hier-pFedMe(λ2=35.0,K=2) | loss=2.6712
  [Client 15] Round 1 | Hier-pFedMe(λ2=35.0,K=2) | loss=1.2981
  [Client 12] Round 1 | Hier-pFedMe(λ2=35.0,K=2) | loss=0.4182
  [Client 14] Round 1 | Hier-pFedMe(λ2=35.0,K=2) | loss=1.6787
  [Client 11] Round 1 | Hier-pFedMe(λ2=35.0,K=2) | loss=0.7907
  [Client 10] Round 1 | Hier-pFedMe(λ2=35.0,K=2) | loss=3.2297
  [Edge 1] G1 | E5 | loss=1.5136
[C0] eval model[0] mean=0.001138 | θ̃ mean=0.001138 | edge mean=0.000853
[C0] n=800 | classes=[3, 6] | acc=0.5088 | per_class={3: '1.00', 6: '0.00'}
[C1] eval model[0] mean=0.000691 | θ̃ mean=0.000691 | edge mean=0.000853
[C1] n=800 | classes=[3, 6] | acc=0.5175 | per_class={3: '1.00', 6: '0.00'}
[C2] eval model[0] mean=-0.000164 | θ̃ mean=-0.000164 | edge mean=0.000853
[C2] n=800 | classes=[2, 5] | acc=0.5000 | per_class={2: '0.00', 5: '1.00'}
[C3] eval model[0] mean=0.001987 | θ̃ mean=0.001987 | edge mean=0.000853
[C3] n=800 | classes=[5, 7] | acc=0.4913 | per_class={5: '0.00', 7: '1.00'}
[C4] eval model[0] mean=0.001490 | θ̃ mean=0.001490 | edge mean=0.000853
[C4] n=800 | classes=[2, 7] | acc=0.5088 | per_class={2: '0.00', 7: '1.00'}
[C5] eval model[0] mean=0.000499 | θ̃ mean=0.000499 | edge mean=0.000853
[C5] n=800 | classes=[2, 4] | acc=0.5238 | per_class={2: '1.00', 4: '0.00'}
[C6] eval model[0] mean=0.001485 | θ̃ mean=0.001485 | edge mean=0.000853
[C6] n=800 | classes=[6, 7] | acc=0.5075 | per_class={6: '0.00', 7: '1.00'}
[C7] eval model[0] mean=0.000655 | θ̃ mean=0.000655 | edge mean=0.000853
[C7] n=800 | classes=[3, 5] | acc=0.4763 | per_class={3: '1.00', 5: '0.00'}
[C8] eval model[0] mean=0.000787 | θ̃ mean=0.000787 | edge mean=0.000853
[C8] n=400 | classes=[4] | acc=1.0000 | per_class={4: '1.00'}
[C9] eval model[0] mean=0.000666 | θ̃ mean=0.000666 | edge mean=0.000853
[C9] n=400 | classes=[4] | acc=1.0000 | per_class={4: '1.00'}
[C10] eval model[0] mean=0.000465 | θ̃ mean=0.000465 | edge mean=0.000498
[C10] n=480 | classes=[8, 9] | acc=0.5083 | per_class={8: '0.00', 9: '1.00'}
[C11] eval model[0] mean=-0.000573 | θ̃ mean=-0.000573 | edge mean=0.000498
[C11] n=480 | classes=[0, 1] | acc=0.5125 | per_class={0: '1.00', 1: '0.00'}
[C12] eval model[0] mean=0.000310 | θ̃ mean=0.000310 | edge mean=0.000498
[C12] n=480 | classes=[1, 8] | acc=0.5104 | per_class={1: '0.00', 8: '1.00'}
[C13] eval model[0] mean=0.000750 | θ̃ mean=0.000750 | edge mean=0.000498
[C13] n=480 | classes=[0, 8] | acc=0.5125 | per_class={0: '1.00', 8: '0.00'}
[C14] eval model[0] mean=0.001237 | θ̃ mean=0.001237 | edge mean=0.000498
[C14] n=480 | classes=[0, 9] | acc=0.4938 | per_class={0: '0.00', 9: '1.00'}
[C15] eval model[0] mean=0.000640 | θ̃ mean=0.000640 | edge mean=0.000498
[C15] n=480 | classes=[0, 8] | acc=0.5125 | per_class={0: '1.00', 8: '0.00'}
[C16] eval model[0] mean=0.000502 | θ̃ mean=0.000502 | edge mean=0.000498
[C16] n=480 | classes=[1, 8] | acc=0.5062 | per_class={1: '0.00', 8: '1.00'}
[C17] eval model[0] mean=0.000591 | θ̃ mean=0.000591 | edge mean=0.000498
[C17] n=480 | classes=[1, 9] | acc=0.4958 | per_class={1: '0.00', 9: '1.00'}
[C18] eval model[0] mean=0.000601 | θ̃ mean=0.000601 | edge mean=0.000498
[C18] n=480 | classes=[1, 9] | acc=0.4917 | per_class={1: '0.00', 9: '1.00'}
[C19] eval model[0] mean=-0.000120 | θ̃ mean=-0.000120 | edge mean=0.000498
[C19] n=480 | classes=[0, 9] | acc=0.5104 | per_class={0: '0.00', 9: '1.00'}
  [Cloud] GM=0.1000 | EM=0.1913 PM=0.5377 | loss=2.3131 | time=72.4s | comm=4556.2MB (total=4556MB)

[Round   2] Broadcasting to 2 edges...
  [Edge 0] G2 | E1 | Hier-pFedMe | Selected 10/10
  [Client  9] Round 2 | Hier-pFedMe(λ2=35.0,K=2) | loss=0.0000
  [Client  2] Round 2 | Hier-pFedMe(λ2=35.0,K=2) | loss=0.5094
  [Client  6] Round 2 | Hier-pFedMe(λ2=35.0,K=2) | loss=0.3021
  [Client  8] Round 2 | Hier-pFedMe(λ2=35.0,K=2) | loss=0.0001
  [Client  5] Round 2 | Hier-pFedMe(λ2=35.0,K=2) | loss=0.6063
  [Client  1] Round 2 | Hier-pFedMe(λ2=35.0,K=2) | loss=0.8240
  [Client  4] Round 2 | Hier-pFedMe(λ2=35.0,K=2) | loss=0.2812
  [Client  0] Round 2 | Hier-pFedMe(λ2=35.0,K=2) | loss=0.3076
  [Client  7] Round 2 | Hier-pFedMe(λ2=35.0,K=2) | loss=1.2860
  [Client  3] Round 2 | Hier-pFedMe(λ2=35.0,K=2) | loss=1.2138
  [Edge 0] G2 | E1 | loss=0.5923
  [Edge 0] G2 | E2 | Hier-pFedMe | Selected 10/10
  [Client  1] Round 2 | Hier-pFedMe(λ2=35.0,K=2) | loss=0.4028
  [Client  8] Round 2 | Hier-pFedMe(λ2=35.0,K=2) | loss=0.0000
  [Client  6] Round 2 | Hier-pFedMe(λ2=35.0,K=2) | loss=0.5106
  [Client  5] Round 2 | Hier-pFedMe(λ2=35.0,K=2) | loss=0.2187
  [Client  4] Round 2 | Hier-pFedMe(λ2=35.0,K=2) | loss=0.2435
  [Client  3] Round 2 | Hier-pFedMe(λ2=35.0,K=2) | loss=0.6292
  [Client  0] Round 2 | Hier-pFedMe(λ2=35.0,K=2) | loss=0.2729
  [Client  7] Round 2 | Hier-pFedMe(λ2=35.0,K=2) | loss=0.4306
  [Client  9] Round 2 | Hier-pFedMe(λ2=35.0,K=2) | loss=0.0001
  [Client  2] Round 2 | Hier-pFedMe(λ2=35.0,K=2) | loss=0.8306
  [Edge 0] G2 | E2 | loss=0.3932
  [Edge 0] G2 | E3 | Hier-pFedMe | Selected 10/10
  [Client  6] Round 2 | Hier-pFedMe(λ2=35.0,K=2) | loss=0.3333
  [Client  8] Round 2 | Hier-pFedMe(λ2=35.0,K=2) | loss=0.0001
  [Client  3] Round 2 | Hier-pFedMe(λ2=35.0,K=2) | loss=0.4621
  [Client  1] Round 2 | Hier-pFedMe(λ2=35.0,K=2) | loss=1.2038
  [Client  9] Round 2 | Hier-pFedMe(λ2=35.0,K=2) | loss=0.0000
  [Client  0] Round 2 | Hier-pFedMe(λ2=35.0,K=2) | loss=0.6820
  [Client  5] Round 2 | Hier-pFedMe(λ2=35.0,K=2) | loss=0.4436
  [Client  4] Round 2 | Hier-pFedMe(λ2=35.0,K=2) | loss=0.5849
  [Client  7] Round 2 | Hier-pFedMe(λ2=35.0,K=2) | loss=1.0535
  [Client  2] Round 2 | Hier-pFedMe(λ2=35.0,K=2) | loss=0.8080
  [Edge 0] G2 | E3 | loss=0.6190
  [Edge 0] G2 | E4 | Hier-pFedMe | Selected 10/10
  [Client  6] Round 2 | Hier-pFedMe(λ2=35.0,K=2) | loss=0.5641  [Client  2] Round 2 | Hier-pFedMe(λ2=35.0,K=2) | loss=0.4888

  [Client  5] Round 2 | Hier-pFedMe(λ2=35.0,K=2) | loss=0.4069
  [Client  1] Round 2 | Hier-pFedMe(λ2=35.0,K=2) | loss=1.0590
  [Client  8] Round 2 | Hier-pFedMe(λ2=35.0,K=2) | loss=0.0001
  [Client  0] Round 2 | Hier-pFedMe(λ2=35.0,K=2) | loss=0.8002
  [Client  4] Round 2 | Hier-pFedMe(λ2=35.0,K=2) | loss=0.5596
  [Client  7] Round 2 | Hier-pFedMe(λ2=35.0,K=2) | loss=0.3935
  [Client  3] Round 2 | Hier-pFedMe(λ2=35.0,K=2) | loss=0.2314
  [Client  9] Round 2 | Hier-pFedMe(λ2=35.0,K=2) | loss=0.0000
  [Edge 0] G2 | E4 | loss=0.5004
  [Edge 0] G2 | E5 | Hier-pFedMe | Selected 10/10
  [Client  5] Round 2 | Hier-pFedMe(λ2=35.0,K=2) | loss=0.7418
  [Client  1] Round 2 | Hier-pFedMe(λ2=35.0,K=2) | loss=0.8696
  [Client  2] Round 2 | Hier-pFedMe(λ2=35.0,K=2) | loss=0.2876
  [Client  6] Round 2 | Hier-pFedMe(λ2=35.0,K=2) | loss=0.4692
  [Client  9] Round 2 | Hier-pFedMe(λ2=35.0,K=2) | loss=0.0001
  [Client  3] Round 2 | Hier-pFedMe(λ2=35.0,K=2) | loss=1.4065
  [Client  8] Round 2 | Hier-pFedMe(λ2=35.0,K=2) | loss=0.0000
  [Client  7] Round 2 | Hier-pFedMe(λ2=35.0,K=2) | loss=1.3518
  [Client  4] Round 2 | Hier-pFedMe(λ2=35.0,K=2) | loss=0.4101
  [Client  0] Round 2 | Hier-pFedMe(λ2=35.0,K=2) | loss=0.2214
  [Edge 0] G2 | E5 | loss=0.6398
  [Edge 1] G2 | E1 | Hier-pFedMe | Selected 10/10
  [Client 16] Round 2 | Hier-pFedMe(λ2=35.0,K=2) | loss=0.5733
  [Client 14] Round 2 | Hier-pFedMe(λ2=35.0,K=2) | loss=0.7614
  [Client 17] Round 2 | Hier-pFedMe(λ2=35.0,K=2) | loss=0.7266
  [Client 11] Round 2 | Hier-pFedMe(λ2=35.0,K=2) | loss=1.1753
  [Client 13] Round 2 | Hier-pFedMe(λ2=35.0,K=2) | loss=0.5816
  [Client 19] Round 2 | Hier-pFedMe(λ2=35.0,K=2) | loss=0.2317
  [Client 12] Round 2 | Hier-pFedMe(λ2=35.0,K=2) | loss=0.4080
  [Client 10] Round 2 | Hier-pFedMe(λ2=35.0,K=2) | loss=0.5358
  [Client 18] Round 2 | Hier-pFedMe(λ2=35.0,K=2) | loss=0.3129
  [Client 15] Round 2 | Hier-pFedMe(λ2=35.0,K=2) | loss=1.5688
  [Edge 1] G2 | E1 | loss=0.6875
  [Edge 1] G2 | E2 | Hier-pFedMe | Selected 10/10
  [Client 10] Round 2 | Hier-pFedMe(λ2=35.0,K=2) | loss=0.2370
  [Client 13] Round 2 | Hier-pFedMe(λ2=35.0,K=2) | loss=0.5525
  [Client 12] Round 2 | Hier-pFedMe(λ2=35.0,K=2) | loss=0.3474
  [Client 11] Round 2 | Hier-pFedMe(λ2=35.0,K=2) | loss=1.1994
  [Client 19] Round 2 | Hier-pFedMe(λ2=35.0,K=2) | loss=0.1768
  [Client 17] Round 2 | Hier-pFedMe(λ2=35.0,K=2) | loss=2.0098
  [Client 16] Round 2 | Hier-pFedMe(λ2=35.0,K=2) | loss=0.9172
  [Client 18] Round 2 | Hier-pFedMe(λ2=35.0,K=2) | loss=0.4823
  [Client 15] Round 2 | Hier-pFedMe(λ2=35.0,K=2) | loss=0.3123
  [Client 14] Round 2 | Hier-pFedMe(λ2=35.0,K=2) | loss=0.6213
  [Edge 1] G2 | E2 | loss=0.6856
  [Edge 1] G2 | E3 | Hier-pFedMe | Selected 10/10
  [Client 10] Round 2 | Hier-pFedMe(λ2=35.0,K=2) | loss=0.4694
  [Client 14] Round 2 | Hier-pFedMe(λ2=35.0,K=2) | loss=0.7391
  [Client 12] Round 2 | Hier-pFedMe(λ2=35.0,K=2) | loss=0.6677
  [Client 13] Round 2 | Hier-pFedMe(λ2=35.0,K=2) | loss=0.5258
  [Client 18] Round 2 | Hier-pFedMe(λ2=35.0,K=2) | loss=0.4464
  [Client 17] Round 2 | Hier-pFedMe(λ2=35.0,K=2) | loss=1.0524
  [Client 16] Round 2 | Hier-pFedMe(λ2=35.0,K=2) | loss=0.4140
  [Client 19] Round 2 | Hier-pFedMe(λ2=35.0,K=2) | loss=0.4327
  [Client 15] Round 2 | Hier-pFedMe(λ2=35.0,K=2) | loss=0.9711
  [Client 11] Round 2 | Hier-pFedMe(λ2=35.0,K=2) | loss=0.2572
  [Edge 1] G2 | E3 | loss=0.5976
  [Edge 1] G2 | E4 | Hier-pFedMe | Selected 10/10
  [Client 15] Round 2 | Hier-pFedMe(λ2=35.0,K=2) | loss=0.9961
  [Client 11] Round 2 | Hier-pFedMe(λ2=35.0,K=2) | loss=0.2016
  [Client 19] Round 2 | Hier-pFedMe(λ2=35.0,K=2) | loss=0.5046
  [Client 14] Round 2 | Hier-pFedMe(λ2=35.0,K=2) | loss=0.1950
  [Client 12] Round 2 | Hier-pFedMe(λ2=35.0,K=2) | loss=0.2449
  [Client 10] Round 2 | Hier-pFedMe(λ2=35.0,K=2) | loss=0.2182
  [Client 17] Round 2 | Hier-pFedMe(λ2=35.0,K=2) | loss=1.1455
  [Client 13] Round 2 | Hier-pFedMe(λ2=35.0,K=2) | loss=1.3117
  [Client 16] Round 2 | Hier-pFedMe(λ2=35.0,K=2) | loss=0.4191
  [Client 18] Round 2 | Hier-pFedMe(λ2=35.0,K=2) | loss=1.9189
  [Edge 1] G2 | E4 | loss=0.7156
  [Edge 1] G2 | E5 | Hier-pFedMe | Selected 10/10
  [Client 11] Round 2 | Hier-pFedMe(λ2=35.0,K=2) | loss=0.4036
  [Client 14] Round 2 | Hier-pFedMe(λ2=35.0,K=2) | loss=0.2252
  [Client 18] Round 2 | Hier-pFedMe(λ2=35.0,K=2) | loss=1.2908
  [Client 13] Round 2 | Hier-pFedMe(λ2=35.0,K=2) | loss=0.6693
  [Client 17] Round 2 | Hier-pFedMe(λ2=35.0,K=2) | loss=0.3524
  [Client 10] Round 2 | Hier-pFedMe(λ2=35.0,K=2) | loss=0.1802
  [Client 16] Round 2 | Hier-pFedMe(λ2=35.0,K=2) | loss=0.3565
  [Client 15] Round 2 | Hier-pFedMe(λ2=35.0,K=2) | loss=0.7590
  [Client 19] Round 2 | Hier-pFedMe(λ2=35.0,K=2) | loss=0.3789
  [Client 12] Round 2 | Hier-pFedMe(λ2=35.0,K=2) | loss=0.4862
  [Edge 1] G2 | E5 | loss=0.5102
[C0] eval model[0] mean=0.000896 | θ̃ mean=0.000896 | edge mean=0.000712
[C0] n=800 | classes=[3, 6] | acc=0.5663 | per_class={3: '0.32', 6: '0.82'}
[C1] eval model[0] mean=0.000568 | θ̃ mean=0.000568 | edge mean=0.000712
[C1] n=800 | classes=[3, 6] | acc=0.5175 | per_class={3: '1.00', 6: '0.00'}
[C2] eval model[0] mean=0.000426 | θ̃ mean=0.000426 | edge mean=0.000712
[C2] n=800 | classes=[2, 5] | acc=0.5000 | per_class={2: '1.00', 5: '0.00'}
[C3] eval model[0] mean=0.000560 | θ̃ mean=0.000560 | edge mean=0.000712
[C3] n=800 | classes=[5, 7] | acc=0.5088 | per_class={5: '1.00', 7: '0.00'}
[C4] eval model[0] mean=0.001311 | θ̃ mean=0.001311 | edge mean=0.000712
[C4] n=800 | classes=[2, 7] | acc=0.5088 | per_class={2: '0.00', 7: '1.00'}
[C5] eval model[0] mean=0.001272 | θ̃ mean=0.001272 | edge mean=0.000712
[C5] n=800 | classes=[2, 4] | acc=0.4763 | per_class={2: '0.00', 4: '1.00'}
[C6] eval model[0] mean=0.000835 | θ̃ mean=0.000835 | edge mean=0.000712
[C6] n=800 | classes=[6, 7] | acc=0.4925 | per_class={6: '1.00', 7: '0.00'}
[C7] eval model[0] mean=0.001634 | θ̃ mean=0.001634 | edge mean=0.000712
[C7] n=800 | classes=[3, 5] | acc=0.5238 | per_class={3: '0.00', 5: '1.00'}
[C8] eval model[0] mean=0.000740 | θ̃ mean=0.000740 | edge mean=0.000712
[C8] n=400 | classes=[4] | acc=1.0000 | per_class={4: '1.00'}
[C9] eval model[0] mean=0.000730 | θ̃ mean=0.000730 | edge mean=0.000712
[C9] n=400 | classes=[4] | acc=1.0000 | per_class={4: '1.00'}
[C10] eval model[0] mean=0.000709 | θ̃ mean=0.000709 | edge mean=0.000583
[C10] n=480 | classes=[8, 9] | acc=0.5604 | per_class={8: '0.19', 9: '0.91'}
[C11] eval model[0] mean=0.000243 | θ̃ mean=0.000243 | edge mean=0.000583
[C11] n=480 | classes=[0, 1] | acc=0.4875 | per_class={0: '0.00', 1: '1.00'}
[C12] eval model[0] mean=0.000567 | θ̃ mean=0.000567 | edge mean=0.000583
[C12] n=480 | classes=[1, 8] | acc=0.6917 | per_class={1: '0.80', 8: '0.58'}
[C13] eval model[0] mean=0.000873 | θ̃ mean=0.000873 | edge mean=0.000583
[C13] n=480 | classes=[0, 8] | acc=0.4875 | per_class={0: '0.00', 8: '1.00'}
[C14] eval model[0] mean=0.000581 | θ̃ mean=0.000581 | edge mean=0.000583
[C14] n=480 | classes=[0, 9] | acc=0.5354 | per_class={0: '0.10', 9: '0.98'}
[C15] eval model[0] mean=0.000975 | θ̃ mean=0.000975 | edge mean=0.000583
[C15] n=480 | classes=[0, 8] | acc=0.5125 | per_class={0: '1.00', 8: '0.00'}
[C16] eval model[0] mean=0.000685 | θ̃ mean=0.000685 | edge mean=0.000583
[C16] n=480 | classes=[1, 8] | acc=0.6729 | per_class={1: '0.72', 8: '0.63'}
[C17] eval model[0] mean=0.000494 | θ̃ mean=0.000494 | edge mean=0.000583
[C17] n=480 | classes=[1, 9] | acc=0.4958 | per_class={1: '0.00', 9: '1.00'}
[C18] eval model[0] mean=0.000707 | θ̃ mean=0.000707 | edge mean=0.000583
[C18] n=480 | classes=[1, 9] | acc=0.4917 | per_class={1: '0.00', 9: '1.00'}
[C19] eval model[0] mean=0.000093 | θ̃ mean=0.000093 | edge mean=0.000583
[C19] n=480 | classes=[0, 9] | acc=0.4896 | per_class={0: '1.00', 9: '0.00'}
  [Cloud] GM=0.1043 | EM=0.2162 PM=0.5566 | loss=2.3222 | time=37.6s | comm=4556.2MB (total=9112MB)

[Round   3] Broadcasting to 2 edges...
  [Edge 0] G3 | E1 | Hier-pFedMe | Selected 10/10
  [Client  9] Round 3 | Hier-pFedMe(λ2=35.0,K=2) | loss=0.0000
  [Client  4] Round 3 | Hier-pFedMe(λ2=35.0,K=2) | loss=0.3963
  [Client  3] Round 3 | Hier-pFedMe(λ2=35.0,K=2) | loss=0.2632
  [Client  6] Round 3 | Hier-pFedMe(λ2=35.0,K=2) | loss=0.3516
  [Client  5] Round 3 | Hier-pFedMe(λ2=35.0,K=2) | loss=0.7513
  [Client  1] Round 3 | Hier-pFedMe(λ2=35.0,K=2) | loss=0.7622
  [Client  0] Round 3 | Hier-pFedMe(λ2=35.0,K=2) | loss=0.9604
  [Client  7] Round 3 | Hier-pFedMe(λ2=35.0,K=2) | loss=0.3590
  [Client  2] Round 3 | Hier-pFedMe(λ2=35.0,K=2) | loss=0.3486
  [Client  8] Round 3 | Hier-pFedMe(λ2=35.0,K=2) | loss=0.0000
  [Edge 0] G3 | E1 | loss=0.4658
  [Edge 0] G3 | E2 | Hier-pFedMe | Selected 10/10
  [Client  4] Round 3 | Hier-pFedMe(λ2=35.0,K=2) | loss=0.7284
  [Client  6] Round 3 | Hier-pFedMe(λ2=35.0,K=2) | loss=1.2003
  [Client  9] Round 3 | Hier-pFedMe(λ2=35.0,K=2) | loss=0.0003  [Client  5] Round 3 | Hier-pFedMe(λ2=35.0,K=2) | loss=0.9842

  [Client  7] Round 3 | Hier-pFedMe(λ2=35.0,K=2) | loss=1.1811
  [Client  8] Round 3 | Hier-pFedMe(λ2=35.0,K=2) | loss=0.0001
  [Client  1] Round 3 | Hier-pFedMe(λ2=35.0,K=2) | loss=0.4362
  [Client  0] Round 3 | Hier-pFedMe(λ2=35.0,K=2) | loss=0.6192
  [Client  3] Round 3 | Hier-pFedMe(λ2=35.0,K=2) | loss=1.0614
  [Client  2] Round 3 | Hier-pFedMe(λ2=35.0,K=2) | loss=0.6271
  [Edge 0] G3 | E2 | loss=0.7598
  [Edge 0] G3 | E3 | Hier-pFedMe | Selected 10/10
  [Client  5] Round 3 | Hier-pFedMe(λ2=35.0,K=2) | loss=0.8897
  [Client  6] Round 3 | Hier-pFedMe(λ2=35.0,K=2) | loss=0.2808
  [Client  7] Round 3 | Hier-pFedMe(λ2=35.0,K=2) | loss=0.5775
  [Client  9] Round 3 | Hier-pFedMe(λ2=35.0,K=2) | loss=0.0005
  [Client  4] Round 3 | Hier-pFedMe(λ2=35.0,K=2) | loss=0.2441
  [Client  1] Round 3 | Hier-pFedMe(λ2=35.0,K=2) | loss=0.9287
  [Client  2] Round 3 | Hier-pFedMe(λ2=35.0,K=2) | loss=0.2240
  [Client  0] Round 3 | Hier-pFedMe(λ2=35.0,K=2) | loss=0.9116
  [Client  3] Round 3 | Hier-pFedMe(λ2=35.0,K=2) | loss=0.2693
  [Client  8] Round 3 | Hier-pFedMe(λ2=35.0,K=2) | loss=0.0002
  [Edge 0] G3 | E3 | loss=0.4807
  [Edge 0] G3 | E4 | Hier-pFedMe | Selected 10/10
  [Client  7] Round 3 | Hier-pFedMe(λ2=35.0,K=2) | loss=0.5888
  [Client  0] Round 3 | Hier-pFedMe(λ2=35.0,K=2) | loss=0.3632
  [Client  8] Round 3 | Hier-pFedMe(λ2=35.0,K=2) | loss=0.0001
  [Client  1] Round 3 | Hier-pFedMe(λ2=35.0,K=2) | loss=0.5352
  [Client  2] Round 3 | Hier-pFedMe(λ2=35.0,K=2) | loss=0.3733
  [Client  3] Round 3 | Hier-pFedMe(λ2=35.0,K=2) | loss=0.7555
  [Client  9] Round 3 | Hier-pFedMe(λ2=35.0,K=2) | loss=0.0001
  [Client  6] Round 3 | Hier-pFedMe(λ2=35.0,K=2) | loss=0.5515
  [Client  5] Round 3 | Hier-pFedMe(λ2=35.0,K=2) | loss=0.4873
  [Client  4] Round 3 | Hier-pFedMe(λ2=35.0,K=2) | loss=1.6622
  [Edge 0] G3 | E4 | loss=0.5908
  [Edge 0] G3 | E5 | Hier-pFedMe | Selected 10/10
  [Client  4] Round 3 | Hier-pFedMe(λ2=35.0,K=2) | loss=0.8180
  [Client  9] Round 3 | Hier-pFedMe(λ2=35.0,K=2) | loss=0.0003
  [Client  0] Round 3 | Hier-pFedMe(λ2=35.0,K=2) | loss=0.7664
  [Client  5] Round 3 | Hier-pFedMe(λ2=35.0,K=2) | loss=0.3298
  [Client  3] Round 3 | Hier-pFedMe(λ2=35.0,K=2) | loss=0.4542
  [Client  7] Round 3 | Hier-pFedMe(λ2=35.0,K=2) | loss=0.5925
  [Client  2] Round 3 | Hier-pFedMe(λ2=35.0,K=2) | loss=0.7613
  [Client  6] Round 3 | Hier-pFedMe(λ2=35.0,K=2) | loss=0.3621
  [Client  1] Round 3 | Hier-pFedMe(λ2=35.0,K=2) | loss=0.3290
  [Client  8] Round 3 | Hier-pFedMe(λ2=35.0,K=2) | loss=0.0001
  [Edge 0] G3 | E5 | loss=0.4904
  [Edge 1] G3 | E1 | Hier-pFedMe | Selected 10/10
  [Client 11] Round 3 | Hier-pFedMe(λ2=35.0,K=2) | loss=0.2765
  [Client 12] Round 3 | Hier-pFedMe(λ2=35.0,K=2) | loss=0.4680
  [Client 17] Round 3 | Hier-pFedMe(λ2=35.0,K=2) | loss=0.9447
  [Client 18] Round 3 | Hier-pFedMe(λ2=35.0,K=2) | loss=0.8505
  [Client 10] Round 3 | Hier-pFedMe(λ2=35.0,K=2) | loss=0.2835
  [Client 15] Round 3 | Hier-pFedMe(λ2=35.0,K=2) | loss=0.3950
  [Client 19] Round 3 | Hier-pFedMe(λ2=35.0,K=2) | loss=1.1134
  [Client 13] Round 3 | Hier-pFedMe(λ2=35.0,K=2) | loss=0.3628
  [Client 14] Round 3 | Hier-pFedMe(λ2=35.0,K=2) | loss=0.1095
  [Client 16] Round 3 | Hier-pFedMe(λ2=35.0,K=2) | loss=0.2071
  [Edge 1] G3 | E1 | loss=0.5011
  [Edge 1] G3 | E2 | Hier-pFedMe | Selected 10/10
  [Client 12] Round 3 | Hier-pFedMe(λ2=35.0,K=2) | loss=0.2503
  [Client 10] Round 3 | Hier-pFedMe(λ2=35.0,K=2) | loss=0.2080
  [Client 13] Round 3 | Hier-pFedMe(λ2=35.0,K=2) | loss=0.2614
  [Client 15] Round 3 | Hier-pFedMe(λ2=35.0,K=2) | loss=0.2349
  [Client 17] Round 3 | Hier-pFedMe(λ2=35.0,K=2) | loss=0.1747
  [Client 16] Round 3 | Hier-pFedMe(λ2=35.0,K=2) | loss=0.5009
  [Client 19] Round 3 | Hier-pFedMe(λ2=35.0,K=2) | loss=0.8524
  [Client 18] Round 3 | Hier-pFedMe(λ2=35.0,K=2) | loss=0.6907
  [Client 14] Round 3 | Hier-pFedMe(λ2=35.0,K=2) | loss=0.2728
  [Client 11] Round 3 | Hier-pFedMe(λ2=35.0,K=2) | loss=0.3972
  [Edge 1] G3 | E2 | loss=0.3843
  [Edge 1] G3 | E3 | Hier-pFedMe | Selected 10/10
  [Client 15] Round 3 | Hier-pFedMe(λ2=35.0,K=2) | loss=0.5922
  [Client 17] Round 3 | Hier-pFedMe(λ2=35.0,K=2) | loss=0.2712
  [Client 10] Round 3 | Hier-pFedMe(λ2=35.0,K=2) | loss=1.5891
  [Client 16] Round 3 | Hier-pFedMe(λ2=35.0,K=2) | loss=0.2487
  [Client 12] Round 3 | Hier-pFedMe(λ2=35.0,K=2) | loss=0.8499
  [Client 14] Round 3 | Hier-pFedMe(λ2=35.0,K=2) | loss=1.8578
  [Client 19] Round 3 | Hier-pFedMe(λ2=35.0,K=2) | loss=0.7146
  [Client 18] Round 3 | Hier-pFedMe(λ2=35.0,K=2) | loss=0.7847
  [Client 13] Round 3 | Hier-pFedMe(λ2=35.0,K=2) | loss=0.4497
  [Client 11] Round 3 | Hier-pFedMe(λ2=35.0,K=2) | loss=0.3508
  [Edge 1] G3 | E3 | loss=0.7709
  [Edge 1] G3 | E4 | Hier-pFedMe | Selected 10/10
  [Client 10] Round 3 | Hier-pFedMe(λ2=35.0,K=2) | loss=1.3521
  [Client 19] Round 3 | Hier-pFedMe(λ2=35.0,K=2) | loss=1.7033
  [Client 13] Round 3 | Hier-pFedMe(λ2=35.0,K=2) | loss=0.5400
  [Client 15] Round 3 | Hier-pFedMe(λ2=35.0,K=2) | loss=0.4172
  [Client 17] Round 3 | Hier-pFedMe(λ2=35.0,K=2) | loss=1.2762
  [Client 16] Round 3 | Hier-pFedMe(λ2=35.0,K=2) | loss=0.3900
  [Client 12] Round 3 | Hier-pFedMe(λ2=35.0,K=2) | loss=0.3631
  [Client 11] Round 3 | Hier-pFedMe(λ2=35.0,K=2) | loss=0.3999
  [Client 14] Round 3 | Hier-pFedMe(λ2=35.0,K=2) | loss=1.7561
  [Client 18] Round 3 | Hier-pFedMe(λ2=35.0,K=2) | loss=1.9197
  [Edge 1] G3 | E4 | loss=1.0118
  [Edge 1] G3 | E5 | Hier-pFedMe | Selected 10/10
  [Client 10] Round 3 | Hier-pFedMe(λ2=35.0,K=2) | loss=1.2990
  [Client 12] Round 3 | Hier-pFedMe(λ2=35.0,K=2) | loss=0.6032
  [Client 14] Round 3 | Hier-pFedMe(λ2=35.0,K=2) | loss=0.2505
  [Client 13] Round 3 | Hier-pFedMe(λ2=35.0,K=2) | loss=0.3316
  [Client 19] Round 3 | Hier-pFedMe(λ2=35.0,K=2) | loss=0.8309
  [Client 11] Round 3 | Hier-pFedMe(λ2=35.0,K=2) | loss=0.7050
  [Client 17] Round 3 | Hier-pFedMe(λ2=35.0,K=2) | loss=1.3958
  [Client 15] Round 3 | Hier-pFedMe(λ2=35.0,K=2) | loss=0.5735
  [Client 18] Round 3 | Hier-pFedMe(λ2=35.0,K=2) | loss=0.7782
  [Client 16] Round 3 | Hier-pFedMe(λ2=35.0,K=2) | loss=0.4122
  [Edge 1] G3 | E5 | loss=0.7180
[C0] eval model[0] mean=0.000514 | θ̃ mean=0.000514 | edge mean=0.000591
[C0] n=800 | classes=[3, 6] | acc=0.5088 | per_class={3: '1.00', 6: '0.00'}
[C1] eval model[0] mean=0.000624 | θ̃ mean=0.000624 | edge mean=0.000591
[C1] n=800 | classes=[3, 6] | acc=0.4825 | per_class={3: '0.00', 6: '1.00'}
[C2] eval model[0] mean=0.000820 | θ̃ mean=0.000820 | edge mean=0.000591
[C2] n=800 | classes=[2, 5] | acc=0.5000 | per_class={2: '1.00', 5: '0.00'}
[C3] eval model[0] mean=0.000120 | θ̃ mean=0.000120 | edge mean=0.000591
[C3] n=800 | classes=[5, 7] | acc=0.5075 | per_class={5: '0.99', 7: '0.01'}
[C4] eval model[0] mean=0.000753 | θ̃ mean=0.000753 | edge mean=0.000591
[C4] n=800 | classes=[2, 7] | acc=0.4913 | per_class={2: '1.00', 7: '0.00'}
[C5] eval model[0] mean=0.000229 | θ̃ mean=0.000229 | edge mean=0.000591
[C5] n=800 | classes=[2, 4] | acc=0.5238 | per_class={2: '1.00', 4: '0.00'}
[C6] eval model[0] mean=0.000309 | θ̃ mean=0.000309 | edge mean=0.000591
[C6] n=800 | classes=[6, 7] | acc=0.4925 | per_class={6: '1.00', 7: '0.00'}
[C7] eval model[0] mean=0.000276 | θ̃ mean=0.000276 | edge mean=0.000591
[C7] n=800 | classes=[3, 5] | acc=0.5238 | per_class={3: '0.00', 5: '1.00'}
[C8] eval model[0] mean=0.000529 | θ̃ mean=0.000529 | edge mean=0.000591
[C8] n=400 | classes=[4] | acc=1.0000 | per_class={4: '1.00'}
[C9] eval model[0] mean=0.000656 | θ̃ mean=0.000656 | edge mean=0.000591
[C9] n=400 | classes=[4] | acc=1.0000 | per_class={4: '1.00'}
[C10] eval model[0] mean=0.000873 | θ̃ mean=0.000873 | edge mean=0.000741
[C10] n=480 | classes=[8, 9] | acc=0.5083 | per_class={8: '0.00', 9: '1.00'}
[C11] eval model[0] mean=0.001028 | θ̃ mean=0.001028 | edge mean=0.000741
[C11] n=480 | classes=[0, 1] | acc=0.5125 | per_class={0: '1.00', 1: '0.00'}
[C12] eval model[0] mean=0.000590 | θ̃ mean=0.000590 | edge mean=0.000741
[C12] n=480 | classes=[1, 8] | acc=0.4896 | per_class={1: '1.00', 8: '0.00'}
[C13] eval model[0] mean=0.000811 | θ̃ mean=0.000811 | edge mean=0.000741
[C13] n=480 | classes=[0, 8] | acc=0.5125 | per_class={0: '1.00', 8: '0.00'}
[C14] eval model[0] mean=0.000911 | θ̃ mean=0.000911 | edge mean=0.000741
[C14] n=480 | classes=[0, 9] | acc=0.6771 | per_class={0: '0.44', 9: '0.92'}
[C15] eval model[0] mean=-0.000067 | θ̃ mean=-0.000067 | edge mean=0.000741
[C15] n=480 | classes=[0, 8] | acc=0.5667 | per_class={0: '0.54', 8: '0.59'}
[C16] eval model[0] mean=0.000497 | θ̃ mean=0.000497 | edge mean=0.000741
[C16] n=480 | classes=[1, 8] | acc=0.5083 | per_class={1: '0.00', 8: '1.00'}
[C17] eval model[0] mean=0.000833 | θ̃ mean=0.000833 | edge mean=0.000741
[C17] n=480 | classes=[1, 9] | acc=0.4958 | per_class={1: '0.00', 9: '1.00'}
[C18] eval model[0] mean=-0.000002 | θ̃ mean=-0.000002 | edge mean=0.000741
[C18] n=480 | classes=[1, 9] | acc=0.4917 | per_class={1: '0.00', 9: '1.00'}
[C19] eval model[0] mean=0.001010 | θ̃ mean=0.001010 | edge mean=0.000741
[C19] n=480 | classes=[0, 9] | acc=0.5104 | per_class={0: '0.00', 9: '1.00'}
  [Cloud] GM=0.1229 | EM=0.2155 PM=0.5463 | loss=2.3171 | time=37.6s | comm=4556.2MB (total=13669MB)

[Round   4] Broadcasting to 2 edges...
  [Edge 0] G4 | E1 | Hier-pFedMe | Selected 10/10
  [Client  7] Round 4 | Hier-pFedMe(λ2=35.0,K=2) | loss=0.3729
  [Client  2] Round 4 | Hier-pFedMe(λ2=35.0,K=2) | loss=0.3201
  [Client  5] Round 4 | Hier-pFedMe(λ2=35.0,K=2) | loss=0.9128
  [Client  6] Round 4 | Hier-pFedMe(λ2=35.0,K=2) | loss=0.4457
  [Client  1] Round 4 | Hier-pFedMe(λ2=35.0,K=2) | loss=0.8412
  [Client  8] Round 4 | Hier-pFedMe(λ2=35.0,K=2) | loss=0.0002
  [Client  0] Round 4 | Hier-pFedMe(λ2=35.0,K=2) | loss=0.4389
  [Client  4] Round 4 | Hier-pFedMe(λ2=35.0,K=2) | loss=0.4402
  [Client  9] Round 4 | Hier-pFedMe(λ2=35.0,K=2) | loss=0.0010
  [Client  3] Round 4 | Hier-pFedMe(λ2=35.0,K=2) | loss=0.4938
  [Edge 0] G4 | E1 | loss=0.4740
  [Edge 0] G4 | E2 | Hier-pFedMe | Selected 10/10
  [Client  4] Round 4 | Hier-pFedMe(λ2=35.0,K=2) | loss=0.2886
  [Client  1] Round 4 | Hier-pFedMe(λ2=35.0,K=2) | loss=0.4114
  [Client  6] Round 4 | Hier-pFedMe(λ2=35.0,K=2) | loss=0.2918
  [Client  2] Round 4 | Hier-pFedMe(λ2=35.0,K=2) | loss=0.5611
  [Client  3] Round 4 | Hier-pFedMe(λ2=35.0,K=2) | loss=0.3854
  [Client  5] Round 4 | Hier-pFedMe(λ2=35.0,K=2) | loss=0.5604
  [Client  9] Round 4 | Hier-pFedMe(λ2=35.0,K=2) | loss=0.0011
  [Client  0] Round 4 | Hier-pFedMe(λ2=35.0,K=2) | loss=0.4911
  [Client  8] Round 4 | Hier-pFedMe(λ2=35.0,K=2) | loss=0.0007
  [Client  7] Round 4 | Hier-pFedMe(λ2=35.0,K=2) | loss=0.3068
  [Edge 0] G4 | E2 | loss=0.3664
  [Edge 0] G4 | E3 | Hier-pFedMe | Selected 10/10
  [Client  8] Round 4 | Hier-pFedMe(λ2=35.0,K=2) | loss=0.0010
  [Client  2] Round 4 | Hier-pFedMe(λ2=35.0,K=2) | loss=0.2421
  [Client  6] Round 4 | Hier-pFedMe(λ2=35.0,K=2) | loss=0.2152
  [Client  3] Round 4 | Hier-pFedMe(λ2=35.0,K=2) | loss=0.5247
  [Client  7] Round 4 | Hier-pFedMe(λ2=35.0,K=2) | loss=0.7890
  [Client  0] Round 4 | Hier-pFedMe(λ2=35.0,K=2) | loss=0.1739  [Client  1] Round 4 | Hier-pFedMe(λ2=35.0,K=2) | loss=0.3793

  [Client  9] Round 4 | Hier-pFedMe(λ2=35.0,K=2) | loss=0.0008
  [Client  5] Round 4 | Hier-pFedMe(λ2=35.0,K=2) | loss=0.7174
  [Client  4] Round 4 | Hier-pFedMe(λ2=35.0,K=2) | loss=0.9025
  [Edge 0] G4 | E3 | loss=0.4383
  [Edge 0] G4 | E4 | Hier-pFedMe | Selected 10/10
  [Client  4] Round 4 | Hier-pFedMe(λ2=35.0,K=2) | loss=0.4304
  [Client  9] Round 4 | Hier-pFedMe(λ2=35.0,K=2) | loss=0.0003
  [Client  2] Round 4 | Hier-pFedMe(λ2=35.0,K=2) | loss=0.1522
  [Client  7] Round 4 | Hier-pFedMe(λ2=35.0,K=2) | loss=0.8361
  [Client  0] Round 4 | Hier-pFedMe(λ2=35.0,K=2) | loss=0.3197
  [Client  6] Round 4 | Hier-pFedMe(λ2=35.0,K=2) | loss=0.2972
  [Client  1] Round 4 | Hier-pFedMe(λ2=35.0,K=2) | loss=0.8412
  [Client  3] Round 4 | Hier-pFedMe(λ2=35.0,K=2) | loss=0.3512
  [Client  8] Round 4 | Hier-pFedMe(λ2=35.0,K=2) | loss=0.0003
  [Client  5] Round 4 | Hier-pFedMe(λ2=35.0,K=2) | loss=0.8087
  [Edge 0] G4 | E4 | loss=0.4486
  [Edge 0] G4 | E5 | Hier-pFedMe | Selected 10/10
  [Client  2] Round 4 | Hier-pFedMe(λ2=35.0,K=2) | loss=0.6252
  [Client  1] Round 4 | Hier-pFedMe(λ2=35.0,K=2) | loss=0.3055
  [Client  4] Round 4 | Hier-pFedMe(λ2=35.0,K=2) | loss=0.3401
  [Client  8] Round 4 | Hier-pFedMe(λ2=35.0,K=2) | loss=0.0004
  [Client  5] Round 4 | Hier-pFedMe(λ2=35.0,K=2) | loss=0.3100
  [Client  9] Round 4 | Hier-pFedMe(λ2=35.0,K=2) | loss=0.0007
  [Client  0] Round 4 | Hier-pFedMe(λ2=35.0,K=2) | loss=0.2033
  [Client  3] Round 4 | Hier-pFedMe(λ2=35.0,K=2) | loss=0.2913
  [Client  7] Round 4 | Hier-pFedMe(λ2=35.0,K=2) | loss=0.6771
  [Client  6] Round 4 | Hier-pFedMe(λ2=35.0,K=2) | loss=0.3085
  [Edge 0] G4 | E5 | loss=0.3402
  [Edge 1] G4 | E1 | Hier-pFedMe | Selected 10/10
  [Client 10] Round 4 | Hier-pFedMe(λ2=35.0,K=2) | loss=0.2072
  [Client 14] Round 4 | Hier-pFedMe(λ2=35.0,K=2) | loss=0.3059
  [Client 13] Round 4 | Hier-pFedMe(λ2=35.0,K=2) | loss=0.3926
  [Client 17] Round 4 | Hier-pFedMe(λ2=35.0,K=2) | loss=0.3019
  [Client 11] Round 4 | Hier-pFedMe(λ2=35.0,K=2) | loss=0.5536
  [Client 12] Round 4 | Hier-pFedMe(λ2=35.0,K=2) | loss=0.3007
  [Client 18] Round 4 | Hier-pFedMe(λ2=35.0,K=2) | loss=0.3248
  [Client 19] Round 4 | Hier-pFedMe(λ2=35.0,K=2) | loss=0.1563
  [Client 16] Round 4 | Hier-pFedMe(λ2=35.0,K=2) | loss=0.5513
  [Client 15] Round 4 | Hier-pFedMe(λ2=35.0,K=2) | loss=1.0031
  [Edge 1] G4 | E1 | loss=0.4097
  [Edge 1] G4 | E2 | Hier-pFedMe | Selected 10/10
  [Client 17] Round 4 | Hier-pFedMe(λ2=35.0,K=2) | loss=0.6381
  [Client 16] Round 4 | Hier-pFedMe(λ2=35.0,K=2) | loss=0.2173
  [Client 10] Round 4 | Hier-pFedMe(λ2=35.0,K=2) | loss=1.3036
  [Client 11] Round 4 | Hier-pFedMe(λ2=35.0,K=2) | loss=0.5538
  [Client 15] Round 4 | Hier-pFedMe(λ2=35.0,K=2) | loss=0.4327
  [Client 19] Round 4 | Hier-pFedMe(λ2=35.0,K=2) | loss=0.5854
  [Client 12] Round 4 | Hier-pFedMe(λ2=35.0,K=2) | loss=0.4498
  [Client 14] Round 4 | Hier-pFedMe(λ2=35.0,K=2) | loss=0.2594
  [Client 13] Round 4 | Hier-pFedMe(λ2=35.0,K=2) | loss=0.2349
  [Client 18] Round 4 | Hier-pFedMe(λ2=35.0,K=2) | loss=0.6401
  [Edge 1] G4 | E2 | loss=0.5315
  [Edge 1] G4 | E3 | Hier-pFedMe | Selected 10/10
  [Client 10] Round 4 | Hier-pFedMe(λ2=35.0,K=2) | loss=0.2306
  [Client 18] Round 4 | Hier-pFedMe(λ2=35.0,K=2) | loss=0.4280
  [Client 12] Round 4 | Hier-pFedMe(λ2=35.0,K=2) | loss=0.1303
  [Client 14] Round 4 | Hier-pFedMe(λ2=35.0,K=2) | loss=0.1526
  [Client 16] Round 4 | Hier-pFedMe(λ2=35.0,K=2) | loss=0.3062
  [Client 17] Round 4 | Hier-pFedMe(λ2=35.0,K=2) | loss=0.3424
  [Client 19] Round 4 | Hier-pFedMe(λ2=35.0,K=2) | loss=0.2012
  [Client 11] Round 4 | Hier-pFedMe(λ2=35.0,K=2) | loss=0.5176
  [Client 15] Round 4 | Hier-pFedMe(λ2=35.0,K=2) | loss=0.4354
  [Client 13] Round 4 | Hier-pFedMe(λ2=35.0,K=2) | loss=0.4209
  [Edge 1] G4 | E3 | loss=0.3165
  [Edge 1] G4 | E4 | Hier-pFedMe | Selected 10/10
  [Client 19] Round 4 | Hier-pFedMe(λ2=35.0,K=2) | loss=0.1492
  [Client 17] Round 4 | Hier-pFedMe(λ2=35.0,K=2) | loss=0.3029
  [Client 10] Round 4 | Hier-pFedMe(λ2=35.0,K=2) | loss=0.6503
  [Client 14] Round 4 | Hier-pFedMe(λ2=35.0,K=2) | loss=0.6370
  [Client 16] Round 4 | Hier-pFedMe(λ2=35.0,K=2) | loss=0.5844
  [Client 18] Round 4 | Hier-pFedMe(λ2=35.0,K=2) | loss=0.3413
  [Client 13] Round 4 | Hier-pFedMe(λ2=35.0,K=2) | loss=0.2492
  [Client 11] Round 4 | Hier-pFedMe(λ2=35.0,K=2) | loss=0.1934
  [Client 15] Round 4 | Hier-pFedMe(λ2=35.0,K=2) | loss=0.2219
  [Client 12] Round 4 | Hier-pFedMe(λ2=35.0,K=2) | loss=0.2492
  [Edge 1] G4 | E4 | loss=0.3579
  [Edge 1] G4 | E5 | Hier-pFedMe | Selected 10/10
  [Client 17] Round 4 | Hier-pFedMe(λ2=35.0,K=2) | loss=1.2393
  [Client 14] Round 4 | Hier-pFedMe(λ2=35.0,K=2) | loss=0.9897
  [Client 11] Round 4 | Hier-pFedMe(λ2=35.0,K=2) | loss=0.4705
  [Client 10] Round 4 | Hier-pFedMe(λ2=35.0,K=2) | loss=0.7397
  [Client 13] Round 4 | Hier-pFedMe(λ2=35.0,K=2) | loss=0.6529
  [Client 15] Round 4 | Hier-pFedMe(λ2=35.0,K=2) | loss=0.5377
  [Client 18] Round 4 | Hier-pFedMe(λ2=35.0,K=2) | loss=1.0442
  [Client 19] Round 4 | Hier-pFedMe(λ2=35.0,K=2) | loss=0.5339
  [Client 16] Round 4 | Hier-pFedMe(λ2=35.0,K=2) | loss=0.3190
  [Client 12] Round 4 | Hier-pFedMe(λ2=35.0,K=2) | loss=0.4092
  [Edge 1] G4 | E5 | loss=0.6936
