2026-04-10 05:19:28.216171: I tensorflow/core/util/port.cc:113] oneDNN custom operations are on. You may see slightly different numerical results due to floating-point round-off errors from different computation orders. To turn them off, set the environment variable `TF_ENABLE_ONEDNN_OPTS=0`.
2026-04-10 05:19:28.253197: E external/local_xla/xla/stream_executor/cuda/cuda_dnn.cc:9261] Unable to register cuDNN factory: Attempting to register factory for plugin cuDNN when one has already been registered
2026-04-10 05:19:28.253247: E external/local_xla/xla/stream_executor/cuda/cuda_fft.cc:607] Unable to register cuFFT factory: Attempting to register factory for plugin cuFFT when one has already been registered
2026-04-10 05:19:28.254018: E external/local_xla/xla/stream_executor/cuda/cuda_blas.cc:1515] Unable to register cuBLAS factory: Attempting to register factory for plugin cuBLAS when one has already been registered
2026-04-10 05:19:39.932554: I tensorflow/core/util/port.cc:113] oneDNN custom operations are on. You may see slightly different numerical results due to floating-point round-off errors from different computation orders. To turn them off, set the environment variable `TF_ENABLE_ONEDNN_OPTS=0`.
2026-04-10 05:19:39.967995: E external/local_xla/xla/stream_executor/cuda/cuda_dnn.cc:9261] Unable to register cuDNN factory: Attempting to register factory for plugin cuDNN when one has already been registered
2026-04-10 05:19:39.968041: E external/local_xla/xla/stream_executor/cuda/cuda_fft.cc:607] Unable to register cuFFT factory: Attempting to register factory for plugin cuFFT when one has already been registered
2026-04-10 05:19:39.968795: E external/local_xla/xla/stream_executor/cuda/cuda_blas.cc:1515] Unable to register cuBLAS factory: Attempting to register factory for plugin cuBLAS when one has already been registered
2026-04-10 05:19:47.264756: I tensorflow/core/util/port.cc:113] oneDNN custom operations are on. You may see slightly different numerical results due to floating-point round-off errors from different computation orders. To turn them off, set the environment variable `TF_ENABLE_ONEDNN_OPTS=0`.
2026-04-10 05:19:47.300041: E external/local_xla/xla/stream_executor/cuda/cuda_dnn.cc:9261] Unable to register cuDNN factory: Attempting to register factory for plugin cuDNN when one has already been registered
2026-04-10 05:19:47.300074: E external/local_xla/xla/stream_executor/cuda/cuda_fft.cc:607] Unable to register cuFFT factory: Attempting to register factory for plugin cuFFT when one has already been registered
2026-04-10 05:19:47.300852: E external/local_xla/xla/stream_executor/cuda/cuda_blas.cc:1515] Unable to register cuBLAS factory: Attempting to register factory for plugin cuBLAS when one has already been registered
2026-04-10 05:19:58.086034: I tensorflow/core/common_runtime/gpu/gpu_device.cc:1929] Created device /job:localhost/replica:0/task:0/device:GPU:0 with 43683 MB memory:  -> device: 0, name: NVIDIA A40, pci bus id: 0000:b1:00.0, compute capability: 8.6
wandb: [wandb.login()] Loaded credentials for https://api.wandb.ai from /cephyr/users/ziangg/Alvis/.netrc.
wandb: Currently logged in as: 3445339138 (3445339138-kth-royal-institute-of-technology) to https://api.wandb.ai. Use `wandb login --relogin` to force relogin
wandb: setting up run 9l4taq4x
wandb: Tracking run with wandb version 0.25.1
wandb: Run data is saved locally in /cephyr/users/ziangg/Alvis/tf-dpfl/fedavg/wandb/run-20260410_052015-9l4taq4x
wandb: Run `wandb offline` to turn off syncing.
wandb: Syncing run feddyn_test
wandb: ⭐️ View project at https://wandb.ai/3445339138-kth-royal-institute-of-technology/HierFL-cifar10
wandb: 🚀 View run at https://wandb.ai/3445339138-kth-royal-institute-of-technology/HierFL-cifar10/runs/9l4taq4x
2026-04-10 05:20:22.682807: E tensorflow/core/grappler/optimizers/meta_optimizer.cc:961] layout failed: INVALID_ARGUMENT: Size of values 0 does not match size of permutation 4 @ fanin shape inwideresnet28_4/dropout/dropout/SelectV2-2-TransposeNHWCToNCHW-LayoutOptimizer
2026-04-10 05:20:23.703956: I external/local_xla/xla/stream_executor/cuda/cuda_dnn.cc:454] Loaded cuDNN version 8902
2026-04-10 05:20:26.468257: I external/local_xla/xla/service/service.cc:168] XLA service 0x1468db835fc0 initialized for platform CUDA (this does not guarantee that XLA will be used). Devices:
2026-04-10 05:20:26.468313: I external/local_xla/xla/service/service.cc:176]   StreamExecutor device (0): NVIDIA A40, Compute Capability 8.6
WARNING: All log messages before absl::InitializeLog() is called are written to STDERR
I0000 00:00:1775791226.685523 1428759 device_compiler.h:186] Compiled cluster using XLA!  This line is logged at most once for the lifetime of the process.
2026-04-10 05:21:38.258568: E tensorflow/core/grappler/optimizers/meta_optimizer.cc:961] layout failed: INVALID_ARGUMENT: Size of values 0 does not match size of permutation 4 @ fanin shape inwideresnet28_4/dropout/dropout/SelectV2-2-TransposeNHWCToNCHW-LayoutOptimizer
2026-04-10 05:22:55.228483: E tensorflow/core/grappler/optimizers/meta_optimizer.cc:961] layout failed: INVALID_ARGUMENT: Size of values 0 does not match size of permutation 4 @ fanin shape inwideresnet28_4/dropout/dropout/SelectV2-2-TransposeNHWCToNCHW-LayoutOptimizer
2026-04-10 05:25:38.897899: E tensorflow/core/grappler/optimizers/meta_optimizer.cc:961] layout failed: INVALID_ARGUMENT: Size of values 0 does not match size of permutation 4 @ fanin shape inwideresnet28_4/dropout/dropout/SelectV2-2-TransposeNHWCToNCHW-LayoutOptimizer
wandb: updating run metadata
wandb: uploading history steps 19-19, summary, console lines 461-465
wandb: 
wandb: Run history:
wandb: comm/client_edge_mb ▁▁▁▁▁▁▁▁▁▁▁▁▁▁▁▁▁▁▁▁
wandb:  comm/cloud_edge_mb ▁▁▁▁▁▁▁▁▁▁▁▁▁▁▁▁▁▁▁▁
wandb:  comm/this_round_mb ▁▁▁▁▁▁▁▁▁▁▁▁▁▁▁▁▁▁▁▁
wandb:       comm/total_mb ▁▁▂▂▂▃▃▄▄▄▅▅▅▆▆▇▇▇██
wandb:  perf/avg_edge_loss ███▇▆▆▅▄▄▄▃▂▃▂▂▁▂▁▁▁
wandb:     perf/global_acc ▁▂▂▄▃▄▅▃▅▆▆▅▆▆█▆▇▅▇▅
wandb:    perf/global_loss █▆▆▆█▅▄▇▄▃▂▄▂▂▁▃▂▅▂▄
wandb:               round ▁▁▂▂▂▃▃▄▄▄▅▅▅▆▆▇▇▇██
wandb:   time/client_avg_s █▂▁▂▂▂▂▁▂▁▂▃▂▂▁▂▂▁▁▂
wandb:  time/round_total_s █▂▂▂▂▂▂▁▂▁▂▃▂▂▂▂▂▁▂▂
wandb:                  +1 ...
wandb: 
wandb: Run summary:
wandb: comm/client_edge_mb 419.44733
wandb:  comm/cloud_edge_mb 41.94473
wandb:  comm/this_round_mb 461.39206
wandb:       comm/total_mb 9227.84119
wandb:  perf/avg_edge_loss 0.57411
wandb:     perf/global_acc 0.4789
wandb:    perf/global_loss 1.80993
wandb:               round 20
wandb:   time/client_avg_s 9.05167
wandb:  time/round_total_s 117.22343
wandb:                  +1 ...
wandb: 
wandb: 🚀 View run feddyn_test at: https://wandb.ai/3445339138-kth-royal-institute-of-technology/HierFL-cifar10/runs/9l4taq4x
wandb: ⭐️ View project at: https://wandb.ai/3445339138-kth-royal-institute-of-technology/HierFL-cifar10
wandb: Synced 5 W&B file(s), 0 media file(s), 0 artifact file(s) and 0 other file(s)
wandb: Find logs at: ./wandb/run-20260410_052015-9l4taq4x/logs
