This job can be monitored from: https://job.c3se.chalmers.se/alvis/6597340
========================================
Job ID      : 6597340
Job Name    : HierFLcifar10
Node        : alvis10-04
Start Time  : Thu May  7 06:56:22 CEST 2026
Working Dir : /cephyr/users/ziangg/Alvis/tf-dpfl
========================================
[Setup] Python: /cephyr/users/ziangg/Alvis/tf-dpfl/bin/python
[Setup] TF version: 2.15.1
[Setup] GPU available: [PhysicalDevice(name='/physical_device:GPU:0', device_type='GPU')]
[Config] Override: wandb.enabled = True
[Setup] Random seed: 42
[Setup] Loading dataset...
[Data] CIFAR-10 from Mimer: /mimer/NOBACKUP/Datasets/CIFAR
[Setup] Building global model...
Model: "cifar_cnn_3conv"
_________________________________________________________________
 Layer (type)                Output Shape              Param #   
=================================================================
 input_1 (InputLayer)        [(None, 32, 32, 3)]       0         
                                                                 
 conv2d (Conv2D)             (None, 32, 32, 32)        896       
                                                                 
 batch_normalization (Batch  (None, 32, 32, 32)        128       
 Normalization)                                                  
                                                                 
 re_lu (ReLU)                (None, 32, 32, 32)        0         
                                                                 
 conv2d_1 (Conv2D)           (None, 32, 32, 64)        18496     
                                                                 
 batch_normalization_1 (Bat  (None, 32, 32, 64)        256       
 chNormalization)                                                
                                                                 
 re_lu_1 (ReLU)              (None, 32, 32, 64)        0         
                                                                 
 max_pooling2d (MaxPooling2  (None, 16, 16, 64)        0         
 D)                                                              
                                                                 
 conv2d_2 (Conv2D)           (None, 16, 16, 128)       73856     
                                                                 
 batch_normalization_2 (Bat  (None, 16, 16, 128)       512       
 chNormalization)                                                
                                                                 
 re_lu_2 (ReLU)              (None, 16, 16, 128)       0         
                                                                 
 conv2d_3 (Conv2D)           (None, 16, 16, 128)       147584    
                                                                 
 batch_normalization_3 (Bat  (None, 16, 16, 128)       512       
 chNormalization)                                                
                                                                 
 re_lu_3 (ReLU)              (None, 16, 16, 128)       0         
                                                                 
 max_pooling2d_1 (MaxPoolin  (None, 8, 8, 128)         0         
 g2D)                                                            
                                                                 
 spatial_dropout2d (Spatial  (None, 8, 8, 128)         0         
 Dropout2D)                                                      
                                                                 
 conv2d_4 (Conv2D)           (None, 8, 8, 256)         295168    
                                                                 
 batch_normalization_4 (Bat  (None, 8, 8, 256)         1024      
 chNormalization)                                                
                                                                 
 re_lu_4 (ReLU)              (None, 8, 8, 256)         0         
                                                                 
 conv2d_5 (Conv2D)           (None, 8, 8, 256)         590080    
                                                                 
 batch_normalization_5 (Bat  (None, 8, 8, 256)         1024      
 chNormalization)                                                
                                                                 
 re_lu_5 (ReLU)              (None, 8, 8, 256)         0         
                                                                 
 max_pooling2d_2 (MaxPoolin  (None, 4, 4, 256)         0         
 g2D)                                                            
                                                                 
 flatten (Flatten)           (None, 4096)              0         
                                                                 
 dropout (Dropout)           (None, 4096)              0         
                                                                 
 dense (Dense)               (None, 1024)              4195328   
                                                                 
 dense_1 (Dense)             (None, 512)               524800    
                                                                 
 dropout_1 (Dropout)         (None, 512)               0         
                                                                 
 dense_2 (Dense)             (None, 10)                5130      
                                                                 
=================================================================
Total params: 5854794 (22.33 MB)
Trainable params: 5853066 (22.33 MB)
Non-trainable params: 1728 (6.75 KB)
_________________________________________________________________
[Setup] Building clients...

[Pathological non-IID] 100 clients, 12 classes/client, 10 total classes
Client       Samples    Classes held (cls:count)
------------------------------------------------------------------------
client_0     498        [cls0:41, cls2:84, cls3:42, cls4:41, cls5:83, cls6:125, cls7:41, cls9:41]
client_1     501        [cls0:84, cls1:42, cls4:124, cls5:84, cls8:84, cls9:83]
client_2     500        [cls1:125, cls2:83, cls4:42, cls6:41, cls7:83, cls8:42, cls9:84]
client_3     500        [cls0:42, cls2:125, cls3:42, cls5:124, cls6:42, cls7:42, cls8:42, cls9:41]
client_4     500        [cls1:42, cls2:84, cls3:41, cls5:42, cls6:125, cls9:166]
client_5     500        [cls1:41, cls2:42, cls3:42, cls5:124, cls7:42, cls8:167, cls9:42]
client_6     499        [cls0:83, cls1:83, cls2:42, cls4:83, cls7:208]
client_7     500        [cls0:42, cls2:83, cls3:84, cls4:42, cls5:83, cls6:42, cls7:41, cls9:83]
client_8     499        [cls0:41, cls2:168, cls5:41, cls6:83, cls7:42, cls8:83, cls9:41]
client_9     502        [cls0:42, cls2:126, cls3:41, cls7:83, cls8:126, cls9:84]
client_10    500        [cls0:83, cls2:84, cls4:42, cls5:83, cls6:42, cls7:84, cls8:41, cls9:41]
client_11    501        [cls1:125, cls3:83, cls4:125, cls5:84, cls7:42, cls9:42]
client_12    499        [cls0:83, cls1:125, cls2:42, cls3:83, cls4:41, cls5:42, cls6:42, cls7:41]
client_13    502        [cls0:42, cls1:83, cls2:83, cls3:42, cls5:84, cls6:42, cls8:126]
client_14    502        [cls0:42, cls1:124, cls3:42, cls4:84, cls6:42, cls7:42, cls8:42, cls9:84]
client_15    501        [cls0:42, cls1:83, cls2:84, cls5:42, cls6:42, cls7:42, cls8:124, cls9:42]
client_16    500        [cls0:41, cls2:124, cls3:42, cls4:42, cls5:168, cls7:83]
client_17    501        [cls1:84, cls3:42, cls4:84, cls5:42, cls6:42, cls7:42, cls8:83, cls9:82]
client_18    501        [cls0:41, cls1:42, cls2:84, cls5:84, cls6:166, cls7:42, cls8:42]
client_19    500        [cls0:41, cls2:42, cls3:41, cls4:41, cls5:42, cls6:83, cls8:168, cls9:42]
client_20    499        [cls0:41, cls1:125, cls2:41, cls3:126, cls4:84, cls5:41, cls7:41]
client_21    500        [cls0:42, cls1:41, cls2:42, cls3:42, cls4:167, cls5:41, cls7:42, cls9:83]
client_22    501        [cls0:125, cls1:125, cls4:41, cls5:42, cls7:42, cls8:84, cls9:42]
client_23    500        [cls0:42, cls1:83, cls3:84, cls4:42, cls5:166, cls8:42, cls9:41]
client_24    500        [cls0:42, cls3:166, cls4:83, cls5:83, cls7:42, cls9:84]
client_25    498        [cls0:42, cls2:42, cls4:124, cls5:42, cls7:41, cls8:123, cls9:84]
client_26    501        [cls0:41, cls2:42, cls3:83, cls4:125, cls5:84, cls6:42, cls8:42, cls9:42]
client_27    502        [cls0:124, cls1:84, cls2:42, cls3:42, cls5:42, cls6:84, cls8:84]
client_28    501        [cls0:83, cls2:41, cls3:42, cls4:83, cls5:84, cls6:126, cls8:42]
client_29    500        [cls0:84, cls1:42, cls2:166, cls3:42, cls6:83, cls8:41, cls9:42]
client_30    499        [cls0:42, cls1:42, cls3:41, cls4:41, cls6:41, cls7:42, cls8:208, cls9:42]
client_31    502        [cls0:42, cls1:42, cls2:83, cls3:167, cls6:42, cls7:84, cls9:42]
client_32    501        [cls0:42, cls2:42, cls3:84, cls4:83, cls5:83, cls6:42, cls7:84, cls8:41]
client_33    501        [cls3:42, cls4:42, cls5:84, cls6:83, cls7:42, cls8:125, cls9:83]
client_34    503        [cls2:42, cls3:84, cls5:126, cls6:167, cls7:42, cls8:42]
client_35    501        [cls0:41, cls3:84, cls4:250, cls6:42, cls7:42, cls9:42]
client_36    499        [cls1:84, cls3:42, cls4:42, cls5:82, cls6:124, cls7:83, cls8:42]
client_37    503        [cls0:42, cls1:84, cls2:41, cls3:42, cls5:84, cls6:42, cls8:42, cls9:126]
client_38    502        [cls1:42, cls3:41, cls4:84, cls5:41, cls6:42, cls7:126, cls8:126]
client_39    498        [cls0:84, cls1:82, cls2:83, cls3:42, cls5:83, cls6:42, cls8:41, cls9:41]
client_40    501        [cls1:84, cls2:42, cls3:84, cls4:83, cls5:41, cls8:41, cls9:126]
client_41    501        [cls0:41, cls2:84, cls3:84, cls4:83, cls5:41, cls6:42, cls8:84, cls9:42]
client_42    501        [cls0:126, cls2:84, cls4:41, cls5:83, cls6:42, cls8:41, cls9:84]
client_43    497        [cls0:166, cls1:82, cls2:126, cls6:41, cls7:82]
client_44    500        [cls1:83, cls3:125, cls4:42, cls6:125, cls7:42, cls8:42, cls9:41]
client_45    500        [cls0:42, cls1:125, cls3:41, cls5:126, cls6:42, cls7:83, cls9:41]
client_46    501        [cls0:84, cls1:83, cls2:41, cls4:83, cls5:42, cls6:42, cls8:84, cls9:42]
client_47    501        [cls1:84, cls2:42, cls3:42, cls5:83, cls6:42, cls7:84, cls9:124]
client_48    498        [cls0:42, cls1:41, cls2:41, cls3:166, cls5:83, cls7:41, cls8:42, cls9:42]
client_49    500        [cls2:41, cls3:125, cls4:84, cls5:42, cls7:41, cls8:126, cls9:41]
client_50    500        [cls0:42, cls1:84, cls2:82, cls4:42, cls7:84, cls8:83, cls9:83]
client_51    501        [cls0:83, cls1:42, cls2:42, cls4:42, cls6:42, cls7:42, cls8:166, cls9:42]
client_52    497        [cls0:41, cls1:41, cls2:42, cls3:42, cls5:41, cls6:125, cls7:41, cls8:83, cls9:41]
client_53    501        [cls0:207, cls3:42, cls4:42, cls5:84, cls6:42, cls7:42, cls8:42]
client_54    501        [cls1:41, cls4:42, cls5:42, cls6:125, cls7:42, cls8:83, cls9:126]
client_55    498        [cls0:83, cls1:41, cls2:42, cls3:82, cls4:42, cls6:82, cls7:42, cls8:42, cls9:42]
client_56    503        [cls0:168, cls2:84, cls5:167, cls6:42, cls9:42]
client_57    500        [cls1:42, cls2:125, cls3:83, cls5:83, cls7:83, cls9:84]
client_58    499        [cls0:167, cls3:126, cls6:83, cls7:41, cls9:82]
client_59    502        [cls0:42, cls2:84, cls3:84, cls4:42, cls5:125, cls6:42, cls7:41, cls9:42]
client_60    501        [cls0:42, cls1:83, cls2:42, cls3:41, cls4:42, cls5:42, cls7:84, cls9:125]
client_61    498        [cls0:42, cls1:208, cls3:42, cls4:41, cls6:41, cls7:83, cls8:41]
client_62    498        [cls0:41, cls1:165, cls3:125, cls6:42, cls7:41, cls8:42, cls9:42]
client_63    500        [cls0:126, cls1:42, cls2:83, cls4:83, cls5:83, cls6:41, cls9:42]
client_64    500        [cls0:83, cls1:41, cls2:42, cls5:84, cls6:84, cls8:82, cls9:84]
client_65    497        [cls0:42, cls1:42, cls2:41, cls4:83, cls5:41, cls6:41, cls7:83, cls9:124]
client_66    501        [cls1:42, cls2:126, cls3:41, cls4:83, cls6:84, cls7:41, cls8:42, cls9:42]
client_67    497        [cls0:82, cls1:42, cls2:83, cls4:83, cls5:42, cls6:82, cls7:83]
client_68    503        [cls0:126, cls1:42, cls2:84, cls3:42, cls4:42, cls5:42, cls7:84, cls8:41]
client_69    501        [cls0:42, cls2:83, cls3:42, cls4:42, cls5:41, cls6:83, cls7:42, cls8:42, cls9:84]
client_70    501        [cls0:41, cls1:84, cls3:41, cls4:42, cls5:83, cls6:84, cls7:84, cls8:42]
client_71    502        [cls0:42, cls1:83, cls3:42, cls4:42, cls5:42, cls6:42, cls9:209]
client_72    500        [cls1:42, cls3:124, cls4:42, cls7:84, cls8:167, cls9:41]
client_73    498        [cls0:42, cls1:125, cls3:42, cls4:83, cls6:42, cls7:41, cls8:123]
client_74    503        [cls0:84, cls1:42, cls4:42, cls5:42, cls6:83, cls8:84, cls9:126]
client_75    501        [cls0:42, cls1:167, cls3:42, cls4:124, cls6:42, cls7:42, cls8:42]
client_76    503        [cls0:84, cls1:84, cls2:42, cls3:42, cls4:42, cls5:42, cls6:41, cls7:84, cls9:42]
client_77    498        [cls0:41, cls1:83, cls2:125, cls3:41, cls4:42, cls6:42, cls7:41, cls8:41, cls9:42]
client_78    498        [cls0:82, cls2:41, cls3:82, cls4:84, cls5:41, cls7:42, cls8:126]
client_79    500        [cls1:42, cls2:42, cls3:83, cls4:42, cls6:125, cls7:82, cls8:42, cls9:42]
client_80    499        [cls1:83, cls2:41, cls3:83, cls6:83, cls7:41, cls8:42, cls9:126]
client_81    502        [cls0:84, cls3:41, cls6:42, cls7:210, cls8:125]
client_82    498        [cls0:42, cls2:82, cls3:84, cls4:83, cls5:124, cls6:41, cls8:42]
client_83    496        [cls0:123, cls2:42, cls3:83, cls6:82, cls7:41, cls8:84, cls9:41]
client_84    500        [cls1:167, cls3:41, cls4:84, cls5:84, cls6:41, cls7:42, cls8:41]
client_85    501        [cls2:125, cls3:42, cls4:84, cls6:83, cls7:125, cls8:42]
client_86    499        [cls5:41, cls6:208, cls7:83, cls8:83, cls9:84]
client_87    498        [cls0:83, cls1:84, cls2:83, cls4:83, cls7:83, cls8:82]
client_88    501        [cls0:83, cls2:84, cls3:42, cls4:84, cls5:42, cls7:125, cls9:41]
client_89    500        [cls0:42, cls1:42, cls3:41, cls4:41, cls5:42, cls6:84, cls7:125, cls8:83]
client_90    499        [cls1:84, cls2:42, cls3:83, cls4:42, cls7:165, cls9:83]
client_91    496        [cls0:125, cls2:124, cls4:83, cls5:123, cls9:41]
client_92    500        [cls0:125, cls2:83, cls3:83, cls4:42, cls5:42, cls6:42, cls7:42, cls9:41]
client_93    498        [cls1:83, cls2:82, cls3:124, cls4:42, cls6:84, cls7:42, cls9:41]
client_94    497        [cls1:42, cls2:124, cls4:83, cls6:41, cls8:42, cls9:165]
client_95    499        [cls2:42, cls4:83, cls5:125, cls7:84, cls8:82, cls9:83]
client_96    499        [cls0:84, cls1:83, cls2:41, cls3:42, cls4:41, cls6:83, cls8:41, cls9:84]
client_97    498        [cls0:42, cls1:83, cls3:125, cls4:41, cls5:83, cls6:41, cls7:41, cls9:42]
client_98    502        [cls1:42, cls2:41, cls4:125, cls5:42, cls6:84, cls7:126, cls9:42]
client_99    499        [cls2:41, cls3:125, cls4:125, cls5:84, cls6:42, cls9:82]

[Test split] 100 per-client test sets, avg 7100 samples each
