This job can be monitored from: https://job.c3se.chalmers.se/alvis/6364413
========================================
Job ID      : 6364413
Job Name    : HierFLcifar10
Node        : alvis9-01
Start Time  : Thu Apr  9 03:42:30 CEST 2026
Working Dir : /cephyr/users/ziangg/Alvis/tf-dpfl
========================================
[Setup] Python: /cephyr/users/ziangg/Alvis/TF_DPFL_2026/bin/python
[Setup] TF version: 2.15.1
[Setup] GPU available: [PhysicalDevice(name='/physical_device:GPU:0', device_type='GPU')]
[Config] Override: wandb.enabled = True
[Setup] Random seed: 42
[Setup] Loading CIFAR-10...
[Setup] Building global model...
Model: "wideresnet28_4"
__________________________________________________________________________________________________
 Layer (type)                Output Shape                 Param #   Connected to                  
==================================================================================================
 input_1 (InputLayer)        [(None, 32, 32, 3)]          0         []                            
                                                                                                  
 conv2d (Conv2D)             (None, 32, 32, 16)           432       ['input_1[0][0]']             
                                                                                                  
 group_normalization (Group  (None, 32, 32, 16)           32        ['conv2d[0][0]']              
 Normalization)                                                                                   
                                                                                                  
 re_lu (ReLU)                (None, 32, 32, 16)           0         ['group_normalization[0][0]'] 
                                                                                                  
 conv2d_1 (Conv2D)           (None, 32, 32, 64)           9216      ['re_lu[0][0]']               
                                                                                                  
 dropout (Dropout)           (None, 32, 32, 64)           0         ['conv2d_1[0][0]']            
                                                                                                  
 group_normalization_1 (Gro  (None, 32, 32, 64)           128       ['dropout[0][0]']             
 upNormalization)                                                                                 
                                                                                                  
 re_lu_1 (ReLU)              (None, 32, 32, 64)           0         ['group_normalization_1[0][0]'
                                                                    ]                             
                                                                                                  
 conv2d_2 (Conv2D)           (None, 32, 32, 64)           36864     ['re_lu_1[0][0]']             
                                                                                                  
 conv2d_3 (Conv2D)           (None, 32, 32, 64)           1024      ['conv2d[0][0]']              
                                                                                                  
 tf.__operators__.add (TFOp  (None, 32, 32, 64)           0         ['conv2d_2[0][0]',            
 Lambda)                                                             'conv2d_3[0][0]']            
                                                                                                  
 group_normalization_2 (Gro  (None, 32, 32, 64)           128       ['tf.__operators__.add[0][0]']
 upNormalization)                                                                                 
                                                                                                  
 re_lu_2 (ReLU)              (None, 32, 32, 64)           0         ['group_normalization_2[0][0]'
                                                                    ]                             
                                                                                                  
 conv2d_4 (Conv2D)           (None, 32, 32, 64)           36864     ['re_lu_2[0][0]']             
                                                                                                  
 dropout_1 (Dropout)         (None, 32, 32, 64)           0         ['conv2d_4[0][0]']            
                                                                                                  
 group_normalization_3 (Gro  (None, 32, 32, 64)           128       ['dropout_1[0][0]']           
 upNormalization)                                                                                 
                                                                                                  
 re_lu_3 (ReLU)              (None, 32, 32, 64)           0         ['group_normalization_3[0][0]'
                                                                    ]                             
                                                                                                  
 conv2d_5 (Conv2D)           (None, 32, 32, 64)           36864     ['re_lu_3[0][0]']             
                                                                                                  
 tf.__operators__.add_1 (TF  (None, 32, 32, 64)           0         ['conv2d_5[0][0]',            
 OpLambda)                                                           'tf.__operators__.add[0][0]']
                                                                                                  
 group_normalization_4 (Gro  (None, 32, 32, 64)           128       ['tf.__operators__.add_1[0][0]
 upNormalization)                                                   ']                            
                                                                                                  
 re_lu_4 (ReLU)              (None, 32, 32, 64)           0         ['group_normalization_4[0][0]'
                                                                    ]                             
                                                                                                  
 conv2d_6 (Conv2D)           (None, 16, 16, 128)          73728     ['re_lu_4[0][0]']             
                                                                                                  
 dropout_2 (Dropout)         (None, 16, 16, 128)          0         ['conv2d_6[0][0]']            
                                                                                                  
 group_normalization_5 (Gro  (None, 16, 16, 128)          256       ['dropout_2[0][0]']           
 upNormalization)                                                                                 
                                                                                                  
 re_lu_5 (ReLU)              (None, 16, 16, 128)          0         ['group_normalization_5[0][0]'
                                                                    ]                             
                                                                                                  
 conv2d_7 (Conv2D)           (None, 16, 16, 128)          147456    ['re_lu_5[0][0]']             
                                                                                                  
 conv2d_8 (Conv2D)           (None, 16, 16, 128)          8192      ['tf.__operators__.add_1[0][0]
                                                                    ']                            
                                                                                                  
 tf.__operators__.add_2 (TF  (None, 16, 16, 128)          0         ['conv2d_7[0][0]',            
 OpLambda)                                                           'conv2d_8[0][0]']            
                                                                                                  
 group_normalization_6 (Gro  (None, 16, 16, 128)          256       ['tf.__operators__.add_2[0][0]
 upNormalization)                                                   ']                            
                                                                                                  
 re_lu_6 (ReLU)              (None, 16, 16, 128)          0         ['group_normalization_6[0][0]'
                                                                    ]                             
                                                                                                  
 conv2d_9 (Conv2D)           (None, 16, 16, 128)          147456    ['re_lu_6[0][0]']             
                                                                                                  
 dropout_3 (Dropout)         (None, 16, 16, 128)          0         ['conv2d_9[0][0]']            
                                                                                                  
 group_normalization_7 (Gro  (None, 16, 16, 128)          256       ['dropout_3[0][0]']           
 upNormalization)                                                                                 
                                                                                                  
 re_lu_7 (ReLU)              (None, 16, 16, 128)          0         ['group_normalization_7[0][0]'
                                                                    ]                             
                                                                                                  
 conv2d_10 (Conv2D)          (None, 16, 16, 128)          147456    ['re_lu_7[0][0]']             
                                                                                                  
 tf.__operators__.add_3 (TF  (None, 16, 16, 128)          0         ['conv2d_10[0][0]',           
 OpLambda)                                                           'tf.__operators__.add_2[0][0]
                                                                    ']                            
                                                                                                  
 group_normalization_8 (Gro  (None, 16, 16, 128)          256       ['tf.__operators__.add_3[0][0]
 upNormalization)                                                   ']                            
                                                                                                  
 re_lu_8 (ReLU)              (None, 16, 16, 128)          0         ['group_normalization_8[0][0]'
                                                                    ]                             
                                                                                                  
 conv2d_11 (Conv2D)          (None, 8, 8, 256)            294912    ['re_lu_8[0][0]']             
                                                                                                  
 dropout_4 (Dropout)         (None, 8, 8, 256)            0         ['conv2d_11[0][0]']           
                                                                                                  
 group_normalization_9 (Gro  (None, 8, 8, 256)            512       ['dropout_4[0][0]']           
 upNormalization)                                                                                 
                                                                                                  
 re_lu_9 (ReLU)              (None, 8, 8, 256)            0         ['group_normalization_9[0][0]'
                                                                    ]                             
                                                                                                  
 conv2d_12 (Conv2D)          (None, 8, 8, 256)            589824    ['re_lu_9[0][0]']             
                                                                                                  
 conv2d_13 (Conv2D)          (None, 8, 8, 256)            32768     ['tf.__operators__.add_3[0][0]
                                                                    ']                            
                                                                                                  
 tf.__operators__.add_4 (TF  (None, 8, 8, 256)            0         ['conv2d_12[0][0]',           
 OpLambda)                                                           'conv2d_13[0][0]']           
                                                                                                  
 group_normalization_10 (Gr  (None, 8, 8, 256)            512       ['tf.__operators__.add_4[0][0]
 oupNormalization)                                                  ']                            
                                                                                                  
 re_lu_10 (ReLU)             (None, 8, 8, 256)            0         ['group_normalization_10[0][0]
                                                                    ']                            
                                                                                                  
 conv2d_14 (Conv2D)          (None, 8, 8, 256)            589824    ['re_lu_10[0][0]']            
                                                                                                  
 dropout_5 (Dropout)         (None, 8, 8, 256)            0         ['conv2d_14[0][0]']           
                                                                                                  
 group_normalization_11 (Gr  (None, 8, 8, 256)            512       ['dropout_5[0][0]']           
 oupNormalization)                                                                                
                                                                                                  
 re_lu_11 (ReLU)             (None, 8, 8, 256)            0         ['group_normalization_11[0][0]
                                                                    ']                            
                                                                                                  
 conv2d_15 (Conv2D)          (None, 8, 8, 256)            589824    ['re_lu_11[0][0]']            
                                                                                                  
 tf.__operators__.add_5 (TF  (None, 8, 8, 256)            0         ['conv2d_15[0][0]',           
 OpLambda)                                                           'tf.__operators__.add_4[0][0]
                                                                    ']                            
                                                                                                  
 group_normalization_12 (Gr  (None, 8, 8, 256)            512       ['tf.__operators__.add_5[0][0]
 oupNormalization)                                                  ']                            
                                                                                                  
 re_lu_12 (ReLU)             (None, 8, 8, 256)            0         ['group_normalization_12[0][0]
                                                                    ']                            
                                                                                                  
 global_average_pooling2d (  (None, 256)                  0         ['re_lu_12[0][0]']            
 GlobalAveragePooling2D)                                                                          
                                                                                                  
 dense (Dense)               (None, 10)                   2570      ['global_average_pooling2d[0][
                                                                    0]']                          
                                                                                                  
==================================================================================================
Total params: 2748890 (10.49 MB)
Trainable params: 2748890 (10.49 MB)
Non-trainable params: 0 (0.00 Byte)
__________________________________________________________________________________________________
[Setup] Building clients...

[Non-IID] α=0.5, 10 clients, 10 classes
Client       Samples    Top-3 classes
----------------------------------------------------
client_0     3597       cls9:1461, cls7:941, cls5:343
client_1     5704       cls4:3063, cls6:1108, cls8:456
client_2     2879       cls1:1113, cls4:911, cls6:520
client_3     2857       cls0:1266, cls1:545, cls9:435
client_4     6512       cls0:2148, cls2:1687, cls8:1321
client_5     4084       cls3:2404, cls2:907, cls1:350
client_6     7936       cls7:3402, cls5:1951, cls6:1507
client_7     4043       cls1:2304, cls8:583, cls2:322
client_8     3670       cls6:1117, cls5:718, cls0:437
client_9     8718       cls8:2259, cls9:1870, cls3:1815

[Setup] 10 clients built (noniid, α=0.5)
[Setup] Building edge servers...

[Assignment] Histogram clustering | 10 clients → 2 edges | no DP
  Edge 0: clients [0, 3, 4, 5, 6, 9]
  Edge 1: clients [1, 2, 7, 8]
[EdgeServer 0] 6 clients | 33704 total samples
[EdgeServer 1] 4 clients | 16296 total samples

[Setup] Built 2 edge servers (strategy=histogram)
  Edge 0: 6 clients | 33704 samples
  Edge 1: 4 clients | 16296 samples
[CloudServer] 2 edge servers | model size: 10.49 MB

====================================================
 HierFAVG Training Start
====================================================

[Round   1] Phase 1: Cloud broadcasting to 2 edges...
  [Edge 0] G-Round 1 | E-Round 1 | Selected 4/6 clients
  [Client  5] Round 1 | FedDyn | loss=1.3834
  [Client  4] Round 1 | FedDyn | loss=1.3704
  [Client  9] Round 1 | FedDyn | loss=1.5305
  [Client  0] Round 1 | FedDyn | loss=1.5722
  [Edge 0] G-Round 1 | E-Round 1 | loss=1.4653
  [Edge 0] G-Round 1 | E-Round 2 | Selected 4/6 clients
  [Client  3] Round 1 | FedDyn | loss=1.2821
  [Client  9] Round 1 | FedDyn | loss=1.5880
  [Client  5] Round 1 | FedDyn | loss=1.0903
  [Client  6] Round 1 | FedDyn | loss=1.3236
  [Edge 0] G-Round 1 | E-Round 2 | loss=1.3759
  [Edge 1] G-Round 1 | E-Round 1 | Selected 2/4 clients
  [Client  1] Round 1 | FedDyn | loss=1.3114
  [Client  2] Round 1 | FedDyn | loss=1.4332
  [Edge 1] G-Round 1 | E-Round 1 | loss=1.3523
  [Edge 1] G-Round 1 | E-Round 2 | Selected 2/4 clients
  [Client  7] Round 1 | FedDyn | loss=1.3009
  [Client  1] Round 1 | FedDyn | loss=1.2881
  [Edge 1] G-Round 1 | E-Round 2 | loss=1.2934
[Round   1] Phase 2: Cloud aggregating...
  [Cloud] acc=0.3134 | loss=1.8490 | time=217.3s | comm=461.4MB (total=461MB)

[Round   2] Phase 1: Cloud broadcasting to 2 edges...
  [Edge 0] G-Round 2 | E-Round 1 | Selected 4/6 clients
  [Client  4] Round 2 | FedDyn | loss=1.3126
  [Client  0] Round 2 | FedDyn | loss=1.4250
  [Client  5] Round 2 | FedDyn | loss=1.1947
  [Client  6] Round 2 | FedDyn | loss=1.3821
  [Edge 0] G-Round 2 | E-Round 1 | loss=1.3340
  [Edge 0] G-Round 2 | E-Round 2 | Selected 4/6 clients
  [Client  0] Round 2 | FedDyn | loss=1.5436
  [Client  4] Round 2 | FedDyn | loss=1.3927
  [Client  6] Round 2 | FedDyn | loss=1.4128
  [Client  3] Round 2 | FedDyn | loss=1.2544
  [Edge 0] G-Round 2 | E-Round 2 | loss=1.4074
  [Edge 1] G-Round 2 | E-Round 1 | Selected 2/4 clients
  [Client  7] Round 2 | FedDyn | loss=1.1850
  [Client  2] Round 2 | FedDyn | loss=1.1698
  [Edge 1] G-Round 2 | E-Round 1 | loss=1.1787
  [Edge 1] G-Round 2 | E-Round 2 | Selected 2/4 clients
  [Client  8] Round 2 | FedDyn | loss=1.4432
  [Client  7] Round 2 | FedDyn | loss=1.2587
  [Edge 1] G-Round 2 | E-Round 2 | loss=1.3465
[Round   2] Phase 2: Cloud aggregating...
  [Cloud] acc=0.3283 | loss=1.7726 | time=116.2s | comm=461.4MB (total=923MB)

[Round   3] Phase 1: Cloud broadcasting to 2 edges...
  [Edge 0] G-Round 3 | E-Round 1 | Selected 4/6 clients
  [Client  0] Round 3 | FedDyn | loss=1.6158
  [Client  4] Round 3 | FedDyn | loss=1.3792
  [Client  6] Round 3 | FedDyn | loss=1.4153
  [Client  9] Round 3 | FedDyn | loss=1.5609
  [Edge 0] G-Round 3 | E-Round 1 | loss=1.4809
  [Edge 0] G-Round 3 | E-Round 2 | Selected 4/6 clients
  [Client  0] Round 3 | FedDyn | loss=1.5253
  [Client  3] Round 3 | FedDyn | loss=1.2803
  [Client  6] Round 3 | FedDyn | loss=1.4364
  [Client  5] Round 3 | FedDyn | loss=1.1888
  [Edge 0] G-Round 3 | E-Round 2 | loss=1.3748
  [Edge 1] G-Round 3 | E-Round 1 | Selected 2/4 clients
  [Client  2] Round 3 | FedDyn | loss=1.2542
  [Client  7] Round 3 | FedDyn | loss=1.3369
  [Edge 1] G-Round 3 | E-Round 1 | loss=1.3025
  [Edge 1] G-Round 3 | E-Round 2 | Selected 2/4 clients
  [Client  8] Round 3 | FedDyn | loss=1.5680
  [Client  7] Round 3 | FedDyn | loss=1.2779
  [Edge 1] G-Round 3 | E-Round 2 | loss=1.4159
[Round   3] Phase 2: Cloud aggregating...
  [Cloud] acc=0.3951 | loss=1.6127 | time=109.3s | comm=461.4MB (total=1384MB)

[Round   4] Phase 1: Cloud broadcasting to 2 edges...
  [Edge 0] G-Round 4 | E-Round 1 | Selected 4/6 clients
  [Client  9] Round 4 | FedDyn | loss=1.6158
  [Client  5] Round 4 | FedDyn | loss=1.2115
  [Client  4] Round 4 | FedDyn | loss=1.3769
  [Client  0] Round 4 | FedDyn | loss=1.5975
  [Edge 0] G-Round 4 | E-Round 1 | loss=1.4729
  [Edge 0] G-Round 4 | E-Round 2 | Selected 4/6 clients
  [Client  3] Round 4 | FedDyn | loss=1.3516
  [Client  4] Round 4 | FedDyn | loss=1.3667
  [Client  0] Round 4 | FedDyn | loss=1.6506
  [Client  9] Round 4 | FedDyn | loss=1.5747
  [Edge 0] G-Round 4 | E-Round 2 | loss=1.4955
  [Edge 1] G-Round 4 | E-Round 1 | Selected 2/4 clients
  [Client  1] Round 4 | FedDyn | loss=1.2968
  [Client  7] Round 4 | FedDyn | loss=1.3131
  [Edge 1] G-Round 4 | E-Round 1 | loss=1.3036
  [Edge 1] G-Round 4 | E-Round 2 | Selected 2/4 clients
  [Client  2] Round 4 | FedDyn | loss=1.1314
  [Client  1] Round 4 | FedDyn | loss=1.2588
  [Edge 1] G-Round 4 | E-Round 2 | loss=1.2161
[Round   4] Phase 2: Cloud aggregating...
  [Cloud] acc=0.3758 | loss=1.6075 | time=114.9s | comm=461.4MB (total=1846MB)

[Round   5] Phase 1: Cloud broadcasting to 2 edges...
  [Edge 0] G-Round 5 | E-Round 1 | Selected 4/6 clients
  [Client  3] Round 5 | FedDyn | loss=1.3448
  [Client  9] Round 5 | FedDyn | loss=1.6531
  [Client  6] Round 5 | FedDyn | loss=1.4826
  [Client  4] Round 5 | FedDyn | loss=1.3792
  [Edge 0] G-Round 5 | E-Round 1 | loss=1.4987
  [Edge 0] G-Round 5 | E-Round 2 | Selected 4/6 clients
  [Client  6] Round 5 | FedDyn | loss=1.4278
  [Client  4] Round 5 | FedDyn | loss=1.4021
  [Client  0] Round 5 | FedDyn | loss=1.5990
  [Client  3] Round 5 | FedDyn | loss=1.4001
  [Edge 0] G-Round 5 | E-Round 2 | loss=1.4455
  [Edge 1] G-Round 5 | E-Round 1 | Selected 2/4 clients
  [Client  1] Round 5 | FedDyn | loss=1.3202
  [Client  8] Round 5 | FedDyn | loss=1.5572
  [Edge 1] G-Round 5 | E-Round 1 | loss=1.4130
  [Edge 1] G-Round 5 | E-Round 2 | Selected 2/4 clients
  [Client  8] Round 5 | FedDyn | loss=1.6228
  [Client  7] Round 5 | FedDyn | loss=1.3882
  [Edge 1] G-Round 5 | E-Round 2 | loss=1.4998
[Round   5] Phase 2: Cloud aggregating...
  [Cloud] acc=0.4185 | loss=1.5859 | time=116.9s | comm=461.4MB (total=2307MB)

[Round   6] Phase 1: Cloud broadcasting to 2 edges...
  [Edge 0] G-Round 6 | E-Round 1 | Selected 4/6 clients
  [Client  5] Round 6 | FedDyn | loss=1.2408
  [Client  6] Round 6 | FedDyn | loss=1.4649
  [Client  0] Round 6 | FedDyn | loss=1.6724
  [Client  9] Round 6 | FedDyn | loss=1.6374
  [Edge 0] G-Round 6 | E-Round 1 | loss=1.5198
  [Edge 0] G-Round 6 | E-Round 2 | Selected 4/6 clients
  [Client  9] Round 6 | FedDyn | loss=1.6335
  [Client  0] Round 6 | FedDyn | loss=1.6797
  [Client  4] Round 6 | FedDyn | loss=1.3718
  [Client  6] Round 6 | FedDyn | loss=1.4593
  [Edge 0] G-Round 6 | E-Round 2 | loss=1.5244
  [Edge 1] G-Round 6 | E-Round 1 | Selected 2/4 clients
  [Client  8] Round 6 | FedDyn | loss=1.6368
  [Client  1] Round 6 | FedDyn | loss=1.3821
  [Edge 1] G-Round 6 | E-Round 1 | loss=1.4818
  [Edge 1] G-Round 6 | E-Round 2 | Selected 2/4 clients
  [Client  8] Round 6 | FedDyn | loss=1.6694
  [Client  2] Round 6 | FedDyn | loss=1.2317
  [Edge 1] G-Round 6 | E-Round 2 | loss=1.4770
[Round   6] Phase 2: Cloud aggregating...
  [Cloud] acc=0.4254 | loss=1.5532 | time=122.2s | comm=461.4MB (total=2768MB)

[Round   7] Phase 1: Cloud broadcasting to 2 edges...
  [Edge 0] G-Round 7 | E-Round 1 | Selected 4/6 clients
  [Client  4] Round 7 | FedDyn | loss=1.3816
  [Client  6] Round 7 | FedDyn | loss=1.4528
  [Client  3] Round 7 | FedDyn | loss=1.3725
  [Client  5] Round 7 | FedDyn | loss=1.3182
  [Edge 0] G-Round 7 | E-Round 1 | loss=1.3947
  [Edge 0] G-Round 7 | E-Round 2 | Selected 4/6 clients
  [Client  6] Round 7 | FedDyn | loss=1.4587
  [Client  9] Round 7 | FedDyn | loss=1.5865
  [Client  4] Round 7 | FedDyn | loss=1.3885
  [Client  3] Round 7 | FedDyn | loss=1.3563
  [Edge 0] G-Round 7 | E-Round 2 | loss=1.4727
  [Edge 1] G-Round 7 | E-Round 1 | Selected 2/4 clients
  [Client  8] Round 7 | FedDyn | loss=1.6583
  [Client  1] Round 7 | FedDyn | loss=1.3652
  [Edge 1] G-Round 7 | E-Round 1 | loss=1.4800
  [Edge 1] G-Round 7 | E-Round 2 | Selected 2/4 clients
  [Client  1] Round 7 | FedDyn | loss=1.3417
  [Client  7] Round 7 | FedDyn | loss=1.5233
  [Edge 1] G-Round 7 | E-Round 2 | loss=1.4170
[Round   7] Phase 2: Cloud aggregating...
  [Cloud] acc=0.3818 | loss=1.6555 | time=121.2s | comm=461.4MB (total=3230MB)

[Round   8] Phase 1: Cloud broadcasting to 2 edges...
  [Edge 0] G-Round 8 | E-Round 1 | Selected 4/6 clients
  [Client  5] Round 8 | FedDyn | loss=1.2250
  [Client  6] Round 8 | FedDyn | loss=1.4587
  [Client  0] Round 8 | FedDyn | loss=1.6661
  [Client  4] Round 8 | FedDyn | loss=1.3710
  [Edge 0] G-Round 8 | E-Round 1 | loss=1.4235
  [Edge 0] G-Round 8 | E-Round 2 | Selected 4/6 clients
  [Client  3] Round 8 | FedDyn | loss=1.3615
  [Client  0] Round 8 | FedDyn | loss=1.6222
  [Client  4] Round 8 | FedDyn | loss=1.3908
  [Client  5] Round 8 | FedDyn | loss=1.2572
  [Edge 0] G-Round 8 | E-Round 2 | loss=1.4027
  [Edge 1] G-Round 8 | E-Round 1 | Selected 2/4 clients
  [Client  1] Round 8 | FedDyn | loss=1.3419
  [Client  8] Round 8 | FedDyn | loss=1.6942
  [Edge 1] G-Round 8 | E-Round 1 | loss=1.4799
  [Edge 1] G-Round 8 | E-Round 2 | Selected 2/4 clients
  [Client  7] Round 8 | FedDyn | loss=1.3765
  [Client  2] Round 8 | FedDyn | loss=1.2624
  [Edge 1] G-Round 8 | E-Round 2 | loss=1.3290
[Round   8] Phase 2: Cloud aggregating...
  [Cloud] acc=0.3738 | loss=1.6671 | time=101.9s | comm=461.4MB (total=3691MB)

[Round   9] Phase 1: Cloud broadcasting to 2 edges...
  [Edge 0] G-Round 9 | E-Round 1 | Selected 4/6 clients
  [Client  6] Round 9 | FedDyn | loss=1.4489
  [Client  3] Round 9 | FedDyn | loss=1.4299
  [Client  9] Round 9 | FedDyn | loss=1.5686
  [Client  0] Round 9 | FedDyn | loss=1.6910
  [Edge 0] G-Round 9 | E-Round 1 | loss=1.5294
  [Edge 0] G-Round 9 | E-Round 2 | Selected 4/6 clients
  [Client  4] Round 9 | FedDyn | loss=1.3871
  [Client  9] Round 9 | FedDyn | loss=1.5959
  [Client  5] Round 9 | FedDyn | loss=1.2202
  [Client  0] Round 9 | FedDyn | loss=1.7754
  [Edge 0] G-Round 9 | E-Round 2 | loss=1.4978
  [Edge 1] G-Round 9 | E-Round 1 | Selected 2/4 clients
  [Client  1] Round 9 | FedDyn | loss=1.3521
  [Client  8] Round 9 | FedDyn | loss=1.7598
  [Edge 1] G-Round 9 | E-Round 1 | loss=1.5117
  [Edge 1] G-Round 9 | E-Round 2 | Selected 2/4 clients
  [Client  8] Round 9 | FedDyn | loss=1.7040
  [Client  7] Round 9 | FedDyn | loss=1.4925
  [Edge 1] G-Round 9 | E-Round 2 | loss=1.5931
[Round   9] Phase 2: Cloud aggregating...
  [Cloud] acc=0.3778 | loss=1.6598 | time=115.3s | comm=461.4MB (total=4153MB)

[Round  10] Phase 1: Cloud broadcasting to 2 edges...
  [Edge 0] G-Round 10 | E-Round 1 | Selected 4/6 clients
  [Client  6] Round 10 | FedDyn | loss=1.4453
  [Client  3] Round 10 | FedDyn | loss=1.3801
  [Client  5] Round 10 | FedDyn | loss=1.2094
  [Client  0] Round 10 | FedDyn | loss=1.7012
  [Edge 0] G-Round 10 | E-Round 1 | loss=1.4329
  [Edge 0] G-Round 10 | E-Round 2 | Selected 4/6 clients
  [Client  5] Round 10 | FedDyn | loss=1.2609
  [Client  4] Round 10 | FedDyn | loss=1.4073
  [Client  3] Round 10 | FedDyn | loss=1.4422
  [Client  9] Round 10 | FedDyn | loss=1.6202
  [Edge 0] G-Round 10 | E-Round 2 | loss=1.4686
  [Edge 1] G-Round 10 | E-Round 1 | Selected 2/4 clients
  [Client  8] Round 10 | FedDyn | loss=1.7022
  [Client  2] Round 10 | FedDyn | loss=1.3750
  [Edge 1] G-Round 10 | E-Round 1 | loss=1.5584
  [Edge 1] G-Round 10 | E-Round 2 | Selected 2/4 clients
  [Client  8] Round 10 | FedDyn | loss=1.7389
  [Client  7] Round 10 | FedDyn | loss=1.3597
  [Edge 1] G-Round 10 | E-Round 2 | loss=1.5401
[Round  10] Phase 2: Cloud aggregating...
  [Cloud] acc=0.4180 | loss=1.5462 | time=100.6s | comm=461.4MB (total=4614MB)

[Round  11] Phase 1: Cloud broadcasting to 2 edges...
  [Edge 0] G-Round 11 | E-Round 1 | Selected 4/6 clients
  [Client  4] Round 11 | FedDyn | loss=1.3711
  [Client  3] Round 11 | FedDyn | loss=1.3393
  [Client  0] Round 11 | FedDyn | loss=1.5853
  [Client  6] Round 11 | FedDyn | loss=1.4393
  [Edge 0] G-Round 11 | E-Round 1 | loss=1.4295
  [Edge 0] G-Round 11 | E-Round 2 | Selected 4/6 clients
  [Client  4] Round 11 | FedDyn | loss=1.3990
  [Client  9] Round 11 | FedDyn | loss=1.6069
  [Client  5] Round 11 | FedDyn | loss=1.2856
  [Client  0] Round 11 | FedDyn | loss=1.6320
  [Edge 0] G-Round 11 | E-Round 2 | loss=1.4945
  [Edge 1] G-Round 11 | E-Round 1 | Selected 2/4 clients
  [Client  2] Round 11 | FedDyn | loss=1.3165
  [Client  7] Round 11 | FedDyn | loss=1.4151
  [Edge 1] G-Round 11 | E-Round 1 | loss=1.3741
  [Edge 1] G-Round 11 | E-Round 2 | Selected 2/4 clients
  [Client  1] Round 11 | FedDyn | loss=1.3710
  [Client  8] Round 11 | FedDyn | loss=1.7518
  [Edge 1] G-Round 11 | E-Round 2 | loss=1.5201
[Round  11] Phase 2: Cloud aggregating...
  [Cloud] acc=0.4179 | loss=1.5323 | time=109.9s | comm=461.4MB (total=5075MB)

[Round  12] Phase 1: Cloud broadcasting to 2 edges...
  [Edge 0] G-Round 12 | E-Round 1 | Selected 4/6 clients
  [Client  9] Round 12 | FedDyn | loss=1.5623
  [Client  4] Round 12 | FedDyn | loss=1.3805
  [Client  6] Round 12 | FedDyn | loss=1.4336
  [Client  5] Round 12 | FedDyn | loss=1.2111
  [Edge 0] G-Round 12 | E-Round 1 | loss=1.4287
  [Edge 0] G-Round 12 | E-Round 2 | Selected 4/6 clients
  [Client  0] Round 12 | FedDyn | loss=1.8389
  [Client  6] Round 12 | FedDyn | loss=1.4493
  [Client  9] Round 12 | FedDyn | loss=1.5797
  [Client  5] Round 12 | FedDyn | loss=1.2178
  [Edge 0] G-Round 12 | E-Round 2 | loss=1.5147
  [Edge 1] G-Round 12 | E-Round 1 | Selected 2/4 clients
  [Client  2] Round 12 | FedDyn | loss=1.3240
  [Client  1] Round 12 | FedDyn | loss=1.3180
  [Edge 1] G-Round 12 | E-Round 1 | loss=1.3200
  [Edge 1] G-Round 12 | E-Round 2 | Selected 2/4 clients
