2026-04-10 14:57:06.403444: I tensorflow/core/util/port.cc:113] oneDNN custom operations are on. You may see slightly different numerical results due to floating-point round-off errors from different computation orders. To turn them off, set the environment variable `TF_ENABLE_ONEDNN_OPTS=0`.
2026-04-10 14:57:06.442082: E external/local_xla/xla/stream_executor/cuda/cuda_dnn.cc:9261] Unable to register cuDNN factory: Attempting to register factory for plugin cuDNN when one has already been registered
2026-04-10 14:57:06.442125: E external/local_xla/xla/stream_executor/cuda/cuda_fft.cc:607] Unable to register cuFFT factory: Attempting to register factory for plugin cuFFT when one has already been registered
2026-04-10 14:57:06.442907: E external/local_xla/xla/stream_executor/cuda/cuda_blas.cc:1515] Unable to register cuBLAS factory: Attempting to register factory for plugin cuBLAS when one has already been registered
2026-04-10 14:57:14.262885: I tensorflow/core/util/port.cc:113] oneDNN custom operations are on. You may see slightly different numerical results due to floating-point round-off errors from different computation orders. To turn them off, set the environment variable `TF_ENABLE_ONEDNN_OPTS=0`.
2026-04-10 14:57:14.300533: E external/local_xla/xla/stream_executor/cuda/cuda_dnn.cc:9261] Unable to register cuDNN factory: Attempting to register factory for plugin cuDNN when one has already been registered
2026-04-10 14:57:14.300577: E external/local_xla/xla/stream_executor/cuda/cuda_fft.cc:607] Unable to register cuFFT factory: Attempting to register factory for plugin cuFFT when one has already been registered
2026-04-10 14:57:14.301326: E external/local_xla/xla/stream_executor/cuda/cuda_blas.cc:1515] Unable to register cuBLAS factory: Attempting to register factory for plugin cuBLAS when one has already been registered
2026-04-10 14:57:20.104213: I tensorflow/core/util/port.cc:113] oneDNN custom operations are on. You may see slightly different numerical results due to floating-point round-off errors from different computation orders. To turn them off, set the environment variable `TF_ENABLE_ONEDNN_OPTS=0`.
2026-04-10 14:57:20.140896: E external/local_xla/xla/stream_executor/cuda/cuda_dnn.cc:9261] Unable to register cuDNN factory: Attempting to register factory for plugin cuDNN when one has already been registered
2026-04-10 14:57:20.140957: E external/local_xla/xla/stream_executor/cuda/cuda_fft.cc:607] Unable to register cuFFT factory: Attempting to register factory for plugin cuFFT when one has already been registered
2026-04-10 14:57:20.141821: E external/local_xla/xla/stream_executor/cuda/cuda_blas.cc:1515] Unable to register cuBLAS factory: Attempting to register factory for plugin cuBLAS when one has already been registered
2026-04-10 14:57:29.388554: I tensorflow/core/common_runtime/gpu/gpu_device.cc:1929] Created device /job:localhost/replica:0/task:0/device:GPU:0 with 31132 MB memory:  -> device: 0, name: Tesla V100-SXM2-32GB, pci bus id: 0000:62:00.0, compute capability: 7.0
wandb: [wandb.login()] Loaded credentials for https://api.wandb.ai from /cephyr/users/ziangg/Alvis/.netrc.
wandb: Currently logged in as: 3445339138 (3445339138-kth-royal-institute-of-technology) to https://api.wandb.ai. Use `wandb login --relogin` to force relogin
wandb: setting up run bisjblma
wandb: Tracking run with wandb version 0.25.1
wandb: Run data is saved locally in /cephyr/users/ziangg/Alvis/tf-dpfl/fedavg/wandb/run-20260410_145803-bisjblma
wandb: Run `wandb offline` to turn off syncing.
wandb: Syncing run feddyn-100-40
wandb: ⭐️ View project at https://wandb.ai/3445339138-kth-royal-institute-of-technology/HierFL-cifar10
wandb: 🚀 View run at https://wandb.ai/3445339138-kth-royal-institute-of-technology/HierFL-cifar10/runs/bisjblma
2026-04-10 14:58:09.162231: E tensorflow/core/grappler/optimizers/meta_optimizer.cc:961] layout failed: INVALID_ARGUMENT: Size of values 0 does not match size of permutation 4 @ fanin shape incifar_cnn_3conv/spatial_dropout2d/dropout/SelectV2-2-TransposeNHWCToNCHW-LayoutOptimizer
2026-04-10 14:58:09.386610: I external/local_xla/xla/stream_executor/cuda/cuda_dnn.cc:454] Loaded cuDNN version 8902
2026-04-10 14:58:10.752354: I external/local_xla/xla/service/service.cc:168] XLA service 0x14a3c7654980 initialized for platform CUDA (this does not guarantee that XLA will be used). Devices:
2026-04-10 14:58:10.752406: I external/local_xla/xla/service/service.cc:176]   StreamExecutor device (0): Tesla V100-SXM2-32GB, Compute Capability 7.0
WARNING: All log messages before absl::InitializeLog() is called are written to STDERR
I0000 00:00:1775825890.818084  954278 device_compiler.h:186] Compiled cluster using XLA!  This line is logged at most once for the lifetime of the process.
2026-04-10 14:59:09.918162: E tensorflow/core/grappler/optimizers/meta_optimizer.cc:961] layout failed: INVALID_ARGUMENT: Size of values 0 does not match size of permutation 4 @ fanin shape incifar_cnn_3conv/spatial_dropout2d/dropout/SelectV2-2-TransposeNHWCToNCHW-LayoutOptimizer
2026-04-10 15:00:10.132575: E tensorflow/core/grappler/optimizers/meta_optimizer.cc:961] layout failed: INVALID_ARGUMENT: Size of values 0 does not match size of permutation 4 @ fanin shape incifar_cnn_3conv/spatial_dropout2d/dropout/SelectV2-2-TransposeNHWCToNCHW-LayoutOptimizer
2026-04-10 15:01:10.800490: E tensorflow/core/grappler/optimizers/meta_optimizer.cc:961] layout failed: INVALID_ARGUMENT: Size of values 0 does not match size of permutation 4 @ fanin shape incifar_cnn_3conv/spatial_dropout2d/dropout/SelectV2-2-TransposeNHWCToNCHW-LayoutOptimizer
2026-04-10 15:02:12.008170: E tensorflow/core/grappler/optimizers/meta_optimizer.cc:961] layout failed: INVALID_ARGUMENT: Size of values 0 does not match size of permutation 4 @ fanin shape incifar_cnn_3conv/spatial_dropout2d/dropout/SelectV2-2-TransposeNHWCToNCHW-LayoutOptimizer
wandb: updating run metadata
wandb: uploading output.log; uploading wandb-summary.json; uploading config.yaml
wandb: uploading output.log; uploading wandb-summary.json
wandb: uploading history steps 39-39, summary, console lines 14697-14725
wandb: 
wandb: Run history:
wandb: comm/client_edge_mb ▁▁▁▁▁▁▁▁▁▁▁▁▁▁▁▁▁▁▁▁▁▁▁▁▁▁▁▁▁▁▁▁▁▁▁▁▁▁▁▁
wandb:  comm/cloud_edge_mb ▁▁▁▁▁▁▁▁▁▁▁▁▁▁▁▁▁▁▁▁▁▁▁▁▁▁▁▁▁▁▁▁▁▁▁▁▁▁▁▁
wandb:  comm/this_round_mb ▁▁▁▁▁▁▁▁▁▁▁▁▁▁▁▁▁▁▁▁▁▁▁▁▁▁▁▁▁▁▁▁▁▁▁▁▁▁▁▁
wandb:       comm/total_mb ▁▁▁▂▂▂▂▂▂▃▃▃▃▃▄▄▄▄▄▄▅▅▅▅▅▅▆▆▆▆▆▇▇▇▇▇▇███
wandb:  perf/avg_edge_loss █▆▆▅▅▅▄▄▄▄▃▃▃▃▃▃▂▂▂▂▂▂▂▂▂▂▂▂▁▁▁▁▁▁▁▁▁▁▁▁
wandb:     perf/global_acc ▁▃▄▅▅▆▆▆▆▇▇▇▇▇▇▇▇▇▇█████████████████████
wandb:    perf/global_loss █▆▅▅▄▄▃▃▃▂▂▂▂▂▂▂▁▁▁▁▁▁▁▁▁▁▁▁▁▁▁▁▁▁▁▁▁▁▁▁
wandb:               round ▁▁▁▂▂▂▂▂▂▃▃▃▃▃▄▄▄▄▄▄▅▅▅▅▅▅▆▆▆▆▆▇▇▇▇▇▇███
wandb:   time/client_avg_s █▁▁▁▁▁▁▁▁▁▁▁▁▁▁▁▁▁▁▁▁▁▁▁▁▁▁▁▁▁▁▁▁▁▁▁▁▁▁▁
wandb:  time/round_total_s █▁▁▁▁▁▁▁▁▁▁▁▁▁▁▁▁▁▁▁▁▁▁▁▁▁▁▁▁▁▁▁▁▁▁▁▁▁▁▁
wandb:                  +1 ...
wandb: 
wandb: Run summary:
wandb: comm/client_edge_mb 22334.26666
wandb:  comm/cloud_edge_mb 89.33707
wandb:  comm/this_round_mb 22423.60373
wandb:       comm/total_mb 896944.14917
wandb:  perf/avg_edge_loss 0.14379
wandb:     perf/global_acc 0.8216
wandb:    perf/global_loss 0.58029
wandb:               round 40
wandb:   time/client_avg_s 0.16029
wandb:  time/round_total_s 80.50617
wandb:                  +1 ...
wandb: 
wandb: 🚀 View run feddyn-100-40 at: https://wandb.ai/3445339138-kth-royal-institute-of-technology/HierFL-cifar10/runs/bisjblma
wandb: ⭐️ View project at: https://wandb.ai/3445339138-kth-royal-institute-of-technology/HierFL-cifar10
wandb: Synced 5 W&B file(s), 0 media file(s), 0 artifact file(s) and 0 other file(s)
wandb: Find logs at: ./wandb/run-20260410_145803-bisjblma/logs
