This job can be monitored from: https://job.c3se.chalmers.se/alvis/6631292
========================================
Job ID      : 6631292
Job Name    : HierFLcifar10
Node        : alvis10-03
Start Time  : Thu May 14 06:26:19 CEST 2026
Working Dir : /cephyr/users/ziangg/Alvis/tf-dpfl
========================================
[Setup] Python: /cephyr/users/ziangg/Alvis/tf-dpfl/bin/python
[Setup] TF version: 2.15.1
[Setup] GPU available: [PhysicalDevice(name='/physical_device:GPU:0', device_type='GPU')]
[Config] Override: wandb.enabled = True
[Setup] Random seed: 42
[Setup] Loading dataset...
[Data] CIFAR-10 from Mimer: /mimer/NOBACKUP/Datasets/CIFAR
[Setup] Building global model...
Model: "cifar_cnn_3conv"
_________________________________________________________________
 Layer (type)                Output Shape              Param #   
=================================================================
 input_1 (InputLayer)        [(None, 32, 32, 3)]       0         
                                                                 
 conv2d (Conv2D)             (None, 32, 32, 32)        896       
                                                                 
 batch_normalization (Batch  (None, 32, 32, 32)        128       
 Normalization)                                                  
                                                                 
 re_lu (ReLU)                (None, 32, 32, 32)        0         
                                                                 
 conv2d_1 (Conv2D)           (None, 32, 32, 64)        18496     
                                                                 
 batch_normalization_1 (Bat  (None, 32, 32, 64)        256       
 chNormalization)                                                
                                                                 
 re_lu_1 (ReLU)              (None, 32, 32, 64)        0         
                                                                 
 max_pooling2d (MaxPooling2  (None, 16, 16, 64)        0         
 D)                                                              
                                                                 
 conv2d_2 (Conv2D)           (None, 16, 16, 128)       73856     
                                                                 
 batch_normalization_2 (Bat  (None, 16, 16, 128)       512       
 chNormalization)                                                
                                                                 
 re_lu_2 (ReLU)              (None, 16, 16, 128)       0         
                                                                 
 conv2d_3 (Conv2D)           (None, 16, 16, 128)       147584    
                                                                 
 batch_normalization_3 (Bat  (None, 16, 16, 128)       512       
 chNormalization)                                                
                                                                 
 re_lu_3 (ReLU)              (None, 16, 16, 128)       0         
                                                                 
 max_pooling2d_1 (MaxPoolin  (None, 8, 8, 128)         0         
 g2D)                                                            
                                                                 
 spatial_dropout2d (Spatial  (None, 8, 8, 128)         0         
 Dropout2D)                                                      
                                                                 
 conv2d_4 (Conv2D)           (None, 8, 8, 256)         295168    
                                                                 
 batch_normalization_4 (Bat  (None, 8, 8, 256)         1024      
 chNormalization)                                                
                                                                 
 re_lu_4 (ReLU)              (None, 8, 8, 256)         0         
                                                                 
 conv2d_5 (Conv2D)           (None, 8, 8, 256)         590080    
                                                                 
 batch_normalization_5 (Bat  (None, 8, 8, 256)         1024      
 chNormalization)                                                
                                                                 
 re_lu_5 (ReLU)              (None, 8, 8, 256)         0         
                                                                 
 max_pooling2d_2 (MaxPoolin  (None, 4, 4, 256)         0         
 g2D)                                                            
                                                                 
 flatten (Flatten)           (None, 4096)              0         
                                                                 
 dropout (Dropout)           (None, 4096)              0         
                                                                 
 dense (Dense)               (None, 1024)              4195328   
                                                                 
 dense_1 (Dense)             (None, 512)               524800    
                                                                 
 dropout_1 (Dropout)         (None, 512)               0         
                                                                 
 dense_2 (Dense)             (None, 10)                5130      
                                                                 
=================================================================
Total params: 5854794 (22.33 MB)
Trainable params: 5853066 (22.33 MB)
Non-trainable params: 1728 (6.75 KB)
_________________________________________________________________
[Setup] Building clients...

[Superclass-aware partition] 2 edges, 2 classes/client

  Edge 0 (class pool: [2, 3, 4, 5, 6, 7]):
  Client       Samples    Classes held                        Out-of-pool?
  ---------------------------------------------------------------------------
  client_0     4000       [3, 6]                              OK
  client_1     4000       [3, 6]                              OK
  client_2     4000       [2, 5]                              OK
  client_3     4000       [5, 7]                              OK
  client_4     4000       [2, 7]                              OK
  client_5     4000       [2, 4]                              OK
  client_6     4000       [6, 7]                              OK
  client_7     4000       [3, 5]                              OK
  client_8     2000       [4]                                 OK
  client_9     2000       [4]                                 OK

  Edge 1 (class pool: [0, 1, 8, 9]):
  Client       Samples    Classes held                        Out-of-pool?
  ---------------------------------------------------------------------------
  client_10    2400       [8, 9]                              OK
  client_11    2400       [0, 1]                              OK
  client_12    2400       [1, 8]                              OK
  client_13    2400       [0, 8]                              OK
  client_14    2400       [0, 9]                              OK
  client_15    2400       [0, 8]                              OK
  client_16    2400       [1, 8]                              OK
  client_17    2400       [1, 9]                              OK
  client_18    2400       [1, 9]                              OK
  client_19    2400       [0, 9]                              OK

[Train/Test split] 20 clients | avg train=2400, avg test=600 samples (ratio=0.2)
[Setup] 20 clients built (superclass_pathological) | per-client test sets injected
[Setup] Building edge servers...
[Assignment] Using pre-baked superclass assignments | 2 edges
[EdgeServer 0] 10 clients | 28800 samples
[EdgeServer 1] 10 clients | 19200 samples

[Setup] Built 2 edge servers (strategy=superclass_baked)
  Edge 0: 10 clients | 28800 samples
  Edge 1: 10 clients | 19200 samples
[Setup] Building per-edge test datasets (superclass-aware)...
  [Test split] Edge 0: 6000 test samples (6 classes)
  [Test split] Edge 1: 4000 test samples (4 classes)
[CloudServer] 2 edges | model: 22.33 MB

====================================================
 HierFAVG Training Start
====================================================

[Round   1] Broadcasting to 2 edges...
  [Edge 0] G1 | E1 | Hier-pFedMe | Selected 10/10
  [Client  6] Round 1 | Hier-pFedMe(λ2=35.0,K=7) | loss=1.6798
  [Client  3] Round 1 | Hier-pFedMe(λ2=35.0,K=7) | loss=9.9105
  [Client  8] Round 1 | Hier-pFedMe(λ2=35.0,K=7) | loss=0.0160
  [Client  9] Round 1 | Hier-pFedMe(λ2=35.0,K=7) | loss=0.0591
  [Client  1] Round 1 | Hier-pFedMe(λ2=35.0,K=7) | loss=1.4510
  [Client  7] Round 1 | Hier-pFedMe(λ2=35.0,K=7) | loss=6.1820
  [Client  4] Round 1 | Hier-pFedMe(λ2=35.0,K=7) | loss=8.1433
  [Client  0] Round 1 | Hier-pFedMe(λ2=35.0,K=7) | loss=3.9478
  [Client  5] Round 1 | Hier-pFedMe(λ2=35.0,K=7) | loss=1.7776
  [Client  2] Round 1 | Hier-pFedMe(λ2=35.0,K=7) | loss=7.3344
  [Edge 0] G1 | E1 | loss=4.4960
  [Edge 0] G1 | E2 | Hier-pFedMe | Selected 10/10
  [Client  0] Round 1 | Hier-pFedMe(λ2=35.0,K=7) | loss=6.8736
  [Client  3] Round 1 | Hier-pFedMe(λ2=35.0,K=7) | loss=10.6222
  [Client  7] Round 1 | Hier-pFedMe(λ2=35.0,K=7) | loss=44.6501
  [Client  9] Round 1 | Hier-pFedMe(λ2=35.0,K=7) | loss=0.0078
  [Client  6] Round 1 | Hier-pFedMe(λ2=35.0,K=7) | loss=27.2677
  [Client  4] Round 1 | Hier-pFedMe(λ2=35.0,K=7) | loss=8.5647
  [Client  2] Round 1 | Hier-pFedMe(λ2=35.0,K=7) | loss=14.8791
  [Client  8] Round 1 | Hier-pFedMe(λ2=35.0,K=7) | loss=0.0104
  [Client  5] Round 1 | Hier-pFedMe(λ2=35.0,K=7) | loss=42.8208
  [Client  1] Round 1 | Hier-pFedMe(λ2=35.0,K=7) | loss=9.1518
  [Edge 0] G1 | E2 | loss=18.3155
  [Edge 0] G1 | E3 | Hier-pFedMe | Selected 10/10
  [Client  6] Round 1 | Hier-pFedMe(λ2=35.0,K=7) | loss=1.5040
  [Client  8] Round 1 | Hier-pFedMe(λ2=35.0,K=7) | loss=0.1330
  [Client  7] Round 1 | Hier-pFedMe(λ2=35.0,K=7) | loss=1.5204
  [Client  9] Round 1 | Hier-pFedMe(λ2=35.0,K=7) | loss=0.4863
  [Client  4] Round 1 | Hier-pFedMe(λ2=35.0,K=7) | loss=115.5138
  [Client  1] Round 1 | Hier-pFedMe(λ2=35.0,K=7) | loss=125.5569
  [Client  0] Round 1 | Hier-pFedMe(λ2=35.0,K=7) | loss=41.5330
  [Client  3] Round 1 | Hier-pFedMe(λ2=35.0,K=7) | loss=716.3871
  [Client  5] Round 1 | Hier-pFedMe(λ2=35.0,K=7) | loss=1.7342
  [Client  2] Round 1 | Hier-pFedMe(λ2=35.0,K=7) | loss=21.1817
  [Edge 0] G1 | E3 | loss=113.9156
  [Edge 0] G1 | E4 | Hier-pFedMe | Selected 10/10
  [Client  0] Round 1 | Hier-pFedMe(λ2=35.0,K=7) | loss=154.1324
  [Client  8] Round 1 | Hier-pFedMe(λ2=35.0,K=7) | loss=0.1242
  [Client  6] Round 1 | Hier-pFedMe(λ2=35.0,K=7) | loss=5.3513
  [Client  9] Round 1 | Hier-pFedMe(λ2=35.0,K=7) | loss=0.3886
  [Client  7] Round 1 | Hier-pFedMe(λ2=35.0,K=7) | loss=62.7994
  [Client  3] Round 1 | Hier-pFedMe(λ2=35.0,K=7) | loss=328.9791
  [Client  2] Round 1 | Hier-pFedMe(λ2=35.0,K=7) | loss=17.3808
  [Client  5] Round 1 | Hier-pFedMe(λ2=35.0,K=7) | loss=7.9083
  [Client  1] Round 1 | Hier-pFedMe(λ2=35.0,K=7) | loss=30.7364
  [Client  4] Round 1 | Hier-pFedMe(λ2=35.0,K=7) | loss=8.2341
  [Edge 0] G1 | E4 | loss=68.4198
  [Edge 0] G1 | E5 | Hier-pFedMe | Selected 10/10
  [Client  8] Round 1 | Hier-pFedMe(λ2=35.0,K=7) | loss=0.2366
  [Client  1] Round 1 | Hier-pFedMe(λ2=35.0,K=7) | loss=106.2967
  [Client  4] Round 1 | Hier-pFedMe(λ2=35.0,K=7) | loss=0.6752
  [Client  7] Round 1 | Hier-pFedMe(λ2=35.0,K=7) | loss=12.8889
  [Client  5] Round 1 | Hier-pFedMe(λ2=35.0,K=7) | loss=2.7914
  [Client  3] Round 1 | Hier-pFedMe(λ2=35.0,K=7) | loss=605.9532
  [Client  9] Round 1 | Hier-pFedMe(λ2=35.0,K=7) | loss=0.4561
  [Client  0] Round 1 | Hier-pFedMe(λ2=35.0,K=7) | loss=10.6730
  [Client  6] Round 1 | Hier-pFedMe(λ2=35.0,K=7) | loss=5.8799
  [Client  2] Round 1 | Hier-pFedMe(λ2=35.0,K=7) | loss=0.4795
  [Edge 0] G1 | E5 | loss=82.8871
  [Edge 1] G1 | E1 | Hier-pFedMe | Selected 10/10
  [Client 17] Round 1 | Hier-pFedMe(λ2=35.0,K=7) | loss=2.5949
  [Client 13] Round 1 | Hier-pFedMe(λ2=35.0,K=7) | loss=6.2162
  [Client 19] Round 1 | Hier-pFedMe(λ2=35.0,K=7) | loss=4.8393
  [Client 10] Round 1 | Hier-pFedMe(λ2=35.0,K=7) | loss=12.0660
  [Client 12] Round 1 | Hier-pFedMe(λ2=35.0,K=7) | loss=1.2903
  [Client 14] Round 1 | Hier-pFedMe(λ2=35.0,K=7) | loss=5.0136
  [Client 15] Round 1 | Hier-pFedMe(λ2=35.0,K=7) | loss=1.7911
  [Client 11] Round 1 | Hier-pFedMe(λ2=35.0,K=7) | loss=1.6116
  [Client 16] Round 1 | Hier-pFedMe(λ2=35.0,K=7) | loss=9.5507
  [Client 18] Round 1 | Hier-pFedMe(λ2=35.0,K=7) | loss=1.9065
  [Edge 1] G1 | E1 | loss=4.6880
  [Edge 1] G1 | E2 | Hier-pFedMe | Selected 10/10
  [Client 11] Round 1 | Hier-pFedMe(λ2=35.0,K=7) | loss=36.0970
  [Client 15] Round 1 | Hier-pFedMe(λ2=35.0,K=7) | loss=4.6893
  [Client 19] Round 1 | Hier-pFedMe(λ2=35.0,K=7) | loss=39.0054
  [Client 16] Round 1 | Hier-pFedMe(λ2=35.0,K=7) | loss=46.4709
  [Client 18] Round 1 | Hier-pFedMe(λ2=35.0,K=7) | loss=18.4530
  [Client 14] Round 1 | Hier-pFedMe(λ2=35.0,K=7) | loss=11.0344
  [Client 17] Round 1 | Hier-pFedMe(λ2=35.0,K=7) | loss=4.1871
  [Client 12] Round 1 | Hier-pFedMe(λ2=35.0,K=7) | loss=67.3770
  [Client 13] Round 1 | Hier-pFedMe(λ2=35.0,K=7) | loss=8.5662
  [Client 10] Round 1 | Hier-pFedMe(λ2=35.0,K=7) | loss=26.1331
  [Edge 1] G1 | E2 | loss=26.2013
  [Edge 1] G1 | E3 | Hier-pFedMe | Selected 10/10
  [Client 14] Round 1 | Hier-pFedMe(λ2=35.0,K=7) | loss=26.7199  [Client 15] Round 1 | Hier-pFedMe(λ2=35.0,K=7) | loss=65.0946

  [Client 10] Round 1 | Hier-pFedMe(λ2=35.0,K=7) | loss=5477.5303
  [Client 12] Round 1 | Hier-pFedMe(λ2=35.0,K=7) | loss=104.4017
  [Client 18] Round 1 | Hier-pFedMe(λ2=35.0,K=7) | loss=2047.6998
  [Client 11] Round 1 | Hier-pFedMe(λ2=35.0,K=7) | loss=16.9132
  [Client 16] Round 1 | Hier-pFedMe(λ2=35.0,K=7) | loss=31.9631
  [Client 13] Round 1 | Hier-pFedMe(λ2=35.0,K=7) | loss=459.4702
  [Client 17] Round 1 | Hier-pFedMe(λ2=35.0,K=7) | loss=477.1944
  [Client 19] Round 1 | Hier-pFedMe(λ2=35.0,K=7) | loss=26.2285
  [Edge 1] G1 | E3 | loss=873.3216
  [Edge 1] G1 | E4 | Hier-pFedMe | Selected 10/10
  [Client 14] Round 1 | Hier-pFedMe(λ2=35.0,K=7) | loss=13.1941
  [Client 15] Round 1 | Hier-pFedMe(λ2=35.0,K=7) | loss=2.0659
  [Client 18] Round 1 | Hier-pFedMe(λ2=35.0,K=7) | loss=4.1794  [Client 12] Round 1 | Hier-pFedMe(λ2=35.0,K=7) | loss=21.2165

  [Client 10] Round 1 | Hier-pFedMe(λ2=35.0,K=7) | loss=5.7678
  [Client 13] Round 1 | Hier-pFedMe(λ2=35.0,K=7) | loss=53.5923
  [Client 11] Round 1 | Hier-pFedMe(λ2=35.0,K=7) | loss=28.2772
  [Client 16] Round 1 | Hier-pFedMe(λ2=35.0,K=7) | loss=4.0971
  [Client 19] Round 1 | Hier-pFedMe(λ2=35.0,K=7) | loss=5.0483
  [Client 17] Round 1 | Hier-pFedMe(λ2=35.0,K=7) | loss=6.5740
  [Edge 1] G1 | E4 | loss=14.4013
  [Edge 1] G1 | E5 | Hier-pFedMe | Selected 10/10
  [Client 13] Round 1 | Hier-pFedMe(λ2=35.0,K=7) | loss=109.6386
  [Client 16] Round 1 | Hier-pFedMe(λ2=35.0,K=7) | loss=0.9303
  [Client 19] Round 1 | Hier-pFedMe(λ2=35.0,K=7) | loss=2.3539
  [Client 18] Round 1 | Hier-pFedMe(λ2=35.0,K=7) | loss=7.3596
  [Client 17] Round 1 | Hier-pFedMe(λ2=35.0,K=7) | loss=2.3768
  [Client 15] Round 1 | Hier-pFedMe(λ2=35.0,K=7) | loss=4.0700
  [Client 14] Round 1 | Hier-pFedMe(λ2=35.0,K=7) | loss=1.9468
  [Client 12] Round 1 | Hier-pFedMe(λ2=35.0,K=7) | loss=2.6915
  [Client 11] Round 1 | Hier-pFedMe(λ2=35.0,K=7) | loss=12.6051
  [Client 10] Round 1 | Hier-pFedMe(λ2=35.0,K=7) | loss=7.0524
  [Edge 1] G1 | E5 | loss=15.1025
[C0] eval model[0] mean=-0.019168 | θ̃ mean=-0.019168 | edge mean=-0.009919
[C0] n=800 | classes=[3, 6] | acc=0.5088 | per_class={3: '1.00', 6: '0.00'}
[C1] eval model[0] mean=-0.013516 | θ̃ mean=-0.013516 | edge mean=-0.009919
[C1] n=800 | classes=[3, 6] | acc=0.5175 | per_class={3: '1.00', 6: '0.00'}
[C2] eval model[0] mean=-0.009793 | θ̃ mean=-0.009793 | edge mean=-0.009919
[C2] n=800 | classes=[2, 5] | acc=0.5000 | per_class={2: '0.00', 5: '1.00'}
[C3] eval model[0] mean=-0.021434 | θ̃ mean=-0.021434 | edge mean=-0.009919
[C3] n=800 | classes=[5, 7] | acc=0.0000 | per_class={5: '0.00', 7: '0.00'}
[C4] eval model[0] mean=-0.012089 | θ̃ mean=-0.012089 | edge mean=-0.009919
[C4] n=800 | classes=[2, 7] | acc=0.4913 | per_class={2: '1.00', 7: '0.00'}
[C5] eval model[0] mean=-0.009559 | θ̃ mean=-0.009559 | edge mean=-0.009919
[C5] n=800 | classes=[2, 4] | acc=0.4763 | per_class={2: '0.00', 4: '1.00'}
[C6] eval model[0] mean=-0.008766 | θ̃ mean=-0.008766 | edge mean=-0.009919
[C6] n=800 | classes=[6, 7] | acc=0.4925 | per_class={6: '1.00', 7: '0.00'}
[C7] eval model[0] mean=-0.009818 | θ̃ mean=-0.009818 | edge mean=-0.009919
[C7] n=800 | classes=[3, 5] | acc=0.0000 | per_class={3: '0.00', 5: '0.00'}
[C8] eval model[0] mean=-0.009846 | θ̃ mean=-0.009846 | edge mean=-0.009919
[C8] n=400 | classes=[4] | acc=1.0000 | per_class={4: '1.00'}
[C9] eval model[0] mean=-0.009871 | θ̃ mean=-0.009871 | edge mean=-0.009919
[C9] n=400 | classes=[4] | acc=1.0000 | per_class={4: '1.00'}
[C10] eval model[0] mean=-0.139576 | θ̃ mean=-0.139576 | edge mean=-0.039215
[C10] n=480 | classes=[8, 9] | acc=0.5083 | per_class={8: '0.00', 9: '1.00'}
[C11] eval model[0] mean=-0.038495 | θ̃ mean=-0.038495 | edge mean=-0.039215
[C11] n=480 | classes=[0, 1] | acc=0.4875 | per_class={0: '0.00', 1: '1.00'}
[C12] eval model[0] mean=-0.039159 | θ̃ mean=-0.039159 | edge mean=-0.039215
[C12] n=480 | classes=[1, 8] | acc=0.5104 | per_class={1: '0.00', 8: '1.00'}
[C13] eval model[0] mean=-0.035745 | θ̃ mean=-0.035745 | edge mean=-0.039215
[C13] n=480 | classes=[0, 8] | acc=0.0000 | per_class={0: '0.00', 8: '0.00'}
[C14] eval model[0] mean=-0.039708 | θ̃ mean=-0.039708 | edge mean=-0.039215
[C14] n=480 | classes=[0, 9] | acc=0.4938 | per_class={0: '0.00', 9: '1.00'}
[C15] eval model[0] mean=-0.036662 | θ̃ mean=-0.036662 | edge mean=-0.039215
[C15] n=480 | classes=[0, 8] | acc=0.5125 | per_class={0: '1.00', 8: '0.00'}
[C16] eval model[0] mean=-0.039426 | θ̃ mean=-0.039426 | edge mean=-0.039215
[C16] n=480 | classes=[1, 8] | acc=0.5062 | per_class={1: '0.00', 8: '1.00'}
[C17] eval model[0] mean=-0.041212 | θ̃ mean=-0.041212 | edge mean=-0.039215
[C17] n=480 | classes=[1, 9] | acc=0.5042 | per_class={1: '1.00', 9: '0.00'}
[C18] eval model[0] mean=-0.036784 | θ̃ mean=-0.036784 | edge mean=-0.039215
[C18] n=480 | classes=[1, 9] | acc=0.4917 | per_class={1: '0.00', 9: '1.00'}
[C19] eval model[0] mean=-0.039760 | θ̃ mean=-0.039760 | edge mean=-0.039215
[C19] n=480 | classes=[0, 9] | acc=0.5104 | per_class={0: '0.00', 9: '1.00'}
  [Cloud] GM=0.1000 | EM=0.1000 PM=0.4467 | loss=2.3026 | time=74.8s | comm=4556.2MB (total=4556MB)

[Round   2] Broadcasting to 2 edges...
  [Edge 0] G2 | E1 | Hier-pFedMe | Selected 10/10
  [Client  8] Round 2 | Hier-pFedMe(λ2=35.0,K=7) | loss=0.6480
  [Client  9] Round 2 | Hier-pFedMe(λ2=35.0,K=7) | loss=0.9716
  [Client  6] Round 2 | Hier-pFedMe(λ2=35.0,K=7) | loss=5.3351
  [Client  2] Round 2 | Hier-pFedMe(λ2=35.0,K=7) | loss=1.1680
  [Client  5] Round 2 | Hier-pFedMe(λ2=35.0,K=7) | loss=0.7806
  [Client  1] Round 2 | Hier-pFedMe(λ2=35.0,K=7) | loss=17.4962
  [Client  4] Round 2 | Hier-pFedMe(λ2=35.0,K=7) | loss=1.8895
  [Client  0] Round 2 | Hier-pFedMe(λ2=35.0,K=7) | loss=6.2861
  [Client  7] Round 2 | Hier-pFedMe(λ2=35.0,K=7) | loss=1.0490
  [Client  3] Round 2 | Hier-pFedMe(λ2=35.0,K=7) | loss=4251.4160
  [Edge 0] G2 | E1 | loss=476.2478
  [Edge 0] G2 | E2 | Hier-pFedMe | Selected 10/10
  [Client  5] Round 2 | Hier-pFedMe(λ2=35.0,K=7) | loss=0.8425
  [Client  1] Round 2 | Hier-pFedMe(λ2=35.0,K=7) | loss=24.9093
  [Client  8] Round 2 | Hier-pFedMe(λ2=35.0,K=7) | loss=0.8418
  [Client  6] Round 2 | Hier-pFedMe(λ2=35.0,K=7) | loss=2.6200
  [Client  3] Round 2 | Hier-pFedMe(λ2=35.0,K=7) | loss=1.9549
  [Client  4] Round 2 | Hier-pFedMe(λ2=35.0,K=7) | loss=1.2942
  [Client  0] Round 2 | Hier-pFedMe(λ2=35.0,K=7) | loss=3.0144
  [Client  7] Round 2 | Hier-pFedMe(λ2=35.0,K=7) | loss=1.5786
  [Client  9] Round 2 | Hier-pFedMe(λ2=35.0,K=7) | loss=1.1930
  [Client  2] Round 2 | Hier-pFedMe(λ2=35.0,K=7) | loss=0.9461
  [Edge 0] G2 | E2 | loss=4.2419
  [Edge 0] G2 | E3 | Hier-pFedMe | Selected 10/10
  [Client  8] Round 2 | Hier-pFedMe(λ2=35.0,K=7) | loss=2.3207
  [Client  1] Round 2 | Hier-pFedMe(λ2=35.0,K=7) | loss=1.9296
  [Client  6] Round 2 | Hier-pFedMe(λ2=35.0,K=7) | loss=2.0461
  [Client  3] Round 2 | Hier-pFedMe(λ2=35.0,K=7) | loss=3395.4460
  [Client  9] Round 2 | Hier-pFedMe(λ2=35.0,K=7) | loss=2.3275
  [Client  5] Round 2 | Hier-pFedMe(λ2=35.0,K=7) | loss=2.2306
  [Client  0] Round 2 | Hier-pFedMe(λ2=35.0,K=7) | loss=2.3608
  [Client  4] Round 2 | Hier-pFedMe(λ2=35.0,K=7) | loss=2.0578
  [Client  7] Round 2 | Hier-pFedMe(λ2=35.0,K=7) | loss=2.4770
  [Client  2] Round 2 | Hier-pFedMe(λ2=35.0,K=7) | loss=2.2983
  [Edge 0] G2 | E3 | loss=379.2412
  [Edge 0] G2 | E4 | Hier-pFedMe | Selected 10/10
  [Client  5] Round 2 | Hier-pFedMe(λ2=35.0,K=7) | loss=3.8865
  [Client  6] Round 2 | Hier-pFedMe(λ2=35.0,K=7) | loss=1.8033
  [Client  2] Round 2 | Hier-pFedMe(λ2=35.0,K=7) | loss=22.6296
  [Client  1] Round 2 | Hier-pFedMe(λ2=35.0,K=7) | loss=15.6253
  [Client  0] Round 2 | Hier-pFedMe(λ2=35.0,K=7) | loss=3.1148
  [Client  8] Round 2 | Hier-pFedMe(λ2=35.0,K=7) | loss=1.6754
  [Client  7] Round 2 | Hier-pFedMe(λ2=35.0,K=7) | loss=2.8752
  [Client  4] Round 2 | Hier-pFedMe(λ2=35.0,K=7) | loss=3.7080
  [Client  3] Round 2 | Hier-pFedMe(λ2=35.0,K=7) | loss=3104323008580762569015296.0000
  [Client  9] Round 2 | Hier-pFedMe(λ2=35.0,K=7) | loss=1.8015
  [Edge 0] G2 | E4 | loss=344924778731195848458240.0000
  [Edge 0] G2 | E5 | Hier-pFedMe | Selected 10/10
  [Client  2] Round 2 | Hier-pFedMe(λ2=35.0,K=7) | loss=nan
  [Client  6] Round 2 | Hier-pFedMe(λ2=35.0,K=7) | loss=nan
  [Client  5] Round 2 | Hier-pFedMe(λ2=35.0,K=7) | loss=nan
  [Client  1] Round 2 | Hier-pFedMe(λ2=35.0,K=7) | loss=nan
  [Client  8] Round 2 | Hier-pFedMe(λ2=35.0,K=7) | loss=nan
  [Client  9] Round 2 | Hier-pFedMe(λ2=35.0,K=7) | loss=nan
  [Client  3] Round 2 | Hier-pFedMe(λ2=35.0,K=7) | loss=nan
  [Client  7] Round 2 | Hier-pFedMe(λ2=35.0,K=7) | loss=nan
  [Client  4] Round 2 | Hier-pFedMe(λ2=35.0,K=7) | loss=nan
  [Client  0] Round 2 | Hier-pFedMe(λ2=35.0,K=7) | loss=nan
  [Edge 0] G2 | E5 | loss=nan
  [Edge 1] G2 | E1 | Hier-pFedMe | Selected 10/10
  [Client 14] Round 2 | Hier-pFedMe(λ2=35.0,K=7) | loss=1.1180  [Client 11] Round 2 | Hier-pFedMe(λ2=35.0,K=7) | loss=3.2680

  [Client 16] Round 2 | Hier-pFedMe(λ2=35.0,K=7) | loss=1.3580
  [Client 17] Round 2 | Hier-pFedMe(λ2=35.0,K=7) | loss=3.0841
  [Client 13] Round 2 | Hier-pFedMe(λ2=35.0,K=7) | loss=191.1808
  [Client 12] Round 2 | Hier-pFedMe(λ2=35.0,K=7) | loss=6.3912
  [Client 19] Round 2 | Hier-pFedMe(λ2=35.0,K=7) | loss=1.7342
  [Client 10] Round 2 | Hier-pFedMe(λ2=35.0,K=7) | loss=20.5881
  [Client 15] Round 2 | Hier-pFedMe(λ2=35.0,K=7) | loss=2.1518
  [Client 18] Round 2 | Hier-pFedMe(λ2=35.0,K=7) | loss=3.6691
  [Edge 1] G2 | E1 | loss=23.4543
  [Edge 1] G2 | E2 | Hier-pFedMe | Selected 10/10
  [Client 11] Round 2 | Hier-pFedMe(λ2=35.0,K=7) | loss=5.5421
  [Client 10] Round 2 | Hier-pFedMe(λ2=35.0,K=7) | loss=14.9311
  [Client 13] Round 2 | Hier-pFedMe(λ2=35.0,K=7) | loss=106.0158
  [Client 12] Round 2 | Hier-pFedMe(λ2=35.0,K=7) | loss=7.5268
  [Client 17] Round 2 | Hier-pFedMe(λ2=35.0,K=7) | loss=1.3198
  [Client 19] Round 2 | Hier-pFedMe(λ2=35.0,K=7) | loss=0.7588
  [Client 16] Round 2 | Hier-pFedMe(λ2=35.0,K=7) | loss=0.7395
  [Client 18] Round 2 | Hier-pFedMe(λ2=35.0,K=7) | loss=2.1145
  [Client 15] Round 2 | Hier-pFedMe(λ2=35.0,K=7) | loss=2.7627
  [Client 14] Round 2 | Hier-pFedMe(λ2=35.0,K=7) | loss=0.9599
  [Edge 1] G2 | E2 | loss=14.2671
  [Edge 1] G2 | E3 | Hier-pFedMe | Selected 10/10
  [Client 14] Round 2 | Hier-pFedMe(λ2=35.0,K=7) | loss=1.1643
  [Client 12] Round 2 | Hier-pFedMe(λ2=35.0,K=7) | loss=3.6778
  [Client 10] Round 2 | Hier-pFedMe(λ2=35.0,K=7) | loss=10.6649
  [Client 13] Round 2 | Hier-pFedMe(λ2=35.0,K=7) | loss=983.6223
  [Client 17] Round 2 | Hier-pFedMe(λ2=35.0,K=7) | loss=1.4720
  [Client 18] Round 2 | Hier-pFedMe(λ2=35.0,K=7) | loss=3.2455
  [Client 16] Round 2 | Hier-pFedMe(λ2=35.0,K=7) | loss=0.8246
  [Client 19] Round 2 | Hier-pFedMe(λ2=35.0,K=7) | loss=1.0715
  [Client 15] Round 2 | Hier-pFedMe(λ2=35.0,K=7) | loss=2.6826
  [Client 11] Round 2 | Hier-pFedMe(λ2=35.0,K=7) | loss=4.6609
  [Edge 1] G2 | E3 | loss=101.3086
  [Edge 1] G2 | E4 | Hier-pFedMe | Selected 10/10
  [Client 15] Round 2 | Hier-pFedMe(λ2=35.0,K=7) | loss=2.4525
  [Client 19] Round 2 | Hier-pFedMe(λ2=35.0,K=7) | loss=1.1977
  [Client 14] Round 2 | Hier-pFedMe(λ2=35.0,K=7) | loss=1.2663
  [Client 11] Round 2 | Hier-pFedMe(λ2=35.0,K=7) | loss=2.4347
  [Client 12] Round 2 | Hier-pFedMe(λ2=35.0,K=7) | loss=1.9857
  [Client 17] Round 2 | Hier-pFedMe(λ2=35.0,K=7) | loss=1.3808
  [Client 10] Round 2 | Hier-pFedMe(λ2=35.0,K=7) | loss=2.7426
  [Client 13] Round 2 | Hier-pFedMe(λ2=35.0,K=7) | loss=2518.4622
  [Client 16] Round 2 | Hier-pFedMe(λ2=35.0,K=7) | loss=1.4801
  [Client 18] Round 2 | Hier-pFedMe(λ2=35.0,K=7) | loss=1.9243
  [Edge 1] G2 | E4 | loss=253.5327
  [Edge 1] G2 | E5 | Hier-pFedMe | Selected 10/10
  [Client 14] Round 2 | Hier-pFedMe(λ2=35.0,K=7) | loss=1.4372
  [Client 13] Round 2 | Hier-pFedMe(λ2=35.0,K=7) | loss=27.9326
  [Client 18] Round 2 | Hier-pFedMe(λ2=35.0,K=7) | loss=0.8717
  [Client 11] Round 2 | Hier-pFedMe(λ2=35.0,K=7) | loss=1.0476
  [Client 17] Round 2 | Hier-pFedMe(λ2=35.0,K=7) | loss=1.3514
  [Client 16] Round 2 | Hier-pFedMe(λ2=35.0,K=7) | loss=1.1681
  [Client 10] Round 2 | Hier-pFedMe(λ2=35.0,K=7) | loss=7.2192
  [Client 15] Round 2 | Hier-pFedMe(λ2=35.0,K=7) | loss=1.8685
  [Client 19] Round 2 | Hier-pFedMe(λ2=35.0,K=7) | loss=1.1447
  [Client 12] Round 2 | Hier-pFedMe(λ2=35.0,K=7) | loss=0.9869
  [Edge 1] G2 | E5 | loss=4.5028
[C0] eval model[0] mean=nan | θ̃ mean=nan | edge mean=604297953280.000000
[C0] n=800 | classes=[3, 6] | acc=0.0000 | per_class={3: '0.00', 6: '0.00'}
[C1] eval model[0] mean=nan | θ̃ mean=nan | edge mean=604297953280.000000
[C1] n=800 | classes=[3, 6] | acc=0.0000 | per_class={3: '0.00', 6: '0.00'}
[C2] eval model[0] mean=nan | θ̃ mean=nan | edge mean=604297953280.000000
[C2] n=800 | classes=[2, 5] | acc=0.0000 | per_class={2: '0.00', 5: '0.00'}
[C3] eval model[0] mean=nan | θ̃ mean=nan | edge mean=604297953280.000000
[C3] n=800 | classes=[5, 7] | acc=0.0000 | per_class={5: '0.00', 7: '0.00'}
[C4] eval model[0] mean=nan | θ̃ mean=nan | edge mean=604297953280.000000
[C4] n=800 | classes=[2, 7] | acc=0.0000 | per_class={2: '0.00', 7: '0.00'}
[C5] eval model[0] mean=nan | θ̃ mean=nan | edge mean=604297953280.000000
[C5] n=800 | classes=[2, 4] | acc=0.0000 | per_class={2: '0.00', 4: '0.00'}
[C6] eval model[0] mean=nan | θ̃ mean=nan | edge mean=604297953280.000000
[C6] n=800 | classes=[6, 7] | acc=0.0000 | per_class={6: '0.00', 7: '0.00'}
[C7] eval model[0] mean=nan | θ̃ mean=nan | edge mean=604297953280.000000
[C7] n=800 | classes=[3, 5] | acc=0.0000 | per_class={3: '0.00', 5: '0.00'}
[C8] eval model[0] mean=nan | θ̃ mean=nan | edge mean=604297953280.000000
[C8] n=400 | classes=[4] | acc=0.0000 | per_class={4: '0.00'}
[C9] eval model[0] mean=nan | θ̃ mean=nan | edge mean=604297953280.000000
[C9] n=400 | classes=[4] | acc=0.0000 | per_class={4: '0.00'}
[C10] eval model[0] mean=-0.047613 | θ̃ mean=-0.047613 | edge mean=-0.044936
[C10] n=480 | classes=[8, 9] | acc=0.4917 | per_class={8: '1.00', 9: '0.00'}
[C11] eval model[0] mean=-0.045069 | θ̃ mean=-0.045069 | edge mean=-0.044936
[C11] n=480 | classes=[0, 1] | acc=0.4875 | per_class={0: '0.00', 1: '1.00'}
[C12] eval model[0] mean=-0.044890 | θ̃ mean=-0.044890 | edge mean=-0.044936
[C12] n=480 | classes=[1, 8] | acc=0.5104 | per_class={1: '0.00', 8: '1.00'}
[C13] eval model[0] mean=0.317380 | θ̃ mean=0.317380 | edge mean=-0.044936
[C13] n=480 | classes=[0, 8] | acc=0.5125 | per_class={0: '1.00', 8: '0.00'}
[C14] eval model[0] mean=-0.044975 | θ̃ mean=-0.044975 | edge mean=-0.044936
[C14] n=480 | classes=[0, 9] | acc=0.4938 | per_class={0: '0.00', 9: '1.00'}
[C15] eval model[0] mean=-0.045019 | θ̃ mean=-0.045019 | edge mean=-0.044936
[C15] n=480 | classes=[0, 8] | acc=0.4875 | per_class={0: '0.00', 8: '1.00'}
[C16] eval model[0] mean=-0.044873 | θ̃ mean=-0.044873 | edge mean=-0.044936
[C16] n=480 | classes=[1, 8] | acc=0.5062 | per_class={1: '0.00', 8: '1.00'}
[C17] eval model[0] mean=-0.045193 | θ̃ mean=-0.045193 | edge mean=-0.044936
[C17] n=480 | classes=[1, 9] | acc=0.4958 | per_class={1: '0.00', 9: '1.00'}
[C18] eval model[0] mean=-0.044730 | θ̃ mean=-0.044730 | edge mean=-0.044936
[C18] n=480 | classes=[1, 9] | acc=0.4917 | per_class={1: '0.00', 9: '1.00'}
[C19] eval model[0] mean=-0.045072 | θ̃ mean=-0.045072 | edge mean=-0.044936
[C19] n=480 | classes=[0, 9] | acc=0.5104 | per_class={0: '0.00', 9: '1.00'}
  [Cloud] GM=0.1000 | EM=0.1000 PM=0.1995 | loss=nan | time=39.6s | comm=4556.2MB (total=9112MB)

[Round   3] Broadcasting to 2 edges...
  [Edge 0] G3 | E1 | Hier-pFedMe | Selected 10/10
  [Client  3] Round 3 | Hier-pFedMe(λ2=35.0,K=7) | loss=nan
  [Client  9] Round 3 | Hier-pFedMe(λ2=35.0,K=7) | loss=nan
  [Client  6] Round 3 | Hier-pFedMe(λ2=35.0,K=7) | loss=nan
  [Client  4] Round 3 | Hier-pFedMe(λ2=35.0,K=7) | loss=nan
  [Client  1] Round 3 | Hier-pFedMe(λ2=35.0,K=7) | loss=nan
  [Client  5] Round 3 | Hier-pFedMe(λ2=35.0,K=7) | loss=nan
  [Client  0] Round 3 | Hier-pFedMe(λ2=35.0,K=7) | loss=nan
  [Client  7] Round 3 | Hier-pFedMe(λ2=35.0,K=7) | loss=nan
  [Client  8] Round 3 | Hier-pFedMe(λ2=35.0,K=7) | loss=nan
  [Client  2] Round 3 | Hier-pFedMe(λ2=35.0,K=7) | loss=nan
  [Edge 0] G3 | E1 | loss=nan
  [Edge 0] G3 | E2 | Hier-pFedMe | Selected 10/10
  [Client  4] Round 3 | Hier-pFedMe(λ2=35.0,K=7) | loss=nan
  [Client  5] Round 3 | Hier-pFedMe(λ2=35.0,K=7) | loss=nan
  [Client  9] Round 3 | Hier-pFedMe(λ2=35.0,K=7) | loss=nan
  [Client  6] Round 3 | Hier-pFedMe(λ2=35.0,K=7) | loss=nan
  [Client  7] Round 3 | Hier-pFedMe(λ2=35.0,K=7) | loss=nan
  [Client  1] Round 3 | Hier-pFedMe(λ2=35.0,K=7) | loss=nan
  [Client  8] Round 3 | Hier-pFedMe(λ2=35.0,K=7) | loss=nan
  [Client  0] Round 3 | Hier-pFedMe(λ2=35.0,K=7) | loss=nan
  [Client  3] Round 3 | Hier-pFedMe(λ2=35.0,K=7) | loss=nan
  [Client  2] Round 3 | Hier-pFedMe(λ2=35.0,K=7) | loss=nan
  [Edge 0] G3 | E2 | loss=nan
  [Edge 0] G3 | E3 | Hier-pFedMe | Selected 10/10
  [Client  9] Round 3 | Hier-pFedMe(λ2=35.0,K=7) | loss=nan
  [Client  6] Round 3 | Hier-pFedMe(λ2=35.0,K=7) | loss=nan
  [Client  7] Round 3 | Hier-pFedMe(λ2=35.0,K=7) | loss=nan
  [Client  5] Round 3 | Hier-pFedMe(λ2=35.0,K=7) | loss=nan
  [Client  4] Round 3 | Hier-pFedMe(λ2=35.0,K=7) | loss=nan
  [Client  1] Round 3 | Hier-pFedMe(λ2=35.0,K=7) | loss=nan
  [Client  2] Round 3 | Hier-pFedMe(λ2=35.0,K=7) | loss=nan
  [Client  0] Round 3 | Hier-pFedMe(λ2=35.0,K=7) | loss=nan
  [Client  3] Round 3 | Hier-pFedMe(λ2=35.0,K=7) | loss=nan
  [Client  8] Round 3 | Hier-pFedMe(λ2=35.0,K=7) | loss=nan
  [Edge 0] G3 | E3 | loss=nan
  [Edge 0] G3 | E4 | Hier-pFedMe | Selected 10/10
  [Client  7] Round 3 | Hier-pFedMe(λ2=35.0,K=7) | loss=nan
  [Client  1] Round 3 | Hier-pFedMe(λ2=35.0,K=7) | loss=nan
  [Client  8] Round 3 | Hier-pFedMe(λ2=35.0,K=7) | loss=nan
  [Client  0] Round 3 | Hier-pFedMe(λ2=35.0,K=7) | loss=nan
  [Client  3] Round 3 | Hier-pFedMe(λ2=35.0,K=7) | loss=nan
  [Client  2] Round 3 | Hier-pFedMe(λ2=35.0,K=7) | loss=nan
  [Client  9] Round 3 | Hier-pFedMe(λ2=35.0,K=7) | loss=nan
  [Client  6] Round 3 | Hier-pFedMe(λ2=35.0,K=7) | loss=nan
  [Client  4] Round 3 | Hier-pFedMe(λ2=35.0,K=7) | loss=nan
  [Client  5] Round 3 | Hier-pFedMe(λ2=35.0,K=7) | loss=nan
  [Edge 0] G3 | E4 | loss=nan
  [Edge 0] G3 | E5 | Hier-pFedMe | Selected 10/10
  [Client  4] Round 3 | Hier-pFedMe(λ2=35.0,K=7) | loss=nan
  [Client  5] Round 3 | Hier-pFedMe(λ2=35.0,K=7) | loss=nan
  [Client  9] Round 3 | Hier-pFedMe(λ2=35.0,K=7) | loss=nan
  [Client  0] Round 3 | Hier-pFedMe(λ2=35.0,K=7) | loss=nan
  [Client  3] Round 3 | Hier-pFedMe(λ2=35.0,K=7) | loss=nan
  [Client  7] Round 3 | Hier-pFedMe(λ2=35.0,K=7) | loss=nan
  [Client  2] Round 3 | Hier-pFedMe(λ2=35.0,K=7) | loss=nan
  [Client  6] Round 3 | Hier-pFedMe(λ2=35.0,K=7) | loss=nan
  [Client  1] Round 3 | Hier-pFedMe(λ2=35.0,K=7) | loss=nan
  [Client  8] Round 3 | Hier-pFedMe(λ2=35.0,K=7) | loss=nan
  [Edge 0] G3 | E5 | loss=nan
  [Edge 1] G3 | E1 | Hier-pFedMe | Selected 10/10
  [Client 17] Round 3 | Hier-pFedMe(λ2=35.0,K=7) | loss=nan
  [Client 11] Round 3 | Hier-pFedMe(λ2=35.0,K=7) | loss=nan
  [Client 12] Round 3 | Hier-pFedMe(λ2=35.0,K=7) | loss=nan
  [Client 18] Round 3 | Hier-pFedMe(λ2=35.0,K=7) | loss=nan
  [Client 15] Round 3 | Hier-pFedMe(λ2=35.0,K=7) | loss=nan
  [Client 10] Round 3 | Hier-pFedMe(λ2=35.0,K=7) | loss=nan
  [Client 13] Round 3 | Hier-pFedMe(λ2=35.0,K=7) | loss=nan
  [Client 19] Round 3 | Hier-pFedMe(λ2=35.0,K=7) | loss=nan
  [Client 14] Round 3 | Hier-pFedMe(λ2=35.0,K=7) | loss=nan
  [Client 16] Round 3 | Hier-pFedMe(λ2=35.0,K=7) | loss=nan
  [Edge 1] G3 | E1 | loss=nan
  [Edge 1] G3 | E2 | Hier-pFedMe | Selected 10/10
  [Client 10] Round 3 | Hier-pFedMe(λ2=35.0,K=7) | loss=nan
  [Client 15] Round 3 | Hier-pFedMe(λ2=35.0,K=7) | loss=nan
  [Client 13] Round 3 | Hier-pFedMe(λ2=35.0,K=7) | loss=nan
  [Client 12] Round 3 | Hier-pFedMe(λ2=35.0,K=7) | loss=nan
  [Client 17] Round 3 | Hier-pFedMe(λ2=35.0,K=7) | loss=nan
  [Client 16] Round 3 | Hier-pFedMe(λ2=35.0,K=7) | loss=nan
  [Client 19] Round 3 | Hier-pFedMe(λ2=35.0,K=7) | loss=nan
  [Client 18] Round 3 | Hier-pFedMe(λ2=35.0,K=7) | loss=nan
  [Client 14] Round 3 | Hier-pFedMe(λ2=35.0,K=7) | loss=nan
  [Client 11] Round 3 | Hier-pFedMe(λ2=35.0,K=7) | loss=nan
  [Edge 1] G3 | E2 | loss=nan
  [Edge 1] G3 | E3 | Hier-pFedMe | Selected 10/10
  [Client 10] Round 3 | Hier-pFedMe(λ2=35.0,K=7) | loss=nan
  [Client 16] Round 3 | Hier-pFedMe(λ2=35.0,K=7) | loss=nan
  [Client 17] Round 3 | Hier-pFedMe(λ2=35.0,K=7) | loss=nan
  [Client 15] Round 3 | Hier-pFedMe(λ2=35.0,K=7) | loss=nan
  [Client 12] Round 3 | Hier-pFedMe(λ2=35.0,K=7) | loss=nan
  [Client 14] Round 3 | Hier-pFedMe(λ2=35.0,K=7) | loss=nan
  [Client 19] Round 3 | Hier-pFedMe(λ2=35.0,K=7) | loss=nan
  [Client 18] Round 3 | Hier-pFedMe(λ2=35.0,K=7) | loss=nan
  [Client 13] Round 3 | Hier-pFedMe(λ2=35.0,K=7) | loss=nan
  [Client 11] Round 3 | Hier-pFedMe(λ2=35.0,K=7) | loss=nan
  [Edge 1] G3 | E3 | loss=nan
  [Edge 1] G3 | E4 | Hier-pFedMe | Selected 10/10
  [Client 10] Round 3 | Hier-pFedMe(λ2=35.0,K=7) | loss=nan
  [Client 15] Round 3 | Hier-pFedMe(λ2=35.0,K=7) | loss=nan
  [Client 13] Round 3 | Hier-pFedMe(λ2=35.0,K=7) | loss=nan
  [Client 19] Round 3 | Hier-pFedMe(λ2=35.0,K=7) | loss=nan
  [Client 16] Round 3 | Hier-pFedMe(λ2=35.0,K=7) | loss=nan
  [Client 17] Round 3 | Hier-pFedMe(λ2=35.0,K=7) | loss=nan
  [Client 12] Round 3 | Hier-pFedMe(λ2=35.0,K=7) | loss=nan
  [Client 11] Round 3 | Hier-pFedMe(λ2=35.0,K=7) | loss=nan
  [Client 14] Round 3 | Hier-pFedMe(λ2=35.0,K=7) | loss=nan
  [Client 18] Round 3 | Hier-pFedMe(λ2=35.0,K=7) | loss=nan
  [Edge 1] G3 | E4 | loss=nan
  [Edge 1] G3 | E5 | Hier-pFedMe | Selected 10/10
  [Client 12] Round 3 | Hier-pFedMe(λ2=35.0,K=7) | loss=nan
  [Client 13] Round 3 | Hier-pFedMe(λ2=35.0,K=7) | loss=nan
  [Client 14] Round 3 | Hier-pFedMe(λ2=35.0,K=7) | loss=nan
  [Client 10] Round 3 | Hier-pFedMe(λ2=35.0,K=7) | loss=nan
  [Client 19] Round 3 | Hier-pFedMe(λ2=35.0,K=7) | loss=nan
  [Client 11] Round 3 | Hier-pFedMe(λ2=35.0,K=7) | loss=nan
  [Client 17] Round 3 | Hier-pFedMe(λ2=35.0,K=7) | loss=nan
  [Client 15] Round 3 | Hier-pFedMe(λ2=35.0,K=7) | loss=nan
  [Client 18] Round 3 | Hier-pFedMe(λ2=35.0,K=7) | loss=nan
  [Client 16] Round 3 | Hier-pFedMe(λ2=35.0,K=7) | loss=nan
  [Edge 1] G3 | E5 | loss=nan
[C0] eval model[0] mean=nan | θ̃ mean=nan | edge mean=nan
[C0] n=800 | classes=[3, 6] | acc=0.0000 | per_class={3: '0.00', 6: '0.00'}
[C1] eval model[0] mean=nan | θ̃ mean=nan | edge mean=nan
[C1] n=800 | classes=[3, 6] | acc=0.0000 | per_class={3: '0.00', 6: '0.00'}
[C2] eval model[0] mean=nan | θ̃ mean=nan | edge mean=nan
[C2] n=800 | classes=[2, 5] | acc=0.0000 | per_class={2: '0.00', 5: '0.00'}
[C3] eval model[0] mean=nan | θ̃ mean=nan | edge mean=nan
[C3] n=800 | classes=[5, 7] | acc=0.0000 | per_class={5: '0.00', 7: '0.00'}
[C4] eval model[0] mean=nan | θ̃ mean=nan | edge mean=nan
[C4] n=800 | classes=[2, 7] | acc=0.0000 | per_class={2: '0.00', 7: '0.00'}
[C5] eval model[0] mean=nan | θ̃ mean=nan | edge mean=nan
[C5] n=800 | classes=[2, 4] | acc=0.0000 | per_class={2: '0.00', 4: '0.00'}
[C6] eval model[0] mean=nan | θ̃ mean=nan | edge mean=nan
[C6] n=800 | classes=[6, 7] | acc=0.0000 | per_class={6: '0.00', 7: '0.00'}
[C7] eval model[0] mean=nan | θ̃ mean=nan | edge mean=nan
[C7] n=800 | classes=[3, 5] | acc=0.0000 | per_class={3: '0.00', 5: '0.00'}
[C8] eval model[0] mean=nan | θ̃ mean=nan | edge mean=nan
[C8] n=400 | classes=[4] | acc=0.0000 | per_class={4: '0.00'}
[C9] eval model[0] mean=nan | θ̃ mean=nan | edge mean=nan
[C9] n=400 | classes=[4] | acc=0.0000 | per_class={4: '0.00'}
[C10] eval model[0] mean=nan | θ̃ mean=nan | edge mean=nan
[C10] n=480 | classes=[8, 9] | acc=0.0000 | per_class={8: '0.00', 9: '0.00'}
[C11] eval model[0] mean=nan | θ̃ mean=nan | edge mean=nan
[C11] n=480 | classes=[0, 1] | acc=0.5125 | per_class={0: '1.00', 1: '0.00'}
[C12] eval model[0] mean=nan | θ̃ mean=nan | edge mean=nan
[C12] n=480 | classes=[1, 8] | acc=0.0000 | per_class={1: '0.00', 8: '0.00'}
[C13] eval model[0] mean=nan | θ̃ mean=nan | edge mean=nan
[C13] n=480 | classes=[0, 8] | acc=0.5125 | per_class={0: '1.00', 8: '0.00'}
[C14] eval model[0] mean=nan | θ̃ mean=nan | edge mean=nan
[C14] n=480 | classes=[0, 9] | acc=0.5062 | per_class={0: '1.00', 9: '0.00'}
[C15] eval model[0] mean=nan | θ̃ mean=nan | edge mean=nan
[C15] n=480 | classes=[0, 8] | acc=0.5125 | per_class={0: '1.00', 8: '0.00'}
[C16] eval model[0] mean=nan | θ̃ mean=nan | edge mean=nan
[C16] n=480 | classes=[1, 8] | acc=0.0000 | per_class={1: '0.00', 8: '0.00'}
[C17] eval model[0] mean=nan | θ̃ mean=nan | edge mean=nan
[C17] n=480 | classes=[1, 9] | acc=0.0000 | per_class={1: '0.00', 9: '0.00'}
[C18] eval model[0] mean=nan | θ̃ mean=nan | edge mean=nan
[C18] n=480 | classes=[1, 9] | acc=0.0000 | per_class={1: '0.00', 9: '0.00'}
[C19] eval model[0] mean=nan | θ̃ mean=nan | edge mean=nan
[C19] n=480 | classes=[0, 9] | acc=0.4896 | per_class={0: '1.00', 9: '0.00'}
  [Cloud] GM=0.1000 | EM=0.1000 PM=0.1013 | loss=nan | time=39.4s | comm=4556.2MB (total=13669MB)

[Round   4] Broadcasting to 2 edges...
  [Edge 0] G4 | E1 | Hier-pFedMe | Selected 10/10
  [Client  7] Round 4 | Hier-pFedMe(λ2=35.0,K=7) | loss=nan
  [Client  6] Round 4 | Hier-pFedMe(λ2=35.0,K=7) | loss=nan
  [Client  5] Round 4 | Hier-pFedMe(λ2=35.0,K=7) | loss=nan
  [Client  2] Round 4 | Hier-pFedMe(λ2=35.0,K=7) | loss=nan
  [Client  1] Round 4 | Hier-pFedMe(λ2=35.0,K=7) | loss=nan
  [Client  8] Round 4 | Hier-pFedMe(λ2=35.0,K=7) | loss=nan
  [Client  0] Round 4 | Hier-pFedMe(λ2=35.0,K=7) | loss=nan
  [Client  4] Round 4 | Hier-pFedMe(λ2=35.0,K=7) | loss=nan
  [Client  9] Round 4 | Hier-pFedMe(λ2=35.0,K=7) | loss=nan
  [Client  3] Round 4 | Hier-pFedMe(λ2=35.0,K=7) | loss=nan
  [Edge 0] G4 | E1 | loss=nan
  [Edge 0] G4 | E2 | Hier-pFedMe | Selected 10/10
  [Client  2] Round 4 | Hier-pFedMe(λ2=35.0,K=7) | loss=nan
  [Client  6] Round 4 | Hier-pFedMe(λ2=35.0,K=7) | loss=nan
  [Client  1] Round 4 | Hier-pFedMe(λ2=35.0,K=7) | loss=nan
  [Client  4] Round 4 | Hier-pFedMe(λ2=35.0,K=7) | loss=nan
  [Client  3] Round 4 | Hier-pFedMe(λ2=35.0,K=7) | loss=nan
  [Client  5] Round 4 | Hier-pFedMe(λ2=35.0,K=7) | loss=nan
  [Client  9] Round 4 | Hier-pFedMe(λ2=35.0,K=7) | loss=nan
  [Client  0] Round 4 | Hier-pFedMe(λ2=35.0,K=7) | loss=nan
  [Client  8] Round 4 | Hier-pFedMe(λ2=35.0,K=7) | loss=nan
  [Client  7] Round 4 | Hier-pFedMe(λ2=35.0,K=7) | loss=nan
  [Edge 0] G4 | E2 | loss=nan
  [Edge 0] G4 | E3 | Hier-pFedMe | Selected 10/10
  [Client  6] Round 4 | Hier-pFedMe(λ2=35.0,K=7) | loss=nan
  [Client  8] Round 4 | Hier-pFedMe(λ2=35.0,K=7) | loss=nan
  [Client  2] Round 4 | Hier-pFedMe(λ2=35.0,K=7) | loss=nan
  [Client  3] Round 4 | Hier-pFedMe(λ2=35.0,K=7) | loss=nan
  [Client  1] Round 4 | Hier-pFedMe(λ2=35.0,K=7) | loss=nan
  [Client  7] Round 4 | Hier-pFedMe(λ2=35.0,K=7) | loss=nan
  [Client  0] Round 4 | Hier-pFedMe(λ2=35.0,K=7) | loss=nan
  [Client  9] Round 4 | Hier-pFedMe(λ2=35.0,K=7) | loss=nan
  [Client  5] Round 4 | Hier-pFedMe(λ2=35.0,K=7) | loss=nan
  [Client  4] Round 4 | Hier-pFedMe(λ2=35.0,K=7) | loss=nan
  [Edge 0] G4 | E3 | loss=nan
  [Edge 0] G4 | E4 | Hier-pFedMe | Selected 10/10
  [Client  2] Round 4 | Hier-pFedMe(λ2=35.0,K=7) | loss=nan
  [Client  4] Round 4 | Hier-pFedMe(λ2=35.0,K=7) | loss=nan
  [Client  9] Round 4 | Hier-pFedMe(λ2=35.0,K=7) | loss=nan
  [Client  7] Round 4 | Hier-pFedMe(λ2=35.0,K=7) | loss=nan
  [Client  0] Round 4 | Hier-pFedMe(λ2=35.0,K=7) | loss=nan
  [Client  6] Round 4 | Hier-pFedMe(λ2=35.0,K=7) | loss=nan
  [Client  3] Round 4 | Hier-pFedMe(λ2=35.0,K=7) | loss=nan
  [Client  1] Round 4 | Hier-pFedMe(λ2=35.0,K=7) | loss=nan
  [Client  8] Round 4 | Hier-pFedMe(λ2=35.0,K=7) | loss=nan
  [Client  5] Round 4 | Hier-pFedMe(λ2=35.0,K=7) | loss=nan
  [Edge 0] G4 | E4 | loss=nan
  [Edge 0] G4 | E5 | Hier-pFedMe | Selected 10/10
  [Client  8] Round 4 | Hier-pFedMe(λ2=35.0,K=7) | loss=nan
  [Client  4] Round 4 | Hier-pFedMe(λ2=35.0,K=7) | loss=nan
  [Client  1] Round 4 | Hier-pFedMe(λ2=35.0,K=7) | loss=nan
  [Client  2] Round 4 | Hier-pFedMe(λ2=35.0,K=7) | loss=nan
  [Client  5] Round 4 | Hier-pFedMe(λ2=35.0,K=7) | loss=nan
  [Client  9] Round 4 | Hier-pFedMe(λ2=35.0,K=7) | loss=nan
  [Client  0] Round 4 | Hier-pFedMe(λ2=35.0,K=7) | loss=nan
  [Client  3] Round 4 | Hier-pFedMe(λ2=35.0,K=7) | loss=nan
  [Client  7] Round 4 | Hier-pFedMe(λ2=35.0,K=7) | loss=nan
  [Client  6] Round 4 | Hier-pFedMe(λ2=35.0,K=7) | loss=nan
  [Edge 0] G4 | E5 | loss=nan
  [Edge 1] G4 | E1 | Hier-pFedMe | Selected 10/10
  [Client 13] Round 4 | Hier-pFedMe(λ2=35.0,K=7) | loss=nan
  [Client 14] Round 4 | Hier-pFedMe(λ2=35.0,K=7) | loss=nan
  [Client 10] Round 4 | Hier-pFedMe(λ2=35.0,K=7) | loss=nan
  [Client 17] Round 4 | Hier-pFedMe(λ2=35.0,K=7) | loss=nan
  [Client 12] Round 4 | Hier-pFedMe(λ2=35.0,K=7) | loss=nan
  [Client 11] Round 4 | Hier-pFedMe(λ2=35.0,K=7) | loss=nan
  [Client 18] Round 4 | Hier-pFedMe(λ2=35.0,K=7) | loss=nan
  [Client 19] Round 4 | Hier-pFedMe(λ2=35.0,K=7) | loss=nan
  [Client 15] Round 4 | Hier-pFedMe(λ2=35.0,K=7) | loss=nan
  [Client 16] Round 4 | Hier-pFedMe(λ2=35.0,K=7) | loss=nan
  [Edge 1] G4 | E1 | loss=nan
  [Edge 1] G4 | E2 | Hier-pFedMe | Selected 10/10
  [Client 17] Round 4 | Hier-pFedMe(λ2=35.0,K=7) | loss=nan
  [Client 10] Round 4 | Hier-pFedMe(λ2=35.0,K=7) | loss=nan
  [Client 16] Round 4 | Hier-pFedMe(λ2=35.0,K=7) | loss=nan
  [Client 11] Round 4 | Hier-pFedMe(λ2=35.0,K=7) | loss=nan
  [Client 19] Round 4 | Hier-pFedMe(λ2=35.0,K=7) | loss=nan
  [Client 12] Round 4 | Hier-pFedMe(λ2=35.0,K=7) | loss=nan
  [Client 15] Round 4 | Hier-pFedMe(λ2=35.0,K=7) | loss=nan
  [Client 14] Round 4 | Hier-pFedMe(λ2=35.0,K=7) | loss=nan
  [Client 18] Round 4 | Hier-pFedMe(λ2=35.0,K=7) | loss=nan
  [Client 13] Round 4 | Hier-pFedMe(λ2=35.0,K=7) | loss=nan
  [Edge 1] G4 | E2 | loss=nan
  [Edge 1] G4 | E3 | Hier-pFedMe | Selected 10/10
  [Client 10] Round 4 | Hier-pFedMe(λ2=35.0,K=7) | loss=nan
  [Client 14] Round 4 | Hier-pFedMe(λ2=35.0,K=7) | loss=nan
  [Client 18] Round 4 | Hier-pFedMe(λ2=35.0,K=7) | loss=nan
  [Client 12] Round 4 | Hier-pFedMe(λ2=35.0,K=7) | loss=nan
  [Client 16] Round 4 | Hier-pFedMe(λ2=35.0,K=7) | loss=nan
  [Client 11] Round 4 | Hier-pFedMe(λ2=35.0,K=7) | loss=nan
  [Client 19] Round 4 | Hier-pFedMe(λ2=35.0,K=7) | loss=nan
  [Client 17] Round 4 | Hier-pFedMe(λ2=35.0,K=7) | loss=nan
  [Client 15] Round 4 | Hier-pFedMe(λ2=35.0,K=7) | loss=nan
  [Client 13] Round 4 | Hier-pFedMe(λ2=35.0,K=7) | loss=nan
  [Edge 1] G4 | E3 | loss=nan
  [Edge 1] G4 | E4 | Hier-pFedMe | Selected 10/10
  [Client 17] Round 4 | Hier-pFedMe(λ2=35.0,K=7) | loss=nan
  [Client 10] Round 4 | Hier-pFedMe(λ2=35.0,K=7) | loss=nan
  [Client 14] Round 4 | Hier-pFedMe(λ2=35.0,K=7) | loss=nan
  [Client 19] Round 4 | Hier-pFedMe(λ2=35.0,K=7) | loss=nan
  [Client 16] Round 4 | Hier-pFedMe(λ2=35.0,K=7) | loss=nan
  [Client 18] Round 4 | Hier-pFedMe(λ2=35.0,K=7) | loss=nan
  [Client 13] Round 4 | Hier-pFedMe(λ2=35.0,K=7) | loss=nan
  [Client 11] Round 4 | Hier-pFedMe(λ2=35.0,K=7) | loss=nan
  [Client 15] Round 4 | Hier-pFedMe(λ2=35.0,K=7) | loss=nan
  [Client 12] Round 4 | Hier-pFedMe(λ2=35.0,K=7) | loss=nan
  [Edge 1] G4 | E4 | loss=nan
  [Edge 1] G4 | E5 | Hier-pFedMe | Selected 10/10
  [Client 17] Round 4 | Hier-pFedMe(λ2=35.0,K=7) | loss=nan
  [Client 14] Round 4 | Hier-pFedMe(λ2=35.0,K=7) | loss=nan  [Client 10] Round 4 | Hier-pFedMe(λ2=35.0,K=7) | loss=nan

  [Client 11] Round 4 | Hier-pFedMe(λ2=35.0,K=7) | loss=nan
  [Client 15] Round 4 | Hier-pFedMe(λ2=35.0,K=7) | loss=nan
  [Client 13] Round 4 | Hier-pFedMe(λ2=35.0,K=7) | loss=nan
  [Client 18] Round 4 | Hier-pFedMe(λ2=35.0,K=7) | loss=nan
  [Client 19] Round 4 | Hier-pFedMe(λ2=35.0,K=7) | loss=nan
  [Client 16] Round 4 | Hier-pFedMe(λ2=35.0,K=7) | loss=nan
  [Client 12] Round 4 | Hier-pFedMe(λ2=35.0,K=7) | loss=nan
  [Edge 1] G4 | E5 | loss=nan
[C0] eval model[0] mean=nan | θ̃ mean=nan | edge mean=nan
[C0] n=800 | classes=[3, 6] | acc=0.0000 | per_class={3: '0.00', 6: '0.00'}
[C1] eval model[0] mean=nan | θ̃ mean=nan | edge mean=nan
[C1] n=800 | classes=[3, 6] | acc=0.0000 | per_class={3: '0.00', 6: '0.00'}
[C2] eval model[0] mean=nan | θ̃ mean=nan | edge mean=nan
[C2] n=800 | classes=[2, 5] | acc=0.0000 | per_class={2: '0.00', 5: '0.00'}
[C3] eval model[0] mean=nan | θ̃ mean=nan | edge mean=nan
[C3] n=800 | classes=[5, 7] | acc=0.0000 | per_class={5: '0.00', 7: '0.00'}
[C4] eval model[0] mean=nan | θ̃ mean=nan | edge mean=nan
[C4] n=800 | classes=[2, 7] | acc=0.0000 | per_class={2: '0.00', 7: '0.00'}
[C5] eval model[0] mean=nan | θ̃ mean=nan | edge mean=nan
[C5] n=800 | classes=[2, 4] | acc=0.0000 | per_class={2: '0.00', 4: '0.00'}
[C6] eval model[0] mean=nan | θ̃ mean=nan | edge mean=nan
[C6] n=800 | classes=[6, 7] | acc=0.0000 | per_class={6: '0.00', 7: '0.00'}
[C7] eval model[0] mean=nan | θ̃ mean=nan | edge mean=nan
[C7] n=800 | classes=[3, 5] | acc=0.0000 | per_class={3: '0.00', 5: '0.00'}
[C8] eval model[0] mean=nan | θ̃ mean=nan | edge mean=nan
[C8] n=400 | classes=[4] | acc=0.0000 | per_class={4: '0.00'}
[C9] eval model[0] mean=nan | θ̃ mean=nan | edge mean=nan
[C9] n=400 | classes=[4] | acc=0.0000 | per_class={4: '0.00'}
[C10] eval model[0] mean=nan | θ̃ mean=nan | edge mean=nan
[C10] n=480 | classes=[8, 9] | acc=0.0000 | per_class={8: '0.00', 9: '0.00'}
[C11] eval model[0] mean=nan | θ̃ mean=nan | edge mean=nan
[C11] n=480 | classes=[0, 1] | acc=0.5125 | per_class={0: '1.00', 1: '0.00'}
[C12] eval model[0] mean=nan | θ̃ mean=nan | edge mean=nan
[C12] n=480 | classes=[1, 8] | acc=0.0000 | per_class={1: '0.00', 8: '0.00'}
[C13] eval model[0] mean=nan | θ̃ mean=nan | edge mean=nan
[C13] n=480 | classes=[0, 8] | acc=0.5125 | per_class={0: '1.00', 8: '0.00'}
[C14] eval model[0] mean=nan | θ̃ mean=nan | edge mean=nan
[C14] n=480 | classes=[0, 9] | acc=0.5062 | per_class={0: '1.00', 9: '0.00'}
[C15] eval model[0] mean=nan | θ̃ mean=nan | edge mean=nan
[C15] n=480 | classes=[0, 8] | acc=0.5125 | per_class={0: '1.00', 8: '0.00'}
[C16] eval model[0] mean=nan | θ̃ mean=nan | edge mean=nan
[C16] n=480 | classes=[1, 8] | acc=0.0000 | per_class={1: '0.00', 8: '0.00'}
[C17] eval model[0] mean=nan | θ̃ mean=nan | edge mean=nan
[C17] n=480 | classes=[1, 9] | acc=0.0000 | per_class={1: '0.00', 9: '0.00'}
[C18] eval model[0] mean=nan | θ̃ mean=nan | edge mean=nan
[C18] n=480 | classes=[1, 9] | acc=0.0000 | per_class={1: '0.00', 9: '0.00'}
[C19] eval model[0] mean=nan | θ̃ mean=nan | edge mean=nan
[C19] n=480 | classes=[0, 9] | acc=0.4896 | per_class={0: '1.00', 9: '0.00'}
  [Cloud] GM=0.1000 | EM=0.1000 PM=0.1013 | loss=nan | time=39.5s | comm=4556.2MB (total=18225MB)

[Round   5] Broadcasting to 2 edges...
  [Edge 0] G5 | E1 | Hier-pFedMe | Selected 10/10
  [Client  1] Round 5 | Hier-pFedMe(λ2=35.0,K=7) | loss=nan
  [Client  0] Round 5 | Hier-pFedMe(λ2=35.0,K=7) | loss=nan
  [Client  8] Round 5 | Hier-pFedMe(λ2=35.0,K=7) | loss=nan
  [Client  2] Round 5 | Hier-pFedMe(λ2=35.0,K=7) | loss=nan
  [Client  7] Round 5 | Hier-pFedMe(λ2=35.0,K=7) | loss=nan
  [Client  6] Round 5 | Hier-pFedMe(λ2=35.0,K=7) | loss=nan
  [Client  9] Round 5 | Hier-pFedMe(λ2=35.0,K=7) | loss=nan
  [Client  4] Round 5 | Hier-pFedMe(λ2=35.0,K=7) | loss=nan
  [Client  3] Round 5 | Hier-pFedMe(λ2=35.0,K=7) | loss=nan
  [Client  5] Round 5 | Hier-pFedMe(λ2=35.0,K=7) | loss=nan
  [Edge 0] G5 | E1 | loss=nan
  [Edge 0] G5 | E2 | Hier-pFedMe | Selected 10/10
  [Client  9] Round 5 | Hier-pFedMe(λ2=35.0,K=7) | loss=nan
  [Client  5] Round 5 | Hier-pFedMe(λ2=35.0,K=7) | loss=nan
  [Client  7] Round 5 | Hier-pFedMe(λ2=35.0,K=7) | loss=nan
  [Client  1] Round 5 | Hier-pFedMe(λ2=35.0,K=7) | loss=nan
  [Client  3] Round 5 | Hier-pFedMe(λ2=35.0,K=7) | loss=nan
  [Client  0] Round 5 | Hier-pFedMe(λ2=35.0,K=7) | loss=nan
  [Client  2] Round 5 | Hier-pFedMe(λ2=35.0,K=7) | loss=nan
  [Client  8] Round 5 | Hier-pFedMe(λ2=35.0,K=7) | loss=nan
  [Client  4] Round 5 | Hier-pFedMe(λ2=35.0,K=7) | loss=nan
  [Client  6] Round 5 | Hier-pFedMe(λ2=35.0,K=7) | loss=nan
  [Edge 0] G5 | E2 | loss=nan
  [Edge 0] G5 | E3 | Hier-pFedMe | Selected 10/10
  [Client  9] Round 5 | Hier-pFedMe(λ2=35.0,K=7) | loss=nan
  [Client  8] Round 5 | Hier-pFedMe(λ2=35.0,K=7) | loss=nan
  [Client  0] Round 5 | Hier-pFedMe(λ2=35.0,K=7) | loss=nan
  [Client  7] Round 5 | Hier-pFedMe(λ2=35.0,K=7) | loss=nan
  [Client  4] Round 5 | Hier-pFedMe(λ2=35.0,K=7) | loss=nan
  [Client  5] Round 5 | Hier-pFedMe(λ2=35.0,K=7) | loss=nan
  [Client  6] Round 5 | Hier-pFedMe(λ2=35.0,K=7) | loss=nan
  [Client  1] Round 5 | Hier-pFedMe(λ2=35.0,K=7) | loss=nan
  [Client  3] Round 5 | Hier-pFedMe(λ2=35.0,K=7) | loss=nan
  [Client  2] Round 5 | Hier-pFedMe(λ2=35.0,K=7) | loss=nan
  [Edge 0] G5 | E3 | loss=nan
  [Edge 0] G5 | E4 | Hier-pFedMe | Selected 10/10
  [Client  8] Round 5 | Hier-pFedMe(λ2=35.0,K=7) | loss=nan
  [Client  9] Round 5 | Hier-pFedMe(λ2=35.0,K=7) | loss=nan
  [Client  4] Round 5 | Hier-pFedMe(λ2=35.0,K=7) | loss=nan
  [Client  2] Round 5 | Hier-pFedMe(λ2=35.0,K=7) | loss=nan
  [Client  0] Round 5 | Hier-pFedMe(λ2=35.0,K=7) | loss=nan
  [Client  6] Round 5 | Hier-pFedMe(λ2=35.0,K=7) | loss=nan
  [Client  1] Round 5 | Hier-pFedMe(λ2=35.0,K=7) | loss=nan
  [Client  5] Round 5 | Hier-pFedMe(λ2=35.0,K=7) | loss=nan
  [Client  3] Round 5 | Hier-pFedMe(λ2=35.0,K=7) | loss=nan
  [Client  7] Round 5 | Hier-pFedMe(λ2=35.0,K=7) | loss=nan
  [Edge 0] G5 | E4 | loss=nan
  [Edge 0] G5 | E5 | Hier-pFedMe | Selected 10/10
  [Client  7] Round 5 | Hier-pFedMe(λ2=35.0,K=7) | loss=nan
  [Client  0] Round 5 | Hier-pFedMe(λ2=35.0,K=7) | loss=nan
  [Client  6] Round 5 | Hier-pFedMe(λ2=35.0,K=7) | loss=nan
  [Client  3] Round 5 | Hier-pFedMe(λ2=35.0,K=7) | loss=nan
  [Client  1] Round 5 | Hier-pFedMe(λ2=35.0,K=7) | loss=nan
  [Client  5] Round 5 | Hier-pFedMe(λ2=35.0,K=7) | loss=nan
  [Client  2] Round 5 | Hier-pFedMe(λ2=35.0,K=7) | loss=nan
  [Client  8] Round 5 | Hier-pFedMe(λ2=35.0,K=7) | loss=nan
  [Client  9] Round 5 | Hier-pFedMe(λ2=35.0,K=7) | loss=nan
  [Client  4] Round 5 | Hier-pFedMe(λ2=35.0,K=7) | loss=nan
  [Edge 0] G5 | E5 | loss=nan
  [Edge 1] G5 | E1 | Hier-pFedMe | Selected 10/10
  [Client 18] Round 5 | Hier-pFedMe(λ2=35.0,K=7) | loss=nan
  [Client 16] Round 5 | Hier-pFedMe(λ2=35.0,K=7) | loss=nan
  [Client 12] Round 5 | Hier-pFedMe(λ2=35.0,K=7) | loss=nan
  [Client 10] Round 5 | Hier-pFedMe(λ2=35.0,K=7) | loss=nan
  [Client 13] Round 5 | Hier-pFedMe(λ2=35.0,K=7) | loss=nan
  [Client 15] Round 5 | Hier-pFedMe(λ2=35.0,K=7) | loss=nan
  [Client 19] Round 5 | Hier-pFedMe(λ2=35.0,K=7) | loss=nan
  [Client 17] Round 5 | Hier-pFedMe(λ2=35.0,K=7) | loss=nan
  [Client 14] Round 5 | Hier-pFedMe(λ2=35.0,K=7) | loss=nan
  [Client 11] Round 5 | Hier-pFedMe(λ2=35.0,K=7) | loss=nan
  [Edge 1] G5 | E1 | loss=nan
  [Edge 1] G5 | E2 | Hier-pFedMe | Selected 10/10
  [Client 15] Round 5 | Hier-pFedMe(λ2=35.0,K=7) | loss=nan
  [Client 10] Round 5 | Hier-pFedMe(λ2=35.0,K=7) | loss=nan
  [Client 19] Round 5 | Hier-pFedMe(λ2=35.0,K=7) | loss=nan
  [Client 12] Round 5 | Hier-pFedMe(λ2=35.0,K=7) | loss=nan
  [Client 14] Round 5 | Hier-pFedMe(λ2=35.0,K=7) | loss=nan
  [Client 13] Round 5 | Hier-pFedMe(λ2=35.0,K=7) | loss=nan
  [Client 16] Round 5 | Hier-pFedMe(λ2=35.0,K=7) | loss=nan
  [Client 11] Round 5 | Hier-pFedMe(λ2=35.0,K=7) | loss=nan
  [Client 17] Round 5 | Hier-pFedMe(λ2=35.0,K=7) | loss=nan
  [Client 18] Round 5 | Hier-pFedMe(λ2=35.0,K=7) | loss=nan
  [Edge 1] G5 | E2 | loss=nan
  [Edge 1] G5 | E3 | Hier-pFedMe | Selected 10/10
  [Client 15] Round 5 | Hier-pFedMe(λ2=35.0,K=7) | loss=nan
  [Client 17] Round 5 | Hier-pFedMe(λ2=35.0,K=7) | loss=nan
  [Client 14] Round 5 | Hier-pFedMe(λ2=35.0,K=7) | loss=nan
  [Client 16] Round 5 | Hier-pFedMe(λ2=35.0,K=7) | loss=nan
  [Client 10] Round 5 | Hier-pFedMe(λ2=35.0,K=7) | loss=nan
  [Client 19] Round 5 | Hier-pFedMe(λ2=35.0,K=7) | loss=nan
  [Client 12] Round 5 | Hier-pFedMe(λ2=35.0,K=7) | loss=nan
  [Client 13] Round 5 | Hier-pFedMe(λ2=35.0,K=7) | loss=nan
  [Client 11] Round 5 | Hier-pFedMe(λ2=35.0,K=7) | loss=nan
  [Client 18] Round 5 | Hier-pFedMe(λ2=35.0,K=7) | loss=nan
  [Edge 1] G5 | E3 | loss=nan
  [Edge 1] G5 | E4 | Hier-pFedMe | Selected 10/10
  [Client 12] Round 5 | Hier-pFedMe(λ2=35.0,K=7) | loss=nan
  [Client 11] Round 5 | Hier-pFedMe(λ2=35.0,K=7) | loss=nan
  [Client 13] Round 5 | Hier-pFedMe(λ2=35.0,K=7) | loss=nan
  [Client 10] Round 5 | Hier-pFedMe(λ2=35.0,K=7) | loss=nan
  [Client 16] Round 5 | Hier-pFedMe(λ2=35.0,K=7) | loss=nan
  [Client 14] Round 5 | Hier-pFedMe(λ2=35.0,K=7) | loss=nan
  [Client 19] Round 5 | Hier-pFedMe(λ2=35.0,K=7) | loss=nan
  [Client 15] Round 5 | Hier-pFedMe(λ2=35.0,K=7) | loss=nan
  [Client 17] Round 5 | Hier-pFedMe(λ2=35.0,K=7) | loss=nan
  [Client 18] Round 5 | Hier-pFedMe(λ2=35.0,K=7) | loss=nan
  [Edge 1] G5 | E4 | loss=nan
  [Edge 1] G5 | E5 | Hier-pFedMe | Selected 10/10
  [Client 12] Round 5 | Hier-pFedMe(λ2=35.0,K=7) | loss=nan
  [Client 16] Round 5 | Hier-pFedMe(λ2=35.0,K=7) | loss=nan
  [Client 17] Round 5 | Hier-pFedMe(λ2=35.0,K=7) | loss=nan  [Client 13] Round 5 | Hier-pFedMe(λ2=35.0,K=7) | loss=nan

  [Client 19] Round 5 | Hier-pFedMe(λ2=35.0,K=7) | loss=nan
  [Client 10] Round 5 | Hier-pFedMe(λ2=35.0,K=7) | loss=nan
  [Client 18] Round 5 | Hier-pFedMe(λ2=35.0,K=7) | loss=nan
  [Client 14] Round 5 | Hier-pFedMe(λ2=35.0,K=7) | loss=nan
  [Client 11] Round 5 | Hier-pFedMe(λ2=35.0,K=7) | loss=nan
  [Client 15] Round 5 | Hier-pFedMe(λ2=35.0,K=7) | loss=nan
  [Edge 1] G5 | E5 | loss=nan
[C0] eval model[0] mean=nan | θ̃ mean=nan | edge mean=nan
[C0] n=800 | classes=[3, 6] | acc=0.0000 | per_class={3: '0.00', 6: '0.00'}
[C1] eval model[0] mean=nan | θ̃ mean=nan | edge mean=nan
[C1] n=800 | classes=[3, 6] | acc=0.0000 | per_class={3: '0.00', 6: '0.00'}
[C2] eval model[0] mean=nan | θ̃ mean=nan | edge mean=nan
[C2] n=800 | classes=[2, 5] | acc=0.0000 | per_class={2: '0.00', 5: '0.00'}
[C3] eval model[0] mean=nan | θ̃ mean=nan | edge mean=nan
[C3] n=800 | classes=[5, 7] | acc=0.0000 | per_class={5: '0.00', 7: '0.00'}
[C4] eval model[0] mean=nan | θ̃ mean=nan | edge mean=nan
[C4] n=800 | classes=[2, 7] | acc=0.0000 | per_class={2: '0.00', 7: '0.00'}
[C5] eval model[0] mean=nan | θ̃ mean=nan | edge mean=nan
[C5] n=800 | classes=[2, 4] | acc=0.0000 | per_class={2: '0.00', 4: '0.00'}
[C6] eval model[0] mean=nan | θ̃ mean=nan | edge mean=nan
[C6] n=800 | classes=[6, 7] | acc=0.0000 | per_class={6: '0.00', 7: '0.00'}
[C7] eval model[0] mean=nan | θ̃ mean=nan | edge mean=nan
[C7] n=800 | classes=[3, 5] | acc=0.0000 | per_class={3: '0.00', 5: '0.00'}
[C8] eval model[0] mean=nan | θ̃ mean=nan | edge mean=nan
[C8] n=400 | classes=[4] | acc=0.0000 | per_class={4: '0.00'}
[C9] eval model[0] mean=nan | θ̃ mean=nan | edge mean=nan
[C9] n=400 | classes=[4] | acc=0.0000 | per_class={4: '0.00'}
[C10] eval model[0] mean=nan | θ̃ mean=nan | edge mean=nan
[C10] n=480 | classes=[8, 9] | acc=0.0000 | per_class={8: '0.00', 9: '0.00'}
[C11] eval model[0] mean=nan | θ̃ mean=nan | edge mean=nan
[C11] n=480 | classes=[0, 1] | acc=0.5125 | per_class={0: '1.00', 1: '0.00'}
[C12] eval model[0] mean=nan | θ̃ mean=nan | edge mean=nan
[C12] n=480 | classes=[1, 8] | acc=0.0000 | per_class={1: '0.00', 8: '0.00'}
[C13] eval model[0] mean=nan | θ̃ mean=nan | edge mean=nan
[C13] n=480 | classes=[0, 8] | acc=0.5125 | per_class={0: '1.00', 8: '0.00'}
[C14] eval model[0] mean=nan | θ̃ mean=nan | edge mean=nan
[C14] n=480 | classes=[0, 9] | acc=0.5062 | per_class={0: '1.00', 9: '0.00'}
[C15] eval model[0] mean=nan | θ̃ mean=nan | edge mean=nan
[C15] n=480 | classes=[0, 8] | acc=0.5125 | per_class={0: '1.00', 8: '0.00'}
[C16] eval model[0] mean=nan | θ̃ mean=nan | edge mean=nan
[C16] n=480 | classes=[1, 8] | acc=0.0000 | per_class={1: '0.00', 8: '0.00'}
[C17] eval model[0] mean=nan | θ̃ mean=nan | edge mean=nan
[C17] n=480 | classes=[1, 9] | acc=0.0000 | per_class={1: '0.00', 9: '0.00'}
[C18] eval model[0] mean=nan | θ̃ mean=nan | edge mean=nan
[C18] n=480 | classes=[1, 9] | acc=0.0000 | per_class={1: '0.00', 9: '0.00'}
[C19] eval model[0] mean=nan | θ̃ mean=nan | edge mean=nan
[C19] n=480 | classes=[0, 9] | acc=0.4896 | per_class={0: '1.00', 9: '0.00'}
  [Cloud] GM=0.1000 | EM=0.1000 PM=0.1013 | loss=nan | time=39.5s | comm=4556.2MB (total=22781MB)

[Round   6] Broadcasting to 2 edges...
  [Edge 0] G6 | E1 | Hier-pFedMe | Selected 10/10
  [Client  9] Round 6 | Hier-pFedMe(λ2=35.0,K=7) | loss=nan
  [Client  3] Round 6 | Hier-pFedMe(λ2=35.0,K=7) | loss=nan
  [Client  4] Round 6 | Hier-pFedMe(λ2=35.0,K=7) | loss=nan
  [Client  5] Round 6 | Hier-pFedMe(λ2=35.0,K=7) | loss=nan
  [Client  6] Round 6 | Hier-pFedMe(λ2=35.0,K=7) | loss=nan
  [Client  2] Round 6 | Hier-pFedMe(λ2=35.0,K=7) | loss=nan
  [Client  0] Round 6 | Hier-pFedMe(λ2=35.0,K=7) | loss=nan
  [Client  7] Round 6 | Hier-pFedMe(λ2=35.0,K=7) | loss=nan
  [Client  8] Round 6 | Hier-pFedMe(λ2=35.0,K=7) | loss=nan
  [Client  1] Round 6 | Hier-pFedMe(λ2=35.0,K=7) | loss=nan
  [Edge 0] G6 | E1 | loss=nan
  [Edge 0] G6 | E2 | Hier-pFedMe | Selected 10/10
  [Client  4] Round 6 | Hier-pFedMe(λ2=35.0,K=7) | loss=nan
  [Client  8] Round 6 | Hier-pFedMe(λ2=35.0,K=7) | loss=nan
  [Client  0] Round 6 | Hier-pFedMe(λ2=35.0,K=7) | loss=nan
  [Client  7] Round 6 | Hier-pFedMe(λ2=35.0,K=7) | loss=nan
  [Client  6] Round 6 | Hier-pFedMe(λ2=35.0,K=7) | loss=nan
  [Client  2] Round 6 | Hier-pFedMe(λ2=35.0,K=7) | loss=nan
  [Client  1] Round 6 | Hier-pFedMe(λ2=35.0,K=7) | loss=nan
  [Client  3] Round 6 | Hier-pFedMe(λ2=35.0,K=7) | loss=nan
  [Client  9] Round 6 | Hier-pFedMe(λ2=35.0,K=7) | loss=nan
  [Client  5] Round 6 | Hier-pFedMe(λ2=35.0,K=7) | loss=nan
  [Edge 0] G6 | E2 | loss=nan
  [Edge 0] G6 | E3 | Hier-pFedMe | Selected 10/10
  [Client  0] Round 6 | Hier-pFedMe(λ2=35.0,K=7) | loss=nan
  [Client  8] Round 6 | Hier-pFedMe(λ2=35.0,K=7) | loss=nan
  [Client  2] Round 6 | Hier-pFedMe(λ2=35.0,K=7) | loss=nan
  [Client  5] Round 6 | Hier-pFedMe(λ2=35.0,K=7) | loss=nan
  [Client  9] Round 6 | Hier-pFedMe(λ2=35.0,K=7) | loss=nan
  [Client  1] Round 6 | Hier-pFedMe(λ2=35.0,K=7) | loss=nan
  [Client  4] Round 6 | Hier-pFedMe(λ2=35.0,K=7) | loss=nan
  [Client  3] Round 6 | Hier-pFedMe(λ2=35.0,K=7) | loss=nan
  [Client  6] Round 6 | Hier-pFedMe(λ2=35.0,K=7) | loss=nan
  [Client  7] Round 6 | Hier-pFedMe(λ2=35.0,K=7) | loss=nan
  [Edge 0] G6 | E3 | loss=nan
  [Edge 0] G6 | E4 | Hier-pFedMe | Selected 10/10
  [Client  8] Round 6 | Hier-pFedMe(λ2=35.0,K=7) | loss=nan
  [Client  6] Round 6 | Hier-pFedMe(λ2=35.0,K=7) | loss=nan
  [Client  2] Round 6 | Hier-pFedMe(λ2=35.0,K=7) | loss=nan
  [Client  0] Round 6 | Hier-pFedMe(λ2=35.0,K=7) | loss=nan
  [Client  3] Round 6 | Hier-pFedMe(λ2=35.0,K=7) | loss=nan
  [Client  1] Round 6 | Hier-pFedMe(λ2=35.0,K=7) | loss=nan
  [Client  4] Round 6 | Hier-pFedMe(λ2=35.0,K=7) | loss=nan
  [Client  5] Round 6 | Hier-pFedMe(λ2=35.0,K=7) | loss=nan
  [Client  7] Round 6 | Hier-pFedMe(λ2=35.0,K=7) | loss=nan
  [Client  9] Round 6 | Hier-pFedMe(λ2=35.0,K=7) | loss=nan
  [Edge 0] G6 | E4 | loss=nan
  [Edge 0] G6 | E5 | Hier-pFedMe | Selected 10/10
  [Client  9] Round 6 | Hier-pFedMe(λ2=35.0,K=7) | loss=nan
  [Client  1] Round 6 | Hier-pFedMe(λ2=35.0,K=7) | loss=nan
  [Client  3] Round 6 | Hier-pFedMe(λ2=35.0,K=7) | loss=nan
  [Client  5] Round 6 | Hier-pFedMe(λ2=35.0,K=7) | loss=nan
  [Client  2] Round 6 | Hier-pFedMe(λ2=35.0,K=7) | loss=nan
  [Client  6] Round 6 | Hier-pFedMe(λ2=35.0,K=7) | loss=nan
  [Client  4] Round 6 | Hier-pFedMe(λ2=35.0,K=7) | loss=nan
  [Client  7] Round 6 | Hier-pFedMe(λ2=35.0,K=7) | loss=nan
  [Client  0] Round 6 | Hier-pFedMe(λ2=35.0,K=7) | loss=nan
  [Client  8] Round 6 | Hier-pFedMe(λ2=35.0,K=7) | loss=nan
  [Edge 0] G6 | E5 | loss=nan
  [Edge 1] G6 | E1 | Hier-pFedMe | Selected 10/10
  [Client 19] Round 6 | Hier-pFedMe(λ2=35.0,K=7) | loss=nan
  [Client 13] Round 6 | Hier-pFedMe(λ2=35.0,K=7) | loss=nan
  [Client 14] Round 6 | Hier-pFedMe(λ2=35.0,K=7) | loss=nan
  [Client 18] Round 6 | Hier-pFedMe(λ2=35.0,K=7) | loss=nan
  [Client 16] Round 6 | Hier-pFedMe(λ2=35.0,K=7) | loss=nan
  [Client 12] Round 6 | Hier-pFedMe(λ2=35.0,K=7) | loss=nan
  [Client 15] Round 6 | Hier-pFedMe(λ2=35.0,K=7) | loss=nan
  [Client 11] Round 6 | Hier-pFedMe(λ2=35.0,K=7) | loss=nan
  [Client 10] Round 6 | Hier-pFedMe(λ2=35.0,K=7) | loss=nan
  [Client 17] Round 6 | Hier-pFedMe(λ2=35.0,K=7) | loss=nan
  [Edge 1] G6 | E1 | loss=nan
  [Edge 1] G6 | E2 | Hier-pFedMe | Selected 10/10
  [Client 19] Round 6 | Hier-pFedMe(λ2=35.0,K=7) | loss=nan
  [Client 13] Round 6 | Hier-pFedMe(λ2=35.0,K=7) | loss=nan
  [Client 10] Round 6 | Hier-pFedMe(λ2=35.0,K=7) | loss=nan
  [Client 18] Round 6 | Hier-pFedMe(λ2=35.0,K=7) | loss=nan
  [Client 17] Round 6 | Hier-pFedMe(λ2=35.0,K=7) | loss=nan
  [Client 15] Round 6 | Hier-pFedMe(λ2=35.0,K=7) | loss=nan  [Client 12] Round 6 | Hier-pFedMe(λ2=35.0,K=7) | loss=nan

  [Client 11] Round 6 | Hier-pFedMe(λ2=35.0,K=7) | loss=nan
  [Client 16] Round 6 | Hier-pFedMe(λ2=35.0,K=7) | loss=nan
  [Client 14] Round 6 | Hier-pFedMe(λ2=35.0,K=7) | loss=nan
  [Edge 1] G6 | E2 | loss=nan
  [Edge 1] G6 | E3 | Hier-pFedMe | Selected 10/10
  [Client 10] Round 6 | Hier-pFedMe(λ2=35.0,K=7) | loss=nan
  [Client 16] Round 6 | Hier-pFedMe(λ2=35.0,K=7) | loss=nan
  [Client 18] Round 6 | Hier-pFedMe(λ2=35.0,K=7) | loss=nan
  [Client 13] Round 6 | Hier-pFedMe(λ2=35.0,K=7) | loss=nan
  [Client 17] Round 6 | Hier-pFedMe(λ2=35.0,K=7) | loss=nan
  [Client 11] Round 6 | Hier-pFedMe(λ2=35.0,K=7) | loss=nan
  [Client 14] Round 6 | Hier-pFedMe(λ2=35.0,K=7) | loss=nan
  [Client 12] Round 6 | Hier-pFedMe(λ2=35.0,K=7) | loss=nan
  [Client 19] Round 6 | Hier-pFedMe(λ2=35.0,K=7) | loss=nan
  [Client 15] Round 6 | Hier-pFedMe(λ2=35.0,K=7) | loss=nan
  [Edge 1] G6 | E3 | loss=nan
  [Edge 1] G6 | E4 | Hier-pFedMe | Selected 10/10
  [Client 17] Round 6 | Hier-pFedMe(λ2=35.0,K=7) | loss=nan
  [Client 19] Round 6 | Hier-pFedMe(λ2=35.0,K=7) | loss=nan
  [Client 10] Round 6 | Hier-pFedMe(λ2=35.0,K=7) | loss=nan
  [Client 15] Round 6 | Hier-pFedMe(λ2=35.0,K=7) | loss=nan
  [Client 14] Round 6 | Hier-pFedMe(λ2=35.0,K=7) | loss=nan
  [Client 12] Round 6 | Hier-pFedMe(λ2=35.0,K=7) | loss=nan
  [Client 18] Round 6 | Hier-pFedMe(λ2=35.0,K=7) | loss=nan
  [Client 16] Round 6 | Hier-pFedMe(λ2=35.0,K=7) | loss=nan
  [Client 11] Round 6 | Hier-pFedMe(λ2=35.0,K=7) | loss=nan
  [Client 13] Round 6 | Hier-pFedMe(λ2=35.0,K=7) | loss=nan
  [Edge 1] G6 | E4 | loss=nan
  [Edge 1] G6 | E5 | Hier-pFedMe | Selected 10/10
  [Client 18] Round 6 | Hier-pFedMe(λ2=35.0,K=7) | loss=nan
  [Client 11] Round 6 | Hier-pFedMe(λ2=35.0,K=7) | loss=nan
  [Client 12] Round 6 | Hier-pFedMe(λ2=35.0,K=7) | loss=nan
  [Client 17] Round 6 | Hier-pFedMe(λ2=35.0,K=7) | loss=nan
  [Client 19] Round 6 | Hier-pFedMe(λ2=35.0,K=7) | loss=nan
  [Client 14] Round 6 | Hier-pFedMe(λ2=35.0,K=7) | loss=nan
  [Client 16] Round 6 | Hier-pFedMe(λ2=35.0,K=7) | loss=nan
  [Client 15] Round 6 | Hier-pFedMe(λ2=35.0,K=7) | loss=nan
  [Client 10] Round 6 | Hier-pFedMe(λ2=35.0,K=7) | loss=nan
  [Client 13] Round 6 | Hier-pFedMe(λ2=35.0,K=7) | loss=nan
  [Edge 1] G6 | E5 | loss=nan
[C0] eval model[0] mean=nan | θ̃ mean=nan | edge mean=nan
[C0] n=800 | classes=[3, 6] | acc=0.0000 | per_class={3: '0.00', 6: '0.00'}
[C1] eval model[0] mean=nan | θ̃ mean=nan | edge mean=nan
[C1] n=800 | classes=[3, 6] | acc=0.0000 | per_class={3: '0.00', 6: '0.00'}
[C2] eval model[0] mean=nan | θ̃ mean=nan | edge mean=nan
[C2] n=800 | classes=[2, 5] | acc=0.0000 | per_class={2: '0.00', 5: '0.00'}
[C3] eval model[0] mean=nan | θ̃ mean=nan | edge mean=nan
[C3] n=800 | classes=[5, 7] | acc=0.0000 | per_class={5: '0.00', 7: '0.00'}
[C4] eval model[0] mean=nan | θ̃ mean=nan | edge mean=nan
[C4] n=800 | classes=[2, 7] | acc=0.0000 | per_class={2: '0.00', 7: '0.00'}
[C5] eval model[0] mean=nan | θ̃ mean=nan | edge mean=nan
[C5] n=800 | classes=[2, 4] | acc=0.0000 | per_class={2: '0.00', 4: '0.00'}
[C6] eval model[0] mean=nan | θ̃ mean=nan | edge mean=nan
[C6] n=800 | classes=[6, 7] | acc=0.0000 | per_class={6: '0.00', 7: '0.00'}
[C7] eval model[0] mean=nan | θ̃ mean=nan | edge mean=nan
[C7] n=800 | classes=[3, 5] | acc=0.0000 | per_class={3: '0.00', 5: '0.00'}
[C8] eval model[0] mean=nan | θ̃ mean=nan | edge mean=nan
[C8] n=400 | classes=[4] | acc=0.0000 | per_class={4: '0.00'}
[C9] eval model[0] mean=nan | θ̃ mean=nan | edge mean=nan
[C9] n=400 | classes=[4] | acc=0.0000 | per_class={4: '0.00'}
[C10] eval model[0] mean=nan | θ̃ mean=nan | edge mean=nan
[C10] n=480 | classes=[8, 9] | acc=0.0000 | per_class={8: '0.00', 9: '0.00'}
[C11] eval model[0] mean=nan | θ̃ mean=nan | edge mean=nan
[C11] n=480 | classes=[0, 1] | acc=0.5125 | per_class={0: '1.00', 1: '0.00'}
[C12] eval model[0] mean=nan | θ̃ mean=nan | edge mean=nan
[C12] n=480 | classes=[1, 8] | acc=0.0000 | per_class={1: '0.00', 8: '0.00'}
[C13] eval model[0] mean=nan | θ̃ mean=nan | edge mean=nan
[C13] n=480 | classes=[0, 8] | acc=0.5125 | per_class={0: '1.00', 8: '0.00'}
[C14] eval model[0] mean=nan | θ̃ mean=nan | edge mean=nan
[C14] n=480 | classes=[0, 9] | acc=0.5062 | per_class={0: '1.00', 9: '0.00'}
[C15] eval model[0] mean=nan | θ̃ mean=nan | edge mean=nan
[C15] n=480 | classes=[0, 8] | acc=0.5125 | per_class={0: '1.00', 8: '0.00'}
[C16] eval model[0] mean=nan | θ̃ mean=nan | edge mean=nan
[C16] n=480 | classes=[1, 8] | acc=0.0000 | per_class={1: '0.00', 8: '0.00'}
[C17] eval model[0] mean=nan | θ̃ mean=nan | edge mean=nan
[C17] n=480 | classes=[1, 9] | acc=0.0000 | per_class={1: '0.00', 9: '0.00'}
[C18] eval model[0] mean=nan | θ̃ mean=nan | edge mean=nan
[C18] n=480 | classes=[1, 9] | acc=0.0000 | per_class={1: '0.00', 9: '0.00'}
[C19] eval model[0] mean=nan | θ̃ mean=nan | edge mean=nan
[C19] n=480 | classes=[0, 9] | acc=0.4896 | per_class={0: '1.00', 9: '0.00'}
  [Cloud] GM=0.1000 | EM=0.1000 PM=0.1013 | loss=nan | time=39.7s | comm=4556.2MB (total=27337MB)

[Round   7] Broadcasting to 2 edges...
  [Edge 0] G7 | E1 | Hier-pFedMe | Selected 10/10
  [Client  1] Round 7 | Hier-pFedMe(λ2=35.0,K=7) | loss=nan
  [Client  7] Round 7 | Hier-pFedMe(λ2=35.0,K=7) | loss=nan
  [Client  3] Round 7 | Hier-pFedMe(λ2=35.0,K=7) | loss=nan
  [Client  5] Round 7 | Hier-pFedMe(λ2=35.0,K=7) | loss=nan
  [Client  9] Round 7 | Hier-pFedMe(λ2=35.0,K=7) | loss=nan
  [Client  6] Round 7 | Hier-pFedMe(λ2=35.0,K=7) | loss=nan
  [Client  0] Round 7 | Hier-pFedMe(λ2=35.0,K=7) | loss=nan
  [Client  8] Round 7 | Hier-pFedMe(λ2=35.0,K=7) | loss=nan
  [Client  4] Round 7 | Hier-pFedMe(λ2=35.0,K=7) | loss=nan
  [Client  2] Round 7 | Hier-pFedMe(λ2=35.0,K=7) | loss=nan
  [Edge 0] G7 | E1 | loss=nan
  [Edge 0] G7 | E2 | Hier-pFedMe | Selected 10/10
  [Client  5] Round 7 | Hier-pFedMe(λ2=35.0,K=7) | loss=nan
  [Client  8] Round 7 | Hier-pFedMe(λ2=35.0,K=7) | loss=nan
  [Client  1] Round 7 | Hier-pFedMe(λ2=35.0,K=7) | loss=nan
  [Client  3] Round 7 | Hier-pFedMe(λ2=35.0,K=7) | loss=nan
  [Client  0] Round 7 | Hier-pFedMe(λ2=35.0,K=7) | loss=nan
  [Client  4] Round 7 | Hier-pFedMe(λ2=35.0,K=7) | loss=nan
  [Client  6] Round 7 | Hier-pFedMe(λ2=35.0,K=7) | loss=nan
  [Client  2] Round 7 | Hier-pFedMe(λ2=35.0,K=7) | loss=nan
  [Client  7] Round 7 | Hier-pFedMe(λ2=35.0,K=7) | loss=nan
  [Client  9] Round 7 | Hier-pFedMe(λ2=35.0,K=7) | loss=nan
  [Edge 0] G7 | E2 | loss=nan
  [Edge 0] G7 | E3 | Hier-pFedMe | Selected 10/10
  [Client  7] Round 7 | Hier-pFedMe(λ2=35.0,K=7) | loss=nan
  [Client  1] Round 7 | Hier-pFedMe(λ2=35.0,K=7) | loss=nan
  [Client  8] Round 7 | Hier-pFedMe(λ2=35.0,K=7) | loss=nan
  [Client  9] Round 7 | Hier-pFedMe(λ2=35.0,K=7) | loss=nan
  [Client  2] Round 7 | Hier-pFedMe(λ2=35.0,K=7) | loss=nan
  [Client  5] Round 7 | Hier-pFedMe(λ2=35.0,K=7) | loss=nan
  [Client  3] Round 7 | Hier-pFedMe(λ2=35.0,K=7) | loss=nan
  [Client  0] Round 7 | Hier-pFedMe(λ2=35.0,K=7) | loss=nan
  [Client  6] Round 7 | Hier-pFedMe(λ2=35.0,K=7) | loss=nan
  [Client  4] Round 7 | Hier-pFedMe(λ2=35.0,K=7) | loss=nan
  [Edge 0] G7 | E3 | loss=nan
  [Edge 0] G7 | E4 | Hier-pFedMe | Selected 10/10
  [Client  6] Round 7 | Hier-pFedMe(λ2=35.0,K=7) | loss=nan
  [Client  2] Round 7 | Hier-pFedMe(λ2=35.0,K=7) | loss=nan
  [Client  8] Round 7 | Hier-pFedMe(λ2=35.0,K=7) | loss=nan
  [Client  0] Round 7 | Hier-pFedMe(λ2=35.0,K=7) | loss=nan
  [Client  4] Round 7 | Hier-pFedMe(λ2=35.0,K=7) | loss=nan
  [Client  9] Round 7 | Hier-pFedMe(λ2=35.0,K=7) | loss=nan
  [Client  1] Round 7 | Hier-pFedMe(λ2=35.0,K=7) | loss=nan
  [Client  5] Round 7 | Hier-pFedMe(λ2=35.0,K=7) | loss=nan
  [Client  3] Round 7 | Hier-pFedMe(λ2=35.0,K=7) | loss=nan
  [Client  7] Round 7 | Hier-pFedMe(λ2=35.0,K=7) | loss=nan
  [Edge 0] G7 | E4 | loss=nan
  [Edge 0] G7 | E5 | Hier-pFedMe | Selected 10/10
  [Client  0] Round 7 | Hier-pFedMe(λ2=35.0,K=7) | loss=nan
  [Client  6] Round 7 | Hier-pFedMe(λ2=35.0,K=7) | loss=nan
  [Client  5] Round 7 | Hier-pFedMe(λ2=35.0,K=7) | loss=nan
  [Client  1] Round 7 | Hier-pFedMe(λ2=35.0,K=7) | loss=nan
  [Client  8] Round 7 | Hier-pFedMe(λ2=35.0,K=7) | loss=nan
  [Client  9] Round 7 | Hier-pFedMe(λ2=35.0,K=7) | loss=nan
  [Client  2] Round 7 | Hier-pFedMe(λ2=35.0,K=7) | loss=nan
  [Client  7] Round 7 | Hier-pFedMe(λ2=35.0,K=7) | loss=nan
  [Client  3] Round 7 | Hier-pFedMe(λ2=35.0,K=7) | loss=nan
  [Client  4] Round 7 | Hier-pFedMe(λ2=35.0,K=7) | loss=nan
  [Edge 0] G7 | E5 | loss=nan
  [Edge 1] G7 | E1 | Hier-pFedMe | Selected 10/10
  [Client 16] Round 7 | Hier-pFedMe(λ2=35.0,K=7) | loss=nan
  [Client 19] Round 7 | Hier-pFedMe(λ2=35.0,K=7) | loss=nan
  [Client 15] Round 7 | Hier-pFedMe(λ2=35.0,K=7) | loss=nan
  [Client 11] Round 7 | Hier-pFedMe(λ2=35.0,K=7) | loss=nan
  [Client 18] Round 7 | Hier-pFedMe(λ2=35.0,K=7) | loss=nan
  [Client 13] Round 7 | Hier-pFedMe(λ2=35.0,K=7) | loss=nan
  [Client 12] Round 7 | Hier-pFedMe(λ2=35.0,K=7) | loss=nan
  [Client 14] Round 7 | Hier-pFedMe(λ2=35.0,K=7) | loss=nan
  [Client 10] Round 7 | Hier-pFedMe(λ2=35.0,K=7) | loss=nan
  [Client 17] Round 7 | Hier-pFedMe(λ2=35.0,K=7) | loss=nan
  [Edge 1] G7 | E1 | loss=nan
  [Edge 1] G7 | E2 | Hier-pFedMe | Selected 10/10
  [Client 11] Round 7 | Hier-pFedMe(λ2=35.0,K=7) | loss=nan
  [Client 10] Round 7 | Hier-pFedMe(λ2=35.0,K=7) | loss=nan
  [Client 17] Round 7 | Hier-pFedMe(λ2=35.0,K=7) | loss=nan
  [Client 14] Round 7 | Hier-pFedMe(λ2=35.0,K=7) | loss=nan
  [Client 16] Round 7 | Hier-pFedMe(λ2=35.0,K=7) | loss=nan
  [Client 15] Round 7 | Hier-pFedMe(λ2=35.0,K=7) | loss=nan
  [Client 13] Round 7 | Hier-pFedMe(λ2=35.0,K=7) | loss=nan
  [Client 18] Round 7 | Hier-pFedMe(λ2=35.0,K=7) | loss=nan
  [Client 12] Round 7 | Hier-pFedMe(λ2=35.0,K=7) | loss=nan
  [Client 19] Round 7 | Hier-pFedMe(λ2=35.0,K=7) | loss=nan
  [Edge 1] G7 | E2 | loss=nan
  [Edge 1] G7 | E3 | Hier-pFedMe | Selected 10/10
  [Client 15] Round 7 | Hier-pFedMe(λ2=35.0,K=7) | loss=nan
  [Client 16] Round 7 | Hier-pFedMe(λ2=35.0,K=7) | loss=nan
  [Client 19] Round 7 | Hier-pFedMe(λ2=35.0,K=7) | loss=nan
  [Client 17] Round 7 | Hier-pFedMe(λ2=35.0,K=7) | loss=nan
  [Client 14] Round 7 | Hier-pFedMe(λ2=35.0,K=7) | loss=nan
  [Client 12] Round 7 | Hier-pFedMe(λ2=35.0,K=7) | loss=nan
  [Client 18] Round 7 | Hier-pFedMe(λ2=35.0,K=7) | loss=nan
  [Client 11] Round 7 | Hier-pFedMe(λ2=35.0,K=7) | loss=nan
  [Client 13] Round 7 | Hier-pFedMe(λ2=35.0,K=7) | loss=nan
  [Client 10] Round 7 | Hier-pFedMe(λ2=35.0,K=7) | loss=nan
  [Edge 1] G7 | E3 | loss=nan
  [Edge 1] G7 | E4 | Hier-pFedMe | Selected 10/10
  [Client 14] Round 7 | Hier-pFedMe(λ2=35.0,K=7) | loss=nan
  [Client 13] Round 7 | Hier-pFedMe(λ2=35.0,K=7) | loss=nan
  [Client 17] Round 7 | Hier-pFedMe(λ2=35.0,K=7) | loss=nan
  [Client 10] Round 7 | Hier-pFedMe(λ2=35.0,K=7) | loss=nan
  [Client 15] Round 7 | Hier-pFedMe(λ2=35.0,K=7) | loss=nan
  [Client 18] Round 7 | Hier-pFedMe(λ2=35.0,K=7) | loss=nan
  [Client 11] Round 7 | Hier-pFedMe(λ2=35.0,K=7) | loss=nan
  [Client 19] Round 7 | Hier-pFedMe(λ2=35.0,K=7) | loss=nan
  [Client 16] Round 7 | Hier-pFedMe(λ2=35.0,K=7) | loss=nan
  [Client 12] Round 7 | Hier-pFedMe(λ2=35.0,K=7) | loss=nan
  [Edge 1] G7 | E4 | loss=nan
  [Edge 1] G7 | E5 | Hier-pFedMe | Selected 10/10
  [Client 10] Round 7 | Hier-pFedMe(λ2=35.0,K=7) | loss=nan
  [Client 14] Round 7 | Hier-pFedMe(λ2=35.0,K=7) | loss=nan
  [Client 18] Round 7 | Hier-pFedMe(λ2=35.0,K=7) | loss=nan
  [Client 11] Round 7 | Hier-pFedMe(λ2=35.0,K=7) | loss=nan
  [Client 12] Round 7 | Hier-pFedMe(λ2=35.0,K=7) | loss=nan
  [Client 17] Round 7 | Hier-pFedMe(λ2=35.0,K=7) | loss=nan
  [Client 13] Round 7 | Hier-pFedMe(λ2=35.0,K=7) | loss=nan
  [Client 19] Round 7 | Hier-pFedMe(λ2=35.0,K=7) | loss=nan
  [Client 16] Round 7 | Hier-pFedMe(λ2=35.0,K=7) | loss=nan
  [Client 15] Round 7 | Hier-pFedMe(λ2=35.0,K=7) | loss=nan
  [Edge 1] G7 | E5 | loss=nan
[C0] eval model[0] mean=nan | θ̃ mean=nan | edge mean=nan
[C0] n=800 | classes=[3, 6] | acc=0.0000 | per_class={3: '0.00', 6: '0.00'}
[C1] eval model[0] mean=nan | θ̃ mean=nan | edge mean=nan
[C1] n=800 | classes=[3, 6] | acc=0.0000 | per_class={3: '0.00', 6: '0.00'}
[C2] eval model[0] mean=nan | θ̃ mean=nan | edge mean=nan
[C2] n=800 | classes=[2, 5] | acc=0.0000 | per_class={2: '0.00', 5: '0.00'}
[C3] eval model[0] mean=nan | θ̃ mean=nan | edge mean=nan
[C3] n=800 | classes=[5, 7] | acc=0.0000 | per_class={5: '0.00', 7: '0.00'}
[C4] eval model[0] mean=nan | θ̃ mean=nan | edge mean=nan
[C4] n=800 | classes=[2, 7] | acc=0.0000 | per_class={2: '0.00', 7: '0.00'}
[C5] eval model[0] mean=nan | θ̃ mean=nan | edge mean=nan
[C5] n=800 | classes=[2, 4] | acc=0.0000 | per_class={2: '0.00', 4: '0.00'}
[C6] eval model[0] mean=nan | θ̃ mean=nan | edge mean=nan
[C6] n=800 | classes=[6, 7] | acc=0.0000 | per_class={6: '0.00', 7: '0.00'}
[C7] eval model[0] mean=nan | θ̃ mean=nan | edge mean=nan
[C7] n=800 | classes=[3, 5] | acc=0.0000 | per_class={3: '0.00', 5: '0.00'}
[C8] eval model[0] mean=nan | θ̃ mean=nan | edge mean=nan
[C8] n=400 | classes=[4] | acc=0.0000 | per_class={4: '0.00'}
[C9] eval model[0] mean=nan | θ̃ mean=nan | edge mean=nan
[C9] n=400 | classes=[4] | acc=0.0000 | per_class={4: '0.00'}
[C10] eval model[0] mean=nan | θ̃ mean=nan | edge mean=nan
[C10] n=480 | classes=[8, 9] | acc=0.0000 | per_class={8: '0.00', 9: '0.00'}
[C11] eval model[0] mean=nan | θ̃ mean=nan | edge mean=nan
[C11] n=480 | classes=[0, 1] | acc=0.5125 | per_class={0: '1.00', 1: '0.00'}
[C12] eval model[0] mean=nan | θ̃ mean=nan | edge mean=nan
[C12] n=480 | classes=[1, 8] | acc=0.0000 | per_class={1: '0.00', 8: '0.00'}
[C13] eval model[0] mean=nan | θ̃ mean=nan | edge mean=nan
[C13] n=480 | classes=[0, 8] | acc=0.5125 | per_class={0: '1.00', 8: '0.00'}
[C14] eval model[0] mean=nan | θ̃ mean=nan | edge mean=nan
[C14] n=480 | classes=[0, 9] | acc=0.5062 | per_class={0: '1.00', 9: '0.00'}
[C15] eval model[0] mean=nan | θ̃ mean=nan | edge mean=nan
[C15] n=480 | classes=[0, 8] | acc=0.5125 | per_class={0: '1.00', 8: '0.00'}
[C16] eval model[0] mean=nan | θ̃ mean=nan | edge mean=nan
[C16] n=480 | classes=[1, 8] | acc=0.0000 | per_class={1: '0.00', 8: '0.00'}
[C17] eval model[0] mean=nan | θ̃ mean=nan | edge mean=nan
[C17] n=480 | classes=[1, 9] | acc=0.0000 | per_class={1: '0.00', 9: '0.00'}
[C18] eval model[0] mean=nan | θ̃ mean=nan | edge mean=nan
[C18] n=480 | classes=[1, 9] | acc=0.0000 | per_class={1: '0.00', 9: '0.00'}
[C19] eval model[0] mean=nan | θ̃ mean=nan | edge mean=nan
[C19] n=480 | classes=[0, 9] | acc=0.4896 | per_class={0: '1.00', 9: '0.00'}
  [Cloud] GM=0.1000 | EM=0.1000 PM=0.1013 | loss=nan | time=39.6s | comm=4556.2MB (total=31893MB)

[Round   8] Broadcasting to 2 edges...
  [Edge 0] G8 | E1 | Hier-pFedMe | Selected 10/10
  [Client  6] Round 8 | Hier-pFedMe(λ2=35.0,K=7) | loss=nan
  [Client  5] Round 8 | Hier-pFedMe(λ2=35.0,K=7) | loss=nan
  [Client  1] Round 8 | Hier-pFedMe(λ2=35.0,K=7) | loss=nan
  [Client  7] Round 8 | Hier-pFedMe(λ2=35.0,K=7) | loss=nan
  [Client  3] Round 8 | Hier-pFedMe(λ2=35.0,K=7) | loss=nan
  [Client  8] Round 8 | Hier-pFedMe(λ2=35.0,K=7) | loss=nan
  [Client  0] Round 8 | Hier-pFedMe(λ2=35.0,K=7) | loss=nan
  [Client  4] Round 8 | Hier-pFedMe(λ2=35.0,K=7) | loss=nan
  [Client  2] Round 8 | Hier-pFedMe(λ2=35.0,K=7) | loss=nan
  [Client  9] Round 8 | Hier-pFedMe(λ2=35.0,K=7) | loss=nan
  [Edge 0] G8 | E1 | loss=nan
  [Edge 0] G8 | E2 | Hier-pFedMe | Selected 10/10
  [Client  1] Round 8 | Hier-pFedMe(λ2=35.0,K=7) | loss=nan
  [Client  5] Round 8 | Hier-pFedMe(λ2=35.0,K=7) | loss=nan
  [Client  0] Round 8 | Hier-pFedMe(λ2=35.0,K=7) | loss=nan
  [Client  6] Round 8 | Hier-pFedMe(λ2=35.0,K=7) | loss=nan
  [Client  4] Round 8 | Hier-pFedMe(λ2=35.0,K=7) | loss=nan
  [Client  7] Round 8 | Hier-pFedMe(λ2=35.0,K=7) | loss=nan
  [Client  8] Round 8 | Hier-pFedMe(λ2=35.0,K=7) | loss=nan
  [Client  2] Round 8 | Hier-pFedMe(λ2=35.0,K=7) | loss=nan
  [Client  3] Round 8 | Hier-pFedMe(λ2=35.0,K=7) | loss=nan
  [Client  9] Round 8 | Hier-pFedMe(λ2=35.0,K=7) | loss=nan
  [Edge 0] G8 | E2 | loss=nan
  [Edge 0] G8 | E3 | Hier-pFedMe | Selected 10/10
  [Client  4] Round 8 | Hier-pFedMe(λ2=35.0,K=7) | loss=nan
  [Client  6] Round 8 | Hier-pFedMe(λ2=35.0,K=7) | loss=nan
  [Client  0] Round 8 | Hier-pFedMe(λ2=35.0,K=7) | loss=nan
  [Client  5] Round 8 | Hier-pFedMe(λ2=35.0,K=7) | loss=nan
  [Client  8] Round 8 | Hier-pFedMe(λ2=35.0,K=7) | loss=nan
  [Client  3] Round 8 | Hier-pFedMe(λ2=35.0,K=7) | loss=nan
  [Client  1] Round 8 | Hier-pFedMe(λ2=35.0,K=7) | loss=nan
  [Client  9] Round 8 | Hier-pFedMe(λ2=35.0,K=7) | loss=nan
  [Client  2] Round 8 | Hier-pFedMe(λ2=35.0,K=7) | loss=nan
  [Client  7] Round 8 | Hier-pFedMe(λ2=35.0,K=7) | loss=nan
  [Edge 0] G8 | E3 | loss=nan
  [Edge 0] G8 | E4 | Hier-pFedMe | Selected 10/10
  [Client  1] Round 8 | Hier-pFedMe(λ2=35.0,K=7) | loss=nan
  [Client  5] Round 8 | Hier-pFedMe(λ2=35.0,K=7) | loss=nan
  [Client  6] Round 8 | Hier-pFedMe(λ2=35.0,K=7) | loss=nan
  [Client  4] Round 8 | Hier-pFedMe(λ2=35.0,K=7) | loss=nan
  [Client  9] Round 8 | Hier-pFedMe(λ2=35.0,K=7) | loss=nan
  [Client  8] Round 8 | Hier-pFedMe(λ2=35.0,K=7) | loss=nan
  [Client  7] Round 8 | Hier-pFedMe(λ2=35.0,K=7) | loss=nan
  [Client  0] Round 8 | Hier-pFedMe(λ2=35.0,K=7) | loss=nan
  [Client  2] Round 8 | Hier-pFedMe(λ2=35.0,K=7) | loss=nan
  [Client  3] Round 8 | Hier-pFedMe(λ2=35.0,K=7) | loss=nan
  [Edge 0] G8 | E4 | loss=nan
  [Edge 0] G8 | E5 | Hier-pFedMe | Selected 10/10
  [Client  8] Round 8 | Hier-pFedMe(λ2=35.0,K=7) | loss=nan
  [Client  4] Round 8 | Hier-pFedMe(λ2=35.0,K=7) | loss=nan
  [Client  5] Round 8 | Hier-pFedMe(λ2=35.0,K=7) | loss=nan
  [Client  1] Round 8 | Hier-pFedMe(λ2=35.0,K=7) | loss=nan
  [Client  9] Round 8 | Hier-pFedMe(λ2=35.0,K=7) | loss=nan
  [Client  7] Round 8 | Hier-pFedMe(λ2=35.0,K=7) | loss=nan
  [Client  3] Round 8 | Hier-pFedMe(λ2=35.0,K=7) | loss=nan
  [Client  6] Round 8 | Hier-pFedMe(λ2=35.0,K=7) | loss=nan
  [Client  0] Round 8 | Hier-pFedMe(λ2=35.0,K=7) | loss=nan
  [Client  2] Round 8 | Hier-pFedMe(λ2=35.0,K=7) | loss=nan
  [Edge 0] G8 | E5 | loss=nan
  [Edge 1] G8 | E1 | Hier-pFedMe | Selected 10/10
  [Client 14] Round 8 | Hier-pFedMe(λ2=35.0,K=7) | loss=nan
  [Client 16] Round 8 | Hier-pFedMe(λ2=35.0,K=7) | loss=nan
  [Client 19] Round 8 | Hier-pFedMe(λ2=35.0,K=7) | loss=nan
  [Client 17] Round 8 | Hier-pFedMe(λ2=35.0,K=7) | loss=nan
  [Client 11] Round 8 | Hier-pFedMe(λ2=35.0,K=7) | loss=nan
  [Client 15] Round 8 | Hier-pFedMe(λ2=35.0,K=7) | loss=nan
  [Client 18] Round 8 | Hier-pFedMe(λ2=35.0,K=7) | loss=nan
  [Client 13] Round 8 | Hier-pFedMe(λ2=35.0,K=7) | loss=nan
  [Client 10] Round 8 | Hier-pFedMe(λ2=35.0,K=7) | loss=nan
  [Client 12] Round 8 | Hier-pFedMe(λ2=35.0,K=7) | loss=nan
  [Edge 1] G8 | E1 | loss=nan
  [Edge 1] G8 | E2 | Hier-pFedMe | Selected 10/10
  [Client 11] Round 8 | Hier-pFedMe(λ2=35.0,K=7) | loss=nan
  [Client 15] Round 8 | Hier-pFedMe(λ2=35.0,K=7) | loss=nan
  [Client 17] Round 8 | Hier-pFedMe(λ2=35.0,K=7) | loss=nan
  [Client 18] Round 8 | Hier-pFedMe(λ2=35.0,K=7) | loss=nan
  [Client 10] Round 8 | Hier-pFedMe(λ2=35.0,K=7) | loss=nan
  [Client 14] Round 8 | Hier-pFedMe(λ2=35.0,K=7) | loss=nan
  [Client 19] Round 8 | Hier-pFedMe(λ2=35.0,K=7) | loss=nan
  [Client 16] Round 8 | Hier-pFedMe(λ2=35.0,K=7) | loss=nan
  [Client 13] Round 8 | Hier-pFedMe(λ2=35.0,K=7) | loss=nan
  [Client 12] Round 8 | Hier-pFedMe(λ2=35.0,K=7) | loss=nan
  [Edge 1] G8 | E2 | loss=nan
  [Edge 1] G8 | E3 | Hier-pFedMe | Selected 10/10
  [Client 14] Round 8 | Hier-pFedMe(λ2=35.0,K=7) | loss=nan
  [Client 17] Round 8 | Hier-pFedMe(λ2=35.0,K=7) | loss=nan
  [Client 11] Round 8 | Hier-pFedMe(λ2=35.0,K=7) | loss=nan
  [Client 19] Round 8 | Hier-pFedMe(λ2=35.0,K=7) | loss=nan
  [Client 13] Round 8 | Hier-pFedMe(λ2=35.0,K=7) | loss=nan
  [Client 18] Round 8 | Hier-pFedMe(λ2=35.0,K=7) | loss=nan
  [Client 16] Round 8 | Hier-pFedMe(λ2=35.0,K=7) | loss=nan
  [Client 10] Round 8 | Hier-pFedMe(λ2=35.0,K=7) | loss=nan
  [Client 15] Round 8 | Hier-pFedMe(λ2=35.0,K=7) | loss=nan
  [Client 12] Round 8 | Hier-pFedMe(λ2=35.0,K=7) | loss=nan
  [Edge 1] G8 | E3 | loss=nan
  [Edge 1] G8 | E4 | Hier-pFedMe | Selected 10/10
  [Client 12] Round 8 | Hier-pFedMe(λ2=35.0,K=7) | loss=nan
  [Client 14] Round 8 | Hier-pFedMe(λ2=35.0,K=7) | loss=nan
  [Client 18] Round 8 | Hier-pFedMe(λ2=35.0,K=7) | loss=nan
  [Client 16] Round 8 | Hier-pFedMe(λ2=35.0,K=7) | loss=nan
  [Client 13] Round 8 | Hier-pFedMe(λ2=35.0,K=7) | loss=nan
  [Client 11] Round 8 | Hier-pFedMe(λ2=35.0,K=7) | loss=nan
  [Client 15] Round 8 | Hier-pFedMe(λ2=35.0,K=7) | loss=nan
  [Client 19] Round 8 | Hier-pFedMe(λ2=35.0,K=7) | loss=nan
  [Client 10] Round 8 | Hier-pFedMe(λ2=35.0,K=7) | loss=nan
  [Client 17] Round 8 | Hier-pFedMe(λ2=35.0,K=7) | loss=nan
  [Edge 1] G8 | E4 | loss=nan
  [Edge 1] G8 | E5 | Hier-pFedMe | Selected 10/10
  [Client 16] Round 8 | Hier-pFedMe(λ2=35.0,K=7) | loss=nan
  [Client 15] Round 8 | Hier-pFedMe(λ2=35.0,K=7) | loss=nan
  [Client 12] Round 8 | Hier-pFedMe(λ2=35.0,K=7) | loss=nan
  [Client 11] Round 8 | Hier-pFedMe(λ2=35.0,K=7) | loss=nan
  [Client 17] Round 8 | Hier-pFedMe(λ2=35.0,K=7) | loss=nan
  [Client 18] Round 8 | Hier-pFedMe(λ2=35.0,K=7) | loss=nan
  [Client 10] Round 8 | Hier-pFedMe(λ2=35.0,K=7) | loss=nan
  [Client 14] Round 8 | Hier-pFedMe(λ2=35.0,K=7) | loss=nan
  [Client 13] Round 8 | Hier-pFedMe(λ2=35.0,K=7) | loss=nan
  [Client 19] Round 8 | Hier-pFedMe(λ2=35.0,K=7) | loss=nan
  [Edge 1] G8 | E5 | loss=nan
[C0] eval model[0] mean=nan | θ̃ mean=nan | edge mean=nan
[C0] n=800 | classes=[3, 6] | acc=0.0000 | per_class={3: '0.00', 6: '0.00'}
[C1] eval model[0] mean=nan | θ̃ mean=nan | edge mean=nan
[C1] n=800 | classes=[3, 6] | acc=0.0000 | per_class={3: '0.00', 6: '0.00'}
[C2] eval model[0] mean=nan | θ̃ mean=nan | edge mean=nan
[C2] n=800 | classes=[2, 5] | acc=0.0000 | per_class={2: '0.00', 5: '0.00'}
[C3] eval model[0] mean=nan | θ̃ mean=nan | edge mean=nan
[C3] n=800 | classes=[5, 7] | acc=0.0000 | per_class={5: '0.00', 7: '0.00'}
[C4] eval model[0] mean=nan | θ̃ mean=nan | edge mean=nan
[C4] n=800 | classes=[2, 7] | acc=0.0000 | per_class={2: '0.00', 7: '0.00'}
[C5] eval model[0] mean=nan | θ̃ mean=nan | edge mean=nan
[C5] n=800 | classes=[2, 4] | acc=0.0000 | per_class={2: '0.00', 4: '0.00'}
[C6] eval model[0] mean=nan | θ̃ mean=nan | edge mean=nan
[C6] n=800 | classes=[6, 7] | acc=0.0000 | per_class={6: '0.00', 7: '0.00'}
[C7] eval model[0] mean=nan | θ̃ mean=nan | edge mean=nan
[C7] n=800 | classes=[3, 5] | acc=0.0000 | per_class={3: '0.00', 5: '0.00'}
[C8] eval model[0] mean=nan | θ̃ mean=nan | edge mean=nan
[C8] n=400 | classes=[4] | acc=0.0000 | per_class={4: '0.00'}
[C9] eval model[0] mean=nan | θ̃ mean=nan | edge mean=nan
[C9] n=400 | classes=[4] | acc=0.0000 | per_class={4: '0.00'}
[C10] eval model[0] mean=nan | θ̃ mean=nan | edge mean=nan
[C10] n=480 | classes=[8, 9] | acc=0.0000 | per_class={8: '0.00', 9: '0.00'}
[C11] eval model[0] mean=nan | θ̃ mean=nan | edge mean=nan
[C11] n=480 | classes=[0, 1] | acc=0.5125 | per_class={0: '1.00', 1: '0.00'}
[C12] eval model[0] mean=nan | θ̃ mean=nan | edge mean=nan
[C12] n=480 | classes=[1, 8] | acc=0.0000 | per_class={1: '0.00', 8: '0.00'}
[C13] eval model[0] mean=nan | θ̃ mean=nan | edge mean=nan
[C13] n=480 | classes=[0, 8] | acc=0.5125 | per_class={0: '1.00', 8: '0.00'}
[C14] eval model[0] mean=nan | θ̃ mean=nan | edge mean=nan
[C14] n=480 | classes=[0, 9] | acc=0.5062 | per_class={0: '1.00', 9: '0.00'}
[C15] eval model[0] mean=nan | θ̃ mean=nan | edge mean=nan
[C15] n=480 | classes=[0, 8] | acc=0.5125 | per_class={0: '1.00', 8: '0.00'}
[C16] eval model[0] mean=nan | θ̃ mean=nan | edge mean=nan
