This job can be monitored from: https://job.c3se.chalmers.se/alvis/6596177
========================================
Job ID      : 6596177
Job Name    : HierFLcifar10
Node        : alvis10-01
Start Time  : Thu May  7 04:54:28 CEST 2026
Working Dir : /cephyr/users/ziangg/Alvis/tf-dpfl
========================================
[Setup] Python: /cephyr/users/ziangg/Alvis/tf-dpfl/bin/python
[Setup] TF version: 2.15.1
[Setup] GPU available: [PhysicalDevice(name='/physical_device:GPU:0', device_type='GPU')]
[Config] Override: wandb.enabled = True
[Setup] Random seed: 42
[Setup] Loading dataset...
[Data] CIFAR-100 from Mimer: /mimer/NOBACKUP/Datasets/CIFAR
[Data] CIFAR-100 | train=50000 test=10000 classes=100
[Setup] Building global model...
Model: "cifar_cnn_3conv"
_________________________________________________________________
 Layer (type)                Output Shape              Param #   
=================================================================
 input_1 (InputLayer)        [(None, 32, 32, 3)]       0         
                                                                 
 conv2d (Conv2D)             (None, 32, 32, 32)        896       
                                                                 
 batch_normalization (Batch  (None, 32, 32, 32)        128       
 Normalization)                                                  
                                                                 
 re_lu (ReLU)                (None, 32, 32, 32)        0         
                                                                 
 conv2d_1 (Conv2D)           (None, 32, 32, 64)        18496     
                                                                 
 batch_normalization_1 (Bat  (None, 32, 32, 64)        256       
 chNormalization)                                                
                                                                 
 re_lu_1 (ReLU)              (None, 32, 32, 64)        0         
                                                                 
 max_pooling2d (MaxPooling2  (None, 16, 16, 64)        0         
 D)                                                              
                                                                 
 conv2d_2 (Conv2D)           (None, 16, 16, 128)       73856     
                                                                 
 batch_normalization_2 (Bat  (None, 16, 16, 128)       512       
 chNormalization)                                                
                                                                 
 re_lu_2 (ReLU)              (None, 16, 16, 128)       0         
                                                                 
 conv2d_3 (Conv2D)           (None, 16, 16, 128)       147584    
                                                                 
 batch_normalization_3 (Bat  (None, 16, 16, 128)       512       
 chNormalization)                                                
                                                                 
 re_lu_3 (ReLU)              (None, 16, 16, 128)       0         
                                                                 
 max_pooling2d_1 (MaxPoolin  (None, 8, 8, 128)         0         
 g2D)                                                            
                                                                 
 spatial_dropout2d (Spatial  (None, 8, 8, 128)         0         
 Dropout2D)                                                      
                                                                 
 conv2d_4 (Conv2D)           (None, 8, 8, 256)         295168    
                                                                 
 batch_normalization_4 (Bat  (None, 8, 8, 256)         1024      
 chNormalization)                                                
                                                                 
 re_lu_4 (ReLU)              (None, 8, 8, 256)         0         
                                                                 
 conv2d_5 (Conv2D)           (None, 8, 8, 256)         590080    
                                                                 
 batch_normalization_5 (Bat  (None, 8, 8, 256)         1024      
 chNormalization)                                                
                                                                 
 re_lu_5 (ReLU)              (None, 8, 8, 256)         0         
                                                                 
 max_pooling2d_2 (MaxPoolin  (None, 4, 4, 256)         0         
 g2D)                                                            
                                                                 
 flatten (Flatten)           (None, 4096)              0         
                                                                 
 dropout (Dropout)           (None, 4096)              0         
                                                                 
 dense (Dense)               (None, 1024)              4195328   
                                                                 
 dense_1 (Dense)             (None, 512)               524800    
                                                                 
 dropout_1 (Dropout)         (None, 512)               0         
                                                                 
 dense_2 (Dense)             (None, 100)               51300     
                                                                 
=================================================================
Total params: 5900964 (22.51 MB)
Trainable params: 5899236 (22.50 MB)
Non-trainable params: 1728 (6.75 KB)
_________________________________________________________________
[Setup] Building clients...

[Pathological non-IID] 100 clients, 10 classes/client, 100 total classes
Client       Samples    Classes held (cls:count)
------------------------------------------------------------------------
client_0     500        [cls4:50, cls11:50, cls29:50, cls38:100, cls46:50, cls49:50, cls69:100, cls92:50]
client_1     500        [cls17:50, cls27:50, cls40:50, cls47:50, cls57:50, cls58:50, cls74:50, cls75:50, cls80:50, cls93:50]
client_2     500        [cls0:50, cls5:50, cls12:50, cls21:50, cls25:50, cls35:50, cls38:50, cls46:50, cls79:50, cls93:50]
client_3     500        [cls4:50, cls23:50, cls52:50, cls58:50, cls60:50, cls63:50, cls65:50, cls79:50, cls81:50, cls91:50]
client_4     500        [cls2:50, cls8:50, cls16:100, cls25:50, cls36:50, cls41:50, cls42:50, cls51:50, cls84:50]
client_5     500        [cls1:50, cls3:50, cls5:50, cls9:50, cls31:50, cls34:50, cls42:50, cls44:50, cls88:50, cls98:50]
client_6     500        [cls6:50, cls25:50, cls34:50, cls45:50, cls48:50, cls56:50, cls62:50, cls85:50, cls87:50, cls97:50]
client_7     500        [cls12:50, cls14:50, cls19:50, cls30:50, cls41:50, cls47:50, cls59:50, cls61:50, cls65:50, cls73:50]
client_8     500        [cls11:50, cls17:50, cls36:50, cls38:50, cls47:50, cls48:50, cls51:50, cls53:50, cls81:50, cls83:50]
client_9     500        [cls14:50, cls26:50, cls29:50, cls50:50, cls60:50, cls73:50, cls82:50, cls83:50, cls93:50, cls98:50]
client_10    500        [cls0:50, cls29:50, cls40:50, cls51:50, cls54:50, cls55:50, cls74:50, cls85:50, cls92:50, cls96:50]
client_11    500        [cls24:50, cls32:50, cls39:50, cls57:50, cls58:50, cls61:50, cls62:50, cls75:50, cls81:50, cls84:50]
client_12    500        [cls3:50, cls9:50, cls13:50, cls21:50, cls31:50, cls50:50, cls59:50, cls70:50, cls81:50, cls97:50]
client_13    500        [cls4:50, cls6:50, cls16:50, cls21:50, cls24:50, cls25:50, cls31:50, cls45:50, cls56:50, cls77:50]
client_14    500        [cls10:50, cls11:50, cls29:50, cls34:50, cls45:50, cls56:50, cls64:50, cls73:50, cls75:50, cls98:50]
client_15    500        [cls0:50, cls14:50, cls20:50, cls22:50, cls40:50, cls44:50, cls56:50, cls59:50, cls66:50, cls68:50]
client_16    500        [cls1:50, cls7:50, cls37:50, cls46:50, cls47:50, cls49:50, cls85:50, cls89:50, cls92:50, cls93:50]
client_17    500        [cls1:50, cls11:50, cls14:50, cls20:50, cls43:50, cls48:50, cls67:50, cls75:50, cls89:50, cls96:50]
client_18    500        [cls1:50, cls2:50, cls21:50, cls35:50, cls52:50, cls56:50, cls58:50, cls65:50, cls73:50, cls90:50]
client_19    500        [cls7:50, cls8:50, cls22:50, cls36:100, cls45:50, cls55:50, cls64:50, cls65:50, cls77:50]
client_20    500        [cls1:50, cls4:50, cls7:50, cls32:50, cls41:50, cls44:50, cls46:50, cls88:50, cls90:50, cls98:50]
client_21    500        [cls3:50, cls9:50, cls12:50, cls31:50, cls55:50, cls60:50, cls68:50, cls69:50, cls73:50, cls82:50]
client_22    500        [cls3:50, cls9:50, cls26:50, cls27:50, cls52:50, cls55:50, cls64:50, cls84:50, cls93:50, cls94:50]
client_23    500        [cls0:50, cls6:50, cls9:50, cls10:50, cls27:50, cls36:50, cls37:50, cls45:50, cls47:50, cls53:50]
client_24    500        [cls4:100, cls6:50, cls11:50, cls12:50, cls13:50, cls21:50, cls30:50, cls44:50, cls67:50]
client_25    500        [cls2:50, cls18:50, cls24:50, cls53:50, cls58:50, cls62:50, cls65:50, cls66:50, cls69:50, cls82:50]
client_26    500        [cls3:50, cls5:50, cls33:50, cls38:50, cls40:50, cls44:50, cls49:50, cls71:50, cls87:50, cls95:50]
client_27    500        [cls19:50, cls27:50, cls32:50, cls41:50, cls42:50, cls46:50, cls48:50, cls81:50, cls88:50, cls94:50]
client_28    500        [cls15:50, cls25:50, cls32:50, cls49:50, cls61:50, cls63:50, cls64:50, cls67:50, cls85:50, cls86:50]
client_29    500        [cls15:50, cls16:50, cls21:50, cls42:50, cls69:50, cls70:50, cls82:50, cls83:50, cls94:50, cls95:50]
client_30    500        [cls7:50, cls12:50, cls13:50, cls16:50, cls18:50, cls25:50, cls27:50, cls63:50, cls74:50, cls81:50]
client_31    500        [cls3:50, cls37:50, cls38:50, cls39:50, cls44:50, cls52:50, cls55:50, cls65:50, cls70:50, cls87:50]
client_32    500        [cls6:50, cls11:50, cls20:50, cls67:50, cls75:50, cls77:50, cls78:50, cls80:50, cls83:50, cls93:50]
client_33    500        [cls2:50, cls22:50, cls28:50, cls51:50, cls52:50, cls73:100, cls79:50, cls89:50, cls97:50]
client_34    500        [cls10:50, cls19:50, cls33:50, cls37:50, cls42:50, cls59:50, cls63:50, cls70:50, cls71:50, cls83:50]
client_35    500        [cls13:50, cls15:50, cls24:50, cls28:50, cls59:50, cls76:50, cls78:50, cls84:50, cls86:50, cls96:50]
client_36    500        [cls2:50, cls33:50, cls35:50, cls42:50, cls43:50, cls46:50, cls64:50, cls74:50, cls90:50, cls92:50]
client_37    500        [cls3:50, cls17:50, cls40:50, cls43:50, cls68:50, cls74:50, cls76:50, cls78:50, cls81:50, cls84:50]
client_38    500        [cls0:50, cls8:50, cls14:50, cls20:50, cls22:50, cls29:50, cls34:50, cls38:50, cls83:50, cls94:50]
client_39    500        [cls2:50, cls16:50, cls19:50, cls56:50, cls68:50, cls71:50, cls84:50, cls89:50, cls96:50, cls99:50]
client_40    500        [cls5:50, cls10:50, cls18:50, cls36:50, cls43:50, cls49:50, cls51:50, cls81:50, cls91:50, cls98:50]
client_41    500        [cls1:100, cls24:50, cls29:50, cls55:50, cls60:50, cls72:50, cls87:50, cls95:50, cls96:50]
client_42    500        [cls7:50, cls18:50, cls22:50, cls30:50, cls39:50, cls63:50, cls72:50, cls75:50, cls81:50, cls90:50]
client_43    500        [cls11:50, cls51:50, cls54:50, cls55:50, cls80:50, cls84:50, cls85:50, cls86:50, cls89:50, cls94:50]
client_44    500        [cls15:50, cls16:100, cls26:50, cls47:50, cls57:100, cls88:50, cls89:50, cls94:50]
client_45    500        [cls4:50, cls12:50, cls23:50, cls32:50, cls33:50, cls49:50, cls66:50, cls76:50, cls87:50, cls91:50]
client_46    500        [cls19:50, cls23:100, cls28:50, cls39:50, cls43:50, cls59:50, cls72:50, cls73:50, cls78:50]
client_47    500        [cls0:50, cls4:50, cls7:50, cls11:50, cls33:50, cls37:50, cls62:50, cls69:50, cls74:50, cls77:50]
client_48    500        [cls7:50, cls13:50, cls16:50, cls26:50, cls30:50, cls35:50, cls66:50, cls87:50, cls89:50, cls96:50]
client_49    500        [cls18:50, cls39:50, cls49:50, cls61:50, cls62:50, cls68:50, cls76:50, cls80:50, cls90:50, cls92:50]
client_50    500        [cls1:50, cls31:50, cls46:50, cls61:50, cls62:50, cls63:50, cls69:50, cls76:50, cls78:50, cls91:50]
client_51    500        [cls12:50, cls20:50, cls21:50, cls25:50, cls26:50, cls67:50, cls74:50, cls80:50, cls86:50, cls90:50]
client_52    500        [cls12:50, cls19:50, cls30:50, cls31:50, cls35:50, cls45:50, cls48:50, cls58:50, cls68:50, cls82:50]
client_53    500        [cls17:100, cls43:50, cls57:50, cls61:50, cls67:50, cls70:50, cls74:50, cls79:50, cls98:50]
client_54    500        [cls0:50, cls28:50, cls32:50, cls41:50, cls47:50, cls50:50, cls54:50, cls74:50, cls79:50, cls88:50]
client_55    500        [cls13:50, cls17:50, cls34:50, cls37:50, cls50:50, cls53:50, cls57:50, cls59:50, cls71:50, cls90:50]
client_56    500        [cls8:50, cls9:50, cls21:50, cls24:50, cls53:50, cls64:50, cls69:50, cls75:50, cls84:50, cls85:50]
client_57    500        [cls22:50, cls30:50, cls43:50, cls48:50, cls51:50, cls65:50, cls77:50, cls85:50, cls87:50, cls89:50]
client_58    500        [cls37:50, cls39:50, cls53:50, cls66:100, cls70:50, cls72:100, cls82:50, cls90:50]
client_59    500        [cls8:50, cls10:50, cls30:50, cls47:50, cls50:50, cls51:50, cls60:50, cls70:50, cls79:50, cls98:50]
client_60    500        [cls14:50, cls15:50, cls20:50, cls52:50, cls54:50, cls56:50, cls76:50, cls77:50, cls80:50, cls82:50]
client_61    500        [cls2:50, cls24:50, cls33:50, cls34:50, cls35:50, cls36:50, cls43:50, cls66:50, cls86:50, cls99:50]
client_62    500        [cls5:50, cls27:50, cls39:50, cls42:50, cls49:50, cls60:50, cls75:50, cls78:50, cls84:50, cls96:50]
client_63    500        [cls3:50, cls20:50, cls28:50, cls45:50, cls50:50, cls55:100, cls62:50, cls82:50, cls96:50]
client_64    500        [cls0:50, cls15:50, cls17:50, cls19:50, cls28:50, cls29:50, cls35:50, cls63:50, cls67:50, cls68:50]
client_65    500        [cls1:50, cls13:50, cls23:50, cls28:50, cls36:50, cls40:50, cls54:50, cls59:50, cls73:50, cls90:50]
client_66    500        [cls0:50, cls15:50, cls25:50, cls35:50, cls36:50, cls41:100, cls57:50, cls65:50, cls94:50]
client_67    500        [cls5:50, cls40:50, cls53:50, cls57:50, cls65:50, cls68:50, cls70:50, cls71:50, cls75:50, cls85:50]
client_68    500        [cls10:50, cls14:50, cls32:50, cls34:50, cls41:50, cls56:50, cls61:50, cls70:50, cls79:50, cls92:50]
client_69    500        [cls9:50, cls10:50, cls17:50, cls20:50, cls22:50, cls25:50, cls45:50, cls52:50, cls76:50, cls95:50]
client_70    500        [cls2:50, cls12:50, cls15:50, cls26:50, cls28:50, cls37:50, cls48:50, cls74:50, cls88:50, cls89:50]
client_71    500        [cls5:50, cls9:50, cls13:50, cls28:50, cls29:50, cls33:50, cls49:50, cls63:50, cls88:50, cls96:50]
client_72    500        [cls9:50, cls18:50, cls21:50, cls44:50, cls60:50, cls72:50, cls75:50, cls86:50, cls91:50, cls92:50]
client_73    500        [cls23:50, cls24:50, cls31:50, cls37:50, cls40:50, cls47:50, cls54:50, cls58:50, cls77:50, cls87:50]
client_74    500        [cls3:50, cls10:50, cls31:50, cls45:50, cls46:50, cls57:50, cls66:50, cls71:50, cls86:50, cls91:50]
client_75    500        [cls6:50, cls17:50, cls46:50, cls54:50, cls71:100, cls93:50, cls95:50, cls97:100]
client_76    500        [cls4:50, cls6:50, cls29:50, cls30:50, cls42:50, cls50:50, cls67:50, cls85:50, cls94:50, cls99:50]
client_77    500        [cls7:50, cls9:50, cls17:50, cls27:50, cls39:50, cls64:50, cls72:50, cls79:50, cls82:50, cls88:50]
client_78    500        [cls5:50, cls8:50, cls21:50, cls38:50, cls45:50, cls66:50, cls81:50, cls92:50, cls93:50, cls99:50]
client_79    500        [cls8:50, cls11:50, cls22:50, cls34:50, cls35:50, cls41:50, cls43:50, cls44:50, cls76:50, cls78:50]
client_80    500        [cls6:50, cls8:50, cls26:50, cls35:50, cls40:50, cls54:50, cls63:50, cls72:50, cls76:50, cls96:50]
client_81    500        [cls19:50, cls26:50, cls33:50, cls43:50, cls51:50, cls52:50, cls53:50, cls83:50, cls98:50, cls99:50]
client_82    500        [cls12:50, cls16:50, cls20:50, cls25:50, cls38:50, cls49:50, cls65:50, cls78:50, cls82:50, cls91:50]
client_83    500        [cls5:50, cls15:100, cls23:50, cls28:50, cls32:50, cls53:50, cls60:50, cls71:50, cls87:50]
client_84    500        [cls6:50, cls8:50, cls19:50, cls39:50, cls59:50, cls69:50, cls83:50, cls95:50, cls97:50, cls99:50]
client_85    500        [cls6:50, cls13:50, cls44:50, cls53:50, cls58:50, cls60:50, cls70:50, cls77:50, cls86:50, cls94:50]
client_86    500        [cls7:50, cls24:50, cls57:50, cls59:50, cls62:50, cls77:50, cls79:50, cls84:50, cls94:50, cls97:50]
client_87    500        [cls18:50, cls36:50, cls39:50, cls47:50, cls52:50, cls61:50, cls72:50, cls80:50, cls86:50, cls88:50]
client_88    500        [cls18:50, cls22:50, cls31:50, cls34:50, cls42:50, cls64:50, cls72:50, cls90:50, cls97:100]
client_89    500        [cls23:50, cls33:50, cls67:50, cls68:50, cls71:50, cls78:50, cls85:50, cls92:50, cls98:50, cls99:50]
client_90    500        [cls14:50, cls18:50, cls23:50, cls30:50, cls37:50, cls48:50, cls54:50, cls68:50, cls80:50, cls83:50]
client_91    500        [cls5:50, cls22:50, cls23:50, cls33:50, cls40:50, cls50:50, cls56:50, cls61:50, cls67:50, cls79:50]
client_92    500        [cls10:50, cls13:50, cls14:50, cls18:50, cls26:50, cls30:50, cls48:50, cls51:50, cls61:50, cls69:50]
client_93    500        [cls3:50, cls19:50, cls24:50, cls41:50, cls48:50, cls56:50, cls80:100, cls91:50, cls95:50]
client_94    500        [cls1:50, cls4:50, cls31:50, cls32:50, cls50:50, cls54:50, cls62:50, cls88:50, cls93:50, cls97:50]
client_95    500        [cls2:50, cls11:50, cls27:50, cls46:50, cls60:50, cls64:50, cls83:50, cls91:50, cls92:50, cls99:50]
client_96    500        [cls2:50, cls8:50, cls14:50, cls42:50, cls44:50, cls52:50, cls58:50, cls91:50, cls95:50, cls98:50]
client_97    500        [cls10:50, cls26:50, cls27:50, cls32:50, cls38:50, cls50:50, cls64:50, cls66:50, cls77:50, cls99:50]
client_98    500        [cls0:50, cls27:50, cls29:50, cls34:50, cls55:50, cls63:50, cls76:50, cls78:50, cls95:50, cls99:50]
client_99    500        [cls7:50, cls20:50, cls58:50, cls62:50, cls73:50, cls86:50, cls87:50, cls89:50, cls93:50, cls95:50]

[Test split] 100 per-client test sets, avg 980 samples each
[Setup] 100 clients built (pathological) | per-client test sets injected
[Setup] Building edge servers...
[Assignment] Random | 2 edges
  Edge 0: clients [1, 2, 4, 5, 6, 8, 9, 10, 11, 12, 13, 14, 18, 25, 26, 27, 30, 31, 32, 34, 35, 37, 38, 41, 42, 44, 45, 47, 52, 54, 55, 61, 64, 65, 66, 71, 72, 73, 74, 76, 79, 83, 84, 88, 89, 92, 94, 95, 97, 99]
  Edge 1: clients [0, 3, 7, 15, 16, 17, 19, 20, 21, 22, 23, 24, 28, 29, 33, 36, 39, 40, 43, 46, 48, 49, 50, 51, 53, 56, 57, 58, 59, 60, 62, 63, 67, 68, 69, 70, 75, 77, 78, 80, 81, 82, 85, 86, 87, 90, 91, 93, 96, 98]
[EdgeServer 0] 50 clients | 25000 samples
[EdgeServer 1] 50 clients | 25000 samples

[Setup] Built 2 edge servers (strategy=random)
  Edge 0: 50 clients | 25000 samples
  Edge 1: 50 clients | 25000 samples
[CloudServer] 2 edges | model: 22.51 MB

====================================================
 HierFAVG Training Start
====================================================

[Round   1] Broadcasting to 2 edges...
  [Edge 0] G1 | E1 | Hier-pFedMe | Selected 50/50
  [Client  6] Round 1 | Hier-pFedMe(λ2=35.0,R=1) | loss=nan
  [Client 35] Round 1 | Hier-pFedMe(λ2=35.0,R=1) | loss=nan
  [Client 99] Round 1 | Hier-pFedMe(λ2=35.0,R=1) | loss=nan
  [Client 76] Round 1 | Hier-pFedMe(λ2=35.0,R=1) | loss=nan
  [Client 31] Round 1 | Hier-pFedMe(λ2=35.0,R=1) | loss=nan
  [Client 92] Round 1 | Hier-pFedMe(λ2=35.0,R=1) | loss=nan
  [Client 73] Round 1 | Hier-pFedMe(λ2=35.0,R=1) | loss=nan
  [Client 32] Round 1 | Hier-pFedMe(λ2=35.0,R=1) | loss=nan
  [Client 18] Round 1 | Hier-pFedMe(λ2=35.0,R=1) | loss=nan
  [Client 27] Round 1 | Hier-pFedMe(λ2=35.0,R=1) | loss=nan
  [Client 71] Round 1 | Hier-pFedMe(λ2=35.0,R=1) | loss=nan
  [Client 11] Round 1 | Hier-pFedMe(λ2=35.0,R=1) | loss=nan
  [Client 65] Round 1 | Hier-pFedMe(λ2=35.0,R=1) | loss=nan
  [Client 66] Round 1 | Hier-pFedMe(λ2=35.0,R=1) | loss=nan
  [Client 12] Round 1 | Hier-pFedMe(λ2=35.0,R=1) | loss=nan
  [Client 89] Round 1 | Hier-pFedMe(λ2=35.0,R=1) | loss=nan
  [Client 61] Round 1 | Hier-pFedMe(λ2=35.0,R=1) | loss=nan
  [Client 95] Round 1 | Hier-pFedMe(λ2=35.0,R=1) | loss=nan
  [Client  1] Round 1 | Hier-pFedMe(λ2=35.0,R=1) | loss=nan
  [Client 30] Round 1 | Hier-pFedMe(λ2=35.0,R=1) | loss=nan
  [Client 13] Round 1 | Hier-pFedMe(λ2=35.0,R=1) | loss=nan
  [Client 45] Round 1 | Hier-pFedMe(λ2=35.0,R=1) | loss=nan
  [Client 52] Round 1 | Hier-pFedMe(λ2=35.0,R=1) | loss=nan
  [Client 64] Round 1 | Hier-pFedMe(λ2=35.0,R=1) | loss=nan
  [Client 74] Round 1 | Hier-pFedMe(λ2=35.0,R=1) | loss=nan
  [Client 84] Round 1 | Hier-pFedMe(λ2=35.0,R=1) | loss=nan
  [Client 10] Round 1 | Hier-pFedMe(λ2=35.0,R=1) | loss=nan
  [Client 42] Round 1 | Hier-pFedMe(λ2=35.0,R=1) | loss=nan
  [Client 72] Round 1 | Hier-pFedMe(λ2=35.0,R=1) | loss=nan
  [Client  4] Round 1 | Hier-pFedMe(λ2=35.0,R=1) | loss=nan
  [Client 83] Round 1 | Hier-pFedMe(λ2=35.0,R=1) | loss=nan
  [Client 55] Round 1 | Hier-pFedMe(λ2=35.0,R=1) | loss=nan
  [Client  2] Round 1 | Hier-pFedMe(λ2=35.0,R=1) | loss=nan
  [Client 94] Round 1 | Hier-pFedMe(λ2=35.0,R=1) | loss=nan
  [Client  5] Round 1 | Hier-pFedMe(λ2=35.0,R=1) | loss=nan
  [Client 54] Round 1 | Hier-pFedMe(λ2=35.0,R=1) | loss=nan
  [Client 26] Round 1 | Hier-pFedMe(λ2=35.0,R=1) | loss=nan
