This job can be monitored from: https://job.c3se.chalmers.se/alvis/6597380
========================================
Job ID      : 6597380
Job Name    : HierFLcifar10
Node        : alvis10-01
Start Time  : Thu May  7 07:37:40 CEST 2026
Working Dir : /cephyr/users/ziangg/Alvis/tf-dpfl
========================================
[Setup] Python: /cephyr/users/ziangg/Alvis/tf-dpfl/bin/python
[Setup] TF version: 2.15.1
[Setup] GPU available: [PhysicalDevice(name='/physical_device:GPU:0', device_type='GPU')]
[Config] Override: wandb.enabled = True
[Setup] Random seed: 42
[Setup] Loading dataset...
[Data] CIFAR-100 from Mimer: /mimer/NOBACKUP/Datasets/CIFAR
[Data] CIFAR-100 | train=50000 test=10000 classes=100
[Setup] Building global model...
Model: "cifar_cnn_3conv"
_________________________________________________________________
 Layer (type)                Output Shape              Param #   
=================================================================
 input_1 (InputLayer)        [(None, 32, 32, 3)]       0         
                                                                 
 conv2d (Conv2D)             (None, 32, 32, 32)        896       
                                                                 
 batch_normalization (Batch  (None, 32, 32, 32)        128       
 Normalization)                                                  
                                                                 
 re_lu (ReLU)                (None, 32, 32, 32)        0         
                                                                 
 conv2d_1 (Conv2D)           (None, 32, 32, 64)        18496     
                                                                 
 batch_normalization_1 (Bat  (None, 32, 32, 64)        256       
 chNormalization)                                                
                                                                 
 re_lu_1 (ReLU)              (None, 32, 32, 64)        0         
                                                                 
 max_pooling2d (MaxPooling2  (None, 16, 16, 64)        0         
 D)                                                              
                                                                 
 conv2d_2 (Conv2D)           (None, 16, 16, 128)       73856     
                                                                 
 batch_normalization_2 (Bat  (None, 16, 16, 128)       512       
 chNormalization)                                                
                                                                 
 re_lu_2 (ReLU)              (None, 16, 16, 128)       0         
                                                                 
 conv2d_3 (Conv2D)           (None, 16, 16, 128)       147584    
                                                                 
 batch_normalization_3 (Bat  (None, 16, 16, 128)       512       
 chNormalization)                                                
                                                                 
 re_lu_3 (ReLU)              (None, 16, 16, 128)       0         
                                                                 
 max_pooling2d_1 (MaxPoolin  (None, 8, 8, 128)         0         
 g2D)                                                            
                                                                 
 spatial_dropout2d (Spatial  (None, 8, 8, 128)         0         
 Dropout2D)                                                      
                                                                 
 conv2d_4 (Conv2D)           (None, 8, 8, 256)         295168    
                                                                 
 batch_normalization_4 (Bat  (None, 8, 8, 256)         1024      
 chNormalization)                                                
                                                                 
 re_lu_4 (ReLU)              (None, 8, 8, 256)         0         
                                                                 
 conv2d_5 (Conv2D)           (None, 8, 8, 256)         590080    
                                                                 
 batch_normalization_5 (Bat  (None, 8, 8, 256)         1024      
 chNormalization)                                                
                                                                 
 re_lu_5 (ReLU)              (None, 8, 8, 256)         0         
                                                                 
 max_pooling2d_2 (MaxPoolin  (None, 4, 4, 256)         0         
 g2D)                                                            
                                                                 
 flatten (Flatten)           (None, 4096)              0         
                                                                 
 dropout (Dropout)           (None, 4096)              0         
                                                                 
 dense (Dense)               (None, 1024)              4195328   
                                                                 
 dense_1 (Dense)             (None, 512)               524800    
                                                                 
 dropout_1 (Dropout)         (None, 512)               0         
                                                                 
 dense_2 (Dense)             (None, 100)               51300     
                                                                 
=================================================================
Total params: 5900964 (22.51 MB)
Trainable params: 5899236 (22.50 MB)
Non-trainable params: 1728 (6.75 KB)
_________________________________________________________________
[Setup] Building clients...

[Pathological non-IID] 20 clients, 10 classes/client, 100 total classes
Client       Samples    Classes held (cls:count)
------------------------------------------------------------------------
client_0     2500       [cls23:250, cls35:250, cls39:250, cls42:250, cls48:250, cls52:250, cls56:250, cls62:250, cls80:250, cls88:250]
client_1     2500       [cls7:250, cls27:250, cls33:250, cls37:250, cls49:250, cls58:250, cls70:250, cls71:250, cls83:250, cls93:250]
client_2     2500       [cls9:250, cls18:250, cls40:500, cls51:250, cls59:250, cls62:250, cls67:250, cls90:250, cls94:250]
client_3     2500       [cls5:250, cls7:250, cls8:250, cls17:250, cls27:250, cls48:250, cls58:250, cls74:250, cls87:250, cls96:250]
client_4     2500       [cls12:250, cls38:250, cls43:250, cls47:250, cls53:250, cls57:250, cls64:250, cls74:250, cls96:250, cls98:250]
client_5     2500       [cls3:250, cls13:250, cls26:500, cls32:250, cls47:250, cls60:250, cls64:250, cls75:250, cls78:250]
client_6     2500       [cls13:250, cls22:250, cls23:250, cls30:250, cls34:250, cls54:250, cls65:250, cls66:250, cls69:250, cls73:250]
client_7     2500       [cls4:250, cls8:250, cls11:250, cls15:250, cls24:500, cls36:250, cls42:250, cls69:250, cls80:250]
client_8     2500       [cls1:250, cls5:250, cls10:250, cls22:250, cls32:250, cls54:250, cls67:250, cls77:250, cls90:250, cls93:250]
client_9     2500       [cls16:250, cls36:250, cls41:250, cls50:250, cls51:250, cls52:250, cls59:250, cls61:500, cls82:250]
client_10    2500       [cls0:250, cls2:250, cls18:250, cls38:250, cls45:250, cls55:250, cls78:250, cls85:250, cls87:250, cls97:250]
client_11    2500       [cls0:250, cls2:250, cls11:250, cls15:250, cls19:250, cls28:250, cls63:250, cls70:250, cls73:250, cls79:250]
client_12    2500       [cls4:250, cls14:250, cls19:250, cls65:250, cls68:250, cls76:250, cls83:250, cls88:250, cls89:250, cls91:250]
client_13    2500       [cls20:250, cls56:250, cls63:250, cls77:250, cls79:250, cls81:500, cls84:250, cls95:250, cls98:250]
client_14    2500       [cls6:250, cls28:250, cls29:500, cls31:250, cls39:250, cls45:250, cls72:250, cls85:250, cls94:250]
client_15    2500       [cls12:250, cls16:250, cls34:250, cls46:250, cls55:250, cls57:250, cls60:250, cls68:250, cls84:250, cls86:250]
client_16    2500       [cls6:250, cls10:250, cls20:250, cls21:250, cls43:250, cls49:250, cls82:250, cls86:250, cls92:250, cls99:250]
client_17    2500       [cls1:250, cls25:250, cls30:250, cls31:250, cls33:250, cls37:250, cls41:250, cls44:500, cls99:250]
client_18    2500       [cls14:250, cls17:250, cls21:250, cls35:250, cls46:250, cls50:250, cls71:250, cls92:250, cls95:250, cls97:250]
client_19    2500       [cls3:250, cls9:250, cls25:250, cls53:250, cls66:250, cls72:250, cls75:250, cls76:250, cls89:250, cls91:250]

[Test split] 20 per-client test sets, avg 965 samples each
[Setup] 20 clients built (pathological) | per-client test sets injected
[Setup] Building edge servers...

  [Semantic] CIFAR-100 edge groups (superclass level):
    Edge 0: ['aquatic mammals', 'fish', 'insects', 'large carnivores', 'herbivores', 'medium mammals', 'invertebrates', 'people', 'reptiles', 'small mammals']  (fine classes: 50)
    Edge 1: ['flowers', 'food containers', 'fruit/veg', 'electrical', 'furniture', 'man-made outdoor', 'natural outdoor', 'trees', 'vehicles1', 'vehicles2']  (fine classes: 50)

[Assignment] Semantic | 2 edges | dataset=cifar100
  Edge 0: clients [4, 5, 6, 7, 8, 10, 11, 12, 13, 14, 17, 18, 19]
  Edge 1: clients [0, 1, 2, 3, 9, 15, 16]
[EdgeServer 0] 13 clients | 32500 samples
[EdgeServer 1] 7 clients | 17500 samples

[Setup] Built 2 edge servers (strategy=semantic)
  Edge 0: 13 clients | 32500 samples
  Edge 1: 7 clients | 17500 samples
[CloudServer] 2 edges | model: 22.51 MB

====================================================
 HierFAVG Training Start
====================================================

[Round   1] Broadcasting to 2 edges...
  [Edge 0] G1 | E1 | Hier-pFedMe | Selected 13/13
  [Client  4] Round 1 | Hier-pFedMe(λ2=35.0) | loss=2.4828
  [Client 17] Round 1 | Hier-pFedMe(λ2=35.0) | loss=2.6392
  [Client 18] Round 1 | Hier-pFedMe(λ2=35.0) | loss=2.4765
  [Client 12] Round 1 | Hier-pFedMe(λ2=35.0) | loss=2.5003
  [Client  6] Round 1 | Hier-pFedMe(λ2=35.0) | loss=2.5306
  [Client  5] Round 1 | Hier-pFedMe(λ2=35.0) | loss=2.3738
  [Client  7] Round 1 | Hier-pFedMe(λ2=35.0) | loss=2.4726
  [Client 10] Round 1 | Hier-pFedMe(λ2=35.0) | loss=2.6356
  [Client 19] Round 1 | Hier-pFedMe(λ2=35.0) | loss=2.6238
  [Client 13] Round 1 | Hier-pFedMe(λ2=35.0) | loss=2.3969
  [Client  8] Round 1 | Hier-pFedMe(λ2=35.0) | loss=2.8379
  [Client 14] Round 1 | Hier-pFedMe(λ2=35.0) | loss=2.4789
  [Client 11] Round 1 | Hier-pFedMe(λ2=35.0) | loss=2.6082
  [Edge 0] G1 | E1 | loss=2.5429
  [Edge 0] G1 | E2 | Hier-pFedMe | Selected 13/13
  [Client  5] Round 1 | Hier-pFedMe(λ2=35.0) | loss=2.4075
  [Client 14] Round 1 | Hier-pFedMe(λ2=35.0) | loss=2.5677
  [Client  4] Round 1 | Hier-pFedMe(λ2=35.0) | loss=2.5905
  [Client 19] Round 1 | Hier-pFedMe(λ2=35.0) | loss=2.7198
  [Client  7] Round 1 | Hier-pFedMe(λ2=35.0) | loss=2.4230
  [Client  8] Round 1 | Hier-pFedMe(λ2=35.0) | loss=2.6000
  [Client 10] Round 1 | Hier-pFedMe(λ2=35.0) | loss=2.6665
  [Client 17] Round 1 | Hier-pFedMe(λ2=35.0) | loss=2.4543
  [Client  6] Round 1 | Hier-pFedMe(λ2=35.0) | loss=2.4567
  [Client 12] Round 1 | Hier-pFedMe(λ2=35.0) | loss=2.5576
  [Client 18] Round 1 | Hier-pFedMe(λ2=35.0) | loss=2.5411
  [Client 13] Round 1 | Hier-pFedMe(λ2=35.0) | loss=2.4338
  [Client 11] Round 1 | Hier-pFedMe(λ2=35.0) | loss=2.5566
  [Edge 0] G1 | E2 | loss=2.5365
  [Edge 0] G1 | E3 | Hier-pFedMe | Selected 13/13
  [Client  4] Round 1 | Hier-pFedMe(λ2=35.0) | loss=2.3930
  [Client 17] Round 1 | Hier-pFedMe(λ2=35.0) | loss=2.2655
  [Client 14] Round 1 | Hier-pFedMe(λ2=35.0) | loss=2.4360
  [Client 13] Round 1 | Hier-pFedMe(λ2=35.0) | loss=2.3667
  [Client 19] Round 1 | Hier-pFedMe(λ2=35.0) | loss=2.4317
  [Client  6] Round 1 | Hier-pFedMe(λ2=35.0) | loss=2.3891
  [Client 12] Round 1 | Hier-pFedMe(λ2=35.0) | loss=2.4291
  [Client  7] Round 1 | Hier-pFedMe(λ2=35.0) | loss=2.4406
  [Client 11] Round 1 | Hier-pFedMe(λ2=35.0) | loss=2.4569
  [Client 10] Round 1 | Hier-pFedMe(λ2=35.0) | loss=2.5853
  [Client  8] Round 1 | Hier-pFedMe(λ2=35.0) | loss=2.5892
  [Client 18] Round 1 | Hier-pFedMe(λ2=35.0) | loss=2.3600
  [Client  5] Round 1 | Hier-pFedMe(λ2=35.0) | loss=2.3339
  [Edge 0] G1 | E3 | loss=2.4213
  [Edge 0] G1 | E4 | Hier-pFedMe | Selected 13/13
  [Client 18] Round 1 | Hier-pFedMe(λ2=35.0) | loss=2.2308
  [Client  4] Round 1 | Hier-pFedMe(λ2=35.0) | loss=2.3285
  [Client 19] Round 1 | Hier-pFedMe(λ2=35.0) | loss=2.4157
  [Client 11] Round 1 | Hier-pFedMe(λ2=35.0) | loss=2.3907
  [Client  6] Round 1 | Hier-pFedMe(λ2=35.0) | loss=2.3699
  [Client  7] Round 1 | Hier-pFedMe(λ2=35.0) | loss=2.2685
  [Client 13] Round 1 | Hier-pFedMe(λ2=35.0) | loss=2.2188
  [Client 10] Round 1 | Hier-pFedMe(λ2=35.0) | loss=2.4611
  [Client 12] Round 1 | Hier-pFedMe(λ2=35.0) | loss=2.2997
  [Client 14] Round 1 | Hier-pFedMe(λ2=35.0) | loss=2.3360
  [Client  5] Round 1 | Hier-pFedMe(λ2=35.0) | loss=2.3313
  [Client  8] Round 1 | Hier-pFedMe(λ2=35.0) | loss=2.5483
  [Client 17] Round 1 | Hier-pFedMe(λ2=35.0) | loss=2.3408
  [Edge 0] G1 | E4 | loss=2.3492
  [Edge 0] G1 | E5 | Hier-pFedMe | Selected 13/13
  [Client 14] Round 1 | Hier-pFedMe(λ2=35.0) | loss=2.3220
  [Client  8] Round 1 | Hier-pFedMe(λ2=35.0) | loss=2.5026
  [Client 11] Round 1 | Hier-pFedMe(λ2=35.0) | loss=2.2690
  [Client 13] Round 1 | Hier-pFedMe(λ2=35.0) | loss=2.1705
  [Client  7] Round 1 | Hier-pFedMe(λ2=35.0) | loss=2.2248
  [Client  6] Round 1 | Hier-pFedMe(λ2=35.0) | loss=2.2962
  [Client  4] Round 1 | Hier-pFedMe(λ2=35.0) | loss=2.3041
  [Client 19] Round 1 | Hier-pFedMe(λ2=35.0) | loss=2.2727
  [Client 17] Round 1 | Hier-pFedMe(λ2=35.0) | loss=2.2359
  [Client 10] Round 1 | Hier-pFedMe(λ2=35.0) | loss=2.4225
  [Client 12] Round 1 | Hier-pFedMe(λ2=35.0) | loss=2.3065
  [Client 18] Round 1 | Hier-pFedMe(λ2=35.0) | loss=2.2214
  [Client  5] Round 1 | Hier-pFedMe(λ2=35.0) | loss=2.3206
  [Edge 0] G1 | E5 | loss=2.2976
  [Edge 1] G1 | E1 | Hier-pFedMe | Selected 7/7
  [Client  9] Round 1 | Hier-pFedMe(λ2=35.0) | loss=2.3174
  [Client  0] Round 1 | Hier-pFedMe(λ2=35.0) | loss=2.4225
  [Client 15] Round 1 | Hier-pFedMe(λ2=35.0) | loss=2.6227
  [Client  1] Round 1 | Hier-pFedMe(λ2=35.0) | loss=2.6132
  [Client  2] Round 1 | Hier-pFedMe(λ2=35.0) | loss=2.2736
  [Client  3] Round 1 | Hier-pFedMe(λ2=35.0) | loss=2.6817
  [Client 16] Round 1 | Hier-pFedMe(λ2=35.0) | loss=2.4381
  [Edge 1] G1 | E1 | loss=2.4813
  [Edge 1] G1 | E2 | Hier-pFedMe | Selected 7/7
  [Client  9] Round 1 | Hier-pFedMe(λ2=35.0) | loss=2.1760
  [Client  3] Round 1 | Hier-pFedMe(λ2=35.0) | loss=2.6781
  [Client  0] Round 1 | Hier-pFedMe(λ2=35.0) | loss=2.3722
  [Client  2] Round 1 | Hier-pFedMe(λ2=35.0) | loss=2.2985
  [Client 15] Round 1 | Hier-pFedMe(λ2=35.0) | loss=2.4295
  [Client 16] Round 1 | Hier-pFedMe(λ2=35.0) | loss=2.4587
  [Client  1] Round 1 | Hier-pFedMe(λ2=35.0) | loss=2.5162
  [Edge 1] G1 | E2 | loss=2.4185
  [Edge 1] G1 | E3 | Hier-pFedMe | Selected 7/7
  [Client  2] Round 1 | Hier-pFedMe(λ2=35.0) | loss=2.2272
  [Client 15] Round 1 | Hier-pFedMe(λ2=35.0) | loss=2.3088
  [Client  9] Round 1 | Hier-pFedMe(λ2=35.0) | loss=2.1121
  [Client  0] Round 1 | Hier-pFedMe(λ2=35.0) | loss=2.1718
  [Client  1] Round 1 | Hier-pFedMe(λ2=35.0) | loss=2.2994
  [Client 16] Round 1 | Hier-pFedMe(λ2=35.0) | loss=2.3582
  [Client  3] Round 1 | Hier-pFedMe(λ2=35.0) | loss=2.4064
  [Edge 1] G1 | E3 | loss=2.2691
  [Edge 1] G1 | E4 | Hier-pFedMe | Selected 7/7
  [Client  0] Round 1 | Hier-pFedMe(λ2=35.0) | loss=2.1390
  [Client 16] Round 1 | Hier-pFedMe(λ2=35.0) | loss=2.1206
  [Client 15] Round 1 | Hier-pFedMe(λ2=35.0) | loss=2.1507
  [Client  1] Round 1 | Hier-pFedMe(λ2=35.0) | loss=2.2518
  [Client  3] Round 1 | Hier-pFedMe(λ2=35.0) | loss=2.4180
  [Client  2] Round 1 | Hier-pFedMe(λ2=35.0) | loss=2.1161
  [Client  9] Round 1 | Hier-pFedMe(λ2=35.0) | loss=1.9959
  [Edge 1] G1 | E4 | loss=2.1703
  [Edge 1] G1 | E5 | Hier-pFedMe | Selected 7/7
  [Client 16] Round 1 | Hier-pFedMe(λ2=35.0) | loss=2.0917
  [Client  1] Round 1 | Hier-pFedMe(λ2=35.0) | loss=2.0209
  [Client  2] Round 1 | Hier-pFedMe(λ2=35.0) | loss=2.0247
  [Client  0] Round 1 | Hier-pFedMe(λ2=35.0) | loss=2.0269
  [Client  9] Round 1 | Hier-pFedMe(λ2=35.0) | loss=1.9231
  [Client  3] Round 1 | Hier-pFedMe(λ2=35.0) | loss=2.1500
  [Client 15] Round 1 | Hier-pFedMe(λ2=35.0) | loss=2.1444
  [Edge 1] G1 | E5 | loss=2.0545
  [Cloud] GM=0.0147 | EM=0.0202 | loss=4.6023 | time=176.4s | comm=4592.1MB (total=4592MB)

[Round   2] Broadcasting to 2 edges...
  [Edge 0] G2 | E1 | Hier-pFedMe | Selected 13/13
  [Client 14] Round 2 | Hier-pFedMe(λ2=35.0) | loss=2.3995
  [Client 19] Round 2 | Hier-pFedMe(λ2=35.0) | loss=2.5472
  [Client 17] Round 2 | Hier-pFedMe(λ2=35.0) | loss=2.2802
  [Client 10] Round 2 | Hier-pFedMe(λ2=35.0) | loss=2.4765
  [Client  7] Round 2 | Hier-pFedMe(λ2=35.0) | loss=2.3252
  [Client 12] Round 2 | Hier-pFedMe(λ2=35.0) | loss=2.3890
  [Client 13] Round 2 | Hier-pFedMe(λ2=35.0) | loss=2.2879
  [Client  5] Round 2 | Hier-pFedMe(λ2=35.0) | loss=2.2909
  [Client 11] Round 2 | Hier-pFedMe(λ2=35.0) | loss=2.3617
  [Client  8] Round 2 | Hier-pFedMe(λ2=35.0) | loss=2.5665
  [Client  6] Round 2 | Hier-pFedMe(λ2=35.0) | loss=2.3960
  [Client 18] Round 2 | Hier-pFedMe(λ2=35.0) | loss=2.2607
  [Client  4] Round 2 | Hier-pFedMe(λ2=35.0) | loss=2.3288
  [Edge 0] G2 | E1 | loss=2.3777
  [Edge 0] G2 | E2 | Hier-pFedMe | Selected 13/13
  [Client 14] Round 2 | Hier-pFedMe(λ2=35.0) | loss=2.2894
  [Client 10] Round 2 | Hier-pFedMe(λ2=35.0) | loss=2.4385
  [Client 18] Round 2 | Hier-pFedMe(λ2=35.0) | loss=2.1949
  [Client 19] Round 2 | Hier-pFedMe(λ2=35.0) | loss=2.2960
  [Client 13] Round 2 | Hier-pFedMe(λ2=35.0) | loss=2.1702
  [Client  7] Round 2 | Hier-pFedMe(λ2=35.0) | loss=2.2710
  [Client  4] Round 2 | Hier-pFedMe(λ2=35.0) | loss=2.2113
  [Client 11] Round 2 | Hier-pFedMe(λ2=35.0) | loss=2.2442
  [Client  5] Round 2 | Hier-pFedMe(λ2=35.0) | loss=2.1943
  [Client  6] Round 2 | Hier-pFedMe(λ2=35.0) | loss=2.2805
  [Client  8] Round 2 | Hier-pFedMe(λ2=35.0) | loss=2.4767
  [Client 12] Round 2 | Hier-pFedMe(λ2=35.0) | loss=2.2178
  [Client 17] Round 2 | Hier-pFedMe(λ2=35.0) | loss=2.2093
  [Edge 0] G2 | E2 | loss=2.2688
  [Edge 0] G2 | E3 | Hier-pFedMe | Selected 13/13
  [Client 11] Round 2 | Hier-pFedMe(λ2=35.0) | loss=2.2540  [Client 14] Round 2 | Hier-pFedMe(λ2=35.0) | loss=2.2163

  [Client  4] Round 2 | Hier-pFedMe(λ2=35.0) | loss=2.1081
  [Client  5] Round 2 | Hier-pFedMe(λ2=35.0) | loss=2.1282
  [Client 18] Round 2 | Hier-pFedMe(λ2=35.0) | loss=2.0420
  [Client 13] Round 2 | Hier-pFedMe(λ2=35.0) | loss=2.0757
  [Client  6] Round 2 | Hier-pFedMe(λ2=35.0) | loss=2.1652
  [Client 17] Round 2 | Hier-pFedMe(λ2=35.0) | loss=2.1081
  [Client 12] Round 2 | Hier-pFedMe(λ2=35.0) | loss=2.1662
  [Client  7] Round 2 | Hier-pFedMe(λ2=35.0) | loss=2.1082
  [Client  8] Round 2 | Hier-pFedMe(λ2=35.0) | loss=2.3790
  [Client 10] Round 2 | Hier-pFedMe(λ2=35.0) | loss=2.2548
  [Client 19] Round 2 | Hier-pFedMe(λ2=35.0) | loss=2.2537
  [Edge 0] G2 | E3 | loss=2.1738
  [Edge 0] G2 | E4 | Hier-pFedMe | Selected 13/13
  [Client  4] Round 2 | Hier-pFedMe(λ2=35.0) | loss=2.0501
  [Client 10] Round 2 | Hier-pFedMe(λ2=35.0) | loss=2.2300
  [Client  7] Round 2 | Hier-pFedMe(λ2=35.0) | loss=2.0813
  [Client  8] Round 2 | Hier-pFedMe(λ2=35.0) | loss=2.2698
  [Client  5] Round 2 | Hier-pFedMe(λ2=35.0) | loss=1.9540
  [Client 14] Round 2 | Hier-pFedMe(λ2=35.0) | loss=2.1614
  [Client 18] Round 2 | Hier-pFedMe(λ2=35.0) | loss=1.9860
  [Client 13] Round 2 | Hier-pFedMe(λ2=35.0) | loss=1.9692
  [Client 12] Round 2 | Hier-pFedMe(λ2=35.0) | loss=2.1089
  [Client  6] Round 2 | Hier-pFedMe(λ2=35.0) | loss=2.1114
  [Client 17] Round 2 | Hier-pFedMe(λ2=35.0) | loss=2.0730
  [Client 19] Round 2 | Hier-pFedMe(λ2=35.0) | loss=2.1938
  [Client 11] Round 2 | Hier-pFedMe(λ2=35.0) | loss=2.1037
  [Edge 0] G2 | E4 | loss=2.0994
  [Edge 0] G2 | E5 | Hier-pFedMe | Selected 13/13
  [Client 18] Round 2 | Hier-pFedMe(λ2=35.0) | loss=1.8473
  [Client  8] Round 2 | Hier-pFedMe(λ2=35.0) | loss=2.2688
  [Client  7] Round 2 | Hier-pFedMe(λ2=35.0) | loss=2.0349
  [Client 19] Round 2 | Hier-pFedMe(λ2=35.0) | loss=2.0764
  [Client  6] Round 2 | Hier-pFedMe(λ2=35.0) | loss=2.0415
  [Client 17] Round 2 | Hier-pFedMe(λ2=35.0) | loss=1.9424
  [Client 14] Round 2 | Hier-pFedMe(λ2=35.0) | loss=2.0797
  [Client 10] Round 2 | Hier-pFedMe(λ2=35.0) | loss=2.1882
  [Client 13] Round 2 | Hier-pFedMe(λ2=35.0) | loss=1.9466
  [Client  5] Round 2 | Hier-pFedMe(λ2=35.0) | loss=1.9537
  [Client 11] Round 2 | Hier-pFedMe(λ2=35.0) | loss=2.0553
  [Client  4] Round 2 | Hier-pFedMe(λ2=35.0) | loss=2.0015
  [Client 12] Round 2 | Hier-pFedMe(λ2=35.0) | loss=2.0383
  [Edge 0] G2 | E5 | loss=2.0365
  [Edge 1] G2 | E1 | Hier-pFedMe | Selected 7/7
  [Client  2] Round 2 | Hier-pFedMe(λ2=35.0) | loss=2.2148
  [Client  1] Round 2 | Hier-pFedMe(λ2=35.0) | loss=2.2905
  [Client  3] Round 2 | Hier-pFedMe(λ2=35.0) | loss=2.3245
  [Client  0] Round 2 | Hier-pFedMe(λ2=35.0) | loss=2.2042
  [Client 16] Round 2 | Hier-pFedMe(λ2=35.0) | loss=2.2165
  [Client 15] Round 2 | Hier-pFedMe(λ2=35.0) | loss=2.3231
  [Client  9] Round 2 | Hier-pFedMe(λ2=35.0) | loss=2.1033
  [Edge 1] G2 | E1 | loss=2.2396
  [Edge 1] G2 | E2 | Hier-pFedMe | Selected 7/7
  [Client  9] Round 2 | Hier-pFedMe(λ2=35.0) | loss=1.9220
  [Client 15] Round 2 | Hier-pFedMe(λ2=35.0) | loss=2.0749
  [Client  1] Round 2 | Hier-pFedMe(λ2=35.0) | loss=2.1516
  [Client  2] Round 2 | Hier-pFedMe(λ2=35.0) | loss=2.0364
  [Client  0] Round 2 | Hier-pFedMe(λ2=35.0) | loss=2.0006
  [Client 16] Round 2 | Hier-pFedMe(λ2=35.0) | loss=2.0645
  [Client  3] Round 2 | Hier-pFedMe(λ2=35.0) | loss=2.2007
  [Edge 1] G2 | E2 | loss=2.0644
  [Edge 1] G2 | E3 | Hier-pFedMe | Selected 7/7
  [Client 16] Round 2 | Hier-pFedMe(λ2=35.0) | loss=1.9564
  [Client  9] Round 2 | Hier-pFedMe(λ2=35.0) | loss=1.8123
  [Client  1] Round 2 | Hier-pFedMe(λ2=35.0) | loss=2.0536
  [Client  0] Round 2 | Hier-pFedMe(λ2=35.0) | loss=1.9547
  [Client 15] Round 2 | Hier-pFedMe(λ2=35.0) | loss=1.9968
  [Client  2] Round 2 | Hier-pFedMe(λ2=35.0) | loss=1.9164
  [Client  3] Round 2 | Hier-pFedMe(λ2=35.0) | loss=2.1442
  [Edge 1] G2 | E3 | loss=1.9763
  [Edge 1] G2 | E4 | Hier-pFedMe | Selected 7/7
  [Client  9] Round 2 | Hier-pFedMe(λ2=35.0) | loss=1.6866
  [Client  1] Round 2 | Hier-pFedMe(λ2=35.0) | loss=1.9670
  [Client  2] Round 2 | Hier-pFedMe(λ2=35.0) | loss=1.8981
  [Client 16] Round 2 | Hier-pFedMe(λ2=35.0) | loss=1.8872
  [Client  3] Round 2 | Hier-pFedMe(λ2=35.0) | loss=2.0921
  [Client 15] Round 2 | Hier-pFedMe(λ2=35.0) | loss=1.9381
  [Client  0] Round 2 | Hier-pFedMe(λ2=35.0) | loss=1.8500
  [Edge 1] G2 | E4 | loss=1.9027
  [Edge 1] G2 | E5 | Hier-pFedMe | Selected 7/7
  [Client 15] Round 2 | Hier-pFedMe(λ2=35.0) | loss=1.9017
  [Client 16] Round 2 | Hier-pFedMe(λ2=35.0) | loss=1.8086
  [Client  2] Round 2 | Hier-pFedMe(λ2=35.0) | loss=1.7902
  [Client  3] Round 2 | Hier-pFedMe(λ2=35.0) | loss=1.9790
  [Client  0] Round 2 | Hier-pFedMe(λ2=35.0) | loss=1.7292
  [Client  9] Round 2 | Hier-pFedMe(λ2=35.0) | loss=1.6936
  [Client  1] Round 2 | Hier-pFedMe(λ2=35.0) | loss=1.9255
  [Edge 1] G2 | E5 | loss=1.8325
  [Cloud] GM=0.0260 | EM=0.0262 | loss=4.5449 | time=131.4s | comm=4592.1MB (total=9184MB)

[Round   3] Broadcasting to 2 edges...
  [Edge 0] G3 | E1 | Hier-pFedMe | Selected 13/13
  [Client  5] Round 3 | Hier-pFedMe(λ2=35.0) | loss=1.9955
  [Client  8] Round 3 | Hier-pFedMe(λ2=35.0) | loss=2.2876
  [Client  4] Round 3 | Hier-pFedMe(λ2=35.0) | loss=2.0360
  [Client 11] Round 3 | Hier-pFedMe(λ2=35.0) | loss=2.1456
  [Client 12] Round 3 | Hier-pFedMe(λ2=35.0) | loss=2.0879
  [Client 13] Round 3 | Hier-pFedMe(λ2=35.0) | loss=2.0065
  [Client 19] Round 3 | Hier-pFedMe(λ2=35.0) | loss=2.1577
  [Client  7] Round 3 | Hier-pFedMe(λ2=35.0) | loss=2.0927
  [Client 18] Round 3 | Hier-pFedMe(λ2=35.0) | loss=1.9473
  [Client 14] Round 3 | Hier-pFedMe(λ2=35.0) | loss=2.1457
  [Client  6] Round 3 | Hier-pFedMe(λ2=35.0) | loss=2.1149
  [Client 10] Round 3 | Hier-pFedMe(λ2=35.0) | loss=2.2246
  [Client 17] Round 3 | Hier-pFedMe(λ2=35.0) | loss=2.0301
  [Edge 0] G3 | E1 | loss=2.0979
  [Edge 0] G3 | E2 | Hier-pFedMe | Selected 13/13
  [Client 14] Round 3 | Hier-pFedMe(λ2=35.0) | loss=2.1033
  [Client  7] Round 3 | Hier-pFedMe(λ2=35.0) | loss=1.9368
  [Client 19] Round 3 | Hier-pFedMe(λ2=35.0) | loss=2.0735
  [Client 17] Round 3 | Hier-pFedMe(λ2=35.0) | loss=1.8986
  [Client 10] Round 3 | Hier-pFedMe(λ2=35.0) | loss=2.1100
  [Client 12] Round 3 | Hier-pFedMe(λ2=35.0) | loss=1.9624
  [Client  5] Round 3 | Hier-pFedMe(λ2=35.0) | loss=1.9452
  [Client 13] Round 3 | Hier-pFedMe(λ2=35.0) | loss=1.8658
  [Client  4] Round 3 | Hier-pFedMe(λ2=35.0) | loss=1.9296
  [Client 11] Round 3 | Hier-pFedMe(λ2=35.0) | loss=2.0634
  [Client 18] Round 3 | Hier-pFedMe(λ2=35.0) | loss=1.8829
  [Client  8] Round 3 | Hier-pFedMe(λ2=35.0) | loss=2.1821
  [Client  6] Round 3 | Hier-pFedMe(λ2=35.0) | loss=2.0084
  [Edge 0] G3 | E2 | loss=1.9971
  [Edge 0] G3 | E3 | Hier-pFedMe | Selected 13/13
  [Client  7] Round 3 | Hier-pFedMe(λ2=35.0) | loss=1.9355
  [Client 10] Round 3 | Hier-pFedMe(λ2=35.0) | loss=2.1417
  [Client 18] Round 3 | Hier-pFedMe(λ2=35.0) | loss=1.8069
  [Client  5] Round 3 | Hier-pFedMe(λ2=35.0) | loss=1.8444
  [Client  4] Round 3 | Hier-pFedMe(λ2=35.0) | loss=1.8586
  [Client  8] Round 3 | Hier-pFedMe(λ2=35.0) | loss=2.1738
  [Client 17] Round 3 | Hier-pFedMe(λ2=35.0) | loss=1.8807
  [Client 13] Round 3 | Hier-pFedMe(λ2=35.0) | loss=1.8715
  [Client 14] Round 3 | Hier-pFedMe(λ2=35.0) | loss=1.9796
  [Client 12] Round 3 | Hier-pFedMe(λ2=35.0) | loss=1.8852
  [Client 19] Round 3 | Hier-pFedMe(λ2=35.0) | loss=1.9636
  [Client 11] Round 3 | Hier-pFedMe(λ2=35.0) | loss=1.9725
  [Client  6] Round 3 | Hier-pFedMe(λ2=35.0) | loss=1.9404
  [Edge 0] G3 | E3 | loss=1.9426
  [Edge 0] G3 | E4 | Hier-pFedMe | Selected 13/13
  [Client 12] Round 3 | Hier-pFedMe(λ2=35.0) | loss=1.8462
  [Client 17] Round 3 | Hier-pFedMe(λ2=35.0) | loss=1.8140
  [Client 13] Round 3 | Hier-pFedMe(λ2=35.0) | loss=1.7846
  [Client  7] Round 3 | Hier-pFedMe(λ2=35.0) | loss=1.8580
  [Client 18] Round 3 | Hier-pFedMe(λ2=35.0) | loss=1.7925
  [Client  4] Round 3 | Hier-pFedMe(λ2=35.0) | loss=1.8205
  [Client  8] Round 3 | Hier-pFedMe(λ2=35.0) | loss=2.0848
  [Client  5] Round 3 | Hier-pFedMe(λ2=35.0) | loss=1.7603
  [Client 14] Round 3 | Hier-pFedMe(λ2=35.0) | loss=1.9378
  [Client 10] Round 3 | Hier-pFedMe(λ2=35.0) | loss=2.0192
  [Client  6] Round 3 | Hier-pFedMe(λ2=35.0) | loss=1.8565
  [Client 19] Round 3 | Hier-pFedMe(λ2=35.0) | loss=1.8977
  [Client 11] Round 3 | Hier-pFedMe(λ2=35.0) | loss=1.8835
  [Edge 0] G3 | E4 | loss=1.8735
  [Edge 0] G3 | E5 | Hier-pFedMe | Selected 13/13
  [Client  6] Round 3 | Hier-pFedMe(λ2=35.0) | loss=1.8500
  [Client 14] Round 3 | Hier-pFedMe(λ2=35.0) | loss=1.8916
  [Client 12] Round 3 | Hier-pFedMe(λ2=35.0) | loss=1.7940
  [Client 18] Round 3 | Hier-pFedMe(λ2=35.0) | loss=1.8004
  [Client 17] Round 3 | Hier-pFedMe(λ2=35.0) | loss=1.7928
  [Client  4] Round 3 | Hier-pFedMe(λ2=35.0) | loss=1.8512
  [Client  5] Round 3 | Hier-pFedMe(λ2=35.0) | loss=1.7398
  [Client 10] Round 3 | Hier-pFedMe(λ2=35.0) | loss=2.0528
  [Client  8] Round 3 | Hier-pFedMe(λ2=35.0) | loss=2.0777
  [Client 19] Round 3 | Hier-pFedMe(λ2=35.0) | loss=1.8368
  [Client 11] Round 3 | Hier-pFedMe(λ2=35.0) | loss=1.8702
  [Client 13] Round 3 | Hier-pFedMe(λ2=35.0) | loss=1.7198
  [Client  7] Round 3 | Hier-pFedMe(λ2=35.0) | loss=1.8135
  [Edge 0] G3 | E5 | loss=1.8531
  [Edge 1] G3 | E1 | Hier-pFedMe | Selected 7/7
  [Client  1] Round 3 | Hier-pFedMe(λ2=35.0) | loss=1.9838
  [Client  3] Round 3 | Hier-pFedMe(λ2=35.0) | loss=2.0856
  [Client 16] Round 3 | Hier-pFedMe(λ2=35.0) | loss=1.8971
  [Client  0] Round 3 | Hier-pFedMe(λ2=35.0) | loss=1.8878
  [Client 15] Round 3 | Hier-pFedMe(λ2=35.0) | loss=1.9304
  [Client  2] Round 3 | Hier-pFedMe(λ2=35.0) | loss=1.8716
  [Client  9] Round 3 | Hier-pFedMe(λ2=35.0) | loss=1.7789
  [Edge 1] G3 | E1 | loss=1.9193
  [Edge 1] G3 | E2 | Hier-pFedMe | Selected 7/7
  [Client  9] Round 3 | Hier-pFedMe(λ2=35.0) | loss=1.6535
  [Client  1] Round 3 | Hier-pFedMe(λ2=35.0) | loss=1.8051
  [Client 15] Round 3 | Hier-pFedMe(λ2=35.0) | loss=1.8625
  [Client  2] Round 3 | Hier-pFedMe(λ2=35.0) | loss=1.7382
  [Client  0] Round 3 | Hier-pFedMe(λ2=35.0) | loss=1.6961
  [Client  3] Round 3 | Hier-pFedMe(λ2=35.0) | loss=1.9590
  [Client 16] Round 3 | Hier-pFedMe(λ2=35.0) | loss=1.8173
  [Edge 1] G3 | E2 | loss=1.7902
  [Edge 1] G3 | E3 | Hier-pFedMe | Selected 7/7
  [Client  9] Round 3 | Hier-pFedMe(λ2=35.0) | loss=1.6023
  [Client  3] Round 3 | Hier-pFedMe(λ2=35.0) | loss=1.8978
  [Client 15] Round 3 | Hier-pFedMe(λ2=35.0) | loss=1.8002
  [Client  0] Round 3 | Hier-pFedMe(λ2=35.0) | loss=1.7315
  [Client  2] Round 3 | Hier-pFedMe(λ2=35.0) | loss=1.7143
  [Client 16] Round 3 | Hier-pFedMe(λ2=35.0) | loss=1.7439
  [Client  1] Round 3 | Hier-pFedMe(λ2=35.0) | loss=1.7305
  [Edge 1] G3 | E3 | loss=1.7458
  [Edge 1] G3 | E4 | Hier-pFedMe | Selected 7/7
  [Client 15] Round 3 | Hier-pFedMe(λ2=35.0) | loss=1.7309
  [Client  9] Round 3 | Hier-pFedMe(λ2=35.0) | loss=1.5371
  [Client  2] Round 3 | Hier-pFedMe(λ2=35.0) | loss=1.6954
  [Client  0] Round 3 | Hier-pFedMe(λ2=35.0) | loss=1.6116
  [Client  1] Round 3 | Hier-pFedMe(λ2=35.0) | loss=1.6980
  [Client  3] Round 3 | Hier-pFedMe(λ2=35.0) | loss=1.7960
  [Client 16] Round 3 | Hier-pFedMe(λ2=35.0) | loss=1.6959
  [Edge 1] G3 | E4 | loss=1.6807
  [Edge 1] G3 | E5 | Hier-pFedMe | Selected 7/7
  [Client 15] Round 3 | Hier-pFedMe(λ2=35.0) | loss=1.7273
  [Client  2] Round 3 | Hier-pFedMe(λ2=35.0) | loss=1.5373
  [Client 16] Round 3 | Hier-pFedMe(λ2=35.0) | loss=1.6793
  [Client  1] Round 3 | Hier-pFedMe(λ2=35.0) | loss=1.6535
  [Client  0] Round 3 | Hier-pFedMe(λ2=35.0) | loss=1.5452
  [Client  9] Round 3 | Hier-pFedMe(λ2=35.0) | loss=1.4926
  [Client  3] Round 3 | Hier-pFedMe(λ2=35.0) | loss=1.7568
  [Edge 1] G3 | E5 | loss=1.6274
  [Cloud] GM=0.0385 | EM=0.0327 | loss=4.4153 | time=131.3s | comm=4592.1MB (total=13776MB)

[Round   4] Broadcasting to 2 edges...
  [Edge 0] G4 | E1 | Hier-pFedMe | Selected 13/13
  [Client  8] Round 4 | Hier-pFedMe(λ2=35.0) | loss=2.1041
  [Client 11] Round 4 | Hier-pFedMe(λ2=35.0) | loss=1.9827
  [Client 18] Round 4 | Hier-pFedMe(λ2=35.0) | loss=1.7201
  [Client 13] Round 4 | Hier-pFedMe(λ2=35.0) | loss=1.8478
  [Client 14] Round 4 | Hier-pFedMe(λ2=35.0) | loss=1.9952
  [Client 12] Round 4 | Hier-pFedMe(λ2=35.0) | loss=1.8385
  [Client 10] Round 4 | Hier-pFedMe(λ2=35.0) | loss=2.0458
  [Client 19] Round 4 | Hier-pFedMe(λ2=35.0) | loss=2.0045
  [Client  7] Round 4 | Hier-pFedMe(λ2=35.0) | loss=1.8454
  [Client  5] Round 4 | Hier-pFedMe(λ2=35.0) | loss=1.7946
  [Client  6] Round 4 | Hier-pFedMe(λ2=35.0) | loss=1.8766
  [Client 17] Round 4 | Hier-pFedMe(λ2=35.0) | loss=1.8304
  [Client  4] Round 4 | Hier-pFedMe(λ2=35.0) | loss=1.8573
  [Edge 0] G4 | E1 | loss=1.9033
  [Edge 0] G4 | E2 | Hier-pFedMe | Selected 13/13
  [Client  4] Round 4 | Hier-pFedMe(λ2=35.0) | loss=1.7999
  [Client  7] Round 4 | Hier-pFedMe(λ2=35.0) | loss=1.8091
  [Client 11] Round 4 | Hier-pFedMe(λ2=35.0) | loss=1.8404
  [Client 17] Round 4 | Hier-pFedMe(λ2=35.0) | loss=1.7543
  [Client  5] Round 4 | Hier-pFedMe(λ2=35.0) | loss=1.7020
  [Client 18] Round 4 | Hier-pFedMe(λ2=35.0) | loss=1.6937
  [Client  6] Round 4 | Hier-pFedMe(λ2=35.0) | loss=1.8166
  [Client 13] Round 4 | Hier-pFedMe(λ2=35.0) | loss=1.6914
  [Client  8] Round 4 | Hier-pFedMe(λ2=35.0) | loss=2.0557
  [Client 14] Round 4 | Hier-pFedMe(λ2=35.0) | loss=1.8692
  [Client 10] Round 4 | Hier-pFedMe(λ2=35.0) | loss=1.9973
  [Client 19] Round 4 | Hier-pFedMe(λ2=35.0) | loss=1.7927
  [Client 12] Round 4 | Hier-pFedMe(λ2=35.0) | loss=1.8051
  [Edge 0] G4 | E2 | loss=1.8175
  [Edge 0] G4 | E3 | Hier-pFedMe | Selected 13/13
  [Client  8] Round 4 | Hier-pFedMe(λ2=35.0) | loss=2.0156
  [Client 13] Round 4 | Hier-pFedMe(λ2=35.0) | loss=1.6406
  [Client 17] Round 4 | Hier-pFedMe(λ2=35.0) | loss=1.7372
  [Client 19] Round 4 | Hier-pFedMe(λ2=35.0) | loss=1.7494
  [Client 14] Round 4 | Hier-pFedMe(λ2=35.0) | loss=1.8160
  [Client  5] Round 4 | Hier-pFedMe(λ2=35.0) | loss=1.6212
  [Client 11] Round 4 | Hier-pFedMe(λ2=35.0) | loss=1.8268
  [Client 10] Round 4 | Hier-pFedMe(λ2=35.0) | loss=1.9316
  [Client  7] Round 4 | Hier-pFedMe(λ2=35.0) | loss=1.7576  [Client  4] Round 4 | Hier-pFedMe(λ2=35.0) | loss=1.7042

  [Client 12] Round 4 | Hier-pFedMe(λ2=35.0) | loss=1.8107
  [Client 18] Round 4 | Hier-pFedMe(λ2=35.0) | loss=1.6512
  [Client  6] Round 4 | Hier-pFedMe(λ2=35.0) | loss=1.7647
  [Edge 0] G4 | E3 | loss=1.7713
  [Edge 0] G4 | E4 | Hier-pFedMe | Selected 13/13
  [Client 14] Round 4 | Hier-pFedMe(λ2=35.0) | loss=1.7882
  [Client  8] Round 4 | Hier-pFedMe(λ2=35.0) | loss=1.9866
  [Client  4] Round 4 | Hier-pFedMe(λ2=35.0) | loss=1.6992
  [Client  6] Round 4 | Hier-pFedMe(λ2=35.0) | loss=1.7348
  [Client 18] Round 4 | Hier-pFedMe(λ2=35.0) | loss=1.6312
  [Client  5] Round 4 | Hier-pFedMe(λ2=35.0) | loss=1.6403
  [Client 12] Round 4 | Hier-pFedMe(λ2=35.0) | loss=1.7257
  [Client  7] Round 4 | Hier-pFedMe(λ2=35.0) | loss=1.6838
  [Client 13] Round 4 | Hier-pFedMe(λ2=35.0) | loss=1.5808
  [Client 10] Round 4 | Hier-pFedMe(λ2=35.0) | loss=1.8720
  [Client 17] Round 4 | Hier-pFedMe(λ2=35.0) | loss=1.6693
  [Client 19] Round 4 | Hier-pFedMe(λ2=35.0) | loss=1.7447
  [Client 11] Round 4 | Hier-pFedMe(λ2=35.0) | loss=1.7769
  [Edge 0] G4 | E4 | loss=1.7333
  [Edge 0] G4 | E5 | Hier-pFedMe | Selected 13/13
  [Client 14] Round 4 | Hier-pFedMe(λ2=35.0) | loss=1.7295
  [Client 18] Round 4 | Hier-pFedMe(λ2=35.0) | loss=1.5643
  [Client  7] Round 4 | Hier-pFedMe(λ2=35.0) | loss=1.7118
  [Client  5] Round 4 | Hier-pFedMe(λ2=35.0) | loss=1.5687
  [Client  4] Round 4 | Hier-pFedMe(λ2=35.0) | loss=1.7098
  [Client 11] Round 4 | Hier-pFedMe(λ2=35.0) | loss=1.7334
  [Client 10] Round 4 | Hier-pFedMe(λ2=35.0) | loss=1.8647
  [Client 19] Round 4 | Hier-pFedMe(λ2=35.0) | loss=1.6868
  [Client  8] Round 4 | Hier-pFedMe(λ2=35.0) | loss=1.9581
  [Client 13] Round 4 | Hier-pFedMe(λ2=35.0) | loss=1.5306
  [Client 17] Round 4 | Hier-pFedMe(λ2=35.0) | loss=1.6493
  [Client  6] Round 4 | Hier-pFedMe(λ2=35.0) | loss=1.6499
  [Client 12] Round 4 | Hier-pFedMe(λ2=35.0) | loss=1.6846
  [Edge 0] G4 | E5 | loss=1.6955
  [Edge 1] G4 | E1 | Hier-pFedMe | Selected 7/7
  [Client 15] Round 4 | Hier-pFedMe(λ2=35.0) | loss=1.6864
  [Client  1] Round 4 | Hier-pFedMe(λ2=35.0) | loss=1.6608
  [Client  3] Round 4 | Hier-pFedMe(λ2=35.0) | loss=1.8218
  [Client  0] Round 4 | Hier-pFedMe(λ2=35.0) | loss=1.6187
  [Client 16] Round 4 | Hier-pFedMe(λ2=35.0) | loss=1.7137
  [Client  9] Round 4 | Hier-pFedMe(λ2=35.0) | loss=1.5544
  [Client  2] Round 4 | Hier-pFedMe(λ2=35.0) | loss=1.6444
  [Edge 1] G4 | E1 | loss=1.6715
  [Edge 1] G4 | E2 | Hier-pFedMe | Selected 7/7
  [Client  9] Round 4 | Hier-pFedMe(λ2=35.0) | loss=1.4339
  [Client  1] Round 4 | Hier-pFedMe(λ2=35.0) | loss=1.5734
  [Client  0] Round 4 | Hier-pFedMe(λ2=35.0) | loss=1.5348
  [Client 16] Round 4 | Hier-pFedMe(λ2=35.0) | loss=1.5883
  [Client 15] Round 4 | Hier-pFedMe(λ2=35.0) | loss=1.7064
  [Client  2] Round 4 | Hier-pFedMe(λ2=35.0) | loss=1.5672
  [Client  3] Round 4 | Hier-pFedMe(λ2=35.0) | loss=1.7318
  [Edge 1] G4 | E2 | loss=1.5908
  [Edge 1] G4 | E3 | Hier-pFedMe | Selected 7/7
  [Client  9] Round 4 | Hier-pFedMe(λ2=35.0) | loss=1.4344
  [Client  0] Round 4 | Hier-pFedMe(λ2=35.0) | loss=1.4596
  [Client 16] Round 4 | Hier-pFedMe(λ2=35.0) | loss=1.5507  [Client  1] Round 4 | Hier-pFedMe(λ2=35.0) | loss=1.5603

  [Client  3] Round 4 | Hier-pFedMe(λ2=35.0) | loss=1.6995
  [Client  2] Round 4 | Hier-pFedMe(λ2=35.0) | loss=1.5364
  [Client 15] Round 4 | Hier-pFedMe(λ2=35.0) | loss=1.6054
  [Edge 1] G4 | E3 | loss=1.5495
  [Edge 1] G4 | E4 | Hier-pFedMe | Selected 7/7
  [Client  2] Round 4 | Hier-pFedMe(λ2=35.0) | loss=1.4632
  [Client  0] Round 4 | Hier-pFedMe(λ2=35.0) | loss=1.4317
  [Client  9] Round 4 | Hier-pFedMe(λ2=35.0) | loss=1.3612
  [Client  3] Round 4 | Hier-pFedMe(λ2=35.0) | loss=1.6121
  [Client 16] Round 4 | Hier-pFedMe(λ2=35.0) | loss=1.5328
  [Client 15] Round 4 | Hier-pFedMe(λ2=35.0) | loss=1.6421
  [Client  1] Round 4 | Hier-pFedMe(λ2=35.0) | loss=1.5009
  [Edge 1] G4 | E4 | loss=1.5063
  [Edge 1] G4 | E5 | Hier-pFedMe | Selected 7/7
  [Client  9] Round 4 | Hier-pFedMe(λ2=35.0) | loss=1.3732
  [Client 15] Round 4 | Hier-pFedMe(λ2=35.0) | loss=1.5380
  [Client  1] Round 4 | Hier-pFedMe(λ2=35.0) | loss=1.4595
  [Client  0] Round 4 | Hier-pFedMe(λ2=35.0) | loss=1.3534
  [Client  2] Round 4 | Hier-pFedMe(λ2=35.0) | loss=1.3915
  [Client 16] Round 4 | Hier-pFedMe(λ2=35.0) | loss=1.4525
  [Client  3] Round 4 | Hier-pFedMe(λ2=35.0) | loss=1.5896
  [Edge 1] G4 | E5 | loss=1.4511
  [Cloud] GM=0.0423 | EM=0.0382 | loss=4.4955 | time=132.4s | comm=4592.1MB (total=18368MB)

[Round   5] Broadcasting to 2 edges...
  [Edge 0] G5 | E1 | Hier-pFedMe | Selected 13/13
  [Client 14] Round 5 | Hier-pFedMe(λ2=35.0) | loss=1.7582
  [Client 13] Round 5 | Hier-pFedMe(λ2=35.0) | loss=1.6596
  [Client  8] Round 5 | Hier-pFedMe(λ2=35.0) | loss=1.9811
  [Client 18] Round 5 | Hier-pFedMe(λ2=35.0) | loss=1.5379
  [Client 12] Round 5 | Hier-pFedMe(λ2=35.0) | loss=1.7385
  [Client  4] Round 5 | Hier-pFedMe(λ2=35.0) | loss=1.7379
  [Client 17] Round 5 | Hier-pFedMe(λ2=35.0) | loss=1.6781
  [Client 10] Round 5 | Hier-pFedMe(λ2=35.0) | loss=1.9813
  [Client  7] Round 5 | Hier-pFedMe(λ2=35.0) | loss=1.6813
  [Client  6] Round 5 | Hier-pFedMe(λ2=35.0) | loss=1.7624
  [Client  5] Round 5 | Hier-pFedMe(λ2=35.0) | loss=1.6697
  [Client 19] Round 5 | Hier-pFedMe(λ2=35.0) | loss=1.7800
  [Client 11] Round 5 | Hier-pFedMe(λ2=35.0) | loss=1.7946
  [Edge 0] G5 | E1 | loss=1.7508
  [Edge 0] G5 | E2 | Hier-pFedMe | Selected 13/13
  [Client 19] Round 5 | Hier-pFedMe(λ2=35.0) | loss=1.6369
  [Client 18] Round 5 | Hier-pFedMe(λ2=35.0) | loss=1.4969
  [Client 13] Round 5 | Hier-pFedMe(λ2=35.0) | loss=1.5320
  [Client  8] Round 5 | Hier-pFedMe(λ2=35.0) | loss=1.9195
  [Client  6] Round 5 | Hier-pFedMe(λ2=35.0) | loss=1.6455
  [Client  7] Round 5 | Hier-pFedMe(λ2=35.0) | loss=1.6549
  [Client  5] Round 5 | Hier-pFedMe(λ2=35.0) | loss=1.5588
  [Client 14] Round 5 | Hier-pFedMe(λ2=35.0) | loss=1.7532
  [Client 11] Round 5 | Hier-pFedMe(λ2=35.0) | loss=1.6999
  [Client 17] Round 5 | Hier-pFedMe(λ2=35.0) | loss=1.6455
  [Client 10] Round 5 | Hier-pFedMe(λ2=35.0) | loss=1.8002
  [Client 12] Round 5 | Hier-pFedMe(λ2=35.0) | loss=1.6606
  [Client  4] Round 5 | Hier-pFedMe(λ2=35.0) | loss=1.6899
  [Edge 0] G5 | E2 | loss=1.6688
  [Edge 0] G5 | E3 | Hier-pFedMe | Selected 13/13
  [Client 14] Round 5 | Hier-pFedMe(λ2=35.0) | loss=1.6513
  [Client 13] Round 5 | Hier-pFedMe(λ2=35.0) | loss=1.4965
  [Client 17] Round 5 | Hier-pFedMe(λ2=35.0) | loss=1.5683
  [Client  7] Round 5 | Hier-pFedMe(λ2=35.0) | loss=1.6218
  [Client 10] Round 5 | Hier-pFedMe(λ2=35.0) | loss=1.7752
  [Client 12] Round 5 | Hier-pFedMe(λ2=35.0) | loss=1.5679
  [Client 18] Round 5 | Hier-pFedMe(λ2=35.0) | loss=1.4885
  [Client  8] Round 5 | Hier-pFedMe(λ2=35.0) | loss=1.8933
  [Client 19] Round 5 | Hier-pFedMe(λ2=35.0) | loss=1.6218
  [Client  4] Round 5 | Hier-pFedMe(λ2=35.0) | loss=1.6383
  [Client 11] Round 5 | Hier-pFedMe(λ2=35.0) | loss=1.6539
  [Client  5] Round 5 | Hier-pFedMe(λ2=35.0) | loss=1.5449
  [Client  6] Round 5 | Hier-pFedMe(λ2=35.0) | loss=1.5953
  [Edge 0] G5 | E3 | loss=1.6244
  [Edge 0] G5 | E4 | Hier-pFedMe | Selected 13/13
  [Client 10] Round 5 | Hier-pFedMe(λ2=35.0) | loss=1.7530
  [Client  4] Round 5 | Hier-pFedMe(λ2=35.0) | loss=1.5991
  [Client  7] Round 5 | Hier-pFedMe(λ2=35.0) | loss=1.6275
  [Client 17] Round 5 | Hier-pFedMe(λ2=35.0) | loss=1.5353
  [Client  5] Round 5 | Hier-pFedMe(λ2=35.0) | loss=1.5306
  [Client 18] Round 5 | Hier-pFedMe(λ2=35.0) | loss=1.4860
  [Client  6] Round 5 | Hier-pFedMe(λ2=35.0) | loss=1.5440
  [Client 11] Round 5 | Hier-pFedMe(λ2=35.0) | loss=1.5957
  [Client  8] Round 5 | Hier-pFedMe(λ2=35.0) | loss=1.8900
  [Client 12] Round 5 | Hier-pFedMe(λ2=35.0) | loss=1.5346
  [Client 14] Round 5 | Hier-pFedMe(λ2=35.0) | loss=1.6154
  [Client 19] Round 5 | Hier-pFedMe(λ2=35.0) | loss=1.5922
  [Client 13] Round 5 | Hier-pFedMe(λ2=35.0) | loss=1.4435
  [Edge 0] G5 | E4 | loss=1.5959
  [Edge 0] G5 | E5 | Hier-pFedMe | Selected 13/13
  [Client  8] Round 5 | Hier-pFedMe(λ2=35.0) | loss=1.8050
  [Client 19] Round 5 | Hier-pFedMe(λ2=35.0) | loss=1.5572
  [Client 11] Round 5 | Hier-pFedMe(λ2=35.0) | loss=1.6030
  [Client 10] Round 5 | Hier-pFedMe(λ2=35.0) | loss=1.7259
  [Client  5] Round 5 | Hier-pFedMe(λ2=35.0) | loss=1.4830
  [Client 12] Round 5 | Hier-pFedMe(λ2=35.0) | loss=1.5658
  [Client 18] Round 5 | Hier-pFedMe(λ2=35.0) | loss=1.4534
  [Client 13] Round 5 | Hier-pFedMe(λ2=35.0) | loss=1.4390
  [Client  7] Round 5 | Hier-pFedMe(λ2=35.0) | loss=1.5489
  [Client  6] Round 5 | Hier-pFedMe(λ2=35.0) | loss=1.5251
  [Client  4] Round 5 | Hier-pFedMe(λ2=35.0) | loss=1.5553
  [Client 17] Round 5 | Hier-pFedMe(λ2=35.0) | loss=1.5089
  [Client 14] Round 5 | Hier-pFedMe(λ2=35.0) | loss=1.6047
  [Edge 0] G5 | E5 | loss=1.5673
  [Edge 1] G5 | E1 | Hier-pFedMe | Selected 7/7
  [Client  9] Round 5 | Hier-pFedMe(λ2=35.0) | loss=1.4232
  [Client  0] Round 5 | Hier-pFedMe(λ2=35.0) | loss=1.4413
  [Client  1] Round 5 | Hier-pFedMe(λ2=35.0) | loss=1.5009
  [Client  3] Round 5 | Hier-pFedMe(λ2=35.0) | loss=1.6722
  [Client 16] Round 5 | Hier-pFedMe(λ2=35.0) | loss=1.6087
  [Client  2] Round 5 | Hier-pFedMe(λ2=35.0) | loss=1.5033
  [Client 15] Round 5 | Hier-pFedMe(λ2=35.0) | loss=1.5913
  [Edge 1] G5 | E1 | loss=1.5344
  [Edge 1] G5 | E2 | Hier-pFedMe | Selected 7/7
  [Client  9] Round 5 | Hier-pFedMe(λ2=35.0) | loss=1.3107
  [Client  3] Round 5 | Hier-pFedMe(λ2=35.0) | loss=1.5709
  [Client  0] Round 5 | Hier-pFedMe(λ2=35.0) | loss=1.3822
  [Client  2] Round 5 | Hier-pFedMe(λ2=35.0) | loss=1.4038
  [Client  1] Round 5 | Hier-pFedMe(λ2=35.0) | loss=1.4266
  [Client 16] Round 5 | Hier-pFedMe(λ2=35.0) | loss=1.4600
  [Client 15] Round 5 | Hier-pFedMe(λ2=35.0) | loss=1.5499
  [Edge 1] G5 | E2 | loss=1.4435
  [Edge 1] G5 | E3 | Hier-pFedMe | Selected 7/7
  [Client  2] Round 5 | Hier-pFedMe(λ2=35.0) | loss=1.4161
  [Client 15] Round 5 | Hier-pFedMe(λ2=35.0) | loss=1.4757
  [Client  3] Round 5 | Hier-pFedMe(λ2=35.0) | loss=1.4766
  [Client 16] Round 5 | Hier-pFedMe(λ2=35.0) | loss=1.4340
  [Client  9] Round 5 | Hier-pFedMe(λ2=35.0) | loss=1.2975
  [Client  0] Round 5 | Hier-pFedMe(λ2=35.0) | loss=1.3082
  [Client  1] Round 5 | Hier-pFedMe(λ2=35.0) | loss=1.4087
  [Edge 1] G5 | E3 | loss=1.4024
  [Edge 1] G5 | E4 | Hier-pFedMe | Selected 7/7
  [Client  9] Round 5 | Hier-pFedMe(λ2=35.0) | loss=1.2544
  [Client  3] Round 5 | Hier-pFedMe(λ2=35.0) | loss=1.4711
  [Client  0] Round 5 | Hier-pFedMe(λ2=35.0) | loss=1.2725
  [Client  1] Round 5 | Hier-pFedMe(λ2=35.0) | loss=1.3793
  [Client 16] Round 5 | Hier-pFedMe(λ2=35.0) | loss=1.4228
  [Client 15] Round 5 | Hier-pFedMe(λ2=35.0) | loss=1.4384
  [Client  2] Round 5 | Hier-pFedMe(λ2=35.0) | loss=1.4102
  [Edge 1] G5 | E4 | loss=1.3784
  [Edge 1] G5 | E5 | Hier-pFedMe | Selected 7/7
  [Client 16] Round 5 | Hier-pFedMe(λ2=35.0) | loss=1.3510
  [Client  3] Round 5 | Hier-pFedMe(λ2=35.0) | loss=1.4669
  [Client  2] Round 5 | Hier-pFedMe(λ2=35.0) | loss=1.3232
  [Client  0] Round 5 | Hier-pFedMe(λ2=35.0) | loss=1.2858
  [Client  1] Round 5 | Hier-pFedMe(λ2=35.0) | loss=1.3335
  [Client 15] Round 5 | Hier-pFedMe(λ2=35.0) | loss=1.4566
  [Client  9] Round 5 | Hier-pFedMe(λ2=35.0) | loss=1.2436
  [Edge 1] G5 | E5 | loss=1.3515
  [Cloud] GM=0.0526 | EM=0.0444 | loss=4.5271 | time=131.2s | comm=4592.1MB (total=22961MB)

[Round   6] Broadcasting to 2 edges...
  [Edge 0] G6 | E1 | Hier-pFedMe | Selected 13/13
  [Client 14] Round 6 | Hier-pFedMe(λ2=35.0) | loss=1.6768
  [Client 19] Round 6 | Hier-pFedMe(λ2=35.0) | loss=1.6364
  [Client 13] Round 6 | Hier-pFedMe(λ2=35.0) | loss=1.4789
  [Client 11] Round 6 | Hier-pFedMe(λ2=35.0) | loss=1.6839
  [Client  4] Round 6 | Hier-pFedMe(λ2=35.0) | loss=1.5939
  [Client  8] Round 6 | Hier-pFedMe(λ2=35.0) | loss=1.8552
  [Client 18] Round 6 | Hier-pFedMe(λ2=35.0) | loss=1.4592
  [Client  7] Round 6 | Hier-pFedMe(λ2=35.0) | loss=1.5974
  [Client  5] Round 6 | Hier-pFedMe(λ2=35.0) | loss=1.5493
  [Client  6] Round 6 | Hier-pFedMe(λ2=35.0) | loss=1.5909
  [Client 10] Round 6 | Hier-pFedMe(λ2=35.0) | loss=1.7878
  [Client 17] Round 6 | Hier-pFedMe(λ2=35.0) | loss=1.5586
  [Client 12] Round 6 | Hier-pFedMe(λ2=35.0) | loss=1.6134
  [Edge 0] G6 | E1 | loss=1.6217
  [Edge 0] G6 | E2 | Hier-pFedMe | Selected 13/13
  [Client 14] Round 6 | Hier-pFedMe(λ2=35.0) | loss=1.5247
  [Client  4] Round 6 | Hier-pFedMe(λ2=35.0) | loss=1.5268
  [Client  7] Round 6 | Hier-pFedMe(λ2=35.0) | loss=1.5286
  [Client 17] Round 6 | Hier-pFedMe(λ2=35.0) | loss=1.4326
  [Client  6] Round 6 | Hier-pFedMe(λ2=35.0) | loss=1.5005
  [Client 10] Round 6 | Hier-pFedMe(λ2=35.0) | loss=1.6830
  [Client 13] Round 6 | Hier-pFedMe(λ2=35.0) | loss=1.3979
  [Client 11] Round 6 | Hier-pFedMe(λ2=35.0) | loss=1.5716
  [Client 18] Round 6 | Hier-pFedMe(λ2=35.0) | loss=1.3984
  [Client 19] Round 6 | Hier-pFedMe(λ2=35.0) | loss=1.5335
  [Client  5] Round 6 | Hier-pFedMe(λ2=35.0) | loss=1.4292
  [Client  8] Round 6 | Hier-pFedMe(λ2=35.0) | loss=1.7696
  [Client 12] Round 6 | Hier-pFedMe(λ2=35.0) | loss=1.5322
  [Edge 0] G6 | E2 | loss=1.5253
  [Edge 0] G6 | E3 | Hier-pFedMe | Selected 13/13
  [Client 12] Round 6 | Hier-pFedMe(λ2=35.0) | loss=1.5042
  [Client  8] Round 6 | Hier-pFedMe(λ2=35.0) | loss=1.7580
  [Client  6] Round 6 | Hier-pFedMe(λ2=35.0) | loss=1.5223
  [Client 11] Round 6 | Hier-pFedMe(λ2=35.0) | loss=1.5238
  [Client 19] Round 6 | Hier-pFedMe(λ2=35.0) | loss=1.5161
  [Client 14] Round 6 | Hier-pFedMe(λ2=35.0) | loss=1.4925
  [Client  5] Round 6 | Hier-pFedMe(λ2=35.0) | loss=1.4529
  [Client 13] Round 6 | Hier-pFedMe(λ2=35.0) | loss=1.3700
  [Client 10] Round 6 | Hier-pFedMe(λ2=35.0) | loss=1.6192
  [Client 17] Round 6 | Hier-pFedMe(λ2=35.0) | loss=1.4357
  [Client  7] Round 6 | Hier-pFedMe(λ2=35.0) | loss=1.4996
  [Client  4] Round 6 | Hier-pFedMe(λ2=35.0) | loss=1.5437
  [Client 18] Round 6 | Hier-pFedMe(λ2=35.0) | loss=1.4287
  [Edge 0] G6 | E3 | loss=1.5128
  [Edge 0] G6 | E4 | Hier-pFedMe | Selected 13/13
  [Client  4] Round 6 | Hier-pFedMe(λ2=35.0) | loss=1.4843
  [Client  8] Round 6 | Hier-pFedMe(λ2=35.0) | loss=1.7106
  [Client 19] Round 6 | Hier-pFedMe(λ2=35.0) | loss=1.4495
  [Client 11] Round 6 | Hier-pFedMe(λ2=35.0) | loss=1.4997
  [Client 18] Round 6 | Hier-pFedMe(λ2=35.0) | loss=1.3519
  [Client  5] Round 6 | Hier-pFedMe(λ2=35.0) | loss=1.3861
  [Client 12] Round 6 | Hier-pFedMe(λ2=35.0) | loss=1.4251
  [Client 17] Round 6 | Hier-pFedMe(λ2=35.0) | loss=1.3920
  [Client  6] Round 6 | Hier-pFedMe(λ2=35.0) | loss=1.4260
  [Client 14] Round 6 | Hier-pFedMe(λ2=35.0) | loss=1.5223
  [Client 13] Round 6 | Hier-pFedMe(λ2=35.0) | loss=1.3535
  [Client 10] Round 6 | Hier-pFedMe(λ2=35.0) | loss=1.6445
  [Client  7] Round 6 | Hier-pFedMe(λ2=35.0) | loss=1.5006
  [Edge 0] G6 | E4 | loss=1.4728
  [Edge 0] G6 | E5 | Hier-pFedMe | Selected 13/13
  [Client  6] Round 6 | Hier-pFedMe(λ2=35.0) | loss=1.4360
  [Client 14] Round 6 | Hier-pFedMe(λ2=35.0) | loss=1.4155
  [Client 18] Round 6 | Hier-pFedMe(λ2=35.0) | loss=1.3150
  [Client  4] Round 6 | Hier-pFedMe(λ2=35.0) | loss=1.5012
  [Client 12] Round 6 | Hier-pFedMe(λ2=35.0) | loss=1.3902
  [Client 17] Round 6 | Hier-pFedMe(λ2=35.0) | loss=1.3843
  [Client 13] Round 6 | Hier-pFedMe(λ2=35.0) | loss=1.2574
  [Client 11] Round 6 | Hier-pFedMe(λ2=35.0) | loss=1.4901
  [Client  7] Round 6 | Hier-pFedMe(λ2=35.0) | loss=1.4672
  [Client 10] Round 6 | Hier-pFedMe(λ2=35.0) | loss=1.5849
  [Client  5] Round 6 | Hier-pFedMe(λ2=35.0) | loss=1.3607
  [Client  8] Round 6 | Hier-pFedMe(λ2=35.0) | loss=1.7510
  [Client 19] Round 6 | Hier-pFedMe(λ2=35.0) | loss=1.3841
  [Edge 0] G6 | E5 | loss=1.4413
  [Edge 1] G6 | E1 | Hier-pFedMe | Selected 7/7
  [Client  3] Round 6 | Hier-pFedMe(λ2=35.0) | loss=1.4856
  [Client 15] Round 6 | Hier-pFedMe(λ2=35.0) | loss=1.4644
  [Client 16] Round 6 | Hier-pFedMe(λ2=35.0) | loss=1.4067
  [Client  0] Round 6 | Hier-pFedMe(λ2=35.0) | loss=1.2403
  [Client  2] Round 6 | Hier-pFedMe(λ2=35.0) | loss=1.3462
  [Client  1] Round 6 | Hier-pFedMe(λ2=35.0) | loss=1.3753
  [Client  9] Round 6 | Hier-pFedMe(λ2=35.0) | loss=1.3022
  [Edge 1] G6 | E1 | loss=1.3744
  [Edge 1] G6 | E2 | Hier-pFedMe | Selected 7/7
  [Client 16] Round 6 | Hier-pFedMe(λ2=35.0) | loss=1.3421
  [Client 15] Round 6 | Hier-pFedMe(λ2=35.0) | loss=1.3953
  [Client  2] Round 6 | Hier-pFedMe(λ2=35.0) | loss=1.3126
  [Client  3] Round 6 | Hier-pFedMe(λ2=35.0) | loss=1.3995
  [Client  1] Round 6 | Hier-pFedMe(λ2=35.0) | loss=1.3405
  [Client  0] Round 6 | Hier-pFedMe(λ2=35.0) | loss=1.2106
  [Client  9] Round 6 | Hier-pFedMe(λ2=35.0) | loss=1.2171
  [Edge 1] G6 | E2 | loss=1.3168
  [Edge 1] G6 | E3 | Hier-pFedMe | Selected 7/7
  [Client  9] Round 6 | Hier-pFedMe(λ2=35.0) | loss=1.1841
  [Client 15] Round 6 | Hier-pFedMe(λ2=35.0) | loss=1.3461
  [Client  0] Round 6 | Hier-pFedMe(λ2=35.0) | loss=1.2109
  [Client  3] Round 6 | Hier-pFedMe(λ2=35.0) | loss=1.3632
  [Client  1] Round 6 | Hier-pFedMe(λ2=35.0) | loss=1.2789
  [Client 16] Round 6 | Hier-pFedMe(λ2=35.0) | loss=1.2685
  [Client  2] Round 6 | Hier-pFedMe(λ2=35.0) | loss=1.2861
  [Edge 1] G6 | E3 | loss=1.2769
  [Edge 1] G6 | E4 | Hier-pFedMe | Selected 7/7
  [Client  9] Round 6 | Hier-pFedMe(λ2=35.0) | loss=1.1534
  [Client 16] Round 6 | Hier-pFedMe(λ2=35.0) | loss=1.2509
  [Client  0] Round 6 | Hier-pFedMe(λ2=35.0) | loss=1.1732
  [Client  3] Round 6 | Hier-pFedMe(λ2=35.0) | loss=1.3106
  [Client  1] Round 6 | Hier-pFedMe(λ2=35.0) | loss=1.2148
  [Client  2] Round 6 | Hier-pFedMe(λ2=35.0) | loss=1.2140
  [Client 15] Round 6 | Hier-pFedMe(λ2=35.0) | loss=1.3773
  [Edge 1] G6 | E4 | loss=1.2420
  [Edge 1] G6 | E5 | Hier-pFedMe | Selected 7/7
  [Client  9] Round 6 | Hier-pFedMe(λ2=35.0) | loss=1.1049
  [Client  1] Round 6 | Hier-pFedMe(λ2=35.0) | loss=1.1913
  [Client  0] Round 6 | Hier-pFedMe(λ2=35.0) | loss=1.0833
  [Client 15] Round 6 | Hier-pFedMe(λ2=35.0) | loss=1.3387
  [Client  2] Round 6 | Hier-pFedMe(λ2=35.0) | loss=1.1618
  [Client 16] Round 6 | Hier-pFedMe(λ2=35.0) | loss=1.1978
  [Client  3] Round 6 | Hier-pFedMe(λ2=35.0) | loss=1.2865
  [Edge 1] G6 | E5 | loss=1.1949
  [Cloud] GM=0.0577 | EM=0.0454 | loss=4.7122 | time=131.4s | comm=4592.1MB (total=27553MB)

[Round   7] Broadcasting to 2 edges...
  [Edge 0] G7 | E1 | Hier-pFedMe | Selected 13/13
  [Client  7] Round 7 | Hier-pFedMe(λ2=35.0) | loss=1.5047
  [Client 11] Round 7 | Hier-pFedMe(λ2=35.0) | loss=1.5220
  [Client 19] Round 7 | Hier-pFedMe(λ2=35.0) | loss=1.5036
  [Client 17] Round 7 | Hier-pFedMe(λ2=35.0) | loss=1.4373
  [Client  6] Round 7 | Hier-pFedMe(λ2=35.0) | loss=1.4831
  [Client 10] Round 7 | Hier-pFedMe(λ2=35.0) | loss=1.6197
  [Client 14] Round 7 | Hier-pFedMe(λ2=35.0) | loss=1.4761
  [Client  8] Round 7 | Hier-pFedMe(λ2=35.0) | loss=1.7365
  [Client  4] Round 7 | Hier-pFedMe(λ2=35.0) | loss=1.5245
  [Client  5] Round 7 | Hier-pFedMe(λ2=35.0) | loss=1.4276
  [Client 12] Round 7 | Hier-pFedMe(λ2=35.0) | loss=1.4550
  [Client 13] Round 7 | Hier-pFedMe(λ2=35.0) | loss=1.3265
  [Client 18] Round 7 | Hier-pFedMe(λ2=35.0) | loss=1.3039
  [Edge 0] G7 | E1 | loss=1.4862
  [Edge 0] G7 | E2 | Hier-pFedMe | Selected 13/13
  [Client 13] Round 7 | Hier-pFedMe(λ2=35.0) | loss=1.3010
  [Client 18] Round 7 | Hier-pFedMe(λ2=35.0) | loss=1.3476
  [Client  8] Round 7 | Hier-pFedMe(λ2=35.0) | loss=1.6947
  [Client 12] Round 7 | Hier-pFedMe(λ2=35.0) | loss=1.3552
  [Client 14] Round 7 | Hier-pFedMe(λ2=35.0) | loss=1.4253
  [Client  6] Round 7 | Hier-pFedMe(λ2=35.0) | loss=1.3966
  [Client  5] Round 7 | Hier-pFedMe(λ2=35.0) | loss=1.2967
  [Client 11] Round 7 | Hier-pFedMe(λ2=35.0) | loss=1.4537
  [Client 10] Round 7 | Hier-pFedMe(λ2=35.0) | loss=1.5519
  [Client  7] Round 7 | Hier-pFedMe(λ2=35.0) | loss=1.4330
  [Client 19] Round 7 | Hier-pFedMe(λ2=35.0) | loss=1.3900
  [Client  4] Round 7 | Hier-pFedMe(λ2=35.0) | loss=1.4500
  [Client 17] Round 7 | Hier-pFedMe(λ2=35.0) | loss=1.3475
  [Edge 0] G7 | E2 | loss=1.4187
  [Edge 0] G7 | E3 | Hier-pFedMe | Selected 13/13
  [Client  6] Round 7 | Hier-pFedMe(λ2=35.0) | loss=1.3834
  [Client 13] Round 7 | Hier-pFedMe(λ2=35.0) | loss=1.2290
  [Client  8] Round 7 | Hier-pFedMe(λ2=35.0) | loss=1.7125
  [Client 19] Round 7 | Hier-pFedMe(λ2=35.0) | loss=1.3964
  [Client  7] Round 7 | Hier-pFedMe(λ2=35.0) | loss=1.4400
  [Client 18] Round 7 | Hier-pFedMe(λ2=35.0) | loss=1.2853
  [Client 12] Round 7 | Hier-pFedMe(λ2=35.0) | loss=1.3660
  [Client  5] Round 7 | Hier-pFedMe(λ2=35.0) | loss=1.3091
  [Client 10] Round 7 | Hier-pFedMe(λ2=35.0) | loss=1.5718
  [Client 17] Round 7 | Hier-pFedMe(λ2=35.0) | loss=1.3586
  [Client  4] Round 7 | Hier-pFedMe(λ2=35.0) | loss=1.3657
  [Client 11] Round 7 | Hier-pFedMe(λ2=35.0) | loss=1.4399
  [Client 14] Round 7 | Hier-pFedMe(λ2=35.0) | loss=1.4186
  [Edge 0] G7 | E3 | loss=1.4059
  [Edge 0] G7 | E4 | Hier-pFedMe | Selected 13/13
  [Client  6] Round 7 | Hier-pFedMe(λ2=35.0) | loss=1.3187
  [Client  5] Round 7 | Hier-pFedMe(λ2=35.0) | loss=1.2927
  [Client 19] Round 7 | Hier-pFedMe(λ2=35.0) | loss=1.3009  [Client  7] Round 7 | Hier-pFedMe(λ2=35.0) | loss=1.3651

  [Client 18] Round 7 | Hier-pFedMe(λ2=35.0) | loss=1.3049
  [Client 12] Round 7 | Hier-pFedMe(λ2=35.0) | loss=1.3204
  [Client 17] Round 7 | Hier-pFedMe(λ2=35.0) | loss=1.3004
  [Client  4] Round 7 | Hier-pFedMe(λ2=35.0) | loss=1.4103
  [Client  8] Round 7 | Hier-pFedMe(λ2=35.0) | loss=1.6562
  [Client 13] Round 7 | Hier-pFedMe(λ2=35.0) | loss=1.2516
  [Client 14] Round 7 | Hier-pFedMe(λ2=35.0) | loss=1.3204
  [Client 11] Round 7 | Hier-pFedMe(λ2=35.0) | loss=1.4171
  [Client 10] Round 7 | Hier-pFedMe(λ2=35.0) | loss=1.6061
  [Edge 0] G7 | E4 | loss=1.3742
  [Edge 0] G7 | E5 | Hier-pFedMe | Selected 13/13
  [Client 18] Round 7 | Hier-pFedMe(λ2=35.0) | loss=1.2708
  [Client 10] Round 7 | Hier-pFedMe(λ2=35.0) | loss=1.4753
  [Client 13] Round 7 | Hier-pFedMe(λ2=35.0) | loss=1.2220
  [Client  7] Round 7 | Hier-pFedMe(λ2=35.0) | loss=1.3857
  [Client 14] Round 7 | Hier-pFedMe(λ2=35.0) | loss=1.3539
  [Client 17] Round 7 | Hier-pFedMe(λ2=35.0) | loss=1.2758
  [Client  8] Round 7 | Hier-pFedMe(λ2=35.0) | loss=1.6146
  [Client  4] Round 7 | Hier-pFedMe(λ2=35.0) | loss=1.3687
  [Client 12] Round 7 | Hier-pFedMe(λ2=35.0) | loss=1.2834
  [Client  5] Round 7 | Hier-pFedMe(λ2=35.0) | loss=1.3144
  [Client  6] Round 7 | Hier-pFedMe(λ2=35.0) | loss=1.3189
  [Client 19] Round 7 | Hier-pFedMe(λ2=35.0) | loss=1.2804
  [Client 11] Round 7 | Hier-pFedMe(λ2=35.0) | loss=1.3387
  [Edge 0] G7 | E5 | loss=1.3464
  [Edge 1] G7 | E1 | Hier-pFedMe | Selected 7/7
  [Client  1] Round 7 | Hier-pFedMe(λ2=35.0) | loss=1.2401
  [Client  2] Round 7 | Hier-pFedMe(λ2=35.0) | loss=1.2002  [Client 15] Round 7 | Hier-pFedMe(λ2=35.0) | loss=1.3482

  [Client  0] Round 7 | Hier-pFedMe(λ2=35.0) | loss=1.1583
  [Client  9] Round 7 | Hier-pFedMe(λ2=35.0) | loss=1.1496
  [Client 16] Round 7 | Hier-pFedMe(λ2=35.0) | loss=1.2739
  [Client  3] Round 7 | Hier-pFedMe(λ2=35.0) | loss=1.3528
  [Edge 1] G7 | E1 | loss=1.2462
  [Edge 1] G7 | E2 | Hier-pFedMe | Selected 7/7
  [Client 15] Round 7 | Hier-pFedMe(λ2=35.0) | loss=1.2897
  [Client 16] Round 7 | Hier-pFedMe(λ2=35.0) | loss=1.2104
  [Client  0] Round 7 | Hier-pFedMe(λ2=35.0) | loss=1.1103  [Client  3] Round 7 | Hier-pFedMe(λ2=35.0) | loss=1.2101

  [Client  2] Round 7 | Hier-pFedMe(λ2=35.0) | loss=1.1839
  [Client  9] Round 7 | Hier-pFedMe(λ2=35.0) | loss=1.1224
  [Client  1] Round 7 | Hier-pFedMe(λ2=35.0) | loss=1.1799
  [Edge 1] G7 | E2 | loss=1.1867
  [Edge 1] G7 | E3 | Hier-pFedMe | Selected 7/7
  [Client  9] Round 7 | Hier-pFedMe(λ2=35.0) | loss=1.0406
  [Client  2] Round 7 | Hier-pFedMe(λ2=35.0) | loss=1.1830
  [Client  3] Round 7 | Hier-pFedMe(λ2=35.0) | loss=1.2246  [Client  0] Round 7 | Hier-pFedMe(λ2=35.0) | loss=1.0583

  [Client  1] Round 7 | Hier-pFedMe(λ2=35.0) | loss=1.1250
  [Client 15] Round 7 | Hier-pFedMe(λ2=35.0) | loss=1.2510
  [Client 16] Round 7 | Hier-pFedMe(λ2=35.0) | loss=1.1359
  [Edge 1] G7 | E3 | loss=1.1455
  [Edge 1] G7 | E4 | Hier-pFedMe | Selected 7/7
  [Client  2] Round 7 | Hier-pFedMe(λ2=35.0) | loss=1.1376
  [Client  0] Round 7 | Hier-pFedMe(λ2=35.0) | loss=1.0488
  [Client 15] Round 7 | Hier-pFedMe(λ2=35.0) | loss=1.1950
  [Client 16] Round 7 | Hier-pFedMe(λ2=35.0) | loss=1.1365
  [Client  1] Round 7 | Hier-pFedMe(λ2=35.0) | loss=1.1191
  [Client  9] Round 7 | Hier-pFedMe(λ2=35.0) | loss=1.0255
  [Client  3] Round 7 | Hier-pFedMe(λ2=35.0) | loss=1.1974
  [Edge 1] G7 | E4 | loss=1.1229
  [Edge 1] G7 | E5 | Hier-pFedMe | Selected 7/7
  [Client 16] Round 7 | Hier-pFedMe(λ2=35.0) | loss=1.0950
  [Client  3] Round 7 | Hier-pFedMe(λ2=35.0) | loss=1.1350
  [Client  2] Round 7 | Hier-pFedMe(λ2=35.0) | loss=1.0886
  [Client  0] Round 7 | Hier-pFedMe(λ2=35.0) | loss=1.0128
  [Client  9] Round 7 | Hier-pFedMe(λ2=35.0) | loss=1.0293
  [Client  1] Round 7 | Hier-pFedMe(λ2=35.0) | loss=1.1195
  [Client 15] Round 7 | Hier-pFedMe(λ2=35.0) | loss=1.1792
  [Edge 1] G7 | E5 | loss=1.0942
  [Cloud] GM=0.0629 | EM=0.0531 | loss=4.7254 | time=131.2s | comm=4592.1MB (total=32145MB)

[Round   8] Broadcasting to 2 edges...
  [Edge 0] G8 | E1 | Hier-pFedMe | Selected 13/13
  [Client  8] Round 8 | Hier-pFedMe(λ2=35.0) | loss=1.6455
  [Client 12] Round 8 | Hier-pFedMe(λ2=35.0) | loss=1.3478
  [Client 10] Round 8 | Hier-pFedMe(λ2=35.0) | loss=1.5437
  [Client  4] Round 8 | Hier-pFedMe(λ2=35.0) | loss=1.3754
  [Client  5] Round 8 | Hier-pFedMe(λ2=35.0) | loss=1.3285
  [Client 11] Round 8 | Hier-pFedMe(λ2=35.0) | loss=1.4162
  [Client 18] Round 8 | Hier-pFedMe(λ2=35.0) | loss=1.2429
  [Client 17] Round 8 | Hier-pFedMe(λ2=35.0) | loss=1.3225
  [Client  6] Round 8 | Hier-pFedMe(λ2=35.0) | loss=1.3804
  [Client 14] Round 8 | Hier-pFedMe(λ2=35.0) | loss=1.3833
  [Client  7] Round 8 | Hier-pFedMe(λ2=35.0) | loss=1.3426
  [Client 13] Round 8 | Hier-pFedMe(λ2=35.0) | loss=1.2218
  [Client 19] Round 8 | Hier-pFedMe(λ2=35.0) | loss=1.3649
  [Edge 0] G8 | E1 | loss=1.3781
  [Edge 0] G8 | E2 | Hier-pFedMe | Selected 13/13
  [Client  6] Round 8 | Hier-pFedMe(λ2=35.0) | loss=1.3004
  [Client  5] Round 8 | Hier-pFedMe(λ2=35.0) | loss=1.2722
  [Client  4] Round 8 | Hier-pFedMe(λ2=35.0) | loss=1.2910
  [Client 11] Round 8 | Hier-pFedMe(λ2=35.0) | loss=1.3391
  [Client  8] Round 8 | Hier-pFedMe(λ2=35.0) | loss=1.5914
  [Client 17] Round 8 | Hier-pFedMe(λ2=35.0) | loss=1.2910
  [Client 13] Round 8 | Hier-pFedMe(λ2=35.0) | loss=1.1872
  [Client 18] Round 8 | Hier-pFedMe(λ2=35.0) | loss=1.2131
  [Client 12] Round 8 | Hier-pFedMe(λ2=35.0) | loss=1.2965
  [Client  7] Round 8 | Hier-pFedMe(λ2=35.0) | loss=1.3272
  [Client 19] Round 8 | Hier-pFedMe(λ2=35.0) | loss=1.2854
  [Client 10] Round 8 | Hier-pFedMe(λ2=35.0) | loss=1.4691
  [Client 14] Round 8 | Hier-pFedMe(λ2=35.0) | loss=1.3005
  [Edge 0] G8 | E2 | loss=1.3203
  [Edge 0] G8 | E3 | Hier-pFedMe | Selected 13/13
  [Client 12] Round 8 | Hier-pFedMe(λ2=35.0) | loss=1.2426
  [Client 18] Round 8 | Hier-pFedMe(λ2=35.0) | loss=1.1847
  [Client  7] Round 8 | Hier-pFedMe(λ2=35.0) | loss=1.3083
  [Client  4] Round 8 | Hier-pFedMe(λ2=35.0) | loss=1.3178
  [Client 19] Round 8 | Hier-pFedMe(λ2=35.0) | loss=1.2491
  [Client 17] Round 8 | Hier-pFedMe(λ2=35.0) | loss=1.2535
  [Client  8] Round 8 | Hier-pFedMe(λ2=35.0) | loss=1.5761
  [Client 13] Round 8 | Hier-pFedMe(λ2=35.0) | loss=1.1302
  [Client 14] Round 8 | Hier-pFedMe(λ2=35.0) | loss=1.3213
  [Client  5] Round 8 | Hier-pFedMe(λ2=35.0) | loss=1.2556
  [Client 10] Round 8 | Hier-pFedMe(λ2=35.0) | loss=1.4489
  [Client 11] Round 8 | Hier-pFedMe(λ2=35.0) | loss=1.3202
  [Client  6] Round 8 | Hier-pFedMe(λ2=35.0) | loss=1.2826
  [Edge 0] G8 | E3 | loss=1.2993
  [Edge 0] G8 | E4 | Hier-pFedMe | Selected 13/13
  [Client 14] Round 8 | Hier-pFedMe(λ2=35.0) | loss=1.2879
  [Client  6] Round 8 | Hier-pFedMe(λ2=35.0) | loss=1.2595
  [Client  5] Round 8 | Hier-pFedMe(λ2=35.0) | loss=1.1850
  [Client  7] Round 8 | Hier-pFedMe(λ2=35.0) | loss=1.3058
  [Client 17] Round 8 | Hier-pFedMe(λ2=35.0) | loss=1.2282
  [Client 19] Round 8 | Hier-pFedMe(λ2=35.0) | loss=1.2251
  [Client 13] Round 8 | Hier-pFedMe(λ2=35.0) | loss=1.1282
  [Client  8] Round 8 | Hier-pFedMe(λ2=35.0) | loss=1.5030
  [Client 12] Round 8 | Hier-pFedMe(λ2=35.0) | loss=1.2645
  [Client  4] Round 8 | Hier-pFedMe(λ2=35.0) | loss=1.2698
  [Client 10] Round 8 | Hier-pFedMe(λ2=35.0) | loss=1.4354
  [Client 11] Round 8 | Hier-pFedMe(λ2=35.0) | loss=1.3119
  [Client 18] Round 8 | Hier-pFedMe(λ2=35.0) | loss=1.1942
  [Edge 0] G8 | E4 | loss=1.2768
  [Edge 0] G8 | E5 | Hier-pFedMe | Selected 13/13
  [Client  6] Round 8 | Hier-pFedMe(λ2=35.0) | loss=1.1888
  [Client  8] Round 8 | Hier-pFedMe(λ2=35.0) | loss=1.5165  [Client  4] Round 8 | Hier-pFedMe(λ2=35.0) | loss=1.2810

  [Client  5] Round 8 | Hier-pFedMe(λ2=35.0) | loss=1.2029
  [Client  7] Round 8 | Hier-pFedMe(λ2=35.0) | loss=1.2885
  [Client 12] Round 8 | Hier-pFedMe(λ2=35.0) | loss=1.2236
  [Client 13] Round 8 | Hier-pFedMe(λ2=35.0) | loss=1.0520
  [Client 10] Round 8 | Hier-pFedMe(λ2=35.0) | loss=1.4034
  [Client 18] Round 8 | Hier-pFedMe(λ2=35.0) | loss=1.1601
  [Client 17] Round 8 | Hier-pFedMe(λ2=35.0) | loss=1.1802
  [Client 11] Round 8 | Hier-pFedMe(λ2=35.0) | loss=1.2582
  [Client 19] Round 8 | Hier-pFedMe(λ2=35.0) | loss=1.1866
  [Client 14] Round 8 | Hier-pFedMe(λ2=35.0) | loss=1.2567
  [Edge 0] G8 | E5 | loss=1.2460
  [Edge 1] G8 | E1 | Hier-pFedMe | Selected 7/7
  [Client 15] Round 8 | Hier-pFedMe(λ2=35.0) | loss=1.2280
  [Client  1] Round 8 | Hier-pFedMe(λ2=35.0) | loss=1.1332
  [Client  3] Round 8 | Hier-pFedMe(λ2=35.0) | loss=1.1573
  [Client  0] Round 8 | Hier-pFedMe(λ2=35.0) | loss=1.0690
  [Client  9] Round 8 | Hier-pFedMe(λ2=35.0) | loss=1.0610
  [Client 16] Round 8 | Hier-pFedMe(λ2=35.0) | loss=1.1773
  [Client  2] Round 8 | Hier-pFedMe(λ2=35.0) | loss=1.1347
  [Edge 1] G8 | E1 | loss=1.1372
  [Edge 1] G8 | E2 | Hier-pFedMe | Selected 7/7
  [Client  9] Round 8 | Hier-pFedMe(λ2=35.0) | loss=0.9712
  [Client  2] Round 8 | Hier-pFedMe(λ2=35.0) | loss=1.0632
  [Client  1] Round 8 | Hier-pFedMe(λ2=35.0) | loss=1.0688
  [Client 16] Round 8 | Hier-pFedMe(λ2=35.0) | loss=1.1134
  [Client  0] Round 8 | Hier-pFedMe(λ2=35.0) | loss=1.0409
  [Client 15] Round 8 | Hier-pFedMe(λ2=35.0) | loss=1.1692
  [Client  3] Round 8 | Hier-pFedMe(λ2=35.0) | loss=1.0995
  [Edge 1] G8 | E2 | loss=1.0752
  [Edge 1] G8 | E3 | Hier-pFedMe | Selected 7/7
  [Client  0] Round 8 | Hier-pFedMe(λ2=35.0) | loss=1.0002
  [Client  1] Round 8 | Hier-pFedMe(λ2=35.0) | loss=1.1050
  [Client  9] Round 8 | Hier-pFedMe(λ2=35.0) | loss=0.9353
  [Client  3] Round 8 | Hier-pFedMe(λ2=35.0) | loss=1.1341
  [Client 15] Round 8 | Hier-pFedMe(λ2=35.0) | loss=1.1385
  [Client 16] Round 8 | Hier-pFedMe(λ2=35.0) | loss=1.0707
  [Client  2] Round 8 | Hier-pFedMe(λ2=35.0) | loss=1.0804
  [Edge 1] G8 | E3 | loss=1.0663
  [Edge 1] G8 | E4 | Hier-pFedMe | Selected 7/7
  [Client  9] Round 8 | Hier-pFedMe(λ2=35.0) | loss=0.9557
  [Client  1] Round 8 | Hier-pFedMe(λ2=35.0) | loss=1.0482
  [Client 16] Round 8 | Hier-pFedMe(λ2=35.0) | loss=1.0615
  [Client  0] Round 8 | Hier-pFedMe(λ2=35.0) | loss=0.9788
  [Client  2] Round 8 | Hier-pFedMe(λ2=35.0) | loss=1.0368
  [Client 15] Round 8 | Hier-pFedMe(λ2=35.0) | loss=1.1733
  [Client  3] Round 8 | Hier-pFedMe(λ2=35.0) | loss=1.0595
  [Edge 1] G8 | E4 | loss=1.0448
  [Edge 1] G8 | E5 | Hier-pFedMe | Selected 7/7
  [Client 15] Round 8 | Hier-pFedMe(λ2=35.0) | loss=1.0940
  [Client  1] Round 8 | Hier-pFedMe(λ2=35.0) | loss=1.0175
  [Client  3] Round 8 | Hier-pFedMe(λ2=35.0) | loss=1.0712
  [Client  0] Round 8 | Hier-pFedMe(λ2=35.0) | loss=0.9123
  [Client 16] Round 8 | Hier-pFedMe(λ2=35.0) | loss=1.0546
  [Client  2] Round 8 | Hier-pFedMe(λ2=35.0) | loss=0.9994
  [Client  9] Round 8 | Hier-pFedMe(λ2=35.0) | loss=0.9322
  [Edge 1] G8 | E5 | loss=1.0116
  [Cloud] GM=0.0689 | EM=0.0654 | loss=4.7803 | time=131.9s | comm=4592.1MB (total=36737MB)

[Round   9] Broadcasting to 2 edges...
  [Edge 0] G9 | E1 | Hier-pFedMe | Selected 13/13
  [Client 11] Round 9 | Hier-pFedMe(λ2=35.0) | loss=1.3408
  [Client  8] Round 9 | Hier-pFedMe(λ2=35.0) | loss=1.5688
  [Client 18] Round 9 | Hier-pFedMe(λ2=35.0) | loss=1.2444
  [Client 10] Round 9 | Hier-pFedMe(λ2=35.0) | loss=1.5245
  [Client 14] Round 9 | Hier-pFedMe(λ2=35.0) | loss=1.2942
  [Client  6] Round 9 | Hier-pFedMe(λ2=35.0) | loss=1.2607
  [Client  4] Round 9 | Hier-pFedMe(λ2=35.0) | loss=1.3170
  [Client  7] Round 9 | Hier-pFedMe(λ2=35.0) | loss=1.2674
  [Client 19] Round 9 | Hier-pFedMe(λ2=35.0) | loss=1.3121
  [Client 12] Round 9 | Hier-pFedMe(λ2=35.0) | loss=1.2362
  [Client 13] Round 9 | Hier-pFedMe(λ2=35.0) | loss=1.1310
  [Client 17] Round 9 | Hier-pFedMe(λ2=35.0) | loss=1.2107
  [Client  5] Round 9 | Hier-pFedMe(λ2=35.0) | loss=1.2791
  [Edge 0] G9 | E1 | loss=1.3067
  [Edge 0] G9 | E2 | Hier-pFedMe | Selected 13/13
  [Client  7] Round 9 | Hier-pFedMe(λ2=35.0) | loss=1.2441
  [Client 18] Round 9 | Hier-pFedMe(λ2=35.0) | loss=1.1405
  [Client  8] Round 9 | Hier-pFedMe(λ2=35.0) | loss=1.5287
  [Client 17] Round 9 | Hier-pFedMe(λ2=35.0) | loss=1.1826
  [Client 10] Round 9 | Hier-pFedMe(λ2=35.0) | loss=1.4017
  [Client 19] Round 9 | Hier-pFedMe(λ2=35.0) | loss=1.2040
  [Client  4] Round 9 | Hier-pFedMe(λ2=35.0) | loss=1.2754
  [Client 11] Round 9 | Hier-pFedMe(λ2=35.0) | loss=1.2523
  [Client 12] Round 9 | Hier-pFedMe(λ2=35.0) | loss=1.2007
  [Client  5] Round 9 | Hier-pFedMe(λ2=35.0) | loss=1.1734
  [Client  6] Round 9 | Hier-pFedMe(λ2=35.0) | loss=1.2169
  [Client 13] Round 9 | Hier-pFedMe(λ2=35.0) | loss=1.0726
  [Client 14] Round 9 | Hier-pFedMe(λ2=35.0) | loss=1.2282
  [Edge 0] G9 | E2 | loss=1.2401
  [Edge 0] G9 | E3 | Hier-pFedMe | Selected 13/13
  [Client  5] Round 9 | Hier-pFedMe(λ2=35.0) | loss=1.1376
  [Client 14] Round 9 | Hier-pFedMe(λ2=35.0) | loss=1.1791
  [Client  7] Round 9 | Hier-pFedMe(λ2=35.0) | loss=1.2233
  [Client 11] Round 9 | Hier-pFedMe(λ2=35.0) | loss=1.2915
  [Client  8] Round 9 | Hier-pFedMe(λ2=35.0) | loss=1.4859
  [Client 18] Round 9 | Hier-pFedMe(λ2=35.0) | loss=1.1115
  [Client  4] Round 9 | Hier-pFedMe(λ2=35.0) | loss=1.2418
  [Client 17] Round 9 | Hier-pFedMe(λ2=35.0) | loss=1.1653
  [Client 12] Round 9 | Hier-pFedMe(λ2=35.0) | loss=1.1874
  [Client  6] Round 9 | Hier-pFedMe(λ2=35.0) | loss=1.2005
  [Client 10] Round 9 | Hier-pFedMe(λ2=35.0) | loss=1.3654
  [Client 19] Round 9 | Hier-pFedMe(λ2=35.0) | loss=1.1775
  [Client 13] Round 9 | Hier-pFedMe(λ2=35.0) | loss=1.0285
  [Edge 0] G9 | E3 | loss=1.2150
  [Edge 0] G9 | E4 | Hier-pFedMe | Selected 13/13
  [Client 14] Round 9 | Hier-pFedMe(λ2=35.0) | loss=1.1774
  [Client  7] Round 9 | Hier-pFedMe(λ2=35.0) | loss=1.1739
  [Client  5] Round 9 | Hier-pFedMe(λ2=35.0) | loss=1.1184
  [Client 13] Round 9 | Hier-pFedMe(λ2=35.0) | loss=0.9972
  [Client 19] Round 9 | Hier-pFedMe(λ2=35.0) | loss=1.1233
  [Client  6] Round 9 | Hier-pFedMe(λ2=35.0) | loss=1.2078
  [Client  8] Round 9 | Hier-pFedMe(λ2=35.0) | loss=1.4835
  [Client 17] Round 9 | Hier-pFedMe(λ2=35.0) | loss=1.1103
  [Client 12] Round 9 | Hier-pFedMe(λ2=35.0) | loss=1.1511
  [Client  4] Round 9 | Hier-pFedMe(λ2=35.0) | loss=1.2440
  [Client 10] Round 9 | Hier-pFedMe(λ2=35.0) | loss=1.3552
  [Client 11] Round 9 | Hier-pFedMe(λ2=35.0) | loss=1.1990
  [Client 18] Round 9 | Hier-pFedMe(λ2=35.0) | loss=1.0946
  [Edge 0] G9 | E4 | loss=1.1874
  [Edge 0] G9 | E5 | Hier-pFedMe | Selected 13/13
  [Client  7] Round 9 | Hier-pFedMe(λ2=35.0) | loss=1.1754
  [Client 13] Round 9 | Hier-pFedMe(λ2=35.0) | loss=0.9913
  [Client 19] Round 9 | Hier-pFedMe(λ2=35.0) | loss=1.1253
  [Client 10] Round 9 | Hier-pFedMe(λ2=35.0) | loss=1.3444
  [Client 17] Round 9 | Hier-pFedMe(λ2=35.0) | loss=1.1009
  [Client  8] Round 9 | Hier-pFedMe(λ2=35.0) | loss=1.4817
  [Client 14] Round 9 | Hier-pFedMe(λ2=35.0) | loss=1.1822
  [Client  4] Round 9 | Hier-pFedMe(λ2=35.0) | loss=1.2221
  [Client  6] Round 9 | Hier-pFedMe(λ2=35.0) | loss=1.1676
  [Client 12] Round 9 | Hier-pFedMe(λ2=35.0) | loss=1.1077
  [Client 11] Round 9 | Hier-pFedMe(λ2=35.0) | loss=1.1990
  [Client  5] Round 9 | Hier-pFedMe(λ2=35.0) | loss=1.0884
  [Client 18] Round 9 | Hier-pFedMe(λ2=35.0) | loss=1.0888
  [Edge 0] G9 | E5 | loss=1.1750
  [Edge 1] G9 | E1 | Hier-pFedMe | Selected 7/7
  [Client 16] Round 9 | Hier-pFedMe(λ2=35.0) | loss=1.0358
  [Client  3] Round 9 | Hier-pFedMe(λ2=35.0) | loss=1.0968
  [Client 15] Round 9 | Hier-pFedMe(λ2=35.0) | loss=1.1007
  [Client  9] Round 9 | Hier-pFedMe(λ2=35.0) | loss=0.9496
  [Client  2] Round 9 | Hier-pFedMe(λ2=35.0) | loss=1.0474
  [Client  0] Round 9 | Hier-pFedMe(λ2=35.0) | loss=0.9488
  [Client  1] Round 9 | Hier-pFedMe(λ2=35.0) | loss=1.0943
  [Edge 1] G9 | E1 | loss=1.0391
  [Edge 1] G9 | E2 | Hier-pFedMe | Selected 7/7
  [Client  9] Round 9 | Hier-pFedMe(λ2=35.0) | loss=0.9189
  [Client  2] Round 9 | Hier-pFedMe(λ2=35.0) | loss=0.9966
  [Client  3] Round 9 | Hier-pFedMe(λ2=35.0) | loss=1.0212
  [Client  0] Round 9 | Hier-pFedMe(λ2=35.0) | loss=0.9095
  [Client 15] Round 9 | Hier-pFedMe(λ2=35.0) | loss=1.1184
  [Client  1] Round 9 | Hier-pFedMe(λ2=35.0) | loss=1.0212
  [Client 16] Round 9 | Hier-pFedMe(λ2=35.0) | loss=1.0052
  [Edge 1] G9 | E2 | loss=0.9987
  [Edge 1] G9 | E3 | Hier-pFedMe | Selected 7/7
  [Client 15] Round 9 | Hier-pFedMe(λ2=35.0) | loss=1.0482
  [Client  2] Round 9 | Hier-pFedMe(λ2=35.0) | loss=1.0055
  [Client  3] Round 9 | Hier-pFedMe(λ2=35.0) | loss=1.0466
  [Client 16] Round 9 | Hier-pFedMe(λ2=35.0) | loss=1.0035
  [Client  9] Round 9 | Hier-pFedMe(λ2=35.0) | loss=0.8603
  [Client  1] Round 9 | Hier-pFedMe(λ2=35.0) | loss=0.9902
  [Client  0] Round 9 | Hier-pFedMe(λ2=35.0) | loss=0.8952
  [Edge 1] G9 | E3 | loss=0.9785
  [Edge 1] G9 | E4 | Hier-pFedMe | Selected 7/7
  [Client  3] Round 9 | Hier-pFedMe(λ2=35.0) | loss=0.9284
  [Client  0] Round 9 | Hier-pFedMe(λ2=35.0) | loss=0.8759
  [Client  9] Round 9 | Hier-pFedMe(λ2=35.0) | loss=0.8601
  [Client  2] Round 9 | Hier-pFedMe(λ2=35.0) | loss=0.9557
  [Client 16] Round 9 | Hier-pFedMe(λ2=35.0) | loss=0.9400
  [Client 15] Round 9 | Hier-pFedMe(λ2=35.0) | loss=1.0380
  [Client  1] Round 9 | Hier-pFedMe(λ2=35.0) | loss=0.9751
  [Edge 1] G9 | E4 | loss=0.9390
  [Edge 1] G9 | E5 | Hier-pFedMe | Selected 7/7
  [Client 15] Round 9 | Hier-pFedMe(λ2=35.0) | loss=0.9834
  [Client  1] Round 9 | Hier-pFedMe(λ2=35.0) | loss=0.9391
  [Client 16] Round 9 | Hier-pFedMe(λ2=35.0) | loss=0.9014
  [Client  0] Round 9 | Hier-pFedMe(λ2=35.0) | loss=0.8596
  [Client  9] Round 9 | Hier-pFedMe(λ2=35.0) | loss=0.8102
  [Client  2] Round 9 | Hier-pFedMe(λ2=35.0) | loss=0.9469
  [Client  3] Round 9 | Hier-pFedMe(λ2=35.0) | loss=0.9485
  [Edge 1] G9 | E5 | loss=0.9127
  [Cloud] GM=0.0704 | EM=0.0696 | loss=4.9832 | time=132.4s | comm=4592.1MB (total=41329MB)

[Round  10] Broadcasting to 2 edges...
  [Edge 0] G10 | E1 | Hier-pFedMe | Selected 13/13
  [Client 14] Round 10 | Hier-pFedMe(λ2=35.0) | loss=1.1834
  [Client  6] Round 10 | Hier-pFedMe(λ2=35.0) | loss=1.1513
  [Client  5] Round 10 | Hier-pFedMe(λ2=35.0) | loss=1.1635
  [Client 19] Round 10 | Hier-pFedMe(λ2=35.0) | loss=1.1835
  [Client 12] Round 10 | Hier-pFedMe(λ2=35.0) | loss=1.1712
  [Client  8] Round 10 | Hier-pFedMe(λ2=35.0) | loss=1.4987
  [Client 17] Round 10 | Hier-pFedMe(λ2=35.0) | loss=1.1617
  [Client 11] Round 10 | Hier-pFedMe(λ2=35.0) | loss=1.2807
  [Client  4] Round 10 | Hier-pFedMe(λ2=35.0) | loss=1.2060
  [Client 13] Round 10 | Hier-pFedMe(λ2=35.0) | loss=1.0351
  [Client 18] Round 10 | Hier-pFedMe(λ2=35.0) | loss=1.0996
  [Client 10] Round 10 | Hier-pFedMe(λ2=35.0) | loss=1.3475
  [Client  7] Round 10 | Hier-pFedMe(λ2=35.0) | loss=1.2096
  [Edge 0] G10 | E1 | loss=1.2071
  [Edge 0] G10 | E2 | Hier-pFedMe | Selected 13/13
  [Client 18] Round 10 | Hier-pFedMe(λ2=35.0) | loss=1.0816
  [Client  4] Round 10 | Hier-pFedMe(λ2=35.0) | loss=1.1994
  [Client 10] Round 10 | Hier-pFedMe(λ2=35.0) | loss=1.3074
  [Client 11] Round 10 | Hier-pFedMe(λ2=35.0) | loss=1.1554
  [Client  8] Round 10 | Hier-pFedMe(λ2=35.0) | loss=1.4668
  [Client  5] Round 10 | Hier-pFedMe(λ2=35.0) | loss=1.1194
  [Client  6] Round 10 | Hier-pFedMe(λ2=35.0) | loss=1.1620
  [Client 12] Round 10 | Hier-pFedMe(λ2=35.0) | loss=1.1098
  [Client 19] Round 10 | Hier-pFedMe(λ2=35.0) | loss=1.1012
  [Client  7] Round 10 | Hier-pFedMe(λ2=35.0) | loss=1.1682
  [Client 17] Round 10 | Hier-pFedMe(λ2=35.0) | loss=1.0936
  [Client 14] Round 10 | Hier-pFedMe(λ2=35.0) | loss=1.1861
  [Client 13] Round 10 | Hier-pFedMe(λ2=35.0) | loss=1.0043
  [Edge 0] G10 | E2 | loss=1.1658
  [Edge 0] G10 | E3 | Hier-pFedMe | Selected 13/13
  [Client  5] Round 10 | Hier-pFedMe(λ2=35.0) | loss=1.1043
  [Client 14] Round 10 | Hier-pFedMe(λ2=35.0) | loss=1.0965
  [Client  8] Round 10 | Hier-pFedMe(λ2=35.0) | loss=1.3538
  [Client 17] Round 10 | Hier-pFedMe(λ2=35.0) | loss=1.0746
  [Client  6] Round 10 | Hier-pFedMe(λ2=35.0) | loss=1.1058
  [Client 12] Round 10 | Hier-pFedMe(λ2=35.0) | loss=1.0724
  [Client 18] Round 10 | Hier-pFedMe(λ2=35.0) | loss=1.0591
  [Client  7] Round 10 | Hier-pFedMe(λ2=35.0) | loss=1.1988
  [Client 19] Round 10 | Hier-pFedMe(λ2=35.0) | loss=1.1049
  [Client 11] Round 10 | Hier-pFedMe(λ2=35.0) | loss=1.1437
  [Client 13] Round 10 | Hier-pFedMe(λ2=35.0) | loss=0.9393
  [Client  4] Round 10 | Hier-pFedMe(λ2=35.0) | loss=1.1249
  [Client 10] Round 10 | Hier-pFedMe(λ2=35.0) | loss=1.3113
  [Edge 0] G10 | E3 | loss=1.1299
  [Edge 0] G10 | E4 | Hier-pFedMe | Selected 13/13
  [Client 12] Round 10 | Hier-pFedMe(λ2=35.0) | loss=1.0509
  [Client 19] Round 10 | Hier-pFedMe(λ2=35.0) | loss=1.0749
  [Client 11] Round 10 | Hier-pFedMe(λ2=35.0) | loss=1.1579
  [Client 10] Round 10 | Hier-pFedMe(λ2=35.0) | loss=1.2838
  [Client 13] Round 10 | Hier-pFedMe(λ2=35.0) | loss=0.9294
  [Client  8] Round 10 | Hier-pFedMe(λ2=35.0) | loss=1.4025
  [Client 17] Round 10 | Hier-pFedMe(λ2=35.0) | loss=1.0722
  [Client  7] Round 10 | Hier-pFedMe(λ2=35.0) | loss=1.1379
