This job can be monitored from: https://job.c3se.chalmers.se/alvis/6656188
========================================
Job ID      : 6656188
Job Name    : HierFLcifar10
Node        : alvis9-10
Start Time  : Wed May 20 20:54:09 CEST 2026
Working Dir : /cephyr/users/ziangg/Alvis/tf-dpfl
========================================
[Setup] Python: /cephyr/users/ziangg/Alvis/tf-dpfl/bin/python
[Setup] TF version: 2.15.1
[Setup] GPU available: [PhysicalDevice(name='/physical_device:GPU:0', device_type='GPU')]
[Config] Override: wandb.enabled = True
[Setup] Random seed: 42
[Setup] Loading dataset...
[Data] CIFAR-10 from Mimer: /mimer/NOBACKUP/Datasets/CIFAR
[Setup] Building global model...
Model: "gtsrb_cnn"
_________________________________________________________________
 Layer (type)                Output Shape              Param #   
=================================================================
 input_1 (InputLayer)        [(None, 32, 32, 3)]       0         
                                                                 
 conv2d (Conv2D)             (None, 32, 32, 32)        896       
                                                                 
 conv2d_1 (Conv2D)           (None, 32, 32, 64)        18496     
                                                                 
 max_pooling2d (MaxPooling2  (None, 16, 16, 64)        0         
 D)                                                              
                                                                 
 dropout (Dropout)           (None, 16, 16, 64)        0         
                                                                 
 conv2d_2 (Conv2D)           (None, 16, 16, 128)       73856     
                                                                 
 max_pooling2d_1 (MaxPoolin  (None, 8, 8, 128)         0         
 g2D)                                                            
                                                                 
 dropout_1 (Dropout)         (None, 8, 8, 128)         0         
                                                                 
 flatten (Flatten)           (None, 8192)              0         
                                                                 
 dense (Dense)               (None, 256)               2097408   
                                                                 
 dropout_2 (Dropout)         (None, 256)               0         
                                                                 
 dense_1 (Dense)             (None, 10)                2570      
                                                                 
=================================================================
Total params: 2193226 (8.37 MB)
Trainable params: 2193226 (8.37 MB)
Non-trainable params: 0 (0.00 Byte)
_________________________________________________________________
[Setup] Building clients...

[Superclass-aware partition] 2 edges, 2 classes/client

  Edge 0 (class pool: [2, 3, 4, 5, 6, 7]):
  Client       Samples    Classes held                        Out-of-pool?
  ---------------------------------------------------------------------------
  client_0     4000       [3, 6]                              OK
  client_1     4000       [3, 6]                              OK
  client_2     4000       [2, 5]                              OK
  client_3     4000       [5, 7]                              OK
  client_4     4000       [2, 7]                              OK
  client_5     4000       [2, 4]                              OK
  client_6     4000       [6, 7]                              OK
  client_7     4000       [3, 5]                              OK
  client_8     2000       [4]                                 OK
  client_9     2000       [4]                                 OK

  Edge 1 (class pool: [0, 1, 8, 9]):
  Client       Samples    Classes held                        Out-of-pool?
  ---------------------------------------------------------------------------
  client_10    2400       [8, 9]                              OK
  client_11    2400       [0, 1]                              OK
  client_12    2400       [1, 8]                              OK
  client_13    2400       [0, 8]                              OK
  client_14    2400       [0, 9]                              OK
  client_15    2400       [0, 8]                              OK
  client_16    2400       [1, 8]                              OK
  client_17    2400       [1, 9]                              OK
  client_18    2400       [1, 9]                              OK
  client_19    2400       [0, 9]                              OK

[Train/Test split] 20 clients | avg train=2250, avg test=750 samples (ratio=0.25)
[Setup] 20 clients built (superclass_pathological) | per-client test sets injected
[Setup] Building edge servers...
[Assignment] Using pre-baked superclass assignments | 2 edges
[EdgeServer 0] 10 clients | 27000 samples
[EdgeServer 1] 10 clients | 18000 samples

[Setup] Built 2 edge servers (strategy=superclass_baked)
  Edge 0: 10 clients | 27000 samples
  Edge 1: 10 clients | 18000 samples
[Setup] Building per-edge test datasets (superclass-aware)...
[CloudServer] 2 edges | model: 8.37 MB

====================================================
 HierFAVG Training Start
====================================================

[Round   1] Broadcasting to 2 edges...
  [Edge 0] W_n reset to global weights for new round.
  [Edge 1] W_n reset to global weights for new round.
  [Edge 0] G1 | E1 | Hier-pFedMe | Selected 10/10
  [Client  3] Received edge weights.
[C3] Test set: samples=1000, class_dist={5: 506, 7: 494}
  [Client  6] Received edge weights.
[C6] Test set: samples=1000, class_dist={6: 493, 7: 507}
  [Client  9] Received edge weights.
[C9] Test set: samples=500, class_dist={4: 500}
  [Client  8] Received edge weights.
[C8] Test set: samples=500, class_dist={4: 500}
  [Client  7] Received edge weights.
[C7] Test set: samples=1000, class_dist={3: 485, 5: 515}
  [Client  1] Received edge weights.
[C1] Test set: samples=1000, class_dist={3: 515, 6: 485}
  [Client  4] Received edge weights.
[C4] Test set: samples=1000, class_dist={2: 507, 7: 493}
  [Client  0] Received edge weights.
[C0] Test set: samples=1000, class_dist={3: 511, 6: 489}
  [Client  5] Received edge weights.
[C5] Test set: samples=1000, class_dist={2: 510, 4: 490}
  [Client  2] Received edge weights.
[C2] Test set: samples=1000, class_dist={2: 507, 5: 493}
  [Client  3] Starting Hier-pFedMe | λ2=35.0, η2=0.02, inner_steps=3, epochs=1, batches/epoch=188
[C3] eval model[0] mean=-0.001829 | edge mean=-0.001829
[C3] n=1000 | classes=[5, 7] | acc=0.0010 | per_class={5: '0.00', 7: '0.00'}
[C3] eval model[0] mean=-0.001974 | edge mean=-0.001829
[C3] n=1000 | classes=[5, 7] | acc=0.5060 | per_class={5: '0.95', 7: '0.05'}
  [Client  3] Round 1 | Hier-pFedMe(λ2=35.0, K=3) | loss=0.6956
  [Client  6] Starting Hier-pFedMe | λ2=35.0, η2=0.02, inner_steps=3, epochs=1, batches/epoch=188
[C6] eval model[0] mean=-0.001829 | edge mean=-0.001829
[C6] n=1000 | classes=[6, 7] | acc=0.0000 | per_class={6: '0.00', 7: '0.00'}
[C6] eval model[0] mean=-0.001638 | edge mean=-0.001829
[C6] n=1000 | classes=[6, 7] | acc=0.6570 | per_class={6: '0.78', 7: '0.53'}
  [Client  6] Round 1 | Hier-pFedMe(λ2=35.0, K=3) | loss=0.9676
  [Client  9] Starting Hier-pFedMe | λ2=35.0, η2=0.02, inner_steps=3, epochs=1, batches/epoch=94
[C9] eval model[0] mean=-0.001829 | edge mean=-0.001829
[C9] n=500 | classes=[4] | acc=0.2240 | per_class={4: '0.22'}
[C9] eval model[0] mean=-0.002312 | edge mean=-0.001829
[C9] n=500 | classes=[4] | acc=1.0000 | per_class={4: '1.00'}
  [Client  9] Round 1 | Hier-pFedMe(λ2=35.0, K=3) | loss=0.1563
  [Client  8] Starting Hier-pFedMe | λ2=35.0, η2=0.02, inner_steps=3, epochs=1, batches/epoch=94
[C8] eval model[0] mean=-0.001829 | edge mean=-0.001829
[C8] n=500 | classes=[4] | acc=0.2120 | per_class={4: '0.21'}
[C8] eval model[0] mean=-0.002022 | edge mean=-0.001829
[C8] n=500 | classes=[4] | acc=1.0000 | per_class={4: '1.00'}
  [Client  8] Round 1 | Hier-pFedMe(λ2=35.0, K=3) | loss=0.1204
  [Client  7] Starting Hier-pFedMe | λ2=35.0, η2=0.02, inner_steps=3, epochs=1, batches/epoch=188
[C7] eval model[0] mean=-0.001829 | edge mean=-0.001829
[C7] n=1000 | classes=[3, 5] | acc=0.0010 | per_class={3: '0.00', 5: '0.00'}
[C7] eval model[0] mean=-0.002157 | edge mean=-0.001829
[C7] n=1000 | classes=[3, 5] | acc=0.5150 | per_class={3: '0.00', 5: '1.00'}
  [Client  7] Round 1 | Hier-pFedMe(λ2=35.0, K=3) | loss=0.9644
  [Client  1] Starting Hier-pFedMe | λ2=35.0, η2=0.02, inner_steps=3, epochs=1, batches/epoch=188
[C1] eval model[0] mean=-0.001829 | edge mean=-0.001829
[C1] n=1000 | classes=[3, 6] | acc=0.0000 | per_class={3: '0.00', 6: '0.00'}
[C1] eval model[0] mean=-0.002046 | edge mean=-0.001829
[C1] n=1000 | classes=[3, 6] | acc=0.6110 | per_class={3: '0.71', 6: '0.51'}
  [Client  1] Round 1 | Hier-pFedMe(λ2=35.0, K=3) | loss=1.0447
  [Client  4] Starting Hier-pFedMe | λ2=35.0, η2=0.02, inner_steps=3, epochs=1, batches/epoch=188
[C4] eval model[0] mean=-0.001829 | edge mean=-0.001829
[C4] n=1000 | classes=[2, 7] | acc=0.0000 | per_class={2: '0.00', 7: '0.00'}
[C4] eval model[0] mean=-0.001867 | edge mean=-0.001829
[C4] n=1000 | classes=[2, 7] | acc=0.5170 | per_class={2: '0.10', 7: '0.95'}
  [Client  4] Round 1 | Hier-pFedMe(λ2=35.0, K=3) | loss=0.9740
  [Client  0] Starting Hier-pFedMe | λ2=35.0, η2=0.02, inner_steps=3, epochs=1, batches/epoch=188
[C0] eval model[0] mean=-0.001829 | edge mean=-0.001829
[C0] n=1000 | classes=[3, 6] | acc=0.0010 | per_class={3: '0.00', 6: '0.00'}
[C0] eval model[0] mean=-0.001973 | edge mean=-0.001829
[C0] n=1000 | classes=[3, 6] | acc=0.5450 | per_class={3: '0.42', 6: '0.67'}
  [Client  0] Round 1 | Hier-pFedMe(λ2=35.0, K=3) | loss=1.1330
  [Client  5] Starting Hier-pFedMe | λ2=35.0, η2=0.02, inner_steps=3, epochs=1, batches/epoch=188
[C5] eval model[0] mean=-0.001829 | edge mean=-0.001829
[C5] n=1000 | classes=[2, 4] | acc=0.0990 | per_class={2: '0.00', 4: '0.20'}
[C5] eval model[0] mean=-0.002224 | edge mean=-0.001829
[C5] n=1000 | classes=[2, 4] | acc=0.4930 | per_class={2: '0.44', 4: '0.54'}
  [Client  5] Round 1 | Hier-pFedMe(λ2=35.0, K=3) | loss=0.9505
  [Client  2] Starting Hier-pFedMe | λ2=35.0, η2=0.02, inner_steps=3, epochs=1, batches/epoch=188
[C2] eval model[0] mean=-0.001829 | edge mean=-0.001829
[C2] n=1000 | classes=[2, 5] | acc=0.0010 | per_class={2: '0.00', 5: '0.00'}
[C2] eval model[0] mean=-0.001966 | edge mean=-0.001829
[C2] n=1000 | classes=[2, 5] | acc=0.5060 | per_class={2: '0.99', 5: '0.00'}
  [Client  2] Round 1 | Hier-pFedMe(λ2=35.0, K=3) | loss=0.9004
  [Edge 0] G1 | E1 | loss=0.8632
  [Edge 0] G1 | E2 | Hier-pFedMe | Selected 10/10
  [Client  3] Received edge weights.
[C3] Test set: samples=1000, class_dist={5: 506, 7: 494}
  [Client  0] Received edge weights.
[C0] Test set: samples=1000, class_dist={3: 511, 6: 489}
  [Client  7] Received edge weights.
[C7] Test set: samples=1000, class_dist={3: 485, 5: 515}
  [Client  9] Received edge weights.
[C9] Test set: samples=500, class_dist={4: 500}
  [Client  6] Received edge weights.
[C6] Test set: samples=1000, class_dist={6: 493, 7: 507}
  [Client  4] Received edge weights.
[C4] Test set: samples=1000, class_dist={2: 507, 7: 493}
  [Client  2] Received edge weights.
[C2] Test set: samples=1000, class_dist={2: 507, 5: 493}
  [Client  8] Received edge weights.
[C8] Test set: samples=500, class_dist={4: 500}
  [Client  5] Received edge weights.
[C5] Test set: samples=1000, class_dist={2: 510, 4: 490}
  [Client  1] Received edge weights.
[C1] Test set: samples=1000, class_dist={3: 515, 6: 485}
  [Client  3] Starting Hier-pFedMe | λ2=35.0, η2=0.02, inner_steps=3, epochs=1, batches/epoch=188
[C3] eval model[0] mean=-0.001961 | edge mean=-0.001961
[C3] n=1000 | classes=[5, 7] | acc=0.0280 | per_class={5: '0.02', 7: '0.04'}
[C3] eval model[0] mean=-0.001683 | edge mean=-0.001961
[C3] n=1000 | classes=[5, 7] | acc=0.4940 | per_class={5: '0.00', 7: '1.00'}
  [Client  3] Round 1 | Hier-pFedMe(λ2=35.0, K=3) | loss=0.6895
  [Client  0] Starting Hier-pFedMe | λ2=35.0, η2=0.02, inner_steps=3, epochs=1, batches/epoch=188
[C0] eval model[0] mean=-0.001961 | edge mean=-0.001961
[C0] n=1000 | classes=[3, 6] | acc=0.0100 | per_class={3: '0.02', 6: '0.00'}
[C0] eval model[0] mean=-0.002119 | edge mean=-0.001961
[C0] n=1000 | classes=[3, 6] | acc=0.5110 | per_class={3: '1.00', 6: '0.00'}
  [Client  0] Round 1 | Hier-pFedMe(λ2=35.0, K=3) | loss=0.8827
  [Client  7] Starting Hier-pFedMe | λ2=35.0, η2=0.02, inner_steps=3, epochs=1, batches/epoch=188
[C7] eval model[0] mean=-0.001961 | edge mean=-0.001961
[C7] n=1000 | classes=[3, 5] | acc=0.0210 | per_class={3: '0.02', 5: '0.02'}
[C7] eval model[0] mean=-0.001897 | edge mean=-0.001961
[C7] n=1000 | classes=[3, 5] | acc=0.5150 | per_class={3: '0.00', 5: '1.00'}
  [Client  7] Round 1 | Hier-pFedMe(λ2=35.0, K=3) | loss=0.8145
  [Client  9] Starting Hier-pFedMe | λ2=35.0, η2=0.02, inner_steps=3, epochs=1, batches/epoch=94
[C9] eval model[0] mean=-0.001961 | edge mean=-0.001961
[C9] n=500 | classes=[4] | acc=0.8940 | per_class={4: '0.89'}
[C9] eval model[0] mean=-0.001983 | edge mean=-0.001961
[C9] n=500 | classes=[4] | acc=1.0000 | per_class={4: '1.00'}
  [Client  9] Round 1 | Hier-pFedMe(λ2=35.0, K=3) | loss=0.0585
  [Client  6] Starting Hier-pFedMe | λ2=35.0, η2=0.02, inner_steps=3, epochs=1, batches/epoch=188
[C6] eval model[0] mean=-0.001961 | edge mean=-0.001961
[C6] n=1000 | classes=[6, 7] | acc=0.0160 | per_class={6: '0.00', 7: '0.03'}
[C6] eval model[0] mean=-0.002166 | edge mean=-0.001961
[C6] n=1000 | classes=[6, 7] | acc=0.6270 | per_class={6: '0.34', 7: '0.91'}
  [Client  6] Round 1 | Hier-pFedMe(λ2=35.0, K=3) | loss=0.6751
  [Client  4] Starting Hier-pFedMe | λ2=35.0, η2=0.02, inner_steps=3, epochs=1, batches/epoch=188
[C4] eval model[0] mean=-0.001961 | edge mean=-0.001961
[C4] n=1000 | classes=[2, 7] | acc=0.0150 | per_class={2: '0.01', 7: '0.02'}
[C4] eval model[0] mean=-0.002059 | edge mean=-0.001961
[C4] n=1000 | classes=[2, 7] | acc=0.5070 | per_class={2: '1.00', 7: '0.00'}
  [Client  4] Round 1 | Hier-pFedMe(λ2=35.0, K=3) | loss=1.2188
  [Client  2] Starting Hier-pFedMe | λ2=35.0, η2=0.02, inner_steps=3, epochs=1, batches/epoch=188
[C2] eval model[0] mean=-0.001961 | edge mean=-0.001961
[C2] n=1000 | classes=[2, 5] | acc=0.0080 | per_class={2: '0.01', 5: '0.01'}
[C2] eval model[0] mean=-0.002226 | edge mean=-0.001961
[C2] n=1000 | classes=[2, 5] | acc=0.4930 | per_class={2: '0.00', 5: '1.00'}
  [Client  2] Round 1 | Hier-pFedMe(λ2=35.0, K=3) | loss=0.9995
  [Client  8] Starting Hier-pFedMe | λ2=35.0, η2=0.02, inner_steps=3, epochs=1, batches/epoch=94
[C8] eval model[0] mean=-0.001961 | edge mean=-0.001961
[C8] n=500 | classes=[4] | acc=0.9120 | per_class={4: '0.91'}
[C8] eval model[0] mean=-0.002339 | edge mean=-0.001961
[C8] n=500 | classes=[4] | acc=1.0000 | per_class={4: '1.00'}
  [Client  8] Round 1 | Hier-pFedMe(λ2=35.0, K=3) | loss=0.0490
  [Client  5] Starting Hier-pFedMe | λ2=35.0, η2=0.02, inner_steps=3, epochs=1, batches/epoch=188
[C5] eval model[0] mean=-0.001961 | edge mean=-0.001961
[C5] n=1000 | classes=[2, 4] | acc=0.4470 | per_class={2: '0.01', 4: '0.90'}
[C5] eval model[0] mean=-0.002044 | edge mean=-0.001961
[C5] n=1000 | classes=[2, 4] | acc=0.5080 | per_class={2: '0.88', 4: '0.12'}
  [Client  5] Round 1 | Hier-pFedMe(λ2=35.0, K=3) | loss=0.7763
  [Client  1] Starting Hier-pFedMe | λ2=35.0, η2=0.02, inner_steps=3, epochs=1, batches/epoch=188
[C1] eval model[0] mean=-0.001961 | edge mean=-0.001961
[C1] n=1000 | classes=[3, 6] | acc=0.0130 | per_class={3: '0.03', 6: '0.00'}
[C1] eval model[0] mean=-0.001740 | edge mean=-0.001961
[C1] n=1000 | classes=[3, 6] | acc=0.5150 | per_class={3: '1.00', 6: '0.00'}
  [Client  1] Round 1 | Hier-pFedMe(λ2=35.0, K=3) | loss=1.2081
  [Edge 0] G1 | E2 | loss=0.8131
  [Edge 0] G1 | E3 | Hier-pFedMe | Selected 10/10
  [Client  9] Received edge weights.
[C9] Test set: samples=500, class_dist={4: 500}
  [Client  7] Received edge weights.
[C7] Test set: samples=1000, class_dist={3: 485, 5: 515}
  [Client  8] Received edge weights.
[C8] Test set: samples=500, class_dist={4: 500}
  [Client  6] Received edge weights.
[C6] Test set: samples=1000, class_dist={6: 493, 7: 507}
  [Client  4] Received edge weights.
[C4] Test set: samples=1000, class_dist={2: 507, 7: 493}
  [Client  1] Received edge weights.
[C1] Test set: samples=1000, class_dist={3: 515, 6: 485}
  [Client  0] Received edge weights.
[C0] Test set: samples=1000, class_dist={3: 511, 6: 489}
  [Client  3] Received edge weights.
[C3] Test set: samples=1000, class_dist={5: 506, 7: 494}
  [Client  5] Received edge weights.
[C5] Test set: samples=1000, class_dist={2: 510, 4: 490}
  [Client  2] Received edge weights.
[C2] Test set: samples=1000, class_dist={2: 507, 5: 493}
  [Client  9] Starting Hier-pFedMe | λ2=35.0, η2=0.02, inner_steps=3, epochs=1, batches/epoch=94
[C9] eval model[0] mean=-0.001979 | edge mean=-0.001979
[C9] n=500 | classes=[4] | acc=0.5720 | per_class={4: '0.57'}
[C9] eval model[0] mean=-0.001993 | edge mean=-0.001979
[C9] n=500 | classes=[4] | acc=1.0000 | per_class={4: '1.00'}
  [Client  9] Round 1 | Hier-pFedMe(λ2=35.0, K=3) | loss=0.0522
  [Client  7] Starting Hier-pFedMe | λ2=35.0, η2=0.02, inner_steps=3, epochs=1, batches/epoch=188
[C7] eval model[0] mean=-0.001979 | edge mean=-0.001979
[C7] n=1000 | classes=[3, 5] | acc=0.1580 | per_class={3: '0.30', 5: '0.03'}
[C7] eval model[0] mean=-0.001971 | edge mean=-0.001979
[C7] n=1000 | classes=[3, 5] | acc=0.4850 | per_class={3: '1.00', 5: '0.00'}
  [Client  7] Round 1 | Hier-pFedMe(λ2=35.0, K=3) | loss=0.8330
  [Client  8] Starting Hier-pFedMe | λ2=35.0, η2=0.02, inner_steps=3, epochs=1, batches/epoch=94
[C8] eval model[0] mean=-0.001979 | edge mean=-0.001979
[C8] n=500 | classes=[4] | acc=0.5700 | per_class={4: '0.57'}
[C8] eval model[0] mean=-0.002143 | edge mean=-0.001979
[C8] n=500 | classes=[4] | acc=1.0000 | per_class={4: '1.00'}
  [Client  8] Round 1 | Hier-pFedMe(λ2=35.0, K=3) | loss=0.1205
  [Client  6] Starting Hier-pFedMe | λ2=35.0, η2=0.02, inner_steps=3, epochs=1, batches/epoch=188
[C6] eval model[0] mean=-0.001979 | edge mean=-0.001979
[C6] n=1000 | classes=[6, 7] | acc=0.0760 | per_class={6: '0.00', 7: '0.15'}
[C6] eval model[0] mean=-0.001772 | edge mean=-0.001979
[C6] n=1000 | classes=[6, 7] | acc=0.5080 | per_class={6: '0.00', 7: '1.00'}
  [Client  6] Round 1 | Hier-pFedMe(λ2=35.0, K=3) | loss=0.8641
  [Client  4] Starting Hier-pFedMe | λ2=35.0, η2=0.02, inner_steps=3, epochs=1, batches/epoch=188
[C4] eval model[0] mean=-0.001979 | edge mean=-0.001979
[C4] n=1000 | classes=[2, 7] | acc=0.0760 | per_class={2: '0.00', 7: '0.15'}
[C4] eval model[0] mean=-0.002071 | edge mean=-0.001979
[C4] n=1000 | classes=[2, 7] | acc=0.4930 | per_class={2: '0.00', 7: '1.00'}
  [Client  4] Round 1 | Hier-pFedMe(λ2=35.0, K=3) | loss=0.9644
  [Client  1] Starting Hier-pFedMe | λ2=35.0, η2=0.02, inner_steps=3, epochs=1, batches/epoch=188
[C1] eval model[0] mean=-0.001979 | edge mean=-0.001979
[C1] n=1000 | classes=[3, 6] | acc=0.1380 | per_class={3: '0.27', 6: '0.00'}
[C1] eval model[0] mean=-0.001688 | edge mean=-0.001979
[C1] n=1000 | classes=[3, 6] | acc=0.4850 | per_class={3: '0.00', 6: '1.00'}
  [Client  1] Round 1 | Hier-pFedMe(λ2=35.0, K=3) | loss=1.3344
  [Client  0] Starting Hier-pFedMe | λ2=35.0, η2=0.02, inner_steps=3, epochs=1, batches/epoch=188
[C0] eval model[0] mean=-0.001979 | edge mean=-0.001979
[C0] n=1000 | classes=[3, 6] | acc=0.1460 | per_class={3: '0.29', 6: '0.00'}
[C0] eval model[0] mean=-0.002100 | edge mean=-0.001979
[C0] n=1000 | classes=[3, 6] | acc=0.5110 | per_class={3: '1.00', 6: '0.00'}
  [Client  0] Round 1 | Hier-pFedMe(λ2=35.0, K=3) | loss=0.9530
  [Client  3] Starting Hier-pFedMe | λ2=35.0, η2=0.02, inner_steps=3, epochs=1, batches/epoch=188
[C3] eval model[0] mean=-0.001979 | edge mean=-0.001979
[C3] n=1000 | classes=[5, 7] | acc=0.0880 | per_class={5: '0.03', 7: '0.15'}
[C3] eval model[0] mean=-0.001848 | edge mean=-0.001979
[C3] n=1000 | classes=[5, 7] | acc=0.5730 | per_class={5: '0.63', 7: '0.51'}
  [Client  3] Round 1 | Hier-pFedMe(λ2=35.0, K=3) | loss=1.2332
  [Client  5] Starting Hier-pFedMe | λ2=35.0, η2=0.02, inner_steps=3, epochs=1, batches/epoch=188
[C5] eval model[0] mean=-0.001979 | edge mean=-0.001979
[C5] n=1000 | classes=[2, 4] | acc=0.2730 | per_class={2: '0.01', 4: '0.55'}
[C5] eval model[0] mean=-0.002094 | edge mean=-0.001979
[C5] n=1000 | classes=[2, 4] | acc=0.4900 | per_class={2: '0.00', 4: '1.00'}
  [Client  5] Round 1 | Hier-pFedMe(λ2=35.0, K=3) | loss=1.1987
  [Client  2] Starting Hier-pFedMe | λ2=35.0, η2=0.02, inner_steps=3, epochs=1, batches/epoch=188
[C2] eval model[0] mean=-0.001979 | edge mean=-0.001979
[C2] n=1000 | classes=[2, 5] | acc=0.0160 | per_class={2: '0.00', 5: '0.03'}
[C2] eval model[0] mean=-0.002128 | edge mean=-0.001979
[C2] n=1000 | classes=[2, 5] | acc=0.5610 | per_class={2: '0.51', 5: '0.62'}
  [Client  2] Round 1 | Hier-pFedMe(λ2=35.0, K=3) | loss=0.7983
  [Edge 0] G1 | E3 | loss=0.9184
  [Edge 0] G1 | E4 | Hier-pFedMe | Selected 10/10
  [Client  8] Received edge weights.
[C8] Test set: samples=500, class_dist={4: 500}
  [Client  6] Received edge weights.
[C6] Test set: samples=1000, class_dist={6: 493, 7: 507}
  [Client  0] Received edge weights.
[C0] Test set: samples=1000, class_dist={3: 511, 6: 489}
  [Client  9] Received edge weights.
[C9] Test set: samples=500, class_dist={4: 500}
  [Client  7] Received edge weights.
[C7] Test set: samples=1000, class_dist={3: 485, 5: 515}
  [Client  3] Received edge weights.
[C3] Test set: samples=1000, class_dist={5: 506, 7: 494}
  [Client  5] Received edge weights.
[C5] Test set: samples=1000, class_dist={2: 510, 4: 490}
  [Client  2] Received edge weights.
[C2] Test set: samples=1000, class_dist={2: 507, 5: 493}
  [Client  1] Received edge weights.
[C1] Test set: samples=1000, class_dist={3: 515, 6: 485}
  [Client  4] Received edge weights.
[C4] Test set: samples=1000, class_dist={2: 507, 7: 493}
  [Client  8] Starting Hier-pFedMe | λ2=35.0, η2=0.02, inner_steps=3, epochs=1, batches/epoch=94
[C8] eval model[0] mean=-0.001968 | edge mean=-0.001968
[C8] n=500 | classes=[4] | acc=0.8840 | per_class={4: '0.88'}
[C8] eval model[0] mean=-0.002250 | edge mean=-0.001968
[C8] n=500 | classes=[4] | acc=1.0000 | per_class={4: '1.00'}
  [Client  8] Round 1 | Hier-pFedMe(λ2=35.0, K=3) | loss=0.0208
  [Client  6] Starting Hier-pFedMe | λ2=35.0, η2=0.02, inner_steps=3, epochs=1, batches/epoch=188
[C6] eval model[0] mean=-0.001968 | edge mean=-0.001968
[C6] n=1000 | classes=[6, 7] | acc=0.0280 | per_class={6: '0.00', 7: '0.06'}
[C6] eval model[0] mean=-0.001725 | edge mean=-0.001968
[C6] n=1000 | classes=[6, 7] | acc=0.5160 | per_class={6: '0.02', 7: '1.00'}
  [Client  6] Round 1 | Hier-pFedMe(λ2=35.0, K=3) | loss=0.7224
  [Client  0] Starting Hier-pFedMe | λ2=35.0, η2=0.02, inner_steps=3, epochs=1, batches/epoch=188
[C0] eval model[0] mean=-0.001968 | edge mean=-0.001968
[C0] n=1000 | classes=[3, 6] | acc=0.0200 | per_class={3: '0.04', 6: '0.00'}
[C0] eval model[0] mean=-0.001279 | edge mean=-0.001968
[C0] n=1000 | classes=[3, 6] | acc=0.4890 | per_class={3: '0.00', 6: '1.00'}
  [Client  0] Round 1 | Hier-pFedMe(λ2=35.0, K=3) | loss=0.8416
  [Client  9] Starting Hier-pFedMe | λ2=35.0, η2=0.02, inner_steps=3, epochs=1, batches/epoch=94
[C9] eval model[0] mean=-0.001968 | edge mean=-0.001968
[C9] n=500 | classes=[4] | acc=0.8980 | per_class={4: '0.90'}
[C9] eval model[0] mean=-0.002398 | edge mean=-0.001968
[C9] n=500 | classes=[4] | acc=1.0000 | per_class={4: '1.00'}
  [Client  9] Round 1 | Hier-pFedMe(λ2=35.0, K=3) | loss=0.0346
  [Client  7] Starting Hier-pFedMe | λ2=35.0, η2=0.02, inner_steps=3, epochs=1, batches/epoch=188
[C7] eval model[0] mean=-0.001968 | edge mean=-0.001968
[C7] n=1000 | classes=[3, 5] | acc=0.0300 | per_class={3: '0.06', 5: '0.00'}
[C7] eval model[0] mean=-0.001296 | edge mean=-0.001968
[C7] n=1000 | classes=[3, 5] | acc=0.5150 | per_class={3: '0.00', 5: '1.00'}
  [Client  7] Round 1 | Hier-pFedMe(λ2=35.0, K=3) | loss=1.2138
  [Client  3] Starting Hier-pFedMe | λ2=35.0, η2=0.02, inner_steps=3, epochs=1, batches/epoch=188
[C3] eval model[0] mean=-0.001968 | edge mean=-0.001968
[C3] n=1000 | classes=[5, 7] | acc=0.0360 | per_class={5: '0.00', 7: '0.07'}
[C3] eval model[0] mean=-0.002046 | edge mean=-0.001968
[C3] n=1000 | classes=[5, 7] | acc=0.5030 | per_class={5: '0.99', 7: '0.00'}
  [Client  3] Round 1 | Hier-pFedMe(λ2=35.0, K=3) | loss=0.7342
  [Client  5] Starting Hier-pFedMe | λ2=35.0, η2=0.02, inner_steps=3, epochs=1, batches/epoch=188
[C5] eval model[0] mean=-0.001968 | edge mean=-0.001968
[C5] n=1000 | classes=[2, 4] | acc=0.4460 | per_class={2: '0.00', 4: '0.91'}
[C5] eval model[0] mean=-0.002116 | edge mean=-0.001968
[C5] n=1000 | classes=[2, 4] | acc=0.5210 | per_class={2: '0.17', 4: '0.89'}
  [Client  5] Round 1 | Hier-pFedMe(λ2=35.0, K=3) | loss=0.9599
  [Client  2] Starting Hier-pFedMe | λ2=35.0, η2=0.02, inner_steps=3, epochs=1, batches/epoch=188
[C2] eval model[0] mean=-0.001968 | edge mean=-0.001968
[C2] n=1000 | classes=[2, 5] | acc=0.0010 | per_class={2: '0.00', 5: '0.00'}
[C2] eval model[0] mean=-0.001910 | edge mean=-0.001968
[C2] n=1000 | classes=[2, 5] | acc=0.4930 | per_class={2: '0.00', 5: '1.00'}
  [Client  2] Round 1 | Hier-pFedMe(λ2=35.0, K=3) | loss=0.5948
  [Client  1] Starting Hier-pFedMe | λ2=35.0, η2=0.02, inner_steps=3, epochs=1, batches/epoch=188
[C1] eval model[0] mean=-0.001968 | edge mean=-0.001968
[C1] n=1000 | classes=[3, 6] | acc=0.0260 | per_class={3: '0.05', 6: '0.00'}
[C1] eval model[0] mean=-0.001257 | edge mean=-0.001968
[C1] n=1000 | classes=[3, 6] | acc=0.5150 | per_class={3: '1.00', 6: '0.00'}
  [Client  1] Round 1 | Hier-pFedMe(λ2=35.0, K=3) | loss=0.9275
  [Client  4] Starting Hier-pFedMe | λ2=35.0, η2=0.02, inner_steps=3, epochs=1, batches/epoch=188
[C4] eval model[0] mean=-0.001968 | edge mean=-0.001968
[C4] n=1000 | classes=[2, 7] | acc=0.0290 | per_class={2: '0.00', 7: '0.06'}
[C4] eval model[0] mean=-0.002013 | edge mean=-0.001968
[C4] n=1000 | classes=[2, 7] | acc=0.5070 | per_class={2: '1.00', 7: '0.00'}
  [Client  4] Round 1 | Hier-pFedMe(λ2=35.0, K=3) | loss=1.0363
  [Edge 0] G1 | E4 | loss=0.7842
  [Edge 0] G1 | E5 | Hier-pFedMe | Selected 10/10
  [Client  8] Received edge weights.
[C8] Test set: samples=500, class_dist={4: 500}
  [Client  1] Received edge weights.
[C1] Test set: samples=1000, class_dist={3: 515, 6: 485}
  [Client  7] Received edge weights.
[C7] Test set: samples=1000, class_dist={3: 485, 5: 515}
  [Client  4] Received edge weights.
[C4] Test set: samples=1000, class_dist={2: 507, 7: 493}
  [Client  5] Received edge weights.
[C5] Test set: samples=1000, class_dist={2: 510, 4: 490}
  [Client  9] Received edge weights.
[C9] Test set: samples=500, class_dist={4: 500}
  [Client  3] Received edge weights.
[C3] Test set: samples=1000, class_dist={5: 506, 7: 494}
  [Client  0] Received edge weights.
[C0] Test set: samples=1000, class_dist={3: 511, 6: 489}
  [Client  6] Received edge weights.
[C6] Test set: samples=1000, class_dist={6: 493, 7: 507}
  [Client  2] Received edge weights.
[C2] Test set: samples=1000, class_dist={2: 507, 5: 493}
  [Client  8] Starting Hier-pFedMe | λ2=35.0, η2=0.02, inner_steps=3, epochs=1, batches/epoch=94
[C8] eval model[0] mean=-0.001869 | edge mean=-0.001869
[C8] n=500 | classes=[4] | acc=0.6800 | per_class={4: '0.68'}
[C8] eval model[0] mean=-0.002091 | edge mean=-0.001869
[C8] n=500 | classes=[4] | acc=1.0000 | per_class={4: '1.00'}
  [Client  8] Round 1 | Hier-pFedMe(λ2=35.0, K=3) | loss=0.1341
  [Client  1] Starting Hier-pFedMe | λ2=35.0, η2=0.02, inner_steps=3, epochs=1, batches/epoch=188
[C1] eval model[0] mean=-0.001869 | edge mean=-0.001869
[C1] n=1000 | classes=[3, 6] | acc=0.0470 | per_class={3: '0.09', 6: '0.00'}
[C1] eval model[0] mean=-0.001831 | edge mean=-0.001869
[C1] n=1000 | classes=[3, 6] | acc=0.4850 | per_class={3: '0.00', 6: '1.00'}
  [Client  1] Round 1 | Hier-pFedMe(λ2=35.0, K=3) | loss=0.9793
  [Client  7] Starting Hier-pFedMe | λ2=35.0, η2=0.02, inner_steps=3, epochs=1, batches/epoch=188
[C7] eval model[0] mean=-0.001869 | edge mean=-0.001869
[C7] n=1000 | classes=[3, 5] | acc=0.1110 | per_class={3: '0.10', 5: '0.12'}
[C7] eval model[0] mean=-0.001950 | edge mean=-0.001869
[C7] n=1000 | classes=[3, 5] | acc=0.4850 | per_class={3: '1.00', 5: '0.00'}
  [Client  7] Round 1 | Hier-pFedMe(λ2=35.0, K=3) | loss=0.8132
  [Client  4] Starting Hier-pFedMe | λ2=35.0, η2=0.02, inner_steps=3, epochs=1, batches/epoch=188
[C4] eval model[0] mean=-0.001869 | edge mean=-0.001869
[C4] n=1000 | classes=[2, 7] | acc=0.0650 | per_class={2: '0.00', 7: '0.13'}
[C4] eval model[0] mean=-0.002208 | edge mean=-0.001869
[C4] n=1000 | classes=[2, 7] | acc=0.4930 | per_class={2: '0.00', 7: '1.00'}
  [Client  4] Round 1 | Hier-pFedMe(λ2=35.0, K=3) | loss=1.2458
  [Client  5] Starting Hier-pFedMe | λ2=35.0, η2=0.02, inner_steps=3, epochs=1, batches/epoch=188
[C5] eval model[0] mean=-0.001869 | edge mean=-0.001869
[C5] n=1000 | classes=[2, 4] | acc=0.3390 | per_class={2: '0.00', 4: '0.69'}
[C5] eval model[0] mean=-0.001902 | edge mean=-0.001869
[C5] n=1000 | classes=[2, 4] | acc=0.4900 | per_class={2: '0.00', 4: '1.00'}
  [Client  5] Round 1 | Hier-pFedMe(λ2=35.0, K=3) | loss=0.8361
  [Client  9] Starting Hier-pFedMe | λ2=35.0, η2=0.02, inner_steps=3, epochs=1, batches/epoch=94
[C9] eval model[0] mean=-0.001869 | edge mean=-0.001869
[C9] n=500 | classes=[4] | acc=0.7140 | per_class={4: '0.71'}
[C9] eval model[0] mean=-0.002034 | edge mean=-0.001869
[C9] n=500 | classes=[4] | acc=1.0000 | per_class={4: '1.00'}
  [Client  9] Round 1 | Hier-pFedMe(λ2=35.0, K=3) | loss=0.0646
  [Client  3] Starting Hier-pFedMe | λ2=35.0, η2=0.02, inner_steps=3, epochs=1, batches/epoch=188
[C3] eval model[0] mean=-0.001869 | edge mean=-0.001869
[C3] n=1000 | classes=[5, 7] | acc=0.1210 | per_class={5: '0.13', 7: '0.11'}
[C3] eval model[0] mean=-0.001990 | edge mean=-0.001869
[C3] n=1000 | classes=[5, 7] | acc=0.5060 | per_class={5: '1.00', 7: '0.00'}
  [Client  3] Round 1 | Hier-pFedMe(λ2=35.0, K=3) | loss=1.0446
  [Client  0] Starting Hier-pFedMe | λ2=35.0, η2=0.02, inner_steps=3, epochs=1, batches/epoch=188
[C0] eval model[0] mean=-0.001869 | edge mean=-0.001869
[C0] n=1000 | classes=[3, 6] | acc=0.0510 | per_class={3: '0.10', 6: '0.00'}
[C0] eval model[0] mean=-0.001505 | edge mean=-0.001869
[C0] n=1000 | classes=[3, 6] | acc=0.5110 | per_class={3: '1.00', 6: '0.00'}
  [Client  0] Round 1 | Hier-pFedMe(λ2=35.0, K=3) | loss=0.9226
  [Client  6] Starting Hier-pFedMe | λ2=35.0, η2=0.02, inner_steps=3, epochs=1, batches/epoch=188
[C6] eval model[0] mean=-0.001869 | edge mean=-0.001869
[C6] n=1000 | classes=[6, 7] | acc=0.0670 | per_class={6: '0.00', 7: '0.13'}
[C6] eval model[0] mean=-0.001901 | edge mean=-0.001869
[C6] n=1000 | classes=[6, 7] | acc=0.5070 | per_class={6: '0.00', 7: '1.00'}
  [Client  6] Round 1 | Hier-pFedMe(λ2=35.0, K=3) | loss=0.9194
  [Client  2] Starting Hier-pFedMe | λ2=35.0, η2=0.02, inner_steps=3, epochs=1, batches/epoch=188
[C2] eval model[0] mean=-0.001869 | edge mean=-0.001869
[C2] n=1000 | classes=[2, 5] | acc=0.0600 | per_class={2: '0.01', 5: '0.11'}
[C2] eval model[0] mean=-0.002173 | edge mean=-0.001869
[C2] n=1000 | classes=[2, 5] | acc=0.5840 | per_class={2: '0.71', 5: '0.46'}
  [Client  2] Round 1 | Hier-pFedMe(λ2=35.0, K=3) | loss=1.0576
  [Edge 0] G1 | E5 | loss=0.8798
  [Edge 1] G1 | E1 | Hier-pFedMe | Selected 10/10
  [Client 10] Received edge weights.
[C10] Test set: samples=600, class_dist={8: 292, 9: 308}
  [Client 19] Received edge weights.
[C19] Test set: samples=600, class_dist={0: 286, 9: 314}
  [Client 13] Received edge weights.
[C13] Test set: samples=600, class_dist={0: 311, 8: 289}
  [Client 17] Received edge weights.
[C17] Test set: samples=600, class_dist={1: 289, 9: 311}
  [Client 12] Received edge weights.
[C12] Test set: samples=600, class_dist={1: 308, 8: 292}
  [Client 14] Received edge weights.
[C14] Test set: samples=600, class_dist={0: 307, 9: 293}
  [Client 15] Received edge weights.
[C15] Test set: samples=600, class_dist={0: 305, 8: 295}
  [Client 11] Received edge weights.
[C11] Test set: samples=600, class_dist={0: 300, 1: 300}
  [Client 16] Received edge weights.
[C16] Test set: samples=600, class_dist={1: 291, 8: 309}
  [Client 18] Received edge weights.
[C18] Test set: samples=600, class_dist={1: 314, 9: 286}
  [Client 10] Starting Hier-pFedMe | λ2=35.0, η2=0.02, inner_steps=3, epochs=1, batches/epoch=113
[C10] eval model[0] mean=-0.001829 | edge mean=-0.001829
[C10] n=600 | classes=[8, 9] | acc=0.4367 | per_class={8: '0.90', 9: '0.00'}
[C10] eval model[0] mean=-0.001840 | edge mean=-0.001829
[C10] n=600 | classes=[8, 9] | acc=0.5967 | per_class={8: '0.75', 9: '0.45'}
  [Client 10] Round 1 | Hier-pFedMe(λ2=35.0, K=3) | loss=0.9117
  [Client 19] Starting Hier-pFedMe | λ2=35.0, η2=0.02, inner_steps=3, epochs=1, batches/epoch=113
[C19] eval model[0] mean=-0.001829 | edge mean=-0.001829
[C19] n=600 | classes=[0, 9] | acc=0.0133 | per_class={0: '0.03', 9: '0.00'}
[C19] eval model[0] mean=-0.001779 | edge mean=-0.001829
[C19] n=600 | classes=[0, 9] | acc=0.6550 | per_class={0: '0.30', 9: '0.98'}
  [Client 19] Round 1 | Hier-pFedMe(λ2=35.0, K=3) | loss=0.9088
  [Client 13] Starting Hier-pFedMe | λ2=35.0, η2=0.02, inner_steps=3, epochs=1, batches/epoch=113
[C13] eval model[0] mean=-0.001829 | edge mean=-0.001829
[C13] n=600 | classes=[0, 8] | acc=0.4483 | per_class={0: '0.03', 8: '0.90'}
[C13] eval model[0] mean=-0.001691 | edge mean=-0.001829
[C13] n=600 | classes=[0, 8] | acc=0.4900 | per_class={0: '0.05', 8: '0.97'}
  [Client 13] Round 1 | Hier-pFedMe(λ2=35.0, K=3) | loss=0.8199
  [Client 17] Starting Hier-pFedMe | λ2=35.0, η2=0.02, inner_steps=3, epochs=1, batches/epoch=113
[C17] eval model[0] mean=-0.001829 | edge mean=-0.001829
[C17] n=600 | classes=[1, 9] | acc=0.0017 | per_class={1: '0.00', 9: '0.00'}
[C17] eval model[0] mean=-0.001928 | edge mean=-0.001829
[C17] n=600 | classes=[1, 9] | acc=0.5067 | per_class={1: '0.82', 9: '0.21'}
  [Client 17] Round 1 | Hier-pFedMe(λ2=35.0, K=3) | loss=0.9367
  [Client 12] Starting Hier-pFedMe | λ2=35.0, η2=0.02, inner_steps=3, epochs=1, batches/epoch=113
[C12] eval model[0] mean=-0.001829 | edge mean=-0.001829
[C12] n=600 | classes=[1, 8] | acc=0.4433 | per_class={1: '0.00', 8: '0.91'}
[C12] eval model[0] mean=-0.001860 | edge mean=-0.001829
[C12] n=600 | classes=[1, 8] | acc=0.6533 | per_class={1: '0.70', 8: '0.60'}
  [Client 12] Round 1 | Hier-pFedMe(λ2=35.0, K=3) | loss=0.6766
  [Client 14] Starting Hier-pFedMe | λ2=35.0, η2=0.02, inner_steps=3, epochs=1, batches/epoch=113
[C14] eval model[0] mean=-0.001829 | edge mean=-0.001829
[C14] n=600 | classes=[0, 9] | acc=0.0100 | per_class={0: '0.02', 9: '0.00'}
[C14] eval model[0] mean=-0.001978 | edge mean=-0.001829
[C14] n=600 | classes=[0, 9] | acc=0.5417 | per_class={0: '0.95', 9: '0.11'}
  [Client 14] Round 1 | Hier-pFedMe(λ2=35.0, K=3) | loss=0.7340
  [Client 15] Starting Hier-pFedMe | λ2=35.0, η2=0.02, inner_steps=3, epochs=1, batches/epoch=113
[C15] eval model[0] mean=-0.001829 | edge mean=-0.001829
[C15] n=600 | classes=[0, 8] | acc=0.4400 | per_class={0: '0.02', 8: '0.87'}
[C15] eval model[0] mean=-0.002074 | edge mean=-0.001829
[C15] n=600 | classes=[0, 8] | acc=0.4917 | per_class={0: '0.00', 8: '1.00'}
  [Client 15] Round 1 | Hier-pFedMe(λ2=35.0, K=3) | loss=1.1667
  [Client 11] Starting Hier-pFedMe | λ2=35.0, η2=0.02, inner_steps=3, epochs=1, batches/epoch=113
[C11] eval model[0] mean=-0.001829 | edge mean=-0.001829
[C11] n=600 | classes=[0, 1] | acc=0.0133 | per_class={0: '0.03', 1: '0.00'}
[C11] eval model[0] mean=-0.001711 | edge mean=-0.001829
[C11] n=600 | classes=[0, 1] | acc=0.5350 | per_class={0: '0.08', 1: '0.99'}
  [Client 11] Round 1 | Hier-pFedMe(λ2=35.0, K=3) | loss=0.7687
  [Client 16] Starting Hier-pFedMe | λ2=35.0, η2=0.02, inner_steps=3, epochs=1, batches/epoch=113
[C16] eval model[0] mean=-0.001829 | edge mean=-0.001829
[C16] n=600 | classes=[1, 8] | acc=0.4500 | per_class={1: '0.00', 8: '0.87'}
[C16] eval model[0] mean=-0.001800 | edge mean=-0.001829
[C16] n=600 | classes=[1, 8] | acc=0.5183 | per_class={1: '0.07', 8: '0.94'}
  [Client 16] Round 1 | Hier-pFedMe(λ2=35.0, K=3) | loss=0.6843
  [Client 18] Starting Hier-pFedMe | λ2=35.0, η2=0.02, inner_steps=3, epochs=1, batches/epoch=113
[C18] eval model[0] mean=-0.001829 | edge mean=-0.001829
[C18] n=600 | classes=[1, 9] | acc=0.0000 | per_class={1: '0.00', 9: '0.00'}
[C18] eval model[0] mean=-0.001693 | edge mean=-0.001829
[C18] n=600 | classes=[1, 9] | acc=0.4767 | per_class={1: '0.00', 9: '1.00'}
  [Client 18] Round 1 | Hier-pFedMe(λ2=35.0, K=3) | loss=1.1301
  [Edge 1] G1 | E1 | loss=0.8738
  [Edge 1] G1 | E2 | Hier-pFedMe | Selected 10/10
  [Client 11] Received edge weights.
[C11] Test set: samples=600, class_dist={0: 300, 1: 300}
  [Client 15] Received edge weights.
[C15] Test set: samples=600, class_dist={0: 305, 8: 295}
  [Client 19] Received edge weights.
[C19] Test set: samples=600, class_dist={0: 286, 9: 314}
  [Client 16] Received edge weights.
[C16] Test set: samples=600, class_dist={1: 291, 8: 309}
  [Client 18] Received edge weights.
[C18] Test set: samples=600, class_dist={1: 314, 9: 286}
  [Client 14] Received edge weights.
[C14] Test set: samples=600, class_dist={0: 307, 9: 293}
  [Client 17] Received edge weights.
[C17] Test set: samples=600, class_dist={1: 289, 9: 311}
  [Client 12] Received edge weights.
[C12] Test set: samples=600, class_dist={1: 308, 8: 292}
  [Client 13] Received edge weights.
[C13] Test set: samples=600, class_dist={0: 311, 8: 289}
  [Client 10] Received edge weights.
[C10] Test set: samples=600, class_dist={8: 292, 9: 308}
  [Client 11] Starting Hier-pFedMe | λ2=35.0, η2=0.02, inner_steps=3, epochs=1, batches/epoch=113
[C11] eval model[0] mean=-0.001834 | edge mean=-0.001834
[C11] n=600 | classes=[0, 1] | acc=0.0617 | per_class={0: '0.10', 1: '0.02'}
[C11] eval model[0] mean=-0.002164 | edge mean=-0.001834
[C11] n=600 | classes=[0, 1] | acc=0.5000 | per_class={0: '0.00', 1: '1.00'}
  [Client 11] Round 1 | Hier-pFedMe(λ2=35.0, K=3) | loss=1.1620
  [Client 15] Starting Hier-pFedMe | λ2=35.0, η2=0.02, inner_steps=3, epochs=1, batches/epoch=113
[C15] eval model[0] mean=-0.001834 | edge mean=-0.001834
[C15] n=600 | classes=[0, 8] | acc=0.4767 | per_class={0: '0.09', 8: '0.88'}
[C15] eval model[0] mean=-0.002254 | edge mean=-0.001834
[C15] n=600 | classes=[0, 8] | acc=0.6667 | per_class={0: '0.70', 8: '0.63'}
  [Client 15] Round 1 | Hier-pFedMe(λ2=35.0, K=3) | loss=1.4009
  [Client 19] Starting Hier-pFedMe | λ2=35.0, η2=0.02, inner_steps=3, epochs=1, batches/epoch=113
[C19] eval model[0] mean=-0.001834 | edge mean=-0.001834
[C19] n=600 | classes=[0, 9] | acc=0.0350 | per_class={0: '0.07', 9: '0.00'}
[C19] eval model[0] mean=-0.002093 | edge mean=-0.001834
[C19] n=600 | classes=[0, 9] | acc=0.7300 | per_class={0: '0.52', 9: '0.92'}
  [Client 19] Round 1 | Hier-pFedMe(λ2=35.0, K=3) | loss=0.7214
  [Client 16] Starting Hier-pFedMe | λ2=35.0, η2=0.02, inner_steps=3, epochs=1, batches/epoch=113
[C16] eval model[0] mean=-0.001834 | edge mean=-0.001834
[C16] n=600 | classes=[1, 8] | acc=0.4383 | per_class={1: '0.00', 8: '0.85'}
[C16] eval model[0] mean=-0.001578 | edge mean=-0.001834
[C16] n=600 | classes=[1, 8] | acc=0.5150 | per_class={1: '0.00', 8: '1.00'}
  [Client 16] Round 1 | Hier-pFedMe(λ2=35.0, K=3) | loss=1.0528
  [Client 18] Starting Hier-pFedMe | λ2=35.0, η2=0.02, inner_steps=3, epochs=1, batches/epoch=113
[C18] eval model[0] mean=-0.001834 | edge mean=-0.001834
[C18] n=600 | classes=[1, 9] | acc=0.0167 | per_class={1: '0.00', 9: '0.03'}
[C18] eval model[0] mean=-0.001778 | edge mean=-0.001834
[C18] n=600 | classes=[1, 9] | acc=0.4767 | per_class={1: '0.00', 9: '1.00'}
  [Client 18] Round 1 | Hier-pFedMe(λ2=35.0, K=3) | loss=1.6772
  [Client 14] Starting Hier-pFedMe | λ2=35.0, η2=0.02, inner_steps=3, epochs=1, batches/epoch=113
[C14] eval model[0] mean=-0.001834 | edge mean=-0.001834
[C14] n=600 | classes=[0, 9] | acc=0.0517 | per_class={0: '0.09', 9: '0.01'}
[C14] eval model[0] mean=-0.001735 | edge mean=-0.001834
[C14] n=600 | classes=[0, 9] | acc=0.5433 | per_class={0: '0.82', 9: '0.26'}
  [Client 14] Round 1 | Hier-pFedMe(λ2=35.0, K=3) | loss=0.8622
  [Client 17] Starting Hier-pFedMe | λ2=35.0, η2=0.02, inner_steps=3, epochs=1, batches/epoch=113
[C17] eval model[0] mean=-0.001834 | edge mean=-0.001834
[C17] n=600 | classes=[1, 9] | acc=0.0117 | per_class={1: '0.01', 9: '0.01'}
[C17] eval model[0] mean=-0.002000 | edge mean=-0.001834
[C17] n=600 | classes=[1, 9] | acc=0.5183 | per_class={1: '0.00', 9: '1.00'}
  [Client 17] Round 1 | Hier-pFedMe(λ2=35.0, K=3) | loss=0.7416
  [Client 12] Starting Hier-pFedMe | λ2=35.0, η2=0.02, inner_steps=3, epochs=1, batches/epoch=113
[C12] eval model[0] mean=-0.001834 | edge mean=-0.001834
[C12] n=600 | classes=[1, 8] | acc=0.4517 | per_class={1: '0.00', 8: '0.92'}
[C12] eval model[0] mean=-0.001430 | edge mean=-0.001834
[C12] n=600 | classes=[1, 8] | acc=0.5550 | per_class={1: '0.20', 8: '0.93'}
  [Client 12] Round 1 | Hier-pFedMe(λ2=35.0, K=3) | loss=0.6919
  [Client 13] Starting Hier-pFedMe | λ2=35.0, η2=0.02, inner_steps=3, epochs=1, batches/epoch=113
[C13] eval model[0] mean=-0.001834 | edge mean=-0.001834
[C13] n=600 | classes=[0, 8] | acc=0.4817 | per_class={0: '0.09', 8: '0.90'}
[C13] eval model[0] mean=-0.002213 | edge mean=-0.001834
[C13] n=600 | classes=[0, 8] | acc=0.4833 | per_class={0: '0.00', 8: '1.00'}
  [Client 13] Round 1 | Hier-pFedMe(λ2=35.0, K=3) | loss=1.2373
  [Client 10] Starting Hier-pFedMe | λ2=35.0, η2=0.02, inner_steps=3, epochs=1, batches/epoch=113
[C10] eval model[0] mean=-0.001834 | edge mean=-0.001834
[C10] n=600 | classes=[8, 9] | acc=0.4367 | per_class={8: '0.87', 9: '0.02'}
[C10] eval model[0] mean=-0.001520 | edge mean=-0.001834
[C10] n=600 | classes=[8, 9] | acc=0.5550 | per_class={8: '0.13', 9: '0.96'}
  [Client 10] Round 1 | Hier-pFedMe(λ2=35.0, K=3) | loss=0.6343
  [Edge 1] G1 | E2 | loss=1.0182
  [Edge 1] G1 | E3 | Hier-pFedMe | Selected 10/10
  [Client 10] Received edge weights.
[C10] Test set: samples=600, class_dist={8: 292, 9: 308}
  [Client 14] Received edge weights.
[C14] Test set: samples=600, class_dist={0: 307, 9: 293}
  [Client 15] Received edge weights.
[C15] Test set: samples=600, class_dist={0: 305, 8: 295}
  [Client 12] Received edge weights.
[C12] Test set: samples=600, class_dist={1: 308, 8: 292}
  [Client 18] Received edge weights.
[C18] Test set: samples=600, class_dist={1: 314, 9: 286}
  [Client 11] Received edge weights.
[C11] Test set: samples=600, class_dist={0: 300, 1: 300}
  [Client 16] Received edge weights.
[C16] Test set: samples=600, class_dist={1: 291, 8: 309}
  [Client 13] Received edge weights.
[C13] Test set: samples=600, class_dist={0: 311, 8: 289}
  [Client 17] Received edge weights.
[C17] Test set: samples=600, class_dist={1: 289, 9: 311}
  [Client 19] Received edge weights.
[C19] Test set: samples=600, class_dist={0: 286, 9: 314}
  [Client 10] Starting Hier-pFedMe | λ2=35.0, η2=0.02, inner_steps=3, epochs=1, batches/epoch=113
[C10] eval model[0] mean=-0.001863 | edge mean=-0.001863
[C10] n=600 | classes=[8, 9] | acc=0.4633 | per_class={8: '0.63', 9: '0.30'}
[C10] eval model[0] mean=-0.001880 | edge mean=-0.001863
[C10] n=600 | classes=[8, 9] | acc=0.4867 | per_class={8: '1.00', 9: '0.00'}
  [Client 10] Round 1 | Hier-pFedMe(λ2=35.0, K=3) | loss=0.8557
  [Client 14] Starting Hier-pFedMe | λ2=35.0, η2=0.02, inner_steps=3, epochs=1, batches/epoch=113
[C14] eval model[0] mean=-0.001863 | edge mean=-0.001863
[C14] n=600 | classes=[0, 9] | acc=0.2700 | per_class={0: '0.25', 9: '0.29'}
[C14] eval model[0] mean=-0.001692 | edge mean=-0.001863
[C14] n=600 | classes=[0, 9] | acc=0.4883 | per_class={0: '0.00', 9: '1.00'}
  [Client 14] Round 1 | Hier-pFedMe(λ2=35.0, K=3) | loss=0.9685
  [Client 15] Starting Hier-pFedMe | λ2=35.0, η2=0.02, inner_steps=3, epochs=1, batches/epoch=113
[C15] eval model[0] mean=-0.001863 | edge mean=-0.001863
[C15] n=600 | classes=[0, 8] | acc=0.4417 | per_class={0: '0.24', 8: '0.65'}
[C15] eval model[0] mean=-0.001643 | edge mean=-0.001863
[C15] n=600 | classes=[0, 8] | acc=0.4917 | per_class={0: '0.00', 8: '1.00'}
  [Client 15] Round 1 | Hier-pFedMe(λ2=35.0, K=3) | loss=0.8696
  [Client 12] Starting Hier-pFedMe | λ2=35.0, η2=0.02, inner_steps=3, epochs=1, batches/epoch=113
[C12] eval model[0] mean=-0.001863 | edge mean=-0.001863
[C12] n=600 | classes=[1, 8] | acc=0.3350 | per_class={1: '0.02', 8: '0.67'}
[C12] eval model[0] mean=-0.001433 | edge mean=-0.001863
[C12] n=600 | classes=[1, 8] | acc=0.5367 | per_class={1: '0.14', 8: '0.96'}
  [Client 12] Round 1 | Hier-pFedMe(λ2=35.0, K=3) | loss=0.6982
  [Client 18] Starting Hier-pFedMe | λ2=35.0, η2=0.02, inner_steps=3, epochs=1, batches/epoch=113
[C18] eval model[0] mean=-0.001863 | edge mean=-0.001863
[C18] n=600 | classes=[1, 9] | acc=0.1533 | per_class={1: '0.02', 9: '0.30'}
[C18] eval model[0] mean=-0.002227 | edge mean=-0.001863
[C18] n=600 | classes=[1, 9] | acc=0.5417 | per_class={1: '0.99', 9: '0.05'}
  [Client 18] Round 1 | Hier-pFedMe(λ2=35.0, K=3) | loss=1.0678
  [Client 11] Starting Hier-pFedMe | λ2=35.0, η2=0.02, inner_steps=3, epochs=1, batches/epoch=113
[C11] eval model[0] mean=-0.001863 | edge mean=-0.001863
[C11] n=600 | classes=[0, 1] | acc=0.1250 | per_class={0: '0.22', 1: '0.03'}
[C11] eval model[0] mean=-0.002388 | edge mean=-0.001863
[C11] n=600 | classes=[0, 1] | acc=0.5500 | per_class={0: '0.92', 1: '0.18'}
  [Client 11] Round 1 | Hier-pFedMe(λ2=35.0, K=3) | loss=0.8269
  [Client 16] Starting Hier-pFedMe | λ2=35.0, η2=0.02, inner_steps=3, epochs=1, batches/epoch=113
[C16] eval model[0] mean=-0.001863 | edge mean=-0.001863
[C16] n=600 | classes=[1, 8] | acc=0.3483 | per_class={1: '0.03', 8: '0.64'}
[C16] eval model[0] mean=-0.001308 | edge mean=-0.001863
[C16] n=600 | classes=[1, 8] | acc=0.4850 | per_class={1: '1.00', 8: '0.00'}
  [Client 16] Round 1 | Hier-pFedMe(λ2=35.0, K=3) | loss=0.7323
  [Client 13] Starting Hier-pFedMe | λ2=35.0, η2=0.02, inner_steps=3, epochs=1, batches/epoch=113
[C13] eval model[0] mean=-0.001863 | edge mean=-0.001863
[C13] n=600 | classes=[0, 8] | acc=0.4383 | per_class={0: '0.23', 8: '0.66'}
[C13] eval model[0] mean=-0.002044 | edge mean=-0.001863
[C13] n=600 | classes=[0, 8] | acc=0.5483 | per_class={0: '0.95', 8: '0.12'}
  [Client 13] Round 1 | Hier-pFedMe(λ2=35.0, K=3) | loss=0.7377
  [Client 17] Starting Hier-pFedMe | λ2=35.0, η2=0.02, inner_steps=3, epochs=1, batches/epoch=113
[C17] eval model[0] mean=-0.001863 | edge mean=-0.001863
[C17] n=600 | classes=[1, 9] | acc=0.1733 | per_class={1: '0.02', 9: '0.32'}
[C17] eval model[0] mean=-0.002044 | edge mean=-0.001863
[C17] n=600 | classes=[1, 9] | acc=0.4817 | per_class={1: '1.00', 9: '0.00'}
  [Client 17] Round 1 | Hier-pFedMe(λ2=35.0, K=3) | loss=1.3388
  [Client 19] Starting Hier-pFedMe | λ2=35.0, η2=0.02, inner_steps=3, epochs=1, batches/epoch=113
[C19] eval model[0] mean=-0.001863 | edge mean=-0.001863
[C19] n=600 | classes=[0, 9] | acc=0.2517 | per_class={0: '0.22', 9: '0.28'}
[C19] eval model[0] mean=-0.002235 | edge mean=-0.001863
[C19] n=600 | classes=[0, 9] | acc=0.5233 | per_class={0: '0.00', 9: '1.00'}
  [Client 19] Round 1 | Hier-pFedMe(λ2=35.0, K=3) | loss=0.8415
  [Edge 1] G1 | E3 | loss=0.8937
  [Edge 1] G1 | E4 | Hier-pFedMe | Selected 10/10
  [Client 12] Received edge weights.
[C12] Test set: samples=600, class_dist={1: 308, 8: 292}
  [Client 18] Received edge weights.
[C18] Test set: samples=600, class_dist={1: 314, 9: 286}
  [Client 14] Received edge weights.
[C14] Test set: samples=600, class_dist={0: 307, 9: 293}
  [Client 15] Received edge weights.
[C15] Test set: samples=600, class_dist={0: 305, 8: 295}
  [Client 10] Received edge weights.
[C10] Test set: samples=600, class_dist={8: 292, 9: 308}
  [Client 13] Received edge weights.
[C13] Test set: samples=600, class_dist={0: 311, 8: 289}
  [Client 11] Received edge weights.
[C11] Test set: samples=600, class_dist={0: 300, 1: 300}
  [Client 16] Received edge weights.
[C16] Test set: samples=600, class_dist={1: 291, 8: 309}
  [Client 19] Received edge weights.
[C19] Test set: samples=600, class_dist={0: 286, 9: 314}
  [Client 17] Received edge weights.
[C17] Test set: samples=600, class_dist={1: 289, 9: 311}
  [Client 12] Starting Hier-pFedMe | λ2=35.0, η2=0.02, inner_steps=3, epochs=1, batches/epoch=113
[C12] eval model[0] mean=-0.001875 | edge mean=-0.001875
[C12] n=600 | classes=[1, 8] | acc=0.4250 | per_class={1: '0.22', 8: '0.64'}
[C12] eval model[0] mean=-0.001710 | edge mean=-0.001875
[C12] n=600 | classes=[1, 8] | acc=0.6617 | per_class={1: '0.62', 8: '0.71'}
  [Client 12] Round 1 | Hier-pFedMe(λ2=35.0, K=3) | loss=1.0200
  [Client 18] Starting Hier-pFedMe | λ2=35.0, η2=0.02, inner_steps=3, epochs=1, batches/epoch=113
[C18] eval model[0] mean=-0.001875 | edge mean=-0.001875
[C18] n=600 | classes=[1, 9] | acc=0.3067 | per_class={1: '0.25', 9: '0.37'}
[C18] eval model[0] mean=-0.001938 | edge mean=-0.001875
[C18] n=600 | classes=[1, 9] | acc=0.5233 | per_class={1: '1.00', 9: '0.00'}
  [Client 18] Round 1 | Hier-pFedMe(λ2=35.0, K=3) | loss=1.5801
  [Client 14] Starting Hier-pFedMe | λ2=35.0, η2=0.02, inner_steps=3, epochs=1, batches/epoch=113
[C14] eval model[0] mean=-0.001875 | edge mean=-0.001875
[C14] n=600 | classes=[0, 9] | acc=0.2350 | per_class={0: '0.12', 9: '0.35'}
[C14] eval model[0] mean=-0.001935 | edge mean=-0.001875
[C14] n=600 | classes=[0, 9] | acc=0.5133 | per_class={0: '1.00', 9: '0.01'}
  [Client 14] Round 1 | Hier-pFedMe(λ2=35.0, K=3) | loss=0.6775
  [Client 15] Starting Hier-pFedMe | λ2=35.0, η2=0.02, inner_steps=3, epochs=1, batches/epoch=113
[C15] eval model[0] mean=-0.001875 | edge mean=-0.001875
[C15] n=600 | classes=[0, 8] | acc=0.3817 | per_class={0: '0.14', 8: '0.63'}
[C15] eval model[0] mean=-0.002377 | edge mean=-0.001875
[C15] n=600 | classes=[0, 8] | acc=0.5200 | per_class={0: '0.99', 8: '0.03'}
  [Client 15] Round 1 | Hier-pFedMe(λ2=35.0, K=3) | loss=0.8782
  [Client 10] Starting Hier-pFedMe | λ2=35.0, η2=0.02, inner_steps=3, epochs=1, batches/epoch=113
[C10] eval model[0] mean=-0.001875 | edge mean=-0.001875
[C10] n=600 | classes=[8, 9] | acc=0.4900 | per_class={8: '0.62', 9: '0.37'}
[C10] eval model[0] mean=-0.001592 | edge mean=-0.001875
[C10] n=600 | classes=[8, 9] | acc=0.5317 | per_class={8: '0.89', 9: '0.19'}
  [Client 10] Round 1 | Hier-pFedMe(λ2=35.0, K=3) | loss=0.8090
  [Client 13] Starting Hier-pFedMe | λ2=35.0, η2=0.02, inner_steps=3, epochs=1, batches/epoch=113
[C13] eval model[0] mean=-0.001875 | edge mean=-0.001875
[C13] n=600 | classes=[0, 8] | acc=0.3600 | per_class={0: '0.13', 8: '0.61'}
[C13] eval model[0] mean=-0.002244 | edge mean=-0.001875
[C13] n=600 | classes=[0, 8] | acc=0.5600 | per_class={0: '0.82', 8: '0.28'}
  [Client 13] Round 1 | Hier-pFedMe(λ2=35.0, K=3) | loss=1.2822
  [Client 11] Starting Hier-pFedMe | λ2=35.0, η2=0.02, inner_steps=3, epochs=1, batches/epoch=113
[C11] eval model[0] mean=-0.001875 | edge mean=-0.001875
[C11] n=600 | classes=[0, 1] | acc=0.1933 | per_class={0: '0.12', 1: '0.26'}
[C11] eval model[0] mean=-0.001482 | edge mean=-0.001875
[C11] n=600 | classes=[0, 1] | acc=0.6867 | per_class={0: '0.50', 1: '0.87'}
  [Client 11] Round 1 | Hier-pFedMe(λ2=35.0, K=3) | loss=1.4293
  [Client 16] Starting Hier-pFedMe | λ2=35.0, η2=0.02, inner_steps=3, epochs=1, batches/epoch=113
[C16] eval model[0] mean=-0.001875 | edge mean=-0.001875
[C16] n=600 | classes=[1, 8] | acc=0.4383 | per_class={1: '0.26', 8: '0.60'}
[C16] eval model[0] mean=-0.001192 | edge mean=-0.001875
[C16] n=600 | classes=[1, 8] | acc=0.5150 | per_class={1: '0.00', 8: '1.00'}
  [Client 16] Round 1 | Hier-pFedMe(λ2=35.0, K=3) | loss=1.9231
  [Client 19] Starting Hier-pFedMe | λ2=35.0, η2=0.02, inner_steps=3, epochs=1, batches/epoch=113
[C19] eval model[0] mean=-0.001875 | edge mean=-0.001875
[C19] n=600 | classes=[0, 9] | acc=0.2400 | per_class={0: '0.12', 9: '0.35'}
[C19] eval model[0] mean=-0.002067 | edge mean=-0.001875
[C19] n=600 | classes=[0, 9] | acc=0.5250 | per_class={0: '0.00', 9: '1.00'}
  [Client 19] Round 1 | Hier-pFedMe(λ2=35.0, K=3) | loss=0.7129
  [Client 17] Starting Hier-pFedMe | λ2=35.0, η2=0.02, inner_steps=3, epochs=1, batches/epoch=113
[C17] eval model[0] mean=-0.001875 | edge mean=-0.001875
[C17] n=600 | classes=[1, 9] | acc=0.2867 | per_class={1: '0.24', 9: '0.33'}
[C17] eval model[0] mean=-0.002047 | edge mean=-0.001875
[C17] n=600 | classes=[1, 9] | acc=0.5183 | per_class={1: '0.00', 9: '1.00'}
  [Client 17] Round 1 | Hier-pFedMe(λ2=35.0, K=3) | loss=1.7874
  [Edge 1] G1 | E4 | loss=1.2100
  [Edge 1] G1 | E5 | Hier-pFedMe | Selected 10/10
  [Client 13] Received edge weights.
[C13] Test set: samples=600, class_dist={0: 311, 8: 289}
  [Client 16] Received edge weights.
[C16] Test set: samples=600, class_dist={1: 291, 8: 309}
  [Client 18] Received edge weights.
[C18] Test set: samples=600, class_dist={1: 314, 9: 286}
  [Client 19] Received edge weights.
[C19] Test set: samples=600, class_dist={0: 286, 9: 314}
  [Client 17] Received edge weights.
[C17] Test set: samples=600, class_dist={1: 289, 9: 311}
  [Client 15] Received edge weights.
[C15] Test set: samples=600, class_dist={0: 305, 8: 295}
  [Client 12] Received edge weights.
[C12] Test set: samples=600, class_dist={1: 308, 8: 292}
  [Client 14] Received edge weights.
[C14] Test set: samples=600, class_dist={0: 307, 9: 293}
  [Client 11] Received edge weights.
[C11] Test set: samples=600, class_dist={0: 300, 1: 300}
  [Client 10] Received edge weights.
[C10] Test set: samples=600, class_dist={8: 292, 9: 308}
  [Client 13] Starting Hier-pFedMe | λ2=35.0, η2=0.02, inner_steps=3, epochs=1, batches/epoch=113
[C13] eval model[0] mean=-0.001859 | edge mean=-0.001859
[C13] n=600 | classes=[0, 8] | acc=0.4267 | per_class={0: '0.29', 8: '0.58'}
[C13] eval model[0] mean=-0.001945 | edge mean=-0.001859
[C13] n=600 | classes=[0, 8] | acc=0.4817 | per_class={0: '0.02', 8: '0.98'}
  [Client 13] Round 1 | Hier-pFedMe(λ2=35.0, K=3) | loss=0.9194
  [Client 16] Starting Hier-pFedMe | λ2=35.0, η2=0.02, inner_steps=3, epochs=1, batches/epoch=113
[C16] eval model[0] mean=-0.001859 | edge mean=-0.001859
[C16] n=600 | classes=[1, 8] | acc=0.4233 | per_class={1: '0.26', 8: '0.58'}
[C16] eval model[0] mean=-0.001994 | edge mean=-0.001859
[C16] n=600 | classes=[1, 8] | acc=0.5450 | per_class={1: '0.99', 8: '0.13'}
  [Client 16] Round 1 | Hier-pFedMe(λ2=35.0, K=3) | loss=1.1226
  [Client 18] Starting Hier-pFedMe | λ2=35.0, η2=0.02, inner_steps=3, epochs=1, batches/epoch=113
[C18] eval model[0] mean=-0.001859 | edge mean=-0.001859
[C18] n=600 | classes=[1, 9] | acc=0.2817 | per_class={1: '0.24', 9: '0.33'}
[C18] eval model[0] mean=-0.002017 | edge mean=-0.001859
[C18] n=600 | classes=[1, 9] | acc=0.4950 | per_class={1: '0.04', 9: '0.99'}
  [Client 18] Round 1 | Hier-pFedMe(λ2=35.0, K=3) | loss=1.1933
  [Client 19] Starting Hier-pFedMe | λ2=35.0, η2=0.02, inner_steps=3, epochs=1, batches/epoch=113
[C19] eval model[0] mean=-0.001859 | edge mean=-0.001859
[C19] n=600 | classes=[0, 9] | acc=0.3067 | per_class={0: '0.28', 9: '0.33'}
[C19] eval model[0] mean=-0.002031 | edge mean=-0.001859
[C19] n=600 | classes=[0, 9] | acc=0.6300 | per_class={0: '0.80', 9: '0.47'}
  [Client 19] Round 1 | Hier-pFedMe(λ2=35.0, K=3) | loss=0.9317
  [Client 17] Starting Hier-pFedMe | λ2=35.0, η2=0.02, inner_steps=3, epochs=1, batches/epoch=113
[C17] eval model[0] mean=-0.001859 | edge mean=-0.001859
[C17] n=600 | classes=[1, 9] | acc=0.2683 | per_class={1: '0.21', 9: '0.32'}
[C17] eval model[0] mean=-0.002045 | edge mean=-0.001859
[C17] n=600 | classes=[1, 9] | acc=0.4967 | per_class={1: '0.97', 9: '0.06'}
  [Client 17] Round 1 | Hier-pFedMe(λ2=35.0, K=3) | loss=0.9544
  [Client 15] Starting Hier-pFedMe | λ2=35.0, η2=0.02, inner_steps=3, epochs=1, batches/epoch=113
[C15] eval model[0] mean=-0.001859 | edge mean=-0.001859
[C15] n=600 | classes=[0, 8] | acc=0.4550 | per_class={0: '0.32', 8: '0.59'}
[C15] eval model[0] mean=-0.002038 | edge mean=-0.001859
[C15] n=600 | classes=[0, 8] | acc=0.4917 | per_class={0: '0.00', 8: '1.00'}
  [Client 15] Round 1 | Hier-pFedMe(λ2=35.0, K=3) | loss=0.8521
  [Client 12] Starting Hier-pFedMe | λ2=35.0, η2=0.02, inner_steps=3, epochs=1, batches/epoch=113
[C12] eval model[0] mean=-0.001859 | edge mean=-0.001859
[C12] n=600 | classes=[1, 8] | acc=0.4167 | per_class={1: '0.21', 8: '0.63'}
[C12] eval model[0] mean=-0.001517 | edge mean=-0.001859
[C12] n=600 | classes=[1, 8] | acc=0.5700 | per_class={1: '0.35', 8: '0.80'}
  [Client 12] Round 1 | Hier-pFedMe(λ2=35.0, K=3) | loss=0.9770
  [Client 14] Starting Hier-pFedMe | λ2=35.0, η2=0.02, inner_steps=3, epochs=1, batches/epoch=113
[C14] eval model[0] mean=-0.001859 | edge mean=-0.001859
[C14] n=600 | classes=[0, 9] | acc=0.3117 | per_class={0: '0.31', 9: '0.31'}
[C14] eval model[0] mean=-0.001930 | edge mean=-0.001859
[C14] n=600 | classes=[0, 9] | acc=0.4883 | per_class={0: '0.00', 9: '1.00'}
  [Client 14] Round 1 | Hier-pFedMe(λ2=35.0, K=3) | loss=0.7931
  [Client 11] Starting Hier-pFedMe | λ2=35.0, η2=0.02, inner_steps=3, epochs=1, batches/epoch=113
[C11] eval model[0] mean=-0.001859 | edge mean=-0.001859
[C11] n=600 | classes=[0, 1] | acc=0.2750 | per_class={0: '0.29', 1: '0.26'}
[C11] eval model[0] mean=-0.001486 | edge mean=-0.001859
[C11] n=600 | classes=[0, 1] | acc=0.5450 | per_class={0: '1.00', 1: '0.09'}
  [Client 11] Round 1 | Hier-pFedMe(λ2=35.0, K=3) | loss=1.0348
  [Client 10] Starting Hier-pFedMe | λ2=35.0, η2=0.02, inner_steps=3, epochs=1, batches/epoch=113
[C10] eval model[0] mean=-0.001859 | edge mean=-0.001859
[C10] n=600 | classes=[8, 9] | acc=0.4483 | per_class={8: '0.56', 9: '0.34'}
[C10] eval model[0] mean=-0.001754 | edge mean=-0.001859
[C10] n=600 | classes=[8, 9] | acc=0.5133 | per_class={8: '0.00', 9: '1.00'}
  [Client 10] Round 1 | Hier-pFedMe(λ2=35.0, K=3) | loss=0.8039
  [Edge 1] G1 | E5 | loss=0.9582
[C0] eval model[0] mean=-0.001505 | edge mean=-0.001869
[C0] n=1000 | classes=[3, 6] | acc=0.5110 | per_class={3: '1.00', 6: '0.00'}
[C1] eval model[0] mean=-0.001831 | edge mean=-0.001869
[C1] n=1000 | classes=[3, 6] | acc=0.4850 | per_class={3: '0.00', 6: '1.00'}
[C2] eval model[0] mean=-0.002173 | edge mean=-0.001869
[C2] n=1000 | classes=[2, 5] | acc=0.5840 | per_class={2: '0.71', 5: '0.46'}
[C3] eval model[0] mean=-0.001990 | edge mean=-0.001869
[C3] n=1000 | classes=[5, 7] | acc=0.5060 | per_class={5: '1.00', 7: '0.00'}
[C4] eval model[0] mean=-0.002208 | edge mean=-0.001869
[C4] n=1000 | classes=[2, 7] | acc=0.4930 | per_class={2: '0.00', 7: '1.00'}
[C5] eval model[0] mean=-0.001902 | edge mean=-0.001869
[C5] n=1000 | classes=[2, 4] | acc=0.4900 | per_class={2: '0.00', 4: '1.00'}
[C6] eval model[0] mean=-0.001901 | edge mean=-0.001869
[C6] n=1000 | classes=[6, 7] | acc=0.5070 | per_class={6: '0.00', 7: '1.00'}
[C7] eval model[0] mean=-0.001950 | edge mean=-0.001869
[C7] n=1000 | classes=[3, 5] | acc=0.4850 | per_class={3: '1.00', 5: '0.00'}
[C8] eval model[0] mean=-0.002091 | edge mean=-0.001869
[C8] n=500 | classes=[4] | acc=1.0000 | per_class={4: '1.00'}
[C9] eval model[0] mean=-0.002034 | edge mean=-0.001869
[C9] n=500 | classes=[4] | acc=1.0000 | per_class={4: '1.00'}
[C10] eval model[0] mean=-0.001754 | edge mean=-0.001859
[C10] n=600 | classes=[8, 9] | acc=0.5133 | per_class={8: '0.00', 9: '1.00'}
[C11] eval model[0] mean=-0.001486 | edge mean=-0.001859
[C11] n=600 | classes=[0, 1] | acc=0.5450 | per_class={0: '1.00', 1: '0.09'}
[C12] eval model[0] mean=-0.001517 | edge mean=-0.001859
[C12] n=600 | classes=[1, 8] | acc=0.5700 | per_class={1: '0.35', 8: '0.80'}
[C13] eval model[0] mean=-0.001945 | edge mean=-0.001859
[C13] n=600 | classes=[0, 8] | acc=0.4817 | per_class={0: '0.02', 8: '0.98'}
[C14] eval model[0] mean=-0.001930 | edge mean=-0.001859
[C14] n=600 | classes=[0, 9] | acc=0.4883 | per_class={0: '0.00', 9: '1.00'}
[C15] eval model[0] mean=-0.002038 | edge mean=-0.001859
[C15] n=600 | classes=[0, 8] | acc=0.4917 | per_class={0: '0.00', 8: '1.00'}
[C16] eval model[0] mean=-0.001994 | edge mean=-0.001859
[C16] n=600 | classes=[1, 8] | acc=0.5450 | per_class={1: '0.99', 8: '0.13'}
[C17] eval model[0] mean=-0.002045 | edge mean=-0.001859
[C17] n=600 | classes=[1, 9] | acc=0.4967 | per_class={1: '0.97', 9: '0.06'}
[C18] eval model[0] mean=-0.002017 | edge mean=-0.001859
[C18] n=600 | classes=[1, 9] | acc=0.4950 | per_class={1: '0.04', 9: '0.99'}
[C19] eval model[0] mean=-0.002031 | edge mean=-0.001859
[C19] n=600 | classes=[0, 9] | acc=0.6300 | per_class={0: '0.80', 9: '0.47'}
  [Cloud] GM=0.1295 | EM=0.2475 PM=0.5477 | loss=2.2908 | time=147.9s | comm=1706.8MB (total=1707MB)

[Round   2] Broadcasting to 2 edges...
  [Edge 0] W_n reset to global weights for new round.
  [Edge 1] W_n reset to global weights for new round.
  [Edge 0] G2 | E1 | Hier-pFedMe | Selected 10/10
  [Client  9] Received edge weights.
[C9] Test set: samples=500, class_dist={4: 500}
  [Client  2] Received edge weights.
[C2] Test set: samples=1000, class_dist={2: 507, 5: 493}
  [Client  6] Received edge weights.
[C6] Test set: samples=1000, class_dist={6: 493, 7: 507}
  [Client  8] Received edge weights.
[C8] Test set: samples=500, class_dist={4: 500}
  [Client  5] Received edge weights.
[C5] Test set: samples=1000, class_dist={2: 510, 4: 490}
  [Client  1] Received edge weights.
[C1] Test set: samples=1000, class_dist={3: 515, 6: 485}
  [Client  4] Received edge weights.
[C4] Test set: samples=1000, class_dist={2: 507, 7: 493}
  [Client  0] Received edge weights.
[C0] Test set: samples=1000, class_dist={3: 511, 6: 489}
  [Client  7] Received edge weights.
[C7] Test set: samples=1000, class_dist={3: 485, 5: 515}
  [Client  3] Received edge weights.
[C3] Test set: samples=1000, class_dist={5: 506, 7: 494}
  [Client  9] Starting Hier-pFedMe | λ2=35.0, η2=0.02, inner_steps=3, epochs=1, batches/epoch=94
[C9] eval model[0] mean=-0.001903 | edge mean=-0.001903
[C9] n=500 | classes=[4] | acc=0.1700 | per_class={4: '0.17'}
[C9] eval model[0] mean=-0.002191 | edge mean=-0.001903
[C9] n=500 | classes=[4] | acc=1.0000 | per_class={4: '1.00'}
  [Client  9] Round 2 | Hier-pFedMe(λ2=35.0, K=3) | loss=0.0800
  [Client  2] Starting Hier-pFedMe | λ2=35.0, η2=0.02, inner_steps=3, epochs=1, batches/epoch=188
[C2] eval model[0] mean=-0.001903 | edge mean=-0.001903
[C2] n=1000 | classes=[2, 5] | acc=0.0010 | per_class={2: '0.00', 5: '0.00'}
[C2] eval model[0] mean=-0.001724 | edge mean=-0.001903
[C2] n=1000 | classes=[2, 5] | acc=0.4930 | per_class={2: '0.00', 5: '1.00'}
  [Client  2] Round 2 | Hier-pFedMe(λ2=35.0, K=3) | loss=1.0383
  [Client  6] Starting Hier-pFedMe | λ2=35.0, η2=0.02, inner_steps=3, epochs=1, batches/epoch=188
[C6] eval model[0] mean=-0.001903 | edge mean=-0.001903
[C6] n=1000 | classes=[6, 7] | acc=0.0000 | per_class={6: '0.00', 7: '0.00'}
[C6] eval model[0] mean=-0.002254 | edge mean=-0.001903
[C6] n=1000 | classes=[6, 7] | acc=0.4930 | per_class={6: '1.00', 7: '0.00'}
  [Client  6] Round 2 | Hier-pFedMe(λ2=35.0, K=3) | loss=0.9347
  [Client  8] Starting Hier-pFedMe | λ2=35.0, η2=0.02, inner_steps=3, epochs=1, batches/epoch=94
[C8] eval model[0] mean=-0.001903 | edge mean=-0.001903
[C8] n=500 | classes=[4] | acc=0.1560 | per_class={4: '0.16'}
[C8] eval model[0] mean=-0.002034 | edge mean=-0.001903
[C8] n=500 | classes=[4] | acc=1.0000 | per_class={4: '1.00'}
  [Client  8] Round 2 | Hier-pFedMe(λ2=35.0, K=3) | loss=0.0289
  [Client  5] Starting Hier-pFedMe | λ2=35.0, η2=0.02, inner_steps=3, epochs=1, batches/epoch=188
[C5] eval model[0] mean=-0.001903 | edge mean=-0.001903
[C5] n=1000 | classes=[2, 4] | acc=0.0680 | per_class={2: '0.00', 4: '0.14'}
[C5] eval model[0] mean=-0.001932 | edge mean=-0.001903
[C5] n=1000 | classes=[2, 4] | acc=0.5360 | per_class={2: '0.85', 4: '0.20'}
  [Client  5] Round 2 | Hier-pFedMe(λ2=35.0, K=3) | loss=0.9027
  [Client  1] Starting Hier-pFedMe | λ2=35.0, η2=0.02, inner_steps=3, epochs=1, batches/epoch=188
[C1] eval model[0] mean=-0.001903 | edge mean=-0.001903
[C1] n=1000 | classes=[3, 6] | acc=0.0020 | per_class={3: '0.00', 6: '0.00'}
[C1] eval model[0] mean=-0.001618 | edge mean=-0.001903
[C1] n=1000 | classes=[3, 6] | acc=0.5150 | per_class={3: '1.00', 6: '0.00'}
  [Client  1] Round 2 | Hier-pFedMe(λ2=35.0, K=3) | loss=1.0259
  [Client  4] Starting Hier-pFedMe | λ2=35.0, η2=0.02, inner_steps=3, epochs=1, batches/epoch=188
[C4] eval model[0] mean=-0.001903 | edge mean=-0.001903
[C4] n=1000 | classes=[2, 7] | acc=0.0000 | per_class={2: '0.00', 7: '0.00'}
[C4] eval model[0] mean=-0.001774 | edge mean=-0.001903
[C4] n=1000 | classes=[2, 7] | acc=0.4640 | per_class={2: '0.66', 7: '0.26'}
  [Client  4] Round 2 | Hier-pFedMe(λ2=35.0, K=3) | loss=0.9750
  [Client  0] Starting Hier-pFedMe | λ2=35.0, η2=0.02, inner_steps=3, epochs=1, batches/epoch=188
[C0] eval model[0] mean=-0.001903 | edge mean=-0.001903
[C0] n=1000 | classes=[3, 6] | acc=0.0030 | per_class={3: '0.01', 6: '0.00'}
[C0] eval model[0] mean=-0.002455 | edge mean=-0.001903
[C0] n=1000 | classes=[3, 6] | acc=0.5620 | per_class={3: '0.84', 6: '0.28'}
  [Client  0] Round 2 | Hier-pFedMe(λ2=35.0, K=3) | loss=0.9100
  [Client  7] Starting Hier-pFedMe | λ2=35.0, η2=0.02, inner_steps=3, epochs=1, batches/epoch=188
[C7] eval model[0] mean=-0.001903 | edge mean=-0.001903
[C7] n=1000 | classes=[3, 5] | acc=0.0010 | per_class={3: '0.00', 5: '0.00'}
[C7] eval model[0] mean=-0.001480 | edge mean=-0.001903
[C7] n=1000 | classes=[3, 5] | acc=0.5160 | per_class={3: '0.01', 5: '1.00'}
  [Client  7] Round 2 | Hier-pFedMe(λ2=35.0, K=3) | loss=0.8602
  [Client  3] Starting Hier-pFedMe | λ2=35.0, η2=0.02, inner_steps=3, epochs=1, batches/epoch=188
[C3] eval model[0] mean=-0.001903 | edge mean=-0.001903
[C3] n=1000 | classes=[5, 7] | acc=0.0000 | per_class={5: '0.00', 7: '0.00'}
[C3] eval model[0] mean=-0.001494 | edge mean=-0.001903
[C3] n=1000 | classes=[5, 7] | acc=0.4940 | per_class={5: '0.00', 7: '1.00'}
  [Client  3] Round 2 | Hier-pFedMe(λ2=35.0, K=3) | loss=1.1389
  [Edge 0] G2 | E1 | loss=0.8711
  [Edge 0] G2 | E2 | Hier-pFedMe | Selected 10/10
  [Client  1] Received edge weights.
[C1] Test set: samples=1000, class_dist={3: 515, 6: 485}
  [Client  5] Received edge weights.
[C5] Test set: samples=1000, class_dist={2: 510, 4: 490}
  [Client  6] Received edge weights.
[C6] Test set: samples=1000, class_dist={6: 493, 7: 507}
  [Client  8] Received edge weights.
[C8] Test set: samples=500, class_dist={4: 500}
  [Client  4] Received edge weights.
[C4] Test set: samples=1000, class_dist={2: 507, 7: 493}
  [Client  3] Received edge weights.
[C3] Test set: samples=1000, class_dist={5: 506, 7: 494}
  [Client  0] Received edge weights.
[C0] Test set: samples=1000, class_dist={3: 511, 6: 489}
  [Client  7] Received edge weights.
[C7] Test set: samples=1000, class_dist={3: 485, 5: 515}
  [Client  9] Received edge weights.
[C9] Test set: samples=500, class_dist={4: 500}
  [Client  2] Received edge weights.
[C2] Test set: samples=1000, class_dist={2: 507, 5: 493}
  [Client  1] Starting Hier-pFedMe | λ2=35.0, η2=0.02, inner_steps=3, epochs=1, batches/epoch=188
[C1] eval model[0] mean=-0.001898 | edge mean=-0.001898
[C1] n=1000 | classes=[3, 6] | acc=0.0590 | per_class={3: '0.10', 6: '0.02'}
[C1] eval model[0] mean=-0.001960 | edge mean=-0.001898
[C1] n=1000 | classes=[3, 6] | acc=0.5150 | per_class={3: '1.00', 6: '0.00'}
  [Client  1] Round 2 | Hier-pFedMe(λ2=35.0, K=3) | loss=1.0137
  [Client  5] Starting Hier-pFedMe | λ2=35.0, η2=0.02, inner_steps=3, epochs=1, batches/epoch=188
[C5] eval model[0] mean=-0.001898 | edge mean=-0.001898
[C5] n=1000 | classes=[2, 4] | acc=0.3530 | per_class={2: '0.01', 4: '0.71'}
[C5] eval model[0] mean=-0.001731 | edge mean=-0.001898
[C5] n=1000 | classes=[2, 4] | acc=0.4920 | per_class={2: '0.16', 4: '0.83'}
  [Client  5] Round 2 | Hier-pFedMe(λ2=35.0, K=3) | loss=0.9125
  [Client  6] Starting Hier-pFedMe | λ2=35.0, η2=0.02, inner_steps=3, epochs=1, batches/epoch=188
[C6] eval model[0] mean=-0.001898 | edge mean=-0.001898
[C6] n=1000 | classes=[6, 7] | acc=0.1120 | per_class={6: '0.02', 7: '0.20'}
[C6] eval model[0] mean=-0.002349 | edge mean=-0.001898
[C6] n=1000 | classes=[6, 7] | acc=0.5100 | per_class={6: '0.01', 7: '1.00'}
  [Client  6] Round 2 | Hier-pFedMe(λ2=35.0, K=3) | loss=0.7799
  [Client  8] Starting Hier-pFedMe | λ2=35.0, η2=0.02, inner_steps=3, epochs=1, batches/epoch=94
[C8] eval model[0] mean=-0.001898 | edge mean=-0.001898
[C8] n=500 | classes=[4] | acc=0.7300 | per_class={4: '0.73'}
[C8] eval model[0] mean=-0.002327 | edge mean=-0.001898
[C8] n=500 | classes=[4] | acc=1.0000 | per_class={4: '1.00'}
  [Client  8] Round 2 | Hier-pFedMe(λ2=35.0, K=3) | loss=0.0446
  [Client  4] Starting Hier-pFedMe | λ2=35.0, η2=0.02, inner_steps=3, epochs=1, batches/epoch=188
[C4] eval model[0] mean=-0.001898 | edge mean=-0.001898
[C4] n=1000 | classes=[2, 7] | acc=0.0960 | per_class={2: '0.00', 7: '0.19'}
[C4] eval model[0] mean=-0.001801 | edge mean=-0.001898
[C4] n=1000 | classes=[2, 7] | acc=0.4930 | per_class={2: '0.00', 7: '1.00'}
  [Client  4] Round 2 | Hier-pFedMe(λ2=35.0, K=3) | loss=0.8871
  [Client  3] Starting Hier-pFedMe | λ2=35.0, η2=0.02, inner_steps=3, epochs=1, batches/epoch=188
[C3] eval model[0] mean=-0.001898 | edge mean=-0.001898
[C3] n=1000 | classes=[5, 7] | acc=0.1110 | per_class={5: '0.05', 7: '0.17'}
[C3] eval model[0] mean=-0.001827 | edge mean=-0.001898
[C3] n=1000 | classes=[5, 7] | acc=0.5060 | per_class={5: '1.00', 7: '0.00'}
  [Client  3] Round 2 | Hier-pFedMe(λ2=35.0, K=3) | loss=2.4562
  [Client  0] Starting Hier-pFedMe | λ2=35.0, η2=0.02, inner_steps=3, epochs=1, batches/epoch=188
[C0] eval model[0] mean=-0.001898 | edge mean=-0.001898
[C0] n=1000 | classes=[3, 6] | acc=0.0460 | per_class={3: '0.08', 6: '0.01'}
[C0] eval model[0] mean=-0.002417 | edge mean=-0.001898
[C0] n=1000 | classes=[3, 6] | acc=0.5350 | per_class={3: '0.82', 6: '0.24'}
  [Client  0] Round 2 | Hier-pFedMe(λ2=35.0, K=3) | loss=0.8123
  [Client  7] Starting Hier-pFedMe | λ2=35.0, η2=0.02, inner_steps=3, epochs=1, batches/epoch=188
[C7] eval model[0] mean=-0.001898 | edge mean=-0.001898
[C7] n=1000 | classes=[3, 5] | acc=0.0700 | per_class={3: '0.09', 5: '0.05'}
[C7] eval model[0] mean=-0.001901 | edge mean=-0.001898
[C7] n=1000 | classes=[3, 5] | acc=0.5220 | per_class={3: '0.35', 5: '0.69'}
  [Client  7] Round 2 | Hier-pFedMe(λ2=35.0, K=3) | loss=0.7395
  [Client  9] Starting Hier-pFedMe | λ2=35.0, η2=0.02, inner_steps=3, epochs=1, batches/epoch=94
[C9] eval model[0] mean=-0.001898 | edge mean=-0.001898
[C9] n=500 | classes=[4] | acc=0.7340 | per_class={4: '0.73'}
[C9] eval model[0] mean=-0.002139 | edge mean=-0.001898
[C9] n=500 | classes=[4] | acc=1.0000 | per_class={4: '1.00'}
  [Client  9] Round 2 | Hier-pFedMe(λ2=35.0, K=3) | loss=0.0218
  [Client  2] Starting Hier-pFedMe | λ2=35.0, η2=0.02, inner_steps=3, epochs=1, batches/epoch=188
[C2] eval model[0] mean=-0.001898 | edge mean=-0.001898
[C2] n=1000 | classes=[2, 5] | acc=0.0290 | per_class={2: '0.00', 5: '0.06'}
[C2] eval model[0] mean=-0.001923 | edge mean=-0.001898
[C2] n=1000 | classes=[2, 5] | acc=0.4940 | per_class={2: '0.00', 5: '1.00'}
  [Client  2] Round 2 | Hier-pFedMe(λ2=35.0, K=3) | loss=1.0602
  [Edge 0] G2 | E2 | loss=0.9661
  [Edge 0] G2 | E3 | Hier-pFedMe | Selected 10/10
  [Client  6] Received edge weights.
[C6] Test set: samples=1000, class_dist={6: 493, 7: 507}
  [Client  8] Received edge weights.
[C8] Test set: samples=500, class_dist={4: 500}
  [Client  3] Received edge weights.
[C3] Test set: samples=1000, class_dist={5: 506, 7: 494}
  [Client  1] Received edge weights.
[C1] Test set: samples=1000, class_dist={3: 515, 6: 485}
  [Client  9] Received edge weights.
[C9] Test set: samples=500, class_dist={4: 500}
  [Client  0] Received edge weights.
[C0] Test set: samples=1000, class_dist={3: 511, 6: 489}
  [Client  5] Received edge weights.
[C5] Test set: samples=1000, class_dist={2: 510, 4: 490}
  [Client  4] Received edge weights.
[C4] Test set: samples=1000, class_dist={2: 507, 7: 493}
  [Client  7] Received edge weights.
[C7] Test set: samples=1000, class_dist={3: 485, 5: 515}
  [Client  2] Received edge weights.
[C2] Test set: samples=1000, class_dist={2: 507, 5: 493}
  [Client  6] Starting Hier-pFedMe | λ2=35.0, η2=0.02, inner_steps=3, epochs=1, batches/epoch=188
[C6] eval model[0] mean=-0.001997 | edge mean=-0.001997
[C6] n=1000 | classes=[6, 7] | acc=0.0820 | per_class={6: '0.01', 7: '0.15'}
[C6] eval model[0] mean=-0.001978 | edge mean=-0.001997
[C6] n=1000 | classes=[6, 7] | acc=0.6580 | per_class={6: '0.66', 7: '0.66'}
  [Client  6] Round 2 | Hier-pFedMe(λ2=35.0, K=3) | loss=1.0519
  [Client  8] Starting Hier-pFedMe | λ2=35.0, η2=0.02, inner_steps=3, epochs=1, batches/epoch=94
[C8] eval model[0] mean=-0.001997 | edge mean=-0.001997
[C8] n=500 | classes=[4] | acc=0.6520 | per_class={4: '0.65'}
[C8] eval model[0] mean=-0.002289 | edge mean=-0.001997
[C8] n=500 | classes=[4] | acc=1.0000 | per_class={4: '1.00'}
  [Client  8] Round 2 | Hier-pFedMe(λ2=35.0, K=3) | loss=0.0339
  [Client  3] Starting Hier-pFedMe | λ2=35.0, η2=0.02, inner_steps=3, epochs=1, batches/epoch=188
[C3] eval model[0] mean=-0.001997 | edge mean=-0.001997
[C3] n=1000 | classes=[5, 7] | acc=0.1230 | per_class={5: '0.12', 7: '0.12'}
[C3] eval model[0] mean=-0.001967 | edge mean=-0.001997
[C3] n=1000 | classes=[5, 7] | acc=0.5590 | per_class={5: '0.21', 7: '0.91'}
  [Client  3] Round 2 | Hier-pFedMe(λ2=35.0, K=3) | loss=1.2121
  [Client  1] Starting Hier-pFedMe | λ2=35.0, η2=0.02, inner_steps=3, epochs=1, batches/epoch=188
[C1] eval model[0] mean=-0.001997 | edge mean=-0.001997
[C1] n=1000 | classes=[3, 6] | acc=0.0750 | per_class={3: '0.14', 6: '0.01'}
[C1] eval model[0] mean=-0.001760 | edge mean=-0.001997
[C1] n=1000 | classes=[3, 6] | acc=0.4870 | per_class={3: '0.00', 6: '1.00'}
  [Client  1] Round 2 | Hier-pFedMe(λ2=35.0, K=3) | loss=0.9707
  [Client  9] Starting Hier-pFedMe | λ2=35.0, η2=0.02, inner_steps=3, epochs=1, batches/epoch=94
[C9] eval model[0] mean=-0.001997 | edge mean=-0.001997
[C9] n=500 | classes=[4] | acc=0.6620 | per_class={4: '0.66'}
[C9] eval model[0] mean=-0.002500 | edge mean=-0.001997
[C9] n=500 | classes=[4] | acc=1.0000 | per_class={4: '1.00'}
  [Client  9] Round 2 | Hier-pFedMe(λ2=35.0, K=3) | loss=0.0383
  [Client  0] Starting Hier-pFedMe | λ2=35.0, η2=0.02, inner_steps=3, epochs=1, batches/epoch=188
[C0] eval model[0] mean=-0.001997 | edge mean=-0.001997
[C0] n=1000 | classes=[3, 6] | acc=0.0870 | per_class={3: '0.16', 6: '0.01'}
[C0] eval model[0] mean=-0.002238 | edge mean=-0.001997
[C0] n=1000 | classes=[3, 6] | acc=0.5100 | per_class={3: '0.98', 6: '0.02'}
  [Client  0] Round 2 | Hier-pFedMe(λ2=35.0, K=3) | loss=0.8705
  [Client  5] Starting Hier-pFedMe | λ2=35.0, η2=0.02, inner_steps=3, epochs=1, batches/epoch=188
[C5] eval model[0] mean=-0.001997 | edge mean=-0.001997
[C5] n=1000 | classes=[2, 4] | acc=0.3180 | per_class={2: '0.00', 4: '0.65'}
[C5] eval model[0] mean=-0.002040 | edge mean=-0.001997
[C5] n=1000 | classes=[2, 4] | acc=0.4900 | per_class={2: '0.00', 4: '1.00'}
  [Client  5] Round 2 | Hier-pFedMe(λ2=35.0, K=3) | loss=1.0308
  [Client  4] Starting Hier-pFedMe | λ2=35.0, η2=0.02, inner_steps=3, epochs=1, batches/epoch=188
[C4] eval model[0] mean=-0.001997 | edge mean=-0.001997
[C4] n=1000 | classes=[2, 7] | acc=0.0640 | per_class={2: '0.00', 7: '0.13'}
[C4] eval model[0] mean=-0.001922 | edge mean=-0.001997
[C4] n=1000 | classes=[2, 7] | acc=0.5070 | per_class={2: '0.97', 7: '0.03'}
  [Client  4] Round 2 | Hier-pFedMe(λ2=35.0, K=3) | loss=1.0201
  [Client  7] Starting Hier-pFedMe | λ2=35.0, η2=0.02, inner_steps=3, epochs=1, batches/epoch=188
[C7] eval model[0] mean=-0.001997 | edge mean=-0.001997
[C7] n=1000 | classes=[3, 5] | acc=0.1470 | per_class={3: '0.17', 5: '0.13'}
[C7] eval model[0] mean=-0.002248 | edge mean=-0.001997
[C7] n=1000 | classes=[3, 5] | acc=0.4690 | per_class={3: '0.88', 5: '0.08'}
  [Client  7] Round 2 | Hier-pFedMe(λ2=35.0, K=3) | loss=0.5096
  [Client  2] Starting Hier-pFedMe | λ2=35.0, η2=0.02, inner_steps=3, epochs=1, batches/epoch=188
[C2] eval model[0] mean=-0.001997 | edge mean=-0.001997
[C2] n=1000 | classes=[2, 5] | acc=0.0680 | per_class={2: '0.00', 5: '0.14'}
[C2] eval model[0] mean=-0.002521 | edge mean=-0.001997
[C2] n=1000 | classes=[2, 5] | acc=0.5070 | per_class={2: '1.00', 5: '0.00'}
  [Client  2] Round 2 | Hier-pFedMe(λ2=35.0, K=3) | loss=0.8533
  [Edge 0] G2 | E3 | loss=0.8395
  [Edge 0] G2 | E4 | Hier-pFedMe | Selected 10/10
  [Client  5] Received edge weights.
[C5] Test set: samples=1000, class_dist={2: 510, 4: 490}
  [Client  1] Received edge weights.
[C1] Test set: samples=1000, class_dist={3: 515, 6: 485}
  [Client  6] Received edge weights.
[C6] Test set: samples=1000, class_dist={6: 493, 7: 507}
  [Client  2] Received edge weights.
[C2] Test set: samples=1000, class_dist={2: 507, 5: 493}
  [Client  8] Received edge weights.
[C8] Test set: samples=500, class_dist={4: 500}
  [Client  0] Received edge weights.
[C0] Test set: samples=1000, class_dist={3: 511, 6: 489}
  [Client  7] Received edge weights.
[C7] Test set: samples=1000, class_dist={3: 485, 5: 515}
  [Client  4] Received edge weights.
[C4] Test set: samples=1000, class_dist={2: 507, 7: 493}
  [Client  3] Received edge weights.
[C3] Test set: samples=1000, class_dist={5: 506, 7: 494}
  [Client  9] Received edge weights.
[C9] Test set: samples=500, class_dist={4: 500}
  [Client  5] Starting Hier-pFedMe | λ2=35.0, η2=0.02, inner_steps=3, epochs=1, batches/epoch=188
[C5] eval model[0] mean=-0.002081 | edge mean=-0.002081
[C5] n=1000 | classes=[2, 4] | acc=0.4210 | per_class={2: '0.01', 4: '0.85'}
[C5] eval model[0] mean=-0.001428 | edge mean=-0.002081
[C5] n=1000 | classes=[2, 4] | acc=0.5240 | per_class={2: '0.97', 4: '0.06'}
  [Client  5] Round 2 | Hier-pFedMe(λ2=35.0, K=3) | loss=1.8910
  [Client  1] Starting Hier-pFedMe | λ2=35.0, η2=0.02, inner_steps=3, epochs=1, batches/epoch=188
[C1] eval model[0] mean=-0.002081 | edge mean=-0.002081
[C1] n=1000 | classes=[3, 6] | acc=0.0260 | per_class={3: '0.04', 6: '0.01'}
[C1] eval model[0] mean=-0.002536 | edge mean=-0.002081
[C1] n=1000 | classes=[3, 6] | acc=0.5150 | per_class={3: '1.00', 6: '0.00'}
  [Client  1] Round 2 | Hier-pFedMe(λ2=35.0, K=3) | loss=0.7801
  [Client  6] Starting Hier-pFedMe | λ2=35.0, η2=0.02, inner_steps=3, epochs=1, batches/epoch=188
[C6] eval model[0] mean=-0.002081 | edge mean=-0.002081
[C6] n=1000 | classes=[6, 7] | acc=0.0860 | per_class={6: '0.01', 7: '0.16'}
[C6] eval model[0] mean=-0.002353 | edge mean=-0.002081
[C6] n=1000 | classes=[6, 7] | acc=0.5610 | per_class={6: '0.96', 7: '0.17'}
  [Client  6] Round 2 | Hier-pFedMe(λ2=35.0, K=3) | loss=0.5208
  [Client  2] Starting Hier-pFedMe | λ2=35.0, η2=0.02, inner_steps=3, epochs=1, batches/epoch=188
[C2] eval model[0] mean=-0.002081 | edge mean=-0.002081
[C2] n=1000 | classes=[2, 5] | acc=0.0070 | per_class={2: '0.01', 5: '0.01'}
[C2] eval model[0] mean=-0.001794 | edge mean=-0.002081
[C2] n=1000 | classes=[2, 5] | acc=0.5110 | per_class={2: '0.07', 5: '0.97'}
  [Client  2] Round 2 | Hier-pFedMe(λ2=35.0, K=3) | loss=1.0202
  [Client  8] Starting Hier-pFedMe | λ2=35.0, η2=0.02, inner_steps=3, epochs=1, batches/epoch=94
[C8] eval model[0] mean=-0.002081 | edge mean=-0.002081
[C8] n=500 | classes=[4] | acc=0.8420 | per_class={4: '0.84'}
[C8] eval model[0] mean=-0.002352 | edge mean=-0.002081
[C8] n=500 | classes=[4] | acc=1.0000 | per_class={4: '1.00'}
  [Client  8] Round 2 | Hier-pFedMe(λ2=35.0, K=3) | loss=0.0388
  [Client  0] Starting Hier-pFedMe | λ2=35.0, η2=0.02, inner_steps=3, epochs=1, batches/epoch=188
[C0] eval model[0] mean=-0.002081 | edge mean=-0.002081
[C0] n=1000 | classes=[3, 6] | acc=0.0200 | per_class={3: '0.04', 6: '0.00'}
[C0] eval model[0] mean=-0.001859 | edge mean=-0.002081
[C0] n=1000 | classes=[3, 6] | acc=0.4890 | per_class={3: '0.00', 6: '1.00'}
  [Client  0] Round 2 | Hier-pFedMe(λ2=35.0, K=3) | loss=1.0240
  [Client  7] Starting Hier-pFedMe | λ2=35.0, η2=0.02, inner_steps=3, epochs=1, batches/epoch=188
[C7] eval model[0] mean=-0.002081 | edge mean=-0.002081
[C7] n=1000 | classes=[3, 5] | acc=0.0230 | per_class={3: '0.04', 5: '0.01'}
[C7] eval model[0] mean=-0.002021 | edge mean=-0.002081
[C7] n=1000 | classes=[3, 5] | acc=0.5400 | per_class={3: '0.14', 5: '0.91'}
  [Client  7] Round 2 | Hier-pFedMe(λ2=35.0, K=3) | loss=0.7807
  [Client  4] Starting Hier-pFedMe | λ2=35.0, η2=0.02, inner_steps=3, epochs=1, batches/epoch=188
[C4] eval model[0] mean=-0.002081 | edge mean=-0.002081
[C4] n=1000 | classes=[2, 7] | acc=0.0780 | per_class={2: '0.00', 7: '0.16'}
[C4] eval model[0] mean=-0.002463 | edge mean=-0.002081
[C4] n=1000 | classes=[2, 7] | acc=0.5230 | per_class={2: '0.07', 7: '0.98'}
  [Client  4] Round 2 | Hier-pFedMe(λ2=35.0, K=3) | loss=0.9677
  [Client  3] Starting Hier-pFedMe | λ2=35.0, η2=0.02, inner_steps=3, epochs=1, batches/epoch=188
[C3] eval model[0] mean=-0.002081 | edge mean=-0.002081
