This job can be monitored from: https://job.c3se.chalmers.se/alvis/6625541
========================================
Job ID      : 6625541
Job Name    : HierFLcifar10
Node        : alvis7-10
Start Time  : Tue May 12 22:21:45 CEST 2026
Working Dir : /cephyr/users/ziangg/Alvis/tf-dpfl
========================================
[Setup] Python: /cephyr/users/ziangg/Alvis/tf-dpfl/bin/python
[Setup] TF version: 2.15.1
[Setup] GPU available: [PhysicalDevice(name='/physical_device:GPU:0', device_type='GPU')]
[Config] Override: wandb.enabled = True
[Setup] Random seed: 42
[Setup] Loading dataset...
[Data] CIFAR-10 from Mimer: /mimer/NOBACKUP/Datasets/CIFAR
[Setup] Building global model...
Model: "cifar_cnn_3conv"
_________________________________________________________________
 Layer (type)                Output Shape              Param #   
=================================================================
 input_1 (InputLayer)        [(None, 32, 32, 3)]       0         
                                                                 
 conv2d (Conv2D)             (None, 32, 32, 32)        896       
                                                                 
 batch_normalization (Batch  (None, 32, 32, 32)        128       
 Normalization)                                                  
                                                                 
 re_lu (ReLU)                (None, 32, 32, 32)        0         
                                                                 
 conv2d_1 (Conv2D)           (None, 32, 32, 64)        18496     
                                                                 
 batch_normalization_1 (Bat  (None, 32, 32, 64)        256       
 chNormalization)                                                
                                                                 
 re_lu_1 (ReLU)              (None, 32, 32, 64)        0         
                                                                 
 max_pooling2d (MaxPooling2  (None, 16, 16, 64)        0         
 D)                                                              
                                                                 
 conv2d_2 (Conv2D)           (None, 16, 16, 128)       73856     
                                                                 
 batch_normalization_2 (Bat  (None, 16, 16, 128)       512       
 chNormalization)                                                
                                                                 
 re_lu_2 (ReLU)              (None, 16, 16, 128)       0         
                                                                 
 conv2d_3 (Conv2D)           (None, 16, 16, 128)       147584    
                                                                 
 batch_normalization_3 (Bat  (None, 16, 16, 128)       512       
 chNormalization)                                                
                                                                 
 re_lu_3 (ReLU)              (None, 16, 16, 128)       0         
                                                                 
 max_pooling2d_1 (MaxPoolin  (None, 8, 8, 128)         0         
 g2D)                                                            
                                                                 
 spatial_dropout2d (Spatial  (None, 8, 8, 128)         0         
 Dropout2D)                                                      
                                                                 
 conv2d_4 (Conv2D)           (None, 8, 8, 256)         295168    
                                                                 
 batch_normalization_4 (Bat  (None, 8, 8, 256)         1024      
 chNormalization)                                                
                                                                 
 re_lu_4 (ReLU)              (None, 8, 8, 256)         0         
                                                                 
 conv2d_5 (Conv2D)           (None, 8, 8, 256)         590080    
                                                                 
 batch_normalization_5 (Bat  (None, 8, 8, 256)         1024      
 chNormalization)                                                
                                                                 
 re_lu_5 (ReLU)              (None, 8, 8, 256)         0         
                                                                 
 max_pooling2d_2 (MaxPoolin  (None, 4, 4, 256)         0         
 g2D)                                                            
                                                                 
 flatten (Flatten)           (None, 4096)              0         
                                                                 
 dropout (Dropout)           (None, 4096)              0         
                                                                 
 dense (Dense)               (None, 1024)              4195328   
                                                                 
 dense_1 (Dense)             (None, 512)               524800    
                                                                 
 dropout_1 (Dropout)         (None, 512)               0         
                                                                 
 dense_2 (Dense)             (None, 10)                5130      
                                                                 
=================================================================
Total params: 5854794 (22.33 MB)
Trainable params: 5853066 (22.33 MB)
Non-trainable params: 1728 (6.75 KB)
_________________________________________________________________
[Setup] Building clients...

[Superclass-aware partition] 2 edges, 2 classes/client

  Edge 0 (class pool: [2, 3, 4, 5, 6, 7]):
  Client       Samples    Classes held                        Out-of-pool?
  ---------------------------------------------------------------------------
  client_0     4000       [3, 6]                              OK
  client_1     4000       [3, 6]                              OK
  client_2     4000       [2, 5]                              OK
  client_3     4000       [5, 7]                              OK
  client_4     4000       [2, 7]                              OK
  client_5     4000       [2, 4]                              OK
  client_6     4000       [6, 7]                              OK
  client_7     4000       [3, 5]                              OK
  client_8     2000       [4]                                 OK
  client_9     2000       [4]                                 OK

  Edge 1 (class pool: [0, 1, 8, 9]):
  Client       Samples    Classes held                        Out-of-pool?
  ---------------------------------------------------------------------------
  client_10    2400       [8, 9]                              OK
  client_11    2400       [0, 1]                              OK
  client_12    2400       [1, 8]                              OK
  client_13    2400       [0, 8]                              OK
  client_14    2400       [0, 9]                              OK
  client_15    2400       [0, 8]                              OK
  client_16    2400       [1, 8]                              OK
  client_17    2400       [1, 9]                              OK
  client_18    2400       [1, 9]                              OK
  client_19    2400       [0, 9]                              OK

[Train/Test split] 20 clients | avg train=2400, avg test=600 samples (ratio=0.2)
[Setup] 20 clients built (superclass_pathological) | per-client test sets injected
[Setup] Building edge servers...
[Assignment] Using pre-baked superclass assignments | 2 edges
[EdgeServer 0] 10 clients | 28800 samples
[EdgeServer 1] 10 clients | 19200 samples

[Setup] Built 2 edge servers (strategy=superclass_baked)
  Edge 0: 10 clients | 28800 samples
  Edge 1: 10 clients | 19200 samples
[Setup] Building per-edge test datasets (superclass-aware)...
  [Test split] Edge 0: 6000 test samples (6 classes)
  [Test split] Edge 1: 4000 test samples (4 classes)
[CloudServer] 2 edges | model: 22.33 MB

====================================================
 HierFAVG Training Start
====================================================

[Round   1] Broadcasting to 2 edges...
  [Edge 0] G1 | E1 | Hier-pFedMe | Selected 10/10
  [C6] Round 1 | batch 0/200 x[0].mean=-0.144800
  [C3] Round 1 | batch 0/200 x[0].mean=-0.025728
  [C9] Round 1 | batch 0/100 x[0].mean=-0.449273
  [C8] Round 1 | batch 0/100 x[0].mean=0.103170
  [Client  8] Round 1 | Hier-pFedMe(λ2=35.0,K=3) | loss=0.0000
  [Client  9] Round 1 | Hier-pFedMe(λ2=35.0,K=3) | loss=0.0000
  [C7] Round 1 | batch 0/200 x[0].mean=-0.407922
  [Client  3] Round 1 | Hier-pFedMe(λ2=35.0,K=3) | loss=16.0566
  [Client  6] Round 1 | Hier-pFedMe(λ2=35.0,K=3) | loss=13.8232
  [C1] Round 1 | batch 0/200 x[0].mean=-0.167045
  [C4] Round 1 | batch 0/200 x[0].mean=-0.190717
  [C0] Round 1 | batch 0/200 x[0].mean=0.068830
  [Client  7] Round 1 | Hier-pFedMe(λ2=35.0,K=3) | loss=0.6547
  [C5] Round 1 | batch 0/200 x[0].mean=-0.334596
  [Client  1] Round 1 | Hier-pFedMe(λ2=35.0,K=3) | loss=14.8559
  [C2] Round 1 | batch 0/200 x[0].mean=-0.061254
  [Client  0] Round 1 | Hier-pFedMe(λ2=35.0,K=3) | loss=19.5551
  [Client  4] Round 1 | Hier-pFedMe(λ2=35.0,K=3) | loss=1.4714
  [Client  5] Round 1 | Hier-pFedMe(λ2=35.0,K=3) | loss=11.2861
  [Client  2] Round 1 | Hier-pFedMe(λ2=35.0,K=3) | loss=16.3164
  [Edge 0] G1 | E1 | loss=10.4466
  [Edge 0] G1 | E2 | Hier-pFedMe | Selected 10/10
  [C0] Round 1 | batch 1/200 x[0].mean=-0.359268
  [C9] Round 1 | batch 1/100 x[0].mean=0.075617
  [C7] Round 1 | batch 1/200 x[0].mean=-0.173019
  [C3] Round 1 | batch 1/200 x[0].mean=-0.933823
  [Client  0] Round 1 | Hier-pFedMe(λ2=35.0,K=3) | loss=1.7119
  [Client  7] Round 1 | Hier-pFedMe(λ2=35.0,K=3) | loss=5.2598
  [Client  9] Round 1 | Hier-pFedMe(λ2=35.0,K=3) | loss=0.0002
  [Client  3] Round 1 | Hier-pFedMe(λ2=35.0,K=3) | loss=0.5149
  [C6] Round 1 | batch 1/200 x[0].mean=0.146052
  [C4] Round 1 | batch 1/200 x[0].mean=-0.186392
  [C2] Round 1 | batch 1/200 x[0].mean=-0.136983
  [C8] Round 1 | batch 1/100 x[0].mean=-0.656835
  [Client  4] Round 1 | Hier-pFedMe(λ2=35.0,K=3) | loss=4.6447
  [Client  6] Round 1 | Hier-pFedMe(λ2=35.0,K=3) | loss=0.4760
  [Client  2] Round 1 | Hier-pFedMe(λ2=35.0,K=3) | loss=1.1061
  [Client  8] Round 1 | Hier-pFedMe(λ2=35.0,K=3) | loss=0.0000
  [C5] Round 1 | batch 1/200 x[0].mean=0.075868
  [C1] Round 1 | batch 1/200 x[0].mean=-0.144658
  [Client  5] Round 1 | Hier-pFedMe(λ2=35.0,K=3) | loss=3.1777
  [Client  1] Round 1 | Hier-pFedMe(λ2=35.0,K=3) | loss=1.0894
  [Edge 0] G1 | E2 | loss=1.9978
  [Edge 0] G1 | E3 | Hier-pFedMe | Selected 10/10
  [C9] Round 1 | batch 2/100 x[0].mean=0.038389
  [C8] Round 1 | batch 2/100 x[0].mean=-0.595913
  [C7] Round 1 | batch 2/200 x[0].mean=-0.556435
  [C6] Round 1 | batch 2/200 x[0].mean=-0.096888
  [Client  8] Round 1 | Hier-pFedMe(λ2=35.0,K=3) | loss=0.0002  [Client  9] Round 1 | Hier-pFedMe(λ2=35.0,K=3) | loss=0.0009

  [Client  7] Round 1 | Hier-pFedMe(λ2=35.0,K=3) | loss=0.4104
  [Client  6] Round 1 | Hier-pFedMe(λ2=35.0,K=3) | loss=4.4558
  [C4] Round 1 | batch 2/200 x[0].mean=0.485990
  [C0] Round 1 | batch 2/200 x[0].mean=-0.217595
  [C1] Round 1 | batch 2/200 x[0].mean=0.169005
  [C3] Round 1 | batch 2/200 x[0].mean=-0.165408
  [Client  4] Round 1 | Hier-pFedMe(λ2=35.0,K=3) | loss=3.1658
  [Client  1] Round 1 | Hier-pFedMe(λ2=35.0,K=3) | loss=5.3149  [Client  0] Round 1 | Hier-pFedMe(λ2=35.0,K=3) | loss=6.0275

  [Client  3] Round 1 | Hier-pFedMe(λ2=35.0,K=3) | loss=7.5799
  [C5] Round 1 | batch 2/200 x[0].mean=-0.389168
  [C2] Round 1 | batch 2/200 x[0].mean=1.472151
  [Client  5] Round 1 | Hier-pFedMe(λ2=35.0,K=3) | loss=1.6166
  [Client  2] Round 1 | Hier-pFedMe(λ2=35.0,K=3) | loss=6.6791
  [Edge 0] G1 | E3 | loss=3.9167
  [Edge 0] G1 | E4 | Hier-pFedMe | Selected 10/10
  [C0] Round 1 | batch 3/200 x[0].mean=0.295408
  [C6] Round 1 | batch 3/200 x[0].mean=0.318711
  [C8] Round 1 | batch 3/100 x[0].mean=-0.292162  [C9] Round 1 | batch 3/100 x[0].mean=0.092517

  [Client  0] Round 1 | Hier-pFedMe(λ2=35.0,K=3) | loss=0.8288
  [Client  6] Round 1 | Hier-pFedMe(λ2=35.0,K=3) | loss=0.6526
  [Client  9] Round 1 | Hier-pFedMe(λ2=35.0,K=3) | loss=0.0027
  [Client  8] Round 1 | Hier-pFedMe(λ2=35.0,K=3) | loss=0.0029
  [C7] Round 1 | batch 3/200 x[0].mean=0.313318
  [C3] Round 1 | batch 3/200 x[0].mean=0.487296
  [C2] Round 1 | batch 3/200 x[0].mean=0.020928
  [C5] Round 1 | batch 3/200 x[0].mean=0.115843
  [Client  7] Round 1 | Hier-pFedMe(λ2=35.0,K=3) | loss=0.8837
  [Client  3] Round 1 | Hier-pFedMe(λ2=35.0,K=3) | loss=0.5462
  [Client  2] Round 1 | Hier-pFedMe(λ2=35.0,K=3) | loss=0.7293
  [Client  5] Round 1 | Hier-pFedMe(λ2=35.0,K=3) | loss=0.9140
  [C1] Round 1 | batch 3/200 x[0].mean=-0.460315
  [C4] Round 1 | batch 3/200 x[0].mean=-0.290543
  [Client  1] Round 1 | Hier-pFedMe(λ2=35.0,K=3) | loss=0.8544
  [Client  4] Round 1 | Hier-pFedMe(λ2=35.0,K=3) | loss=1.6493
  [Edge 0] G1 | E4 | loss=0.7846
  [Edge 0] G1 | E5 | Hier-pFedMe | Selected 10/10
  [C7] Round 1 | batch 4/200 x[0].mean=-0.057585
  [C4] Round 1 | batch 4/200 x[0].mean=-0.120472
  [C1] Round 1 | batch 4/200 x[0].mean=0.377512
  [C8] Round 1 | batch 4/100 x[0].mean=-0.019790
  [Client  7] Round 1 | Hier-pFedMe(λ2=35.0,K=3) | loss=0.8732
  [Client  4] Round 1 | Hier-pFedMe(λ2=35.0,K=3) | loss=1.3878
  [Client  8] Round 1 | Hier-pFedMe(λ2=35.0,K=3) | loss=0.0015
  [Client  1] Round 1 | Hier-pFedMe(λ2=35.0,K=3) | loss=3.7272
  [C5] Round 1 | batch 4/200 x[0].mean=-0.485328
  [C9] Round 1 | batch 4/100 x[0].mean=-0.367332
  [C3] Round 1 | batch 4/200 x[0].mean=0.028780
  [C0] Round 1 | batch 4/200 x[0].mean=-0.152708
  [Client  9] Round 1 | Hier-pFedMe(λ2=35.0,K=3) | loss=0.0036
  [Client  5] Round 1 | Hier-pFedMe(λ2=35.0,K=3) | loss=3.7903  [Client  3] Round 1 | Hier-pFedMe(λ2=35.0,K=3) | loss=5.3026

  [Client  0] Round 1 | Hier-pFedMe(λ2=35.0,K=3) | loss=0.4678
  [C6] Round 1 | batch 4/200 x[0].mean=0.030707
  [C2] Round 1 | batch 4/200 x[0].mean=-0.159410
  [Client  6] Round 1 | Hier-pFedMe(λ2=35.0,K=3) | loss=3.5753
  [Client  2] Round 1 | Hier-pFedMe(λ2=35.0,K=3) | loss=1.7411
  [Edge 0] G1 | E5 | loss=2.3186
  [Edge 1] G1 | E1 | Hier-pFedMe | Selected 10/10
  [C19] Round 1 | batch 0/120 x[0].mean=0.126782
  [C17] Round 1 | batch 0/120 x[0].mean=1.302268
  [C10] Round 1 | batch 0/120 x[0].mean=-0.104321  [C13] Round 1 | batch 0/120 x[0].mean=-0.096332

  [Client 19] Round 1 | Hier-pFedMe(λ2=35.0,K=3) | loss=2.6901
  [C12] Round 1 | batch 0/120 x[0].mean=0.396322
  [Client 17] Round 1 | Hier-pFedMe(λ2=35.0,K=3) | loss=11.8784
  [C14] Round 1 | batch 0/120 x[0].mean=-0.287849
  [Client 13] Round 1 | Hier-pFedMe(λ2=35.0,K=3) | loss=16.2995
  [Client 10] Round 1 | Hier-pFedMe(λ2=35.0,K=3) | loss=20.5571
  [C15] Round 1 | batch 0/120 x[0].mean=0.129875
  [C11] Round 1 | batch 0/120 x[0].mean=0.025865
  [Client 12] Round 1 | Hier-pFedMe(λ2=35.0,K=3) | loss=17.9437
  [C16] Round 1 | batch 0/120 x[0].mean=0.159642
  [Client 14] Round 1 | Hier-pFedMe(λ2=35.0,K=3) | loss=18.1651
  [C18] Round 1 | batch 0/120 x[0].mean=-0.136961
  [Client 15] Round 1 | Hier-pFedMe(λ2=35.0,K=3) | loss=6.1734
  [Client 11] Round 1 | Hier-pFedMe(λ2=35.0,K=3) | loss=10.3664
  [Client 16] Round 1 | Hier-pFedMe(λ2=35.0,K=3) | loss=11.4864
  [Client 18] Round 1 | Hier-pFedMe(λ2=35.0,K=3) | loss=21.0388
  [Edge 1] G1 | E1 | loss=13.6599
  [Edge 1] G1 | E2 | Hier-pFedMe | Selected 10/10
  [C11] Round 1 | batch 1/120 x[0].mean=-0.187147
  [C19] Round 1 | batch 1/120 x[0].mean=0.435867
  [C16] Round 1 | batch 1/120 x[0].mean=-0.504061
  [C15] Round 1 | batch 1/120 x[0].mean=0.131134
  [Client 19] Round 1 | Hier-pFedMe(λ2=35.0,K=3) | loss=2.8786
  [Client 15] Round 1 | Hier-pFedMe(λ2=35.0,K=3) | loss=4.7719
  [Client 11] Round 1 | Hier-pFedMe(λ2=35.0,K=3) | loss=5.6252
  [Client 16] Round 1 | Hier-pFedMe(λ2=35.0,K=3) | loss=0.7710
  [C14] Round 1 | batch 1/120 x[0].mean=-0.362660
  [C18] Round 1 | batch 1/120 x[0].mean=-0.286228  [C17] Round 1 | batch 1/120 x[0].mean=0.434190

  [C12] Round 1 | batch 1/120 x[0].mean=0.651579
  [Client 14] Round 1 | Hier-pFedMe(λ2=35.0,K=3) | loss=0.4817
  [Client 18] Round 1 | Hier-pFedMe(λ2=35.0,K=3) | loss=2.2611
  [Client 17] Round 1 | Hier-pFedMe(λ2=35.0,K=3) | loss=0.6934
  [Client 12] Round 1 | Hier-pFedMe(λ2=35.0,K=3) | loss=1.6832
  [C10] Round 1 | batch 1/120 x[0].mean=-0.101794
  [C13] Round 1 | batch 1/120 x[0].mean=0.993885
  [Client 10] Round 1 | Hier-pFedMe(λ2=35.0,K=3) | loss=0.8063
  [Client 13] Round 1 | Hier-pFedMe(λ2=35.0,K=3) | loss=3.4146
  [Edge 1] G1 | E2 | loss=2.3387
  [Edge 1] G1 | E3 | Hier-pFedMe | Selected 10/10
  [C14] Round 1 | batch 2/120 x[0].mean=0.225058
  [C12] Round 1 | batch 2/120 x[0].mean=0.309198
  [C10] Round 1 | batch 2/120 x[0].mean=-0.173760
  [C15] Round 1 | batch 2/120 x[0].mean=0.033994
  [Client 14] Round 1 | Hier-pFedMe(λ2=35.0,K=3) | loss=4.3365
  [Client 12] Round 1 | Hier-pFedMe(λ2=35.0,K=3) | loss=2.2154
  [Client 10] Round 1 | Hier-pFedMe(λ2=35.0,K=3) | loss=4.3108
  [Client 15] Round 1 | Hier-pFedMe(λ2=35.0,K=3) | loss=0.7745
  [C18] Round 1 | batch 2/120 x[0].mean=-0.104889
  [C11] Round 1 | batch 2/120 x[0].mean=-0.159416
  [C16] Round 1 | batch 2/120 x[0].mean=0.647657
  [C13] Round 1 | batch 2/120 x[0].mean=0.254162
  [Client 18] Round 1 | Hier-pFedMe(λ2=35.0,K=3) | loss=1.0956
  [Client 11] Round 1 | Hier-pFedMe(λ2=35.0,K=3) | loss=1.0081
  [Client 16] Round 1 | Hier-pFedMe(λ2=35.0,K=3) | loss=0.7002
  [Client 13] Round 1 | Hier-pFedMe(λ2=35.0,K=3) | loss=2.3741
  [C17] Round 1 | batch 2/120 x[0].mean=-0.148106
  [C19] Round 1 | batch 2/120 x[0].mean=0.989641
  [Client 17] Round 1 | Hier-pFedMe(λ2=35.0,K=3) | loss=5.9451
  [Client 19] Round 1 | Hier-pFedMe(λ2=35.0,K=3) | loss=4.3898
  [Edge 1] G1 | E3 | loss=2.7150
  [Edge 1] G1 | E4 | Hier-pFedMe | Selected 10/10
  [C12] Round 1 | batch 3/120 x[0].mean=-0.053393
  [C14] Round 1 | batch 3/120 x[0].mean=0.082114
  [C15] Round 1 | batch 3/120 x[0].mean=0.300271
  [C18] Round 1 | batch 3/120 x[0].mean=0.077146
  [Client 12] Round 1 | Hier-pFedMe(λ2=35.0,K=3) | loss=0.5641
  [Client 14] Round 1 | Hier-pFedMe(λ2=35.0,K=3) | loss=0.5059
  [Client 15] Round 1 | Hier-pFedMe(λ2=35.0,K=3) | loss=1.4996
  [Client 18] Round 1 | Hier-pFedMe(λ2=35.0,K=3) | loss=0.8125
  [C10] Round 1 | batch 3/120 x[0].mean=-0.062893
  [C13] Round 1 | batch 3/120 x[0].mean=0.778084
  [C11] Round 1 | batch 3/120 x[0].mean=-0.034556
  [C16] Round 1 | batch 3/120 x[0].mean=1.181222
  [Client 13] Round 1 | Hier-pFedMe(λ2=35.0,K=3) | loss=0.6830  [Client 10] Round 1 | Hier-pFedMe(λ2=35.0,K=3) | loss=0.3657

  [Client 11] Round 1 | Hier-pFedMe(λ2=35.0,K=3) | loss=2.2793
  [Client 16] Round 1 | Hier-pFedMe(λ2=35.0,K=3) | loss=0.5837
  [C19] Round 1 | batch 3/120 x[0].mean=0.249580
  [C17] Round 1 | batch 3/120 x[0].mean=-0.510188
  [Client 19] Round 1 | Hier-pFedMe(λ2=35.0,K=3) | loss=0.6165
  [Client 17] Round 1 | Hier-pFedMe(λ2=35.0,K=3) | loss=0.4184
  [Edge 1] G1 | E4 | loss=0.8329
  [Edge 1] G1 | E5 | Hier-pFedMe | Selected 10/10
  [C13] Round 1 | batch 4/120 x[0].mean=0.178244  [C16] Round 1 | batch 4/120 x[0].mean=0.179866

  [C18] Round 1 | batch 4/120 x[0].mean=-0.021094
  [C19] Round 1 | batch 4/120 x[0].mean=0.011706
  [Client 16] Round 1 | Hier-pFedMe(λ2=35.0,K=3) | loss=1.1269  [Client 13] Round 1 | Hier-pFedMe(λ2=35.0,K=3) | loss=0.2443

  [Client 18] Round 1 | Hier-pFedMe(λ2=35.0,K=3) | loss=3.0042
  [Client 19] Round 1 | Hier-pFedMe(λ2=35.0,K=3) | loss=2.2943
  [C17] Round 1 | batch 4/120 x[0].mean=-0.069236
  [C15] Round 1 | batch 4/120 x[0].mean=-0.013239
  [C12] Round 1 | batch 4/120 x[0].mean=-0.474929
  [C14] Round 1 | batch 4/120 x[0].mean=-0.004100
  [Client 15] Round 1 | Hier-pFedMe(λ2=35.0,K=3) | loss=0.7514
  [Client 17] Round 1 | Hier-pFedMe(λ2=35.0,K=3) | loss=5.9296
  [Client 12] Round 1 | Hier-pFedMe(λ2=35.0,K=3) | loss=1.6961
  [Client 14] Round 1 | Hier-pFedMe(λ2=35.0,K=3) | loss=1.2990
  [C11] Round 1 | batch 4/120 x[0].mean=-0.212325
  [C10] Round 1 | batch 4/120 x[0].mean=-0.102766
  [Client 11] Round 1 | Hier-pFedMe(λ2=35.0,K=3) | loss=0.2941
  [Client 10] Round 1 | Hier-pFedMe(λ2=35.0,K=3) | loss=2.9493
  [Edge 1] G1 | E5 | loss=1.9589
  [Cloud] GM=0.0941 | EM=0.2002 | loss=2.3058 | time=59.9s | comm=4556.2MB (total=4556MB)

[Round   2] Broadcasting to 2 edges...
  [Edge 0] G2 | E1 | Hier-pFedMe | Selected 10/10
  [C2] Round 2 | batch 5/200 x[0].mean=-0.328672
  [C6] Round 2 | batch 5/200 x[0].mean=-0.333036
  [C8] Round 2 | batch 5/100 x[0].mean=-0.325637
  [C9] Round 2 | batch 5/100 x[0].mean=0.298588
  [Client  2] Round 2 | Hier-pFedMe(λ2=35.0,K=3) | loss=0.6502
  [Client  6] Round 2 | Hier-pFedMe(λ2=35.0,K=3) | loss=0.6857
  [Client  8] Round 2 | Hier-pFedMe(λ2=35.0,K=3) | loss=0.0331
  [Client  9] Round 2 | Hier-pFedMe(λ2=35.0,K=3) | loss=0.0298
  [C5] Round 2 | batch 5/200 x[0].mean=0.476443
  [C1] Round 2 | batch 5/200 x[0].mean=0.144907
  [C4] Round 2 | batch 5/200 x[0].mean=0.251640
  [C0] Round 2 | batch 5/200 x[0].mean=-0.458424
  [Client  5] Round 2 | Hier-pFedMe(λ2=35.0,K=3) | loss=0.4684
  [Client  1] Round 2 | Hier-pFedMe(λ2=35.0,K=3) | loss=1.0817
  [Client  4] Round 2 | Hier-pFedMe(λ2=35.0,K=3) | loss=1.2822
  [Client  0] Round 2 | Hier-pFedMe(λ2=35.0,K=3) | loss=0.8067
  [C7] Round 2 | batch 5/200 x[0].mean=0.161461
  [C3] Round 2 | batch 5/200 x[0].mean=0.594712
  [Client  7] Round 2 | Hier-pFedMe(λ2=35.0,K=3) | loss=0.7858
  [Client  3] Round 2 | Hier-pFedMe(λ2=35.0,K=3) | loss=0.5812
  [Edge 0] G2 | E1 | loss=0.7081
  [Edge 0] G2 | E2 | Hier-pFedMe | Selected 10/10
  [C1] Round 2 | batch 6/200 x[0].mean=-0.091547
  [C5] Round 2 | batch 6/200 x[0].mean=-0.327052
  [C6] Round 2 | batch 6/200 x[0].mean=-0.159784
  [C8] Round 2 | batch 6/100 x[0].mean=-0.356834
  [Client  1] Round 2 | Hier-pFedMe(λ2=35.0,K=3) | loss=1.0196
  [Client  5] Round 2 | Hier-pFedMe(λ2=35.0,K=3) | loss=2.9292
  [Client  6] Round 2 | Hier-pFedMe(λ2=35.0,K=3) | loss=0.6619
  [Client  8] Round 2 | Hier-pFedMe(λ2=35.0,K=3) | loss=0.0145
  [C4] Round 2 | batch 6/200 x[0].mean=-0.306741
  [C3] Round 2 | batch 6/200 x[0].mean=-0.093945
  [C7] Round 2 | batch 6/200 x[0].mean=0.018831
  [C0] Round 2 | batch 6/200 x[0].mean=-0.164171
  [Client  4] Round 2 | Hier-pFedMe(λ2=35.0,K=3) | loss=1.1681
  [Client  3] Round 2 | Hier-pFedMe(λ2=35.0,K=3) | loss=0.5835
  [Client  7] Round 2 | Hier-pFedMe(λ2=35.0,K=3) | loss=0.2983
  [Client  0] Round 2 | Hier-pFedMe(λ2=35.0,K=3) | loss=0.7138
  [C9] Round 2 | batch 6/100 x[0].mean=-0.404776
  [C2] Round 2 | batch 6/200 x[0].mean=-0.052329
  [Client  9] Round 2 | Hier-pFedMe(λ2=35.0,K=3) | loss=0.0232
  [Client  2] Round 2 | Hier-pFedMe(λ2=35.0,K=3) | loss=1.3504
  [Edge 0] G2 | E2 | loss=0.9715
  [Edge 0] G2 | E3 | Hier-pFedMe | Selected 10/10
  [C6] Round 2 | batch 7/200 x[0].mean=-0.043212
  [C8] Round 2 | batch 7/100 x[0].mean=-0.206325
  [C3] Round 2 | batch 7/200 x[0].mean=-0.092315
  [C1] Round 2 | batch 7/200 x[0].mean=-0.276379
  [Client  6] Round 2 | Hier-pFedMe(λ2=35.0,K=3) | loss=0.6379
  [Client  3] Round 2 | Hier-pFedMe(λ2=35.0,K=3) | loss=0.5231
  [Client  8] Round 2 | Hier-pFedMe(λ2=35.0,K=3) | loss=0.0318
  [Client  1] Round 2 | Hier-pFedMe(λ2=35.0,K=3) | loss=0.5527
  [C9] Round 2 | batch 7/100 x[0].mean=0.401075
  [C0] Round 2 | batch 7/200 x[0].mean=-0.259098
  [C5] Round 2 | batch 7/200 x[0].mean=-0.314620
  [C4] Round 2 | batch 7/200 x[0].mean=0.041444
  [Client  9] Round 2 | Hier-pFedMe(λ2=35.0,K=3) | loss=0.0263
  [Client  0] Round 2 | Hier-pFedMe(λ2=35.0,K=3) | loss=0.3823
  [Client  5] Round 2 | Hier-pFedMe(λ2=35.0,K=3) | loss=0.7432
  [Client  4] Round 2 | Hier-pFedMe(λ2=35.0,K=3) | loss=0.7521
  [C7] Round 2 | batch 7/200 x[0].mean=-0.340043
  [C2] Round 2 | batch 7/200 x[0].mean=0.467116
  [Client  7] Round 2 | Hier-pFedMe(λ2=35.0,K=3) | loss=0.3386
  [Client  2] Round 2 | Hier-pFedMe(λ2=35.0,K=3) | loss=0.3216
  [Edge 0] G2 | E3 | loss=0.4756
  [Edge 0] G2 | E4 | Hier-pFedMe | Selected 10/10
  [C6] Round 2 | batch 8/200 x[0].mean=-0.036705
  [C5] Round 2 | batch 8/200 x[0].mean=-0.173780
  [C1] Round 2 | batch 8/200 x[0].mean=-0.786501
  [C2] Round 2 | batch 8/200 x[0].mean=-0.266922
  [Client  6] Round 2 | Hier-pFedMe(λ2=35.0,K=3) | loss=0.7793
  [Client  1] Round 2 | Hier-pFedMe(λ2=35.0,K=3) | loss=0.4088
  [Client  5] Round 2 | Hier-pFedMe(λ2=35.0,K=3) | loss=2.4515
  [Client  2] Round 2 | Hier-pFedMe(λ2=35.0,K=3) | loss=0.2383
  [C8] Round 2 | batch 8/100 x[0].mean=-0.310505
  [C0] Round 2 | batch 8/200 x[0].mean=-0.704712
  [C7] Round 2 | batch 8/200 x[0].mean=-0.718273
  [C4] Round 2 | batch 8/200 x[0].mean=-0.338878
  [Client  8] Round 2 | Hier-pFedMe(λ2=35.0,K=3) | loss=0.0135
  [Client  7] Round 2 | Hier-pFedMe(λ2=35.0,K=3) | loss=0.4257
  [Client  0] Round 2 | Hier-pFedMe(λ2=35.0,K=3) | loss=0.2333
  [Client  4] Round 2 | Hier-pFedMe(λ2=35.0,K=3) | loss=0.4494
  [C3] Round 2 | batch 8/200 x[0].mean=-0.464355
  [C9] Round 2 | batch 8/100 x[0].mean=-0.269969
  [Client  3] Round 2 | Hier-pFedMe(λ2=35.0,K=3) | loss=1.2596
  [Client  9] Round 2 | Hier-pFedMe(λ2=35.0,K=3) | loss=0.0141
  [Edge 0] G2 | E4 | loss=0.6955
  [Edge 0] G2 | E5 | Hier-pFedMe | Selected 10/10
  [C5] Round 2 | batch 9/200 x[0].mean=-0.467143
  [C2] Round 2 | batch 9/200 x[0].mean=-0.112115
  [C1] Round 2 | batch 9/200 x[0].mean=-0.457381
  [C6] Round 2 | batch 9/200 x[0].mean=0.286076
  [Client  5] Round 2 | Hier-pFedMe(λ2=35.0,K=3) | loss=0.5680
  [Client  1] Round 2 | Hier-pFedMe(λ2=35.0,K=3) | loss=0.4942
  [Client  2] Round 2 | Hier-pFedMe(λ2=35.0,K=3) | loss=0.2272
  [Client  6] Round 2 | Hier-pFedMe(λ2=35.0,K=3) | loss=0.2591
  [C8] Round 2 | batch 9/100 x[0].mean=-0.058231
  [C9] Round 2 | batch 9/100 x[0].mean=-0.584061
  [C3] Round 2 | batch 9/200 x[0].mean=0.334157
  [C7] Round 2 | batch 9/200 x[0].mean=-0.127450
  [Client  8] Round 2 | Hier-pFedMe(λ2=35.0,K=3) | loss=0.0194
  [Client  3] Round 2 | Hier-pFedMe(λ2=35.0,K=3) | loss=0.5319
  [Client  9] Round 2 | Hier-pFedMe(λ2=35.0,K=3) | loss=0.0187
  [Client  7] Round 2 | Hier-pFedMe(λ2=35.0,K=3) | loss=0.2280
  [C4] Round 2 | batch 9/200 x[0].mean=0.308114
  [C0] Round 2 | batch 9/200 x[0].mean=0.296221
  [Client  4] Round 2 | Hier-pFedMe(λ2=35.0,K=3) | loss=0.6769
  [Client  0] Round 2 | Hier-pFedMe(λ2=35.0,K=3) | loss=0.2461
  [Edge 0] G2 | E5 | loss=0.3612
  [Edge 1] G2 | E1 | Hier-pFedMe | Selected 10/10
  [C16] Round 2 | batch 5/120 x[0].mean=-0.650037
  [C17] Round 2 | batch 5/120 x[0].mean=0.111329
  [C11] Round 2 | batch 5/120 x[0].mean=0.592997  [C14] Round 2 | batch 5/120 x[0].mean=0.111422

  [Client 16] Round 2 | Hier-pFedMe(λ2=35.0,K=3) | loss=0.3185  [Client 17] Round 2 | Hier-pFedMe(λ2=35.0,K=3) | loss=0.7035

  [Client 14] Round 2 | Hier-pFedMe(λ2=35.0,K=3) | loss=0.5335
  [Client 11] Round 2 | Hier-pFedMe(λ2=35.0,K=3) | loss=0.2493
  [C13] Round 2 | batch 5/120 x[0].mean=0.009819
  [C19] Round 2 | batch 5/120 x[0].mean=-0.251380
  [C12] Round 2 | batch 5/120 x[0].mean=0.362765
  [C10] Round 2 | batch 5/120 x[0].mean=-0.061657
  [Client 13] Round 2 | Hier-pFedMe(λ2=35.0,K=3) | loss=0.2491
  [Client 19] Round 2 | Hier-pFedMe(λ2=35.0,K=3) | loss=0.3580
  [Client 12] Round 2 | Hier-pFedMe(λ2=35.0,K=3) | loss=0.3368
  [Client 10] Round 2 | Hier-pFedMe(λ2=35.0,K=3) | loss=0.5037
  [C15] Round 2 | batch 5/120 x[0].mean=-0.162252
  [C18] Round 2 | batch 5/120 x[0].mean=-0.251906
  [Client 15] Round 2 | Hier-pFedMe(λ2=35.0,K=3) | loss=0.8593
  [Client 18] Round 2 | Hier-pFedMe(λ2=35.0,K=3) | loss=0.4584
  [Edge 1] G2 | E1 | loss=0.4570
  [Edge 1] G2 | E2 | Hier-pFedMe | Selected 10/10
  [C12] Round 2 | batch 6/120 x[0].mean=0.088523
  [C11] Round 2 | batch 6/120 x[0].mean=-0.510757
  [C10] Round 2 | batch 6/120 x[0].mean=0.016781
  [C13] Round 2 | batch 6/120 x[0].mean=0.184617
  [Client 12] Round 2 | Hier-pFedMe(λ2=35.0,K=3) | loss=1.2239
  [Client 10] Round 2 | Hier-pFedMe(λ2=35.0,K=3) | loss=1.5847
  [Client 11] Round 2 | Hier-pFedMe(λ2=35.0,K=3) | loss=0.2206  [Client 13] Round 2 | Hier-pFedMe(λ2=35.0,K=3) | loss=0.3108

  [C17] Round 2 | batch 6/120 x[0].mean=0.332853  [C16] Round 2 | batch 6/120 x[0].mean=-0.080541
  [C19] Round 2 | batch 6/120 x[0].mean=0.643046

  [C18] Round 2 | batch 6/120 x[0].mean=-0.418651
  [Client 16] Round 2 | Hier-pFedMe(λ2=35.0,K=3) | loss=0.6404
  [Client 19] Round 2 | Hier-pFedMe(λ2=35.0,K=3) | loss=0.1426
  [Client 17] Round 2 | Hier-pFedMe(λ2=35.0,K=3) | loss=7.3950
  [Client 18] Round 2 | Hier-pFedMe(λ2=35.0,K=3) | loss=1.6965
  [C15] Round 2 | batch 6/120 x[0].mean=-0.105804
  [C14] Round 2 | batch 6/120 x[0].mean=0.955490
  [Client 15] Round 2 | Hier-pFedMe(λ2=35.0,K=3) | loss=0.5627
  [Client 14] Round 2 | Hier-pFedMe(λ2=35.0,K=3) | loss=1.4692
  [Edge 1] G2 | E2 | loss=1.5246
  [Edge 1] G2 | E3 | Hier-pFedMe | Selected 10/10
  [C10] Round 2 | batch 7/120 x[0].mean=0.503553
  [C12] Round 2 | batch 7/120 x[0].mean=0.345194
  [C13] Round 2 | batch 7/120 x[0].mean=0.521441  [C14] Round 2 | batch 7/120 x[0].mean=-0.397155

  [Client 12] Round 2 | Hier-pFedMe(λ2=35.0,K=3) | loss=0.2638
  [Client 10] Round 2 | Hier-pFedMe(λ2=35.0,K=3) | loss=0.5130
  [Client 14] Round 2 | Hier-pFedMe(λ2=35.0,K=3) | loss=0.2087
  [Client 13] Round 2 | Hier-pFedMe(λ2=35.0,K=3) | loss=0.3757
  [C17] Round 2 | batch 7/120 x[0].mean=0.632218
  [C18] Round 2 | batch 7/120 x[0].mean=-0.311346
  [C16] Round 2 | batch 7/120 x[0].mean=0.277923
  [C19] Round 2 | batch 7/120 x[0].mean=-0.126225
  [Client 17] Round 2 | Hier-pFedMe(λ2=35.0,K=3) | loss=0.6288
  [Client 18] Round 2 | Hier-pFedMe(λ2=35.0,K=3) | loss=0.6791
  [Client 16] Round 2 | Hier-pFedMe(λ2=35.0,K=3) | loss=0.4635
  [Client 19] Round 2 | Hier-pFedMe(λ2=35.0,K=3) | loss=0.3757
  [C15] Round 2 | batch 7/120 x[0].mean=0.212025
  [C11] Round 2 | batch 7/120 x[0].mean=0.451492
  [Client 15] Round 2 | Hier-pFedMe(λ2=35.0,K=3) | loss=0.1882
  [Client 11] Round 2 | Hier-pFedMe(λ2=35.0,K=3) | loss=0.4822
  [Edge 1] G2 | E3 | loss=0.4179
  [Edge 1] G2 | E4 | Hier-pFedMe | Selected 10/10
  [C19] Round 2 | batch 8/120 x[0].mean=-0.424232
  [C15] Round 2 | batch 8/120 x[0].mean=0.435141
  [C11] Round 2 | batch 8/120 x[0].mean=1.048406
  [C14] Round 2 | batch 8/120 x[0].mean=0.376109
  [Client 15] Round 2 | Hier-pFedMe(λ2=35.0,K=3) | loss=0.2622
  [Client 19] Round 2 | Hier-pFedMe(λ2=35.0,K=3) | loss=0.3921
  [Client 11] Round 2 | Hier-pFedMe(λ2=35.0,K=3) | loss=0.2540
  [Client 14] Round 2 | Hier-pFedMe(λ2=35.0,K=3) | loss=0.2874
  [C12] Round 2 | batch 8/120 x[0].mean=0.218479
  [C17] Round 2 | batch 8/120 x[0].mean=-0.419061
  [C10] Round 2 | batch 8/120 x[0].mean=-0.252948
  [C13] Round 2 | batch 8/120 x[0].mean=0.469375
  [Client 12] Round 2 | Hier-pFedMe(λ2=35.0,K=3) | loss=1.2591
  [Client 17] Round 2 | Hier-pFedMe(λ2=35.0,K=3) | loss=6.6900
  [Client 10] Round 2 | Hier-pFedMe(λ2=35.0,K=3) | loss=0.1548
  [Client 13] Round 2 | Hier-pFedMe(λ2=35.0,K=3) | loss=0.2730
  [C16] Round 2 | batch 8/120 x[0].mean=0.284700
  [C18] Round 2 | batch 8/120 x[0].mean=-0.004673
  [Client 16] Round 2 | Hier-pFedMe(λ2=35.0,K=3) | loss=1.1805
  [Client 18] Round 2 | Hier-pFedMe(λ2=35.0,K=3) | loss=1.8165
  [Edge 1] G2 | E4 | loss=1.2570
  [Edge 1] G2 | E5 | Hier-pFedMe | Selected 10/10
  [C18] Round 2 | batch 9/120 x[0].mean=-0.236912
  [C11] Round 2 | batch 9/120 x[0].mean=-0.185443
  [C14] Round 2 | batch 9/120 x[0].mean=0.700805
  [C13] Round 2 | batch 9/120 x[0].mean=0.715536
  [Client 18] Round 2 | Hier-pFedMe(λ2=35.0,K=3) | loss=0.4684
  [Client 11] Round 2 | Hier-pFedMe(λ2=35.0,K=3) | loss=0.1750
  [Client 14] Round 2 | Hier-pFedMe(λ2=35.0,K=3) | loss=0.4892
  [Client 13] Round 2 | Hier-pFedMe(λ2=35.0,K=3) | loss=0.2268
  [C17] Round 2 | batch 9/120 x[0].mean=-0.404824
  [C16] Round 2 | batch 9/120 x[0].mean=0.445299
  [C10] Round 2 | batch 9/120 x[0].mean=-0.057278
  [C15] Round 2 | batch 9/120 x[0].mean=0.467042
  [Client 17] Round 2 | Hier-pFedMe(λ2=35.0,K=3) | loss=0.5604
  [Client 16] Round 2 | Hier-pFedMe(λ2=35.0,K=3) | loss=0.3718
  [Client 10] Round 2 | Hier-pFedMe(λ2=35.0,K=3) | loss=0.4812
  [Client 15] Round 2 | Hier-pFedMe(λ2=35.0,K=3) | loss=0.2591
  [C19] Round 2 | batch 9/120 x[0].mean=0.480570
  [C12] Round 2 | batch 9/120 x[0].mean=0.619829
  [Client 19] Round 2 | Hier-pFedMe(λ2=35.0,K=3) | loss=0.3297
  [Client 12] Round 2 | Hier-pFedMe(λ2=35.0,K=3) | loss=0.5563
  [Edge 1] G2 | E5 | loss=0.3918
  [Cloud] GM=0.1091 | EM=0.2234 | loss=2.2979 | time=27.9s | comm=4556.2MB (total=9112MB)

[Round   3] Broadcasting to 2 edges...
  [Edge 0] G3 | E1 | Hier-pFedMe | Selected 10/10
  [C4] Round 3 | batch 10/200 x[0].mean=0.185898  [C3] Round 3 | batch 10/200 x[0].mean=-0.091043

  [C6] Round 3 | batch 10/200 x[0].mean=-0.252636
  [C9] Round 3 | batch 10/100 x[0].mean=-0.157964
  [Client  4] Round 3 | Hier-pFedMe(λ2=35.0,K=3) | loss=0.4508
  [Client  6] Round 3 | Hier-pFedMe(λ2=35.0,K=3) | loss=0.1622
  [Client  3] Round 3 | Hier-pFedMe(λ2=35.0,K=3) | loss=0.5190
  [Client  9] Round 3 | Hier-pFedMe(λ2=35.0,K=3) | loss=0.0248
  [C1] Round 3 | batch 10/200 x[0].mean=0.600090
  [C5] Round 3 | batch 10/200 x[0].mean=0.035205
  [C0] Round 3 | batch 10/200 x[0].mean=-0.270598
  [C7] Round 3 | batch 10/200 x[0].mean=0.283044
  [Client  1] Round 3 | Hier-pFedMe(λ2=35.0,K=3) | loss=0.5736
  [Client  5] Round 3 | Hier-pFedMe(λ2=35.0,K=3) | loss=2.2615
  [Client  0] Round 3 | Hier-pFedMe(λ2=35.0,K=3) | loss=0.3419
  [Client  7] Round 3 | Hier-pFedMe(λ2=35.0,K=3) | loss=0.3940
  [C8] Round 3 | batch 10/100 x[0].mean=-0.023000
  [C2] Round 3 | batch 10/200 x[0].mean=0.402632
  [Client  8] Round 3 | Hier-pFedMe(λ2=35.0,K=3) | loss=0.0356
  [Client  2] Round 3 | Hier-pFedMe(λ2=35.0,K=3) | loss=0.2756
  [Edge 0] G3 | E1 | loss=0.5566
  [Edge 0] G3 | E2 | Hier-pFedMe | Selected 10/10
  [C4] Round 3 | batch 11/200 x[0].mean=0.366591
  [C6] Round 3 | batch 11/200 x[0].mean=0.060402
  [C5] Round 3 | batch 11/200 x[0].mean=0.480101  [C9] Round 3 | batch 11/100 x[0].mean=-0.105013

  [Client  4] Round 3 | Hier-pFedMe(λ2=35.0,K=3) | loss=0.6410
  [Client  5] Round 3 | Hier-pFedMe(λ2=35.0,K=3) | loss=0.4273
  [Client  6] Round 3 | Hier-pFedMe(λ2=35.0,K=3) | loss=0.2851
  [Client  9] Round 3 | Hier-pFedMe(λ2=35.0,K=3) | loss=0.0187
  [C7] Round 3 | batch 11/200 x[0].mean=-0.121532
  [C1] Round 3 | batch 11/200 x[0].mean=0.114646
  [C8] Round 3 | batch 11/100 x[0].mean=0.103789
  [C0] Round 3 | batch 11/200 x[0].mean=-0.019349
  [Client  7] Round 3 | Hier-pFedMe(λ2=35.0,K=3) | loss=0.2759
  [Client  1] Round 3 | Hier-pFedMe(λ2=35.0,K=3) | loss=0.2233  [Client  8] Round 3 | Hier-pFedMe(λ2=35.0,K=3) | loss=0.0147

  [Client  0] Round 3 | Hier-pFedMe(λ2=35.0,K=3) | loss=0.3007
  [C3] Round 3 | batch 11/200 x[0].mean=0.037722
  [C2] Round 3 | batch 11/200 x[0].mean=-0.544514
  [Client  3] Round 3 | Hier-pFedMe(λ2=35.0,K=3) | loss=0.3789
  [Client  2] Round 3 | Hier-pFedMe(λ2=35.0,K=3) | loss=0.2905
  [Edge 0] G3 | E2 | loss=0.3155
  [Edge 0] G3 | E3 | Hier-pFedMe | Selected 10/10
  [C7] Round 3 | batch 12/200 x[0].mean=0.250885
  [C6] Round 3 | batch 12/200 x[0].mean=0.054286
  [C5] Round 3 | batch 12/200 x[0].mean=0.825816
  [C9] Round 3 | batch 12/100 x[0].mean=0.159180
  [Client  7] Round 3 | Hier-pFedMe(λ2=35.0,K=3) | loss=0.3096
  [Client  6] Round 3 | Hier-pFedMe(λ2=35.0,K=3) | loss=0.7850
  [Client  5] Round 3 | Hier-pFedMe(λ2=35.0,K=3) | loss=0.6144
  [Client  9] Round 3 | Hier-pFedMe(λ2=35.0,K=3) | loss=0.0238
  [C4] Round 3 | batch 12/200 x[0].mean=0.348796
  [C1] Round 3 | batch 12/200 x[0].mean=-0.379139
  [C2] Round 3 | batch 12/200 x[0].mean=-0.249927
  [C0] Round 3 | batch 12/200 x[0].mean=-0.156435
  [Client  4] Round 3 | Hier-pFedMe(λ2=35.0,K=3) | loss=0.4144
  [Client  1] Round 3 | Hier-pFedMe(λ2=35.0,K=3) | loss=0.2774
  [Client  2] Round 3 | Hier-pFedMe(λ2=35.0,K=3) | loss=0.2199
  [Client  0] Round 3 | Hier-pFedMe(λ2=35.0,K=3) | loss=0.3586
  [C3] Round 3 | batch 12/200 x[0].mean=-0.461174
  [C8] Round 3 | batch 12/100 x[0].mean=-0.103995
  [Client  3] Round 3 | Hier-pFedMe(λ2=35.0,K=3) | loss=0.6010
  [Client  8] Round 3 | Hier-pFedMe(λ2=35.0,K=3) | loss=0.0161
  [Edge 0] G3 | E3 | loss=0.4000
  [Edge 0] G3 | E4 | Hier-pFedMe | Selected 10/10
  [C7] Round 3 | batch 13/200 x[0].mean=-0.335163
  [C8] Round 3 | batch 13/100 x[0].mean=-0.543141
  [C0] Round 3 | batch 13/200 x[0].mean=0.087047
  [C1] Round 3 | batch 13/200 x[0].mean=-0.300516
  [Client  7] Round 3 | Hier-pFedMe(λ2=35.0,K=3) | loss=0.4351
  [Client  8] Round 3 | Hier-pFedMe(λ2=35.0,K=3) | loss=0.0180
  [Client  0] Round 3 | Hier-pFedMe(λ2=35.0,K=3) | loss=0.1870
  [Client  1] Round 3 | Hier-pFedMe(λ2=35.0,K=3) | loss=0.2511
  [C2] Round 3 | batch 13/200 x[0].mean=-0.401129
  [C3] Round 3 | batch 13/200 x[0].mean=0.182684
  [C9] Round 3 | batch 13/100 x[0].mean=-0.015959
  [C6] Round 3 | batch 13/200 x[0].mean=0.636808
  [Client  2] Round 3 | Hier-pFedMe(λ2=35.0,K=3) | loss=0.3060
  [Client  3] Round 3 | Hier-pFedMe(λ2=35.0,K=3) | loss=0.1315
  [Client  9] Round 3 | Hier-pFedMe(λ2=35.0,K=3) | loss=0.0136
  [Client  6] Round 3 | Hier-pFedMe(λ2=35.0,K=3) | loss=0.1398
  [C5] Round 3 | batch 13/200 x[0].mean=-0.270220
  [C4] Round 3 | batch 13/200 x[0].mean=0.413082
  [Client  5] Round 3 | Hier-pFedMe(λ2=35.0,K=3) | loss=0.4546
  [Client  4] Round 3 | Hier-pFedMe(λ2=35.0,K=3) | loss=0.2922
  [Edge 0] G3 | E4 | loss=0.2459
  [Edge 0] G3 | E5 | Hier-pFedMe | Selected 10/10
  [C0] Round 3 | batch 14/200 x[0].mean=0.350745  [C4] Round 3 | batch 14/200 x[0].mean=-0.184623

  [C5] Round 3 | batch 14/200 x[0].mean=0.196900
  [C9] Round 3 | batch 14/100 x[0].mean=-0.727144
  [Client  5] Round 3 | Hier-pFedMe(λ2=35.0,K=3) | loss=0.8999
  [Client  0] Round 3 | Hier-pFedMe(λ2=35.0,K=3) | loss=0.3813
  [Client  4] Round 3 | Hier-pFedMe(λ2=35.0,K=3) | loss=0.1610
  [Client  9] Round 3 | Hier-pFedMe(λ2=35.0,K=3) | loss=0.0151
  [C3] Round 3 | batch 14/200 x[0].mean=-0.231274
  [C7] Round 3 | batch 14/200 x[0].mean=-0.027479
  [C2] Round 3 | batch 14/200 x[0].mean=0.110879
  [C6] Round 3 | batch 14/200 x[0].mean=-0.181026
  [Client  3] Round 3 | Hier-pFedMe(λ2=35.0,K=3) | loss=0.5532
  [Client  7] Round 3 | Hier-pFedMe(λ2=35.0,K=3) | loss=0.7855
  [Client  2] Round 3 | Hier-pFedMe(λ2=35.0,K=3) | loss=0.3585
  [Client  6] Round 3 | Hier-pFedMe(λ2=35.0,K=3) | loss=0.4831
  [C1] Round 3 | batch 14/200 x[0].mean=-0.630951
  [C8] Round 3 | batch 14/100 x[0].mean=-0.493105
  [Client  1] Round 3 | Hier-pFedMe(λ2=35.0,K=3) | loss=0.7433
  [Client  8] Round 3 | Hier-pFedMe(λ2=35.0,K=3) | loss=0.0119
  [Edge 0] G3 | E5 | loss=0.4866
  [Edge 1] G3 | E1 | Hier-pFedMe | Selected 10/10
  [C11] Round 3 | batch 10/120 x[0].mean=0.226001
  [C18] Round 3 | batch 10/120 x[0].mean=-0.363741
  [C17] Round 3 | batch 10/120 x[0].mean=0.029462
  [C12] Round 3 | batch 10/120 x[0].mean=0.152650
  [Client 11] Round 3 | Hier-pFedMe(λ2=35.0,K=3) | loss=0.1365
  [Client 12] Round 3 | Hier-pFedMe(λ2=35.0,K=3) | loss=0.4914
  [Client 17] Round 3 | Hier-pFedMe(λ2=35.0,K=3) | loss=6.3455
  [Client 18] Round 3 | Hier-pFedMe(λ2=35.0,K=3) | loss=2.0107
  [C10] Round 3 | batch 10/120 x[0].mean=0.414780
  [C15] Round 3 | batch 10/120 x[0].mean=0.924951
  [C19] Round 3 | batch 10/120 x[0].mean=-0.057827
  [C13] Round 3 | batch 10/120 x[0].mean=-0.526260
  [Client 10] Round 3 | Hier-pFedMe(λ2=35.0,K=3) | loss=0.3827
  [Client 15] Round 3 | Hier-pFedMe(λ2=35.0,K=3) | loss=0.3537
  [Client 19] Round 3 | Hier-pFedMe(λ2=35.0,K=3) | loss=0.4267
  [Client 13] Round 3 | Hier-pFedMe(λ2=35.0,K=3) | loss=0.4347
  [C14] Round 3 | batch 10/120 x[0].mean=-0.097201
  [C16] Round 3 | batch 10/120 x[0].mean=-0.008540
  [Client 14] Round 3 | Hier-pFedMe(λ2=35.0,K=3) | loss=0.2767
  [Client 16] Round 3 | Hier-pFedMe(λ2=35.0,K=3) | loss=1.3315
  [Edge 1] G3 | E1 | loss=1.2190
  [Edge 1] G3 | E2 | Hier-pFedMe | Selected 10/10
  [C13] Round 3 | batch 11/120 x[0].mean=0.617189
  [C15] Round 3 | batch 11/120 x[0].mean=0.169981
  [C10] Round 3 | batch 11/120 x[0].mean=0.098610
  [C12] Round 3 | batch 11/120 x[0].mean=-0.192071
  [Client 13] Round 3 | Hier-pFedMe(λ2=35.0,K=3) | loss=0.1719
  [Client 15] Round 3 | Hier-pFedMe(λ2=35.0,K=3) | loss=0.3007
  [Client 10] Round 3 | Hier-pFedMe(λ2=35.0,K=3) | loss=0.2335
  [Client 12] Round 3 | Hier-pFedMe(λ2=35.0,K=3) | loss=0.5044
  [C17] Round 3 | batch 11/120 x[0].mean=-0.266223
  [C16] Round 3 | batch 11/120 x[0].mean=0.465090
  [C19] Round 3 | batch 11/120 x[0].mean=0.462669
  [C18] Round 3 | batch 11/120 x[0].mean=-0.383754
  [Client 17] Round 3 | Hier-pFedMe(λ2=35.0,K=3) | loss=0.5605
  [Client 16] Round 3 | Hier-pFedMe(λ2=35.0,K=3) | loss=0.2722
  [Client 19] Round 3 | Hier-pFedMe(λ2=35.0,K=3) | loss=0.2584
  [Client 18] Round 3 | Hier-pFedMe(λ2=35.0,K=3) | loss=0.3649
  [C14] Round 3 | batch 11/120 x[0].mean=-0.260553
  [C11] Round 3 | batch 11/120 x[0].mean=-0.261296
  [Client 14] Round 3 | Hier-pFedMe(λ2=35.0,K=3) | loss=0.1856
  [Client 11] Round 3 | Hier-pFedMe(λ2=35.0,K=3) | loss=0.1881
  [Edge 1] G3 | E2 | loss=0.3040
  [Edge 1] G3 | E3 | Hier-pFedMe | Selected 10/10
  [C15] Round 3 | batch 12/120 x[0].mean=0.221540
  [C10] Round 3 | batch 12/120 x[0].mean=0.049401
  [C16] Round 3 | batch 12/120 x[0].mean=0.390774
  [C17] Round 3 | batch 12/120 x[0].mean=-0.128991
  [Client 15] Round 3 | Hier-pFedMe(λ2=35.0,K=3) | loss=0.4400
  [Client 17] Round 3 | Hier-pFedMe(λ2=35.0,K=3) | loss=5.4674
  [Client 16] Round 3 | Hier-pFedMe(λ2=35.0,K=3) | loss=0.7879
  [Client 10] Round 3 | Hier-pFedMe(λ2=35.0,K=3) | loss=0.9733
  [C12] Round 3 | batch 12/120 x[0].mean=0.182319
  [C14] Round 3 | batch 12/120 x[0].mean=1.110847
  [C18] Round 3 | batch 12/120 x[0].mean=-0.174324
  [C19] Round 3 | batch 12/120 x[0].mean=-0.106767
  [Client 12] Round 3 | Hier-pFedMe(λ2=35.0,K=3) | loss=0.7142
  [Client 18] Round 3 | Hier-pFedMe(λ2=35.0,K=3) | loss=2.6934
  [Client 14] Round 3 | Hier-pFedMe(λ2=35.0,K=3) | loss=0.3062
  [Client 19] Round 3 | Hier-pFedMe(λ2=35.0,K=3) | loss=0.6754
  [C13] Round 3 | batch 12/120 x[0].mean=-0.757815
  [C11] Round 3 | batch 12/120 x[0].mean=0.190827
  [Client 13] Round 3 | Hier-pFedMe(λ2=35.0,K=3) | loss=0.2968
  [Client 11] Round 3 | Hier-pFedMe(λ2=35.0,K=3) | loss=0.1958
  [Edge 1] G3 | E3 | loss=1.2550
  [Edge 1] G3 | E4 | Hier-pFedMe | Selected 10/10
  [C15] Round 3 | batch 13/120 x[0].mean=0.074253
  [C10] Round 3 | batch 13/120 x[0].mean=-0.001110
  [C19] Round 3 | batch 13/120 x[0].mean=-0.138986
  [C13] Round 3 | batch 13/120 x[0].mean=0.057263
  [Client 15] Round 3 | Hier-pFedMe(λ2=35.0,K=3) | loss=0.4513
  [Client 10] Round 3 | Hier-pFedMe(λ2=35.0,K=3) | loss=0.2579
  [Client 19] Round 3 | Hier-pFedMe(λ2=35.0,K=3) | loss=0.4137
  [Client 13] Round 3 | Hier-pFedMe(λ2=35.0,K=3) | loss=0.2111
  [C17] Round 3 | batch 13/120 x[0].mean=-0.559580
  [C16] Round 3 | batch 13/120 x[0].mean=0.684455
  [C12] Round 3 | batch 13/120 x[0].mean=0.015314
  [C11] Round 3 | batch 13/120 x[0].mean=0.027506
  [Client 16] Round 3 | Hier-pFedMe(λ2=35.0,K=3) | loss=0.3948
  [Client 17] Round 3 | Hier-pFedMe(λ2=35.0,K=3) | loss=0.6390
  [Client 12] Round 3 | Hier-pFedMe(λ2=35.0,K=3) | loss=0.4522
  [Client 11] Round 3 | Hier-pFedMe(λ2=35.0,K=3) | loss=0.1568
  [C14] Round 3 | batch 13/120 x[0].mean=-0.489103
  [C18] Round 3 | batch 13/120 x[0].mean=0.180568
  [Client 14] Round 3 | Hier-pFedMe(λ2=35.0,K=3) | loss=0.1856
  [Client 18] Round 3 | Hier-pFedMe(λ2=35.0,K=3) | loss=0.5442
  [Edge 1] G3 | E4 | loss=0.3707
  [Edge 1] G3 | E5 | Hier-pFedMe | Selected 10/10
  [C14] Round 3 | batch 14/120 x[0].mean=-0.325762
  [C12] Round 3 | batch 14/120 x[0].mean=0.646306
  [C10] Round 3 | batch 14/120 x[0].mean=0.050396
  [C13] Round 3 | batch 14/120 x[0].mean=0.444920
  [Client 14] Round 3 | Hier-pFedMe(λ2=35.0,K=3) | loss=0.3040
  [Client 12] Round 3 | Hier-pFedMe(λ2=35.0,K=3) | loss=0.3740
  [Client 10] Round 3 | Hier-pFedMe(λ2=35.0,K=3) | loss=0.1584
  [Client 13] Round 3 | Hier-pFedMe(λ2=35.0,K=3) | loss=0.2288
  [C19] Round 3 | batch 14/120 x[0].mean=0.165519
  [C11] Round 3 | batch 14/120 x[0].mean=-0.317849
  [C17] Round 3 | batch 14/120 x[0].mean=-0.167585
  [C15] Round 3 | batch 14/120 x[0].mean=0.239568
  [Client 19] Round 3 | Hier-pFedMe(λ2=35.0,K=3) | loss=0.2473
  [Client 11] Round 3 | Hier-pFedMe(λ2=35.0,K=3) | loss=0.2832
  [Client 17] Round 3 | Hier-pFedMe(λ2=35.0,K=3) | loss=5.5235
  [Client 15] Round 3 | Hier-pFedMe(λ2=35.0,K=3) | loss=0.3126
  [C16] Round 3 | batch 14/120 x[0].mean=1.130714
  [C18] Round 3 | batch 14/120 x[0].mean=-0.249233
  [Client 16] Round 3 | Hier-pFedMe(λ2=35.0,K=3) | loss=0.6658
  [Client 18] Round 3 | Hier-pFedMe(λ2=35.0,K=3) | loss=1.2367
  [Edge 1] G3 | E5 | loss=0.9334
  [Cloud] GM=0.1413 | EM=0.2856 | loss=2.2633 | time=27.5s | comm=4556.2MB (total=13669MB)

[Round   4] Broadcasting to 2 edges...
  [Edge 0] G4 | E1 | Hier-pFedMe | Selected 10/10
  [C5] Round 4 | batch 15/200 x[0].mean=0.281583  [C6] Round 4 | batch 15/200 x[0].mean=0.657431

  [C2] Round 4 | batch 15/200 x[0].mean=-0.030924
  [C7] Round 4 | batch 15/200 x[0].mean=-0.816627
  [Client  5] Round 4 | Hier-pFedMe(λ2=35.0,K=3) | loss=0.3498
  [Client  6] Round 4 | Hier-pFedMe(λ2=35.0,K=3) | loss=0.4030
  [Client  7] Round 4 | Hier-pFedMe(λ2=35.0,K=3) | loss=0.5345
  [Client  2] Round 4 | Hier-pFedMe(λ2=35.0,K=3) | loss=0.4195
  [C1] Round 4 | batch 15/200 x[0].mean=-0.680441
  [C8] Round 4 | batch 15/100 x[0].mean=-0.017608
  [C0] Round 4 | batch 15/200 x[0].mean=-0.260219
  [C4] Round 4 | batch 15/200 x[0].mean=0.311100
  [Client  1] Round 4 | Hier-pFedMe(λ2=35.0,K=3) | loss=0.4327
  [Client  8] Round 4 | Hier-pFedMe(λ2=35.0,K=3) | loss=0.0180
  [Client  0] Round 4 | Hier-pFedMe(λ2=35.0,K=3) | loss=0.2476
  [Client  4] Round 4 | Hier-pFedMe(λ2=35.0,K=3) | loss=0.1877
  [C9] Round 4 | batch 15/100 x[0].mean=0.076314
  [C3] Round 4 | batch 15/200 x[0].mean=-0.051287
  [Client  9] Round 4 | Hier-pFedMe(λ2=35.0,K=3) | loss=0.0201
  [Client  3] Round 4 | Hier-pFedMe(λ2=35.0,K=3) | loss=0.3470
  [Edge 0] G4 | E1 | loss=0.3268
  [Edge 0] G4 | E2 | Hier-pFedMe | Selected 10/10
  [C6] Round 4 | batch 16/200 x[0].mean=0.275704
  [C1] Round 4 | batch 16/200 x[0].mean=0.141276
  [C2] Round 4 | batch 16/200 x[0].mean=-0.919901
  [C4] Round 4 | batch 16/200 x[0].mean=-0.338669
  [Client  6] Round 4 | Hier-pFedMe(λ2=35.0,K=3) | loss=0.3373
  [Client  1] Round 4 | Hier-pFedMe(λ2=35.0,K=3) | loss=0.4950
  [Client  2] Round 4 | Hier-pFedMe(λ2=35.0,K=3) | loss=0.2689
  [Client  4] Round 4 | Hier-pFedMe(λ2=35.0,K=3) | loss=0.3406
  [C3] Round 4 | batch 16/200 x[0].mean=0.203887
  [C5] Round 4 | batch 16/200 x[0].mean=0.100747
  [C9] Round 4 | batch 16/100 x[0].mean=-0.289962
  [C0] Round 4 | batch 16/200 x[0].mean=-0.078383
  [Client  3] Round 4 | Hier-pFedMe(λ2=35.0,K=3) | loss=0.8639
  [Client  5] Round 4 | Hier-pFedMe(λ2=35.0,K=3) | loss=0.7465
  [Client  9] Round 4 | Hier-pFedMe(λ2=35.0,K=3) | loss=0.0129
  [Client  0] Round 4 | Hier-pFedMe(λ2=35.0,K=3) | loss=0.6536
  [C8] Round 4 | batch 16/100 x[0].mean=-0.199117
  [C7] Round 4 | batch 16/200 x[0].mean=0.135431
  [Client  8] Round 4 | Hier-pFedMe(λ2=35.0,K=3) | loss=0.0165
  [Client  7] Round 4 | Hier-pFedMe(λ2=35.0,K=3) | loss=0.7682
  [Edge 0] G4 | E2 | loss=0.4987
  [Edge 0] G4 | E3 | Hier-pFedMe | Selected 10/10
  [C6] Round 4 | batch 17/200 x[0].mean=-0.606175
  [C3] Round 4 | batch 17/200 x[0].mean=-0.087306
  [C2] Round 4 | batch 17/200 x[0].mean=-0.494306
  [C8] Round 4 | batch 17/100 x[0].mean=-0.463159
  [Client  6] Round 4 | Hier-pFedMe(λ2=35.0,K=3) | loss=0.3439
  [Client  2] Round 4 | Hier-pFedMe(λ2=35.0,K=3) | loss=0.4930
  [Client  3] Round 4 | Hier-pFedMe(λ2=35.0,K=3) | loss=0.7593
  [Client  8] Round 4 | Hier-pFedMe(λ2=35.0,K=3) | loss=0.0114
  [C7] Round 4 | batch 17/200 x[0].mean=-0.234823
  [C1] Round 4 | batch 17/200 x[0].mean=-0.002313
  [C0] Round 4 | batch 17/200 x[0].mean=-0.149367
  [C9] Round 4 | batch 17/100 x[0].mean=-0.870256
  [Client  1] Round 4 | Hier-pFedMe(λ2=35.0,K=3) | loss=0.9008
  [Client  7] Round 4 | Hier-pFedMe(λ2=35.0,K=3) | loss=0.5457
  [Client  0] Round 4 | Hier-pFedMe(λ2=35.0,K=3) | loss=0.2192
  [Client  9] Round 4 | Hier-pFedMe(λ2=35.0,K=3) | loss=0.0177
  [C5] Round 4 | batch 17/200 x[0].mean=-0.298478
  [C4] Round 4 | batch 17/200 x[0].mean=0.110629
  [Client  5] Round 4 | Hier-pFedMe(λ2=35.0,K=3) | loss=0.6549
  [Client  4] Round 4 | Hier-pFedMe(λ2=35.0,K=3) | loss=0.1487
  [Edge 0] G4 | E3 | loss=0.4533
  [Edge 0] G4 | E4 | Hier-pFedMe | Selected 10/10
  [C7] Round 4 | batch 18/200 x[0].mean=-0.013222
  [C9] Round 4 | batch 18/100 x[0].mean=-0.015749
  [C2] Round 4 | batch 18/200 x[0].mean=0.060531
  [C4] Round 4 | batch 18/200 x[0].mean=-1.111417
  [Client  7] Round 4 | Hier-pFedMe(λ2=35.0,K=3) | loss=0.5403
  [Client  9] Round 4 | Hier-pFedMe(λ2=35.0,K=3) | loss=0.0103
  [Client  2] Round 4 | Hier-pFedMe(λ2=35.0,K=3) | loss=0.3004
  [Client  4] Round 4 | Hier-pFedMe(λ2=35.0,K=3) | loss=0.7168
  [C0] Round 4 | batch 18/200 x[0].mean=-0.298896
  [C1] Round 4 | batch 18/200 x[0].mean=-0.691764
  [C6] Round 4 | batch 18/200 x[0].mean=-0.032913
  [C3] Round 4 | batch 18/200 x[0].mean=0.212184
  [Client  1] Round 4 | Hier-pFedMe(λ2=35.0,K=3) | loss=0.2878
  [Client  0] Round 4 | Hier-pFedMe(λ2=35.0,K=3) | loss=1.2047
  [Client  6] Round 4 | Hier-pFedMe(λ2=35.0,K=3) | loss=0.8127
  [Client  3] Round 4 | Hier-pFedMe(λ2=35.0,K=3) | loss=0.2488
  [C8] Round 4 | batch 18/100 x[0].mean=-0.703291
  [C5] Round 4 | batch 18/200 x[0].mean=-0.155869
  [Client  8] Round 4 | Hier-pFedMe(λ2=35.0,K=3) | loss=0.0081
  [Client  5] Round 4 | Hier-pFedMe(λ2=35.0,K=3) | loss=1.0984
  [Edge 0] G4 | E4 | loss=0.5799
  [Edge 0] G4 | E5 | Hier-pFedMe | Selected 10/10
  [C4] Round 4 | batch 19/200 x[0].mean=0.564040
  [C8] Round 4 | batch 19/100 x[0].mean=-0.260577
  [C1] Round 4 | batch 19/200 x[0].mean=-0.196744
  [C2] Round 4 | batch 19/200 x[0].mean=0.207766
  [Client  4] Round 4 | Hier-pFedMe(λ2=35.0,K=3) | loss=0.1140
  [Client  8] Round 4 | Hier-pFedMe(λ2=35.0,K=3) | loss=0.0122
  [Client  1] Round 4 | Hier-pFedMe(λ2=35.0,K=3) | loss=0.6630
  [Client  2] Round 4 | Hier-pFedMe(λ2=35.0,K=3) | loss=0.4135
  [C5] Round 4 | batch 19/200 x[0].mean=0.995636
  [C9] Round 4 | batch 19/100 x[0].mean=0.080475
  [C0] Round 4 | batch 19/200 x[0].mean=0.428249
  [C3] Round 4 | batch 19/200 x[0].mean=0.636045
  [Client  5] Round 4 | Hier-pFedMe(λ2=35.0,K=3) | loss=2.8783
  [Client  9] Round 4 | Hier-pFedMe(λ2=35.0,K=3) | loss=0.0117
  [Client  0] Round 4 | Hier-pFedMe(λ2=35.0,K=3) | loss=0.3941
  [Client  3] Round 4 | Hier-pFedMe(λ2=35.0,K=3) | loss=0.1910
  [C7] Round 4 | batch 19/200 x[0].mean=0.499530
  [C6] Round 4 | batch 19/200 x[0].mean=-0.555802
  [Client  7] Round 4 | Hier-pFedMe(λ2=35.0,K=3) | loss=0.3168
  [Client  6] Round 4 | Hier-pFedMe(λ2=35.0,K=3) | loss=0.2177
  [Edge 0] G4 | E5 | loss=0.5778
  [Edge 1] G4 | E1 | Hier-pFedMe | Selected 10/10
  [C14] Round 4 | batch 15/120 x[0].mean=0.102101
  [C10] Round 4 | batch 15/120 x[0].mean=-0.769484
  [C17] Round 4 | batch 15/120 x[0].mean=-0.593365
  [C13] Round 4 | batch 15/120 x[0].mean=0.393523
  [Client 14] Round 4 | Hier-pFedMe(λ2=35.0,K=3) | loss=0.5483
  [Client 17] Round 4 | Hier-pFedMe(λ2=35.0,K=3) | loss=0.4725
  [Client 13] Round 4 | Hier-pFedMe(λ2=35.0,K=3) | loss=0.2576
  [Client 10] Round 4 | Hier-pFedMe(λ2=35.0,K=3) | loss=0.2092
  [C12] Round 4 | batch 15/120 x[0].mean=0.568977
  [C11] Round 4 | batch 15/120 x[0].mean=-0.154347
  [C18] Round 4 | batch 15/120 x[0].mean=0.013967
  [C19] Round 4 | batch 15/120 x[0].mean=-0.140140
  [Client 12] Round 4 | Hier-pFedMe(λ2=35.0,K=3) | loss=0.1900
  [Client 18] Round 4 | Hier-pFedMe(λ2=35.0,K=3) | loss=0.3980
  [Client 11] Round 4 | Hier-pFedMe(λ2=35.0,K=3) | loss=0.2355
  [Client 19] Round 4 | Hier-pFedMe(λ2=35.0,K=3) | loss=0.1590
  [C16] Round 4 | batch 15/120 x[0].mean=-0.653690
  [C15] Round 4 | batch 15/120 x[0].mean=0.350742
  [Client 16] Round 4 | Hier-pFedMe(λ2=35.0,K=3) | loss=0.4681
  [Client 15] Round 4 | Hier-pFedMe(λ2=35.0,K=3) | loss=0.1882
  [Edge 1] G4 | E1 | loss=0.3126
  [Edge 1] G4 | E2 | Hier-pFedMe | Selected 10/10
  [C17] Round 4 | batch 16/120 x[0].mean=0.039730  [C11] Round 4 | batch 16/120 x[0].mean=0.165360
  [C10] Round 4 | batch 16/120 x[0].mean=0.433505

  [C16] Round 4 | batch 16/120 x[0].mean=0.636881
  [Client 17] Round 4 | Hier-pFedMe(λ2=35.0,K=3) | loss=3.3873
  [Client 10] Round 4 | Hier-pFedMe(λ2=35.0,K=3) | loss=0.1651
  [Client 16] Round 4 | Hier-pFedMe(λ2=35.0,K=3) | loss=0.9678
  [Client 11] Round 4 | Hier-pFedMe(λ2=35.0,K=3) | loss=0.3197
  [C15] Round 4 | batch 16/120 x[0].mean=0.321361
  [C19] Round 4 | batch 16/120 x[0].mean=-0.013554
  [C12] Round 4 | batch 16/120 x[0].mean=0.294458
  [C14] Round 4 | batch 16/120 x[0].mean=0.587053
  [Client 15] Round 4 | Hier-pFedMe(λ2=35.0,K=3) | loss=0.5297
  [Client 19] Round 4 | Hier-pFedMe(λ2=35.0,K=3) | loss=0.2884
  [Client 12] Round 4 | Hier-pFedMe(λ2=35.0,K=3) | loss=0.1771
  [Client 14] Round 4 | Hier-pFedMe(λ2=35.0,K=3) | loss=0.3862
  [C13] Round 4 | batch 16/120 x[0].mean=0.040309
  [C18] Round 4 | batch 16/120 x[0].mean=-0.018580
  [Client 13] Round 4 | Hier-pFedMe(λ2=35.0,K=3) | loss=0.2279
  [Client 18] Round 4 | Hier-pFedMe(λ2=35.0,K=3) | loss=2.3327
  [Edge 1] G4 | E2 | loss=0.8782
  [Edge 1] G4 | E3 | Hier-pFedMe | Selected 10/10
  [C12] Round 4 | batch 17/120 x[0].mean=0.707811
  [C14] Round 4 | batch 17/120 x[0].mean=-0.351927
  [C10] Round 4 | batch 17/120 x[0].mean=0.839939
  [C18] Round 4 | batch 17/120 x[0].mean=0.227226
  [Client 12] Round 4 | Hier-pFedMe(λ2=35.0,K=3) | loss=0.1133
  [Client 14] Round 4 | Hier-pFedMe(λ2=35.0,K=3) | loss=0.1085
  [Client 10] Round 4 | Hier-pFedMe(λ2=35.0,K=3) | loss=0.2997
  [Client 18] Round 4 | Hier-pFedMe(λ2=35.0,K=3) | loss=0.5378
  [C16] Round 4 | batch 17/120 x[0].mean=0.030620
  [C17] Round 4 | batch 17/120 x[0].mean=0.189663
  [C19] Round 4 | batch 17/120 x[0].mean=-0.184116
  [C11] Round 4 | batch 17/120 x[0].mean=0.519959
  [Client 17] Round 4 | Hier-pFedMe(λ2=35.0,K=3) | loss=0.4081
  [Client 16] Round 4 | Hier-pFedMe(λ2=35.0,K=3) | loss=0.2051
  [Client 19] Round 4 | Hier-pFedMe(λ2=35.0,K=3) | loss=0.1472
  [Client 11] Round 4 | Hier-pFedMe(λ2=35.0,K=3) | loss=0.1993
  [C15] Round 4 | batch 17/120 x[0].mean=0.024192
  [C13] Round 4 | batch 17/120 x[0].mean=-0.091952
  [Client 15] Round 4 | Hier-pFedMe(λ2=35.0,K=3) | loss=0.3383
  [Client 13] Round 4 | Hier-pFedMe(λ2=35.0,K=3) | loss=0.4332
  [Edge 1] G4 | E3 | loss=0.2790
  [Edge 1] G4 | E4 | Hier-pFedMe | Selected 10/10
  [C17] Round 4 | batch 18/120 x[0].mean=0.032025
  [C14] Round 4 | batch 18/120 x[0].mean=-0.110586
  [C10] Round 4 | batch 18/120 x[0].mean=0.169995
  [C19] Round 4 | batch 18/120 x[0].mean=0.226153
  [Client 17] Round 4 | Hier-pFedMe(λ2=35.0,K=3) | loss=2.6493
  [Client 14] Round 4 | Hier-pFedMe(λ2=35.0,K=3) | loss=0.2045
  [Client 10] Round 4 | Hier-pFedMe(λ2=35.0,K=3) | loss=0.2805
  [Client 19] Round 4 | Hier-pFedMe(λ2=35.0,K=3) | loss=0.1107
  [C16] Round 4 | batch 18/120 x[0].mean=0.028137
  [C18] Round 4 | batch 18/120 x[0].mean=0.864388
  [C13] Round 4 | batch 18/120 x[0].mean=-0.007047
  [C11] Round 4 | batch 18/120 x[0].mean=0.201017
  [Client 16] Round 4 | Hier-pFedMe(λ2=35.0,K=3) | loss=0.9590
  [Client 13] Round 4 | Hier-pFedMe(λ2=35.0,K=3) | loss=0.5989
  [Client 18] Round 4 | Hier-pFedMe(λ2=35.0,K=3) | loss=3.6962
  [Client 11] Round 4 | Hier-pFedMe(λ2=35.0,K=3) | loss=0.7902
  [C15] Round 4 | batch 18/120 x[0].mean=-0.264399
  [C12] Round 4 | batch 18/120 x[0].mean=-0.022249
  [Client 15] Round 4 | Hier-pFedMe(λ2=35.0,K=3) | loss=0.1564
  [Client 12] Round 4 | Hier-pFedMe(λ2=35.0,K=3) | loss=0.2146
  [Edge 1] G4 | E4 | loss=0.9660
  [Edge 1] G4 | E5 | Hier-pFedMe | Selected 10/10
  [C11] Round 4 | batch 19/120 x[0].mean=0.345253
  [C14] Round 4 | batch 19/120 x[0].mean=0.227446
  [C17] Round 4 | batch 19/120 x[0].mean=-0.184145
  [C10] Round 4 | batch 19/120 x[0].mean=0.567265
  [Client 14] Round 4 | Hier-pFedMe(λ2=35.0,K=3) | loss=0.1024
  [Client 10] Round 4 | Hier-pFedMe(λ2=35.0,K=3) | loss=0.4740
  [Client 11] Round 4 | Hier-pFedMe(λ2=35.0,K=3) | loss=0.2799
  [Client 17] Round 4 | Hier-pFedMe(λ2=35.0,K=3) | loss=0.3849
  [C15] Round 4 | batch 19/120 x[0].mean=0.097435  [C18] Round 4 | batch 19/120 x[0].mean=0.526574
  [C13] Round 4 | batch 19/120 x[0].mean=-0.571180

  [C19] Round 4 | batch 19/120 x[0].mean=1.126544
  [Client 13] Round 4 | Hier-pFedMe(λ2=35.0,K=3) | loss=0.3821
  [Client 18] Round 4 | Hier-pFedMe(λ2=35.0,K=3) | loss=0.4063
  [Client 15] Round 4 | Hier-pFedMe(λ2=35.0,K=3) | loss=0.3419
  [Client 19] Round 4 | Hier-pFedMe(λ2=35.0,K=3) | loss=0.3483
  [C16] Round 4 | batch 19/120 x[0].mean=0.139753
  [C12] Round 4 | batch 19/120 x[0].mean=-0.090579
  [Client 16] Round 4 | Hier-pFedMe(λ2=35.0,K=3) | loss=0.6524
  [Client 12] Round 4 | Hier-pFedMe(λ2=35.0,K=3) | loss=0.2574
  [Edge 1] G4 | E5 | loss=0.3630
  [Cloud] GM=0.1957 | EM=0.3240 | loss=2.2078 | time=27.8s | comm=4556.2MB (total=18225MB)

[Round   5] Broadcasting to 2 edges...
  [Edge 0] G5 | E1 | Hier-pFedMe | Selected 10/10
  [C2] Round 5 | batch 20/200 x[0].mean=-0.082318
  [C1] Round 5 | batch 20/200 x[0].mean=-0.314370
  [C0] Round 5 | batch 20/200 x[0].mean=0.451975
  [C8] Round 5 | batch 20/100 x[0].mean=-0.836080
  [Client  2] Round 5 | Hier-pFedMe(λ2=35.0,K=3) | loss=0.2379
  [Client  1] Round 5 | Hier-pFedMe(λ2=35.0,K=3) | loss=0.3896
  [Client  0] Round 5 | Hier-pFedMe(λ2=35.0,K=3) | loss=0.9623
  [Client  8] Round 5 | Hier-pFedMe(λ2=35.0,K=3) | loss=0.0161
  [C7] Round 5 | batch 20/200 x[0].mean=0.115243
  [C6] Round 5 | batch 20/200 x[0].mean=-0.531451
  [C9] Round 5 | batch 20/100 x[0].mean=-0.551703
  [C4] Round 5 | batch 20/200 x[0].mean=-0.003767
  [Client  7] Round 5 | Hier-pFedMe(λ2=35.0,K=3) | loss=0.4050
  [Client  9] Round 5 | Hier-pFedMe(λ2=35.0,K=3) | loss=0.0141
  [Client  6] Round 5 | Hier-pFedMe(λ2=35.0,K=3) | loss=0.4334
  [Client  4] Round 5 | Hier-pFedMe(λ2=35.0,K=3) | loss=0.2658
  [C3] Round 5 | batch 20/200 x[0].mean=0.848906
  [C5] Round 5 | batch 20/200 x[0].mean=-0.438937
  [Client  3] Round 5 | Hier-pFedMe(λ2=35.0,K=3) | loss=0.8842
  [Client  5] Round 5 | Hier-pFedMe(λ2=35.0,K=3) | loss=2.3206
  [Edge 0] G5 | E1 | loss=0.6571
  [Edge 0] G5 | E2 | Hier-pFedMe | Selected 10/10
  [C7] Round 5 | batch 21/200 x[0].mean=0.043393
  [C9] Round 5 | batch 21/100 x[0].mean=0.447996  [C1] Round 5 | batch 21/200 x[0].mean=0.349872

  [C5] Round 5 | batch 21/200 x[0].mean=-0.142358
  [Client  7] Round 5 | Hier-pFedMe(λ2=35.0,K=3) | loss=0.2270
  [Client  1] Round 5 | Hier-pFedMe(λ2=35.0,K=3) | loss=0.2338
  [Client  9] Round 5 | Hier-pFedMe(λ2=35.0,K=3) | loss=0.0183
  [Client  5] Round 5 | Hier-pFedMe(λ2=35.0,K=3) | loss=1.0894
  [C3] Round 5 | batch 21/200 x[0].mean=0.549292
  [C0] Round 5 | batch 21/200 x[0].mean=-0.391089
  [C2] Round 5 | batch 21/200 x[0].mean=0.339546
  [C8] Round 5 | batch 21/100 x[0].mean=-0.646738
  [Client  2] Round 5 | Hier-pFedMe(λ2=35.0,K=3) | loss=0.2654  [Client  3] Round 5 | Hier-pFedMe(λ2=35.0,K=3) | loss=0.9358

  [Client  0] Round 5 | Hier-pFedMe(λ2=35.0,K=3) | loss=0.4734
  [Client  8] Round 5 | Hier-pFedMe(λ2=35.0,K=3) | loss=0.0247
  [C4] Round 5 | batch 21/200 x[0].mean=0.092699
  [C6] Round 5 | batch 21/200 x[0].mean=-0.043731
  [Client  4] Round 5 | Hier-pFedMe(λ2=35.0,K=3) | loss=0.1930
  [Client  6] Round 5 | Hier-pFedMe(λ2=35.0,K=3) | loss=0.5436
  [Edge 0] G5 | E2 | loss=0.4425
  [Edge 0] G5 | E3 | Hier-pFedMe | Selected 10/10
  [C8] Round 5 | batch 22/100 x[0].mean=-0.192398
  [C0] Round 5 | batch 22/200 x[0].mean=0.953735
  [C9] Round 5 | batch 22/100 x[0].mean=-0.650268
  [C7] Round 5 | batch 22/200 x[0].mean=-0.174118
  [Client  8] Round 5 | Hier-pFedMe(λ2=35.0,K=3) | loss=0.0089
  [Client  9] Round 5 | Hier-pFedMe(λ2=35.0,K=3) | loss=0.0063
  [Client  0] Round 5 | Hier-pFedMe(λ2=35.0,K=3) | loss=2.2456
  [Client  7] Round 5 | Hier-pFedMe(λ2=35.0,K=3) | loss=0.4479
  [C4] Round 5 | batch 22/200 x[0].mean=-0.150577
  [C5] Round 5 | batch 22/200 x[0].mean=-0.072139
  [C6] Round 5 | batch 22/200 x[0].mean=0.464121
  [C1] Round 5 | batch 22/200 x[0].mean=-0.009103
  [Client  4] Round 5 | Hier-pFedMe(λ2=35.0,K=3) | loss=0.1705
  [Client  5] Round 5 | Hier-pFedMe(λ2=35.0,K=3) | loss=2.6968
  [Client  6] Round 5 | Hier-pFedMe(λ2=35.0,K=3) | loss=0.2443
  [Client  1] Round 5 | Hier-pFedMe(λ2=35.0,K=3) | loss=0.2569
  [C3] Round 5 | batch 22/200 x[0].mean=-0.422451
  [C2] Round 5 | batch 22/200 x[0].mean=-0.900256
  [Client  3] Round 5 | Hier-pFedMe(λ2=35.0,K=3) | loss=0.3362
  [Client  2] Round 5 | Hier-pFedMe(λ2=35.0,K=3) | loss=0.1384
  [Edge 0] G5 | E3 | loss=0.7271
  [Edge 0] G5 | E4 | Hier-pFedMe | Selected 10/10
  [C9] Round 5 | batch 23/100 x[0].mean=-0.801607
  [C4] Round 5 | batch 23/200 x[0].mean=0.128497
  [C8] Round 5 | batch 23/100 x[0].mean=0.207461
  [C2] Round 5 | batch 23/200 x[0].mean=-0.095486
  [Client  4] Round 5 | Hier-pFedMe(λ2=35.0,K=3) | loss=0.2346
  [Client  9] Round 5 | Hier-pFedMe(λ2=35.0,K=3) | loss=0.0168
  [Client  2] Round 5 | Hier-pFedMe(λ2=35.0,K=3) | loss=0.2755
  [Client  8] Round 5 | Hier-pFedMe(λ2=35.0,K=3) | loss=0.0188
  [C6] Round 5 | batch 23/200 x[0].mean=0.077382
  [C0] Round 5 | batch 23/200 x[0].mean=-0.161685
  [C1] Round 5 | batch 23/200 x[0].mean=0.666183
  [C5] Round 5 | batch 23/200 x[0].mean=-0.924808
  [Client  6] Round 5 | Hier-pFedMe(λ2=35.0,K=3) | loss=0.3338
  [Client  0] Round 5 | Hier-pFedMe(λ2=35.0,K=3) | loss=0.2037
  [Client  1] Round 5 | Hier-pFedMe(λ2=35.0,K=3) | loss=0.1850
  [Client  5] Round 5 | Hier-pFedMe(λ2=35.0,K=3) | loss=0.2723
  [C3] Round 5 | batch 23/200 x[0].mean=0.360010
  [C7] Round 5 | batch 23/200 x[0].mean=0.301163
  [Client  3] Round 5 | Hier-pFedMe(λ2=35.0,K=3) | loss=0.3854
  [Client  7] Round 5 | Hier-pFedMe(λ2=35.0,K=3) | loss=0.8885
  [Edge 0] G5 | E4 | loss=0.3107
  [Edge 0] G5 | E5 | Hier-pFedMe | Selected 10/10
  [C6] Round 5 | batch 24/200 x[0].mean=-0.701187
  [C3] Round 5 | batch 24/200 x[0].mean=0.134487
  [C7] Round 5 | batch 24/200 x[0].mean=-0.046846
  [C0] Round 5 | batch 24/200 x[0].mean=-0.033965
  [Client  6] Round 5 | Hier-pFedMe(λ2=35.0,K=3) | loss=1.1504
  [Client  3] Round 5 | Hier-pFedMe(λ2=35.0,K=3) | loss=0.3003
  [Client  7] Round 5 | Hier-pFedMe(λ2=35.0,K=3) | loss=1.4602
  [Client  0] Round 5 | Hier-pFedMe(λ2=35.0,K=3) | loss=2.4556
  [C1] Round 5 | batch 24/200 x[0].mean=-0.458214
  [C5] Round 5 | batch 24/200 x[0].mean=0.104499
  [C2] Round 5 | batch 24/200 x[0].mean=-0.072384
  [C8] Round 5 | batch 24/100 x[0].mean=-0.003176
  [Client  1] Round 5 | Hier-pFedMe(λ2=35.0,K=3) | loss=0.2376
  [Client  5] Round 5 | Hier-pFedMe(λ2=35.0,K=3) | loss=3.6163
  [Client  2] Round 5 | Hier-pFedMe(λ2=35.0,K=3) | loss=0.2557
  [Client  8] Round 5 | Hier-pFedMe(λ2=35.0,K=3) | loss=0.0074
  [C9] Round 5 | batch 24/100 x[0].mean=-0.126134
  [C4] Round 5 | batch 24/200 x[0].mean=0.044021
  [Client  9] Round 5 | Hier-pFedMe(λ2=35.0,K=3) | loss=0.0046
  [Client  4] Round 5 | Hier-pFedMe(λ2=35.0,K=3) | loss=0.2085
  [Edge 0] G5 | E5 | loss=1.0767
  [Edge 1] G5 | E1 | Hier-pFedMe | Selected 10/10
  [C16] Round 5 | batch 20/120 x[0].mean=0.267945
  [C10] Round 5 | batch 20/120 x[0].mean=-0.366290
  [C18] Round 5 | batch 20/120 x[0].mean=0.115972
  [C12] Round 5 | batch 20/120 x[0].mean=0.472492
  [Client 16] Round 5 | Hier-pFedMe(λ2=35.0,K=3) | loss=0.7325  [Client 10] Round 5 | Hier-pFedMe(λ2=35.0,K=3) | loss=0.1057

  [Client 18] Round 5 | Hier-pFedMe(λ2=35.0,K=3) | loss=2.6636
  [Client 12] Round 5 | Hier-pFedMe(λ2=35.0,K=3) | loss=0.0883
  [C15] Round 5 | batch 20/120 x[0].mean=0.923115
  [C13] Round 5 | batch 20/120 x[0].mean=-0.679173
  [C19] Round 5 | batch 20/120 x[0].mean=-0.012799
  [C17] Round 5 | batch 20/120 x[0].mean=0.005126
  [Client 15] Round 5 | Hier-pFedMe(λ2=35.0,K=3) | loss=0.7968
  [Client 13] Round 5 | Hier-pFedMe(λ2=35.0,K=3) | loss=0.2197
  [Client 19] Round 5 | Hier-pFedMe(λ2=35.0,K=3) | loss=0.5796
  [Client 17] Round 5 | Hier-pFedMe(λ2=35.0,K=3) | loss=2.4600
  [C14] Round 5 | batch 20/120 x[0].mean=0.264144
  [C11] Round 5 | batch 20/120 x[0].mean=1.372293
  [Client 14] Round 5 | Hier-pFedMe(λ2=35.0,K=3) | loss=0.3061
  [Client 11] Round 5 | Hier-pFedMe(λ2=35.0,K=3) | loss=1.7276
  [Edge 1] G5 | E1 | loss=0.9680
  [Edge 1] G5 | E2 | Hier-pFedMe | Selected 10/10
  [C15] Round 5 | batch 21/120 x[0].mean=0.045074
  [C19] Round 5 | batch 21/120 x[0].mean=0.104780
  [C10] Round 5 | batch 21/120 x[0].mean=0.488335
  [C12] Round 5 | batch 21/120 x[0].mean=-0.221235
  [Client 15] Round 5 | Hier-pFedMe(λ2=35.0,K=3) | loss=0.4614
  [Client 19] Round 5 | Hier-pFedMe(λ2=35.0,K=3) | loss=0.6857
  [Client 10] Round 5 | Hier-pFedMe(λ2=35.0,K=3) | loss=0.4023
  [Client 12] Round 5 | Hier-pFedMe(λ2=35.0,K=3) | loss=0.2034
  [C14] Round 5 | batch 21/120 x[0].mean=-0.260335
  [C13] Round 5 | batch 21/120 x[0].mean=0.765219
  [C16] Round 5 | batch 21/120 x[0].mean=0.059360
  [C11] Round 5 | batch 21/120 x[0].mean=0.372598
  [Client 14] Round 5 | Hier-pFedMe(λ2=35.0,K=3) | loss=0.1164
  [Client 13] Round 5 | Hier-pFedMe(λ2=35.0,K=3) | loss=0.1705
  [Client 16] Round 5 | Hier-pFedMe(λ2=35.0,K=3) | loss=0.2077
  [Client 11] Round 5 | Hier-pFedMe(λ2=35.0,K=3) | loss=0.2822
  [C17] Round 5 | batch 21/120 x[0].mean=-0.464090
  [C18] Round 5 | batch 21/120 x[0].mean=-0.170297
  [Client 17] Round 5 | Hier-pFedMe(λ2=35.0,K=3) | loss=1.2374
  [Client 18] Round 5 | Hier-pFedMe(λ2=35.0,K=3) | loss=0.5206
  [Edge 1] G5 | E2 | loss=0.4287
  [Edge 1] G5 | E3 | Hier-pFedMe | Selected 10/10
  [C16] Round 5 | batch 22/120 x[0].mean=0.116079
  [C15] Round 5 | batch 22/120 x[0].mean=0.066541
  [C14] Round 5 | batch 22/120 x[0].mean=0.758231
  [C17] Round 5 | batch 22/120 x[0].mean=-0.540490
  [Client 16] Round 5 | Hier-pFedMe(λ2=35.0,K=3) | loss=0.3888
  [Client 15] Round 5 | Hier-pFedMe(λ2=35.0,K=3) | loss=0.4961
  [Client 14] Round 5 | Hier-pFedMe(λ2=35.0,K=3) | loss=0.2101
  [Client 17] Round 5 | Hier-pFedMe(λ2=35.0,K=3) | loss=4.3622
  [C10] Round 5 | batch 22/120 x[0].mean=0.048849
  [C12] Round 5 | batch 22/120 x[0].mean=-0.717388
  [C19] Round 5 | batch 22/120 x[0].mean=0.157216
  [C13] Round 5 | batch 22/120 x[0].mean=-0.427939
  [Client 10] Round 5 | Hier-pFedMe(λ2=35.0,K=3) | loss=0.8826
  [Client 19] Round 5 | Hier-pFedMe(λ2=35.0,K=3) | loss=0.1197  [Client 12] Round 5 | Hier-pFedMe(λ2=35.0,K=3) | loss=0.4520

  [Client 13] Round 5 | Hier-pFedMe(λ2=35.0,K=3) | loss=0.1857
  [C11] Round 5 | batch 22/120 x[0].mean=-0.298020
  [C18] Round 5 | batch 22/120 x[0].mean=0.090641
  [Client 11] Round 5 | Hier-pFedMe(λ2=35.0,K=3) | loss=2.6320
  [Client 18] Round 5 | Hier-pFedMe(λ2=35.0,K=3) | loss=0.4879
  [Edge 1] G5 | E3 | loss=1.0217
  [Edge 1] G5 | E4 | Hier-pFedMe | Selected 10/10
  [C12] Round 5 | batch 23/120 x[0].mean=0.466409
  [C13] Round 5 | batch 23/120 x[0].mean=0.358724
  [C10] Round 5 | batch 23/120 x[0].mean=0.600862
  [C11] Round 5 | batch 23/120 x[0].mean=-0.311530
  [Client 12] Round 5 | Hier-pFedMe(λ2=35.0,K=3) | loss=0.3207
  [Client 10] Round 5 | Hier-pFedMe(λ2=35.0,K=3) | loss=0.6275
  [Client 11] Round 5 | Hier-pFedMe(λ2=35.0,K=3) | loss=0.2174
  [Client 13] Round 5 | Hier-pFedMe(λ2=35.0,K=3) | loss=0.1955
  [C14] Round 5 | batch 23/120 x[0].mean=0.086204
  [C19] Round 5 | batch 23/120 x[0].mean=0.553031
  [C16] Round 5 | batch 23/120 x[0].mean=-0.149766
  [C15] Round 5 | batch 23/120 x[0].mean=1.034638
  [Client 14] Round 5 | Hier-pFedMe(λ2=35.0,K=3) | loss=0.5278
  [Client 16] Round 5 | Hier-pFedMe(λ2=35.0,K=3) | loss=0.1428
  [Client 19] Round 5 | Hier-pFedMe(λ2=35.0,K=3) | loss=0.1263
  [Client 15] Round 5 | Hier-pFedMe(λ2=35.0,K=3) | loss=0.4614
  [C17] Round 5 | batch 23/120 x[0].mean=-0.296463
  [C18] Round 5 | batch 23/120 x[0].mean=-0.219940
  [Client 17] Round 5 | Hier-pFedMe(λ2=35.0,K=3) | loss=0.7659
  [Client 18] Round 5 | Hier-pFedMe(λ2=35.0,K=3) | loss=0.4199
  [Edge 1] G5 | E4 | loss=0.3805
  [Edge 1] G5 | E5 | Hier-pFedMe | Selected 10/10
  [C17] Round 5 | batch 24/120 x[0].mean=-0.433805
  [C16] Round 5 | batch 24/120 x[0].mean=0.150611
  [C13] Round 5 | batch 24/120 x[0].mean=0.020562
  [C12] Round 5 | batch 24/120 x[0].mean=0.736703
  [Client 17] Round 5 | Hier-pFedMe(λ2=35.0,K=3) | loss=1.6540
  [Client 16] Round 5 | Hier-pFedMe(λ2=35.0,K=3) | loss=0.4083
  [Client 12] Round 5 | Hier-pFedMe(λ2=35.0,K=3) | loss=0.1084
  [Client 13] Round 5 | Hier-pFedMe(λ2=35.0,K=3) | loss=0.2738
  [C10] Round 5 | batch 24/120 x[0].mean=-0.022398
  [C19] Round 5 | batch 24/120 x[0].mean=0.032764
  [C18] Round 5 | batch 24/120 x[0].mean=0.015514
  [C14] Round 5 | batch 24/120 x[0].mean=-0.022284
  [Client 10] Round 5 | Hier-pFedMe(λ2=35.0,K=3) | loss=0.1333
  [Client 19] Round 5 | Hier-pFedMe(λ2=35.0,K=3) | loss=0.1082
  [Client 18] Round 5 | Hier-pFedMe(λ2=35.0,K=3) | loss=0.9579
  [Client 14] Round 5 | Hier-pFedMe(λ2=35.0,K=3) | loss=0.6951
  [C11] Round 5 | batch 24/120 x[0].mean=0.400317
  [C15] Round 5 | batch 24/120 x[0].mean=-0.062399
  [Client 11] Round 5 | Hier-pFedMe(λ2=35.0,K=3) | loss=3.1114
  [Client 15] Round 5 | Hier-pFedMe(λ2=35.0,K=3) | loss=0.2431
  [Edge 1] G5 | E5 | loss=0.7693
