This job can be monitored from: https://job.c3se.chalmers.se/alvis/6108296
Dataset: cifar10

=== [3/6] DP-SGD ε=3 uniform (tight privacy) ===
2026-03-13 14:44:44,929 | INFO | HierDPFL | Using GPU: PhysicalDevice(name='/physical_device:GPU:0', device_type='GPU')
2026-03-13 14:44:44,929 | INFO | HierDPFL | ── DPConfig ─────────────────────────────────────
  enabled          : True
  target_epsilon   : 3.0
  delta            : 1e-05
  noise_multiplier : auto-calibrate
  max_grad_norm    : 0.5
  adaptive_mode    : uniform
  accountant_type  : rdp
─────────────────────────────────────────────────
2026-03-13 14:44:50,244 | INFO | datasets.cifar10 | Dataset: cifar10 | Clients: 10 | Partition: Shard | Avg samples/client: 5000
2026-03-13 14:44:50,250 | INFO | dp.accountant | Calibrated noise_multiplier=2.0909 for ε=3.0, δ=1e-05, steps=100
2026-03-13 14:44:50,250 | INFO | HierDPFL | Auto-calibrated noise_multiplier = 2.0909
2026-03-13 14:44:50,257 | INFO | HierDPFL | DP Allocator: UniformDPAllocator(noise_multiplier=2.0908965492248535, clip_norm=0.5)
2026-03-13 14:44:50,257 | INFO | HierDPFL | Initialising clients…
2026-03-13 14:44:53,323 | INFO | HierDPFL | Starting HierDP-FL | Dataset=cifar10 | Model=cnn_complex | Clients=10 | Edges=2 | Rounds=10 | τ₁=5 τ₂=2 | DP=True
2026-03-13 14:44:57,147 | WARNING | tensorflow | 5 out of the last 5 calls to <function _BaseOptimizer._update_step_xla at 0x145e724e8400> triggered tf.function retracing. Tracing is expensive and the excessive number of tracings could be due to (1) creating @tf.function repeatedly in a loop, (2) passing tensors with different shapes, (3) passing Python objects instead of tensors. For (1), please define your @tf.function outside of the loop. For (2), @tf.function has reduce_retracing=True option that can avoid unnecessary retracing. For (3), please refer to https://www.tensorflow.org/guide/function#controlling_retracing and https://www.tensorflow.org/api_docs/python/tf/function for  more details.
2026-03-13 14:44:57,175 | WARNING | tensorflow | 6 out of the last 6 calls to <function _BaseOptimizer._update_step_xla at 0x145e724e8400> triggered tf.function retracing. Tracing is expensive and the excessive number of tracings could be due to (1) creating @tf.function repeatedly in a loop, (2) passing tensors with different shapes, (3) passing Python objects instead of tensors. For (1), please define your @tf.function outside of the loop. For (2), @tf.function has reduce_retracing=True option that can avoid unnecessary retracing. For (3), please refer to https://www.tensorflow.org/guide/function#controlling_retracing and https://www.tensorflow.org/api_docs/python/tf/function for  more details.
2026-03-13 14:48:58,743 | INFO | HierDPFL | Round 1/10 | Loss=2.7340 | EdgeAcc=0.1049
2026-03-13 14:48:59,482 | INFO | HierDPFL |   Global acc=0.1057 | Privacy ε≤1.094 (δ=1e-05)
