This job can be monitored from: https://job.c3se.chalmers.se/alvis/6095481
Dataset: cifar10

=== [4/6] DP-SGD ε=10 epoch-wise cosine schedule ===
2026-03-11 17:46:43,180 | INFO | HierDPFL | Using GPU: PhysicalDevice(name='/physical_device:GPU:0', device_type='GPU')
2026-03-11 17:46:43,180 | INFO | HierDPFL | ── DPConfig ─────────────────────────────────────
  enabled          : True
  target_epsilon   : 10.0
  delta            : 1e-05
  noise_multiplier : auto-calibrate
  max_grad_norm    : 1.0
  adaptive_mode    : epoch_wise
  accountant_type  : rdp
─────────────────────────────────────────────────
2026-03-11 17:46:48,225 | INFO | datasets.cifar10 | Dataset: cifar10 | Clients: 20 | Partition: Shard | Avg samples/client: 2500
2026-03-11 17:46:48,231 | INFO | dp.accountant | Calibrated noise_multiplier=0.9560 for ε=10.0, δ=1e-05, steps=100
2026-03-11 17:46:48,231 | INFO | HierDPFL | Auto-calibrated noise_multiplier = 0.9560
2026-03-11 17:46:48,240 | INFO | HierDPFL | DP Allocator: CosineAnnealNoiseAllocator(σ_init=0.9560354614257811 → σ_final=0.0, T=10, cycles=1)
2026-03-11 17:46:48,241 | INFO | HierDPFL | Initialising clients…
2026-03-11 17:46:53,356 | INFO | HierDPFL | Starting HierDP-FL | Dataset=cifar10 | Model=cnn_complex | Clients=20 | Edges=4 | Rounds=10 | τ₁=5 τ₂=2 | DP=True
2026-03-11 17:46:56,430 | WARNING | tensorflow | 5 out of the last 5 calls to <function _BaseOptimizer._update_step_xla at 0x150ae2187880> triggered tf.function retracing. Tracing is expensive and the excessive number of tracings could be due to (1) creating @tf.function repeatedly in a loop, (2) passing tensors with different shapes, (3) passing Python objects instead of tensors. For (1), please define your @tf.function outside of the loop. For (2), @tf.function has reduce_retracing=True option that can avoid unnecessary retracing. For (3), please refer to https://www.tensorflow.org/guide/function#controlling_retracing and https://www.tensorflow.org/api_docs/python/tf/function for  more details.
2026-03-11 17:46:56,456 | WARNING | tensorflow | 6 out of the last 6 calls to <function _BaseOptimizer._update_step_xla at 0x150ae2187880> triggered tf.function retracing. Tracing is expensive and the excessive number of tracings could be due to (1) creating @tf.function repeatedly in a loop, (2) passing tensors with different shapes, (3) passing Python objects instead of tensors. For (1), please define your @tf.function outside of the loop. For (2), @tf.function has reduce_retracing=True option that can avoid unnecessary retracing. For (3), please refer to https://www.tensorflow.org/guide/function#controlling_retracing and https://www.tensorflow.org/api_docs/python/tf/function for  more details.
2026-03-11 17:52:20,720 | INFO | HierDPFL | Round 1/10 | Loss=1.6478 | EdgeAcc=0.1101
2026-03-11 17:52:22,362 | INFO | HierDPFL |   Global acc=0.1313 | Privacy ε≤3.946 (δ=1e-05)
2026-03-11 17:57:39,791 | INFO | HierDPFL | Round 2/10 | Loss=1.1871 | EdgeAcc=0.1120
2026-03-11 17:57:41,435 | INFO | HierDPFL |   Global acc=0.1362 | Privacy ε≤5.261 (δ=1e-05)
2026-03-11 18:02:58,491 | INFO | HierDPFL | Round 3/10 | Loss=1.1139 | EdgeAcc=0.1200
2026-03-11 18:03:00,126 | INFO | HierDPFL |   Global acc=0.1623 | Privacy ε≤7.176 (δ=1e-05)
2026-03-11 18:08:17,568 | INFO | HierDPFL | Round 4/10 | Loss=1.0696 | EdgeAcc=0.1282
2026-03-11 18:08:19,205 | INFO | HierDPFL |   Global acc=0.1817 | Privacy ε≤10.746 (δ=1e-05)
2026-03-11 18:13:35,260 | INFO | HierDPFL | Round 5/10 | Loss=1.0557 | EdgeAcc=0.1417
2026-03-11 18:13:36,869 | INFO | HierDPFL |   Global acc=0.2061 | Privacy ε≤17.192 (δ=1e-05)
2026-03-11 18:18:49,179 | INFO | HierDPFL | Round 6/10 | Loss=1.0340 | EdgeAcc=0.1469
2026-03-11 18:18:50,783 | INFO | HierDPFL |   Global acc=0.2182 | Privacy ε≤51.877 (δ=1e-05)
2026-03-11 18:24:01,744 | INFO | HierDPFL | Round 7/10 | Loss=0.9997 | EdgeAcc=0.1585
2026-03-11 18:24:03,347 | INFO | HierDPFL |   Global acc=0.2302 | Privacy ε≤347.223 (δ=1e-05)
2026-03-11 18:29:14,284 | INFO | HierDPFL | Round 8/10 | Loss=0.9708 | EdgeAcc=0.1665
2026-03-11 18:29:15,891 | INFO | HierDPFL |   Global acc=0.2477 | Privacy ε≤1721.878 (δ=1e-05)
2026-03-11 18:34:26,790 | INFO | HierDPFL | Round 9/10 | Loss=0.9746 | EdgeAcc=0.1721
2026-03-11 18:34:28,396 | INFO | HierDPFL |   Global acc=0.2539 | Privacy ε≤10416.419 (δ=1e-05)
2026-03-11 18:39:39,091 | INFO | HierDPFL | Round 10/10 | Loss=0.9679 | EdgeAcc=0.1786
2026-03-11 18:39:40,702 | INFO | HierDPFL |   Global acc=0.2639 | Privacy ε≤inf (δ=1e-05)
2026-03-11 18:39:40,717 | INFO | HierDPFL | 
============================================================
2026-03-11 18:39:40,717 | INFO | HierDPFL | Training complete.
2026-03-11 18:39:40,717 | INFO | HierDPFL | Final global accuracy: 0.2639
2026-03-11 18:39:40,730 | INFO | HierDPFL | Final worst-case privacy: ε=inf, δ=1e-05
2026-03-11 18:39:40,730 | INFO | HierDPFL | TensorBoard logs: runs/cifar10_cnn_complex_dpTrue_eps10.0_modeepoch_wise_nc20_ne4
2026-03-11 18:39:40,730 | INFO | HierDPFL | ============================================================


=== [5/6] DP-SGD ε=10 layer-wise adaptive clipping ===
2026-03-11 18:39:51,247 | INFO | HierDPFL | Using GPU: PhysicalDevice(name='/physical_device:GPU:0', device_type='GPU')
2026-03-11 18:39:51,247 | INFO | HierDPFL | ── DPConfig ─────────────────────────────────────
  enabled          : True
  target_epsilon   : 10.0
  delta            : 1e-05
  noise_multiplier : auto-calibrate
  max_grad_norm    : 1.0
  adaptive_mode    : layer_wise
  accountant_type  : rdp
─────────────────────────────────────────────────
2026-03-11 18:39:55,744 | INFO | datasets.cifar10 | Dataset: cifar10 | Clients: 20 | Partition: Shard | Avg samples/client: 2500
2026-03-11 18:39:55,750 | INFO | dp.accountant | Calibrated noise_multiplier=0.9560 for ε=10.0, δ=1e-05, steps=100
2026-03-11 18:39:55,750 | INFO | HierDPFL | Auto-calibrated noise_multiplier = 0.9560
2026-03-11 18:39:55,754 | INFO | HierDPFL | DP Allocator: GradNormAdaptiveLayerDPAllocator(σ=0.9560354614257811, p=50.0, round=0)
2026-03-11 18:39:55,754 | INFO | HierDPFL | Initialising clients…
2026-03-11 18:40:00,212 | INFO | HierDPFL | Starting HierDP-FL | Dataset=cifar10 | Model=cnn_complex | Clients=20 | Edges=4 | Rounds=10 | τ₁=5 τ₂=2 | DP=True
2026-03-11 18:40:02,739 | WARNING | tensorflow | 5 out of the last 5 calls to <function _BaseOptimizer._update_step_xla at 0x1486f2168220> triggered tf.function retracing. Tracing is expensive and the excessive number of tracings could be due to (1) creating @tf.function repeatedly in a loop, (2) passing tensors with different shapes, (3) passing Python objects instead of tensors. For (1), please define your @tf.function outside of the loop. For (2), @tf.function has reduce_retracing=True option that can avoid unnecessary retracing. For (3), please refer to https://www.tensorflow.org/guide/function#controlling_retracing and https://www.tensorflow.org/api_docs/python/tf/function for  more details.
2026-03-11 18:40:02,765 | WARNING | tensorflow | 6 out of the last 6 calls to <function _BaseOptimizer._update_step_xla at 0x1486f2168220> triggered tf.function retracing. Tracing is expensive and the excessive number of tracings could be due to (1) creating @tf.function repeatedly in a loop, (2) passing tensors with different shapes, (3) passing Python objects instead of tensors. For (1), please define your @tf.function outside of the loop. For (2), @tf.function has reduce_retracing=True option that can avoid unnecessary retracing. For (3), please refer to https://www.tensorflow.org/guide/function#controlling_retracing and https://www.tensorflow.org/api_docs/python/tf/function for  more details.
2026-03-11 18:45:33,140 | INFO | HierDPFL | Round 1/10 | Loss=1.7842 | EdgeAcc=0.1075
2026-03-11 18:45:34,836 | INFO | HierDPFL |   Global acc=0.1252 | Privacy ε≤3.946 (δ=1e-05)
2026-03-11 18:50:58,339 | INFO | HierDPFL | Round 2/10 | Loss=1.2082 | EdgeAcc=0.1207
2026-03-11 18:50:59,978 | INFO | HierDPFL |   Global acc=0.1301 | Privacy ε≤5.019 (δ=1e-05)
2026-03-11 18:56:20,888 | INFO | HierDPFL | Round 3/10 | Loss=1.1543 | EdgeAcc=0.1206
2026-03-11 18:56:22,524 | INFO | HierDPFL |   Global acc=0.1588 | Privacy ε≤5.984 (δ=1e-05)
2026-03-11 19:01:42,436 | INFO | HierDPFL | Round 4/10 | Loss=1.0955 | EdgeAcc=0.1286
2026-03-11 19:01:44,072 | INFO | HierDPFL |   Global acc=0.1935 | Privacy ε≤6.877 (δ=1e-05)
2026-03-11 19:07:01,931 | INFO | HierDPFL | Round 5/10 | Loss=1.0637 | EdgeAcc=0.1406
2026-03-11 19:07:03,567 | INFO | HierDPFL |   Global acc=0.2137 | Privacy ε≤7.396 (δ=1e-05)
2026-03-11 19:12:23,055 | INFO | HierDPFL | Round 6/10 | Loss=1.0361 | EdgeAcc=0.1491
2026-03-11 19:12:24,687 | INFO | HierDPFL |   Global acc=0.2312 | Privacy ε≤7.915 (δ=1e-05)
2026-03-11 19:17:43,451 | INFO | HierDPFL | Round 7/10 | Loss=1.0226 | EdgeAcc=0.1563
2026-03-11 19:17:45,107 | INFO | HierDPFL |   Global acc=0.2379 | Privacy ε≤8.434 (δ=1e-05)
2026-03-11 19:23:04,690 | INFO | HierDPFL | Round 8/10 | Loss=0.9866 | EdgeAcc=0.1635
2026-03-11 19:23:06,314 | INFO | HierDPFL |   Global acc=0.2459 | Privacy ε≤8.953 (δ=1e-05)
2026-03-11 19:28:25,157 | INFO | HierDPFL | Round 9/10 | Loss=0.9902 | EdgeAcc=0.1749
2026-03-11 19:28:26,791 | INFO | HierDPFL |   Global acc=0.2554 | Privacy ε≤9.472 (δ=1e-05)
2026-03-11 19:33:45,655 | INFO | HierDPFL | Round 10/10 | Loss=0.9814 | EdgeAcc=0.1802
2026-03-11 19:33:47,292 | INFO | HierDPFL |   Global acc=0.2637 | Privacy ε≤9.991 (δ=1e-05)
2026-03-11 19:33:47,304 | INFO | HierDPFL | 
============================================================
2026-03-11 19:33:47,304 | INFO | HierDPFL | Training complete.
2026-03-11 19:33:47,304 | INFO | HierDPFL | Final global accuracy: 0.2637
2026-03-11 19:33:47,313 | INFO | HierDPFL | Final worst-case privacy: ε=9.9908, δ=1e-05
2026-03-11 19:33:47,314 | INFO | HierDPFL | TensorBoard logs: runs/cifar10_cnn_complex_dpTrue_eps10.0_modelayer_wise_nc20_ne4
2026-03-11 19:33:47,314 | INFO | HierDPFL | ============================================================


=== [6/6] DP-SGD ε=10 client-wise adaptive noise ===
2026-03-11 19:34:00,016 | INFO | HierDPFL | Using GPU: PhysicalDevice(name='/physical_device:GPU:0', device_type='GPU')
2026-03-11 19:34:00,016 | INFO | HierDPFL | ── DPConfig ─────────────────────────────────────
  enabled          : True
  target_epsilon   : 10.0
  delta            : 1e-05
  noise_multiplier : auto-calibrate
  max_grad_norm    : 1.0
  adaptive_mode    : client_wise
  accountant_type  : rdp
─────────────────────────────────────────────────
2026-03-11 19:34:04,611 | INFO | datasets.cifar10 | Dataset: cifar10 | Clients: 20 | Partition: Shard | Avg samples/client: 2500
2026-03-11 19:34:04,617 | INFO | dp.accountant | Calibrated noise_multiplier=0.9560 for ε=10.0, δ=1e-05, steps=100
2026-03-11 19:34:04,617 | INFO | HierDPFL | Auto-calibrated noise_multiplier = 0.9560
2026-03-11 19:34:04,619 | INFO | HierDPFL | DP Allocator: GradMagnitudeClientDPAllocator(base_σ=0.9560354614257811, high_frac=0.3, round=0)
2026-03-11 19:34:04,619 | INFO | HierDPFL | Initialising clients…
2026-03-11 19:34:09,233 | INFO | HierDPFL | Starting HierDP-FL | Dataset=cifar10 | Model=cnn_complex | Clients=20 | Edges=4 | Rounds=10 | τ₁=5 τ₂=2 | DP=True
2026-03-11 19:34:11,812 | WARNING | tensorflow | 5 out of the last 5 calls to <function _BaseOptimizer._update_step_xla at 0x14a3c21477e0> triggered tf.function retracing. Tracing is expensive and the excessive number of tracings could be due to (1) creating @tf.function repeatedly in a loop, (2) passing tensors with different shapes, (3) passing Python objects instead of tensors. For (1), please define your @tf.function outside of the loop. For (2), @tf.function has reduce_retracing=True option that can avoid unnecessary retracing. For (3), please refer to https://www.tensorflow.org/guide/function#controlling_retracing and https://www.tensorflow.org/api_docs/python/tf/function for  more details.
2026-03-11 19:34:11,841 | WARNING | tensorflow | 6 out of the last 6 calls to <function _BaseOptimizer._update_step_xla at 0x14a3c21477e0> triggered tf.function retracing. Tracing is expensive and the excessive number of tracings could be due to (1) creating @tf.function repeatedly in a loop, (2) passing tensors with different shapes, (3) passing Python objects instead of tensors. For (1), please define your @tf.function outside of the loop. For (2), @tf.function has reduce_retracing=True option that can avoid unnecessary retracing. For (3), please refer to https://www.tensorflow.org/guide/function#controlling_retracing and https://www.tensorflow.org/api_docs/python/tf/function for  more details.
2026-03-11 19:39:45,077 | INFO | HierDPFL | Round 1/10 | Loss=1.9036 | EdgeAcc=0.1118
2026-03-11 19:39:46,757 | INFO | HierDPFL |   Global acc=0.1087 | Privacy ε≤3.946 (δ=1e-05)
2026-03-11 19:45:13,755 | INFO | HierDPFL | Round 2/10 | Loss=1.2430 | EdgeAcc=0.1221
2026-03-11 19:45:15,424 | INFO | HierDPFL |   Global acc=0.1317 | Privacy ε≤5.019 (δ=1e-05)
2026-03-11 19:50:41,555 | INFO | HierDPFL | Round 3/10 | Loss=1.1797 | EdgeAcc=0.1191
2026-03-11 19:50:43,212 | INFO | HierDPFL |   Global acc=0.1502 | Privacy ε≤5.984 (δ=1e-05)
2026-03-11 19:56:09,767 | INFO | HierDPFL | Round 4/10 | Loss=1.0999 | EdgeAcc=0.1343
2026-03-11 19:56:11,430 | INFO | HierDPFL |   Global acc=0.1890 | Privacy ε≤13.518 (δ=1e-05)
2026-03-11 20:01:36,659 | INFO | HierDPFL | Round 5/10 | Loss=1.0839 | EdgeAcc=0.1457
2026-03-11 20:01:38,317 | INFO | HierDPFL |   Global acc=0.2155 | Privacy ε≤14.366 (δ=1e-05)
2026-03-11 20:07:04,746 | INFO | HierDPFL | Round 6/10 | Loss=1.0492 | EdgeAcc=0.1517
2026-03-11 20:07:06,406 | INFO | HierDPFL |   Global acc=0.2270 | Privacy ε≤15.214 (δ=1e-05)
2026-03-11 20:12:32,680 | INFO | HierDPFL | Round 7/10 | Loss=1.0284 | EdgeAcc=0.1650
2026-03-11 20:12:34,338 | INFO | HierDPFL |   Global acc=0.2434 | Privacy ε≤16.062 (δ=1e-05)
2026-03-11 20:18:00,415 | INFO | HierDPFL | Round 8/10 | Loss=0.9933 | EdgeAcc=0.1731
2026-03-11 20:18:02,069 | INFO | HierDPFL |   Global acc=0.2598 | Privacy ε≤16.910 (δ=1e-05)
2026-03-11 20:23:27,900 | INFO | HierDPFL | Round 9/10 | Loss=1.0060 | EdgeAcc=0.1716
2026-03-11 20:23:29,561 | INFO | HierDPFL |   Global acc=0.2595 | Privacy ε≤17.758 (δ=1e-05)
2026-03-11 20:28:54,656 | INFO | HierDPFL | Round 10/10 | Loss=0.9705 | EdgeAcc=0.1840
2026-03-11 20:28:56,311 | INFO | HierDPFL |   Global acc=0.2691 | Privacy ε≤18.605 (δ=1e-05)
2026-03-11 20:28:56,324 | INFO | HierDPFL | 
============================================================
2026-03-11 20:28:56,324 | INFO | HierDPFL | Training complete.
2026-03-11 20:28:56,324 | INFO | HierDPFL | Final global accuracy: 0.2691
2026-03-11 20:28:56,334 | INFO | HierDPFL | Final worst-case privacy: ε=18.6055, δ=1e-05
2026-03-11 20:28:56,334 | INFO | HierDPFL | TensorBoard logs: runs/cifar10_cnn_complex_dpTrue_eps10.0_modeclient_wise_nc20_ne4
2026-03-11 20:28:56,334 | INFO | HierDPFL | ============================================================


All experiments complete. TensorBoard logs in ./runs/
Launch TensorBoard: tensorboard --logdir runs/
