This job can be monitored from: https://job.c3se.chalmers.se/alvis/6107858
Dataset: cifar10

=== [3/6] DP-SGD ε=3 uniform (tight privacy) ===
2026-03-13 13:44:59,605 | INFO | HierDPFL | Using GPU: PhysicalDevice(name='/physical_device:GPU:0', device_type='GPU')
2026-03-13 13:44:59,605 | INFO | HierDPFL | ── DPConfig ─────────────────────────────────────
  enabled          : True
  target_epsilon   : 3.0
  delta            : 1e-05
  noise_multiplier : auto-calibrate
  max_grad_norm    : 0.5
  adaptive_mode    : uniform
  accountant_type  : rdp
─────────────────────────────────────────────────
2026-03-13 13:45:03,102 | INFO | datasets.cifar10 | Dataset: cifar10 | Clients: 10 | Partition: Shard | Avg samples/client: 5000
2026-03-13 13:45:03,108 | INFO | dp.accountant | Calibrated noise_multiplier=2.0909 for ε=3.0, δ=1e-05, steps=100
2026-03-13 13:45:03,108 | INFO | HierDPFL | Auto-calibrated noise_multiplier = 2.0909
2026-03-13 13:45:03,118 | INFO | HierDPFL | DP Allocator: UniformDPAllocator(noise_multiplier=2.0908965492248535, clip_norm=0.5)
2026-03-13 13:45:03,119 | INFO | HierDPFL | Initialising clients…
2026-03-13 13:45:05,965 | INFO | HierDPFL | Starting HierDP-FL | Dataset=cifar10 | Model=cnn_complex | Clients=10 | Edges=2 | Rounds=10 | τ₁=5 τ₂=2 | DP=True
2026-03-13 13:45:09,642 | WARNING | tensorflow | 5 out of the last 5 calls to <function _BaseOptimizer._update_step_xla at 0x1520ca4c44a0> triggered tf.function retracing. Tracing is expensive and the excessive number of tracings could be due to (1) creating @tf.function repeatedly in a loop, (2) passing tensors with different shapes, (3) passing Python objects instead of tensors. For (1), please define your @tf.function outside of the loop. For (2), @tf.function has reduce_retracing=True option that can avoid unnecessary retracing. For (3), please refer to https://www.tensorflow.org/guide/function#controlling_retracing and https://www.tensorflow.org/api_docs/python/tf/function for  more details.
2026-03-13 13:45:09,669 | WARNING | tensorflow | 6 out of the last 6 calls to <function _BaseOptimizer._update_step_xla at 0x1520ca4c44a0> triggered tf.function retracing. Tracing is expensive and the excessive number of tracings could be due to (1) creating @tf.function repeatedly in a loop, (2) passing tensors with different shapes, (3) passing Python objects instead of tensors. For (1), please define your @tf.function outside of the loop. For (2), @tf.function has reduce_retracing=True option that can avoid unnecessary retracing. For (3), please refer to https://www.tensorflow.org/guide/function#controlling_retracing and https://www.tensorflow.org/api_docs/python/tf/function for  more details.
2026-03-13 13:48:35,174 | INFO | HierDPFL | Round 1/10 | Loss=2.9496 | EdgeAcc=0.1305
2026-03-13 13:48:35,820 | INFO | HierDPFL |   Global acc=0.1297 | Privacy ε≤1.094 (δ=1e-05)
2026-03-13 13:52:00,428 | INFO | HierDPFL | Round 2/10 | Loss=1.8956 | EdgeAcc=0.1374
2026-03-13 13:52:01,083 | INFO | HierDPFL |   Global acc=0.1490 | Privacy ε≤1.451 (δ=1e-05)
2026-03-13 13:55:25,892 | INFO | HierDPFL | Round 3/10 | Loss=1.6176 | EdgeAcc=0.1501
2026-03-13 13:55:26,543 | INFO | HierDPFL |   Global acc=0.1649 | Privacy ε≤1.728 (δ=1e-05)
2026-03-13 13:58:50,963 | INFO | HierDPFL | Round 4/10 | Loss=1.5265 | EdgeAcc=0.1608
2026-03-13 13:58:51,614 | INFO | HierDPFL |   Global acc=0.1789 | Privacy ε≤1.957 (δ=1e-05)
2026-03-13 14:02:15,737 | INFO | HierDPFL | Round 5/10 | Loss=1.5150 | EdgeAcc=0.1744
2026-03-13 14:02:16,390 | INFO | HierDPFL |   Global acc=0.1966 | Privacy ε≤2.163 (δ=1e-05)
2026-03-13 14:05:41,036 | INFO | HierDPFL | Round 6/10 | Loss=1.4656 | EdgeAcc=0.1825
2026-03-13 14:05:41,686 | INFO | HierDPFL |   Global acc=0.2069 | Privacy ε≤2.353 (δ=1e-05)
2026-03-13 14:09:06,075 | INFO | HierDPFL | Round 7/10 | Loss=1.4805 | EdgeAcc=0.1897
2026-03-13 14:09:06,718 | INFO | HierDPFL |   Global acc=0.2184 | Privacy ε≤2.531 (δ=1e-05)
2026-03-13 14:12:31,496 | INFO | HierDPFL | Round 8/10 | Loss=1.4543 | EdgeAcc=0.1981
2026-03-13 14:12:32,160 | INFO | HierDPFL |   Global acc=0.2318 | Privacy ε≤2.687 (δ=1e-05)
2026-03-13 14:15:56,869 | INFO | HierDPFL | Round 9/10 | Loss=1.4475 | EdgeAcc=0.2019
2026-03-13 14:15:57,506 | INFO | HierDPFL |   Global acc=0.2465 | Privacy ε≤2.843 (δ=1e-05)
2026-03-13 14:19:21,690 | INFO | HierDPFL | Round 10/10 | Loss=1.4046 | EdgeAcc=0.2013
2026-03-13 14:19:22,343 | INFO | HierDPFL |   Global acc=0.2494 | Privacy ε≤2.998 (δ=1e-05)
2026-03-13 14:19:22,351 | INFO | HierDPFL | 
============================================================
2026-03-13 14:19:22,351 | INFO | HierDPFL | Training complete.
2026-03-13 14:19:22,351 | INFO | HierDPFL | Final global accuracy: 0.2494
2026-03-13 14:19:22,356 | INFO | HierDPFL | Final worst-case privacy: ε=2.9985, δ=1e-05
2026-03-13 14:19:22,356 | INFO | HierDPFL | TensorBoard logs: runs/cifar10_cnn_complex_dpTrue_eps3.0_modeuniform_nc10_ne2
2026-03-13 14:19:22,356 | INFO | HierDPFL | ============================================================


=== [4/6] DP-SGD ε=10 epoch-wise cosine schedule ===
2026-03-13 14:19:32,854 | INFO | HierDPFL | Using GPU: PhysicalDevice(name='/physical_device:GPU:0', device_type='GPU')
2026-03-13 14:19:32,855 | INFO | HierDPFL | ── DPConfig ─────────────────────────────────────
  enabled          : True
  target_epsilon   : 10.0
  delta            : 1e-05
  noise_multiplier : auto-calibrate
  max_grad_norm    : 1.0
  adaptive_mode    : epoch_wise
  accountant_type  : rdp
─────────────────────────────────────────────────
2026-03-13 14:19:36,300 | INFO | datasets.cifar10 | Dataset: cifar10 | Clients: 10 | Partition: Shard | Avg samples/client: 5000
2026-03-13 14:19:36,307 | INFO | dp.accountant | Calibrated noise_multiplier=0.9560 for ε=10.0, δ=1e-05, steps=100
2026-03-13 14:19:36,307 | INFO | HierDPFL | Auto-calibrated noise_multiplier = 0.9560
2026-03-13 14:19:36,314 | INFO | HierDPFL | DP Allocator: CosineAnnealNoiseAllocator(σ_init=0.9560354614257811 → σ_final=0.0, T=10, cycles=1)
2026-03-13 14:19:36,314 | INFO | HierDPFL | Initialising clients…
2026-03-13 14:19:38,710 | INFO | HierDPFL | Starting HierDP-FL | Dataset=cifar10 | Model=cnn_complex | Clients=10 | Edges=2 | Rounds=10 | τ₁=5 τ₂=2 | DP=True
2026-03-13 14:19:41,723 | WARNING | tensorflow | 5 out of the last 5 calls to <function _BaseOptimizer._update_step_xla at 0x1519962f45e0> triggered tf.function retracing. Tracing is expensive and the excessive number of tracings could be due to (1) creating @tf.function repeatedly in a loop, (2) passing tensors with different shapes, (3) passing Python objects instead of tensors. For (1), please define your @tf.function outside of the loop. For (2), @tf.function has reduce_retracing=True option that can avoid unnecessary retracing. For (3), please refer to https://www.tensorflow.org/guide/function#controlling_retracing and https://www.tensorflow.org/api_docs/python/tf/function for  more details.
2026-03-13 14:19:41,749 | WARNING | tensorflow | 6 out of the last 6 calls to <function _BaseOptimizer._update_step_xla at 0x1519962f45e0> triggered tf.function retracing. Tracing is expensive and the excessive number of tracings could be due to (1) creating @tf.function repeatedly in a loop, (2) passing tensors with different shapes, (3) passing Python objects instead of tensors. For (1), please define your @tf.function outside of the loop. For (2), @tf.function has reduce_retracing=True option that can avoid unnecessary retracing. For (3), please refer to https://www.tensorflow.org/guide/function#controlling_retracing and https://www.tensorflow.org/api_docs/python/tf/function for  more details.
