2026-03-13 13:44:50.030281: I tensorflow/core/util/port.cc:113] oneDNN custom operations are on. You may see slightly different numerical results due to floating-point round-off errors from different computation orders. To turn them off, set the environment variable `TF_ENABLE_ONEDNN_OPTS=0`.
2026-03-13 13:44:50.067554: E external/local_xla/xla/stream_executor/cuda/cuda_dnn.cc:9261] Unable to register cuDNN factory: Attempting to register factory for plugin cuDNN when one has already been registered
2026-03-13 13:44:50.067602: E external/local_xla/xla/stream_executor/cuda/cuda_fft.cc:607] Unable to register cuFFT factory: Attempting to register factory for plugin cuFFT when one has already been registered
2026-03-13 13:44:50.068423: E external/local_xla/xla/stream_executor/cuda/cuda_blas.cc:1515] Unable to register cuBLAS factory: Attempting to register factory for plugin cuBLAS when one has already been registered
tensorflow_privacy not found; falling back to a pure-numpy RDP accountant (slightly less precise for very small orders).
2026-03-13 13:45:00.215445: I tensorflow/core/common_runtime/gpu/gpu_device.cc:1929] Created device /job:localhost/replica:0/task:0/device:GPU:0 with 43685 MB memory:  -> device: 0, name: NVIDIA A40, pci bus id: 0000:17:00.0, compute capability: 8.6
2026-03-13 13:45:03.326009: I external/local_xla/xla/stream_executor/cuda/cuda_dnn.cc:454] Loaded cuDNN version 8902
Global rounds:   0%|          | 0/10 [00:00<?, ?it/s]2026-03-13 13:45:09.271281: I external/local_xla/xla/service/service.cc:168] XLA service 0x2729f460 initialized for platform CUDA (this does not guarantee that XLA will be used). Devices:
2026-03-13 13:45:09.271319: I external/local_xla/xla/service/service.cc:176]   StreamExecutor device (0): NVIDIA A40, Compute Capability 8.6
WARNING: All log messages before absl::InitializeLog() is called are written to STDERR
I0000 00:00:1773405909.458627  452684 device_compiler.h:186] Compiled cluster using XLA!  This line is logged at most once for the lifetime of the process.
WARNING:tensorflow:5 out of the last 5 calls to <function _BaseOptimizer._update_step_xla at 0x1520ca4c44a0> triggered tf.function retracing. Tracing is expensive and the excessive number of tracings could be due to (1) creating @tf.function repeatedly in a loop, (2) passing tensors with different shapes, (3) passing Python objects instead of tensors. For (1), please define your @tf.function outside of the loop. For (2), @tf.function has reduce_retracing=True option that can avoid unnecessary retracing. For (3), please refer to https://www.tensorflow.org/guide/function#controlling_retracing and https://www.tensorflow.org/api_docs/python/tf/function for  more details.
WARNING:tensorflow:6 out of the last 6 calls to <function _BaseOptimizer._update_step_xla at 0x1520ca4c44a0> triggered tf.function retracing. Tracing is expensive and the excessive number of tracings could be due to (1) creating @tf.function repeatedly in a loop, (2) passing tensors with different shapes, (3) passing Python objects instead of tensors. For (1), please define your @tf.function outside of the loop. For (2), @tf.function has reduce_retracing=True option that can avoid unnecessary retracing. For (3), please refer to https://www.tensorflow.org/guide/function#controlling_retracing and https://www.tensorflow.org/api_docs/python/tf/function for  more details.
Global rounds:  10%|█         | 1/10 [03:29<31:28, 209.86s/it]Global rounds:  20%|██        | 2/10 [06:55<27:37, 207.16s/it]Global rounds:  30%|███       | 3/10 [10:20<24:04, 206.38s/it]Global rounds:  40%|████      | 4/10 [13:45<20:35, 205.86s/it]Global rounds:  50%|█████     | 5/10 [17:10<17:07, 205.47s/it]Global rounds:  60%|██████    | 6/10 [20:35<13:41, 205.41s/it]Global rounds:  70%|███████   | 7/10 [24:00<10:15, 205.29s/it]Global rounds:  80%|████████  | 8/10 [27:26<06:50, 205.34s/it]Global rounds:  90%|█████████ | 9/10 [30:51<03:25, 205.34s/it]Global rounds: 100%|██████████| 10/10 [34:16<00:00, 205.18s/it]Global rounds: 100%|██████████| 10/10 [34:16<00:00, 205.64s/it]
2026-03-13 14:19:24.762077: I tensorflow/core/util/port.cc:113] oneDNN custom operations are on. You may see slightly different numerical results due to floating-point round-off errors from different computation orders. To turn them off, set the environment variable `TF_ENABLE_ONEDNN_OPTS=0`.
2026-03-13 14:19:24.799146: E external/local_xla/xla/stream_executor/cuda/cuda_dnn.cc:9261] Unable to register cuDNN factory: Attempting to register factory for plugin cuDNN when one has already been registered
2026-03-13 14:19:24.799178: E external/local_xla/xla/stream_executor/cuda/cuda_fft.cc:607] Unable to register cuFFT factory: Attempting to register factory for plugin cuFFT when one has already been registered
2026-03-13 14:19:24.799959: E external/local_xla/xla/stream_executor/cuda/cuda_blas.cc:1515] Unable to register cuBLAS factory: Attempting to register factory for plugin cuBLAS when one has already been registered
tensorflow_privacy not found; falling back to a pure-numpy RDP accountant (slightly less precise for very small orders).
2026-03-13 14:19:33.394612: I tensorflow/core/common_runtime/gpu/gpu_device.cc:1929] Created device /job:localhost/replica:0/task:0/device:GPU:0 with 43685 MB memory:  -> device: 0, name: NVIDIA A40, pci bus id: 0000:17:00.0, compute capability: 8.6
/cephyr/users/ziangg/Alvis/tf-dpfl/HierDP-FL/dp/accountant.py:60: RuntimeWarning: overflow encountered in exp
  (1 - q) + q * np.exp((alpha) / (2 * noise_multiplier ** 2))
2026-03-13 14:19:36.474131: I external/local_xla/xla/stream_executor/cuda/cuda_dnn.cc:454] Loaded cuDNN version 8902
Global rounds:   0%|          | 0/10 [00:00<?, ?it/s]2026-03-13 14:19:41.480108: I external/local_xla/xla/service/service.cc:168] XLA service 0x283e2410 initialized for platform CUDA (this does not guarantee that XLA will be used). Devices:
2026-03-13 14:19:41.480147: I external/local_xla/xla/service/service.cc:176]   StreamExecutor device (0): NVIDIA A40, Compute Capability 8.6
WARNING: All log messages before absl::InitializeLog() is called are written to STDERR
I0000 00:00:1773407981.543578  478429 device_compiler.h:186] Compiled cluster using XLA!  This line is logged at most once for the lifetime of the process.
WARNING:tensorflow:5 out of the last 5 calls to <function _BaseOptimizer._update_step_xla at 0x1519962f45e0> triggered tf.function retracing. Tracing is expensive and the excessive number of tracings could be due to (1) creating @tf.function repeatedly in a loop, (2) passing tensors with different shapes, (3) passing Python objects instead of tensors. For (1), please define your @tf.function outside of the loop. For (2), @tf.function has reduce_retracing=True option that can avoid unnecessary retracing. For (3), please refer to https://www.tensorflow.org/guide/function#controlling_retracing and https://www.tensorflow.org/api_docs/python/tf/function for  more details.
WARNING:tensorflow:6 out of the last 6 calls to <function _BaseOptimizer._update_step_xla at 0x1519962f45e0> triggered tf.function retracing. Tracing is expensive and the excessive number of tracings could be due to (1) creating @tf.function repeatedly in a loop, (2) passing tensors with different shapes, (3) passing Python objects instead of tensors. For (1), please define your @tf.function outside of the loop. For (2), @tf.function has reduce_retracing=True option that can avoid unnecessary retracing. For (3), please refer to https://www.tensorflow.org/guide/function#controlling_retracing and https://www.tensorflow.org/api_docs/python/tf/function for  more details.
slurmstepd: error: *** JOB 6107858 ON alvis10-02 CANCELLED AT 2026-03-13T14:21:34 ***
