This job can be monitored from: https://job.c3se.chalmers.se/alvis/6108328
Dataset: cifar10

=== [3/6] DP-SGD ε=3 uniform (tight privacy) ===
2026-03-13 14:53:51,540 | INFO | HierDPFL | Using GPU: PhysicalDevice(name='/physical_device:GPU:0', device_type='GPU')
2026-03-13 14:53:51,540 | INFO | HierDPFL | ── DPConfig ─────────────────────────────────────
  enabled          : True
  target_epsilon   : 3.0
  delta            : 1e-05
  noise_multiplier : auto-calibrate
  max_grad_norm    : 0.5
  adaptive_mode    : uniform
  accountant_type  : rdp
─────────────────────────────────────────────────
2026-03-13 14:53:56,747 | INFO | datasets.cifar10 | Dataset: cifar10 | Clients: 10 | Partition: Shard | Avg samples/client: 5000
2026-03-13 14:53:56,753 | INFO | dp.accountant | Calibrated noise_multiplier=7.6918 for ε=3.0, δ=1e-05, steps=2000
2026-03-13 14:53:56,754 | INFO | HierDPFL | Auto-calibrated noise_multiplier = 7.6918
2026-03-13 14:53:56,760 | INFO | HierDPFL | DP Allocator: UniformDPAllocator(noise_multiplier=7.691769800186156, clip_norm=0.5)
2026-03-13 14:53:56,760 | INFO | HierDPFL | Initialising clients…
2026-03-13 14:53:59,853 | INFO | HierDPFL | Starting HierDP-FL | Dataset=cifar10 | Model=cnn_complex | Clients=10 | Edges=2 | Rounds=200 | τ₁=5 τ₂=2 | DP=True
2026-03-13 14:54:03,705 | WARNING | tensorflow | 5 out of the last 5 calls to <function _BaseOptimizer._update_step_xla at 0x151b852b04a0> triggered tf.function retracing. Tracing is expensive and the excessive number of tracings could be due to (1) creating @tf.function repeatedly in a loop, (2) passing tensors with different shapes, (3) passing Python objects instead of tensors. For (1), please define your @tf.function outside of the loop. For (2), @tf.function has reduce_retracing=True option that can avoid unnecessary retracing. For (3), please refer to https://www.tensorflow.org/guide/function#controlling_retracing and https://www.tensorflow.org/api_docs/python/tf/function for  more details.
2026-03-13 14:54:03,732 | WARNING | tensorflow | 6 out of the last 6 calls to <function _BaseOptimizer._update_step_xla at 0x151b852b04a0> triggered tf.function retracing. Tracing is expensive and the excessive number of tracings could be due to (1) creating @tf.function repeatedly in a loop, (2) passing tensors with different shapes, (3) passing Python objects instead of tensors. For (1), please define your @tf.function outside of the loop. For (2), @tf.function has reduce_retracing=True option that can avoid unnecessary retracing. For (3), please refer to https://www.tensorflow.org/guide/function#controlling_retracing and https://www.tensorflow.org/api_docs/python/tf/function for  more details.
2026-03-13 14:58:03,448 | INFO | HierDPFL | Round 1/200 | Loss=2.6685 | EdgeAcc=0.1179
2026-03-13 14:58:04,178 | INFO | HierDPFL |   Global acc=0.1140 | Privacy ε≤0.192 (δ=1e-05)
2026-03-13 15:02:02,579 | INFO | HierDPFL | Round 2/200 | Loss=2.0513 | EdgeAcc=0.1318
2026-03-13 15:02:03,302 | INFO | HierDPFL |   Global acc=0.1292 | Privacy ε≤0.269 (δ=1e-05)
2026-03-13 15:06:02,028 | INFO | HierDPFL | Round 3/200 | Loss=1.8979 | EdgeAcc=0.1394
2026-03-13 15:06:02,752 | INFO | HierDPFL |   Global acc=0.1424 | Privacy ε≤0.329 (δ=1e-05)
2026-03-13 15:10:01,793 | INFO | HierDPFL | Round 4/200 | Loss=1.8412 | EdgeAcc=0.1550
2026-03-13 15:10:02,527 | INFO | HierDPFL |   Global acc=0.1532 | Privacy ε≤0.380 (δ=1e-05)
2026-03-13 15:14:01,236 | INFO | HierDPFL | Round 5/200 | Loss=1.7766 | EdgeAcc=0.1502
2026-03-13 15:14:01,963 | INFO | HierDPFL |   Global acc=0.1602 | Privacy ε≤0.425 (δ=1e-05)
2026-03-13 15:18:01,190 | INFO | HierDPFL | Round 6/200 | Loss=1.8203 | EdgeAcc=0.1626
2026-03-13 15:18:01,917 | INFO | HierDPFL |   Global acc=0.1746 | Privacy ε≤0.466 (δ=1e-05)
2026-03-13 15:22:01,519 | INFO | HierDPFL | Round 7/200 | Loss=1.8153 | EdgeAcc=0.1754
2026-03-13 15:22:02,247 | INFO | HierDPFL |   Global acc=0.1906 | Privacy ε≤0.504 (δ=1e-05)
2026-03-13 15:25:58,011 | INFO | HierDPFL | Round 8/200 | Loss=1.8491 | EdgeAcc=0.1719
2026-03-13 15:25:58,731 | INFO | HierDPFL |   Global acc=0.1795 | Privacy ε≤0.540 (δ=1e-05)
2026-03-13 15:29:52,758 | INFO | HierDPFL | Round 9/200 | Loss=1.8736 | EdgeAcc=0.1641
2026-03-13 15:29:53,464 | INFO | HierDPFL |   Global acc=0.1740 | Privacy ε≤0.573 (δ=1e-05)
2026-03-13 15:33:46,750 | INFO | HierDPFL | Round 10/200 | Loss=1.8259 | EdgeAcc=0.1693
2026-03-13 15:33:47,462 | INFO | HierDPFL |   Global acc=0.1844 | Privacy ε≤0.605 (δ=1e-05)
2026-03-13 15:37:41,437 | INFO | HierDPFL | Round 11/200 | Loss=1.8611 | EdgeAcc=0.1730
2026-03-13 15:37:42,146 | INFO | HierDPFL |   Global acc=0.1858 | Privacy ε≤0.636 (δ=1e-05)
2026-03-13 15:41:35,443 | INFO | HierDPFL | Round 12/200 | Loss=1.8793 | EdgeAcc=0.1649
2026-03-13 15:41:36,157 | INFO | HierDPFL |   Global acc=0.1756 | Privacy ε≤0.665 (δ=1e-05)
2026-03-13 15:45:29,766 | INFO | HierDPFL | Round 13/200 | Loss=1.9187 | EdgeAcc=0.1637
2026-03-13 15:45:30,474 | INFO | HierDPFL |   Global acc=0.1788 | Privacy ε≤0.693 (δ=1e-05)
2026-03-13 15:49:23,523 | INFO | HierDPFL | Round 14/200 | Loss=1.9497 | EdgeAcc=0.1636
2026-03-13 15:49:24,232 | INFO | HierDPFL |   Global acc=0.1745 | Privacy ε≤0.720 (δ=1e-05)
2026-03-13 15:53:17,911 | INFO | HierDPFL | Round 15/200 | Loss=2.0708 | EdgeAcc=0.1739
2026-03-13 15:53:18,625 | INFO | HierDPFL |   Global acc=0.1841 | Privacy ε≤0.746 (δ=1e-05)
2026-03-13 15:57:12,259 | INFO | HierDPFL | Round 16/200 | Loss=2.1474 | EdgeAcc=0.1797
2026-03-13 15:57:12,965 | INFO | HierDPFL |   Global acc=0.1891 | Privacy ε≤0.772 (δ=1e-05)
2026-03-13 16:01:06,696 | INFO | HierDPFL | Round 17/200 | Loss=2.1080 | EdgeAcc=0.1772
2026-03-13 16:01:07,408 | INFO | HierDPFL |   Global acc=0.1890 | Privacy ε≤0.797 (δ=1e-05)
2026-03-13 16:05:01,033 | INFO | HierDPFL | Round 18/200 | Loss=2.1342 | EdgeAcc=0.1757
2026-03-13 16:05:01,739 | INFO | HierDPFL |   Global acc=0.1921 | Privacy ε≤0.821 (δ=1e-05)
2026-03-13 16:08:53,882 | INFO | HierDPFL | Round 19/200 | Loss=2.2489 | EdgeAcc=0.1740
2026-03-13 16:08:54,590 | INFO | HierDPFL |   Global acc=0.1879 | Privacy ε≤0.844 (δ=1e-05)
2026-03-13 16:12:46,515 | INFO | HierDPFL | Round 20/200 | Loss=2.2806 | EdgeAcc=0.1729
2026-03-13 16:12:47,218 | INFO | HierDPFL |   Global acc=0.1900 | Privacy ε≤0.867 (δ=1e-05)
2026-03-13 16:16:39,225 | INFO | HierDPFL | Round 21/200 | Loss=2.2412 | EdgeAcc=0.1664
2026-03-13 16:16:39,930 | INFO | HierDPFL |   Global acc=0.1848 | Privacy ε≤0.890 (δ=1e-05)
2026-03-13 16:20:31,855 | INFO | HierDPFL | Round 22/200 | Loss=2.1983 | EdgeAcc=0.1661
2026-03-13 16:20:32,556 | INFO | HierDPFL |   Global acc=0.1750 | Privacy ε≤0.912 (δ=1e-05)
2026-03-13 16:24:24,762 | INFO | HierDPFL | Round 23/200 | Loss=2.2852 | EdgeAcc=0.1747
2026-03-13 16:24:25,478 | INFO | HierDPFL |   Global acc=0.1794 | Privacy ε≤0.933 (δ=1e-05)
2026-03-13 16:28:17,918 | INFO | HierDPFL | Round 24/200 | Loss=2.3580 | EdgeAcc=0.1676
2026-03-13 16:28:18,628 | INFO | HierDPFL |   Global acc=0.1692 | Privacy ε≤0.954 (δ=1e-05)
2026-03-13 16:32:11,448 | INFO | HierDPFL | Round 25/200 | Loss=2.3670 | EdgeAcc=0.1746
2026-03-13 16:32:12,156 | INFO | HierDPFL |   Global acc=0.1868 | Privacy ε≤0.975 (δ=1e-05)
2026-03-13 16:36:05,757 | INFO | HierDPFL | Round 26/200 | Loss=2.3564 | EdgeAcc=0.1697
2026-03-13 16:36:06,472 | INFO | HierDPFL |   Global acc=0.1759 | Privacy ε≤0.996 (δ=1e-05)
2026-03-13 16:39:59,350 | INFO | HierDPFL | Round 27/200 | Loss=2.4294 | EdgeAcc=0.1695
2026-03-13 16:40:00,056 | INFO | HierDPFL |   Global acc=0.1763 | Privacy ε≤1.015 (δ=1e-05)
2026-03-13 16:43:53,010 | INFO | HierDPFL | Round 28/200 | Loss=2.4249 | EdgeAcc=0.1696
2026-03-13 16:43:53,718 | INFO | HierDPFL |   Global acc=0.1776 | Privacy ε≤1.035 (δ=1e-05)
2026-03-13 16:47:46,952 | INFO | HierDPFL | Round 29/200 | Loss=2.4133 | EdgeAcc=0.1740
2026-03-13 16:47:47,681 | INFO | HierDPFL |   Global acc=0.1822 | Privacy ε≤1.055 (δ=1e-05)
2026-03-13 16:51:41,078 | INFO | HierDPFL | Round 30/200 | Loss=2.4850 | EdgeAcc=0.1778
2026-03-13 16:51:41,783 | INFO | HierDPFL |   Global acc=0.1939 | Privacy ε≤1.074 (δ=1e-05)
2026-03-13 16:55:34,794 | INFO | HierDPFL | Round 31/200 | Loss=2.5337 | EdgeAcc=0.1804
2026-03-13 16:55:35,502 | INFO | HierDPFL |   Global acc=0.1989 | Privacy ε≤1.092 (δ=1e-05)
2026-03-13 16:59:28,417 | INFO | HierDPFL | Round 32/200 | Loss=2.7058 | EdgeAcc=0.1825
2026-03-13 16:59:29,129 | INFO | HierDPFL |   Global acc=0.1958 | Privacy ε≤1.111 (δ=1e-05)
2026-03-13 17:03:22,217 | INFO | HierDPFL | Round 33/200 | Loss=2.6675 | EdgeAcc=0.1779
2026-03-13 17:03:22,928 | INFO | HierDPFL |   Global acc=0.1909 | Privacy ε≤1.129 (δ=1e-05)
2026-03-13 17:07:15,968 | INFO | HierDPFL | Round 34/200 | Loss=2.6400 | EdgeAcc=0.1698
2026-03-13 17:07:16,691 | INFO | HierDPFL |   Global acc=0.1850 | Privacy ε≤1.148 (δ=1e-05)
2026-03-13 17:11:09,600 | INFO | HierDPFL | Round 35/200 | Loss=2.7442 | EdgeAcc=0.1608
2026-03-13 17:11:10,313 | INFO | HierDPFL |   Global acc=0.1791 | Privacy ε≤1.165 (δ=1e-05)
2026-03-13 17:15:02,918 | INFO | HierDPFL | Round 36/200 | Loss=2.8395 | EdgeAcc=0.1581
2026-03-13 17:15:03,626 | INFO | HierDPFL |   Global acc=0.1671 | Privacy ε≤1.182 (δ=1e-05)
2026-03-13 17:18:56,088 | INFO | HierDPFL | Round 37/200 | Loss=2.9811 | EdgeAcc=0.1533
2026-03-13 17:18:56,791 | INFO | HierDPFL |   Global acc=0.1597 | Privacy ε≤1.199 (δ=1e-05)
2026-03-13 17:22:49,180 | INFO | HierDPFL | Round 38/200 | Loss=2.9310 | EdgeAcc=0.1512
2026-03-13 17:22:49,887 | INFO | HierDPFL |   Global acc=0.1570 | Privacy ε≤1.217 (δ=1e-05)
2026-03-13 17:26:42,866 | INFO | HierDPFL | Round 39/200 | Loss=2.8966 | EdgeAcc=0.1534
2026-03-13 17:26:43,581 | INFO | HierDPFL |   Global acc=0.1562 | Privacy ε≤1.234 (δ=1e-05)
2026-03-13 17:30:35,957 | INFO | HierDPFL | Round 40/200 | Loss=3.0333 | EdgeAcc=0.1522
2026-03-13 17:30:36,672 | INFO | HierDPFL |   Global acc=0.1580 | Privacy ε≤1.251 (δ=1e-05)
2026-03-13 17:34:29,034 | INFO | HierDPFL | Round 41/200 | Loss=2.9818 | EdgeAcc=0.1568
2026-03-13 17:34:29,739 | INFO | HierDPFL |   Global acc=0.1630 | Privacy ε≤1.267 (δ=1e-05)
2026-03-13 17:38:22,207 | INFO | HierDPFL | Round 42/200 | Loss=3.1498 | EdgeAcc=0.1613
2026-03-13 17:38:22,917 | INFO | HierDPFL |   Global acc=0.1731 | Privacy ε≤1.283 (δ=1e-05)
2026-03-13 17:42:15,356 | INFO | HierDPFL | Round 43/200 | Loss=3.1053 | EdgeAcc=0.1615
2026-03-13 17:42:16,061 | INFO | HierDPFL |   Global acc=0.1677 | Privacy ε≤1.299 (δ=1e-05)
2026-03-13 17:46:08,688 | INFO | HierDPFL | Round 44/200 | Loss=3.2058 | EdgeAcc=0.1620
2026-03-13 17:46:09,401 | INFO | HierDPFL |   Global acc=0.1673 | Privacy ε≤1.315 (δ=1e-05)
2026-03-13 17:50:01,845 | INFO | HierDPFL | Round 45/200 | Loss=3.1257 | EdgeAcc=0.1625
2026-03-13 17:50:02,556 | INFO | HierDPFL |   Global acc=0.1764 | Privacy ε≤1.331 (δ=1e-05)
2026-03-13 17:53:55,069 | INFO | HierDPFL | Round 46/200 | Loss=3.2450 | EdgeAcc=0.1663
2026-03-13 17:53:55,774 | INFO | HierDPFL |   Global acc=0.1777 | Privacy ε≤1.347 (δ=1e-05)
2026-03-13 17:57:48,239 | INFO | HierDPFL | Round 47/200 | Loss=3.2120 | EdgeAcc=0.1624
2026-03-13 17:57:48,945 | INFO | HierDPFL |   Global acc=0.1741 | Privacy ε≤1.364 (δ=1e-05)
2026-03-13 18:01:42,044 | INFO | HierDPFL | Round 48/200 | Loss=3.1656 | EdgeAcc=0.1632
2026-03-13 18:01:42,753 | INFO | HierDPFL |   Global acc=0.1712 | Privacy ε≤1.379 (δ=1e-05)
2026-03-13 18:05:35,665 | INFO | HierDPFL | Round 49/200 | Loss=3.2814 | EdgeAcc=0.1620
2026-03-13 18:05:36,369 | INFO | HierDPFL |   Global acc=0.1695 | Privacy ε≤1.393 (δ=1e-05)
2026-03-13 18:09:29,334 | INFO | HierDPFL | Round 50/200 | Loss=3.3398 | EdgeAcc=0.1625
2026-03-13 18:09:30,044 | INFO | HierDPFL |   Global acc=0.1694 | Privacy ε≤1.408 (δ=1e-05)
2026-03-13 18:13:22,925 | INFO | HierDPFL | Round 51/200 | Loss=3.3775 | EdgeAcc=0.1542
2026-03-13 18:13:23,635 | INFO | HierDPFL |   Global acc=0.1580 | Privacy ε≤1.423 (δ=1e-05)
2026-03-13 18:17:16,585 | INFO | HierDPFL | Round 52/200 | Loss=3.5114 | EdgeAcc=0.1487
2026-03-13 18:17:17,294 | INFO | HierDPFL |   Global acc=0.1520 | Privacy ε≤1.438 (δ=1e-05)
2026-03-13 18:21:10,168 | INFO | HierDPFL | Round 53/200 | Loss=3.5139 | EdgeAcc=0.1509
2026-03-13 18:21:10,885 | INFO | HierDPFL |   Global acc=0.1514 | Privacy ε≤1.453 (δ=1e-05)
2026-03-13 18:25:03,838 | INFO | HierDPFL | Round 54/200 | Loss=3.7035 | EdgeAcc=0.1553
2026-03-13 18:25:04,545 | INFO | HierDPFL |   Global acc=0.1564 | Privacy ε≤1.468 (δ=1e-05)
2026-03-13 18:28:57,484 | INFO | HierDPFL | Round 55/200 | Loss=3.6743 | EdgeAcc=0.1646
2026-03-13 18:28:58,197 | INFO | HierDPFL |   Global acc=0.1687 | Privacy ε≤1.483 (δ=1e-05)
2026-03-13 18:32:51,207 | INFO | HierDPFL | Round 56/200 | Loss=3.9420 | EdgeAcc=0.1666
2026-03-13 18:32:51,915 | INFO | HierDPFL |   Global acc=0.1659 | Privacy ε≤1.497 (δ=1e-05)
2026-03-13 18:36:44,855 | INFO | HierDPFL | Round 57/200 | Loss=4.0713 | EdgeAcc=0.1689
2026-03-13 18:36:45,568 | INFO | HierDPFL |   Global acc=0.1710 | Privacy ε≤1.512 (δ=1e-05)
2026-03-13 18:40:38,427 | INFO | HierDPFL | Round 58/200 | Loss=4.0450 | EdgeAcc=0.1612
2026-03-13 18:40:39,134 | INFO | HierDPFL |   Global acc=0.1692 | Privacy ε≤1.526 (δ=1e-05)
2026-03-13 18:44:32,009 | INFO | HierDPFL | Round 59/200 | Loss=4.1384 | EdgeAcc=0.1628
2026-03-13 18:44:32,709 | INFO | HierDPFL |   Global acc=0.1703 | Privacy ε≤1.539 (δ=1e-05)
2026-03-13 18:48:26,318 | INFO | HierDPFL | Round 60/200 | Loss=4.0288 | EdgeAcc=0.1658
2026-03-13 18:48:27,021 | INFO | HierDPFL |   Global acc=0.1712 | Privacy ε≤1.553 (δ=1e-05)
2026-03-13 18:52:19,745 | INFO | HierDPFL | Round 61/200 | Loss=3.9500 | EdgeAcc=0.1656
2026-03-13 18:52:20,450 | INFO | HierDPFL |   Global acc=0.1747 | Privacy ε≤1.567 (δ=1e-05)
2026-03-13 18:56:13,089 | INFO | HierDPFL | Round 62/200 | Loss=4.0104 | EdgeAcc=0.1636
2026-03-13 18:56:13,795 | INFO | HierDPFL |   Global acc=0.1759 | Privacy ε≤1.580 (δ=1e-05)
2026-03-13 19:00:06,801 | INFO | HierDPFL | Round 63/200 | Loss=3.9842 | EdgeAcc=0.1661
2026-03-13 19:00:07,509 | INFO | HierDPFL |   Global acc=0.1775 | Privacy ε≤1.594 (δ=1e-05)
2026-03-13 19:04:00,316 | INFO | HierDPFL | Round 64/200 | Loss=3.8980 | EdgeAcc=0.1670
2026-03-13 19:04:01,025 | INFO | HierDPFL |   Global acc=0.1767 | Privacy ε≤1.607 (δ=1e-05)
2026-03-13 19:07:53,607 | INFO | HierDPFL | Round 65/200 | Loss=4.0664 | EdgeAcc=0.1701
2026-03-13 19:07:54,321 | INFO | HierDPFL |   Global acc=0.1774 | Privacy ε≤1.621 (δ=1e-05)
2026-03-13 19:11:46,955 | INFO | HierDPFL | Round 66/200 | Loss=4.1683 | EdgeAcc=0.1693
2026-03-13 19:11:47,665 | INFO | HierDPFL |   Global acc=0.1781 | Privacy ε≤1.635 (δ=1e-05)
2026-03-13 19:15:40,421 | INFO | HierDPFL | Round 67/200 | Loss=4.1931 | EdgeAcc=0.1718
2026-03-13 19:15:41,127 | INFO | HierDPFL |   Global acc=0.1831 | Privacy ε≤1.648 (δ=1e-05)
2026-03-13 19:19:33,793 | INFO | HierDPFL | Round 68/200 | Loss=4.4067 | EdgeAcc=0.1713
2026-03-13 19:19:34,500 | INFO | HierDPFL |   Global acc=0.1800 | Privacy ε≤1.662 (δ=1e-05)
2026-03-13 19:23:27,033 | INFO | HierDPFL | Round 69/200 | Loss=4.3786 | EdgeAcc=0.1686
2026-03-13 19:23:27,739 | INFO | HierDPFL |   Global acc=0.1723 | Privacy ε≤1.676 (δ=1e-05)
2026-03-13 19:27:19,872 | INFO | HierDPFL | Round 70/200 | Loss=4.4294 | EdgeAcc=0.1628
2026-03-13 19:27:20,580 | INFO | HierDPFL |   Global acc=0.1638 | Privacy ε≤1.689 (δ=1e-05)
2026-03-13 19:31:12,657 | INFO | HierDPFL | Round 71/200 | Loss=4.5752 | EdgeAcc=0.1613
2026-03-13 19:31:13,366 | INFO | HierDPFL |   Global acc=0.1717 | Privacy ε≤1.701 (δ=1e-05)
2026-03-13 19:35:05,351 | INFO | HierDPFL | Round 72/200 | Loss=4.6435 | EdgeAcc=0.1635
2026-03-13 19:35:06,057 | INFO | HierDPFL |   Global acc=0.1703 | Privacy ε≤1.713 (δ=1e-05)
2026-03-13 19:38:57,925 | INFO | HierDPFL | Round 73/200 | Loss=4.6418 | EdgeAcc=0.1641
2026-03-13 19:38:58,629 | INFO | HierDPFL |   Global acc=0.1739 | Privacy ε≤1.726 (δ=1e-05)
2026-03-13 19:42:50,549 | INFO | HierDPFL | Round 74/200 | Loss=4.7735 | EdgeAcc=0.1661
2026-03-13 19:42:51,255 | INFO | HierDPFL |   Global acc=0.1718 | Privacy ε≤1.738 (δ=1e-05)
2026-03-13 19:46:43,022 | INFO | HierDPFL | Round 75/200 | Loss=4.8210 | EdgeAcc=0.1661
2026-03-13 19:46:43,723 | INFO | HierDPFL |   Global acc=0.1722 | Privacy ε≤1.751 (δ=1e-05)
2026-03-13 19:50:35,104 | INFO | HierDPFL | Round 76/200 | Loss=4.7511 | EdgeAcc=0.1661
2026-03-13 19:50:35,809 | INFO | HierDPFL |   Global acc=0.1771 | Privacy ε≤1.763 (δ=1e-05)
2026-03-13 19:54:27,443 | INFO | HierDPFL | Round 77/200 | Loss=4.9121 | EdgeAcc=0.1714
2026-03-13 19:54:28,146 | INFO | HierDPFL |   Global acc=0.1811 | Privacy ε≤1.776 (δ=1e-05)
2026-03-13 19:58:20,197 | INFO | HierDPFL | Round 78/200 | Loss=4.7879 | EdgeAcc=0.1709
2026-03-13 19:58:20,914 | INFO | HierDPFL |   Global acc=0.1817 | Privacy ε≤1.788 (δ=1e-05)
2026-03-13 20:02:13,065 | INFO | HierDPFL | Round 79/200 | Loss=4.7746 | EdgeAcc=0.1739
2026-03-13 20:02:13,771 | INFO | HierDPFL |   Global acc=0.1867 | Privacy ε≤1.801 (δ=1e-05)
2026-03-13 20:06:06,544 | INFO | HierDPFL | Round 80/200 | Loss=4.8955 | EdgeAcc=0.1683
2026-03-13 20:06:07,250 | INFO | HierDPFL |   Global acc=0.1742 | Privacy ε≤1.813 (δ=1e-05)
2026-03-13 20:09:59,389 | INFO | HierDPFL | Round 81/200 | Loss=4.9398 | EdgeAcc=0.1653
2026-03-13 20:10:00,093 | INFO | HierDPFL |   Global acc=0.1673 | Privacy ε≤1.826 (δ=1e-05)
2026-03-13 20:13:52,254 | INFO | HierDPFL | Round 82/200 | Loss=5.0592 | EdgeAcc=0.1638
2026-03-13 20:13:52,962 | INFO | HierDPFL |   Global acc=0.1674 | Privacy ε≤1.838 (δ=1e-05)
2026-03-13 20:17:45,029 | INFO | HierDPFL | Round 83/200 | Loss=5.0649 | EdgeAcc=0.1668
2026-03-13 20:17:45,736 | INFO | HierDPFL |   Global acc=0.1707 | Privacy ε≤1.851 (δ=1e-05)
2026-03-13 20:21:37,349 | INFO | HierDPFL | Round 84/200 | Loss=5.4060 | EdgeAcc=0.1693
2026-03-13 20:21:38,060 | INFO | HierDPFL |   Global acc=0.1714 | Privacy ε≤1.863 (δ=1e-05)
2026-03-13 20:25:29,917 | INFO | HierDPFL | Round 85/200 | Loss=5.3264 | EdgeAcc=0.1726
2026-03-13 20:25:30,627 | INFO | HierDPFL |   Global acc=0.1762 | Privacy ε≤1.875 (δ=1e-05)
2026-03-13 20:29:22,282 | INFO | HierDPFL | Round 86/200 | Loss=5.2669 | EdgeAcc=0.1731
2026-03-13 20:29:22,987 | INFO | HierDPFL |   Global acc=0.1775 | Privacy ε≤1.888 (δ=1e-05)
2026-03-13 20:33:14,665 | INFO | HierDPFL | Round 87/200 | Loss=5.4576 | EdgeAcc=0.1736
2026-03-13 20:33:15,378 | INFO | HierDPFL |   Global acc=0.1778 | Privacy ε≤1.899 (δ=1e-05)
2026-03-13 20:37:07,054 | INFO | HierDPFL | Round 88/200 | Loss=5.2716 | EdgeAcc=0.1789
2026-03-13 20:37:07,757 | INFO | HierDPFL |   Global acc=0.1847 | Privacy ε≤1.911 (δ=1e-05)
2026-03-13 20:40:59,392 | INFO | HierDPFL | Round 89/200 | Loss=5.3978 | EdgeAcc=0.1783
2026-03-13 20:41:00,094 | INFO | HierDPFL |   Global acc=0.1854 | Privacy ε≤1.922 (δ=1e-05)
2026-03-13 20:44:51,732 | INFO | HierDPFL | Round 90/200 | Loss=5.2088 | EdgeAcc=0.1776
2026-03-13 20:44:52,435 | INFO | HierDPFL |   Global acc=0.1861 | Privacy ε≤1.933 (δ=1e-05)
2026-03-13 20:48:44,154 | INFO | HierDPFL | Round 91/200 | Loss=5.3242 | EdgeAcc=0.1778
2026-03-13 20:48:44,862 | INFO | HierDPFL |   Global acc=0.1836 | Privacy ε≤1.945 (δ=1e-05)
2026-03-13 20:52:36,613 | INFO | HierDPFL | Round 92/200 | Loss=5.4380 | EdgeAcc=0.1731
2026-03-13 20:52:37,318 | INFO | HierDPFL |   Global acc=0.1805 | Privacy ε≤1.956 (δ=1e-05)
2026-03-13 20:56:29,054 | INFO | HierDPFL | Round 93/200 | Loss=5.3504 | EdgeAcc=0.1731
2026-03-13 20:56:29,761 | INFO | HierDPFL |   Global acc=0.1833 | Privacy ε≤1.967 (δ=1e-05)
2026-03-13 21:00:21,901 | INFO | HierDPFL | Round 94/200 | Loss=5.6896 | EdgeAcc=0.1701
2026-03-13 21:00:22,611 | INFO | HierDPFL |   Global acc=0.1808 | Privacy ε≤1.978 (δ=1e-05)
2026-03-13 21:04:14,924 | INFO | HierDPFL | Round 95/200 | Loss=5.8498 | EdgeAcc=0.1699
2026-03-13 21:04:15,632 | INFO | HierDPFL |   Global acc=0.1781 | Privacy ε≤1.990 (δ=1e-05)
2026-03-13 21:08:07,491 | INFO | HierDPFL | Round 96/200 | Loss=5.6939 | EdgeAcc=0.1639
2026-03-13 21:08:08,198 | INFO | HierDPFL |   Global acc=0.1712 | Privacy ε≤2.001 (δ=1e-05)
2026-03-13 21:12:00,385 | INFO | HierDPFL | Round 97/200 | Loss=5.6076 | EdgeAcc=0.1648
2026-03-13 21:12:01,087 | INFO | HierDPFL |   Global acc=0.1685 | Privacy ε≤2.012 (δ=1e-05)
2026-03-13 21:15:53,526 | INFO | HierDPFL | Round 98/200 | Loss=5.5674 | EdgeAcc=0.1650
2026-03-13 21:15:54,236 | INFO | HierDPFL |   Global acc=0.1708 | Privacy ε≤2.024 (δ=1e-05)
2026-03-13 21:19:46,718 | INFO | HierDPFL | Round 99/200 | Loss=5.8349 | EdgeAcc=0.1668
2026-03-13 21:19:47,420 | INFO | HierDPFL |   Global acc=0.1733 | Privacy ε≤2.035 (δ=1e-05)
2026-03-13 21:23:39,915 | INFO | HierDPFL | Round 100/200 | Loss=5.6640 | EdgeAcc=0.1738
2026-03-13 21:23:40,619 | INFO | HierDPFL |   Global acc=0.1744 | Privacy ε≤2.046 (δ=1e-05)
2026-03-13 21:27:33,100 | INFO | HierDPFL | Round 101/200 | Loss=5.5457 | EdgeAcc=0.1765
2026-03-13 21:27:33,809 | INFO | HierDPFL |   Global acc=0.1839 | Privacy ε≤2.057 (δ=1e-05)
2026-03-13 21:31:26,810 | INFO | HierDPFL | Round 102/200 | Loss=5.5490 | EdgeAcc=0.1848
2026-03-13 21:31:27,512 | INFO | HierDPFL |   Global acc=0.1930 | Privacy ε≤2.069 (δ=1e-05)
2026-03-13 21:35:22,161 | INFO | HierDPFL | Round 103/200 | Loss=5.3128 | EdgeAcc=0.1830
2026-03-13 21:35:22,883 | INFO | HierDPFL |   Global acc=0.1918 | Privacy ε≤2.080 (δ=1e-05)
2026-03-13 21:39:21,790 | INFO | HierDPFL | Round 104/200 | Loss=5.4771 | EdgeAcc=0.1799
2026-03-13 21:39:22,509 | INFO | HierDPFL |   Global acc=0.1910 | Privacy ε≤2.091 (δ=1e-05)
2026-03-13 21:43:20,157 | INFO | HierDPFL | Round 105/200 | Loss=5.4810 | EdgeAcc=0.1832
2026-03-13 21:43:20,861 | INFO | HierDPFL |   Global acc=0.1939 | Privacy ε≤2.103 (δ=1e-05)
2026-03-13 21:47:16,985 | INFO | HierDPFL | Round 106/200 | Loss=5.4894 | EdgeAcc=0.1892
2026-03-13 21:47:17,710 | INFO | HierDPFL |   Global acc=0.1987 | Privacy ε≤2.114 (δ=1e-05)
2026-03-13 21:51:14,228 | INFO | HierDPFL | Round 107/200 | Loss=5.2347 | EdgeAcc=0.1862
2026-03-13 21:51:14,930 | INFO | HierDPFL |   Global acc=0.1976 | Privacy ε≤2.125 (δ=1e-05)
2026-03-13 21:55:10,948 | INFO | HierDPFL | Round 108/200 | Loss=5.3840 | EdgeAcc=0.1860
2026-03-13 21:55:11,667 | INFO | HierDPFL |   Global acc=0.1955 | Privacy ε≤2.136 (δ=1e-05)
2026-03-13 21:59:08,133 | INFO | HierDPFL | Round 109/200 | Loss=5.3762 | EdgeAcc=0.1827
2026-03-13 21:59:08,841 | INFO | HierDPFL |   Global acc=0.1902 | Privacy ε≤2.148 (δ=1e-05)
2026-03-13 22:03:05,926 | INFO | HierDPFL | Round 110/200 | Loss=5.5057 | EdgeAcc=0.1839
2026-03-13 22:03:06,649 | INFO | HierDPFL |   Global acc=0.1908 | Privacy ε≤2.159 (δ=1e-05)
2026-03-13 22:07:03,493 | INFO | HierDPFL | Round 111/200 | Loss=5.4405 | EdgeAcc=0.1825
2026-03-13 22:07:04,250 | INFO | HierDPFL |   Global acc=0.1908 | Privacy ε≤2.169 (δ=1e-05)
2026-03-13 22:11:01,187 | INFO | HierDPFL | Round 112/200 | Loss=5.3517 | EdgeAcc=0.1821
2026-03-13 22:11:01,895 | INFO | HierDPFL |   Global acc=0.1885 | Privacy ε≤2.179 (δ=1e-05)
2026-03-13 22:14:58,143 | INFO | HierDPFL | Round 113/200 | Loss=5.6421 | EdgeAcc=0.1785
2026-03-13 22:14:58,885 | INFO | HierDPFL |   Global acc=0.1849 | Privacy ε≤2.189 (δ=1e-05)
2026-03-13 22:18:55,763 | INFO | HierDPFL | Round 114/200 | Loss=5.6945 | EdgeAcc=0.1789
2026-03-13 22:18:56,507 | INFO | HierDPFL |   Global acc=0.1877 | Privacy ε≤2.199 (δ=1e-05)
2026-03-13 22:22:53,051 | INFO | HierDPFL | Round 115/200 | Loss=5.5969 | EdgeAcc=0.1835
2026-03-13 22:22:53,760 | INFO | HierDPFL |   Global acc=0.1896 | Privacy ε≤2.209 (δ=1e-05)
2026-03-13 22:26:50,162 | INFO | HierDPFL | Round 116/200 | Loss=5.5906 | EdgeAcc=0.1839
2026-03-13 22:26:50,876 | INFO | HierDPFL |   Global acc=0.1887 | Privacy ε≤2.219 (δ=1e-05)
2026-03-13 22:30:46,002 | INFO | HierDPFL | Round 117/200 | Loss=5.8586 | EdgeAcc=0.1778
2026-03-13 22:30:46,731 | INFO | HierDPFL |   Global acc=0.1865 | Privacy ε≤2.230 (δ=1e-05)
2026-03-13 22:34:42,579 | INFO | HierDPFL | Round 118/200 | Loss=5.9566 | EdgeAcc=0.1778
2026-03-13 22:34:43,290 | INFO | HierDPFL |   Global acc=0.1869 | Privacy ε≤2.240 (δ=1e-05)
2026-03-13 22:38:39,685 | INFO | HierDPFL | Round 119/200 | Loss=5.9474 | EdgeAcc=0.1839
2026-03-13 22:38:40,399 | INFO | HierDPFL |   Global acc=0.1864 | Privacy ε≤2.250 (δ=1e-05)
2026-03-13 22:42:36,540 | INFO | HierDPFL | Round 120/200 | Loss=5.8384 | EdgeAcc=0.1784
2026-03-13 22:42:37,250 | INFO | HierDPFL |   Global acc=0.1871 | Privacy ε≤2.260 (δ=1e-05)
2026-03-13 22:46:33,496 | INFO | HierDPFL | Round 121/200 | Loss=6.1086 | EdgeAcc=0.1756
2026-03-13 22:46:34,236 | INFO | HierDPFL |   Global acc=0.1801 | Privacy ε≤2.270 (δ=1e-05)
2026-03-13 22:50:30,193 | INFO | HierDPFL | Round 122/200 | Loss=5.9407 | EdgeAcc=0.1726
2026-03-13 22:50:30,955 | INFO | HierDPFL |   Global acc=0.1807 | Privacy ε≤2.280 (δ=1e-05)
2026-03-13 22:54:27,521 | INFO | HierDPFL | Round 123/200 | Loss=6.1461 | EdgeAcc=0.1732
2026-03-13 22:54:28,237 | INFO | HierDPFL |   Global acc=0.1737 | Privacy ε≤2.290 (δ=1e-05)
2026-03-13 22:58:25,205 | INFO | HierDPFL | Round 124/200 | Loss=6.0440 | EdgeAcc=0.1663
2026-03-13 22:58:25,918 | INFO | HierDPFL |   Global acc=0.1728 | Privacy ε≤2.300 (δ=1e-05)
2026-03-13 23:02:22,811 | INFO | HierDPFL | Round 125/200 | Loss=6.2330 | EdgeAcc=0.1643
2026-03-13 23:02:23,532 | INFO | HierDPFL |   Global acc=0.1749 | Privacy ε≤2.310 (δ=1e-05)
2026-03-13 23:06:20,628 | INFO | HierDPFL | Round 126/200 | Loss=6.3071 | EdgeAcc=0.1766
2026-03-13 23:06:21,370 | INFO | HierDPFL |   Global acc=0.1821 | Privacy ε≤2.321 (δ=1e-05)
2026-03-13 23:10:18,436 | INFO | HierDPFL | Round 127/200 | Loss=6.1593 | EdgeAcc=0.1786
2026-03-13 23:10:19,152 | INFO | HierDPFL |   Global acc=0.1826 | Privacy ε≤2.331 (δ=1e-05)
2026-03-13 23:14:16,154 | INFO | HierDPFL | Round 128/200 | Loss=6.3467 | EdgeAcc=0.1753
2026-03-13 23:14:16,867 | INFO | HierDPFL |   Global acc=0.1827 | Privacy ε≤2.341 (δ=1e-05)
2026-03-13 23:18:14,030 | INFO | HierDPFL | Round 129/200 | Loss=6.2179 | EdgeAcc=0.1731
2026-03-13 23:18:14,771 | INFO | HierDPFL |   Global acc=0.1825 | Privacy ε≤2.351 (δ=1e-05)
2026-03-13 23:22:11,824 | INFO | HierDPFL | Round 130/200 | Loss=6.0355 | EdgeAcc=0.1804
2026-03-13 23:22:12,543 | INFO | HierDPFL |   Global acc=0.1881 | Privacy ε≤2.361 (δ=1e-05)
2026-03-13 23:26:09,955 | INFO | HierDPFL | Round 131/200 | Loss=6.1717 | EdgeAcc=0.1787
2026-03-13 23:26:10,675 | INFO | HierDPFL |   Global acc=0.1863 | Privacy ε≤2.371 (δ=1e-05)
2026-03-13 23:30:07,851 | INFO | HierDPFL | Round 132/200 | Loss=6.0173 | EdgeAcc=0.1734
2026-03-13 23:30:08,606 | INFO | HierDPFL |   Global acc=0.1795 | Privacy ε≤2.381 (δ=1e-05)
2026-03-13 23:34:05,764 | INFO | HierDPFL | Round 133/200 | Loss=6.2899 | EdgeAcc=0.1713
2026-03-13 23:34:06,480 | INFO | HierDPFL |   Global acc=0.1766 | Privacy ε≤2.391 (δ=1e-05)
2026-03-13 23:38:03,392 | INFO | HierDPFL | Round 134/200 | Loss=6.5809 | EdgeAcc=0.1643
2026-03-13 23:38:04,113 | INFO | HierDPFL |   Global acc=0.1746 | Privacy ε≤2.401 (δ=1e-05)
2026-03-13 23:42:01,345 | INFO | HierDPFL | Round 135/200 | Loss=6.7941 | EdgeAcc=0.1622
2026-03-13 23:42:02,064 | INFO | HierDPFL |   Global acc=0.1712 | Privacy ε≤2.412 (δ=1e-05)
2026-03-13 23:45:59,527 | INFO | HierDPFL | Round 136/200 | Loss=6.6869 | EdgeAcc=0.1684
2026-03-13 23:46:00,246 | INFO | HierDPFL |   Global acc=0.1707 | Privacy ε≤2.422 (δ=1e-05)
2026-03-13 23:49:57,133 | INFO | HierDPFL | Round 137/200 | Loss=6.8310 | EdgeAcc=0.1709
2026-03-13 23:49:57,864 | INFO | HierDPFL |   Global acc=0.1750 | Privacy ε≤2.432 (δ=1e-05)
2026-03-13 23:53:55,048 | INFO | HierDPFL | Round 138/200 | Loss=6.6630 | EdgeAcc=0.1746
2026-03-13 23:53:55,770 | INFO | HierDPFL |   Global acc=0.1850 | Privacy ε≤2.442 (δ=1e-05)
2026-03-13 23:57:52,709 | INFO | HierDPFL | Round 139/200 | Loss=6.3261 | EdgeAcc=0.1797
2026-03-13 23:57:53,435 | INFO | HierDPFL |   Global acc=0.1882 | Privacy ε≤2.452 (δ=1e-05)
2026-03-14 00:01:50,844 | INFO | HierDPFL | Round 140/200 | Loss=6.3288 | EdgeAcc=0.1794
2026-03-14 00:01:51,580 | INFO | HierDPFL |   Global acc=0.1852 | Privacy ε≤2.462 (δ=1e-05)
2026-03-14 00:05:48,909 | INFO | HierDPFL | Round 141/200 | Loss=6.2333 | EdgeAcc=0.1820
2026-03-14 00:05:49,631 | INFO | HierDPFL |   Global acc=0.1864 | Privacy ε≤2.472 (δ=1e-05)
2026-03-14 00:09:46,972 | INFO | HierDPFL | Round 142/200 | Loss=6.6031 | EdgeAcc=0.1805
2026-03-14 00:09:47,720 | INFO | HierDPFL |   Global acc=0.1918 | Privacy ε≤2.482 (δ=1e-05)
2026-03-14 00:13:44,993 | INFO | HierDPFL | Round 143/200 | Loss=6.6151 | EdgeAcc=0.1779
2026-03-14 00:13:45,724 | INFO | HierDPFL |   Global acc=0.1884 | Privacy ε≤2.492 (δ=1e-05)
2026-03-14 00:17:43,219 | INFO | HierDPFL | Round 144/200 | Loss=6.5575 | EdgeAcc=0.1766
2026-03-14 00:17:43,970 | INFO | HierDPFL |   Global acc=0.1827 | Privacy ε≤2.503 (δ=1e-05)
2026-03-14 00:21:40,982 | INFO | HierDPFL | Round 145/200 | Loss=6.5938 | EdgeAcc=0.1792
2026-03-14 00:21:41,704 | INFO | HierDPFL |   Global acc=0.1820 | Privacy ε≤2.512 (δ=1e-05)
2026-03-14 00:25:38,393 | INFO | HierDPFL | Round 146/200 | Loss=6.8494 | EdgeAcc=0.1769
2026-03-14 00:25:39,126 | INFO | HierDPFL |   Global acc=0.1813 | Privacy ε≤2.521 (δ=1e-05)
2026-03-14 00:29:35,772 | INFO | HierDPFL | Round 147/200 | Loss=7.0005 | EdgeAcc=0.1765
2026-03-14 00:29:36,496 | INFO | HierDPFL |   Global acc=0.1809 | Privacy ε≤2.530 (δ=1e-05)
2026-03-14 00:33:32,748 | INFO | HierDPFL | Round 148/200 | Loss=7.1211 | EdgeAcc=0.1749
2026-03-14 00:33:33,461 | INFO | HierDPFL |   Global acc=0.1785 | Privacy ε≤2.539 (δ=1e-05)
2026-03-14 00:37:30,145 | INFO | HierDPFL | Round 149/200 | Loss=7.3710 | EdgeAcc=0.1795
2026-03-14 00:37:30,866 | INFO | HierDPFL |   Global acc=0.1819 | Privacy ε≤2.548 (δ=1e-05)
2026-03-14 00:41:27,381 | INFO | HierDPFL | Round 150/200 | Loss=7.1991 | EdgeAcc=0.1785
2026-03-14 00:41:28,115 | INFO | HierDPFL |   Global acc=0.1752 | Privacy ε≤2.556 (δ=1e-05)
2026-03-14 00:45:24,589 | INFO | HierDPFL | Round 151/200 | Loss=7.4049 | EdgeAcc=0.1773
2026-03-14 00:45:25,313 | INFO | HierDPFL |   Global acc=0.1751 | Privacy ε≤2.565 (δ=1e-05)
2026-03-14 00:49:22,454 | INFO | HierDPFL | Round 152/200 | Loss=7.4400 | EdgeAcc=0.1751
2026-03-14 00:49:23,168 | INFO | HierDPFL |   Global acc=0.1771 | Privacy ε≤2.574 (δ=1e-05)
2026-03-14 00:53:19,913 | INFO | HierDPFL | Round 153/200 | Loss=7.3526 | EdgeAcc=0.1789
2026-03-14 00:53:20,627 | INFO | HierDPFL |   Global acc=0.1838 | Privacy ε≤2.583 (δ=1e-05)
2026-03-14 00:57:17,544 | INFO | HierDPFL | Round 154/200 | Loss=7.1748 | EdgeAcc=0.1768
2026-03-14 00:57:18,258 | INFO | HierDPFL |   Global acc=0.1792 | Privacy ε≤2.592 (δ=1e-05)
2026-03-14 01:01:15,350 | INFO | HierDPFL | Round 155/200 | Loss=7.2479 | EdgeAcc=0.1757
2026-03-14 01:01:16,060 | INFO | HierDPFL |   Global acc=0.1752 | Privacy ε≤2.601 (δ=1e-05)
2026-03-14 01:05:13,030 | INFO | HierDPFL | Round 156/200 | Loss=7.3835 | EdgeAcc=0.1816
2026-03-14 01:05:13,754 | INFO | HierDPFL |   Global acc=0.1791 | Privacy ε≤2.610 (δ=1e-05)
2026-03-14 01:09:10,359 | INFO | HierDPFL | Round 157/200 | Loss=7.5251 | EdgeAcc=0.1802
2026-03-14 01:09:11,079 | INFO | HierDPFL |   Global acc=0.1812 | Privacy ε≤2.619 (δ=1e-05)
2026-03-14 01:13:08,223 | INFO | HierDPFL | Round 158/200 | Loss=7.5384 | EdgeAcc=0.1781
2026-03-14 01:13:08,941 | INFO | HierDPFL |   Global acc=0.1770 | Privacy ε≤2.628 (δ=1e-05)
2026-03-14 01:17:05,522 | INFO | HierDPFL | Round 159/200 | Loss=7.3021 | EdgeAcc=0.1782
2026-03-14 01:17:06,239 | INFO | HierDPFL |   Global acc=0.1818 | Privacy ε≤2.637 (δ=1e-05)
2026-03-14 01:21:02,858 | INFO | HierDPFL | Round 160/200 | Loss=7.6367 | EdgeAcc=0.1792
2026-03-14 01:21:03,578 | INFO | HierDPFL |   Global acc=0.1842 | Privacy ε≤2.646 (δ=1e-05)
2026-03-14 01:24:59,923 | INFO | HierDPFL | Round 161/200 | Loss=7.6536 | EdgeAcc=0.1812
2026-03-14 01:25:00,637 | INFO | HierDPFL |   Global acc=0.1819 | Privacy ε≤2.655 (δ=1e-05)
2026-03-14 01:28:57,411 | INFO | HierDPFL | Round 162/200 | Loss=7.4426 | EdgeAcc=0.1812
2026-03-14 01:28:58,132 | INFO | HierDPFL |   Global acc=0.1812 | Privacy ε≤2.664 (δ=1e-05)
2026-03-14 01:32:54,782 | INFO | HierDPFL | Round 163/200 | Loss=7.4595 | EdgeAcc=0.1811
2026-03-14 01:32:55,501 | INFO | HierDPFL |   Global acc=0.1819 | Privacy ε≤2.673 (δ=1e-05)
2026-03-14 01:36:52,401 | INFO | HierDPFL | Round 164/200 | Loss=7.5652 | EdgeAcc=0.1763
2026-03-14 01:36:53,119 | INFO | HierDPFL |   Global acc=0.1810 | Privacy ε≤2.682 (δ=1e-05)
2026-03-14 01:40:50,046 | INFO | HierDPFL | Round 165/200 | Loss=7.3765 | EdgeAcc=0.1756
2026-03-14 01:40:50,764 | INFO | HierDPFL |   Global acc=0.1852 | Privacy ε≤2.691 (δ=1e-05)
2026-03-14 01:44:47,596 | INFO | HierDPFL | Round 166/200 | Loss=7.6354 | EdgeAcc=0.1749
2026-03-14 01:44:48,320 | INFO | HierDPFL |   Global acc=0.1803 | Privacy ε≤2.700 (δ=1e-05)
2026-03-14 01:48:44,896 | INFO | HierDPFL | Round 167/200 | Loss=7.6822 | EdgeAcc=0.1698
2026-03-14 01:48:45,617 | INFO | HierDPFL |   Global acc=0.1740 | Privacy ε≤2.709 (δ=1e-05)
2026-03-14 01:52:42,457 | INFO | HierDPFL | Round 168/200 | Loss=7.5850 | EdgeAcc=0.1807
2026-03-14 01:52:43,175 | INFO | HierDPFL |   Global acc=0.1852 | Privacy ε≤2.718 (δ=1e-05)
2026-03-14 01:56:39,895 | INFO | HierDPFL | Round 169/200 | Loss=7.6109 | EdgeAcc=0.1791
2026-03-14 01:56:40,611 | INFO | HierDPFL |   Global acc=0.1812 | Privacy ε≤2.727 (δ=1e-05)
2026-03-14 02:00:37,675 | INFO | HierDPFL | Round 170/200 | Loss=7.6700 | EdgeAcc=0.1737
2026-03-14 02:00:38,399 | INFO | HierDPFL |   Global acc=0.1763 | Privacy ε≤2.735 (δ=1e-05)
2026-03-14 02:04:35,169 | INFO | HierDPFL | Round 171/200 | Loss=7.9190 | EdgeAcc=0.1656
2026-03-14 02:04:35,888 | INFO | HierDPFL |   Global acc=0.1650 | Privacy ε≤2.744 (δ=1e-05)
2026-03-14 02:08:34,682 | INFO | HierDPFL | Round 172/200 | Loss=8.2596 | EdgeAcc=0.1734
2026-03-14 02:08:35,419 | INFO | HierDPFL |   Global acc=0.1725 | Privacy ε≤2.753 (δ=1e-05)
2026-03-14 02:12:36,045 | INFO | HierDPFL | Round 173/200 | Loss=7.9697 | EdgeAcc=0.1731
2026-03-14 02:12:36,778 | INFO | HierDPFL |   Global acc=0.1757 | Privacy ε≤2.762 (δ=1e-05)
2026-03-14 02:16:37,763 | INFO | HierDPFL | Round 174/200 | Loss=8.0107 | EdgeAcc=0.1701
2026-03-14 02:16:38,488 | INFO | HierDPFL |   Global acc=0.1767 | Privacy ε≤2.771 (δ=1e-05)
2026-03-14 02:20:40,899 | INFO | HierDPFL | Round 175/200 | Loss=8.6101 | EdgeAcc=0.1696
2026-03-14 02:20:41,639 | INFO | HierDPFL |   Global acc=0.1755 | Privacy ε≤2.780 (δ=1e-05)
2026-03-14 02:24:42,885 | INFO | HierDPFL | Round 176/200 | Loss=8.3902 | EdgeAcc=0.1698
2026-03-14 02:24:43,611 | INFO | HierDPFL |   Global acc=0.1775 | Privacy ε≤2.789 (δ=1e-05)
2026-03-14 02:28:44,934 | INFO | HierDPFL | Round 177/200 | Loss=8.3936 | EdgeAcc=0.1727
2026-03-14 02:28:45,672 | INFO | HierDPFL |   Global acc=0.1791 | Privacy ε≤2.798 (δ=1e-05)
2026-03-14 02:32:48,439 | INFO | HierDPFL | Round 178/200 | Loss=8.3908 | EdgeAcc=0.1715
2026-03-14 02:32:49,198 | INFO | HierDPFL |   Global acc=0.1790 | Privacy ε≤2.807 (δ=1e-05)
2026-03-14 02:36:46,947 | INFO | HierDPFL | Round 179/200 | Loss=8.3214 | EdgeAcc=0.1772
2026-03-14 02:36:47,661 | INFO | HierDPFL |   Global acc=0.1847 | Privacy ε≤2.816 (δ=1e-05)
2026-03-14 02:40:44,122 | INFO | HierDPFL | Round 180/200 | Loss=8.1427 | EdgeAcc=0.1789
2026-03-14 02:40:44,843 | INFO | HierDPFL |   Global acc=0.1844 | Privacy ε≤2.825 (δ=1e-05)
2026-03-14 02:44:41,796 | INFO | HierDPFL | Round 181/200 | Loss=8.4701 | EdgeAcc=0.1797
2026-03-14 02:44:42,520 | INFO | HierDPFL |   Global acc=0.1825 | Privacy ε≤2.834 (δ=1e-05)
2026-03-14 02:48:38,778 | INFO | HierDPFL | Round 182/200 | Loss=8.6400 | EdgeAcc=0.1790
2026-03-14 02:48:39,495 | INFO | HierDPFL |   Global acc=0.1824 | Privacy ε≤2.843 (δ=1e-05)
2026-03-14 02:52:39,249 | INFO | HierDPFL | Round 183/200 | Loss=8.6722 | EdgeAcc=0.1832
2026-03-14 02:52:39,978 | INFO | HierDPFL |   Global acc=0.1864 | Privacy ε≤2.852 (δ=1e-05)
2026-03-14 02:56:40,478 | INFO | HierDPFL | Round 184/200 | Loss=8.7300 | EdgeAcc=0.1729
2026-03-14 02:56:41,199 | INFO | HierDPFL |   Global acc=0.1773 | Privacy ε≤2.861 (δ=1e-05)
2026-03-14 03:00:41,679 | INFO | HierDPFL | Round 185/200 | Loss=9.3498 | EdgeAcc=0.1661
2026-03-14 03:00:42,408 | INFO | HierDPFL |   Global acc=0.1680 | Privacy ε≤2.870 (δ=1e-05)
2026-03-14 03:04:39,512 | INFO | HierDPFL | Round 186/200 | Loss=9.4309 | EdgeAcc=0.1630
2026-03-14 03:04:40,233 | INFO | HierDPFL |   Global acc=0.1665 | Privacy ε≤2.879 (δ=1e-05)
2026-03-14 03:08:36,786 | INFO | HierDPFL | Round 187/200 | Loss=9.3517 | EdgeAcc=0.1667
2026-03-14 03:08:37,535 | INFO | HierDPFL |   Global acc=0.1682 | Privacy ε≤2.888 (δ=1e-05)
2026-03-14 03:12:34,376 | INFO | HierDPFL | Round 188/200 | Loss=9.6320 | EdgeAcc=0.1625
2026-03-14 03:12:35,104 | INFO | HierDPFL |   Global acc=0.1592 | Privacy ε≤2.897 (δ=1e-05)
2026-03-14 03:16:31,281 | INFO | HierDPFL | Round 189/200 | Loss=9.2677 | EdgeAcc=0.1563
2026-03-14 03:16:32,003 | INFO | HierDPFL |   Global acc=0.1558 | Privacy ε≤2.906 (δ=1e-05)
2026-03-14 03:20:28,452 | INFO | HierDPFL | Round 190/200 | Loss=9.1814 | EdgeAcc=0.1600
2026-03-14 03:20:29,189 | INFO | HierDPFL |   Global acc=0.1629 | Privacy ε≤2.914 (δ=1e-05)
2026-03-14 03:24:25,454 | INFO | HierDPFL | Round 191/200 | Loss=8.9933 | EdgeAcc=0.1648
2026-03-14 03:24:26,171 | INFO | HierDPFL |   Global acc=0.1663 | Privacy ε≤2.923 (δ=1e-05)
2026-03-14 03:28:22,481 | INFO | HierDPFL | Round 192/200 | Loss=9.3674 | EdgeAcc=0.1656
2026-03-14 03:28:23,202 | INFO | HierDPFL |   Global acc=0.1687 | Privacy ε≤2.932 (δ=1e-05)
2026-03-14 03:32:19,449 | INFO | HierDPFL | Round 193/200 | Loss=9.3491 | EdgeAcc=0.1696
2026-03-14 03:32:20,163 | INFO | HierDPFL |   Global acc=0.1762 | Privacy ε≤2.941 (δ=1e-05)
2026-03-14 03:36:16,588 | INFO | HierDPFL | Round 194/200 | Loss=9.1392 | EdgeAcc=0.1754
2026-03-14 03:36:17,303 | INFO | HierDPFL |   Global acc=0.1803 | Privacy ε≤2.950 (δ=1e-05)
2026-03-14 03:40:13,568 | INFO | HierDPFL | Round 195/200 | Loss=9.0668 | EdgeAcc=0.1819
2026-03-14 03:40:14,293 | INFO | HierDPFL |   Global acc=0.1873 | Privacy ε≤2.959 (δ=1e-05)
2026-03-14 03:44:11,175 | INFO | HierDPFL | Round 196/200 | Loss=9.3527 | EdgeAcc=0.1777
2026-03-14 03:44:11,896 | INFO | HierDPFL |   Global acc=0.1863 | Privacy ε≤2.968 (δ=1e-05)
2026-03-14 03:48:08,638 | INFO | HierDPFL | Round 197/200 | Loss=9.2555 | EdgeAcc=0.1744
2026-03-14 03:48:09,359 | INFO | HierDPFL |   Global acc=0.1773 | Privacy ε≤2.976 (δ=1e-05)
2026-03-14 03:52:06,506 | INFO | HierDPFL | Round 198/200 | Loss=9.3570 | EdgeAcc=0.1750
2026-03-14 03:52:07,228 | INFO | HierDPFL |   Global acc=0.1808 | Privacy ε≤2.984 (δ=1e-05)
2026-03-14 03:56:05,053 | INFO | HierDPFL | Round 199/200 | Loss=9.2857 | EdgeAcc=0.1757
2026-03-14 03:56:05,772 | INFO | HierDPFL |   Global acc=0.1769 | Privacy ε≤2.992 (δ=1e-05)
2026-03-14 04:00:03,374 | INFO | HierDPFL | Round 200/200 | Loss=9.5386 | EdgeAcc=0.1719
2026-03-14 04:00:04,318 | INFO | HierDPFL |   Global acc=0.1742 | Privacy ε≤3.000 (δ=1e-05)
2026-03-14 04:00:04,326 | INFO | HierDPFL | 
============================================================
2026-03-14 04:00:04,326 | INFO | HierDPFL | Training complete.
2026-03-14 04:00:04,327 | INFO | HierDPFL | Final global accuracy: 0.1742
2026-03-14 04:00:04,332 | INFO | HierDPFL | Final worst-case privacy: ε=2.9999, δ=1e-05
2026-03-14 04:00:04,332 | INFO | HierDPFL | TensorBoard logs: runs/cifar10_cnn_complex_dpTrue_eps3.0_modeuniform_nc10_ne2
2026-03-14 04:00:04,332 | INFO | HierDPFL | ============================================================


=== [4/6] DP-SGD ε=10 epoch-wise cosine schedule ===
2026-03-14 04:00:16,356 | INFO | HierDPFL | Using GPU: PhysicalDevice(name='/physical_device:GPU:0', device_type='GPU')
2026-03-14 04:00:16,357 | INFO | HierDPFL | ── DPConfig ─────────────────────────────────────
  enabled          : True
  target_epsilon   : 10.0
  delta            : 1e-05
  noise_multiplier : auto-calibrate
  max_grad_norm    : 1.0
  adaptive_mode    : epoch_wise
  accountant_type  : rdp
─────────────────────────────────────────────────
2026-03-14 04:00:21,031 | INFO | datasets.cifar10 | Dataset: cifar10 | Clients: 10 | Partition: Shard | Avg samples/client: 5000
2026-03-14 04:00:21,037 | INFO | dp.accountant | Calibrated noise_multiplier=2.8472 for ε=10.0, δ=1e-05, steps=2000
2026-03-14 04:00:21,037 | INFO | HierDPFL | Auto-calibrated noise_multiplier = 2.8472
2026-03-14 04:00:21,056 | INFO | HierDPFL | DP Allocator: CosineAnnealNoiseAllocator(σ_init=2.8471527194976805 → σ_final=0.0, T=200, cycles=1)
2026-03-14 04:00:21,056 | INFO | HierDPFL | Initialising clients…
2026-03-14 04:00:23,771 | INFO | HierDPFL | Starting HierDP-FL | Dataset=cifar10 | Model=cnn_complex | Clients=10 | Edges=2 | Rounds=200 | τ₁=5 τ₂=2 | DP=True
2026-03-14 04:00:27,248 | WARNING | tensorflow | 5 out of the last 5 calls to <function _BaseOptimizer._update_step_xla at 0x153646468400> triggered tf.function retracing. Tracing is expensive and the excessive number of tracings could be due to (1) creating @tf.function repeatedly in a loop, (2) passing tensors with different shapes, (3) passing Python objects instead of tensors. For (1), please define your @tf.function outside of the loop. For (2), @tf.function has reduce_retracing=True option that can avoid unnecessary retracing. For (3), please refer to https://www.tensorflow.org/guide/function#controlling_retracing and https://www.tensorflow.org/api_docs/python/tf/function for  more details.
2026-03-14 04:00:27,276 | WARNING | tensorflow | 6 out of the last 6 calls to <function _BaseOptimizer._update_step_xla at 0x153646468400> triggered tf.function retracing. Tracing is expensive and the excessive number of tracings could be due to (1) creating @tf.function repeatedly in a loop, (2) passing tensors with different shapes, (3) passing Python objects instead of tensors. For (1), please define your @tf.function outside of the loop. For (2), @tf.function has reduce_retracing=True option that can avoid unnecessary retracing. For (3), please refer to https://www.tensorflow.org/guide/function#controlling_retracing and https://www.tensorflow.org/api_docs/python/tf/function for  more details.
2026-03-14 04:04:33,213 | INFO | HierDPFL | Round 1/200 | Loss=2.4533 | EdgeAcc=0.1250
2026-03-14 04:04:33,998 | INFO | HierDPFL |   Global acc=0.1124 | Privacy ε≤0.703 (δ=1e-05)
2026-03-14 04:08:39,189 | INFO | HierDPFL | Round 2/200 | Loss=1.5896 | EdgeAcc=0.1552
2026-03-14 04:08:39,931 | INFO | HierDPFL |   Global acc=0.1515 | Privacy ε≤0.944 (δ=1e-05)
2026-03-14 04:12:44,622 | INFO | HierDPFL | Round 3/200 | Loss=1.4549 | EdgeAcc=0.1634
2026-03-14 04:12:45,362 | INFO | HierDPFL |   Global acc=0.1757 | Privacy ε≤1.131 (δ=1e-05)
2026-03-14 04:16:50,774 | INFO | HierDPFL | Round 4/200 | Loss=1.4213 | EdgeAcc=0.1705
2026-03-14 04:16:51,519 | INFO | HierDPFL |   Global acc=0.1840 | Privacy ε≤1.291 (δ=1e-05)
2026-03-14 04:20:56,511 | INFO | HierDPFL | Round 5/200 | Loss=1.4870 | EdgeAcc=0.1746
2026-03-14 04:20:57,252 | INFO | HierDPFL |   Global acc=0.1902 | Privacy ε≤1.432 (δ=1e-05)
2026-03-14 04:25:02,385 | INFO | HierDPFL | Round 6/200 | Loss=1.4556 | EdgeAcc=0.1790
2026-03-14 04:25:03,129 | INFO | HierDPFL |   Global acc=0.2086 | Privacy ε≤1.560 (δ=1e-05)
2026-03-14 04:29:09,032 | INFO | HierDPFL | Round 7/200 | Loss=1.4317 | EdgeAcc=0.1853
2026-03-14 04:29:09,782 | INFO | HierDPFL |   Global acc=0.2202 | Privacy ε≤1.683 (δ=1e-05)
2026-03-14 04:33:15,372 | INFO | HierDPFL | Round 8/200 | Loss=1.4298 | EdgeAcc=0.1941
2026-03-14 04:33:16,147 | INFO | HierDPFL |   Global acc=0.2208 | Privacy ε≤1.794 (δ=1e-05)
2026-03-14 04:37:21,541 | INFO | HierDPFL | Round 9/200 | Loss=1.4552 | EdgeAcc=0.1945
2026-03-14 04:37:22,278 | INFO | HierDPFL |   Global acc=0.2236 | Privacy ε≤1.906 (δ=1e-05)
2026-03-14 04:41:26,944 | INFO | HierDPFL | Round 10/200 | Loss=1.4119 | EdgeAcc=0.1891
2026-03-14 04:41:27,682 | INFO | HierDPFL |   Global acc=0.2176 | Privacy ε≤2.005 (δ=1e-05)
2026-03-14 04:45:32,429 | INFO | HierDPFL | Round 11/200 | Loss=1.4284 | EdgeAcc=0.1966
2026-03-14 04:45:33,180 | INFO | HierDPFL |   Global acc=0.2281 | Privacy ε≤2.104 (δ=1e-05)
2026-03-14 04:49:38,393 | INFO | HierDPFL | Round 12/200 | Loss=1.4443 | EdgeAcc=0.2059
2026-03-14 04:49:39,165 | INFO | HierDPFL |   Global acc=0.2402 | Privacy ε≤2.204 (δ=1e-05)
2026-03-14 04:53:44,948 | INFO | HierDPFL | Round 13/200 | Loss=1.4282 | EdgeAcc=0.2049
2026-03-14 04:53:45,689 | INFO | HierDPFL |   Global acc=0.2506 | Privacy ε≤2.295 (δ=1e-05)
2026-03-14 04:57:46,823 | INFO | HierDPFL | Round 14/200 | Loss=1.4366 | EdgeAcc=0.2022
2026-03-14 04:57:47,546 | INFO | HierDPFL |   Global acc=0.2495 | Privacy ε≤2.383 (δ=1e-05)
2026-03-14 05:01:47,573 | INFO | HierDPFL | Round 15/200 | Loss=1.4059 | EdgeAcc=0.2147
2026-03-14 05:01:48,302 | INFO | HierDPFL |   Global acc=0.2518 | Privacy ε≤2.472 (δ=1e-05)
2026-03-14 05:05:48,224 | INFO | HierDPFL | Round 16/200 | Loss=1.4938 | EdgeAcc=0.2056
2026-03-14 05:05:48,987 | INFO | HierDPFL |   Global acc=0.2546 | Privacy ε≤2.562 (δ=1e-05)
2026-03-14 05:09:48,777 | INFO | HierDPFL | Round 17/200 | Loss=1.4739 | EdgeAcc=0.2127
2026-03-14 05:09:49,507 | INFO | HierDPFL |   Global acc=0.2577 | Privacy ε≤2.653 (δ=1e-05)
2026-03-14 05:13:48,614 | INFO | HierDPFL | Round 18/200 | Loss=1.5623 | EdgeAcc=0.2115
2026-03-14 05:13:49,360 | INFO | HierDPFL |   Global acc=0.2610 | Privacy ε≤2.736 (δ=1e-05)
2026-03-14 05:17:48,161 | INFO | HierDPFL | Round 19/200 | Loss=1.5726 | EdgeAcc=0.2109
2026-03-14 05:17:48,885 | INFO | HierDPFL |   Global acc=0.2508 | Privacy ε≤2.815 (δ=1e-05)
2026-03-14 05:21:47,402 | INFO | HierDPFL | Round 20/200 | Loss=1.5033 | EdgeAcc=0.2040
2026-03-14 05:21:48,158 | INFO | HierDPFL |   Global acc=0.2455 | Privacy ε≤2.896 (δ=1e-05)
2026-03-14 05:25:46,562 | INFO | HierDPFL | Round 21/200 | Loss=1.4681 | EdgeAcc=0.2147
2026-03-14 05:25:47,294 | INFO | HierDPFL |   Global acc=0.2567 | Privacy ε≤2.978 (δ=1e-05)
2026-03-14 05:29:45,359 | INFO | HierDPFL | Round 22/200 | Loss=1.5107 | EdgeAcc=0.2238
2026-03-14 05:29:46,083 | INFO | HierDPFL |   Global acc=0.2637 | Privacy ε≤3.061 (δ=1e-05)
2026-03-14 05:33:44,837 | INFO | HierDPFL | Round 23/200 | Loss=1.5014 | EdgeAcc=0.2213
2026-03-14 05:33:45,575 | INFO | HierDPFL |   Global acc=0.2662 | Privacy ε≤3.146 (δ=1e-05)
2026-03-14 05:37:44,764 | INFO | HierDPFL | Round 24/200 | Loss=1.5209 | EdgeAcc=0.2187
2026-03-14 05:37:45,494 | INFO | HierDPFL |   Global acc=0.2772 | Privacy ε≤3.233 (δ=1e-05)
2026-03-14 05:41:44,994 | INFO | HierDPFL | Round 25/200 | Loss=1.4908 | EdgeAcc=0.2205
2026-03-14 05:41:45,717 | INFO | HierDPFL |   Global acc=0.2767 | Privacy ε≤3.319 (δ=1e-05)
2026-03-14 05:45:44,975 | INFO | HierDPFL | Round 26/200 | Loss=1.4490 | EdgeAcc=0.2230
2026-03-14 05:45:45,718 | INFO | HierDPFL |   Global acc=0.2755 | Privacy ε≤3.393 (δ=1e-05)
2026-03-14 05:49:45,065 | INFO | HierDPFL | Round 27/200 | Loss=1.5728 | EdgeAcc=0.2147
2026-03-14 05:49:45,801 | INFO | HierDPFL |   Global acc=0.2797 | Privacy ε≤3.469 (δ=1e-05)
2026-03-14 05:53:43,463 | INFO | HierDPFL | Round 28/200 | Loss=1.4906 | EdgeAcc=0.2165
2026-03-14 05:53:44,189 | INFO | HierDPFL |   Global acc=0.2556 | Privacy ε≤3.547 (δ=1e-05)
2026-03-14 05:57:41,829 | INFO | HierDPFL | Round 29/200 | Loss=1.4788 | EdgeAcc=0.2278
2026-03-14 05:57:42,578 | INFO | HierDPFL |   Global acc=0.2649 | Privacy ε≤3.626 (δ=1e-05)
2026-03-14 06:01:40,227 | INFO | HierDPFL | Round 30/200 | Loss=1.5280 | EdgeAcc=0.2255
2026-03-14 06:01:40,944 | INFO | HierDPFL |   Global acc=0.2784 | Privacy ε≤3.707 (δ=1e-05)
2026-03-14 06:05:38,413 | INFO | HierDPFL | Round 31/200 | Loss=1.5075 | EdgeAcc=0.2203
2026-03-14 06:05:39,137 | INFO | HierDPFL |   Global acc=0.2805 | Privacy ε≤3.790 (δ=1e-05)
2026-03-14 06:09:36,928 | INFO | HierDPFL | Round 32/200 | Loss=1.5715 | EdgeAcc=0.2218
2026-03-14 06:09:37,652 | INFO | HierDPFL |   Global acc=0.2841 | Privacy ε≤3.875 (δ=1e-05)
2026-03-14 06:13:35,325 | INFO | HierDPFL | Round 33/200 | Loss=1.4979 | EdgeAcc=0.2313
2026-03-14 06:13:36,046 | INFO | HierDPFL |   Global acc=0.2843 | Privacy ε≤3.962 (δ=1e-05)
2026-03-14 06:17:33,901 | INFO | HierDPFL | Round 34/200 | Loss=1.5442 | EdgeAcc=0.2256
2026-03-14 06:17:34,623 | INFO | HierDPFL |   Global acc=0.2918 | Privacy ε≤4.052 (δ=1e-05)
2026-03-14 06:21:32,642 | INFO | HierDPFL | Round 35/200 | Loss=1.5443 | EdgeAcc=0.2314
2026-03-14 06:21:33,363 | INFO | HierDPFL |   Global acc=0.2903 | Privacy ε≤4.144 (δ=1e-05)
2026-03-14 06:25:31,147 | INFO | HierDPFL | Round 36/200 | Loss=1.5515 | EdgeAcc=0.2329
2026-03-14 06:25:31,888 | INFO | HierDPFL |   Global acc=0.2922 | Privacy ε≤4.238 (δ=1e-05)
2026-03-14 06:29:29,445 | INFO | HierDPFL | Round 37/200 | Loss=1.4952 | EdgeAcc=0.2328
2026-03-14 06:29:30,162 | INFO | HierDPFL |   Global acc=0.2950 | Privacy ε≤4.317 (δ=1e-05)
